Command line invocation:
    /Users/aaronkeen/Downloads/Xcode.app/Contents/Developer/usr/bin/xcodebuild -project NutraSafeBeta.xcodeproj -scheme "NutraSafe Beta" -destination "platform=iOS Simulator,name=iPhone 16 Pro,OS=18.0" build

Resolve Package Graph


Resolved source packages:
  GoogleAppMeasurement: https://github.com/google/GoogleAppMeasurement.git @ 12.4.0
  leveldb: https://github.com/firebase/leveldb.git @ 1.22.5
  SwiftProtobuf: https://github.com/apple/swift-protobuf.git @ 1.32.0
  GoogleDataTransport: https://github.com/google/GoogleDataTransport.git @ 10.1.0
  Firebase: https://github.com/firebase/firebase-ios-sdk @ 12.4.0
  AppCheck: https://github.com/google/app-check.git @ 11.2.0
  abseil: https://github.com/google/abseil-cpp-binary.git @ 1.2024072200.0
  nanopb: https://github.com/firebase/nanopb.git @ 2.30910.0
  GTMSessionFetcher: https://github.com/google/gtm-session-fetcher.git @ 5.0.0
  InteropForGoogle: https://github.com/google/interop-ios-for-google-sdks.git @ 101.0.0
  GoogleAdsOnDeviceConversion: https://github.com/googleads/google-ads-on-device-conversion-ios-sdk @ 3.1.0
  GoogleUtilities: https://github.com/google/GoogleUtilities.git @ 8.1.0
  gRPC: https://github.com/google/grpc-binary.git @ 1.69.1
  Promises: https://github.com/google/promises.git @ 2.4.0

2025-10-27 18:11:55.314 xcodebuild[97369:1282940] Writing error result bundle to /var/folders/wq/2n5mcsxd3_7bh0trw1tyvtym0000gn/T/ResultBundle_2025-27-10_18-11-0055.xcresult
xcodebuild: error: Unable to find a device matching the provided destination specifier:
		{ platform:iOS Simulator, OS:18.0, name:iPhone 16 Pro }

	The requested device could not be found because no available devices matched the request.

	Available destinations for the "NutraSafe Beta" scheme:
		{ platform:macOS, arch:arm64, variant:Designed for [iPad,iPhone], id:00006040-001848D43A28801C, name:My Mac }
		{ platform:iOS, id:dvtdevice-DVTiPhonePlaceholder-iphoneos:placeholder, name:Any iOS Device }
		{ platform:iOS Simulator, id:dvtdevice-DVTiOSDeviceSimulatorPlaceholder-iphonesimulator:placeholder, name:Any iOS Simulator Device }
		{ platform:iOS Simulator, arch:arm64, id:8499D5F3-C608-46EB-957F-467A1D81370E, OS:18.6, name:iPad (A16) }
		{ platform:iOS Simulator, arch:x86_64, id:8499D5F3-C608-46EB-957F-467A1D81370E, OS:18.6, name:iPad (A16) }
		{ platform:iOS Simulator, arch:arm64, id:98C57452-FF1F-4575-9E54-CCB73EC01C55, OS:26.0, name:iPad (A16) }
		{ platform:iOS Simulator, arch:arm64, id:DE45992E-E335-4420-8764-195BB2A2C7DC, OS:18.6, name:iPad Air 11-inch (M3) }
		{ platform:iOS Simulator, arch:x86_64, id:DE45992E-E335-4420-8764-195BB2A2C7DC, OS:18.6, name:iPad Air 11-inch (M3) }
		{ platform:iOS Simulator, arch:arm64, id:CA372861-3C8E-4BCD-AB8D-7B4D8C0D256A, OS:26.0, name:iPad Air 11-inch (M3) }
		{ platform:iOS Simulator, arch:arm64, id:F4363309-07F1-4705-B1B3-8F06A3C423D5, OS:18.6, name:iPad Air 13-inch (M3) }
		{ platform:iOS Simulator, arch:x86_64, id:F4363309-07F1-4705-B1B3-8F06A3C423D5, OS:18.6, name:iPad Air 13-inch (M3) }
		{ platform:iOS Simulator, arch:arm64, id:945A9EEF-62DB-48A4-B822-1265276E52A6, OS:26.0, name:iPad Air 13-inch (M3) }
		{ platform:iOS Simulator, arch:arm64, id:4B36C452-B1BA-462F-8215-F6FFDB1CD81A, OS:18.6, name:iPad Pro 11-inch (M4) }
		{ platform:iOS Simulator, arch:x86_64, id:4B36C452-B1BA-462F-8215-F6FFDB1CD81A, OS:18.6, name:iPad Pro 11-inch (M4) }
		{ platform:iOS Simulator, arch:arm64, id:A5A9A743-D05E-4266-982B-7977E4697C52, OS:26.0, name:iPad Pro 11-inch (M4) }
		{ platform:iOS Simulator, arch:arm64, id:2902831A-6161-425A-85E8-EC788AA89E66, OS:18.6, name:iPad Pro 13-inch (M4) }
		{ platform:iOS Simulator, arch:x86_64, id:2902831A-6161-425A-85E8-EC788AA89E66, OS:18.6, name:iPad Pro 13-inch (M4) }
		{ platform:iOS Simulator, arch:arm64, id:62E2CCED-D7A7-47E5-B5EB-3FFCC0E97206, OS:26.0, name:iPad Pro 13-inch (M4) }
		{ platform:iOS Simulator, arch:arm64, id:970D2395-855D-44B7-953E-63B403DE6D82, OS:18.6, name:iPad mini (A17 Pro) }
		{ platform:iOS Simulator, arch:x86_64, id:970D2395-855D-44B7-953E-63B403DE6D82, OS:18.6, name:iPad mini (A17 Pro) }
		{ platform:iOS Simulator, arch:arm64, id:3F56DE6D-868D-4C7A-90D3-597A93314828, OS:26.0, name:iPad mini (A17 Pro) }
		{ platform:iOS Simulator, arch:arm64, id:E5036205-3BE9-41A8-A582-4AEBFACE21FE, OS:26.0, name:iPhone 11 Pro Max }
		{ platform:iOS Simulator, arch:arm64, id:14F9D665-6F61-4C66-80AA-ED15029CE2F9, OS:18.6, name:iPhone 16 }
		{ platform:iOS Simulator, arch:x86_64, id:14F9D665-6F61-4C66-80AA-ED15029CE2F9, OS:18.6, name:iPhone 16 }
		{ platform:iOS Simulator, arch:arm64, id:B5E7317A-7292-41E6-8A8D-B6A1B801277A, OS:18.6, name:iPhone 16 Plus }
		{ platform:iOS Simulator, arch:x86_64, id:B5E7317A-7292-41E6-8A8D-B6A1B801277A, OS:18.6, name:iPhone 16 Plus }
		{ platform:iOS Simulator, arch:arm64, id:DC08361A-F1E5-4121-856F-E8BD8894C7E6, OS:18.6, name:iPhone 16 Pro }
		{ platform:iOS Simulator, arch:x86_64, id:DC08361A-F1E5-4121-856F-E8BD8894C7E6, OS:18.6, name:iPhone 16 Pro }
		{ platform:iOS Simulator, arch:arm64, id:E9933EDB-6903-43D1-89B9-1891C4190A30, OS:18.6, name:iPhone 16 Pro Max }
		{ platform:iOS Simulator, arch:x86_64, id:E9933EDB-6903-43D1-89B9-1891C4190A30, OS:18.6, name:iPhone 16 Pro Max }
		{ platform:iOS Simulator, arch:arm64, id:2EF496B3-4D48-4BD8-8D81-85EA2138EC79, OS:18.6, name:iPhone 16e }
		{ platform:iOS Simulator, arch:x86_64, id:2EF496B3-4D48-4BD8-8D81-85EA2138EC79, OS:18.6, name:iPhone 16e }
		{ platform:iOS Simulator, arch:arm64, id:0642A512-9A2F-4D57-992F-A6690CA035F3, OS:26.0, name:iPhone 16e }
		{ platform:iOS Simulator, arch:arm64, id:14D9CAC4-9A9C-47D6-9128-40B50390A8C4, OS:26.0, name:iPhone 17 }
		{ platform:iOS Simulator, arch:arm64, id:1E404728-34B2-492B-9C53-030BE8E5B7A0, OS:26.0, name:iPhone 17 Pro }
		{ platform:iOS Simulator, arch:arm64, id:73E2B55F-7475-41FE-8BB5-EB11EF594E75, OS:26.0, name:iPhone 17 Pro Max }
		{ platform:iOS Simulator, arch:arm64, id:722AB52E-D1BF-4D0D-BF22-F28AF48A5AAC, OS:26.0, name:iPhone Air }
