Command line invocation:
    /Applications/Xcode.app/Contents/Developer/usr/bin/xcodebuild build -project NutraSafeBeta.xcodeproj -scheme "NutraSafe Beta" -destination "platform=iOS Simulator,name=iPhone 16 Pro"

Resolve Package Graph


Resolved source packages:
  GoogleAppMeasurement: https://github.com/google/GoogleAppMeasurement.git @ 12.2.0
  Promises: https://github.com/google/promises.git @ 2.4.0
  GoogleUtilities: https://github.com/google/GoogleUtilities.git @ 8.1.0
  leveldb: https://github.com/firebase/leveldb.git @ 1.22.5
  GoogleDataTransport: https://github.com/google/GoogleDataTransport.git @ 10.1.0
  gRPC: https://github.com/google/grpc-binary.git @ 1.69.1
  Firebase: https://github.com/firebase/firebase-ios-sdk @ 12.2.0
  abseil: https://github.com/google/abseil-cpp-binary.git @ 1.2024072200.0
  GoogleAdsOnDeviceConversion: https://github.com/googleads/google-ads-on-device-conversion-ios-sdk @ 2.3.0
  AppCheck: https://github.com/google/app-check.git @ 11.2.0
  GTMSessionFetcher: https://github.com/google/gtm-session-fetcher.git @ 5.0.0
  SwiftProtobuf: https://github.com/apple/swift-protobuf.git @ 1.31.0
  InteropForGoogle: https://github.com/google/interop-ios-for-google-sdks.git @ 101.0.0
  nanopb: https://github.com/firebase/nanopb.git @ 2.30910.0

--- xcodebuild: WARNING: Using the first of multiple matching destinations:
{ platform:iOS Simulator, arch:arm64, id:DC08361A-F1E5-4121-856F-E8BD8894C7E6, OS:18.6, name:iPhone 16 Pro }
{ platform:iOS Simulator, arch:x86_64, id:DC08361A-F1E5-4121-856F-E8BD8894C7E6, OS:18.6, name:iPhone 16 Pro }
ComputePackagePrebuildTargetDependencyGraph

Prepare packages

CreateBuildRequest

SendProjectDescription

CreateBuildOperation

ComputeTargetDependencyGraph
note: Building targets in dependency order
note: Target dependency graph (59 targets)
    Target 'NutraSafe Beta' in project 'NutraSafeBeta'
        ➜ Explicit dependency on target 'FirebaseCore' in project 'Firebase'
        ➜ Explicit dependency on target 'FirebaseAuth' in project 'Firebase'
        ➜ Explicit dependency on target 'FirebaseFirestore' in project 'Firebase'
    Target 'FirebaseFirestore' in project 'Firebase'
        ➜ Explicit dependency on target 'FirebaseFirestoreTarget' in project 'Firebase'
        ➜ Explicit dependency on target 'FirebaseFirestoreInternalWrapper' in project 'Firebase'
        ➜ Explicit dependency on target 'FirebaseAppCheckInterop' in project 'Firebase'
        ➜ Explicit dependency on target 'Firebase' in project 'Firebase'
        ➜ Explicit dependency on target 'FirebaseCoreInternal' in project 'Firebase'
        ➜ Explicit dependency on target 'FirebaseCore' in project 'Firebase'
        ➜ Explicit dependency on target 'FirebaseCoreExtension' in project 'Firebase'
        ➜ Explicit dependency on target 'FirebaseSharedSwift' in project 'Firebase'
        ➜ Explicit dependency on target 'FirebaseFirestore' in project 'Firebase'
        ➜ Explicit dependency on target 'GULNSData' in project 'GoogleUtilities'
        ➜ Explicit dependency on target 'GULEnvironment' in project 'GoogleUtilities'
        ➜ Explicit dependency on target 'GULLogger' in project 'GoogleUtilities'
        ➜ Explicit dependency on target 'abseil' in project 'abseil'
        ➜ Explicit dependency on target 'gRPC-C++' in project 'gRPC'
        ➜ Explicit dependency on target 'nanopb' in project 'nanopb'
        ➜ Explicit dependency on target 'leveldb' in project 'leveldb'
    Target 'FirebaseFirestoreTarget' in project 'Firebase'
        ➜ Explicit dependency on target 'FirebaseFirestoreInternalWrapper' in project 'Firebase'
        ➜ Explicit dependency on target 'FirebaseAppCheckInterop' in project 'Firebase'
        ➜ Explicit dependency on target 'Firebase' in project 'Firebase'
        ➜ Explicit dependency on target 'FirebaseCoreInternal' in project 'Firebase'
        ➜ Explicit dependency on target 'FirebaseCore' in project 'Firebase'
        ➜ Explicit dependency on target 'FirebaseCoreExtension' in project 'Firebase'
        ➜ Explicit dependency on target 'FirebaseSharedSwift' in project 'Firebase'
        ➜ Explicit dependency on target 'FirebaseFirestore' in project 'Firebase'
        ➜ Explicit dependency on target 'GULNSData' in project 'GoogleUtilities'
        ➜ Explicit dependency on target 'GULEnvironment' in project 'GoogleUtilities'
        ➜ Explicit dependency on target 'GULLogger' in project 'GoogleUtilities'
        ➜ Explicit dependency on target 'abseil' in project 'abseil'
        ➜ Explicit dependency on target 'gRPC-C++' in project 'gRPC'
        ➜ Explicit dependency on target 'nanopb' in project 'nanopb'
        ➜ Explicit dependency on target 'leveldb' in project 'leveldb'
    Target 'FirebaseFirestore' in project 'Firebase'
        ➜ Explicit dependency on target 'Firebase_FirebaseFirestore' in project 'Firebase'
        ➜ Explicit dependency on target 'FirebaseFirestoreInternalWrapper' in project 'Firebase'
        ➜ Explicit dependency on target 'FirebaseAppCheckInterop' in project 'Firebase'
        ➜ Explicit dependency on target 'Firebase' in project 'Firebase'
        ➜ Explicit dependency on target 'FirebaseCoreInternal' in project 'Firebase'
        ➜ Explicit dependency on target 'FirebaseCore' in project 'Firebase'
        ➜ Explicit dependency on target 'FirebaseCoreExtension' in project 'Firebase'
        ➜ Explicit dependency on target 'FirebaseSharedSwift' in project 'Firebase'
        ➜ Explicit dependency on target 'GULNSData' in project 'GoogleUtilities'
        ➜ Explicit dependency on target 'GULEnvironment' in project 'GoogleUtilities'
        ➜ Explicit dependency on target 'GULLogger' in project 'GoogleUtilities'
        ➜ Explicit dependency on target 'abseil' in project 'abseil'
        ➜ Explicit dependency on target 'gRPC-C++' in project 'gRPC'
        ➜ Explicit dependency on target 'nanopb' in project 'nanopb'
        ➜ Explicit dependency on target 'leveldb' in project 'leveldb'
    Target 'leveldb' in project 'leveldb'
        ➜ Explicit dependency on target 'leveldb' in project 'leveldb'
        ➜ Explicit dependency on target 'leveldb_leveldb' in project 'leveldb'
    Target 'leveldb' in project 'leveldb'
        ➜ Explicit dependency on target 'leveldb_leveldb' in project 'leveldb'
    Target 'leveldb_leveldb' in project 'leveldb' (no dependencies)
    Target 'nanopb' in project 'nanopb'
        ➜ Explicit dependency on target 'nanopb' in project 'nanopb'
        ➜ Explicit dependency on target 'nanopb_nanopb' in project 'nanopb'
    Target 'nanopb' in project 'nanopb'
        ➜ Explicit dependency on target 'nanopb_nanopb' in project 'nanopb'
    Target 'nanopb_nanopb' in project 'nanopb' (no dependencies)
    Target 'gRPC-C++' in project 'gRPC'
        ➜ Explicit dependency on target 'grpcppWrapper' in project 'gRPC'
        ➜ Explicit dependency on target 'gRPC_grpcppWrapper' in project 'gRPC'
        ➜ Explicit dependency on target 'grpcWrapper' in project 'gRPC'
        ➜ Explicit dependency on target 'opensslWrapper' in project 'gRPC'
        ➜ Explicit dependency on target 'abseil' in project 'abseil'
    Target 'grpcppWrapper' in project 'gRPC'
        ➜ Explicit dependency on target 'gRPC_grpcppWrapper' in project 'gRPC'
        ➜ Explicit dependency on target 'grpcWrapper' in project 'gRPC'
        ➜ Explicit dependency on target 'opensslWrapper' in project 'gRPC'
        ➜ Explicit dependency on target 'abseil' in project 'abseil'
    Target 'opensslWrapper' in project 'gRPC'
        ➜ Explicit dependency on target 'gRPC_opensslWrapper' in project 'gRPC'
    Target 'gRPC_opensslWrapper' in project 'gRPC' (no dependencies)
    Target 'grpcWrapper' in project 'gRPC'
        ➜ Explicit dependency on target 'gRPC_grpcWrapper' in project 'gRPC'
    Target 'gRPC_grpcWrapper' in project 'gRPC' (no dependencies)
    Target 'gRPC_grpcppWrapper' in project 'gRPC' (no dependencies)
    Target 'abseil' in project 'abseil'
        ➜ Explicit dependency on target 'abslWrapper' in project 'abseil'
        ➜ Explicit dependency on target 'abseil_abslWrapper' in project 'abseil'
    Target 'abslWrapper' in project 'abseil'
        ➜ Explicit dependency on target 'abseil_abslWrapper' in project 'abseil'
    Target 'abseil_abslWrapper' in project 'abseil' (no dependencies)
    Target 'Firebase_FirebaseFirestore' in project 'Firebase' (no dependencies)
    Target 'FirebaseSharedSwift' in project 'Firebase' (no dependencies)
    Target 'FirebaseFirestoreInternalWrapper' in project 'Firebase' (no dependencies)
    Target 'FirebaseAuth' in project 'Firebase'
        ➜ Explicit dependency on target 'FirebaseAuth' in project 'Firebase'
        ➜ Explicit dependency on target 'Firebase_FirebaseAuth' in project 'Firebase'
        ➜ Explicit dependency on target 'FirebaseAppCheckInterop' in project 'Firebase'
        ➜ Explicit dependency on target 'FirebaseAuthInterop' in project 'Firebase'
        ➜ Explicit dependency on target 'FirebaseAuthInternal' in project 'Firebase'
        ➜ Explicit dependency on target 'Firebase' in project 'Firebase'
        ➜ Explicit dependency on target 'FirebaseCoreInternal' in project 'Firebase'
        ➜ Explicit dependency on target 'FirebaseCore' in project 'Firebase'
        ➜ Explicit dependency on target 'FirebaseCoreExtension' in project 'Firebase'
        ➜ Explicit dependency on target 'RecaptchaInterop' in project 'InteropForGoogle'
        ➜ Explicit dependency on target 'GULNSData' in project 'GoogleUtilities'
        ➜ Explicit dependency on target 'GULEnvironment' in project 'GoogleUtilities'
        ➜ Explicit dependency on target 'GULLogger' in project 'GoogleUtilities'
        ➜ Explicit dependency on target 'GULAppDelegateSwizzler' in project 'GoogleUtilities'
        ➜ Explicit dependency on target 'GTMSessionFetcherCore' in project 'GTMSessionFetcher'
    Target 'FirebaseAuth' in project 'Firebase'
        ➜ Explicit dependency on target 'Firebase_FirebaseAuth' in project 'Firebase'
        ➜ Explicit dependency on target 'FirebaseAppCheckInterop' in project 'Firebase'
        ➜ Explicit dependency on target 'FirebaseAuthInterop' in project 'Firebase'
        ➜ Explicit dependency on target 'FirebaseAuthInternal' in project 'Firebase'
        ➜ Explicit dependency on target 'Firebase' in project 'Firebase'
        ➜ Explicit dependency on target 'FirebaseCoreInternal' in project 'Firebase'
        ➜ Explicit dependency on target 'FirebaseCore' in project 'Firebase'
        ➜ Explicit dependency on target 'FirebaseCoreExtension' in project 'Firebase'
        ➜ Explicit dependency on target 'RecaptchaInterop' in project 'InteropForGoogle'
        ➜ Explicit dependency on target 'GULNSData' in project 'GoogleUtilities'
        ➜ Explicit dependency on target 'GULEnvironment' in project 'GoogleUtilities'
        ➜ Explicit dependency on target 'GULLogger' in project 'GoogleUtilities'
        ➜ Explicit dependency on target 'GULAppDelegateSwizzler' in project 'GoogleUtilities'
        ➜ Explicit dependency on target 'GTMSessionFetcherCore' in project 'GTMSessionFetcher'
    Target 'GTMSessionFetcherCore' in project 'GTMSessionFetcher'
        ➜ Explicit dependency on target 'GTMSessionFetcherCore' in project 'GTMSessionFetcher'
        ➜ Explicit dependency on target 'GTMSessionFetcher_GTMSessionFetcherCore' in project 'GTMSessionFetcher'
    Target 'GTMSessionFetcherCore' in project 'GTMSessionFetcher'
        ➜ Explicit dependency on target 'GTMSessionFetcher_GTMSessionFetcherCore' in project 'GTMSessionFetcher'
    Target 'GTMSessionFetcher_GTMSessionFetcherCore' in project 'GTMSessionFetcher' (no dependencies)
    Target 'GULAppDelegateSwizzler' in project 'GoogleUtilities'
        ➜ Explicit dependency on target 'GoogleUtilities-AppDelegateSwizzler' in project 'GoogleUtilities'
        ➜ Explicit dependency on target 'GoogleUtilities_GoogleUtilities-AppDelegateSwizzler' in project 'GoogleUtilities'
        ➜ Explicit dependency on target 'third-party-IsAppEncrypted' in project 'GoogleUtilities'
        ➜ Explicit dependency on target 'GoogleUtilities-Environment' in project 'GoogleUtilities'
        ➜ Explicit dependency on target 'GoogleUtilities-Logger' in project 'GoogleUtilities'
        ➜ Explicit dependency on target 'GoogleUtilities-NSData' in project 'GoogleUtilities'
        ➜ Explicit dependency on target 'GoogleUtilities-Reachability' in project 'GoogleUtilities'
        ➜ Explicit dependency on target 'GoogleUtilities-Network' in project 'GoogleUtilities'
    Target 'GoogleUtilities-AppDelegateSwizzler' in project 'GoogleUtilities'
        ➜ Explicit dependency on target 'GoogleUtilities_GoogleUtilities-AppDelegateSwizzler' in project 'GoogleUtilities'
        ➜ Explicit dependency on target 'third-party-IsAppEncrypted' in project 'GoogleUtilities'
        ➜ Explicit dependency on target 'GoogleUtilities-Environment' in project 'GoogleUtilities'
        ➜ Explicit dependency on target 'GoogleUtilities-Logger' in project 'GoogleUtilities'
        ➜ Explicit dependency on target 'GoogleUtilities-NSData' in project 'GoogleUtilities'
        ➜ Explicit dependency on target 'GoogleUtilities-Reachability' in project 'GoogleUtilities'
        ➜ Explicit dependency on target 'GoogleUtilities-Network' in project 'GoogleUtilities'
    Target 'GoogleUtilities-Network' in project 'GoogleUtilities'
        ➜ Explicit dependency on target 'GoogleUtilities_GoogleUtilities-Network' in project 'GoogleUtilities'
        ➜ Explicit dependency on target 'third-party-IsAppEncrypted' in project 'GoogleUtilities'
        ➜ Explicit dependency on target 'GoogleUtilities-Environment' in project 'GoogleUtilities'
        ➜ Explicit dependency on target 'GoogleUtilities-Logger' in project 'GoogleUtilities'
        ➜ Explicit dependency on target 'GoogleUtilities-NSData' in project 'GoogleUtilities'
        ➜ Explicit dependency on target 'GoogleUtilities-Reachability' in project 'GoogleUtilities'
    Target 'GoogleUtilities_GoogleUtilities-Network' in project 'GoogleUtilities' (no dependencies)
    Target 'GoogleUtilities-Reachability' in project 'GoogleUtilities'
        ➜ Explicit dependency on target 'GoogleUtilities_GoogleUtilities-Reachability' in project 'GoogleUtilities'
        ➜ Explicit dependency on target 'third-party-IsAppEncrypted' in project 'GoogleUtilities'
        ➜ Explicit dependency on target 'GoogleUtilities-Environment' in project 'GoogleUtilities'
        ➜ Explicit dependency on target 'GoogleUtilities-Logger' in project 'GoogleUtilities'
    Target 'GoogleUtilities_GoogleUtilities-Reachability' in project 'GoogleUtilities' (no dependencies)
    Target 'GoogleUtilities_GoogleUtilities-AppDelegateSwizzler' in project 'GoogleUtilities' (no dependencies)
    Target 'FirebaseCoreExtension' in project 'Firebase'
        ➜ Explicit dependency on target 'Firebase_FirebaseCoreExtension' in project 'Firebase'
    Target 'Firebase_FirebaseCoreExtension' in project 'Firebase' (no dependencies)
    Target 'FirebaseAuthInternal' in project 'Firebase'
        ➜ Explicit dependency on target 'RecaptchaInterop' in project 'InteropForGoogle'
    Target 'RecaptchaInterop' in project 'InteropForGoogle'
        ➜ Explicit dependency on target 'RecaptchaInterop' in project 'InteropForGoogle'
    Target 'RecaptchaInterop' in project 'InteropForGoogle' (no dependencies)
    Target 'FirebaseAuthInterop' in project 'Firebase' (no dependencies)
    Target 'FirebaseAppCheckInterop' in project 'Firebase' (no dependencies)
    Target 'Firebase_FirebaseAuth' in project 'Firebase' (no dependencies)
    Target 'FirebaseCore' in project 'Firebase'
        ➜ Explicit dependency on target 'FirebaseCore' in project 'Firebase'
        ➜ Explicit dependency on target 'Firebase_FirebaseCore' in project 'Firebase'
        ➜ Explicit dependency on target 'Firebase' in project 'Firebase'
        ➜ Explicit dependency on target 'FirebaseCoreInternal' in project 'Firebase'
        ➜ Explicit dependency on target 'GULNSData' in project 'GoogleUtilities'
        ➜ Explicit dependency on target 'GULEnvironment' in project 'GoogleUtilities'
        ➜ Explicit dependency on target 'GULLogger' in project 'GoogleUtilities'
    Target 'FirebaseCore' in project 'Firebase'
        ➜ Explicit dependency on target 'Firebase_FirebaseCore' in project 'Firebase'
        ➜ Explicit dependency on target 'Firebase' in project 'Firebase'
        ➜ Explicit dependency on target 'FirebaseCoreInternal' in project 'Firebase'
        ➜ Explicit dependency on target 'GULNSData' in project 'GoogleUtilities'
        ➜ Explicit dependency on target 'GULEnvironment' in project 'GoogleUtilities'
        ➜ Explicit dependency on target 'GULLogger' in project 'GoogleUtilities'
    Target 'GULLogger' in project 'GoogleUtilities'
        ➜ Explicit dependency on target 'GoogleUtilities-Logger' in project 'GoogleUtilities'
        ➜ Explicit dependency on target 'GoogleUtilities_GoogleUtilities-Logger' in project 'GoogleUtilities'
        ➜ Explicit dependency on target 'third-party-IsAppEncrypted' in project 'GoogleUtilities'
        ➜ Explicit dependency on target 'GoogleUtilities-Environment' in project 'GoogleUtilities'
    Target 'GoogleUtilities-Logger' in project 'GoogleUtilities'
        ➜ Explicit dependency on target 'GoogleUtilities_GoogleUtilities-Logger' in project 'GoogleUtilities'
        ➜ Explicit dependency on target 'third-party-IsAppEncrypted' in project 'GoogleUtilities'
        ➜ Explicit dependency on target 'GoogleUtilities-Environment' in project 'GoogleUtilities'
    Target 'GoogleUtilities_GoogleUtilities-Logger' in project 'GoogleUtilities' (no dependencies)
    Target 'GULEnvironment' in project 'GoogleUtilities'
        ➜ Explicit dependency on target 'GoogleUtilities-Environment' in project 'GoogleUtilities'
        ➜ Explicit dependency on target 'GoogleUtilities_GoogleUtilities-Environment' in project 'GoogleUtilities'
        ➜ Explicit dependency on target 'third-party-IsAppEncrypted' in project 'GoogleUtilities'
    Target 'GoogleUtilities-Environment' in project 'GoogleUtilities'
        ➜ Explicit dependency on target 'GoogleUtilities_GoogleUtilities-Environment' in project 'GoogleUtilities'
        ➜ Explicit dependency on target 'third-party-IsAppEncrypted' in project 'GoogleUtilities'
    Target 'third-party-IsAppEncrypted' in project 'GoogleUtilities' (no dependencies)
    Target 'GoogleUtilities_GoogleUtilities-Environment' in project 'GoogleUtilities' (no dependencies)
    Target 'FirebaseCoreInternal' in project 'Firebase'
        ➜ Explicit dependency on target 'Firebase_FirebaseCoreInternal' in project 'Firebase'
        ➜ Explicit dependency on target 'GULNSData' in project 'GoogleUtilities'
    Target 'GULNSData' in project 'GoogleUtilities'
        ➜ Explicit dependency on target 'GoogleUtilities-NSData' in project 'GoogleUtilities'
        ➜ Explicit dependency on target 'GoogleUtilities_GoogleUtilities-NSData' in project 'GoogleUtilities'
    Target 'GoogleUtilities-NSData' in project 'GoogleUtilities'
        ➜ Explicit dependency on target 'GoogleUtilities_GoogleUtilities-NSData' in project 'GoogleUtilities'
    Target 'GoogleUtilities_GoogleUtilities-NSData' in project 'GoogleUtilities' (no dependencies)
    Target 'Firebase_FirebaseCoreInternal' in project 'Firebase' (no dependencies)
    Target 'Firebase' in project 'Firebase' (no dependencies)
    Target 'Firebase_FirebaseCore' in project 'Firebase' (no dependencies)

GatherProvisioningInputs

CreateBuildDescription

ExecuteExternalTool /Applications/Xcode.app/Contents/Developer/Toolchains/XcodeDefault.xctoolchain/usr/bin/clang -v -E -dM -arch arm64 -isysroot /Applications/Xcode.app/Contents/Developer/Platforms/iPhoneSimulator.platform/Developer/SDKs/iPhoneSimulator18.5.sdk -x objective-c -c /dev/null

ExecuteExternalTool /Applications/Xcode.app/Contents/Developer/Toolchains/XcodeDefault.xctoolchain/usr/bin/swiftc --version

ExecuteExternalTool /Applications/Xcode.app/Contents/Developer/usr/bin/actool --print-asset-tag-combinations --output-format xml1 /Users/aaronkeen/Documents/My Apps/NutraSafe Beta/NutraSafe Beta/Assets.xcassets

ExecuteExternalTool /Applications/Xcode.app/Contents/Developer/Toolchains/XcodeDefault.xctoolchain/usr/bin/clang -v -E -dM -isysroot /Applications/Xcode.app/Contents/Developer/Platforms/iPhoneSimulator.platform/Developer/SDKs/iPhoneSimulator18.5.sdk -x c -c /dev/null

ExecuteExternalTool /Applications/Xcode.app/Contents/Developer/usr/bin/actool --version --output-format xml1

ExecuteExternalTool /Applications/Xcode.app/Contents/Developer/Toolchains/XcodeDefault.xctoolchain/usr/bin/ld -version_details

ExecuteExternalTool /Applications/Xcode.app/Contents/Developer/Toolchains/XcodeDefault.xctoolchain/usr/bin/clang -v -E -dM -arch arm64 -isysroot /Applications/Xcode.app/Contents/Developer/Platforms/iPhoneSimulator.platform/Developer/SDKs/iPhoneSimulator18.5.sdk -x c++ -c /dev/null

ExecuteExternalTool /Applications/Xcode.app/Contents/Developer/Toolchains/XcodeDefault.xctoolchain/usr/bin/clang -v -E -dM -arch arm64 -isysroot /Applications/Xcode.app/Contents/Developer/Platforms/iPhoneSimulator.platform/Developer/SDKs/iPhoneSimulator18.5.sdk -x c -c /dev/null

Build description signature: 5058777e7504554874b428261fc3e2ff
Build description path: /Users/aaronkeen/Library/Developer/Xcode/DerivedData/NutraSafeBeta-awyabywlaekrybetqgpbjphfxefs/Build/Intermediates.noindex/XCBuildData/5058777e7504554874b428261fc3e2ff.xcbuilddata
ClangStatCache /Applications/Xcode.app/Contents/Developer/Toolchains/XcodeDefault.xctoolchain/usr/bin/clang-stat-cache /Applications/Xcode.app/Contents/Developer/Platforms/iPhoneSimulator.platform/Developer/SDKs/iPhoneSimulator18.5.sdk /Users/aaronkeen/Library/Developer/Xcode/DerivedData/SDKStatCaches.noindex/iphonesimulator18.5-22F76-d5fc8ad4295d2ef488fb7d0f804ce0c4.sdkstatcache
    cd /Users/aaronkeen/Documents/My\ Apps/NutraSafe\ Beta/NutraSafeBeta.xcodeproj
    /Applications/Xcode.app/Contents/Developer/Toolchains/XcodeDefault.xctoolchain/usr/bin/clang-stat-cache /Applications/Xcode.app/Contents/Developer/Platforms/iPhoneSimulator.platform/Developer/SDKs/iPhoneSimulator18.5.sdk -o /Users/aaronkeen/Library/Developer/Xcode/DerivedData/SDKStatCaches.noindex/iphonesimulator18.5-22F76-d5fc8ad4295d2ef488fb7d0f804ce0c4.sdkstatcache

CreateBuildDirectory /Users/aaronkeen/Library/Developer/Xcode/DerivedData/NutraSafeBeta-awyabywlaekrybetqgpbjphfxefs/Build/Products
    cd /Users/aaronkeen/Documents/My\ Apps/NutraSafe\ Beta/NutraSafeBeta.xcodeproj
    builtin-create-build-directory /Users/aaronkeen/Library/Developer/Xcode/DerivedData/NutraSafeBeta-awyabywlaekrybetqgpbjphfxefs/Build/Products

CreateBuildDirectory /Users/aaronkeen/Library/Developer/Xcode/DerivedData/NutraSafeBeta-awyabywlaekrybetqgpbjphfxefs/Build/Intermediates.noindex
    cd /Users/aaronkeen/Documents/My\ Apps/NutraSafe\ Beta/NutraSafeBeta.xcodeproj
    builtin-create-build-directory /Users/aaronkeen/Library/Developer/Xcode/DerivedData/NutraSafeBeta-awyabywlaekrybetqgpbjphfxefs/Build/Intermediates.noindex

CreateBuildDirectory /Users/aaronkeen/Library/Developer/Xcode/DerivedData/NutraSafeBeta-awyabywlaekrybetqgpbjphfxefs/Build/Products/Debug-iphonesimulator
    cd /Users/aaronkeen/Documents/My\ Apps/NutraSafe\ Beta/NutraSafeBeta.xcodeproj
    builtin-create-build-directory /Users/aaronkeen/Library/Developer/Xcode/DerivedData/NutraSafeBeta-awyabywlaekrybetqgpbjphfxefs/Build/Products/Debug-iphonesimulator

CreateBuildDirectory /Users/aaronkeen/Library/Developer/Xcode/DerivedData/NutraSafeBeta-awyabywlaekrybetqgpbjphfxefs/Build/Intermediates.noindex/EagerLinkingTBDs/Debug-iphonesimulator
    cd /Users/aaronkeen/Documents/My\ Apps/NutraSafe\ Beta/NutraSafeBeta.xcodeproj
    builtin-create-build-directory /Users/aaronkeen/Library/Developer/Xcode/DerivedData/NutraSafeBeta-awyabywlaekrybetqgpbjphfxefs/Build/Intermediates.noindex/EagerLinkingTBDs/Debug-iphonesimulator

WriteAuxiliaryFile /Users/aaronkeen/Library/Developer/Xcode/DerivedData/NutraSafeBeta-awyabywlaekrybetqgpbjphfxefs/Build/Intermediates.noindex/NutraSafeBeta.build/Debug-iphonesimulator/NutraSafeBeta-82b646dc74fb12cbae28522240c6b11e-VFS-iphonesimulator/all-product-headers.yaml
    cd /Users/aaronkeen/Documents/My\ Apps/NutraSafe\ Beta/NutraSafeBeta.xcodeproj
    write-file /Users/aaronkeen/Library/Developer/Xcode/DerivedData/NutraSafeBeta-awyabywlaekrybetqgpbjphfxefs/Build/Intermediates.noindex/NutraSafeBeta.build/Debug-iphonesimulator/NutraSafeBeta-82b646dc74fb12cbae28522240c6b11e-VFS-iphonesimulator/all-product-headers.yaml

CreateBuildDirectory /Users/aaronkeen/Library/Developer/Xcode/DerivedData/NutraSafeBeta-awyabywlaekrybetqgpbjphfxefs/Build/Products/Debug-iphonesimulator/PackageFrameworks
    cd /Users/aaronkeen/Documents/My\ Apps/NutraSafe\ Beta/NutraSafeBeta.xcodeproj
    builtin-create-build-directory /Users/aaronkeen/Library/Developer/Xcode/DerivedData/NutraSafeBeta-awyabywlaekrybetqgpbjphfxefs/Build/Products/Debug-iphonesimulator/PackageFrameworks

MkDir /Users/aaronkeen/Library/Developer/Xcode/DerivedData/NutraSafeBeta-awyabywlaekrybetqgpbjphfxefs/Build/Products/Debug-iphonesimulator/gRPC_opensslWrapper.bundle (in target 'gRPC_opensslWrapper' from project 'gRPC')
    cd /Users/aaronkeen/Library/Developer/Xcode/DerivedData/NutraSafeBeta-awyabywlaekrybetqgpbjphfxefs/SourcePackages/checkouts/grpc-binary
    /bin/mkdir -p /Users/aaronkeen/Library/Developer/Xcode/DerivedData/NutraSafeBeta-awyabywlaekrybetqgpbjphfxefs/Build/Products/Debug-iphonesimulator/gRPC_opensslWrapper.bundle

WriteAuxiliaryFile /Users/aaronkeen/Library/Developer/Xcode/DerivedData/NutraSafeBeta-awyabywlaekrybetqgpbjphfxefs/Build/Intermediates.noindex/gRPC.build/Debug-iphonesimulator/gRPC_grpcWrapper.build/empty-gRPC_grpcWrapper.plist (in target 'gRPC_grpcWrapper' from project 'gRPC')
    cd /Users/aaronkeen/Library/Developer/Xcode/DerivedData/NutraSafeBeta-awyabywlaekrybetqgpbjphfxefs/SourcePackages/checkouts/grpc-binary
    write-file /Users/aaronkeen/Library/Developer/Xcode/DerivedData/NutraSafeBeta-awyabywlaekrybetqgpbjphfxefs/Build/Intermediates.noindex/gRPC.build/Debug-iphonesimulator/gRPC_grpcWrapper.build/empty-gRPC_grpcWrapper.plist

WriteAuxiliaryFile /Users/aaronkeen/Library/Developer/Xcode/DerivedData/NutraSafeBeta-awyabywlaekrybetqgpbjphfxefs/Build/Intermediates.noindex/gRPC.build/Debug-iphonesimulator/gRPC_grpcWrapper.build/gRPC_grpcWrapper.DependencyStaticMetadataFileList (in target 'gRPC_grpcWrapper' from project 'gRPC')
    cd /Users/aaronkeen/Library/Developer/Xcode/DerivedData/NutraSafeBeta-awyabywlaekrybetqgpbjphfxefs/SourcePackages/checkouts/grpc-binary
    write-file /Users/aaronkeen/Library/Developer/Xcode/DerivedData/NutraSafeBeta-awyabywlaekrybetqgpbjphfxefs/Build/Intermediates.noindex/gRPC.build/Debug-iphonesimulator/gRPC_grpcWrapper.build/gRPC_grpcWrapper.DependencyStaticMetadataFileList

WriteAuxiliaryFile /Users/aaronkeen/Library/Developer/Xcode/DerivedData/NutraSafeBeta-awyabywlaekrybetqgpbjphfxefs/Build/Intermediates.noindex/gRPC.build/Debug-iphonesimulator/gRPC_grpcWrapper.build/gRPC_grpcWrapper.DependencyMetadataFileList (in target 'gRPC_grpcWrapper' from project 'gRPC')
    cd /Users/aaronkeen/Library/Developer/Xcode/DerivedData/NutraSafeBeta-awyabywlaekrybetqgpbjphfxefs/SourcePackages/checkouts/grpc-binary
    write-file /Users/aaronkeen/Library/Developer/Xcode/DerivedData/NutraSafeBeta-awyabywlaekrybetqgpbjphfxefs/Build/Intermediates.noindex/gRPC.build/Debug-iphonesimulator/gRPC_grpcWrapper.build/gRPC_grpcWrapper.DependencyMetadataFileList

WriteAuxiliaryFile /Users/aaronkeen/Library/Developer/Xcode/DerivedData/NutraSafeBeta-awyabywlaekrybetqgpbjphfxefs/Build/Intermediates.noindex/gRPC.build/Debug-iphonesimulator/gRPC_opensslWrapper.build/gRPC_opensslWrapper.DependencyStaticMetadataFileList (in target 'gRPC_opensslWrapper' from project 'gRPC')
    cd /Users/aaronkeen/Library/Developer/Xcode/DerivedData/NutraSafeBeta-awyabywlaekrybetqgpbjphfxefs/SourcePackages/checkouts/grpc-binary
    write-file /Users/aaronkeen/Library/Developer/Xcode/DerivedData/NutraSafeBeta-awyabywlaekrybetqgpbjphfxefs/Build/Intermediates.noindex/gRPC.build/Debug-iphonesimulator/gRPC_opensslWrapper.build/gRPC_opensslWrapper.DependencyStaticMetadataFileList

WriteAuxiliaryFile /Users/aaronkeen/Library/Developer/Xcode/DerivedData/NutraSafeBeta-awyabywlaekrybetqgpbjphfxefs/Build/Intermediates.noindex/gRPC.build/Debug-iphonesimulator/gRPC_opensslWrapper.build/gRPC_opensslWrapper.DependencyMetadataFileList (in target 'gRPC_opensslWrapper' from project 'gRPC')
    cd /Users/aaronkeen/Library/Developer/Xcode/DerivedData/NutraSafeBeta-awyabywlaekrybetqgpbjphfxefs/SourcePackages/checkouts/grpc-binary
    write-file /Users/aaronkeen/Library/Developer/Xcode/DerivedData/NutraSafeBeta-awyabywlaekrybetqgpbjphfxefs/Build/Intermediates.noindex/gRPC.build/Debug-iphonesimulator/gRPC_opensslWrapper.build/gRPC_opensslWrapper.DependencyMetadataFileList

WriteAuxiliaryFile /Users/aaronkeen/Library/Developer/Xcode/DerivedData/NutraSafeBeta-awyabywlaekrybetqgpbjphfxefs/Build/Intermediates.noindex/gRPC.build/Debug-iphonesimulator/gRPC_opensslWrapper.build/empty-gRPC_opensslWrapper.plist (in target 'gRPC_opensslWrapper' from project 'gRPC')
    cd /Users/aaronkeen/Library/Developer/Xcode/DerivedData/NutraSafeBeta-awyabywlaekrybetqgpbjphfxefs/SourcePackages/checkouts/grpc-binary
    write-file /Users/aaronkeen/Library/Developer/Xcode/DerivedData/NutraSafeBeta-awyabywlaekrybetqgpbjphfxefs/Build/Intermediates.noindex/gRPC.build/Debug-iphonesimulator/gRPC_opensslWrapper.build/empty-gRPC_opensslWrapper.plist

WriteAuxiliaryFile /Users/aaronkeen/Library/Developer/Xcode/DerivedData/NutraSafeBeta-awyabywlaekrybetqgpbjphfxefs/Build/Intermediates.noindex/GoogleUtilities.build/Debug-iphonesimulator/GoogleUtilities_GoogleUtilities-Reachability.build/GoogleUtilities_GoogleUtilities-Reachability.DependencyStaticMetadataFileList (in target 'GoogleUtilities_GoogleUtilities-Reachability' from project 'GoogleUtilities')
    cd /Users/aaronkeen/Library/Developer/Xcode/DerivedData/NutraSafeBeta-awyabywlaekrybetqgpbjphfxefs/SourcePackages/checkouts/GoogleUtilities
    write-file /Users/aaronkeen/Library/Developer/Xcode/DerivedData/NutraSafeBeta-awyabywlaekrybetqgpbjphfxefs/Build/Intermediates.noindex/GoogleUtilities.build/Debug-iphonesimulator/GoogleUtilities_GoogleUtilities-Reachability.build/GoogleUtilities_GoogleUtilities-Reachability.DependencyStaticMetadataFileList

WriteAuxiliaryFile /Users/aaronkeen/Library/Developer/Xcode/DerivedData/NutraSafeBeta-awyabywlaekrybetqgpbjphfxefs/Build/Intermediates.noindex/GoogleUtilities.build/Debug-iphonesimulator/GoogleUtilities_GoogleUtilities-Reachability.build/GoogleUtilities_GoogleUtilities-Reachability.DependencyMetadataFileList (in target 'GoogleUtilities_GoogleUtilities-Reachability' from project 'GoogleUtilities')
    cd /Users/aaronkeen/Library/Developer/Xcode/DerivedData/NutraSafeBeta-awyabywlaekrybetqgpbjphfxefs/SourcePackages/checkouts/GoogleUtilities
    write-file /Users/aaronkeen/Library/Developer/Xcode/DerivedData/NutraSafeBeta-awyabywlaekrybetqgpbjphfxefs/Build/Intermediates.noindex/GoogleUtilities.build/Debug-iphonesimulator/GoogleUtilities_GoogleUtilities-Reachability.build/GoogleUtilities_GoogleUtilities-Reachability.DependencyMetadataFileList

WriteAuxiliaryFile /Users/aaronkeen/Library/Developer/Xcode/DerivedData/NutraSafeBeta-awyabywlaekrybetqgpbjphfxefs/Build/Intermediates.noindex/GoogleUtilities.build/Debug-iphonesimulator/GoogleUtilities_GoogleUtilities-Network.build/GoogleUtilities_GoogleUtilities-Network.DependencyStaticMetadataFileList (in target 'GoogleUtilities_GoogleUtilities-Network' from project 'GoogleUtilities')
    cd /Users/aaronkeen/Library/Developer/Xcode/DerivedData/NutraSafeBeta-awyabywlaekrybetqgpbjphfxefs/SourcePackages/checkouts/GoogleUtilities
    write-file /Users/aaronkeen/Library/Developer/Xcode/DerivedData/NutraSafeBeta-awyabywlaekrybetqgpbjphfxefs/Build/Intermediates.noindex/GoogleUtilities.build/Debug-iphonesimulator/GoogleUtilities_GoogleUtilities-Network.build/GoogleUtilities_GoogleUtilities-Network.DependencyStaticMetadataFileList

WriteAuxiliaryFile /Users/aaronkeen/Library/Developer/Xcode/DerivedData/NutraSafeBeta-awyabywlaekrybetqgpbjphfxefs/Build/Intermediates.noindex/GoogleUtilities.build/Debug-iphonesimulator/GoogleUtilities_GoogleUtilities-Network.build/empty-GoogleUtilities_GoogleUtilities-Network.plist (in target 'GoogleUtilities_GoogleUtilities-Network' from project 'GoogleUtilities')
    cd /Users/aaronkeen/Library/Developer/Xcode/DerivedData/NutraSafeBeta-awyabywlaekrybetqgpbjphfxefs/SourcePackages/checkouts/GoogleUtilities
    write-file /Users/aaronkeen/Library/Developer/Xcode/DerivedData/NutraSafeBeta-awyabywlaekrybetqgpbjphfxefs/Build/Intermediates.noindex/GoogleUtilities.build/Debug-iphonesimulator/GoogleUtilities_GoogleUtilities-Network.build/empty-GoogleUtilities_GoogleUtilities-Network.plist

WriteAuxiliaryFile /Users/aaronkeen/Library/Developer/Xcode/DerivedData/NutraSafeBeta-awyabywlaekrybetqgpbjphfxefs/Build/Intermediates.noindex/GoogleUtilities.build/Debug-iphonesimulator/GoogleUtilities_GoogleUtilities-Network.build/GoogleUtilities_GoogleUtilities-Network.DependencyMetadataFileList (in target 'GoogleUtilities_GoogleUtilities-Network' from project 'GoogleUtilities')
    cd /Users/aaronkeen/Library/Developer/Xcode/DerivedData/NutraSafeBeta-awyabywlaekrybetqgpbjphfxefs/SourcePackages/checkouts/GoogleUtilities
    write-file /Users/aaronkeen/Library/Developer/Xcode/DerivedData/NutraSafeBeta-awyabywlaekrybetqgpbjphfxefs/Build/Intermediates.noindex/GoogleUtilities.build/Debug-iphonesimulator/GoogleUtilities_GoogleUtilities-Network.build/GoogleUtilities_GoogleUtilities-Network.DependencyMetadataFileList

WriteAuxiliaryFile /Users/aaronkeen/Library/Developer/Xcode/DerivedData/NutraSafeBeta-awyabywlaekrybetqgpbjphfxefs/Build/Intermediates.noindex/GoogleUtilities.build/Debug-iphonesimulator/GoogleUtilities_GoogleUtilities-Reachability.build/empty-GoogleUtilities_GoogleUtilities-Reachability.plist (in target 'GoogleUtilities_GoogleUtilities-Reachability' from project 'GoogleUtilities')
    cd /Users/aaronkeen/Library/Developer/Xcode/DerivedData/NutraSafeBeta-awyabywlaekrybetqgpbjphfxefs/SourcePackages/checkouts/GoogleUtilities
    write-file /Users/aaronkeen/Library/Developer/Xcode/DerivedData/NutraSafeBeta-awyabywlaekrybetqgpbjphfxefs/Build/Intermediates.noindex/GoogleUtilities.build/Debug-iphonesimulator/GoogleUtilities_GoogleUtilities-Reachability.build/empty-GoogleUtilities_GoogleUtilities-Reachability.plist

WriteAuxiliaryFile /Users/aaronkeen/Library/Developer/Xcode/DerivedData/NutraSafeBeta-awyabywlaekrybetqgpbjphfxefs/Build/Intermediates.noindex/Firebase.build/Debug-iphonesimulator/Firebase_FirebaseFirestore.build/empty-Firebase_FirebaseFirestore.plist (in target 'Firebase_FirebaseFirestore' from project 'Firebase')
    cd /Users/aaronkeen/Library/Developer/Xcode/DerivedData/NutraSafeBeta-awyabywlaekrybetqgpbjphfxefs/SourcePackages/checkouts/firebase-ios-sdk
    write-file /Users/aaronkeen/Library/Developer/Xcode/DerivedData/NutraSafeBeta-awyabywlaekrybetqgpbjphfxefs/Build/Intermediates.noindex/Firebase.build/Debug-iphonesimulator/Firebase_FirebaseFirestore.build/empty-Firebase_FirebaseFirestore.plist

WriteAuxiliaryFile /Users/aaronkeen/Library/Developer/Xcode/DerivedData/NutraSafeBeta-awyabywlaekrybetqgpbjphfxefs/Build/Intermediates.noindex/GoogleUtilities.build/Debug-iphonesimulator/third-party-IsAppEncrypted.build/third-party-IsAppEncrypted.modulemap (in target 'third-party-IsAppEncrypted' from project 'GoogleUtilities')
    cd /Users/aaronkeen/Library/Developer/Xcode/DerivedData/NutraSafeBeta-awyabywlaekrybetqgpbjphfxefs/SourcePackages/checkouts/GoogleUtilities
    write-file /Users/aaronkeen/Library/Developer/Xcode/DerivedData/NutraSafeBeta-awyabywlaekrybetqgpbjphfxefs/Build/Intermediates.noindex/GoogleUtilities.build/Debug-iphonesimulator/third-party-IsAppEncrypted.build/third-party-IsAppEncrypted.modulemap

WriteAuxiliaryFile /Users/aaronkeen/Library/Developer/Xcode/DerivedData/NutraSafeBeta-awyabywlaekrybetqgpbjphfxefs/Build/Intermediates.noindex/GoogleUtilities.build/Debug-iphonesimulator/third-party-IsAppEncrypted.build/third-party-IsAppEncrypted.DependencyStaticMetadataFileList (in target 'third-party-IsAppEncrypted' from project 'GoogleUtilities')
    cd /Users/aaronkeen/Library/Developer/Xcode/DerivedData/NutraSafeBeta-awyabywlaekrybetqgpbjphfxefs/SourcePackages/checkouts/GoogleUtilities
    write-file /Users/aaronkeen/Library/Developer/Xcode/DerivedData/NutraSafeBeta-awyabywlaekrybetqgpbjphfxefs/Build/Intermediates.noindex/GoogleUtilities.build/Debug-iphonesimulator/third-party-IsAppEncrypted.build/third-party-IsAppEncrypted.DependencyStaticMetadataFileList

WriteAuxiliaryFile /Users/aaronkeen/Library/Developer/Xcode/DerivedData/NutraSafeBeta-awyabywlaekrybetqgpbjphfxefs/Build/Intermediates.noindex/GoogleUtilities.build/Debug-iphonesimulator/third-party-IsAppEncrypted.build/third-party-IsAppEncrypted.DependencyMetadataFileList (in target 'third-party-IsAppEncrypted' from project 'GoogleUtilities')
    cd /Users/aaronkeen/Library/Developer/Xcode/DerivedData/NutraSafeBeta-awyabywlaekrybetqgpbjphfxefs/SourcePackages/checkouts/GoogleUtilities
    write-file /Users/aaronkeen/Library/Developer/Xcode/DerivedData/NutraSafeBeta-awyabywlaekrybetqgpbjphfxefs/Build/Intermediates.noindex/GoogleUtilities.build/Debug-iphonesimulator/third-party-IsAppEncrypted.build/third-party-IsAppEncrypted.DependencyMetadataFileList

WriteAuxiliaryFile /Users/aaronkeen/Library/Developer/Xcode/DerivedData/NutraSafeBeta-awyabywlaekrybetqgpbjphfxefs/Build/Intermediates.noindex/GoogleUtilities.build/Debug-iphonesimulator/third-party-IsAppEncrypted.build/Objects-normal/arm64/third-party-IsAppEncrypted.LinkFileList (in target 'third-party-IsAppEncrypted' from project 'GoogleUtilities')
    cd /Users/aaronkeen/Library/Developer/Xcode/DerivedData/NutraSafeBeta-awyabywlaekrybetqgpbjphfxefs/SourcePackages/checkouts/GoogleUtilities
    write-file /Users/aaronkeen/Library/Developer/Xcode/DerivedData/NutraSafeBeta-awyabywlaekrybetqgpbjphfxefs/Build/Intermediates.noindex/GoogleUtilities.build/Debug-iphonesimulator/third-party-IsAppEncrypted.build/Objects-normal/arm64/third-party-IsAppEncrypted.LinkFileList

WriteAuxiliaryFile /Users/aaronkeen/Library/Developer/Xcode/DerivedData/NutraSafeBeta-awyabywlaekrybetqgpbjphfxefs/Build/Intermediates.noindex/GoogleUtilities.build/Debug-iphonesimulator/third-party-IsAppEncrypted.build/Objects-normal/arm64/e6072d4f65d7061329687fe24e3d63a7-common-args.resp (in target 'third-party-IsAppEncrypted' from project 'GoogleUtilities')
    cd /Users/aaronkeen/Library/Developer/Xcode/DerivedData/NutraSafeBeta-awyabywlaekrybetqgpbjphfxefs/SourcePackages/checkouts/GoogleUtilities
    write-file /Users/aaronkeen/Library/Developer/Xcode/DerivedData/NutraSafeBeta-awyabywlaekrybetqgpbjphfxefs/Build/Intermediates.noindex/GoogleUtilities.build/Debug-iphonesimulator/third-party-IsAppEncrypted.build/Objects-normal/arm64/e6072d4f65d7061329687fe24e3d63a7-common-args.resp
-target arm64-apple-ios12.0-simulator '-std=c99' -fobjc-arc -fmodules -gmodules '-fmodules-cache-path=/Users/aaronkeen/Library/Developer/Xcode/DerivedData/ModuleCache.noindex' '-fmodule-name=third_party_IsAppEncrypted' -fpascal-strings -O0 -DSWIFT_PACKAGE '-DDEBUG=1' '-DOBJC_OLD_DISPATCH_PROTOTYPES=1' -isysroot /Applications/Xcode.app/Contents/Developer/Platforms/iPhoneSimulator.platform/Developer/SDKs/iPhoneSimulator18.5.sdk -g '-fobjc-abi-version=2' -fobjc-legacy-dispatch -I/Users/aaronkeen/Library/Developer/Xcode/DerivedData/NutraSafeBeta-awyabywlaekrybetqgpbjphfxefs/Build/Products/Debug-iphonesimulator/include -I/Users/aaronkeen/Library/Developer/Xcode/DerivedData/NutraSafeBeta-awyabywlaekrybetqgpbjphfxefs/SourcePackages/checkouts/GoogleUtilities/third_party/IsAppEncrypted/Public -I/Users/aaronkeen/Library/Developer/Xcode/DerivedData/NutraSafeBeta-awyabywlaekrybetqgpbjphfxefs/SourcePackages/checkouts/GoogleUtilities -I/Users/aaronkeen/Library/Developer/Xcode/DerivedData/NutraSafeBeta-awyabywlaekrybetqgpbjphfxefs/Build/Intermediates.noindex/GoogleUtilities.build/Debug-iphonesimulator/third-party-IsAppEncrypted.build/DerivedSources-normal/arm64 -I/Users/aaronkeen/Library/Developer/Xcode/DerivedData/NutraSafeBeta-awyabywlaekrybetqgpbjphfxefs/Build/Intermediates.noindex/GoogleUtilities.build/Debug-iphonesimulator/third-party-IsAppEncrypted.build/DerivedSources/arm64 -I/Users/aaronkeen/Library/Developer/Xcode/DerivedData/NutraSafeBeta-awyabywlaekrybetqgpbjphfxefs/Build/Intermediates.noindex/GoogleUtilities.build/Debug-iphonesimulator/third-party-IsAppEncrypted.build/DerivedSources -F/Users/aaronkeen/Library/Developer/Xcode/DerivedData/NutraSafeBeta-awyabywlaekrybetqgpbjphfxefs/Build/Products/Debug-iphonesimulator -iframework /Applications/Xcode.app/Contents/Developer/Platforms/iPhoneSimulator.platform/Developer/Library/Frameworks -iframework /Applications/Xcode.app/Contents/Developer/Platforms/iPhoneSimulator.platform/Developer/SDKs/iPhoneSimulator18.5.sdk/Developer/Library/Frameworks -DXcode

WriteAuxiliaryFile /Users/aaronkeen/Library/Developer/Xcode/DerivedData/NutraSafeBeta-awyabywlaekrybetqgpbjphfxefs/Build/Intermediates.noindex/nanopb.build/Debug-iphonesimulator/nanopb_nanopb.build/nanopb_nanopb.DependencyMetadataFileList (in target 'nanopb_nanopb' from project 'nanopb')
    cd /Users/aaronkeen/Library/Developer/Xcode/DerivedData/NutraSafeBeta-awyabywlaekrybetqgpbjphfxefs/SourcePackages/checkouts/nanopb
    write-file /Users/aaronkeen/Library/Developer/Xcode/DerivedData/NutraSafeBeta-awyabywlaekrybetqgpbjphfxefs/Build/Intermediates.noindex/nanopb.build/Debug-iphonesimulator/nanopb_nanopb.build/nanopb_nanopb.DependencyMetadataFileList

WriteAuxiliaryFile /Users/aaronkeen/Library/Developer/Xcode/DerivedData/NutraSafeBeta-awyabywlaekrybetqgpbjphfxefs/Build/Intermediates.noindex/nanopb.build/Debug-iphonesimulator/nanopb_nanopb.build/empty-nanopb_nanopb.plist (in target 'nanopb_nanopb' from project 'nanopb')
    cd /Users/aaronkeen/Library/Developer/Xcode/DerivedData/NutraSafeBeta-awyabywlaekrybetqgpbjphfxefs/SourcePackages/checkouts/nanopb
    write-file /Users/aaronkeen/Library/Developer/Xcode/DerivedData/NutraSafeBeta-awyabywlaekrybetqgpbjphfxefs/Build/Intermediates.noindex/nanopb.build/Debug-iphonesimulator/nanopb_nanopb.build/empty-nanopb_nanopb.plist

WriteAuxiliaryFile /Users/aaronkeen/Library/Developer/Xcode/DerivedData/NutraSafeBeta-awyabywlaekrybetqgpbjphfxefs/Build/Intermediates.noindex/nanopb.build/Debug-iphonesimulator/nanopb.build/nanopb.DependencyMetadataFileList (in target 'nanopb' from project 'nanopb')
    cd /Users/aaronkeen/Library/Developer/Xcode/DerivedData/NutraSafeBeta-awyabywlaekrybetqgpbjphfxefs/SourcePackages/checkouts/nanopb
    write-file /Users/aaronkeen/Library/Developer/Xcode/DerivedData/NutraSafeBeta-awyabywlaekrybetqgpbjphfxefs/Build/Intermediates.noindex/nanopb.build/Debug-iphonesimulator/nanopb.build/nanopb.DependencyMetadataFileList

WriteAuxiliaryFile /Users/aaronkeen/Library/Developer/Xcode/DerivedData/NutraSafeBeta-awyabywlaekrybetqgpbjphfxefs/Build/Intermediates.noindex/nanopb.build/Debug-iphonesimulator/nanopb.build/nanopb.modulemap (in target 'nanopb' from project 'nanopb')
    cd /Users/aaronkeen/Library/Developer/Xcode/DerivedData/NutraSafeBeta-awyabywlaekrybetqgpbjphfxefs/SourcePackages/checkouts/nanopb
    write-file /Users/aaronkeen/Library/Developer/Xcode/DerivedData/NutraSafeBeta-awyabywlaekrybetqgpbjphfxefs/Build/Intermediates.noindex/nanopb.build/Debug-iphonesimulator/nanopb.build/nanopb.modulemap

WriteAuxiliaryFile /Users/aaronkeen/Library/Developer/Xcode/DerivedData/NutraSafeBeta-awyabywlaekrybetqgpbjphfxefs/Build/Intermediates.noindex/nanopb.build/Debug-iphonesimulator/nanopb.build/nanopb.DependencyStaticMetadataFileList (in target 'nanopb' from project 'nanopb')
    cd /Users/aaronkeen/Library/Developer/Xcode/DerivedData/NutraSafeBeta-awyabywlaekrybetqgpbjphfxefs/SourcePackages/checkouts/nanopb
    write-file /Users/aaronkeen/Library/Developer/Xcode/DerivedData/NutraSafeBeta-awyabywlaekrybetqgpbjphfxefs/Build/Intermediates.noindex/nanopb.build/Debug-iphonesimulator/nanopb.build/nanopb.DependencyStaticMetadataFileList

WriteAuxiliaryFile /Users/aaronkeen/Library/Developer/Xcode/DerivedData/NutraSafeBeta-awyabywlaekrybetqgpbjphfxefs/Build/Intermediates.noindex/nanopb.build/Debug-iphonesimulator/nanopb_nanopb.build/nanopb_nanopb.DependencyStaticMetadataFileList (in target 'nanopb_nanopb' from project 'nanopb')
    cd /Users/aaronkeen/Library/Developer/Xcode/DerivedData/NutraSafeBeta-awyabywlaekrybetqgpbjphfxefs/SourcePackages/checkouts/nanopb
    write-file /Users/aaronkeen/Library/Developer/Xcode/DerivedData/NutraSafeBeta-awyabywlaekrybetqgpbjphfxefs/Build/Intermediates.noindex/nanopb.build/Debug-iphonesimulator/nanopb_nanopb.build/nanopb_nanopb.DependencyStaticMetadataFileList

WriteAuxiliaryFile /Users/aaronkeen/Library/Developer/Xcode/DerivedData/NutraSafeBeta-awyabywlaekrybetqgpbjphfxefs/Build/Intermediates.noindex/nanopb.build/Debug-iphonesimulator/nanopb.build/Objects-normal/arm64/nanopb.LinkFileList (in target 'nanopb' from project 'nanopb')
    cd /Users/aaronkeen/Library/Developer/Xcode/DerivedData/NutraSafeBeta-awyabywlaekrybetqgpbjphfxefs/SourcePackages/checkouts/nanopb
    write-file /Users/aaronkeen/Library/Developer/Xcode/DerivedData/NutraSafeBeta-awyabywlaekrybetqgpbjphfxefs/Build/Intermediates.noindex/nanopb.build/Debug-iphonesimulator/nanopb.build/Objects-normal/arm64/nanopb.LinkFileList

WriteAuxiliaryFile /Users/aaronkeen/Library/Developer/Xcode/DerivedData/NutraSafeBeta-awyabywlaekrybetqgpbjphfxefs/Build/Intermediates.noindex/nanopb.build/Debug-iphonesimulator/nanopb.build/Objects-normal/arm64/e6072d4f65d7061329687fe24e3d63a7-common-args.resp (in target 'nanopb' from project 'nanopb')
    cd /Users/aaronkeen/Library/Developer/Xcode/DerivedData/NutraSafeBeta-awyabywlaekrybetqgpbjphfxefs/SourcePackages/checkouts/nanopb
    write-file /Users/aaronkeen/Library/Developer/Xcode/DerivedData/NutraSafeBeta-awyabywlaekrybetqgpbjphfxefs/Build/Intermediates.noindex/nanopb.build/Debug-iphonesimulator/nanopb.build/Objects-normal/arm64/e6072d4f65d7061329687fe24e3d63a7-common-args.resp
-target arm64-apple-ios12.0-simulator -fobjc-arc -fmodules -gmodules '-fmodules-cache-path=/Users/aaronkeen/Library/Developer/Xcode/DerivedData/ModuleCache.noindex' '-fmodule-name=nanopb' -fpascal-strings -O0 -DSWIFT_PACKAGE '-DDEBUG=1' '-DPB_FIELD_32BIT=1' '-DPB_NO_PACKED_STRUCTS=1' '-DPB_ENABLE_MALLOC=1' '-DOBJC_OLD_DISPATCH_PROTOTYPES=1' -isysroot /Applications/Xcode.app/Contents/Developer/Platforms/iPhoneSimulator.platform/Developer/SDKs/iPhoneSimulator18.5.sdk -g '-fobjc-abi-version=2' -fobjc-legacy-dispatch -I/Users/aaronkeen/Library/Developer/Xcode/DerivedData/NutraSafeBeta-awyabywlaekrybetqgpbjphfxefs/Build/Products/Debug-iphonesimulator/include -I/Users/aaronkeen/Library/Developer/Xcode/DerivedData/NutraSafeBeta-awyabywlaekrybetqgpbjphfxefs/SourcePackages/checkouts/nanopb/spm_headers -I/Users/aaronkeen/Library/Developer/Xcode/DerivedData/NutraSafeBeta-awyabywlaekrybetqgpbjphfxefs/Build/Intermediates.noindex/nanopb.build/Debug-iphonesimulator/nanopb.build/DerivedSources-normal/arm64 -I/Users/aaronkeen/Library/Developer/Xcode/DerivedData/NutraSafeBeta-awyabywlaekrybetqgpbjphfxefs/Build/Intermediates.noindex/nanopb.build/Debug-iphonesimulator/nanopb.build/DerivedSources/arm64 -I/Users/aaronkeen/Library/Developer/Xcode/DerivedData/NutraSafeBeta-awyabywlaekrybetqgpbjphfxefs/Build/Intermediates.noindex/nanopb.build/Debug-iphonesimulator/nanopb.build/DerivedSources -F/Users/aaronkeen/Library/Developer/Xcode/DerivedData/NutraSafeBeta-awyabywlaekrybetqgpbjphfxefs/Build/Products/Debug-iphonesimulator -iframework /Applications/Xcode.app/Contents/Developer/Platforms/iPhoneSimulator.platform/Developer/Library/Frameworks -iframework /Applications/Xcode.app/Contents/Developer/Platforms/iPhoneSimulator.platform/Developer/SDKs/iPhoneSimulator18.5.sdk/Developer/Library/Frameworks -DXcode

WriteAuxiliaryFile /Users/aaronkeen/Library/Developer/Xcode/DerivedData/NutraSafeBeta-awyabywlaekrybetqgpbjphfxefs/Build/Intermediates.noindex/nanopb.build/Debug-iphonesimulator/nanopb.build/Objects-normal/arm64/7187679823f38a2a940e0043cdf9d637-common-args.resp (in target 'nanopb' from project 'nanopb')
    cd /Users/aaronkeen/Library/Developer/Xcode/DerivedData/NutraSafeBeta-awyabywlaekrybetqgpbjphfxefs/SourcePackages/checkouts/nanopb
    write-file /Users/aaronkeen/Library/Developer/Xcode/DerivedData/NutraSafeBeta-awyabywlaekrybetqgpbjphfxefs/Build/Intermediates.noindex/nanopb.build/Debug-iphonesimulator/nanopb.build/Objects-normal/arm64/7187679823f38a2a940e0043cdf9d637-common-args.resp
-target arm64-apple-ios12.0-simulator -fmodules -gmodules '-fmodules-cache-path=/Users/aaronkeen/Library/Developer/Xcode/DerivedData/ModuleCache.noindex' '-fmodule-name=nanopb' -fpascal-strings -O0 -DSWIFT_PACKAGE '-DDEBUG=1' '-DPB_FIELD_32BIT=1' '-DPB_NO_PACKED_STRUCTS=1' '-DPB_ENABLE_MALLOC=1' -isysroot /Applications/Xcode.app/Contents/Developer/Platforms/iPhoneSimulator.platform/Developer/SDKs/iPhoneSimulator18.5.sdk -g -I/Users/aaronkeen/Library/Developer/Xcode/DerivedData/NutraSafeBeta-awyabywlaekrybetqgpbjphfxefs/Build/Products/Debug-iphonesimulator/include -I/Users/aaronkeen/Library/Developer/Xcode/DerivedData/NutraSafeBeta-awyabywlaekrybetqgpbjphfxefs/SourcePackages/checkouts/nanopb/spm_headers -I/Users/aaronkeen/Library/Developer/Xcode/DerivedData/NutraSafeBeta-awyabywlaekrybetqgpbjphfxefs/Build/Intermediates.noindex/nanopb.build/Debug-iphonesimulator/nanopb.build/DerivedSources-normal/arm64 -I/Users/aaronkeen/Library/Developer/Xcode/DerivedData/NutraSafeBeta-awyabywlaekrybetqgpbjphfxefs/Build/Intermediates.noindex/nanopb.build/Debug-iphonesimulator/nanopb.build/DerivedSources/arm64 -I/Users/aaronkeen/Library/Developer/Xcode/DerivedData/NutraSafeBeta-awyabywlaekrybetqgpbjphfxefs/Build/Intermediates.noindex/nanopb.build/Debug-iphonesimulator/nanopb.build/DerivedSources -F/Users/aaronkeen/Library/Developer/Xcode/DerivedData/NutraSafeBeta-awyabywlaekrybetqgpbjphfxefs/Build/Products/Debug-iphonesimulator -iframework /Applications/Xcode.app/Contents/Developer/Platforms/iPhoneSimulator.platform/Developer/Library/Frameworks -iframework /Applications/Xcode.app/Contents/Developer/Platforms/iPhoneSimulator.platform/Developer/SDKs/iPhoneSimulator18.5.sdk/Developer/Library/Frameworks -DXcode

WriteAuxiliaryFile /Users/aaronkeen/Library/Developer/Xcode/DerivedData/NutraSafeBeta-awyabywlaekrybetqgpbjphfxefs/Build/Intermediates.noindex/nanopb.build/Debug-iphonesimulator/nanopb.build/DerivedSources/resource_bundle_accessor.m (in target 'nanopb' from project 'nanopb')
    cd /Users/aaronkeen/Library/Developer/Xcode/DerivedData/NutraSafeBeta-awyabywlaekrybetqgpbjphfxefs/SourcePackages/checkouts/nanopb
    write-file /Users/aaronkeen/Library/Developer/Xcode/DerivedData/NutraSafeBeta-awyabywlaekrybetqgpbjphfxefs/Build/Intermediates.noindex/nanopb.build/Debug-iphonesimulator/nanopb.build/DerivedSources/resource_bundle_accessor.m

WriteAuxiliaryFile /Users/aaronkeen/Library/Developer/Xcode/DerivedData/NutraSafeBeta-awyabywlaekrybetqgpbjphfxefs/Build/Intermediates.noindex/nanopb.build/Debug-iphonesimulator/nanopb.build/DerivedSources/resource_bundle_accessor.h (in target 'nanopb' from project 'nanopb')
    cd /Users/aaronkeen/Library/Developer/Xcode/DerivedData/NutraSafeBeta-awyabywlaekrybetqgpbjphfxefs/SourcePackages/checkouts/nanopb
    write-file /Users/aaronkeen/Library/Developer/Xcode/DerivedData/NutraSafeBeta-awyabywlaekrybetqgpbjphfxefs/Build/Intermediates.noindex/nanopb.build/Debug-iphonesimulator/nanopb.build/DerivedSources/resource_bundle_accessor.h

WriteAuxiliaryFile /Users/aaronkeen/Library/Developer/Xcode/DerivedData/NutraSafeBeta-awyabywlaekrybetqgpbjphfxefs/Build/Intermediates.noindex/leveldb.build/Debug-iphonesimulator/leveldb_leveldb.build/leveldb_leveldb.DependencyStaticMetadataFileList (in target 'leveldb_leveldb' from project 'leveldb')
    cd /Users/aaronkeen/Library/Developer/Xcode/DerivedData/NutraSafeBeta-awyabywlaekrybetqgpbjphfxefs/SourcePackages/checkouts/leveldb
    write-file /Users/aaronkeen/Library/Developer/Xcode/DerivedData/NutraSafeBeta-awyabywlaekrybetqgpbjphfxefs/Build/Intermediates.noindex/leveldb.build/Debug-iphonesimulator/leveldb_leveldb.build/leveldb_leveldb.DependencyStaticMetadataFileList

WriteAuxiliaryFile /Users/aaronkeen/Library/Developer/Xcode/DerivedData/NutraSafeBeta-awyabywlaekrybetqgpbjphfxefs/Build/Intermediates.noindex/leveldb.build/Debug-iphonesimulator/leveldb_leveldb.build/leveldb_leveldb.DependencyMetadataFileList (in target 'leveldb_leveldb' from project 'leveldb')
    cd /Users/aaronkeen/Library/Developer/Xcode/DerivedData/NutraSafeBeta-awyabywlaekrybetqgpbjphfxefs/SourcePackages/checkouts/leveldb
    write-file /Users/aaronkeen/Library/Developer/Xcode/DerivedData/NutraSafeBeta-awyabywlaekrybetqgpbjphfxefs/Build/Intermediates.noindex/leveldb.build/Debug-iphonesimulator/leveldb_leveldb.build/leveldb_leveldb.DependencyMetadataFileList

WriteAuxiliaryFile /Users/aaronkeen/Library/Developer/Xcode/DerivedData/NutraSafeBeta-awyabywlaekrybetqgpbjphfxefs/Build/Intermediates.noindex/leveldb.build/Debug-iphonesimulator/leveldb_leveldb.build/empty-leveldb_leveldb.plist (in target 'leveldb_leveldb' from project 'leveldb')
    cd /Users/aaronkeen/Library/Developer/Xcode/DerivedData/NutraSafeBeta-awyabywlaekrybetqgpbjphfxefs/SourcePackages/checkouts/leveldb
    write-file /Users/aaronkeen/Library/Developer/Xcode/DerivedData/NutraSafeBeta-awyabywlaekrybetqgpbjphfxefs/Build/Intermediates.noindex/leveldb.build/Debug-iphonesimulator/leveldb_leveldb.build/empty-leveldb_leveldb.plist

WriteAuxiliaryFile /Users/aaronkeen/Library/Developer/Xcode/DerivedData/NutraSafeBeta-awyabywlaekrybetqgpbjphfxefs/Build/Intermediates.noindex/leveldb.build/Debug-iphonesimulator/leveldb.build/leveldb.modulemap (in target 'leveldb' from project 'leveldb')
    cd /Users/aaronkeen/Library/Developer/Xcode/DerivedData/NutraSafeBeta-awyabywlaekrybetqgpbjphfxefs/SourcePackages/checkouts/leveldb
    write-file /Users/aaronkeen/Library/Developer/Xcode/DerivedData/NutraSafeBeta-awyabywlaekrybetqgpbjphfxefs/Build/Intermediates.noindex/leveldb.build/Debug-iphonesimulator/leveldb.build/leveldb.modulemap

WriteAuxiliaryFile /Users/aaronkeen/Library/Developer/Xcode/DerivedData/NutraSafeBeta-awyabywlaekrybetqgpbjphfxefs/Build/Intermediates.noindex/leveldb.build/Debug-iphonesimulator/leveldb.build/leveldb.DependencyMetadataFileList (in target 'leveldb' from project 'leveldb')
    cd /Users/aaronkeen/Library/Developer/Xcode/DerivedData/NutraSafeBeta-awyabywlaekrybetqgpbjphfxefs/SourcePackages/checkouts/leveldb
    write-file /Users/aaronkeen/Library/Developer/Xcode/DerivedData/NutraSafeBeta-awyabywlaekrybetqgpbjphfxefs/Build/Intermediates.noindex/leveldb.build/Debug-iphonesimulator/leveldb.build/leveldb.DependencyMetadataFileList

WriteAuxiliaryFile /Users/aaronkeen/Library/Developer/Xcode/DerivedData/NutraSafeBeta-awyabywlaekrybetqgpbjphfxefs/Build/Intermediates.noindex/leveldb.build/Debug-iphonesimulator/leveldb.build/leveldb.DependencyStaticMetadataFileList (in target 'leveldb' from project 'leveldb')
    cd /Users/aaronkeen/Library/Developer/Xcode/DerivedData/NutraSafeBeta-awyabywlaekrybetqgpbjphfxefs/SourcePackages/checkouts/leveldb
    write-file /Users/aaronkeen/Library/Developer/Xcode/DerivedData/NutraSafeBeta-awyabywlaekrybetqgpbjphfxefs/Build/Intermediates.noindex/leveldb.build/Debug-iphonesimulator/leveldb.build/leveldb.DependencyStaticMetadataFileList

WriteAuxiliaryFile /Users/aaronkeen/Library/Developer/Xcode/DerivedData/NutraSafeBeta-awyabywlaekrybetqgpbjphfxefs/Build/Intermediates.noindex/leveldb.build/Debug-iphonesimulator/leveldb.build/Objects-normal/arm64/leveldb.LinkFileList (in target 'leveldb' from project 'leveldb')
    cd /Users/aaronkeen/Library/Developer/Xcode/DerivedData/NutraSafeBeta-awyabywlaekrybetqgpbjphfxefs/SourcePackages/checkouts/leveldb
    write-file /Users/aaronkeen/Library/Developer/Xcode/DerivedData/NutraSafeBeta-awyabywlaekrybetqgpbjphfxefs/Build/Intermediates.noindex/leveldb.build/Debug-iphonesimulator/leveldb.build/Objects-normal/arm64/leveldb.LinkFileList

WriteAuxiliaryFile /Users/aaronkeen/Library/Developer/Xcode/DerivedData/NutraSafeBeta-awyabywlaekrybetqgpbjphfxefs/Build/Intermediates.noindex/leveldb.build/Debug-iphonesimulator/leveldb.build/Objects-normal/arm64/82b82416624d2658e5098eb0a28c15c5-common-args.resp (in target 'leveldb' from project 'leveldb')
    cd /Users/aaronkeen/Library/Developer/Xcode/DerivedData/NutraSafeBeta-awyabywlaekrybetqgpbjphfxefs/SourcePackages/checkouts/leveldb
    write-file /Users/aaronkeen/Library/Developer/Xcode/DerivedData/NutraSafeBeta-awyabywlaekrybetqgpbjphfxefs/Build/Intermediates.noindex/leveldb.build/Debug-iphonesimulator/leveldb.build/Objects-normal/arm64/82b82416624d2658e5098eb0a28c15c5-common-args.resp
-target arm64-apple-ios12.0-simulator '-std=gnu++14' -fmodules -fno-cxx-modules -gmodules '-fmodules-cache-path=/Users/aaronkeen/Library/Developer/Xcode/DerivedData/ModuleCache.noindex' '-fmodule-name=leveldb' '-D_LIBCPP_HARDENING_MODE=_LIBCPP_HARDENING_MODE_DEBUG' -fpascal-strings -O0 -DSWIFT_PACKAGE '-DDEBUG=1' '-DLEVELDB_IS_BIG_ENDIAN=0' '-DLEVELDB_PLATFORM_POSIX=1' '-DHAVE_FULLFSYNC=1' -isysroot /Applications/Xcode.app/Contents/Developer/Platforms/iPhoneSimulator.platform/Developer/SDKs/iPhoneSimulator18.5.sdk -g -fvisibility-inlines-hidden -I/Users/aaronkeen/Library/Developer/Xcode/DerivedData/NutraSafeBeta-awyabywlaekrybetqgpbjphfxefs/Build/Products/Debug-iphonesimulator/include -I/Users/aaronkeen/Library/Developer/Xcode/DerivedData/NutraSafeBeta-awyabywlaekrybetqgpbjphfxefs/SourcePackages/checkouts/leveldb/include -I/Users/aaronkeen/Library/Developer/Xcode/DerivedData/NutraSafeBeta-awyabywlaekrybetqgpbjphfxefs/SourcePackages/checkouts/leveldb -I/Users/aaronkeen/Library/Developer/Xcode/DerivedData/NutraSafeBeta-awyabywlaekrybetqgpbjphfxefs/SourcePackages/checkouts/leveldb/include -I/Users/aaronkeen/Library/Developer/Xcode/DerivedData/NutraSafeBeta-awyabywlaekrybetqgpbjphfxefs/Build/Intermediates.noindex/leveldb.build/Debug-iphonesimulator/leveldb.build/DerivedSources-normal/arm64 -I/Users/aaronkeen/Library/Developer/Xcode/DerivedData/NutraSafeBeta-awyabywlaekrybetqgpbjphfxefs/Build/Intermediates.noindex/leveldb.build/Debug-iphonesimulator/leveldb.build/DerivedSources/arm64 -I/Users/aaronkeen/Library/Developer/Xcode/DerivedData/NutraSafeBeta-awyabywlaekrybetqgpbjphfxefs/Build/Intermediates.noindex/leveldb.build/Debug-iphonesimulator/leveldb.build/DerivedSources -F/Users/aaronkeen/Library/Developer/Xcode/DerivedData/NutraSafeBeta-awyabywlaekrybetqgpbjphfxefs/Build/Products/Debug-iphonesimulator -iframework /Applications/Xcode.app/Contents/Developer/Platforms/iPhoneSimulator.platform/Developer/Library/Frameworks -iframework /Applications/Xcode.app/Contents/Developer/Platforms/iPhoneSimulator.platform/Developer/SDKs/iPhoneSimulator18.5.sdk/Developer/Library/Frameworks -DXcode

WriteAuxiliaryFile /Users/aaronkeen/Library/Developer/Xcode/DerivedData/NutraSafeBeta-awyabywlaekrybetqgpbjphfxefs/Build/Intermediates.noindex/leveldb.build/Debug-iphonesimulator/leveldb.build/Objects-normal/arm64/e6072d4f65d7061329687fe24e3d63a7-common-args.resp (in target 'leveldb' from project 'leveldb')
    cd /Users/aaronkeen/Library/Developer/Xcode/DerivedData/NutraSafeBeta-awyabywlaekrybetqgpbjphfxefs/SourcePackages/checkouts/leveldb
    write-file /Users/aaronkeen/Library/Developer/Xcode/DerivedData/NutraSafeBeta-awyabywlaekrybetqgpbjphfxefs/Build/Intermediates.noindex/leveldb.build/Debug-iphonesimulator/leveldb.build/Objects-normal/arm64/e6072d4f65d7061329687fe24e3d63a7-common-args.resp
-target arm64-apple-ios12.0-simulator -fobjc-arc -fmodules -gmodules '-fmodules-cache-path=/Users/aaronkeen/Library/Developer/Xcode/DerivedData/ModuleCache.noindex' '-fmodule-name=leveldb' -fpascal-strings -O0 -DSWIFT_PACKAGE '-DDEBUG=1' '-DLEVELDB_IS_BIG_ENDIAN=0' '-DLEVELDB_PLATFORM_POSIX=1' '-DHAVE_FULLFSYNC=1' '-DOBJC_OLD_DISPATCH_PROTOTYPES=1' -isysroot /Applications/Xcode.app/Contents/Developer/Platforms/iPhoneSimulator.platform/Developer/SDKs/iPhoneSimulator18.5.sdk -g '-fobjc-abi-version=2' -fobjc-legacy-dispatch -I/Users/aaronkeen/Library/Developer/Xcode/DerivedData/NutraSafeBeta-awyabywlaekrybetqgpbjphfxefs/Build/Products/Debug-iphonesimulator/include -I/Users/aaronkeen/Library/Developer/Xcode/DerivedData/NutraSafeBeta-awyabywlaekrybetqgpbjphfxefs/SourcePackages/checkouts/leveldb/include -I/Users/aaronkeen/Library/Developer/Xcode/DerivedData/NutraSafeBeta-awyabywlaekrybetqgpbjphfxefs/SourcePackages/checkouts/leveldb -I/Users/aaronkeen/Library/Developer/Xcode/DerivedData/NutraSafeBeta-awyabywlaekrybetqgpbjphfxefs/SourcePackages/checkouts/leveldb/include -I/Users/aaronkeen/Library/Developer/Xcode/DerivedData/NutraSafeBeta-awyabywlaekrybetqgpbjphfxefs/Build/Intermediates.noindex/leveldb.build/Debug-iphonesimulator/leveldb.build/DerivedSources-normal/arm64 -I/Users/aaronkeen/Library/Developer/Xcode/DerivedData/NutraSafeBeta-awyabywlaekrybetqgpbjphfxefs/Build/Intermediates.noindex/leveldb.build/Debug-iphonesimulator/leveldb.build/DerivedSources/arm64 -I/Users/aaronkeen/Library/Developer/Xcode/DerivedData/NutraSafeBeta-awyabywlaekrybetqgpbjphfxefs/Build/Intermediates.noindex/leveldb.build/Debug-iphonesimulator/leveldb.build/DerivedSources -F/Users/aaronkeen/Library/Developer/Xcode/DerivedData/NutraSafeBeta-awyabywlaekrybetqgpbjphfxefs/Build/Products/Debug-iphonesimulator -iframework /Applications/Xcode.app/Contents/Developer/Platforms/iPhoneSimulator.platform/Developer/Library/Frameworks -iframework /Applications/Xcode.app/Contents/Developer/Platforms/iPhoneSimulator.platform/Developer/SDKs/iPhoneSimulator18.5.sdk/Developer/Library/Frameworks -DXcode

WriteAuxiliaryFile /Users/aaronkeen/Library/Developer/Xcode/DerivedData/NutraSafeBeta-awyabywlaekrybetqgpbjphfxefs/Build/Intermediates.noindex/leveldb.build/Debug-iphonesimulator/leveldb.build/DerivedSources/resource_bundle_accessor.m (in target 'leveldb' from project 'leveldb')
    cd /Users/aaronkeen/Library/Developer/Xcode/DerivedData/NutraSafeBeta-awyabywlaekrybetqgpbjphfxefs/SourcePackages/checkouts/leveldb
    write-file /Users/aaronkeen/Library/Developer/Xcode/DerivedData/NutraSafeBeta-awyabywlaekrybetqgpbjphfxefs/Build/Intermediates.noindex/leveldb.build/Debug-iphonesimulator/leveldb.build/DerivedSources/resource_bundle_accessor.m

WriteAuxiliaryFile /Users/aaronkeen/Library/Developer/Xcode/DerivedData/NutraSafeBeta-awyabywlaekrybetqgpbjphfxefs/Build/Intermediates.noindex/leveldb.build/Debug-iphonesimulator/leveldb.build/DerivedSources/resource_bundle_accessor.h (in target 'leveldb' from project 'leveldb')
    cd /Users/aaronkeen/Library/Developer/Xcode/DerivedData/NutraSafeBeta-awyabywlaekrybetqgpbjphfxefs/SourcePackages/checkouts/leveldb
    write-file /Users/aaronkeen/Library/Developer/Xcode/DerivedData/NutraSafeBeta-awyabywlaekrybetqgpbjphfxefs/Build/Intermediates.noindex/leveldb.build/Debug-iphonesimulator/leveldb.build/DerivedSources/resource_bundle_accessor.h

WriteAuxiliaryFile /Users/aaronkeen/Library/Developer/Xcode/DerivedData/NutraSafeBeta-awyabywlaekrybetqgpbjphfxefs/Build/Intermediates.noindex/gRPC.build/Debug-iphonesimulator/gRPC_grpcppWrapper.build/gRPC_grpcppWrapper.DependencyStaticMetadataFileList (in target 'gRPC_grpcppWrapper' from project 'gRPC')
    cd /Users/aaronkeen/Library/Developer/Xcode/DerivedData/NutraSafeBeta-awyabywlaekrybetqgpbjphfxefs/SourcePackages/checkouts/grpc-binary
    write-file /Users/aaronkeen/Library/Developer/Xcode/DerivedData/NutraSafeBeta-awyabywlaekrybetqgpbjphfxefs/Build/Intermediates.noindex/gRPC.build/Debug-iphonesimulator/gRPC_grpcppWrapper.build/gRPC_grpcppWrapper.DependencyStaticMetadataFileList

WriteAuxiliaryFile /Users/aaronkeen/Library/Developer/Xcode/DerivedData/NutraSafeBeta-awyabywlaekrybetqgpbjphfxefs/Build/Intermediates.noindex/gRPC.build/Debug-iphonesimulator/gRPC_grpcppWrapper.build/gRPC_grpcppWrapper.DependencyMetadataFileList (in target 'gRPC_grpcppWrapper' from project 'gRPC')
    cd /Users/aaronkeen/Library/Developer/Xcode/DerivedData/NutraSafeBeta-awyabywlaekrybetqgpbjphfxefs/SourcePackages/checkouts/grpc-binary
    write-file /Users/aaronkeen/Library/Developer/Xcode/DerivedData/NutraSafeBeta-awyabywlaekrybetqgpbjphfxefs/Build/Intermediates.noindex/gRPC.build/Debug-iphonesimulator/gRPC_grpcppWrapper.build/gRPC_grpcppWrapper.DependencyMetadataFileList

WriteAuxiliaryFile /Users/aaronkeen/Library/Developer/Xcode/DerivedData/NutraSafeBeta-awyabywlaekrybetqgpbjphfxefs/Build/Intermediates.noindex/gRPC.build/Debug-iphonesimulator/gRPC_grpcppWrapper.build/empty-gRPC_grpcppWrapper.plist (in target 'gRPC_grpcppWrapper' from project 'gRPC')
    cd /Users/aaronkeen/Library/Developer/Xcode/DerivedData/NutraSafeBeta-awyabywlaekrybetqgpbjphfxefs/SourcePackages/checkouts/grpc-binary
    write-file /Users/aaronkeen/Library/Developer/Xcode/DerivedData/NutraSafeBeta-awyabywlaekrybetqgpbjphfxefs/Build/Intermediates.noindex/gRPC.build/Debug-iphonesimulator/gRPC_grpcppWrapper.build/empty-gRPC_grpcppWrapper.plist

WriteAuxiliaryFile /Users/aaronkeen/Library/Developer/Xcode/DerivedData/NutraSafeBeta-awyabywlaekrybetqgpbjphfxefs/Build/Intermediates.noindex/abseil.build/Debug-iphonesimulator/abseil_abslWrapper.build/empty-abseil_abslWrapper.plist (in target 'abseil_abslWrapper' from project 'abseil')
    cd /Users/aaronkeen/Library/Developer/Xcode/DerivedData/NutraSafeBeta-awyabywlaekrybetqgpbjphfxefs/SourcePackages/checkouts/abseil-cpp-binary
    write-file /Users/aaronkeen/Library/Developer/Xcode/DerivedData/NutraSafeBeta-awyabywlaekrybetqgpbjphfxefs/Build/Intermediates.noindex/abseil.build/Debug-iphonesimulator/abseil_abslWrapper.build/empty-abseil_abslWrapper.plist

WriteAuxiliaryFile /Users/aaronkeen/Library/Developer/Xcode/DerivedData/NutraSafeBeta-awyabywlaekrybetqgpbjphfxefs/Build/Intermediates.noindex/abseil.build/Debug-iphonesimulator/abseil_abslWrapper.build/abseil_abslWrapper.DependencyStaticMetadataFileList (in target 'abseil_abslWrapper' from project 'abseil')
    cd /Users/aaronkeen/Library/Developer/Xcode/DerivedData/NutraSafeBeta-awyabywlaekrybetqgpbjphfxefs/SourcePackages/checkouts/abseil-cpp-binary
    write-file /Users/aaronkeen/Library/Developer/Xcode/DerivedData/NutraSafeBeta-awyabywlaekrybetqgpbjphfxefs/Build/Intermediates.noindex/abseil.build/Debug-iphonesimulator/abseil_abslWrapper.build/abseil_abslWrapper.DependencyStaticMetadataFileList

WriteAuxiliaryFile /Users/aaronkeen/Library/Developer/Xcode/DerivedData/NutraSafeBeta-awyabywlaekrybetqgpbjphfxefs/Build/Intermediates.noindex/abseil.build/Debug-iphonesimulator/abseil_abslWrapper.build/abseil_abslWrapper.DependencyMetadataFileList (in target 'abseil_abslWrapper' from project 'abseil')
    cd /Users/aaronkeen/Library/Developer/Xcode/DerivedData/NutraSafeBeta-awyabywlaekrybetqgpbjphfxefs/SourcePackages/checkouts/abseil-cpp-binary
    write-file /Users/aaronkeen/Library/Developer/Xcode/DerivedData/NutraSafeBeta-awyabywlaekrybetqgpbjphfxefs/Build/Intermediates.noindex/abseil.build/Debug-iphonesimulator/abseil_abslWrapper.build/abseil_abslWrapper.DependencyMetadataFileList

WriteAuxiliaryFile /Users/aaronkeen/Library/Developer/Xcode/DerivedData/NutraSafeBeta-awyabywlaekrybetqgpbjphfxefs/Build/Intermediates.noindex/InteropForGoogle.build/Debug-iphonesimulator/RecaptchaInterop.build/RecaptchaInterop.modulemap (in target 'RecaptchaInterop' from project 'InteropForGoogle')
    cd /Users/aaronkeen/Library/Developer/Xcode/DerivedData/NutraSafeBeta-awyabywlaekrybetqgpbjphfxefs/SourcePackages/checkouts/interop-ios-for-google-sdks
    write-file /Users/aaronkeen/Library/Developer/Xcode/DerivedData/NutraSafeBeta-awyabywlaekrybetqgpbjphfxefs/Build/Intermediates.noindex/InteropForGoogle.build/Debug-iphonesimulator/RecaptchaInterop.build/RecaptchaInterop.modulemap

WriteAuxiliaryFile /Users/aaronkeen/Library/Developer/Xcode/DerivedData/NutraSafeBeta-awyabywlaekrybetqgpbjphfxefs/Build/Intermediates.noindex/InteropForGoogle.build/Debug-iphonesimulator/RecaptchaInterop.build/RecaptchaInterop.DependencyStaticMetadataFileList (in target 'RecaptchaInterop' from project 'InteropForGoogle')
    cd /Users/aaronkeen/Library/Developer/Xcode/DerivedData/NutraSafeBeta-awyabywlaekrybetqgpbjphfxefs/SourcePackages/checkouts/interop-ios-for-google-sdks
    write-file /Users/aaronkeen/Library/Developer/Xcode/DerivedData/NutraSafeBeta-awyabywlaekrybetqgpbjphfxefs/Build/Intermediates.noindex/InteropForGoogle.build/Debug-iphonesimulator/RecaptchaInterop.build/RecaptchaInterop.DependencyStaticMetadataFileList

WriteAuxiliaryFile /Users/aaronkeen/Library/Developer/Xcode/DerivedData/NutraSafeBeta-awyabywlaekrybetqgpbjphfxefs/Build/Intermediates.noindex/InteropForGoogle.build/Debug-iphonesimulator/RecaptchaInterop.build/RecaptchaInterop.DependencyMetadataFileList (in target 'RecaptchaInterop' from project 'InteropForGoogle')
    cd /Users/aaronkeen/Library/Developer/Xcode/DerivedData/NutraSafeBeta-awyabywlaekrybetqgpbjphfxefs/SourcePackages/checkouts/interop-ios-for-google-sdks
    write-file /Users/aaronkeen/Library/Developer/Xcode/DerivedData/NutraSafeBeta-awyabywlaekrybetqgpbjphfxefs/Build/Intermediates.noindex/InteropForGoogle.build/Debug-iphonesimulator/RecaptchaInterop.build/RecaptchaInterop.DependencyMetadataFileList

WriteAuxiliaryFile /Users/aaronkeen/Library/Developer/Xcode/DerivedData/NutraSafeBeta-awyabywlaekrybetqgpbjphfxefs/Build/Intermediates.noindex/InteropForGoogle.build/Debug-iphonesimulator/RecaptchaInterop.build/Objects-normal/arm64/e6072d4f65d7061329687fe24e3d63a7-common-args.resp (in target 'RecaptchaInterop' from project 'InteropForGoogle')
    cd /Users/aaronkeen/Library/Developer/Xcode/DerivedData/NutraSafeBeta-awyabywlaekrybetqgpbjphfxefs/SourcePackages/checkouts/interop-ios-for-google-sdks
    write-file /Users/aaronkeen/Library/Developer/Xcode/DerivedData/NutraSafeBeta-awyabywlaekrybetqgpbjphfxefs/Build/Intermediates.noindex/InteropForGoogle.build/Debug-iphonesimulator/RecaptchaInterop.build/Objects-normal/arm64/e6072d4f65d7061329687fe24e3d63a7-common-args.resp
-target arm64-apple-ios12.0-simulator -fobjc-arc -fmodules -gmodules '-fmodules-cache-path=/Users/aaronkeen/Library/Developer/Xcode/DerivedData/ModuleCache.noindex' '-fmodule-name=RecaptchaInterop' -fpascal-strings -O0 -DSWIFT_PACKAGE '-DDEBUG=1' '-DOBJC_OLD_DISPATCH_PROTOTYPES=1' -isysroot /Applications/Xcode.app/Contents/Developer/Platforms/iPhoneSimulator.platform/Developer/SDKs/iPhoneSimulator18.5.sdk -g '-fobjc-abi-version=2' -fobjc-legacy-dispatch -I/Users/aaronkeen/Library/Developer/Xcode/DerivedData/NutraSafeBeta-awyabywlaekrybetqgpbjphfxefs/Build/Products/Debug-iphonesimulator/include -I/Users/aaronkeen/Library/Developer/Xcode/DerivedData/NutraSafeBeta-awyabywlaekrybetqgpbjphfxefs/SourcePackages/checkouts/interop-ios-for-google-sdks/RecaptchaEnterprise/RecaptchaInterop/Public -I/Users/aaronkeen/Library/Developer/Xcode/DerivedData/NutraSafeBeta-awyabywlaekrybetqgpbjphfxefs/Build/Intermediates.noindex/InteropForGoogle.build/Debug-iphonesimulator/RecaptchaInterop.build/DerivedSources-normal/arm64 -I/Users/aaronkeen/Library/Developer/Xcode/DerivedData/NutraSafeBeta-awyabywlaekrybetqgpbjphfxefs/Build/Intermediates.noindex/InteropForGoogle.build/Debug-iphonesimulator/RecaptchaInterop.build/DerivedSources/arm64 -I/Users/aaronkeen/Library/Developer/Xcode/DerivedData/NutraSafeBeta-awyabywlaekrybetqgpbjphfxefs/Build/Intermediates.noindex/InteropForGoogle.build/Debug-iphonesimulator/RecaptchaInterop.build/DerivedSources -F/Users/aaronkeen/Library/Developer/Xcode/DerivedData/NutraSafeBeta-awyabywlaekrybetqgpbjphfxefs/Build/Products/Debug-iphonesimulator -iframework /Applications/Xcode.app/Contents/Developer/Platforms/iPhoneSimulator.platform/Developer/Library/Frameworks -iframework /Applications/Xcode.app/Contents/Developer/Platforms/iPhoneSimulator.platform/Developer/SDKs/iPhoneSimulator18.5.sdk/Developer/Library/Frameworks -DXcode

WriteAuxiliaryFile /Users/aaronkeen/Library/Developer/Xcode/DerivedData/NutraSafeBeta-awyabywlaekrybetqgpbjphfxefs/Build/Intermediates.noindex/InteropForGoogle.build/Debug-iphonesimulator/RecaptchaInterop.build/Objects-normal/arm64/RecaptchaInterop.LinkFileList (in target 'RecaptchaInterop' from project 'InteropForGoogle')
    cd /Users/aaronkeen/Library/Developer/Xcode/DerivedData/NutraSafeBeta-awyabywlaekrybetqgpbjphfxefs/SourcePackages/checkouts/interop-ios-for-google-sdks
    write-file /Users/aaronkeen/Library/Developer/Xcode/DerivedData/NutraSafeBeta-awyabywlaekrybetqgpbjphfxefs/Build/Intermediates.noindex/InteropForGoogle.build/Debug-iphonesimulator/RecaptchaInterop.build/Objects-normal/arm64/RecaptchaInterop.LinkFileList

WriteAuxiliaryFile /Users/aaronkeen/Library/Developer/Xcode/DerivedData/NutraSafeBeta-awyabywlaekrybetqgpbjphfxefs/Build/Intermediates.noindex/GoogleUtilities.build/Debug-iphonesimulator/GoogleUtilities_GoogleUtilities-NSData.build/empty-GoogleUtilities_GoogleUtilities-NSData.plist (in target 'GoogleUtilities_GoogleUtilities-NSData' from project 'GoogleUtilities')
    cd /Users/aaronkeen/Library/Developer/Xcode/DerivedData/NutraSafeBeta-awyabywlaekrybetqgpbjphfxefs/SourcePackages/checkouts/GoogleUtilities
    write-file /Users/aaronkeen/Library/Developer/Xcode/DerivedData/NutraSafeBeta-awyabywlaekrybetqgpbjphfxefs/Build/Intermediates.noindex/GoogleUtilities.build/Debug-iphonesimulator/GoogleUtilities_GoogleUtilities-NSData.build/empty-GoogleUtilities_GoogleUtilities-NSData.plist

WriteAuxiliaryFile /Users/aaronkeen/Library/Developer/Xcode/DerivedData/NutraSafeBeta-awyabywlaekrybetqgpbjphfxefs/Build/Intermediates.noindex/GoogleUtilities.build/Debug-iphonesimulator/GoogleUtilities_GoogleUtilities-NSData.build/GoogleUtilities_GoogleUtilities-NSData.DependencyStaticMetadataFileList (in target 'GoogleUtilities_GoogleUtilities-NSData' from project 'GoogleUtilities')
    cd /Users/aaronkeen/Library/Developer/Xcode/DerivedData/NutraSafeBeta-awyabywlaekrybetqgpbjphfxefs/SourcePackages/checkouts/GoogleUtilities
    write-file /Users/aaronkeen/Library/Developer/Xcode/DerivedData/NutraSafeBeta-awyabywlaekrybetqgpbjphfxefs/Build/Intermediates.noindex/GoogleUtilities.build/Debug-iphonesimulator/GoogleUtilities_GoogleUtilities-NSData.build/GoogleUtilities_GoogleUtilities-NSData.DependencyStaticMetadataFileList

WriteAuxiliaryFile /Users/aaronkeen/Library/Developer/Xcode/DerivedData/NutraSafeBeta-awyabywlaekrybetqgpbjphfxefs/Build/Intermediates.noindex/GoogleUtilities.build/Debug-iphonesimulator/GoogleUtilities_GoogleUtilities-NSData.build/GoogleUtilities_GoogleUtilities-NSData.DependencyMetadataFileList (in target 'GoogleUtilities_GoogleUtilities-NSData' from project 'GoogleUtilities')
    cd /Users/aaronkeen/Library/Developer/Xcode/DerivedData/NutraSafeBeta-awyabywlaekrybetqgpbjphfxefs/SourcePackages/checkouts/GoogleUtilities
    write-file /Users/aaronkeen/Library/Developer/Xcode/DerivedData/NutraSafeBeta-awyabywlaekrybetqgpbjphfxefs/Build/Intermediates.noindex/GoogleUtilities.build/Debug-iphonesimulator/GoogleUtilities_GoogleUtilities-NSData.build/GoogleUtilities_GoogleUtilities-NSData.DependencyMetadataFileList

WriteAuxiliaryFile /Users/aaronkeen/Library/Developer/Xcode/DerivedData/NutraSafeBeta-awyabywlaekrybetqgpbjphfxefs/Build/Intermediates.noindex/GoogleUtilities.build/Debug-iphonesimulator/GoogleUtilities_GoogleUtilities-Logger.build/empty-GoogleUtilities_GoogleUtilities-Logger.plist (in target 'GoogleUtilities_GoogleUtilities-Logger' from project 'GoogleUtilities')
    cd /Users/aaronkeen/Library/Developer/Xcode/DerivedData/NutraSafeBeta-awyabywlaekrybetqgpbjphfxefs/SourcePackages/checkouts/GoogleUtilities
    write-file /Users/aaronkeen/Library/Developer/Xcode/DerivedData/NutraSafeBeta-awyabywlaekrybetqgpbjphfxefs/Build/Intermediates.noindex/GoogleUtilities.build/Debug-iphonesimulator/GoogleUtilities_GoogleUtilities-Logger.build/empty-GoogleUtilities_GoogleUtilities-Logger.plist

WriteAuxiliaryFile /Users/aaronkeen/Library/Developer/Xcode/DerivedData/NutraSafeBeta-awyabywlaekrybetqgpbjphfxefs/Build/Intermediates.noindex/GoogleUtilities.build/Debug-iphonesimulator/GoogleUtilities_GoogleUtilities-Logger.build/GoogleUtilities_GoogleUtilities-Logger.DependencyStaticMetadataFileList (in target 'GoogleUtilities_GoogleUtilities-Logger' from project 'GoogleUtilities')
    cd /Users/aaronkeen/Library/Developer/Xcode/DerivedData/NutraSafeBeta-awyabywlaekrybetqgpbjphfxefs/SourcePackages/checkouts/GoogleUtilities
    write-file /Users/aaronkeen/Library/Developer/Xcode/DerivedData/NutraSafeBeta-awyabywlaekrybetqgpbjphfxefs/Build/Intermediates.noindex/GoogleUtilities.build/Debug-iphonesimulator/GoogleUtilities_GoogleUtilities-Logger.build/GoogleUtilities_GoogleUtilities-Logger.DependencyStaticMetadataFileList

WriteAuxiliaryFile /Users/aaronkeen/Library/Developer/Xcode/DerivedData/NutraSafeBeta-awyabywlaekrybetqgpbjphfxefs/Build/Intermediates.noindex/GoogleUtilities.build/Debug-iphonesimulator/GoogleUtilities_GoogleUtilities-Logger.build/GoogleUtilities_GoogleUtilities-Logger.DependencyMetadataFileList (in target 'GoogleUtilities_GoogleUtilities-Logger' from project 'GoogleUtilities')
    cd /Users/aaronkeen/Library/Developer/Xcode/DerivedData/NutraSafeBeta-awyabywlaekrybetqgpbjphfxefs/SourcePackages/checkouts/GoogleUtilities
    write-file /Users/aaronkeen/Library/Developer/Xcode/DerivedData/NutraSafeBeta-awyabywlaekrybetqgpbjphfxefs/Build/Intermediates.noindex/GoogleUtilities.build/Debug-iphonesimulator/GoogleUtilities_GoogleUtilities-Logger.build/GoogleUtilities_GoogleUtilities-Logger.DependencyMetadataFileList

WriteAuxiliaryFile /Users/aaronkeen/Library/Developer/Xcode/DerivedData/NutraSafeBeta-awyabywlaekrybetqgpbjphfxefs/Build/Intermediates.noindex/GoogleUtilities.build/Debug-iphonesimulator/GoogleUtilities_GoogleUtilities-Environment.build/empty-GoogleUtilities_GoogleUtilities-Environment.plist (in target 'GoogleUtilities_GoogleUtilities-Environment' from project 'GoogleUtilities')
    cd /Users/aaronkeen/Library/Developer/Xcode/DerivedData/NutraSafeBeta-awyabywlaekrybetqgpbjphfxefs/SourcePackages/checkouts/GoogleUtilities
    write-file /Users/aaronkeen/Library/Developer/Xcode/DerivedData/NutraSafeBeta-awyabywlaekrybetqgpbjphfxefs/Build/Intermediates.noindex/GoogleUtilities.build/Debug-iphonesimulator/GoogleUtilities_GoogleUtilities-Environment.build/empty-GoogleUtilities_GoogleUtilities-Environment.plist

WriteAuxiliaryFile /Users/aaronkeen/Library/Developer/Xcode/DerivedData/NutraSafeBeta-awyabywlaekrybetqgpbjphfxefs/Build/Intermediates.noindex/GoogleUtilities.build/Debug-iphonesimulator/GoogleUtilities_GoogleUtilities-Environment.build/GoogleUtilities_GoogleUtilities-Environment.DependencyStaticMetadataFileList (in target 'GoogleUtilities_GoogleUtilities-Environment' from project 'GoogleUtilities')
    cd /Users/aaronkeen/Library/Developer/Xcode/DerivedData/NutraSafeBeta-awyabywlaekrybetqgpbjphfxefs/SourcePackages/checkouts/GoogleUtilities
    write-file /Users/aaronkeen/Library/Developer/Xcode/DerivedData/NutraSafeBeta-awyabywlaekrybetqgpbjphfxefs/Build/Intermediates.noindex/GoogleUtilities.build/Debug-iphonesimulator/GoogleUtilities_GoogleUtilities-Environment.build/GoogleUtilities_GoogleUtilities-Environment.DependencyStaticMetadataFileList

WriteAuxiliaryFile /Users/aaronkeen/Library/Developer/Xcode/DerivedData/NutraSafeBeta-awyabywlaekrybetqgpbjphfxefs/Build/Intermediates.noindex/GoogleUtilities.build/Debug-iphonesimulator/GoogleUtilities_GoogleUtilities-Environment.build/GoogleUtilities_GoogleUtilities-Environment.DependencyMetadataFileList (in target 'GoogleUtilities_GoogleUtilities-Environment' from project 'GoogleUtilities')
    cd /Users/aaronkeen/Library/Developer/Xcode/DerivedData/NutraSafeBeta-awyabywlaekrybetqgpbjphfxefs/SourcePackages/checkouts/GoogleUtilities
    write-file /Users/aaronkeen/Library/Developer/Xcode/DerivedData/NutraSafeBeta-awyabywlaekrybetqgpbjphfxefs/Build/Intermediates.noindex/GoogleUtilities.build/Debug-iphonesimulator/GoogleUtilities_GoogleUtilities-Environment.build/GoogleUtilities_GoogleUtilities-Environment.DependencyMetadataFileList

WriteAuxiliaryFile /Users/aaronkeen/Library/Developer/Xcode/DerivedData/NutraSafeBeta-awyabywlaekrybetqgpbjphfxefs/Build/Intermediates.noindex/GoogleUtilities.build/Debug-iphonesimulator/GoogleUtilities_GoogleUtilities-AppDelegateSwizzler.build/empty-GoogleUtilities_GoogleUtilities-AppDelegateSwizzler.plist (in target 'GoogleUtilities_GoogleUtilities-AppDelegateSwizzler' from project 'GoogleUtilities')
    cd /Users/aaronkeen/Library/Developer/Xcode/DerivedData/NutraSafeBeta-awyabywlaekrybetqgpbjphfxefs/SourcePackages/checkouts/GoogleUtilities
    write-file /Users/aaronkeen/Library/Developer/Xcode/DerivedData/NutraSafeBeta-awyabywlaekrybetqgpbjphfxefs/Build/Intermediates.noindex/GoogleUtilities.build/Debug-iphonesimulator/GoogleUtilities_GoogleUtilities-AppDelegateSwizzler.build/empty-GoogleUtilities_GoogleUtilities-AppDelegateSwizzler.plist

WriteAuxiliaryFile /Users/aaronkeen/Library/Developer/Xcode/DerivedData/NutraSafeBeta-awyabywlaekrybetqgpbjphfxefs/Build/Intermediates.noindex/GoogleUtilities.build/Debug-iphonesimulator/GoogleUtilities_GoogleUtilities-AppDelegateSwizzler.build/GoogleUtilities_GoogleUtilities-AppDelegateSwizzler.DependencyStaticMetadataFileList (in target 'GoogleUtilities_GoogleUtilities-AppDelegateSwizzler' from project 'GoogleUtilities')
    cd /Users/aaronkeen/Library/Developer/Xcode/DerivedData/NutraSafeBeta-awyabywlaekrybetqgpbjphfxefs/SourcePackages/checkouts/GoogleUtilities
    write-file /Users/aaronkeen/Library/Developer/Xcode/DerivedData/NutraSafeBeta-awyabywlaekrybetqgpbjphfxefs/Build/Intermediates.noindex/GoogleUtilities.build/Debug-iphonesimulator/GoogleUtilities_GoogleUtilities-AppDelegateSwizzler.build/GoogleUtilities_GoogleUtilities-AppDelegateSwizzler.DependencyStaticMetadataFileList

WriteAuxiliaryFile /Users/aaronkeen/Library/Developer/Xcode/DerivedData/NutraSafeBeta-awyabywlaekrybetqgpbjphfxefs/Build/Intermediates.noindex/GoogleUtilities.build/Debug-iphonesimulator/GoogleUtilities_GoogleUtilities-AppDelegateSwizzler.build/GoogleUtilities_GoogleUtilities-AppDelegateSwizzler.DependencyMetadataFileList (in target 'GoogleUtilities_GoogleUtilities-AppDelegateSwizzler' from project 'GoogleUtilities')
    cd /Users/aaronkeen/Library/Developer/Xcode/DerivedData/NutraSafeBeta-awyabywlaekrybetqgpbjphfxefs/SourcePackages/checkouts/GoogleUtilities
    write-file /Users/aaronkeen/Library/Developer/Xcode/DerivedData/NutraSafeBeta-awyabywlaekrybetqgpbjphfxefs/Build/Intermediates.noindex/GoogleUtilities.build/Debug-iphonesimulator/GoogleUtilities_GoogleUtilities-AppDelegateSwizzler.build/GoogleUtilities_GoogleUtilities-AppDelegateSwizzler.DependencyMetadataFileList

WriteAuxiliaryFile /Users/aaronkeen/Library/Developer/Xcode/DerivedData/NutraSafeBeta-awyabywlaekrybetqgpbjphfxefs/Build/Intermediates.noindex/GoogleUtilities.build/Debug-iphonesimulator/GoogleUtilities-Reachability.build/Objects-normal/arm64/GoogleUtilities-Reachability.LinkFileList (in target 'GoogleUtilities-Reachability' from project 'GoogleUtilities')
    cd /Users/aaronkeen/Library/Developer/Xcode/DerivedData/NutraSafeBeta-awyabywlaekrybetqgpbjphfxefs/SourcePackages/checkouts/GoogleUtilities
    write-file /Users/aaronkeen/Library/Developer/Xcode/DerivedData/NutraSafeBeta-awyabywlaekrybetqgpbjphfxefs/Build/Intermediates.noindex/GoogleUtilities.build/Debug-iphonesimulator/GoogleUtilities-Reachability.build/Objects-normal/arm64/GoogleUtilities-Reachability.LinkFileList

WriteAuxiliaryFile /Users/aaronkeen/Library/Developer/Xcode/DerivedData/NutraSafeBeta-awyabywlaekrybetqgpbjphfxefs/Build/Intermediates.noindex/GoogleUtilities.build/Debug-iphonesimulator/GoogleUtilities-Reachability.build/Objects-normal/arm64/e6072d4f65d7061329687fe24e3d63a7-common-args.resp (in target 'GoogleUtilities-Reachability' from project 'GoogleUtilities')
    cd /Users/aaronkeen/Library/Developer/Xcode/DerivedData/NutraSafeBeta-awyabywlaekrybetqgpbjphfxefs/SourcePackages/checkouts/GoogleUtilities
    write-file /Users/aaronkeen/Library/Developer/Xcode/DerivedData/NutraSafeBeta-awyabywlaekrybetqgpbjphfxefs/Build/Intermediates.noindex/GoogleUtilities.build/Debug-iphonesimulator/GoogleUtilities-Reachability.build/Objects-normal/arm64/e6072d4f65d7061329687fe24e3d63a7-common-args.resp
-target arm64-apple-ios12.0-simulator '-std=c99' -fobjc-arc -fmodules -gmodules '-fmodules-cache-path=/Users/aaronkeen/Library/Developer/Xcode/DerivedData/ModuleCache.noindex' '-fmodule-name=GoogleUtilities_Reachability' -fpascal-strings -O0 -DSWIFT_PACKAGE '-DDEBUG=1' '-DOBJC_OLD_DISPATCH_PROTOTYPES=1' -isysroot /Applications/Xcode.app/Contents/Developer/Platforms/iPhoneSimulator.platform/Developer/SDKs/iPhoneSimulator18.5.sdk -g '-fobjc-abi-version=2' -fobjc-legacy-dispatch -I/Users/aaronkeen/Library/Developer/Xcode/DerivedData/NutraSafeBeta-awyabywlaekrybetqgpbjphfxefs/SourcePackages/checkouts/GoogleUtilities/GoogleUtilities/Logger/Public -I/Users/aaronkeen/Library/Developer/Xcode/DerivedData/NutraSafeBeta-awyabywlaekrybetqgpbjphfxefs/SourcePackages/checkouts/GoogleUtilities/GoogleUtilities/Environment/Public -I/Users/aaronkeen/Library/Developer/Xcode/DerivedData/NutraSafeBeta-awyabywlaekrybetqgpbjphfxefs/SourcePackages/checkouts/GoogleUtilities/third_party/IsAppEncrypted/Public -I/Users/aaronkeen/Library/Developer/Xcode/DerivedData/NutraSafeBeta-awyabywlaekrybetqgpbjphfxefs/Build/Products/Debug-iphonesimulator/include -I/Users/aaronkeen/Library/Developer/Xcode/DerivedData/NutraSafeBeta-awyabywlaekrybetqgpbjphfxefs/SourcePackages/checkouts/GoogleUtilities/GoogleUtilities/Reachability/Public -I/Users/aaronkeen/Library/Developer/Xcode/DerivedData/NutraSafeBeta-awyabywlaekrybetqgpbjphfxefs/SourcePackages/checkouts/GoogleUtilities -I/Users/aaronkeen/Library/Developer/Xcode/DerivedData/NutraSafeBeta-awyabywlaekrybetqgpbjphfxefs/Build/Intermediates.noindex/GoogleUtilities.build/Debug-iphonesimulator/GoogleUtilities-Reachability.build/DerivedSources-normal/arm64 -I/Users/aaronkeen/Library/Developer/Xcode/DerivedData/NutraSafeBeta-awyabywlaekrybetqgpbjphfxefs/Build/Intermediates.noindex/GoogleUtilities.build/Debug-iphonesimulator/GoogleUtilities-Reachability.build/DerivedSources/arm64 -I/Users/aaronkeen/Library/Developer/Xcode/DerivedData/NutraSafeBeta-awyabywlaekrybetqgpbjphfxefs/Build/Intermediates.noindex/GoogleUtilities.build/Debug-iphonesimulator/GoogleUtilities-Reachability.build/DerivedSources -F/Users/aaronkeen/Library/Developer/Xcode/DerivedData/NutraSafeBeta-awyabywlaekrybetqgpbjphfxefs/Build/Products/Debug-iphonesimulator/PackageFrameworks -F/Users/aaronkeen/Library/Developer/Xcode/DerivedData/NutraSafeBeta-awyabywlaekrybetqgpbjphfxefs/Build/Products/Debug-iphonesimulator/PackageFrameworks -F/Users/aaronkeen/Library/Developer/Xcode/DerivedData/NutraSafeBeta-awyabywlaekrybetqgpbjphfxefs/Build/Products/Debug-iphonesimulator/PackageFrameworks -F/Users/aaronkeen/Library/Developer/Xcode/DerivedData/NutraSafeBeta-awyabywlaekrybetqgpbjphfxefs/Build/Products/Debug-iphonesimulator -iframework /Applications/Xcode.app/Contents/Developer/Platforms/iPhoneSimulator.platform/Developer/Library/Frameworks -iframework /Applications/Xcode.app/Contents/Developer/Platforms/iPhoneSimulator.platform/Developer/SDKs/iPhoneSimulator18.5.sdk/Developer/Library/Frameworks '-fmodule-map-file=/Users/aaronkeen/Library/Developer/Xcode/DerivedData/NutraSafeBeta-awyabywlaekrybetqgpbjphfxefs/Build/Intermediates.noindex/GeneratedModuleMaps-iphonesimulator/GoogleUtilities-Logger.modulemap' '-fmodule-map-file=/Users/aaronkeen/Library/Developer/Xcode/DerivedData/NutraSafeBeta-awyabywlaekrybetqgpbjphfxefs/Build/Intermediates.noindex/GeneratedModuleMaps-iphonesimulator/GoogleUtilities-Environment.modulemap' '-fmodule-map-file=/Users/aaronkeen/Library/Developer/Xcode/DerivedData/NutraSafeBeta-awyabywlaekrybetqgpbjphfxefs/Build/Intermediates.noindex/GeneratedModuleMaps-iphonesimulator/third-party-IsAppEncrypted.modulemap' -DXcode

WriteAuxiliaryFile /Users/aaronkeen/Library/Developer/Xcode/DerivedData/NutraSafeBeta-awyabywlaekrybetqgpbjphfxefs/Build/Intermediates.noindex/GoogleUtilities.build/Debug-iphonesimulator/GoogleUtilities-Reachability.build/GoogleUtilities-Reachability.modulemap (in target 'GoogleUtilities-Reachability' from project 'GoogleUtilities')
    cd /Users/aaronkeen/Library/Developer/Xcode/DerivedData/NutraSafeBeta-awyabywlaekrybetqgpbjphfxefs/SourcePackages/checkouts/GoogleUtilities
    write-file /Users/aaronkeen/Library/Developer/Xcode/DerivedData/NutraSafeBeta-awyabywlaekrybetqgpbjphfxefs/Build/Intermediates.noindex/GoogleUtilities.build/Debug-iphonesimulator/GoogleUtilities-Reachability.build/GoogleUtilities-Reachability.modulemap

WriteAuxiliaryFile /Users/aaronkeen/Library/Developer/Xcode/DerivedData/NutraSafeBeta-awyabywlaekrybetqgpbjphfxefs/Build/Intermediates.noindex/GoogleUtilities.build/Debug-iphonesimulator/GoogleUtilities-Reachability.build/GoogleUtilities-Reachability.DependencyStaticMetadataFileList (in target 'GoogleUtilities-Reachability' from project 'GoogleUtilities')
    cd /Users/aaronkeen/Library/Developer/Xcode/DerivedData/NutraSafeBeta-awyabywlaekrybetqgpbjphfxefs/SourcePackages/checkouts/GoogleUtilities
    write-file /Users/aaronkeen/Library/Developer/Xcode/DerivedData/NutraSafeBeta-awyabywlaekrybetqgpbjphfxefs/Build/Intermediates.noindex/GoogleUtilities.build/Debug-iphonesimulator/GoogleUtilities-Reachability.build/GoogleUtilities-Reachability.DependencyStaticMetadataFileList

WriteAuxiliaryFile /Users/aaronkeen/Library/Developer/Xcode/DerivedData/NutraSafeBeta-awyabywlaekrybetqgpbjphfxefs/Build/Intermediates.noindex/GoogleUtilities.build/Debug-iphonesimulator/GoogleUtilities-Reachability.build/GoogleUtilities-Reachability.DependencyMetadataFileList (in target 'GoogleUtilities-Reachability' from project 'GoogleUtilities')
    cd /Users/aaronkeen/Library/Developer/Xcode/DerivedData/NutraSafeBeta-awyabywlaekrybetqgpbjphfxefs/SourcePackages/checkouts/GoogleUtilities
    write-file /Users/aaronkeen/Library/Developer/Xcode/DerivedData/NutraSafeBeta-awyabywlaekrybetqgpbjphfxefs/Build/Intermediates.noindex/GoogleUtilities.build/Debug-iphonesimulator/GoogleUtilities-Reachability.build/GoogleUtilities-Reachability.DependencyMetadataFileList

WriteAuxiliaryFile /Users/aaronkeen/Library/Developer/Xcode/DerivedData/NutraSafeBeta-awyabywlaekrybetqgpbjphfxefs/Build/Intermediates.noindex/GoogleUtilities.build/Debug-iphonesimulator/GoogleUtilities-Reachability.build/DerivedSources/resource_bundle_accessor.m (in target 'GoogleUtilities-Reachability' from project 'GoogleUtilities')
    cd /Users/aaronkeen/Library/Developer/Xcode/DerivedData/NutraSafeBeta-awyabywlaekrybetqgpbjphfxefs/SourcePackages/checkouts/GoogleUtilities
    write-file /Users/aaronkeen/Library/Developer/Xcode/DerivedData/NutraSafeBeta-awyabywlaekrybetqgpbjphfxefs/Build/Intermediates.noindex/GoogleUtilities.build/Debug-iphonesimulator/GoogleUtilities-Reachability.build/DerivedSources/resource_bundle_accessor.m

WriteAuxiliaryFile /Users/aaronkeen/Library/Developer/Xcode/DerivedData/NutraSafeBeta-awyabywlaekrybetqgpbjphfxefs/Build/Intermediates.noindex/GoogleUtilities.build/Debug-iphonesimulator/GoogleUtilities-Reachability.build/DerivedSources/resource_bundle_accessor.h (in target 'GoogleUtilities-Reachability' from project 'GoogleUtilities')
    cd /Users/aaronkeen/Library/Developer/Xcode/DerivedData/NutraSafeBeta-awyabywlaekrybetqgpbjphfxefs/SourcePackages/checkouts/GoogleUtilities
    write-file /Users/aaronkeen/Library/Developer/Xcode/DerivedData/NutraSafeBeta-awyabywlaekrybetqgpbjphfxefs/Build/Intermediates.noindex/GoogleUtilities.build/Debug-iphonesimulator/GoogleUtilities-Reachability.build/DerivedSources/resource_bundle_accessor.h

WriteAuxiliaryFile /Users/aaronkeen/Library/Developer/Xcode/DerivedData/NutraSafeBeta-awyabywlaekrybetqgpbjphfxefs/Build/Intermediates.noindex/GoogleUtilities.build/Debug-iphonesimulator/GoogleUtilities-Network.build/Objects-normal/arm64/e6072d4f65d7061329687fe24e3d63a7-common-args.resp (in target 'GoogleUtilities-Network' from project 'GoogleUtilities')
    cd /Users/aaronkeen/Library/Developer/Xcode/DerivedData/NutraSafeBeta-awyabywlaekrybetqgpbjphfxefs/SourcePackages/checkouts/GoogleUtilities
    write-file /Users/aaronkeen/Library/Developer/Xcode/DerivedData/NutraSafeBeta-awyabywlaekrybetqgpbjphfxefs/Build/Intermediates.noindex/GoogleUtilities.build/Debug-iphonesimulator/GoogleUtilities-Network.build/Objects-normal/arm64/e6072d4f65d7061329687fe24e3d63a7-common-args.resp
-target arm64-apple-ios12.0-simulator '-std=c99' -fobjc-arc -fmodules -gmodules '-fmodules-cache-path=/Users/aaronkeen/Library/Developer/Xcode/DerivedData/ModuleCache.noindex' '-fmodule-name=GoogleUtilities_Network' -fpascal-strings -O0 -DSWIFT_PACKAGE '-DDEBUG=1' '-DOBJC_OLD_DISPATCH_PROTOTYPES=1' -isysroot /Applications/Xcode.app/Contents/Developer/Platforms/iPhoneSimulator.platform/Developer/SDKs/iPhoneSimulator18.5.sdk -g '-fobjc-abi-version=2' -fobjc-legacy-dispatch -I/Users/aaronkeen/Library/Developer/Xcode/DerivedData/NutraSafeBeta-awyabywlaekrybetqgpbjphfxefs/SourcePackages/checkouts/GoogleUtilities/GoogleUtilities/Reachability/Public -I/Users/aaronkeen/Library/Developer/Xcode/DerivedData/NutraSafeBeta-awyabywlaekrybetqgpbjphfxefs/SourcePackages/checkouts/GoogleUtilities/GoogleUtilities/NSData+zlib/Public -I/Users/aaronkeen/Library/Developer/Xcode/DerivedData/NutraSafeBeta-awyabywlaekrybetqgpbjphfxefs/SourcePackages/checkouts/GoogleUtilities/GoogleUtilities/Logger/Public -I/Users/aaronkeen/Library/Developer/Xcode/DerivedData/NutraSafeBeta-awyabywlaekrybetqgpbjphfxefs/SourcePackages/checkouts/GoogleUtilities/GoogleUtilities/Environment/Public -I/Users/aaronkeen/Library/Developer/Xcode/DerivedData/NutraSafeBeta-awyabywlaekrybetqgpbjphfxefs/SourcePackages/checkouts/GoogleUtilities/third_party/IsAppEncrypted/Public -I/Users/aaronkeen/Library/Developer/Xcode/DerivedData/NutraSafeBeta-awyabywlaekrybetqgpbjphfxefs/Build/Products/Debug-iphonesimulator/include -I/Users/aaronkeen/Library/Developer/Xcode/DerivedData/NutraSafeBeta-awyabywlaekrybetqgpbjphfxefs/SourcePackages/checkouts/GoogleUtilities/GoogleUtilities/Network/Public -I/Users/aaronkeen/Library/Developer/Xcode/DerivedData/NutraSafeBeta-awyabywlaekrybetqgpbjphfxefs/SourcePackages/checkouts/GoogleUtilities -I/Users/aaronkeen/Library/Developer/Xcode/DerivedData/NutraSafeBeta-awyabywlaekrybetqgpbjphfxefs/Build/Intermediates.noindex/GoogleUtilities.build/Debug-iphonesimulator/GoogleUtilities-Network.build/DerivedSources-normal/arm64 -I/Users/aaronkeen/Library/Developer/Xcode/DerivedData/NutraSafeBeta-awyabywlaekrybetqgpbjphfxefs/Build/Intermediates.noindex/GoogleUtilities.build/Debug-iphonesimulator/GoogleUtilities-Network.build/DerivedSources/arm64 -I/Users/aaronkeen/Library/Developer/Xcode/DerivedData/NutraSafeBeta-awyabywlaekrybetqgpbjphfxefs/Build/Intermediates.noindex/GoogleUtilities.build/Debug-iphonesimulator/GoogleUtilities-Network.build/DerivedSources -F/Users/aaronkeen/Library/Developer/Xcode/DerivedData/NutraSafeBeta-awyabywlaekrybetqgpbjphfxefs/Build/Products/Debug-iphonesimulator/PackageFrameworks -F/Users/aaronkeen/Library/Developer/Xcode/DerivedData/NutraSafeBeta-awyabywlaekrybetqgpbjphfxefs/Build/Products/Debug-iphonesimulator/PackageFrameworks -F/Users/aaronkeen/Library/Developer/Xcode/DerivedData/NutraSafeBeta-awyabywlaekrybetqgpbjphfxefs/Build/Products/Debug-iphonesimulator/PackageFrameworks -F/Users/aaronkeen/Library/Developer/Xcode/DerivedData/NutraSafeBeta-awyabywlaekrybetqgpbjphfxefs/Build/Products/Debug-iphonesimulator/PackageFrameworks -F/Users/aaronkeen/Library/Developer/Xcode/DerivedData/NutraSafeBeta-awyabywlaekrybetqgpbjphfxefs/Build/Products/Debug-iphonesimulator/PackageFrameworks -F/Users/aaronkeen/Library/Developer/Xcode/DerivedData/NutraSafeBeta-awyabywlaekrybetqgpbjphfxefs/Build/Products/Debug-iphonesimulator -iframework /Applications/Xcode.app/Contents/Developer/Platforms/iPhoneSimulator.platform/Developer/Library/Frameworks -iframework /Applications/Xcode.app/Contents/Developer/Platforms/iPhoneSimulator.platform/Developer/SDKs/iPhoneSimulator18.5.sdk/Developer/Library/Frameworks '-fmodule-map-file=/Users/aaronkeen/Library/Developer/Xcode/DerivedData/NutraSafeBeta-awyabywlaekrybetqgpbjphfxefs/Build/Intermediates.noindex/GeneratedModuleMaps-iphonesimulator/GoogleUtilities-Reachability.modulemap' '-fmodule-map-file=/Users/aaronkeen/Library/Developer/Xcode/DerivedData/NutraSafeBeta-awyabywlaekrybetqgpbjphfxefs/Build/Intermediates.noindex/GeneratedModuleMaps-iphonesimulator/GoogleUtilities-NSData.modulemap' '-fmodule-map-file=/Users/aaronkeen/Library/Developer/Xcode/DerivedData/NutraSafeBeta-awyabywlaekrybetqgpbjphfxefs/Build/Intermediates.noindex/GeneratedModuleMaps-iphonesimulator/GoogleUtilities-Logger.modulemap' '-fmodule-map-file=/Users/aaronkeen/Library/Developer/Xcode/DerivedData/NutraSafeBeta-awyabywlaekrybetqgpbjphfxefs/Build/Intermediates.noindex/GeneratedModuleMaps-iphonesimulator/GoogleUtilities-Environment.modulemap' '-fmodule-map-file=/Users/aaronkeen/Library/Developer/Xcode/DerivedData/NutraSafeBeta-awyabywlaekrybetqgpbjphfxefs/Build/Intermediates.noindex/GeneratedModuleMaps-iphonesimulator/third-party-IsAppEncrypted.modulemap' -DXcode

WriteAuxiliaryFile /Users/aaronkeen/Library/Developer/Xcode/DerivedData/NutraSafeBeta-awyabywlaekrybetqgpbjphfxefs/Build/Intermediates.noindex/GoogleUtilities.build/Debug-iphonesimulator/GoogleUtilities-Network.build/Objects-normal/arm64/GoogleUtilities-Network.LinkFileList (in target 'GoogleUtilities-Network' from project 'GoogleUtilities')
    cd /Users/aaronkeen/Library/Developer/Xcode/DerivedData/NutraSafeBeta-awyabywlaekrybetqgpbjphfxefs/SourcePackages/checkouts/GoogleUtilities
    write-file /Users/aaronkeen/Library/Developer/Xcode/DerivedData/NutraSafeBeta-awyabywlaekrybetqgpbjphfxefs/Build/Intermediates.noindex/GoogleUtilities.build/Debug-iphonesimulator/GoogleUtilities-Network.build/Objects-normal/arm64/GoogleUtilities-Network.LinkFileList

WriteAuxiliaryFile /Users/aaronkeen/Library/Developer/Xcode/DerivedData/NutraSafeBeta-awyabywlaekrybetqgpbjphfxefs/Build/Intermediates.noindex/GoogleUtilities.build/Debug-iphonesimulator/GoogleUtilities-Network.build/GoogleUtilities-Network.modulemap (in target 'GoogleUtilities-Network' from project 'GoogleUtilities')
    cd /Users/aaronkeen/Library/Developer/Xcode/DerivedData/NutraSafeBeta-awyabywlaekrybetqgpbjphfxefs/SourcePackages/checkouts/GoogleUtilities
    write-file /Users/aaronkeen/Library/Developer/Xcode/DerivedData/NutraSafeBeta-awyabywlaekrybetqgpbjphfxefs/Build/Intermediates.noindex/GoogleUtilities.build/Debug-iphonesimulator/GoogleUtilities-Network.build/GoogleUtilities-Network.modulemap

WriteAuxiliaryFile /Users/aaronkeen/Library/Developer/Xcode/DerivedData/NutraSafeBeta-awyabywlaekrybetqgpbjphfxefs/Build/Intermediates.noindex/GoogleUtilities.build/Debug-iphonesimulator/GoogleUtilities-Network.build/GoogleUtilities-Network.DependencyStaticMetadataFileList (in target 'GoogleUtilities-Network' from project 'GoogleUtilities')
    cd /Users/aaronkeen/Library/Developer/Xcode/DerivedData/NutraSafeBeta-awyabywlaekrybetqgpbjphfxefs/SourcePackages/checkouts/GoogleUtilities
    write-file /Users/aaronkeen/Library/Developer/Xcode/DerivedData/NutraSafeBeta-awyabywlaekrybetqgpbjphfxefs/Build/Intermediates.noindex/GoogleUtilities.build/Debug-iphonesimulator/GoogleUtilities-Network.build/GoogleUtilities-Network.DependencyStaticMetadataFileList

WriteAuxiliaryFile /Users/aaronkeen/Library/Developer/Xcode/DerivedData/NutraSafeBeta-awyabywlaekrybetqgpbjphfxefs/Build/Intermediates.noindex/GoogleUtilities.build/Debug-iphonesimulator/GoogleUtilities-Network.build/GoogleUtilities-Network.DependencyMetadataFileList (in target 'GoogleUtilities-Network' from project 'GoogleUtilities')
    cd /Users/aaronkeen/Library/Developer/Xcode/DerivedData/NutraSafeBeta-awyabywlaekrybetqgpbjphfxefs/SourcePackages/checkouts/GoogleUtilities
    write-file /Users/aaronkeen/Library/Developer/Xcode/DerivedData/NutraSafeBeta-awyabywlaekrybetqgpbjphfxefs/Build/Intermediates.noindex/GoogleUtilities.build/Debug-iphonesimulator/GoogleUtilities-Network.build/GoogleUtilities-Network.DependencyMetadataFileList

WriteAuxiliaryFile /Users/aaronkeen/Library/Developer/Xcode/DerivedData/NutraSafeBeta-awyabywlaekrybetqgpbjphfxefs/Build/Intermediates.noindex/GoogleUtilities.build/Debug-iphonesimulator/GoogleUtilities-Network.build/DerivedSources/resource_bundle_accessor.m (in target 'GoogleUtilities-Network' from project 'GoogleUtilities')
    cd /Users/aaronkeen/Library/Developer/Xcode/DerivedData/NutraSafeBeta-awyabywlaekrybetqgpbjphfxefs/SourcePackages/checkouts/GoogleUtilities
    write-file /Users/aaronkeen/Library/Developer/Xcode/DerivedData/NutraSafeBeta-awyabywlaekrybetqgpbjphfxefs/Build/Intermediates.noindex/GoogleUtilities.build/Debug-iphonesimulator/GoogleUtilities-Network.build/DerivedSources/resource_bundle_accessor.m

WriteAuxiliaryFile /Users/aaronkeen/Library/Developer/Xcode/DerivedData/NutraSafeBeta-awyabywlaekrybetqgpbjphfxefs/Build/Intermediates.noindex/GoogleUtilities.build/Debug-iphonesimulator/GoogleUtilities-Network.build/DerivedSources/resource_bundle_accessor.h (in target 'GoogleUtilities-Network' from project 'GoogleUtilities')
    cd /Users/aaronkeen/Library/Developer/Xcode/DerivedData/NutraSafeBeta-awyabywlaekrybetqgpbjphfxefs/SourcePackages/checkouts/GoogleUtilities
    write-file /Users/aaronkeen/Library/Developer/Xcode/DerivedData/NutraSafeBeta-awyabywlaekrybetqgpbjphfxefs/Build/Intermediates.noindex/GoogleUtilities.build/Debug-iphonesimulator/GoogleUtilities-Network.build/DerivedSources/resource_bundle_accessor.h

WriteAuxiliaryFile /Users/aaronkeen/Library/Developer/Xcode/DerivedData/NutraSafeBeta-awyabywlaekrybetqgpbjphfxefs/Build/Intermediates.noindex/GoogleUtilities.build/Debug-iphonesimulator/GoogleUtilities-NSData.build/Objects-normal/arm64/GoogleUtilities-NSData.LinkFileList (in target 'GoogleUtilities-NSData' from project 'GoogleUtilities')
    cd /Users/aaronkeen/Library/Developer/Xcode/DerivedData/NutraSafeBeta-awyabywlaekrybetqgpbjphfxefs/SourcePackages/checkouts/GoogleUtilities
    write-file /Users/aaronkeen/Library/Developer/Xcode/DerivedData/NutraSafeBeta-awyabywlaekrybetqgpbjphfxefs/Build/Intermediates.noindex/GoogleUtilities.build/Debug-iphonesimulator/GoogleUtilities-NSData.build/Objects-normal/arm64/GoogleUtilities-NSData.LinkFileList

WriteAuxiliaryFile /Users/aaronkeen/Library/Developer/Xcode/DerivedData/NutraSafeBeta-awyabywlaekrybetqgpbjphfxefs/Build/Intermediates.noindex/GoogleUtilities.build/Debug-iphonesimulator/GoogleUtilities-NSData.build/Objects-normal/arm64/e6072d4f65d7061329687fe24e3d63a7-common-args.resp (in target 'GoogleUtilities-NSData' from project 'GoogleUtilities')
    cd /Users/aaronkeen/Library/Developer/Xcode/DerivedData/NutraSafeBeta-awyabywlaekrybetqgpbjphfxefs/SourcePackages/checkouts/GoogleUtilities
    write-file /Users/aaronkeen/Library/Developer/Xcode/DerivedData/NutraSafeBeta-awyabywlaekrybetqgpbjphfxefs/Build/Intermediates.noindex/GoogleUtilities.build/Debug-iphonesimulator/GoogleUtilities-NSData.build/Objects-normal/arm64/e6072d4f65d7061329687fe24e3d63a7-common-args.resp
-target arm64-apple-ios12.0-simulator '-std=c99' -fobjc-arc -fmodules -gmodules '-fmodules-cache-path=/Users/aaronkeen/Library/Developer/Xcode/DerivedData/ModuleCache.noindex' '-fmodule-name=GoogleUtilities_NSData' -fpascal-strings -O0 -DSWIFT_PACKAGE '-DDEBUG=1' '-DOBJC_OLD_DISPATCH_PROTOTYPES=1' -isysroot /Applications/Xcode.app/Contents/Developer/Platforms/iPhoneSimulator.platform/Developer/SDKs/iPhoneSimulator18.5.sdk -g '-fobjc-abi-version=2' -fobjc-legacy-dispatch -I/Users/aaronkeen/Library/Developer/Xcode/DerivedData/NutraSafeBeta-awyabywlaekrybetqgpbjphfxefs/Build/Products/Debug-iphonesimulator/include -I/Users/aaronkeen/Library/Developer/Xcode/DerivedData/NutraSafeBeta-awyabywlaekrybetqgpbjphfxefs/SourcePackages/checkouts/GoogleUtilities/GoogleUtilities/NSData+zlib/Public -I/Users/aaronkeen/Library/Developer/Xcode/DerivedData/NutraSafeBeta-awyabywlaekrybetqgpbjphfxefs/SourcePackages/checkouts/GoogleUtilities -I/Users/aaronkeen/Library/Developer/Xcode/DerivedData/NutraSafeBeta-awyabywlaekrybetqgpbjphfxefs/Build/Intermediates.noindex/GoogleUtilities.build/Debug-iphonesimulator/GoogleUtilities-NSData.build/DerivedSources-normal/arm64 -I/Users/aaronkeen/Library/Developer/Xcode/DerivedData/NutraSafeBeta-awyabywlaekrybetqgpbjphfxefs/Build/Intermediates.noindex/GoogleUtilities.build/Debug-iphonesimulator/GoogleUtilities-NSData.build/DerivedSources/arm64 -I/Users/aaronkeen/Library/Developer/Xcode/DerivedData/NutraSafeBeta-awyabywlaekrybetqgpbjphfxefs/Build/Intermediates.noindex/GoogleUtilities.build/Debug-iphonesimulator/GoogleUtilities-NSData.build/DerivedSources -F/Users/aaronkeen/Library/Developer/Xcode/DerivedData/NutraSafeBeta-awyabywlaekrybetqgpbjphfxefs/Build/Products/Debug-iphonesimulator -iframework /Applications/Xcode.app/Contents/Developer/Platforms/iPhoneSimulator.platform/Developer/Library/Frameworks -iframework /Applications/Xcode.app/Contents/Developer/Platforms/iPhoneSimulator.platform/Developer/SDKs/iPhoneSimulator18.5.sdk/Developer/Library/Frameworks -DXcode

WriteAuxiliaryFile /Users/aaronkeen/Library/Developer/Xcode/DerivedData/NutraSafeBeta-awyabywlaekrybetqgpbjphfxefs/Build/Intermediates.noindex/GoogleUtilities.build/Debug-iphonesimulator/GoogleUtilities-NSData.build/GoogleUtilities-NSData.modulemap (in target 'GoogleUtilities-NSData' from project 'GoogleUtilities')
    cd /Users/aaronkeen/Library/Developer/Xcode/DerivedData/NutraSafeBeta-awyabywlaekrybetqgpbjphfxefs/SourcePackages/checkouts/GoogleUtilities
    write-file /Users/aaronkeen/Library/Developer/Xcode/DerivedData/NutraSafeBeta-awyabywlaekrybetqgpbjphfxefs/Build/Intermediates.noindex/GoogleUtilities.build/Debug-iphonesimulator/GoogleUtilities-NSData.build/GoogleUtilities-NSData.modulemap

WriteAuxiliaryFile /Users/aaronkeen/Library/Developer/Xcode/DerivedData/NutraSafeBeta-awyabywlaekrybetqgpbjphfxefs/Build/Intermediates.noindex/GoogleUtilities.build/Debug-iphonesimulator/GoogleUtilities-NSData.build/GoogleUtilities-NSData.DependencyStaticMetadataFileList (in target 'GoogleUtilities-NSData' from project 'GoogleUtilities')
    cd /Users/aaronkeen/Library/Developer/Xcode/DerivedData/NutraSafeBeta-awyabywlaekrybetqgpbjphfxefs/SourcePackages/checkouts/GoogleUtilities
    write-file /Users/aaronkeen/Library/Developer/Xcode/DerivedData/NutraSafeBeta-awyabywlaekrybetqgpbjphfxefs/Build/Intermediates.noindex/GoogleUtilities.build/Debug-iphonesimulator/GoogleUtilities-NSData.build/GoogleUtilities-NSData.DependencyStaticMetadataFileList

WriteAuxiliaryFile /Users/aaronkeen/Library/Developer/Xcode/DerivedData/NutraSafeBeta-awyabywlaekrybetqgpbjphfxefs/Build/Intermediates.noindex/GoogleUtilities.build/Debug-iphonesimulator/GoogleUtilities-NSData.build/GoogleUtilities-NSData.DependencyMetadataFileList (in target 'GoogleUtilities-NSData' from project 'GoogleUtilities')
    cd /Users/aaronkeen/Library/Developer/Xcode/DerivedData/NutraSafeBeta-awyabywlaekrybetqgpbjphfxefs/SourcePackages/checkouts/GoogleUtilities
    write-file /Users/aaronkeen/Library/Developer/Xcode/DerivedData/NutraSafeBeta-awyabywlaekrybetqgpbjphfxefs/Build/Intermediates.noindex/GoogleUtilities.build/Debug-iphonesimulator/GoogleUtilities-NSData.build/GoogleUtilities-NSData.DependencyMetadataFileList

WriteAuxiliaryFile /Users/aaronkeen/Library/Developer/Xcode/DerivedData/NutraSafeBeta-awyabywlaekrybetqgpbjphfxefs/Build/Intermediates.noindex/GoogleUtilities.build/Debug-iphonesimulator/GoogleUtilities-NSData.build/DerivedSources/resource_bundle_accessor.m (in target 'GoogleUtilities-NSData' from project 'GoogleUtilities')
    cd /Users/aaronkeen/Library/Developer/Xcode/DerivedData/NutraSafeBeta-awyabywlaekrybetqgpbjphfxefs/SourcePackages/checkouts/GoogleUtilities
    write-file /Users/aaronkeen/Library/Developer/Xcode/DerivedData/NutraSafeBeta-awyabywlaekrybetqgpbjphfxefs/Build/Intermediates.noindex/GoogleUtilities.build/Debug-iphonesimulator/GoogleUtilities-NSData.build/DerivedSources/resource_bundle_accessor.m

WriteAuxiliaryFile /Users/aaronkeen/Library/Developer/Xcode/DerivedData/NutraSafeBeta-awyabywlaekrybetqgpbjphfxefs/Build/Intermediates.noindex/GoogleUtilities.build/Debug-iphonesimulator/GoogleUtilities-NSData.build/DerivedSources/resource_bundle_accessor.h (in target 'GoogleUtilities-NSData' from project 'GoogleUtilities')
    cd /Users/aaronkeen/Library/Developer/Xcode/DerivedData/NutraSafeBeta-awyabywlaekrybetqgpbjphfxefs/SourcePackages/checkouts/GoogleUtilities
    write-file /Users/aaronkeen/Library/Developer/Xcode/DerivedData/NutraSafeBeta-awyabywlaekrybetqgpbjphfxefs/Build/Intermediates.noindex/GoogleUtilities.build/Debug-iphonesimulator/GoogleUtilities-NSData.build/DerivedSources/resource_bundle_accessor.h

WriteAuxiliaryFile /Users/aaronkeen/Library/Developer/Xcode/DerivedData/NutraSafeBeta-awyabywlaekrybetqgpbjphfxefs/Build/Intermediates.noindex/GoogleUtilities.build/Debug-iphonesimulator/GoogleUtilities-Logger.build/Objects-normal/arm64/GoogleUtilities-Logger.LinkFileList (in target 'GoogleUtilities-Logger' from project 'GoogleUtilities')
    cd /Users/aaronkeen/Library/Developer/Xcode/DerivedData/NutraSafeBeta-awyabywlaekrybetqgpbjphfxefs/SourcePackages/checkouts/GoogleUtilities
    write-file /Users/aaronkeen/Library/Developer/Xcode/DerivedData/NutraSafeBeta-awyabywlaekrybetqgpbjphfxefs/Build/Intermediates.noindex/GoogleUtilities.build/Debug-iphonesimulator/GoogleUtilities-Logger.build/Objects-normal/arm64/GoogleUtilities-Logger.LinkFileList

WriteAuxiliaryFile /Users/aaronkeen/Library/Developer/Xcode/DerivedData/NutraSafeBeta-awyabywlaekrybetqgpbjphfxefs/Build/Intermediates.noindex/GoogleUtilities.build/Debug-iphonesimulator/GoogleUtilities-Logger.build/Objects-normal/arm64/e6072d4f65d7061329687fe24e3d63a7-common-args.resp (in target 'GoogleUtilities-Logger' from project 'GoogleUtilities')
    cd /Users/aaronkeen/Library/Developer/Xcode/DerivedData/NutraSafeBeta-awyabywlaekrybetqgpbjphfxefs/SourcePackages/checkouts/GoogleUtilities
    write-file /Users/aaronkeen/Library/Developer/Xcode/DerivedData/NutraSafeBeta-awyabywlaekrybetqgpbjphfxefs/Build/Intermediates.noindex/GoogleUtilities.build/Debug-iphonesimulator/GoogleUtilities-Logger.build/Objects-normal/arm64/e6072d4f65d7061329687fe24e3d63a7-common-args.resp
-target arm64-apple-ios12.0-simulator '-std=c99' -fobjc-arc -fmodules -gmodules '-fmodules-cache-path=/Users/aaronkeen/Library/Developer/Xcode/DerivedData/ModuleCache.noindex' '-fmodule-name=GoogleUtilities_Logger' -fpascal-strings -O0 -DSWIFT_PACKAGE '-DDEBUG=1' '-DOBJC_OLD_DISPATCH_PROTOTYPES=1' -isysroot /Applications/Xcode.app/Contents/Developer/Platforms/iPhoneSimulator.platform/Developer/SDKs/iPhoneSimulator18.5.sdk -g '-fobjc-abi-version=2' -fobjc-legacy-dispatch -I/Users/aaronkeen/Library/Developer/Xcode/DerivedData/NutraSafeBeta-awyabywlaekrybetqgpbjphfxefs/SourcePackages/checkouts/GoogleUtilities/GoogleUtilities/Environment/Public -I/Users/aaronkeen/Library/Developer/Xcode/DerivedData/NutraSafeBeta-awyabywlaekrybetqgpbjphfxefs/SourcePackages/checkouts/GoogleUtilities/third_party/IsAppEncrypted/Public -I/Users/aaronkeen/Library/Developer/Xcode/DerivedData/NutraSafeBeta-awyabywlaekrybetqgpbjphfxefs/Build/Products/Debug-iphonesimulator/include -I/Users/aaronkeen/Library/Developer/Xcode/DerivedData/NutraSafeBeta-awyabywlaekrybetqgpbjphfxefs/SourcePackages/checkouts/GoogleUtilities/GoogleUtilities/Logger/Public -I/Users/aaronkeen/Library/Developer/Xcode/DerivedData/NutraSafeBeta-awyabywlaekrybetqgpbjphfxefs/SourcePackages/checkouts/GoogleUtilities -I/Users/aaronkeen/Library/Developer/Xcode/DerivedData/NutraSafeBeta-awyabywlaekrybetqgpbjphfxefs/Build/Intermediates.noindex/GoogleUtilities.build/Debug-iphonesimulator/GoogleUtilities-Logger.build/DerivedSources-normal/arm64 -I/Users/aaronkeen/Library/Developer/Xcode/DerivedData/NutraSafeBeta-awyabywlaekrybetqgpbjphfxefs/Build/Intermediates.noindex/GoogleUtilities.build/Debug-iphonesimulator/GoogleUtilities-Logger.build/DerivedSources/arm64 -I/Users/aaronkeen/Library/Developer/Xcode/DerivedData/NutraSafeBeta-awyabywlaekrybetqgpbjphfxefs/Build/Intermediates.noindex/GoogleUtilities.build/Debug-iphonesimulator/GoogleUtilities-Logger.build/DerivedSources -F/Users/aaronkeen/Library/Developer/Xcode/DerivedData/NutraSafeBeta-awyabywlaekrybetqgpbjphfxefs/Build/Products/Debug-iphonesimulator/PackageFrameworks -F/Users/aaronkeen/Library/Developer/Xcode/DerivedData/NutraSafeBeta-awyabywlaekrybetqgpbjphfxefs/Build/Products/Debug-iphonesimulator/PackageFrameworks -F/Users/aaronkeen/Library/Developer/Xcode/DerivedData/NutraSafeBeta-awyabywlaekrybetqgpbjphfxefs/Build/Products/Debug-iphonesimulator -iframework /Applications/Xcode.app/Contents/Developer/Platforms/iPhoneSimulator.platform/Developer/Library/Frameworks -iframework /Applications/Xcode.app/Contents/Developer/Platforms/iPhoneSimulator.platform/Developer/SDKs/iPhoneSimulator18.5.sdk/Developer/Library/Frameworks '-fmodule-map-file=/Users/aaronkeen/Library/Developer/Xcode/DerivedData/NutraSafeBeta-awyabywlaekrybetqgpbjphfxefs/Build/Intermediates.noindex/GeneratedModuleMaps-iphonesimulator/GoogleUtilities-Environment.modulemap' '-fmodule-map-file=/Users/aaronkeen/Library/Developer/Xcode/DerivedData/NutraSafeBeta-awyabywlaekrybetqgpbjphfxefs/Build/Intermediates.noindex/GeneratedModuleMaps-iphonesimulator/third-party-IsAppEncrypted.modulemap' -DXcode

WriteAuxiliaryFile /Users/aaronkeen/Library/Developer/Xcode/DerivedData/NutraSafeBeta-awyabywlaekrybetqgpbjphfxefs/Build/Intermediates.noindex/GoogleUtilities.build/Debug-iphonesimulator/GoogleUtilities-Logger.build/GoogleUtilities-Logger.modulemap (in target 'GoogleUtilities-Logger' from project 'GoogleUtilities')
    cd /Users/aaronkeen/Library/Developer/Xcode/DerivedData/NutraSafeBeta-awyabywlaekrybetqgpbjphfxefs/SourcePackages/checkouts/GoogleUtilities
    write-file /Users/aaronkeen/Library/Developer/Xcode/DerivedData/NutraSafeBeta-awyabywlaekrybetqgpbjphfxefs/Build/Intermediates.noindex/GoogleUtilities.build/Debug-iphonesimulator/GoogleUtilities-Logger.build/GoogleUtilities-Logger.modulemap

WriteAuxiliaryFile /Users/aaronkeen/Library/Developer/Xcode/DerivedData/NutraSafeBeta-awyabywlaekrybetqgpbjphfxefs/Build/Intermediates.noindex/GoogleUtilities.build/Debug-iphonesimulator/GoogleUtilities-Logger.build/GoogleUtilities-Logger.DependencyStaticMetadataFileList (in target 'GoogleUtilities-Logger' from project 'GoogleUtilities')
    cd /Users/aaronkeen/Library/Developer/Xcode/DerivedData/NutraSafeBeta-awyabywlaekrybetqgpbjphfxefs/SourcePackages/checkouts/GoogleUtilities
    write-file /Users/aaronkeen/Library/Developer/Xcode/DerivedData/NutraSafeBeta-awyabywlaekrybetqgpbjphfxefs/Build/Intermediates.noindex/GoogleUtilities.build/Debug-iphonesimulator/GoogleUtilities-Logger.build/GoogleUtilities-Logger.DependencyStaticMetadataFileList

WriteAuxiliaryFile /Users/aaronkeen/Library/Developer/Xcode/DerivedData/NutraSafeBeta-awyabywlaekrybetqgpbjphfxefs/Build/Intermediates.noindex/GoogleUtilities.build/Debug-iphonesimulator/GoogleUtilities-Logger.build/GoogleUtilities-Logger.DependencyMetadataFileList (in target 'GoogleUtilities-Logger' from project 'GoogleUtilities')
    cd /Users/aaronkeen/Library/Developer/Xcode/DerivedData/NutraSafeBeta-awyabywlaekrybetqgpbjphfxefs/SourcePackages/checkouts/GoogleUtilities
    write-file /Users/aaronkeen/Library/Developer/Xcode/DerivedData/NutraSafeBeta-awyabywlaekrybetqgpbjphfxefs/Build/Intermediates.noindex/GoogleUtilities.build/Debug-iphonesimulator/GoogleUtilities-Logger.build/GoogleUtilities-Logger.DependencyMetadataFileList

WriteAuxiliaryFile /Users/aaronkeen/Library/Developer/Xcode/DerivedData/NutraSafeBeta-awyabywlaekrybetqgpbjphfxefs/Build/Intermediates.noindex/GoogleUtilities.build/Debug-iphonesimulator/GoogleUtilities-Logger.build/DerivedSources/resource_bundle_accessor.m (in target 'GoogleUtilities-Logger' from project 'GoogleUtilities')
    cd /Users/aaronkeen/Library/Developer/Xcode/DerivedData/NutraSafeBeta-awyabywlaekrybetqgpbjphfxefs/SourcePackages/checkouts/GoogleUtilities
    write-file /Users/aaronkeen/Library/Developer/Xcode/DerivedData/NutraSafeBeta-awyabywlaekrybetqgpbjphfxefs/Build/Intermediates.noindex/GoogleUtilities.build/Debug-iphonesimulator/GoogleUtilities-Logger.build/DerivedSources/resource_bundle_accessor.m

WriteAuxiliaryFile /Users/aaronkeen/Library/Developer/Xcode/DerivedData/NutraSafeBeta-awyabywlaekrybetqgpbjphfxefs/Build/Intermediates.noindex/GoogleUtilities.build/Debug-iphonesimulator/GoogleUtilities-Logger.build/DerivedSources/resource_bundle_accessor.h (in target 'GoogleUtilities-Logger' from project 'GoogleUtilities')
    cd /Users/aaronkeen/Library/Developer/Xcode/DerivedData/NutraSafeBeta-awyabywlaekrybetqgpbjphfxefs/SourcePackages/checkouts/GoogleUtilities
    write-file /Users/aaronkeen/Library/Developer/Xcode/DerivedData/NutraSafeBeta-awyabywlaekrybetqgpbjphfxefs/Build/Intermediates.noindex/GoogleUtilities.build/Debug-iphonesimulator/GoogleUtilities-Logger.build/DerivedSources/resource_bundle_accessor.h

WriteAuxiliaryFile /Users/aaronkeen/Library/Developer/Xcode/DerivedData/NutraSafeBeta-awyabywlaekrybetqgpbjphfxefs/Build/Intermediates.noindex/GoogleUtilities.build/Debug-iphonesimulator/GoogleUtilities-Environment.build/Objects-normal/arm64/e6072d4f65d7061329687fe24e3d63a7-common-args.resp (in target 'GoogleUtilities-Environment' from project 'GoogleUtilities')
    cd /Users/aaronkeen/Library/Developer/Xcode/DerivedData/NutraSafeBeta-awyabywlaekrybetqgpbjphfxefs/SourcePackages/checkouts/GoogleUtilities
    write-file /Users/aaronkeen/Library/Developer/Xcode/DerivedData/NutraSafeBeta-awyabywlaekrybetqgpbjphfxefs/Build/Intermediates.noindex/GoogleUtilities.build/Debug-iphonesimulator/GoogleUtilities-Environment.build/Objects-normal/arm64/e6072d4f65d7061329687fe24e3d63a7-common-args.resp
-target arm64-apple-ios12.0-simulator '-std=c99' -fobjc-arc -fmodules -gmodules '-fmodules-cache-path=/Users/aaronkeen/Library/Developer/Xcode/DerivedData/ModuleCache.noindex' '-fmodule-name=GoogleUtilities_Environment' -fpascal-strings -O0 -DSWIFT_PACKAGE '-DDEBUG=1' '-DOBJC_OLD_DISPATCH_PROTOTYPES=1' -isysroot /Applications/Xcode.app/Contents/Developer/Platforms/iPhoneSimulator.platform/Developer/SDKs/iPhoneSimulator18.5.sdk -g '-fobjc-abi-version=2' -fobjc-legacy-dispatch -I/Users/aaronkeen/Library/Developer/Xcode/DerivedData/NutraSafeBeta-awyabywlaekrybetqgpbjphfxefs/SourcePackages/checkouts/GoogleUtilities/third_party/IsAppEncrypted/Public -I/Users/aaronkeen/Library/Developer/Xcode/DerivedData/NutraSafeBeta-awyabywlaekrybetqgpbjphfxefs/Build/Products/Debug-iphonesimulator/include -I/Users/aaronkeen/Library/Developer/Xcode/DerivedData/NutraSafeBeta-awyabywlaekrybetqgpbjphfxefs/SourcePackages/checkouts/GoogleUtilities/GoogleUtilities/Environment/Public -I/Users/aaronkeen/Library/Developer/Xcode/DerivedData/NutraSafeBeta-awyabywlaekrybetqgpbjphfxefs/SourcePackages/checkouts/GoogleUtilities -I/Users/aaronkeen/Library/Developer/Xcode/DerivedData/NutraSafeBeta-awyabywlaekrybetqgpbjphfxefs/Build/Intermediates.noindex/GoogleUtilities.build/Debug-iphonesimulator/GoogleUtilities-Environment.build/DerivedSources-normal/arm64 -I/Users/aaronkeen/Library/Developer/Xcode/DerivedData/NutraSafeBeta-awyabywlaekrybetqgpbjphfxefs/Build/Intermediates.noindex/GoogleUtilities.build/Debug-iphonesimulator/GoogleUtilities-Environment.build/DerivedSources/arm64 -I/Users/aaronkeen/Library/Developer/Xcode/DerivedData/NutraSafeBeta-awyabywlaekrybetqgpbjphfxefs/Build/Intermediates.noindex/GoogleUtilities.build/Debug-iphonesimulator/GoogleUtilities-Environment.build/DerivedSources -F/Users/aaronkeen/Library/Developer/Xcode/DerivedData/NutraSafeBeta-awyabywlaekrybetqgpbjphfxefs/Build/Products/Debug-iphonesimulator/PackageFrameworks -F/Users/aaronkeen/Library/Developer/Xcode/DerivedData/NutraSafeBeta-awyabywlaekrybetqgpbjphfxefs/Build/Products/Debug-iphonesimulator -iframework /Applications/Xcode.app/Contents/Developer/Platforms/iPhoneSimulator.platform/Developer/Library/Frameworks -iframework /Applications/Xcode.app/Contents/Developer/Platforms/iPhoneSimulator.platform/Developer/SDKs/iPhoneSimulator18.5.sdk/Developer/Library/Frameworks '-fmodule-map-file=/Users/aaronkeen/Library/Developer/Xcode/DerivedData/NutraSafeBeta-awyabywlaekrybetqgpbjphfxefs/Build/Intermediates.noindex/GeneratedModuleMaps-iphonesimulator/third-party-IsAppEncrypted.modulemap' -DXcode

WriteAuxiliaryFile /Users/aaronkeen/Library/Developer/Xcode/DerivedData/NutraSafeBeta-awyabywlaekrybetqgpbjphfxefs/Build/Intermediates.noindex/GoogleUtilities.build/Debug-iphonesimulator/GoogleUtilities-Environment.build/Objects-normal/arm64/GoogleUtilities-Environment.LinkFileList (in target 'GoogleUtilities-Environment' from project 'GoogleUtilities')
    cd /Users/aaronkeen/Library/Developer/Xcode/DerivedData/NutraSafeBeta-awyabywlaekrybetqgpbjphfxefs/SourcePackages/checkouts/GoogleUtilities
    write-file /Users/aaronkeen/Library/Developer/Xcode/DerivedData/NutraSafeBeta-awyabywlaekrybetqgpbjphfxefs/Build/Intermediates.noindex/GoogleUtilities.build/Debug-iphonesimulator/GoogleUtilities-Environment.build/Objects-normal/arm64/GoogleUtilities-Environment.LinkFileList

WriteAuxiliaryFile /Users/aaronkeen/Library/Developer/Xcode/DerivedData/NutraSafeBeta-awyabywlaekrybetqgpbjphfxefs/Build/Intermediates.noindex/GoogleUtilities.build/Debug-iphonesimulator/GoogleUtilities-Environment.build/GoogleUtilities-Environment.modulemap (in target 'GoogleUtilities-Environment' from project 'GoogleUtilities')
    cd /Users/aaronkeen/Library/Developer/Xcode/DerivedData/NutraSafeBeta-awyabywlaekrybetqgpbjphfxefs/SourcePackages/checkouts/GoogleUtilities
    write-file /Users/aaronkeen/Library/Developer/Xcode/DerivedData/NutraSafeBeta-awyabywlaekrybetqgpbjphfxefs/Build/Intermediates.noindex/GoogleUtilities.build/Debug-iphonesimulator/GoogleUtilities-Environment.build/GoogleUtilities-Environment.modulemap

WriteAuxiliaryFile /Users/aaronkeen/Library/Developer/Xcode/DerivedData/NutraSafeBeta-awyabywlaekrybetqgpbjphfxefs/Build/Intermediates.noindex/GoogleUtilities.build/Debug-iphonesimulator/GoogleUtilities-Environment.build/GoogleUtilities-Environment.DependencyStaticMetadataFileList (in target 'GoogleUtilities-Environment' from project 'GoogleUtilities')
    cd /Users/aaronkeen/Library/Developer/Xcode/DerivedData/NutraSafeBeta-awyabywlaekrybetqgpbjphfxefs/SourcePackages/checkouts/GoogleUtilities
    write-file /Users/aaronkeen/Library/Developer/Xcode/DerivedData/NutraSafeBeta-awyabywlaekrybetqgpbjphfxefs/Build/Intermediates.noindex/GoogleUtilities.build/Debug-iphonesimulator/GoogleUtilities-Environment.build/GoogleUtilities-Environment.DependencyStaticMetadataFileList

WriteAuxiliaryFile /Users/aaronkeen/Library/Developer/Xcode/DerivedData/NutraSafeBeta-awyabywlaekrybetqgpbjphfxefs/Build/Intermediates.noindex/GoogleUtilities.build/Debug-iphonesimulator/GoogleUtilities-Environment.build/GoogleUtilities-Environment.DependencyMetadataFileList (in target 'GoogleUtilities-Environment' from project 'GoogleUtilities')
    cd /Users/aaronkeen/Library/Developer/Xcode/DerivedData/NutraSafeBeta-awyabywlaekrybetqgpbjphfxefs/SourcePackages/checkouts/GoogleUtilities
    write-file /Users/aaronkeen/Library/Developer/Xcode/DerivedData/NutraSafeBeta-awyabywlaekrybetqgpbjphfxefs/Build/Intermediates.noindex/GoogleUtilities.build/Debug-iphonesimulator/GoogleUtilities-Environment.build/GoogleUtilities-Environment.DependencyMetadataFileList

WriteAuxiliaryFile /Users/aaronkeen/Library/Developer/Xcode/DerivedData/NutraSafeBeta-awyabywlaekrybetqgpbjphfxefs/Build/Intermediates.noindex/GoogleUtilities.build/Debug-iphonesimulator/GoogleUtilities-Environment.build/DerivedSources/resource_bundle_accessor.m (in target 'GoogleUtilities-Environment' from project 'GoogleUtilities')
    cd /Users/aaronkeen/Library/Developer/Xcode/DerivedData/NutraSafeBeta-awyabywlaekrybetqgpbjphfxefs/SourcePackages/checkouts/GoogleUtilities
    write-file /Users/aaronkeen/Library/Developer/Xcode/DerivedData/NutraSafeBeta-awyabywlaekrybetqgpbjphfxefs/Build/Intermediates.noindex/GoogleUtilities.build/Debug-iphonesimulator/GoogleUtilities-Environment.build/DerivedSources/resource_bundle_accessor.m

WriteAuxiliaryFile /Users/aaronkeen/Library/Developer/Xcode/DerivedData/NutraSafeBeta-awyabywlaekrybetqgpbjphfxefs/Build/Intermediates.noindex/GoogleUtilities.build/Debug-iphonesimulator/GoogleUtilities-Environment.build/DerivedSources/resource_bundle_accessor.h (in target 'GoogleUtilities-Environment' from project 'GoogleUtilities')
    cd /Users/aaronkeen/Library/Developer/Xcode/DerivedData/NutraSafeBeta-awyabywlaekrybetqgpbjphfxefs/SourcePackages/checkouts/GoogleUtilities
    write-file /Users/aaronkeen/Library/Developer/Xcode/DerivedData/NutraSafeBeta-awyabywlaekrybetqgpbjphfxefs/Build/Intermediates.noindex/GoogleUtilities.build/Debug-iphonesimulator/GoogleUtilities-Environment.build/DerivedSources/resource_bundle_accessor.h

WriteAuxiliaryFile /Users/aaronkeen/Library/Developer/Xcode/DerivedData/NutraSafeBeta-awyabywlaekrybetqgpbjphfxefs/Build/Intermediates.noindex/GoogleUtilities.build/Debug-iphonesimulator/GoogleUtilities-AppDelegateSwizzler.build/Objects-normal/arm64/GoogleUtilities-AppDelegateSwizzler.LinkFileList (in target 'GoogleUtilities-AppDelegateSwizzler' from project 'GoogleUtilities')
    cd /Users/aaronkeen/Library/Developer/Xcode/DerivedData/NutraSafeBeta-awyabywlaekrybetqgpbjphfxefs/SourcePackages/checkouts/GoogleUtilities
    write-file /Users/aaronkeen/Library/Developer/Xcode/DerivedData/NutraSafeBeta-awyabywlaekrybetqgpbjphfxefs/Build/Intermediates.noindex/GoogleUtilities.build/Debug-iphonesimulator/GoogleUtilities-AppDelegateSwizzler.build/Objects-normal/arm64/GoogleUtilities-AppDelegateSwizzler.LinkFileList

WriteAuxiliaryFile /Users/aaronkeen/Library/Developer/Xcode/DerivedData/NutraSafeBeta-awyabywlaekrybetqgpbjphfxefs/Build/Intermediates.noindex/GoogleUtilities.build/Debug-iphonesimulator/GoogleUtilities-AppDelegateSwizzler.build/Objects-normal/arm64/e6072d4f65d7061329687fe24e3d63a7-common-args.resp (in target 'GoogleUtilities-AppDelegateSwizzler' from project 'GoogleUtilities')
    cd /Users/aaronkeen/Library/Developer/Xcode/DerivedData/NutraSafeBeta-awyabywlaekrybetqgpbjphfxefs/SourcePackages/checkouts/GoogleUtilities
    write-file /Users/aaronkeen/Library/Developer/Xcode/DerivedData/NutraSafeBeta-awyabywlaekrybetqgpbjphfxefs/Build/Intermediates.noindex/GoogleUtilities.build/Debug-iphonesimulator/GoogleUtilities-AppDelegateSwizzler.build/Objects-normal/arm64/e6072d4f65d7061329687fe24e3d63a7-common-args.resp
-target arm64-apple-ios12.0-simulator '-std=c99' -fobjc-arc -fmodules -gmodules '-fmodules-cache-path=/Users/aaronkeen/Library/Developer/Xcode/DerivedData/ModuleCache.noindex' '-fmodule-name=GoogleUtilities_AppDelegateSwizzler' -fpascal-strings -O0 -DSWIFT_PACKAGE '-DDEBUG=1' '-DOBJC_OLD_DISPATCH_PROTOTYPES=1' -isysroot /Applications/Xcode.app/Contents/Developer/Platforms/iPhoneSimulator.platform/Developer/SDKs/iPhoneSimulator18.5.sdk -g '-fobjc-abi-version=2' -fobjc-legacy-dispatch -I/Users/aaronkeen/Library/Developer/Xcode/DerivedData/NutraSafeBeta-awyabywlaekrybetqgpbjphfxefs/SourcePackages/checkouts/GoogleUtilities/GoogleUtilities/Network/Public -I/Users/aaronkeen/Library/Developer/Xcode/DerivedData/NutraSafeBeta-awyabywlaekrybetqgpbjphfxefs/SourcePackages/checkouts/GoogleUtilities/GoogleUtilities/Reachability/Public -I/Users/aaronkeen/Library/Developer/Xcode/DerivedData/NutraSafeBeta-awyabywlaekrybetqgpbjphfxefs/SourcePackages/checkouts/GoogleUtilities/GoogleUtilities/NSData+zlib/Public -I/Users/aaronkeen/Library/Developer/Xcode/DerivedData/NutraSafeBeta-awyabywlaekrybetqgpbjphfxefs/SourcePackages/checkouts/GoogleUtilities/GoogleUtilities/Logger/Public -I/Users/aaronkeen/Library/Developer/Xcode/DerivedData/NutraSafeBeta-awyabywlaekrybetqgpbjphfxefs/SourcePackages/checkouts/GoogleUtilities/GoogleUtilities/Environment/Public -I/Users/aaronkeen/Library/Developer/Xcode/DerivedData/NutraSafeBeta-awyabywlaekrybetqgpbjphfxefs/SourcePackages/checkouts/GoogleUtilities/third_party/IsAppEncrypted/Public -I/Users/aaronkeen/Library/Developer/Xcode/DerivedData/NutraSafeBeta-awyabywlaekrybetqgpbjphfxefs/Build/Products/Debug-iphonesimulator/include -I/Users/aaronkeen/Library/Developer/Xcode/DerivedData/NutraSafeBeta-awyabywlaekrybetqgpbjphfxefs/SourcePackages/checkouts/GoogleUtilities/GoogleUtilities/AppDelegateSwizzler/Public -I/Users/aaronkeen/Library/Developer/Xcode/DerivedData/NutraSafeBeta-awyabywlaekrybetqgpbjphfxefs/SourcePackages/checkouts/GoogleUtilities -I/Users/aaronkeen/Library/Developer/Xcode/DerivedData/NutraSafeBeta-awyabywlaekrybetqgpbjphfxefs/Build/Intermediates.noindex/GoogleUtilities.build/Debug-iphonesimulator/GoogleUtilities-AppDelegateSwizzler.build/DerivedSources-normal/arm64 -I/Users/aaronkeen/Library/Developer/Xcode/DerivedData/NutraSafeBeta-awyabywlaekrybetqgpbjphfxefs/Build/Intermediates.noindex/GoogleUtilities.build/Debug-iphonesimulator/GoogleUtilities-AppDelegateSwizzler.build/DerivedSources/arm64 -I/Users/aaronkeen/Library/Developer/Xcode/DerivedData/NutraSafeBeta-awyabywlaekrybetqgpbjphfxefs/Build/Intermediates.noindex/GoogleUtilities.build/Debug-iphonesimulator/GoogleUtilities-AppDelegateSwizzler.build/DerivedSources -F/Users/aaronkeen/Library/Developer/Xcode/DerivedData/NutraSafeBeta-awyabywlaekrybetqgpbjphfxefs/Build/Products/Debug-iphonesimulator/PackageFrameworks -F/Users/aaronkeen/Library/Developer/Xcode/DerivedData/NutraSafeBeta-awyabywlaekrybetqgpbjphfxefs/Build/Products/Debug-iphonesimulator/PackageFrameworks -F/Users/aaronkeen/Library/Developer/Xcode/DerivedData/NutraSafeBeta-awyabywlaekrybetqgpbjphfxefs/Build/Products/Debug-iphonesimulator/PackageFrameworks -F/Users/aaronkeen/Library/Developer/Xcode/DerivedData/NutraSafeBeta-awyabywlaekrybetqgpbjphfxefs/Build/Products/Debug-iphonesimulator/PackageFrameworks -F/Users/aaronkeen/Library/Developer/Xcode/DerivedData/NutraSafeBeta-awyabywlaekrybetqgpbjphfxefs/Build/Products/Debug-iphonesimulator/PackageFrameworks -F/Users/aaronkeen/Library/Developer/Xcode/DerivedData/NutraSafeBeta-awyabywlaekrybetqgpbjphfxefs/Build/Products/Debug-iphonesimulator/PackageFrameworks -F/Users/aaronkeen/Library/Developer/Xcode/DerivedData/NutraSafeBeta-awyabywlaekrybetqgpbjphfxefs/Build/Products/Debug-iphonesimulator -iframework /Applications/Xcode.app/Contents/Developer/Platforms/iPhoneSimulator.platform/Developer/Library/Frameworks -iframework /Applications/Xcode.app/Contents/Developer/Platforms/iPhoneSimulator.platform/Developer/SDKs/iPhoneSimulator18.5.sdk/Developer/Library/Frameworks '-fmodule-map-file=/Users/aaronkeen/Library/Developer/Xcode/DerivedData/NutraSafeBeta-awyabywlaekrybetqgpbjphfxefs/Build/Intermediates.noindex/GeneratedModuleMaps-iphonesimulator/GoogleUtilities-Network.modulemap' '-fmodule-map-file=/Users/aaronkeen/Library/Developer/Xcode/DerivedData/NutraSafeBeta-awyabywlaekrybetqgpbjphfxefs/Build/Intermediates.noindex/GeneratedModuleMaps-iphonesimulator/GoogleUtilities-Reachability.modulemap' '-fmodule-map-file=/Users/aaronkeen/Library/Developer/Xcode/DerivedData/NutraSafeBeta-awyabywlaekrybetqgpbjphfxefs/Build/Intermediates.noindex/GeneratedModuleMaps-iphonesimulator/GoogleUtilities-NSData.modulemap' '-fmodule-map-file=/Users/aaronkeen/Library/Developer/Xcode/DerivedData/NutraSafeBeta-awyabywlaekrybetqgpbjphfxefs/Build/Intermediates.noindex/GeneratedModuleMaps-iphonesimulator/GoogleUtilities-Logger.modulemap' '-fmodule-map-file=/Users/aaronkeen/Library/Developer/Xcode/DerivedData/NutraSafeBeta-awyabywlaekrybetqgpbjphfxefs/Build/Intermediates.noindex/GeneratedModuleMaps-iphonesimulator/GoogleUtilities-Environment.modulemap' '-fmodule-map-file=/Users/aaronkeen/Library/Developer/Xcode/DerivedData/NutraSafeBeta-awyabywlaekrybetqgpbjphfxefs/Build/Intermediates.noindex/GeneratedModuleMaps-iphonesimulator/third-party-IsAppEncrypted.modulemap' -DXcode

WriteAuxiliaryFile /Users/aaronkeen/Library/Developer/Xcode/DerivedData/NutraSafeBeta-awyabywlaekrybetqgpbjphfxefs/Build/Intermediates.noindex/GoogleUtilities.build/Debug-iphonesimulator/GoogleUtilities-AppDelegateSwizzler.build/GoogleUtilities-AppDelegateSwizzler.modulemap (in target 'GoogleUtilities-AppDelegateSwizzler' from project 'GoogleUtilities')
    cd /Users/aaronkeen/Library/Developer/Xcode/DerivedData/NutraSafeBeta-awyabywlaekrybetqgpbjphfxefs/SourcePackages/checkouts/GoogleUtilities
    write-file /Users/aaronkeen/Library/Developer/Xcode/DerivedData/NutraSafeBeta-awyabywlaekrybetqgpbjphfxefs/Build/Intermediates.noindex/GoogleUtilities.build/Debug-iphonesimulator/GoogleUtilities-AppDelegateSwizzler.build/GoogleUtilities-AppDelegateSwizzler.modulemap

WriteAuxiliaryFile /Users/aaronkeen/Library/Developer/Xcode/DerivedData/NutraSafeBeta-awyabywlaekrybetqgpbjphfxefs/Build/Intermediates.noindex/GoogleUtilities.build/Debug-iphonesimulator/GoogleUtilities-AppDelegateSwizzler.build/GoogleUtilities-AppDelegateSwizzler.DependencyStaticMetadataFileList (in target 'GoogleUtilities-AppDelegateSwizzler' from project 'GoogleUtilities')
    cd /Users/aaronkeen/Library/Developer/Xcode/DerivedData/NutraSafeBeta-awyabywlaekrybetqgpbjphfxefs/SourcePackages/checkouts/GoogleUtilities
    write-file /Users/aaronkeen/Library/Developer/Xcode/DerivedData/NutraSafeBeta-awyabywlaekrybetqgpbjphfxefs/Build/Intermediates.noindex/GoogleUtilities.build/Debug-iphonesimulator/GoogleUtilities-AppDelegateSwizzler.build/GoogleUtilities-AppDelegateSwizzler.DependencyStaticMetadataFileList

WriteAuxiliaryFile /Users/aaronkeen/Library/Developer/Xcode/DerivedData/NutraSafeBeta-awyabywlaekrybetqgpbjphfxefs/Build/Intermediates.noindex/GoogleUtilities.build/Debug-iphonesimulator/GoogleUtilities-AppDelegateSwizzler.build/GoogleUtilities-AppDelegateSwizzler.DependencyMetadataFileList (in target 'GoogleUtilities-AppDelegateSwizzler' from project 'GoogleUtilities')
    cd /Users/aaronkeen/Library/Developer/Xcode/DerivedData/NutraSafeBeta-awyabywlaekrybetqgpbjphfxefs/SourcePackages/checkouts/GoogleUtilities
    write-file /Users/aaronkeen/Library/Developer/Xcode/DerivedData/NutraSafeBeta-awyabywlaekrybetqgpbjphfxefs/Build/Intermediates.noindex/GoogleUtilities.build/Debug-iphonesimulator/GoogleUtilities-AppDelegateSwizzler.build/GoogleUtilities-AppDelegateSwizzler.DependencyMetadataFileList

WriteAuxiliaryFile /Users/aaronkeen/Library/Developer/Xcode/DerivedData/NutraSafeBeta-awyabywlaekrybetqgpbjphfxefs/Build/Intermediates.noindex/GoogleUtilities.build/Debug-iphonesimulator/GoogleUtilities-AppDelegateSwizzler.build/DerivedSources/resource_bundle_accessor.m (in target 'GoogleUtilities-AppDelegateSwizzler' from project 'GoogleUtilities')
    cd /Users/aaronkeen/Library/Developer/Xcode/DerivedData/NutraSafeBeta-awyabywlaekrybetqgpbjphfxefs/SourcePackages/checkouts/GoogleUtilities
    write-file /Users/aaronkeen/Library/Developer/Xcode/DerivedData/NutraSafeBeta-awyabywlaekrybetqgpbjphfxefs/Build/Intermediates.noindex/GoogleUtilities.build/Debug-iphonesimulator/GoogleUtilities-AppDelegateSwizzler.build/DerivedSources/resource_bundle_accessor.m

WriteAuxiliaryFile /Users/aaronkeen/Library/Developer/Xcode/DerivedData/NutraSafeBeta-awyabywlaekrybetqgpbjphfxefs/Build/Intermediates.noindex/GoogleUtilities.build/Debug-iphonesimulator/GoogleUtilities-AppDelegateSwizzler.build/DerivedSources/resource_bundle_accessor.h (in target 'GoogleUtilities-AppDelegateSwizzler' from project 'GoogleUtilities')
    cd /Users/aaronkeen/Library/Developer/Xcode/DerivedData/NutraSafeBeta-awyabywlaekrybetqgpbjphfxefs/SourcePackages/checkouts/GoogleUtilities
    write-file /Users/aaronkeen/Library/Developer/Xcode/DerivedData/NutraSafeBeta-awyabywlaekrybetqgpbjphfxefs/Build/Intermediates.noindex/GoogleUtilities.build/Debug-iphonesimulator/GoogleUtilities-AppDelegateSwizzler.build/DerivedSources/resource_bundle_accessor.h

WriteAuxiliaryFile /Users/aaronkeen/Library/Developer/Xcode/DerivedData/NutraSafeBeta-awyabywlaekrybetqgpbjphfxefs/Build/Intermediates.noindex/GTMSessionFetcher.build/Debug-iphonesimulator/GTMSessionFetcher_GTMSessionFetcherCore.build/GTMSessionFetcher_GTMSessionFetcherCore.DependencyStaticMetadataFileList (in target 'GTMSessionFetcher_GTMSessionFetcherCore' from project 'GTMSessionFetcher')
    cd /Users/aaronkeen/Library/Developer/Xcode/DerivedData/NutraSafeBeta-awyabywlaekrybetqgpbjphfxefs/SourcePackages/checkouts/gtm-session-fetcher
    write-file /Users/aaronkeen/Library/Developer/Xcode/DerivedData/NutraSafeBeta-awyabywlaekrybetqgpbjphfxefs/Build/Intermediates.noindex/GTMSessionFetcher.build/Debug-iphonesimulator/GTMSessionFetcher_GTMSessionFetcherCore.build/GTMSessionFetcher_GTMSessionFetcherCore.DependencyStaticMetadataFileList

WriteAuxiliaryFile /Users/aaronkeen/Library/Developer/Xcode/DerivedData/NutraSafeBeta-awyabywlaekrybetqgpbjphfxefs/Build/Intermediates.noindex/GTMSessionFetcher.build/Debug-iphonesimulator/GTMSessionFetcher_GTMSessionFetcherCore.build/empty-GTMSessionFetcher_GTMSessionFetcherCore.plist (in target 'GTMSessionFetcher_GTMSessionFetcherCore' from project 'GTMSessionFetcher')
    cd /Users/aaronkeen/Library/Developer/Xcode/DerivedData/NutraSafeBeta-awyabywlaekrybetqgpbjphfxefs/SourcePackages/checkouts/gtm-session-fetcher
    write-file /Users/aaronkeen/Library/Developer/Xcode/DerivedData/NutraSafeBeta-awyabywlaekrybetqgpbjphfxefs/Build/Intermediates.noindex/GTMSessionFetcher.build/Debug-iphonesimulator/GTMSessionFetcher_GTMSessionFetcherCore.build/empty-GTMSessionFetcher_GTMSessionFetcherCore.plist

WriteAuxiliaryFile /Users/aaronkeen/Library/Developer/Xcode/DerivedData/NutraSafeBeta-awyabywlaekrybetqgpbjphfxefs/Build/Intermediates.noindex/GTMSessionFetcher.build/Debug-iphonesimulator/GTMSessionFetcher_GTMSessionFetcherCore.build/GTMSessionFetcher_GTMSessionFetcherCore.DependencyMetadataFileList (in target 'GTMSessionFetcher_GTMSessionFetcherCore' from project 'GTMSessionFetcher')
    cd /Users/aaronkeen/Library/Developer/Xcode/DerivedData/NutraSafeBeta-awyabywlaekrybetqgpbjphfxefs/SourcePackages/checkouts/gtm-session-fetcher
    write-file /Users/aaronkeen/Library/Developer/Xcode/DerivedData/NutraSafeBeta-awyabywlaekrybetqgpbjphfxefs/Build/Intermediates.noindex/GTMSessionFetcher.build/Debug-iphonesimulator/GTMSessionFetcher_GTMSessionFetcherCore.build/GTMSessionFetcher_GTMSessionFetcherCore.DependencyMetadataFileList

WriteAuxiliaryFile /Users/aaronkeen/Library/Developer/Xcode/DerivedData/NutraSafeBeta-awyabywlaekrybetqgpbjphfxefs/Build/Intermediates.noindex/GTMSessionFetcher.build/Debug-iphonesimulator/GTMSessionFetcherCore.build/Objects-normal/arm64/e6072d4f65d7061329687fe24e3d63a7-common-args.resp (in target 'GTMSessionFetcherCore' from project 'GTMSessionFetcher')
    cd /Users/aaronkeen/Library/Developer/Xcode/DerivedData/NutraSafeBeta-awyabywlaekrybetqgpbjphfxefs/SourcePackages/checkouts/gtm-session-fetcher
    write-file /Users/aaronkeen/Library/Developer/Xcode/DerivedData/NutraSafeBeta-awyabywlaekrybetqgpbjphfxefs/Build/Intermediates.noindex/GTMSessionFetcher.build/Debug-iphonesimulator/GTMSessionFetcherCore.build/Objects-normal/arm64/e6072d4f65d7061329687fe24e3d63a7-common-args.resp
-target arm64-apple-ios15.0-simulator -fobjc-arc -fmodules -gmodules '-fmodules-cache-path=/Users/aaronkeen/Library/Developer/Xcode/DerivedData/ModuleCache.noindex' '-fmodule-name=GTMSessionFetcherCore' -fpascal-strings -O0 -DSWIFT_PACKAGE '-DDEBUG=1' '-DOBJC_OLD_DISPATCH_PROTOTYPES=1' -isysroot /Applications/Xcode.app/Contents/Developer/Platforms/iPhoneSimulator.platform/Developer/SDKs/iPhoneSimulator18.5.sdk -g '-fobjc-abi-version=2' -fobjc-legacy-dispatch -I/Users/aaronkeen/Library/Developer/Xcode/DerivedData/NutraSafeBeta-awyabywlaekrybetqgpbjphfxefs/Build/Products/Debug-iphonesimulator/include -I/Users/aaronkeen/Library/Developer/Xcode/DerivedData/NutraSafeBeta-awyabywlaekrybetqgpbjphfxefs/SourcePackages/checkouts/gtm-session-fetcher/Sources/Core/Public -I/Users/aaronkeen/Library/Developer/Xcode/DerivedData/NutraSafeBeta-awyabywlaekrybetqgpbjphfxefs/Build/Intermediates.noindex/GTMSessionFetcher.build/Debug-iphonesimulator/GTMSessionFetcherCore.build/DerivedSources-normal/arm64 -I/Users/aaronkeen/Library/Developer/Xcode/DerivedData/NutraSafeBeta-awyabywlaekrybetqgpbjphfxefs/Build/Intermediates.noindex/GTMSessionFetcher.build/Debug-iphonesimulator/GTMSessionFetcherCore.build/DerivedSources/arm64 -I/Users/aaronkeen/Library/Developer/Xcode/DerivedData/NutraSafeBeta-awyabywlaekrybetqgpbjphfxefs/Build/Intermediates.noindex/GTMSessionFetcher.build/Debug-iphonesimulator/GTMSessionFetcherCore.build/DerivedSources -F/Users/aaronkeen/Library/Developer/Xcode/DerivedData/NutraSafeBeta-awyabywlaekrybetqgpbjphfxefs/Build/Products/Debug-iphonesimulator -iframework /Applications/Xcode.app/Contents/Developer/Platforms/iPhoneSimulator.platform/Developer/Library/Frameworks -iframework /Applications/Xcode.app/Contents/Developer/Platforms/iPhoneSimulator.platform/Developer/SDKs/iPhoneSimulator18.5.sdk/Developer/Library/Frameworks -DXcode

WriteAuxiliaryFile /Users/aaronkeen/Library/Developer/Xcode/DerivedData/NutraSafeBeta-awyabywlaekrybetqgpbjphfxefs/Build/Intermediates.noindex/GTMSessionFetcher.build/Debug-iphonesimulator/GTMSessionFetcherCore.build/Objects-normal/arm64/GTMSessionFetcherCore.LinkFileList (in target 'GTMSessionFetcherCore' from project 'GTMSessionFetcher')
    cd /Users/aaronkeen/Library/Developer/Xcode/DerivedData/NutraSafeBeta-awyabywlaekrybetqgpbjphfxefs/SourcePackages/checkouts/gtm-session-fetcher
    write-file /Users/aaronkeen/Library/Developer/Xcode/DerivedData/NutraSafeBeta-awyabywlaekrybetqgpbjphfxefs/Build/Intermediates.noindex/GTMSessionFetcher.build/Debug-iphonesimulator/GTMSessionFetcherCore.build/Objects-normal/arm64/GTMSessionFetcherCore.LinkFileList

WriteAuxiliaryFile /Users/aaronkeen/Library/Developer/Xcode/DerivedData/NutraSafeBeta-awyabywlaekrybetqgpbjphfxefs/Build/Intermediates.noindex/GTMSessionFetcher.build/Debug-iphonesimulator/GTMSessionFetcherCore.build/GTMSessionFetcherCore.modulemap (in target 'GTMSessionFetcherCore' from project 'GTMSessionFetcher')
    cd /Users/aaronkeen/Library/Developer/Xcode/DerivedData/NutraSafeBeta-awyabywlaekrybetqgpbjphfxefs/SourcePackages/checkouts/gtm-session-fetcher
    write-file /Users/aaronkeen/Library/Developer/Xcode/DerivedData/NutraSafeBeta-awyabywlaekrybetqgpbjphfxefs/Build/Intermediates.noindex/GTMSessionFetcher.build/Debug-iphonesimulator/GTMSessionFetcherCore.build/GTMSessionFetcherCore.modulemap

WriteAuxiliaryFile /Users/aaronkeen/Library/Developer/Xcode/DerivedData/NutraSafeBeta-awyabywlaekrybetqgpbjphfxefs/Build/Intermediates.noindex/GTMSessionFetcher.build/Debug-iphonesimulator/GTMSessionFetcherCore.build/GTMSessionFetcherCore.DependencyStaticMetadataFileList (in target 'GTMSessionFetcherCore' from project 'GTMSessionFetcher')
    cd /Users/aaronkeen/Library/Developer/Xcode/DerivedData/NutraSafeBeta-awyabywlaekrybetqgpbjphfxefs/SourcePackages/checkouts/gtm-session-fetcher
    write-file /Users/aaronkeen/Library/Developer/Xcode/DerivedData/NutraSafeBeta-awyabywlaekrybetqgpbjphfxefs/Build/Intermediates.noindex/GTMSessionFetcher.build/Debug-iphonesimulator/GTMSessionFetcherCore.build/GTMSessionFetcherCore.DependencyStaticMetadataFileList

WriteAuxiliaryFile /Users/aaronkeen/Library/Developer/Xcode/DerivedData/NutraSafeBeta-awyabywlaekrybetqgpbjphfxefs/Build/Intermediates.noindex/GTMSessionFetcher.build/Debug-iphonesimulator/GTMSessionFetcherCore.build/GTMSessionFetcherCore.DependencyMetadataFileList (in target 'GTMSessionFetcherCore' from project 'GTMSessionFetcher')
    cd /Users/aaronkeen/Library/Developer/Xcode/DerivedData/NutraSafeBeta-awyabywlaekrybetqgpbjphfxefs/SourcePackages/checkouts/gtm-session-fetcher
    write-file /Users/aaronkeen/Library/Developer/Xcode/DerivedData/NutraSafeBeta-awyabywlaekrybetqgpbjphfxefs/Build/Intermediates.noindex/GTMSessionFetcher.build/Debug-iphonesimulator/GTMSessionFetcherCore.build/GTMSessionFetcherCore.DependencyMetadataFileList

WriteAuxiliaryFile /Users/aaronkeen/Library/Developer/Xcode/DerivedData/NutraSafeBeta-awyabywlaekrybetqgpbjphfxefs/Build/Intermediates.noindex/GTMSessionFetcher.build/Debug-iphonesimulator/GTMSessionFetcherCore.build/DerivedSources/resource_bundle_accessor.m (in target 'GTMSessionFetcherCore' from project 'GTMSessionFetcher')
    cd /Users/aaronkeen/Library/Developer/Xcode/DerivedData/NutraSafeBeta-awyabywlaekrybetqgpbjphfxefs/SourcePackages/checkouts/gtm-session-fetcher
    write-file /Users/aaronkeen/Library/Developer/Xcode/DerivedData/NutraSafeBeta-awyabywlaekrybetqgpbjphfxefs/Build/Intermediates.noindex/GTMSessionFetcher.build/Debug-iphonesimulator/GTMSessionFetcherCore.build/DerivedSources/resource_bundle_accessor.m

WriteAuxiliaryFile /Users/aaronkeen/Library/Developer/Xcode/DerivedData/NutraSafeBeta-awyabywlaekrybetqgpbjphfxefs/Build/Intermediates.noindex/GTMSessionFetcher.build/Debug-iphonesimulator/GTMSessionFetcherCore.build/DerivedSources/resource_bundle_accessor.h (in target 'GTMSessionFetcherCore' from project 'GTMSessionFetcher')
    cd /Users/aaronkeen/Library/Developer/Xcode/DerivedData/NutraSafeBeta-awyabywlaekrybetqgpbjphfxefs/SourcePackages/checkouts/gtm-session-fetcher
    write-file /Users/aaronkeen/Library/Developer/Xcode/DerivedData/NutraSafeBeta-awyabywlaekrybetqgpbjphfxefs/Build/Intermediates.noindex/GTMSessionFetcher.build/Debug-iphonesimulator/GTMSessionFetcherCore.build/DerivedSources/resource_bundle_accessor.h

WriteAuxiliaryFile /Users/aaronkeen/Library/Developer/Xcode/DerivedData/NutraSafeBeta-awyabywlaekrybetqgpbjphfxefs/Build/Intermediates.noindex/Firebase.build/Debug-iphonesimulator/Firebase_FirebaseFirestore.build/Firebase_FirebaseFirestore.DependencyStaticMetadataFileList (in target 'Firebase_FirebaseFirestore' from project 'Firebase')
    cd /Users/aaronkeen/Library/Developer/Xcode/DerivedData/NutraSafeBeta-awyabywlaekrybetqgpbjphfxefs/SourcePackages/checkouts/firebase-ios-sdk
    write-file /Users/aaronkeen/Library/Developer/Xcode/DerivedData/NutraSafeBeta-awyabywlaekrybetqgpbjphfxefs/Build/Intermediates.noindex/Firebase.build/Debug-iphonesimulator/Firebase_FirebaseFirestore.build/Firebase_FirebaseFirestore.DependencyStaticMetadataFileList

WriteAuxiliaryFile /Users/aaronkeen/Library/Developer/Xcode/DerivedData/NutraSafeBeta-awyabywlaekrybetqgpbjphfxefs/Build/Intermediates.noindex/Firebase.build/Debug-iphonesimulator/Firebase_FirebaseFirestore.build/Firebase_FirebaseFirestore.DependencyMetadataFileList (in target 'Firebase_FirebaseFirestore' from project 'Firebase')
    cd /Users/aaronkeen/Library/Developer/Xcode/DerivedData/NutraSafeBeta-awyabywlaekrybetqgpbjphfxefs/SourcePackages/checkouts/firebase-ios-sdk
    write-file /Users/aaronkeen/Library/Developer/Xcode/DerivedData/NutraSafeBeta-awyabywlaekrybetqgpbjphfxefs/Build/Intermediates.noindex/Firebase.build/Debug-iphonesimulator/Firebase_FirebaseFirestore.build/Firebase_FirebaseFirestore.DependencyMetadataFileList

WriteAuxiliaryFile /Users/aaronkeen/Library/Developer/Xcode/DerivedData/NutraSafeBeta-awyabywlaekrybetqgpbjphfxefs/Build/Intermediates.noindex/Firebase.build/Debug-iphonesimulator/Firebase_FirebaseCoreInternal.build/empty-Firebase_FirebaseCoreInternal.plist (in target 'Firebase_FirebaseCoreInternal' from project 'Firebase')
    cd /Users/aaronkeen/Library/Developer/Xcode/DerivedData/NutraSafeBeta-awyabywlaekrybetqgpbjphfxefs/SourcePackages/checkouts/firebase-ios-sdk
    write-file /Users/aaronkeen/Library/Developer/Xcode/DerivedData/NutraSafeBeta-awyabywlaekrybetqgpbjphfxefs/Build/Intermediates.noindex/Firebase.build/Debug-iphonesimulator/Firebase_FirebaseCoreInternal.build/empty-Firebase_FirebaseCoreInternal.plist

WriteAuxiliaryFile /Users/aaronkeen/Library/Developer/Xcode/DerivedData/NutraSafeBeta-awyabywlaekrybetqgpbjphfxefs/Build/Intermediates.noindex/Firebase.build/Debug-iphonesimulator/Firebase_FirebaseCoreInternal.build/Firebase_FirebaseCoreInternal.DependencyStaticMetadataFileList (in target 'Firebase_FirebaseCoreInternal' from project 'Firebase')
    cd /Users/aaronkeen/Library/Developer/Xcode/DerivedData/NutraSafeBeta-awyabywlaekrybetqgpbjphfxefs/SourcePackages/checkouts/firebase-ios-sdk
    write-file /Users/aaronkeen/Library/Developer/Xcode/DerivedData/NutraSafeBeta-awyabywlaekrybetqgpbjphfxefs/Build/Intermediates.noindex/Firebase.build/Debug-iphonesimulator/Firebase_FirebaseCoreInternal.build/Firebase_FirebaseCoreInternal.DependencyStaticMetadataFileList

WriteAuxiliaryFile /Users/aaronkeen/Library/Developer/Xcode/DerivedData/NutraSafeBeta-awyabywlaekrybetqgpbjphfxefs/Build/Intermediates.noindex/Firebase.build/Debug-iphonesimulator/Firebase_FirebaseCoreInternal.build/Firebase_FirebaseCoreInternal.DependencyMetadataFileList (in target 'Firebase_FirebaseCoreInternal' from project 'Firebase')
    cd /Users/aaronkeen/Library/Developer/Xcode/DerivedData/NutraSafeBeta-awyabywlaekrybetqgpbjphfxefs/SourcePackages/checkouts/firebase-ios-sdk
    write-file /Users/aaronkeen/Library/Developer/Xcode/DerivedData/NutraSafeBeta-awyabywlaekrybetqgpbjphfxefs/Build/Intermediates.noindex/Firebase.build/Debug-iphonesimulator/Firebase_FirebaseCoreInternal.build/Firebase_FirebaseCoreInternal.DependencyMetadataFileList

WriteAuxiliaryFile /Users/aaronkeen/Library/Developer/Xcode/DerivedData/NutraSafeBeta-awyabywlaekrybetqgpbjphfxefs/Build/Intermediates.noindex/Firebase.build/Debug-iphonesimulator/Firebase_FirebaseCoreExtension.build/empty-Firebase_FirebaseCoreExtension.plist (in target 'Firebase_FirebaseCoreExtension' from project 'Firebase')
    cd /Users/aaronkeen/Library/Developer/Xcode/DerivedData/NutraSafeBeta-awyabywlaekrybetqgpbjphfxefs/SourcePackages/checkouts/firebase-ios-sdk
    write-file /Users/aaronkeen/Library/Developer/Xcode/DerivedData/NutraSafeBeta-awyabywlaekrybetqgpbjphfxefs/Build/Intermediates.noindex/Firebase.build/Debug-iphonesimulator/Firebase_FirebaseCoreExtension.build/empty-Firebase_FirebaseCoreExtension.plist

WriteAuxiliaryFile /Users/aaronkeen/Library/Developer/Xcode/DerivedData/NutraSafeBeta-awyabywlaekrybetqgpbjphfxefs/Build/Intermediates.noindex/Firebase.build/Debug-iphonesimulator/Firebase_FirebaseCoreExtension.build/Firebase_FirebaseCoreExtension.DependencyStaticMetadataFileList (in target 'Firebase_FirebaseCoreExtension' from project 'Firebase')
    cd /Users/aaronkeen/Library/Developer/Xcode/DerivedData/NutraSafeBeta-awyabywlaekrybetqgpbjphfxefs/SourcePackages/checkouts/firebase-ios-sdk
    write-file /Users/aaronkeen/Library/Developer/Xcode/DerivedData/NutraSafeBeta-awyabywlaekrybetqgpbjphfxefs/Build/Intermediates.noindex/Firebase.build/Debug-iphonesimulator/Firebase_FirebaseCoreExtension.build/Firebase_FirebaseCoreExtension.DependencyStaticMetadataFileList

WriteAuxiliaryFile /Users/aaronkeen/Library/Developer/Xcode/DerivedData/NutraSafeBeta-awyabywlaekrybetqgpbjphfxefs/Build/Intermediates.noindex/Firebase.build/Debug-iphonesimulator/Firebase_FirebaseCoreExtension.build/Firebase_FirebaseCoreExtension.DependencyMetadataFileList (in target 'Firebase_FirebaseCoreExtension' from project 'Firebase')
    cd /Users/aaronkeen/Library/Developer/Xcode/DerivedData/NutraSafeBeta-awyabywlaekrybetqgpbjphfxefs/SourcePackages/checkouts/firebase-ios-sdk
    write-file /Users/aaronkeen/Library/Developer/Xcode/DerivedData/NutraSafeBeta-awyabywlaekrybetqgpbjphfxefs/Build/Intermediates.noindex/Firebase.build/Debug-iphonesimulator/Firebase_FirebaseCoreExtension.build/Firebase_FirebaseCoreExtension.DependencyMetadataFileList

WriteAuxiliaryFile /Users/aaronkeen/Library/Developer/Xcode/DerivedData/NutraSafeBeta-awyabywlaekrybetqgpbjphfxefs/Build/Intermediates.noindex/Firebase.build/Debug-iphonesimulator/Firebase_FirebaseCore.build/empty-Firebase_FirebaseCore.plist (in target 'Firebase_FirebaseCore' from project 'Firebase')
    cd /Users/aaronkeen/Library/Developer/Xcode/DerivedData/NutraSafeBeta-awyabywlaekrybetqgpbjphfxefs/SourcePackages/checkouts/firebase-ios-sdk
    write-file /Users/aaronkeen/Library/Developer/Xcode/DerivedData/NutraSafeBeta-awyabywlaekrybetqgpbjphfxefs/Build/Intermediates.noindex/Firebase.build/Debug-iphonesimulator/Firebase_FirebaseCore.build/empty-Firebase_FirebaseCore.plist

WriteAuxiliaryFile /Users/aaronkeen/Library/Developer/Xcode/DerivedData/NutraSafeBeta-awyabywlaekrybetqgpbjphfxefs/Build/Intermediates.noindex/Firebase.build/Debug-iphonesimulator/Firebase_FirebaseCore.build/Firebase_FirebaseCore.DependencyStaticMetadataFileList (in target 'Firebase_FirebaseCore' from project 'Firebase')
    cd /Users/aaronkeen/Library/Developer/Xcode/DerivedData/NutraSafeBeta-awyabywlaekrybetqgpbjphfxefs/SourcePackages/checkouts/firebase-ios-sdk
    write-file /Users/aaronkeen/Library/Developer/Xcode/DerivedData/NutraSafeBeta-awyabywlaekrybetqgpbjphfxefs/Build/Intermediates.noindex/Firebase.build/Debug-iphonesimulator/Firebase_FirebaseCore.build/Firebase_FirebaseCore.DependencyStaticMetadataFileList

WriteAuxiliaryFile /Users/aaronkeen/Library/Developer/Xcode/DerivedData/NutraSafeBeta-awyabywlaekrybetqgpbjphfxefs/Build/Intermediates.noindex/Firebase.build/Debug-iphonesimulator/Firebase_FirebaseCore.build/Firebase_FirebaseCore.DependencyMetadataFileList (in target 'Firebase_FirebaseCore' from project 'Firebase')
    cd /Users/aaronkeen/Library/Developer/Xcode/DerivedData/NutraSafeBeta-awyabywlaekrybetqgpbjphfxefs/SourcePackages/checkouts/firebase-ios-sdk
    write-file /Users/aaronkeen/Library/Developer/Xcode/DerivedData/NutraSafeBeta-awyabywlaekrybetqgpbjphfxefs/Build/Intermediates.noindex/Firebase.build/Debug-iphonesimulator/Firebase_FirebaseCore.build/Firebase_FirebaseCore.DependencyMetadataFileList

WriteAuxiliaryFile /Users/aaronkeen/Library/Developer/Xcode/DerivedData/NutraSafeBeta-awyabywlaekrybetqgpbjphfxefs/Build/Intermediates.noindex/Firebase.build/Debug-iphonesimulator/Firebase_FirebaseAuth.build/empty-Firebase_FirebaseAuth.plist (in target 'Firebase_FirebaseAuth' from project 'Firebase')
    cd /Users/aaronkeen/Library/Developer/Xcode/DerivedData/NutraSafeBeta-awyabywlaekrybetqgpbjphfxefs/SourcePackages/checkouts/firebase-ios-sdk
    write-file /Users/aaronkeen/Library/Developer/Xcode/DerivedData/NutraSafeBeta-awyabywlaekrybetqgpbjphfxefs/Build/Intermediates.noindex/Firebase.build/Debug-iphonesimulator/Firebase_FirebaseAuth.build/empty-Firebase_FirebaseAuth.plist

WriteAuxiliaryFile /Users/aaronkeen/Library/Developer/Xcode/DerivedData/NutraSafeBeta-awyabywlaekrybetqgpbjphfxefs/Build/Intermediates.noindex/Firebase.build/Debug-iphonesimulator/Firebase_FirebaseAuth.build/Firebase_FirebaseAuth.DependencyStaticMetadataFileList (in target 'Firebase_FirebaseAuth' from project 'Firebase')
    cd /Users/aaronkeen/Library/Developer/Xcode/DerivedData/NutraSafeBeta-awyabywlaekrybetqgpbjphfxefs/SourcePackages/checkouts/firebase-ios-sdk
    write-file /Users/aaronkeen/Library/Developer/Xcode/DerivedData/NutraSafeBeta-awyabywlaekrybetqgpbjphfxefs/Build/Intermediates.noindex/Firebase.build/Debug-iphonesimulator/Firebase_FirebaseAuth.build/Firebase_FirebaseAuth.DependencyStaticMetadataFileList

WriteAuxiliaryFile /Users/aaronkeen/Library/Developer/Xcode/DerivedData/NutraSafeBeta-awyabywlaekrybetqgpbjphfxefs/Build/Intermediates.noindex/Firebase.build/Debug-iphonesimulator/Firebase_FirebaseAuth.build/Firebase_FirebaseAuth.DependencyMetadataFileList (in target 'Firebase_FirebaseAuth' from project 'Firebase')
    cd /Users/aaronkeen/Library/Developer/Xcode/DerivedData/NutraSafeBeta-awyabywlaekrybetqgpbjphfxefs/SourcePackages/checkouts/firebase-ios-sdk
    write-file /Users/aaronkeen/Library/Developer/Xcode/DerivedData/NutraSafeBeta-awyabywlaekrybetqgpbjphfxefs/Build/Intermediates.noindex/Firebase.build/Debug-iphonesimulator/Firebase_FirebaseAuth.build/Firebase_FirebaseAuth.DependencyMetadataFileList

WriteAuxiliaryFile /Users/aaronkeen/Library/Developer/Xcode/DerivedData/NutraSafeBeta-awyabywlaekrybetqgpbjphfxefs/Build/Intermediates.noindex/Firebase.build/Debug-iphonesimulator/FirebaseSharedSwift.build/Objects-normal/arm64/FirebaseSharedSwift_const_extract_protocols.json (in target 'FirebaseSharedSwift' from project 'Firebase')
    cd /Users/aaronkeen/Library/Developer/Xcode/DerivedData/NutraSafeBeta-awyabywlaekrybetqgpbjphfxefs/SourcePackages/checkouts/firebase-ios-sdk
    write-file /Users/aaronkeen/Library/Developer/Xcode/DerivedData/NutraSafeBeta-awyabywlaekrybetqgpbjphfxefs/Build/Intermediates.noindex/Firebase.build/Debug-iphonesimulator/FirebaseSharedSwift.build/Objects-normal/arm64/FirebaseSharedSwift_const_extract_protocols.json

WriteAuxiliaryFile /Users/aaronkeen/Library/Developer/Xcode/DerivedData/NutraSafeBeta-awyabywlaekrybetqgpbjphfxefs/Build/Intermediates.noindex/Firebase.build/Debug-iphonesimulator/FirebaseSharedSwift.build/Objects-normal/arm64/FirebaseSharedSwift.SwiftFileList (in target 'FirebaseSharedSwift' from project 'Firebase')
    cd /Users/aaronkeen/Library/Developer/Xcode/DerivedData/NutraSafeBeta-awyabywlaekrybetqgpbjphfxefs/SourcePackages/checkouts/firebase-ios-sdk
    write-file /Users/aaronkeen/Library/Developer/Xcode/DerivedData/NutraSafeBeta-awyabywlaekrybetqgpbjphfxefs/Build/Intermediates.noindex/Firebase.build/Debug-iphonesimulator/FirebaseSharedSwift.build/Objects-normal/arm64/FirebaseSharedSwift.SwiftFileList

WriteAuxiliaryFile /Users/aaronkeen/Library/Developer/Xcode/DerivedData/NutraSafeBeta-awyabywlaekrybetqgpbjphfxefs/Build/Intermediates.noindex/Firebase.build/Debug-iphonesimulator/FirebaseSharedSwift.build/Objects-normal/arm64/FirebaseSharedSwift.SwiftConstValuesFileList (in target 'FirebaseSharedSwift' from project 'Firebase')
    cd /Users/aaronkeen/Library/Developer/Xcode/DerivedData/NutraSafeBeta-awyabywlaekrybetqgpbjphfxefs/SourcePackages/checkouts/firebase-ios-sdk
    write-file /Users/aaronkeen/Library/Developer/Xcode/DerivedData/NutraSafeBeta-awyabywlaekrybetqgpbjphfxefs/Build/Intermediates.noindex/Firebase.build/Debug-iphonesimulator/FirebaseSharedSwift.build/Objects-normal/arm64/FirebaseSharedSwift.SwiftConstValuesFileList

WriteAuxiliaryFile /Users/aaronkeen/Library/Developer/Xcode/DerivedData/NutraSafeBeta-awyabywlaekrybetqgpbjphfxefs/Build/Intermediates.noindex/Firebase.build/Debug-iphonesimulator/FirebaseSharedSwift.build/Objects-normal/arm64/FirebaseSharedSwift.LinkFileList (in target 'FirebaseSharedSwift' from project 'Firebase')
    cd /Users/aaronkeen/Library/Developer/Xcode/DerivedData/NutraSafeBeta-awyabywlaekrybetqgpbjphfxefs/SourcePackages/checkouts/firebase-ios-sdk
    write-file /Users/aaronkeen/Library/Developer/Xcode/DerivedData/NutraSafeBeta-awyabywlaekrybetqgpbjphfxefs/Build/Intermediates.noindex/Firebase.build/Debug-iphonesimulator/FirebaseSharedSwift.build/Objects-normal/arm64/FirebaseSharedSwift.LinkFileList

WriteAuxiliaryFile /Users/aaronkeen/Library/Developer/Xcode/DerivedData/NutraSafeBeta-awyabywlaekrybetqgpbjphfxefs/Build/Intermediates.noindex/Firebase.build/Debug-iphonesimulator/FirebaseSharedSwift.build/Objects-normal/arm64/FirebaseSharedSwift-OutputFileMap.json (in target 'FirebaseSharedSwift' from project 'Firebase')
    cd /Users/aaronkeen/Library/Developer/Xcode/DerivedData/NutraSafeBeta-awyabywlaekrybetqgpbjphfxefs/SourcePackages/checkouts/firebase-ios-sdk
    write-file /Users/aaronkeen/Library/Developer/Xcode/DerivedData/NutraSafeBeta-awyabywlaekrybetqgpbjphfxefs/Build/Intermediates.noindex/Firebase.build/Debug-iphonesimulator/FirebaseSharedSwift.build/Objects-normal/arm64/FirebaseSharedSwift-OutputFileMap.json

WriteAuxiliaryFile /Users/aaronkeen/Library/Developer/Xcode/DerivedData/NutraSafeBeta-awyabywlaekrybetqgpbjphfxefs/Build/Intermediates.noindex/Firebase.build/Debug-iphonesimulator/FirebaseSharedSwift.build/FirebaseSharedSwift.modulemap (in target 'FirebaseSharedSwift' from project 'Firebase')
    cd /Users/aaronkeen/Library/Developer/Xcode/DerivedData/NutraSafeBeta-awyabywlaekrybetqgpbjphfxefs/SourcePackages/checkouts/firebase-ios-sdk
    write-file /Users/aaronkeen/Library/Developer/Xcode/DerivedData/NutraSafeBeta-awyabywlaekrybetqgpbjphfxefs/Build/Intermediates.noindex/Firebase.build/Debug-iphonesimulator/FirebaseSharedSwift.build/FirebaseSharedSwift.modulemap

WriteAuxiliaryFile /Users/aaronkeen/Library/Developer/Xcode/DerivedData/NutraSafeBeta-awyabywlaekrybetqgpbjphfxefs/Build/Intermediates.noindex/Firebase.build/Debug-iphonesimulator/FirebaseSharedSwift.build/FirebaseSharedSwift.DependencyStaticMetadataFileList (in target 'FirebaseSharedSwift' from project 'Firebase')
    cd /Users/aaronkeen/Library/Developer/Xcode/DerivedData/NutraSafeBeta-awyabywlaekrybetqgpbjphfxefs/SourcePackages/checkouts/firebase-ios-sdk
    write-file /Users/aaronkeen/Library/Developer/Xcode/DerivedData/NutraSafeBeta-awyabywlaekrybetqgpbjphfxefs/Build/Intermediates.noindex/Firebase.build/Debug-iphonesimulator/FirebaseSharedSwift.build/FirebaseSharedSwift.DependencyStaticMetadataFileList

WriteAuxiliaryFile /Users/aaronkeen/Library/Developer/Xcode/DerivedData/NutraSafeBeta-awyabywlaekrybetqgpbjphfxefs/Build/Intermediates.noindex/Firebase.build/Debug-iphonesimulator/FirebaseSharedSwift.build/FirebaseSharedSwift.DependencyMetadataFileList (in target 'FirebaseSharedSwift' from project 'Firebase')
    cd /Users/aaronkeen/Library/Developer/Xcode/DerivedData/NutraSafeBeta-awyabywlaekrybetqgpbjphfxefs/SourcePackages/checkouts/firebase-ios-sdk
    write-file /Users/aaronkeen/Library/Developer/Xcode/DerivedData/NutraSafeBeta-awyabywlaekrybetqgpbjphfxefs/Build/Intermediates.noindex/Firebase.build/Debug-iphonesimulator/FirebaseSharedSwift.build/FirebaseSharedSwift.DependencyMetadataFileList

WriteAuxiliaryFile /Users/aaronkeen/Library/Developer/Xcode/DerivedData/NutraSafeBeta-awyabywlaekrybetqgpbjphfxefs/Build/Intermediates.noindex/Firebase.build/Debug-iphonesimulator/FirebaseCoreInternal.build/Objects-normal/arm64/FirebaseCoreInternal_const_extract_protocols.json (in target 'FirebaseCoreInternal' from project 'Firebase')
    cd /Users/aaronkeen/Library/Developer/Xcode/DerivedData/NutraSafeBeta-awyabywlaekrybetqgpbjphfxefs/SourcePackages/checkouts/firebase-ios-sdk
    write-file /Users/aaronkeen/Library/Developer/Xcode/DerivedData/NutraSafeBeta-awyabywlaekrybetqgpbjphfxefs/Build/Intermediates.noindex/Firebase.build/Debug-iphonesimulator/FirebaseCoreInternal.build/Objects-normal/arm64/FirebaseCoreInternal_const_extract_protocols.json

WriteAuxiliaryFile /Users/aaronkeen/Library/Developer/Xcode/DerivedData/NutraSafeBeta-awyabywlaekrybetqgpbjphfxefs/Build/Intermediates.noindex/Firebase.build/Debug-iphonesimulator/FirebaseCoreInternal.build/Objects-normal/arm64/FirebaseCoreInternal.SwiftFileList (in target 'FirebaseCoreInternal' from project 'Firebase')
    cd /Users/aaronkeen/Library/Developer/Xcode/DerivedData/NutraSafeBeta-awyabywlaekrybetqgpbjphfxefs/SourcePackages/checkouts/firebase-ios-sdk
    write-file /Users/aaronkeen/Library/Developer/Xcode/DerivedData/NutraSafeBeta-awyabywlaekrybetqgpbjphfxefs/Build/Intermediates.noindex/Firebase.build/Debug-iphonesimulator/FirebaseCoreInternal.build/Objects-normal/arm64/FirebaseCoreInternal.SwiftFileList

WriteAuxiliaryFile /Users/aaronkeen/Library/Developer/Xcode/DerivedData/NutraSafeBeta-awyabywlaekrybetqgpbjphfxefs/Build/Intermediates.noindex/Firebase.build/Debug-iphonesimulator/FirebaseCoreInternal.build/Objects-normal/arm64/FirebaseCoreInternal.SwiftConstValuesFileList (in target 'FirebaseCoreInternal' from project 'Firebase')
    cd /Users/aaronkeen/Library/Developer/Xcode/DerivedData/NutraSafeBeta-awyabywlaekrybetqgpbjphfxefs/SourcePackages/checkouts/firebase-ios-sdk
    write-file /Users/aaronkeen/Library/Developer/Xcode/DerivedData/NutraSafeBeta-awyabywlaekrybetqgpbjphfxefs/Build/Intermediates.noindex/Firebase.build/Debug-iphonesimulator/FirebaseCoreInternal.build/Objects-normal/arm64/FirebaseCoreInternal.SwiftConstValuesFileList

WriteAuxiliaryFile /Users/aaronkeen/Library/Developer/Xcode/DerivedData/NutraSafeBeta-awyabywlaekrybetqgpbjphfxefs/Build/Intermediates.noindex/Firebase.build/Debug-iphonesimulator/FirebaseCoreInternal.build/Objects-normal/arm64/FirebaseCoreInternal.LinkFileList (in target 'FirebaseCoreInternal' from project 'Firebase')
    cd /Users/aaronkeen/Library/Developer/Xcode/DerivedData/NutraSafeBeta-awyabywlaekrybetqgpbjphfxefs/SourcePackages/checkouts/firebase-ios-sdk
    write-file /Users/aaronkeen/Library/Developer/Xcode/DerivedData/NutraSafeBeta-awyabywlaekrybetqgpbjphfxefs/Build/Intermediates.noindex/Firebase.build/Debug-iphonesimulator/FirebaseCoreInternal.build/Objects-normal/arm64/FirebaseCoreInternal.LinkFileList

WriteAuxiliaryFile /Users/aaronkeen/Library/Developer/Xcode/DerivedData/NutraSafeBeta-awyabywlaekrybetqgpbjphfxefs/Build/Intermediates.noindex/Firebase.build/Debug-iphonesimulator/FirebaseCoreInternal.build/Objects-normal/arm64/FirebaseCoreInternal-OutputFileMap.json (in target 'FirebaseCoreInternal' from project 'Firebase')
    cd /Users/aaronkeen/Library/Developer/Xcode/DerivedData/NutraSafeBeta-awyabywlaekrybetqgpbjphfxefs/SourcePackages/checkouts/firebase-ios-sdk
    write-file /Users/aaronkeen/Library/Developer/Xcode/DerivedData/NutraSafeBeta-awyabywlaekrybetqgpbjphfxefs/Build/Intermediates.noindex/Firebase.build/Debug-iphonesimulator/FirebaseCoreInternal.build/Objects-normal/arm64/FirebaseCoreInternal-OutputFileMap.json

WriteAuxiliaryFile /Users/aaronkeen/Library/Developer/Xcode/DerivedData/NutraSafeBeta-awyabywlaekrybetqgpbjphfxefs/Build/Intermediates.noindex/Firebase.build/Debug-iphonesimulator/FirebaseCoreInternal.build/FirebaseCoreInternal.modulemap (in target 'FirebaseCoreInternal' from project 'Firebase')
    cd /Users/aaronkeen/Library/Developer/Xcode/DerivedData/NutraSafeBeta-awyabywlaekrybetqgpbjphfxefs/SourcePackages/checkouts/firebase-ios-sdk
    write-file /Users/aaronkeen/Library/Developer/Xcode/DerivedData/NutraSafeBeta-awyabywlaekrybetqgpbjphfxefs/Build/Intermediates.noindex/Firebase.build/Debug-iphonesimulator/FirebaseCoreInternal.build/FirebaseCoreInternal.modulemap

WriteAuxiliaryFile /Users/aaronkeen/Library/Developer/Xcode/DerivedData/NutraSafeBeta-awyabywlaekrybetqgpbjphfxefs/Build/Intermediates.noindex/Firebase.build/Debug-iphonesimulator/FirebaseCoreInternal.build/FirebaseCoreInternal.DependencyStaticMetadataFileList (in target 'FirebaseCoreInternal' from project 'Firebase')
    cd /Users/aaronkeen/Library/Developer/Xcode/DerivedData/NutraSafeBeta-awyabywlaekrybetqgpbjphfxefs/SourcePackages/checkouts/firebase-ios-sdk
    write-file /Users/aaronkeen/Library/Developer/Xcode/DerivedData/NutraSafeBeta-awyabywlaekrybetqgpbjphfxefs/Build/Intermediates.noindex/Firebase.build/Debug-iphonesimulator/FirebaseCoreInternal.build/FirebaseCoreInternal.DependencyStaticMetadataFileList

WriteAuxiliaryFile /Users/aaronkeen/Library/Developer/Xcode/DerivedData/NutraSafeBeta-awyabywlaekrybetqgpbjphfxefs/Build/Intermediates.noindex/Firebase.build/Debug-iphonesimulator/FirebaseCoreInternal.build/FirebaseCoreInternal.DependencyMetadataFileList (in target 'FirebaseCoreInternal' from project 'Firebase')
    cd /Users/aaronkeen/Library/Developer/Xcode/DerivedData/NutraSafeBeta-awyabywlaekrybetqgpbjphfxefs/SourcePackages/checkouts/firebase-ios-sdk
    write-file /Users/aaronkeen/Library/Developer/Xcode/DerivedData/NutraSafeBeta-awyabywlaekrybetqgpbjphfxefs/Build/Intermediates.noindex/Firebase.build/Debug-iphonesimulator/FirebaseCoreInternal.build/FirebaseCoreInternal.DependencyMetadataFileList

WriteAuxiliaryFile /Users/aaronkeen/Library/Developer/Xcode/DerivedData/NutraSafeBeta-awyabywlaekrybetqgpbjphfxefs/Build/Intermediates.noindex/Firebase.build/Debug-iphonesimulator/FirebaseCoreInternal.build/DerivedSources/resource_bundle_accessor.swift (in target 'FirebaseCoreInternal' from project 'Firebase')
    cd /Users/aaronkeen/Library/Developer/Xcode/DerivedData/NutraSafeBeta-awyabywlaekrybetqgpbjphfxefs/SourcePackages/checkouts/firebase-ios-sdk
    write-file /Users/aaronkeen/Library/Developer/Xcode/DerivedData/NutraSafeBeta-awyabywlaekrybetqgpbjphfxefs/Build/Intermediates.noindex/Firebase.build/Debug-iphonesimulator/FirebaseCoreInternal.build/DerivedSources/resource_bundle_accessor.swift

WriteAuxiliaryFile /Users/aaronkeen/Library/Developer/Xcode/DerivedData/NutraSafeBeta-awyabywlaekrybetqgpbjphfxefs/Build/Intermediates.noindex/Firebase.build/Debug-iphonesimulator/FirebaseCoreExtension.build/Objects-normal/arm64/e6072d4f65d7061329687fe24e3d63a7-common-args.resp (in target 'FirebaseCoreExtension' from project 'Firebase')
    cd /Users/aaronkeen/Library/Developer/Xcode/DerivedData/NutraSafeBeta-awyabywlaekrybetqgpbjphfxefs/SourcePackages/checkouts/firebase-ios-sdk
    write-file /Users/aaronkeen/Library/Developer/Xcode/DerivedData/NutraSafeBeta-awyabywlaekrybetqgpbjphfxefs/Build/Intermediates.noindex/Firebase.build/Debug-iphonesimulator/FirebaseCoreExtension.build/Objects-normal/arm64/e6072d4f65d7061329687fe24e3d63a7-common-args.resp
-target arm64-apple-ios15.0-simulator -fobjc-arc -fmodules -gmodules '-fmodules-cache-path=/Users/aaronkeen/Library/Developer/Xcode/DerivedData/ModuleCache.noindex' '-fmodule-name=FirebaseCoreExtension' -fpascal-strings -O0 -DSWIFT_PACKAGE '-DDEBUG=1' '-DOBJC_OLD_DISPATCH_PROTOTYPES=1' -isysroot /Applications/Xcode.app/Contents/Developer/Platforms/iPhoneSimulator.platform/Developer/SDKs/iPhoneSimulator18.5.sdk -g '-fobjc-abi-version=2' -fobjc-legacy-dispatch -I/Users/aaronkeen/Library/Developer/Xcode/DerivedData/NutraSafeBeta-awyabywlaekrybetqgpbjphfxefs/Build/Products/Debug-iphonesimulator/include -I/Users/aaronkeen/Library/Developer/Xcode/DerivedData/NutraSafeBeta-awyabywlaekrybetqgpbjphfxefs/SourcePackages/checkouts/firebase-ios-sdk/FirebaseCore/Extension -I/Users/aaronkeen/Library/Developer/Xcode/DerivedData/NutraSafeBeta-awyabywlaekrybetqgpbjphfxefs/SourcePackages/checkouts/firebase-ios-sdk -I/Users/aaronkeen/Library/Developer/Xcode/DerivedData/NutraSafeBeta-awyabywlaekrybetqgpbjphfxefs/Build/Intermediates.noindex/Firebase.build/Debug-iphonesimulator/FirebaseCoreExtension.build/DerivedSources-normal/arm64 -I/Users/aaronkeen/Library/Developer/Xcode/DerivedData/NutraSafeBeta-awyabywlaekrybetqgpbjphfxefs/Build/Intermediates.noindex/Firebase.build/Debug-iphonesimulator/FirebaseCoreExtension.build/DerivedSources/arm64 -I/Users/aaronkeen/Library/Developer/Xcode/DerivedData/NutraSafeBeta-awyabywlaekrybetqgpbjphfxefs/Build/Intermediates.noindex/Firebase.build/Debug-iphonesimulator/FirebaseCoreExtension.build/DerivedSources -F/Users/aaronkeen/Library/Developer/Xcode/DerivedData/NutraSafeBeta-awyabywlaekrybetqgpbjphfxefs/Build/Products/Debug-iphonesimulator -iframework /Applications/Xcode.app/Contents/Developer/Platforms/iPhoneSimulator.platform/Developer/Library/Frameworks -iframework /Applications/Xcode.app/Contents/Developer/Platforms/iPhoneSimulator.platform/Developer/SDKs/iPhoneSimulator18.5.sdk/Developer/Library/Frameworks -DXcode

WriteAuxiliaryFile /Users/aaronkeen/Library/Developer/Xcode/DerivedData/NutraSafeBeta-awyabywlaekrybetqgpbjphfxefs/Build/Intermediates.noindex/Firebase.build/Debug-iphonesimulator/FirebaseCoreExtension.build/Objects-normal/arm64/FirebaseCoreExtension.LinkFileList (in target 'FirebaseCoreExtension' from project 'Firebase')
    cd /Users/aaronkeen/Library/Developer/Xcode/DerivedData/NutraSafeBeta-awyabywlaekrybetqgpbjphfxefs/SourcePackages/checkouts/firebase-ios-sdk
    write-file /Users/aaronkeen/Library/Developer/Xcode/DerivedData/NutraSafeBeta-awyabywlaekrybetqgpbjphfxefs/Build/Intermediates.noindex/Firebase.build/Debug-iphonesimulator/FirebaseCoreExtension.build/Objects-normal/arm64/FirebaseCoreExtension.LinkFileList

WriteAuxiliaryFile /Users/aaronkeen/Library/Developer/Xcode/DerivedData/NutraSafeBeta-awyabywlaekrybetqgpbjphfxefs/Build/Intermediates.noindex/Firebase.build/Debug-iphonesimulator/FirebaseCoreExtension.build/FirebaseCoreExtension.modulemap (in target 'FirebaseCoreExtension' from project 'Firebase')
    cd /Users/aaronkeen/Library/Developer/Xcode/DerivedData/NutraSafeBeta-awyabywlaekrybetqgpbjphfxefs/SourcePackages/checkouts/firebase-ios-sdk
    write-file /Users/aaronkeen/Library/Developer/Xcode/DerivedData/NutraSafeBeta-awyabywlaekrybetqgpbjphfxefs/Build/Intermediates.noindex/Firebase.build/Debug-iphonesimulator/FirebaseCoreExtension.build/FirebaseCoreExtension.modulemap

WriteAuxiliaryFile /Users/aaronkeen/Library/Developer/Xcode/DerivedData/NutraSafeBeta-awyabywlaekrybetqgpbjphfxefs/Build/Intermediates.noindex/Firebase.build/Debug-iphonesimulator/FirebaseCoreExtension.build/FirebaseCoreExtension.DependencyStaticMetadataFileList (in target 'FirebaseCoreExtension' from project 'Firebase')
    cd /Users/aaronkeen/Library/Developer/Xcode/DerivedData/NutraSafeBeta-awyabywlaekrybetqgpbjphfxefs/SourcePackages/checkouts/firebase-ios-sdk
    write-file /Users/aaronkeen/Library/Developer/Xcode/DerivedData/NutraSafeBeta-awyabywlaekrybetqgpbjphfxefs/Build/Intermediates.noindex/Firebase.build/Debug-iphonesimulator/FirebaseCoreExtension.build/FirebaseCoreExtension.DependencyStaticMetadataFileList

WriteAuxiliaryFile /Users/aaronkeen/Library/Developer/Xcode/DerivedData/NutraSafeBeta-awyabywlaekrybetqgpbjphfxefs/Build/Intermediates.noindex/Firebase.build/Debug-iphonesimulator/FirebaseCoreExtension.build/FirebaseCoreExtension.DependencyMetadataFileList (in target 'FirebaseCoreExtension' from project 'Firebase')
    cd /Users/aaronkeen/Library/Developer/Xcode/DerivedData/NutraSafeBeta-awyabywlaekrybetqgpbjphfxefs/SourcePackages/checkouts/firebase-ios-sdk
    write-file /Users/aaronkeen/Library/Developer/Xcode/DerivedData/NutraSafeBeta-awyabywlaekrybetqgpbjphfxefs/Build/Intermediates.noindex/Firebase.build/Debug-iphonesimulator/FirebaseCoreExtension.build/FirebaseCoreExtension.DependencyMetadataFileList

WriteAuxiliaryFile /Users/aaronkeen/Library/Developer/Xcode/DerivedData/NutraSafeBeta-awyabywlaekrybetqgpbjphfxefs/Build/Intermediates.noindex/Firebase.build/Debug-iphonesimulator/FirebaseCoreExtension.build/DerivedSources/resource_bundle_accessor.h (in target 'FirebaseCoreExtension' from project 'Firebase')
    cd /Users/aaronkeen/Library/Developer/Xcode/DerivedData/NutraSafeBeta-awyabywlaekrybetqgpbjphfxefs/SourcePackages/checkouts/firebase-ios-sdk
    write-file /Users/aaronkeen/Library/Developer/Xcode/DerivedData/NutraSafeBeta-awyabywlaekrybetqgpbjphfxefs/Build/Intermediates.noindex/Firebase.build/Debug-iphonesimulator/FirebaseCoreExtension.build/DerivedSources/resource_bundle_accessor.h

WriteAuxiliaryFile /Users/aaronkeen/Library/Developer/Xcode/DerivedData/NutraSafeBeta-awyabywlaekrybetqgpbjphfxefs/Build/Intermediates.noindex/Firebase.build/Debug-iphonesimulator/FirebaseCoreExtension.build/DerivedSources/resource_bundle_accessor.m (in target 'FirebaseCoreExtension' from project 'Firebase')
    cd /Users/aaronkeen/Library/Developer/Xcode/DerivedData/NutraSafeBeta-awyabywlaekrybetqgpbjphfxefs/SourcePackages/checkouts/firebase-ios-sdk
    write-file /Users/aaronkeen/Library/Developer/Xcode/DerivedData/NutraSafeBeta-awyabywlaekrybetqgpbjphfxefs/Build/Intermediates.noindex/Firebase.build/Debug-iphonesimulator/FirebaseCoreExtension.build/DerivedSources/resource_bundle_accessor.m

WriteAuxiliaryFile /Users/aaronkeen/Library/Developer/Xcode/DerivedData/NutraSafeBeta-awyabywlaekrybetqgpbjphfxefs/Build/Intermediates.noindex/Firebase.build/Debug-iphonesimulator/FirebaseCore.build/Objects-normal/arm64/FirebaseCore.LinkFileList (in target 'FirebaseCore' from project 'Firebase')
    cd /Users/aaronkeen/Library/Developer/Xcode/DerivedData/NutraSafeBeta-awyabywlaekrybetqgpbjphfxefs/SourcePackages/checkouts/firebase-ios-sdk
    write-file /Users/aaronkeen/Library/Developer/Xcode/DerivedData/NutraSafeBeta-awyabywlaekrybetqgpbjphfxefs/Build/Intermediates.noindex/Firebase.build/Debug-iphonesimulator/FirebaseCore.build/Objects-normal/arm64/FirebaseCore.LinkFileList

WriteAuxiliaryFile /Users/aaronkeen/Library/Developer/Xcode/DerivedData/NutraSafeBeta-awyabywlaekrybetqgpbjphfxefs/Build/Intermediates.noindex/Firebase.build/Debug-iphonesimulator/FirebaseCore.build/Objects-normal/arm64/e6072d4f65d7061329687fe24e3d63a7-common-args.resp (in target 'FirebaseCore' from project 'Firebase')
    cd /Users/aaronkeen/Library/Developer/Xcode/DerivedData/NutraSafeBeta-awyabywlaekrybetqgpbjphfxefs/SourcePackages/checkouts/firebase-ios-sdk
    write-file /Users/aaronkeen/Library/Developer/Xcode/DerivedData/NutraSafeBeta-awyabywlaekrybetqgpbjphfxefs/Build/Intermediates.noindex/Firebase.build/Debug-iphonesimulator/FirebaseCore.build/Objects-normal/arm64/e6072d4f65d7061329687fe24e3d63a7-common-args.resp
-target arm64-apple-ios15.0-simulator -fobjc-arc -fmodules -gmodules '-fmodules-cache-path=/Users/aaronkeen/Library/Developer/Xcode/DerivedData/ModuleCache.noindex' '-fmodule-name=FirebaseCore' -fpascal-strings -O0 -DSWIFT_PACKAGE '-DDEBUG=1' '-DFirebase_VERSION=12.2.0' '-DOBJC_OLD_DISPATCH_PROTOTYPES=1' -isysroot /Applications/Xcode.app/Contents/Developer/Platforms/iPhoneSimulator.platform/Developer/SDKs/iPhoneSimulator18.5.sdk -g '-fobjc-abi-version=2' -fobjc-legacy-dispatch -I/Users/aaronkeen/Library/Developer/Xcode/DerivedData/NutraSafeBeta-awyabywlaekrybetqgpbjphfxefs/SourcePackages/checkouts/GoogleUtilities/GoogleUtilities/NSData+zlib/Public -I/Users/aaronkeen/Library/Developer/Xcode/DerivedData/NutraSafeBeta-awyabywlaekrybetqgpbjphfxefs/SourcePackages/checkouts/GoogleUtilities/GoogleUtilities/Environment/Public -I/Users/aaronkeen/Library/Developer/Xcode/DerivedData/NutraSafeBeta-awyabywlaekrybetqgpbjphfxefs/SourcePackages/checkouts/GoogleUtilities/third_party/IsAppEncrypted/Public -I/Users/aaronkeen/Library/Developer/Xcode/DerivedData/NutraSafeBeta-awyabywlaekrybetqgpbjphfxefs/SourcePackages/checkouts/GoogleUtilities/GoogleUtilities/Logger/Public -I/Users/aaronkeen/Library/Developer/Xcode/DerivedData/NutraSafeBeta-awyabywlaekrybetqgpbjphfxefs/SourcePackages/checkouts/firebase-ios-sdk/CoreOnly/Sources -I/Users/aaronkeen/Library/Developer/Xcode/DerivedData/NutraSafeBeta-awyabywlaekrybetqgpbjphfxefs/Build/Products/Debug-iphonesimulator/include -I/Users/aaronkeen/Library/Developer/Xcode/DerivedData/NutraSafeBeta-awyabywlaekrybetqgpbjphfxefs/SourcePackages/checkouts/firebase-ios-sdk/FirebaseCore/Sources/Public -I/Users/aaronkeen/Library/Developer/Xcode/DerivedData/NutraSafeBeta-awyabywlaekrybetqgpbjphfxefs/SourcePackages/checkouts/firebase-ios-sdk -I/Users/aaronkeen/Library/Developer/Xcode/DerivedData/NutraSafeBeta-awyabywlaekrybetqgpbjphfxefs/Build/Intermediates.noindex/Firebase.build/Debug-iphonesimulator/FirebaseCore.build/DerivedSources-normal/arm64 -I/Users/aaronkeen/Library/Developer/Xcode/DerivedData/NutraSafeBeta-awyabywlaekrybetqgpbjphfxefs/Build/Intermediates.noindex/Firebase.build/Debug-iphonesimulator/FirebaseCore.build/DerivedSources/arm64 -I/Users/aaronkeen/Library/Developer/Xcode/DerivedData/NutraSafeBeta-awyabywlaekrybetqgpbjphfxefs/Build/Intermediates.noindex/Firebase.build/Debug-iphonesimulator/FirebaseCore.build/DerivedSources -F/Users/aaronkeen/Library/Developer/Xcode/DerivedData/NutraSafeBeta-awyabywlaekrybetqgpbjphfxefs/Build/Products/Debug-iphonesimulator/PackageFrameworks -F/Users/aaronkeen/Library/Developer/Xcode/DerivedData/NutraSafeBeta-awyabywlaekrybetqgpbjphfxefs/Build/Products/Debug-iphonesimulator/PackageFrameworks -F/Users/aaronkeen/Library/Developer/Xcode/DerivedData/NutraSafeBeta-awyabywlaekrybetqgpbjphfxefs/Build/Products/Debug-iphonesimulator/PackageFrameworks -F/Users/aaronkeen/Library/Developer/Xcode/DerivedData/NutraSafeBeta-awyabywlaekrybetqgpbjphfxefs/Build/Products/Debug-iphonesimulator/PackageFrameworks -F/Users/aaronkeen/Library/Developer/Xcode/DerivedData/NutraSafeBeta-awyabywlaekrybetqgpbjphfxefs/Build/Products/Debug-iphonesimulator/PackageFrameworks -F/Users/aaronkeen/Library/Developer/Xcode/DerivedData/NutraSafeBeta-awyabywlaekrybetqgpbjphfxefs/Build/Products/Debug-iphonesimulator/PackageFrameworks -F/Users/aaronkeen/Library/Developer/Xcode/DerivedData/NutraSafeBeta-awyabywlaekrybetqgpbjphfxefs/Build/Products/Debug-iphonesimulator -iframework /Applications/Xcode.app/Contents/Developer/Platforms/iPhoneSimulator.platform/Developer/Library/Frameworks -iframework /Applications/Xcode.app/Contents/Developer/Platforms/iPhoneSimulator.platform/Developer/SDKs/iPhoneSimulator18.5.sdk/Developer/Library/Frameworks '-fmodule-map-file=/Users/aaronkeen/Library/Developer/Xcode/DerivedData/NutraSafeBeta-awyabywlaekrybetqgpbjphfxefs/Build/Intermediates.noindex/GeneratedModuleMaps-iphonesimulator/GoogleUtilities-NSData.modulemap' '-fmodule-map-file=/Users/aaronkeen/Library/Developer/Xcode/DerivedData/NutraSafeBeta-awyabywlaekrybetqgpbjphfxefs/Build/Intermediates.noindex/GeneratedModuleMaps-iphonesimulator/GoogleUtilities-Environment.modulemap' '-fmodule-map-file=/Users/aaronkeen/Library/Developer/Xcode/DerivedData/NutraSafeBeta-awyabywlaekrybetqgpbjphfxefs/Build/Intermediates.noindex/GeneratedModuleMaps-iphonesimulator/third-party-IsAppEncrypted.modulemap' '-fmodule-map-file=/Users/aaronkeen/Library/Developer/Xcode/DerivedData/NutraSafeBeta-awyabywlaekrybetqgpbjphfxefs/Build/Intermediates.noindex/GeneratedModuleMaps-iphonesimulator/GoogleUtilities-Logger.modulemap' '-fmodule-map-file=/Users/aaronkeen/Library/Developer/Xcode/DerivedData/NutraSafeBeta-awyabywlaekrybetqgpbjphfxefs/Build/Intermediates.noindex/GeneratedModuleMaps-iphonesimulator/FirebaseCoreInternal.modulemap' -DXcode

WriteAuxiliaryFile /Users/aaronkeen/Library/Developer/Xcode/DerivedData/NutraSafeBeta-awyabywlaekrybetqgpbjphfxefs/Build/Intermediates.noindex/Firebase.build/Debug-iphonesimulator/FirebaseCore.build/FirebaseCore.modulemap (in target 'FirebaseCore' from project 'Firebase')
    cd /Users/aaronkeen/Library/Developer/Xcode/DerivedData/NutraSafeBeta-awyabywlaekrybetqgpbjphfxefs/SourcePackages/checkouts/firebase-ios-sdk
    write-file /Users/aaronkeen/Library/Developer/Xcode/DerivedData/NutraSafeBeta-awyabywlaekrybetqgpbjphfxefs/Build/Intermediates.noindex/Firebase.build/Debug-iphonesimulator/FirebaseCore.build/FirebaseCore.modulemap

WriteAuxiliaryFile /Users/aaronkeen/Library/Developer/Xcode/DerivedData/NutraSafeBeta-awyabywlaekrybetqgpbjphfxefs/Build/Intermediates.noindex/Firebase.build/Debug-iphonesimulator/FirebaseCore.build/FirebaseCore.DependencyStaticMetadataFileList (in target 'FirebaseCore' from project 'Firebase')
    cd /Users/aaronkeen/Library/Developer/Xcode/DerivedData/NutraSafeBeta-awyabywlaekrybetqgpbjphfxefs/SourcePackages/checkouts/firebase-ios-sdk
    write-file /Users/aaronkeen/Library/Developer/Xcode/DerivedData/NutraSafeBeta-awyabywlaekrybetqgpbjphfxefs/Build/Intermediates.noindex/Firebase.build/Debug-iphonesimulator/FirebaseCore.build/FirebaseCore.DependencyStaticMetadataFileList

WriteAuxiliaryFile /Users/aaronkeen/Library/Developer/Xcode/DerivedData/NutraSafeBeta-awyabywlaekrybetqgpbjphfxefs/Build/Intermediates.noindex/Firebase.build/Debug-iphonesimulator/FirebaseCore.build/FirebaseCore.DependencyMetadataFileList (in target 'FirebaseCore' from project 'Firebase')
    cd /Users/aaronkeen/Library/Developer/Xcode/DerivedData/NutraSafeBeta-awyabywlaekrybetqgpbjphfxefs/SourcePackages/checkouts/firebase-ios-sdk
    write-file /Users/aaronkeen/Library/Developer/Xcode/DerivedData/NutraSafeBeta-awyabywlaekrybetqgpbjphfxefs/Build/Intermediates.noindex/Firebase.build/Debug-iphonesimulator/FirebaseCore.build/FirebaseCore.DependencyMetadataFileList

WriteAuxiliaryFile /Users/aaronkeen/Library/Developer/Xcode/DerivedData/NutraSafeBeta-awyabywlaekrybetqgpbjphfxefs/Build/Intermediates.noindex/Firebase.build/Debug-iphonesimulator/FirebaseCore.build/DerivedSources/resource_bundle_accessor.m (in target 'FirebaseCore' from project 'Firebase')
    cd /Users/aaronkeen/Library/Developer/Xcode/DerivedData/NutraSafeBeta-awyabywlaekrybetqgpbjphfxefs/SourcePackages/checkouts/firebase-ios-sdk
    write-file /Users/aaronkeen/Library/Developer/Xcode/DerivedData/NutraSafeBeta-awyabywlaekrybetqgpbjphfxefs/Build/Intermediates.noindex/Firebase.build/Debug-iphonesimulator/FirebaseCore.build/DerivedSources/resource_bundle_accessor.m

WriteAuxiliaryFile /Users/aaronkeen/Library/Developer/Xcode/DerivedData/NutraSafeBeta-awyabywlaekrybetqgpbjphfxefs/Build/Intermediates.noindex/Firebase.build/Debug-iphonesimulator/FirebaseCore.build/DerivedSources/resource_bundle_accessor.h (in target 'FirebaseCore' from project 'Firebase')
    cd /Users/aaronkeen/Library/Developer/Xcode/DerivedData/NutraSafeBeta-awyabywlaekrybetqgpbjphfxefs/SourcePackages/checkouts/firebase-ios-sdk
    write-file /Users/aaronkeen/Library/Developer/Xcode/DerivedData/NutraSafeBeta-awyabywlaekrybetqgpbjphfxefs/Build/Intermediates.noindex/Firebase.build/Debug-iphonesimulator/FirebaseCore.build/DerivedSources/resource_bundle_accessor.h

WriteAuxiliaryFile /Users/aaronkeen/Library/Developer/Xcode/DerivedData/NutraSafeBeta-awyabywlaekrybetqgpbjphfxefs/Build/Intermediates.noindex/Firebase.build/Debug-iphonesimulator/FirebaseAuthInterop.build/Objects-normal/arm64/FirebaseAuthInterop.LinkFileList (in target 'FirebaseAuthInterop' from project 'Firebase')
    cd /Users/aaronkeen/Library/Developer/Xcode/DerivedData/NutraSafeBeta-awyabywlaekrybetqgpbjphfxefs/SourcePackages/checkouts/firebase-ios-sdk
    write-file /Users/aaronkeen/Library/Developer/Xcode/DerivedData/NutraSafeBeta-awyabywlaekrybetqgpbjphfxefs/Build/Intermediates.noindex/Firebase.build/Debug-iphonesimulator/FirebaseAuthInterop.build/Objects-normal/arm64/FirebaseAuthInterop.LinkFileList

WriteAuxiliaryFile /Users/aaronkeen/Library/Developer/Xcode/DerivedData/NutraSafeBeta-awyabywlaekrybetqgpbjphfxefs/Build/Intermediates.noindex/Firebase.build/Debug-iphonesimulator/FirebaseAuthInterop.build/Objects-normal/arm64/e6072d4f65d7061329687fe24e3d63a7-common-args.resp (in target 'FirebaseAuthInterop' from project 'Firebase')
    cd /Users/aaronkeen/Library/Developer/Xcode/DerivedData/NutraSafeBeta-awyabywlaekrybetqgpbjphfxefs/SourcePackages/checkouts/firebase-ios-sdk
    write-file /Users/aaronkeen/Library/Developer/Xcode/DerivedData/NutraSafeBeta-awyabywlaekrybetqgpbjphfxefs/Build/Intermediates.noindex/Firebase.build/Debug-iphonesimulator/FirebaseAuthInterop.build/Objects-normal/arm64/e6072d4f65d7061329687fe24e3d63a7-common-args.resp
-target arm64-apple-ios15.0-simulator -fobjc-arc -fmodules -gmodules '-fmodules-cache-path=/Users/aaronkeen/Library/Developer/Xcode/DerivedData/ModuleCache.noindex' '-fmodule-name=FirebaseAuthInterop' -fpascal-strings -O0 -DSWIFT_PACKAGE '-DDEBUG=1' '-DOBJC_OLD_DISPATCH_PROTOTYPES=1' -isysroot /Applications/Xcode.app/Contents/Developer/Platforms/iPhoneSimulator.platform/Developer/SDKs/iPhoneSimulator18.5.sdk -g '-fobjc-abi-version=2' -fobjc-legacy-dispatch -I/Users/aaronkeen/Library/Developer/Xcode/DerivedData/NutraSafeBeta-awyabywlaekrybetqgpbjphfxefs/Build/Products/Debug-iphonesimulator/include -I/Users/aaronkeen/Library/Developer/Xcode/DerivedData/NutraSafeBeta-awyabywlaekrybetqgpbjphfxefs/SourcePackages/checkouts/firebase-ios-sdk/FirebaseAuth/Interop/Public -I/Users/aaronkeen/Library/Developer/Xcode/DerivedData/NutraSafeBeta-awyabywlaekrybetqgpbjphfxefs/SourcePackages/checkouts/firebase-ios-sdk -I/Users/aaronkeen/Library/Developer/Xcode/DerivedData/NutraSafeBeta-awyabywlaekrybetqgpbjphfxefs/Build/Intermediates.noindex/Firebase.build/Debug-iphonesimulator/FirebaseAuthInterop.build/DerivedSources-normal/arm64 -I/Users/aaronkeen/Library/Developer/Xcode/DerivedData/NutraSafeBeta-awyabywlaekrybetqgpbjphfxefs/Build/Intermediates.noindex/Firebase.build/Debug-iphonesimulator/FirebaseAuthInterop.build/DerivedSources/arm64 -I/Users/aaronkeen/Library/Developer/Xcode/DerivedData/NutraSafeBeta-awyabywlaekrybetqgpbjphfxefs/Build/Intermediates.noindex/Firebase.build/Debug-iphonesimulator/FirebaseAuthInterop.build/DerivedSources -F/Users/aaronkeen/Library/Developer/Xcode/DerivedData/NutraSafeBeta-awyabywlaekrybetqgpbjphfxefs/Build/Products/Debug-iphonesimulator -iframework /Applications/Xcode.app/Contents/Developer/Platforms/iPhoneSimulator.platform/Developer/Library/Frameworks -iframework /Applications/Xcode.app/Contents/Developer/Platforms/iPhoneSimulator.platform/Developer/SDKs/iPhoneSimulator18.5.sdk/Developer/Library/Frameworks -DXcode

WriteAuxiliaryFile /Users/aaronkeen/Library/Developer/Xcode/DerivedData/NutraSafeBeta-awyabywlaekrybetqgpbjphfxefs/Build/Intermediates.noindex/Firebase.build/Debug-iphonesimulator/FirebaseAuthInterop.build/FirebaseAuthInterop.modulemap (in target 'FirebaseAuthInterop' from project 'Firebase')
    cd /Users/aaronkeen/Library/Developer/Xcode/DerivedData/NutraSafeBeta-awyabywlaekrybetqgpbjphfxefs/SourcePackages/checkouts/firebase-ios-sdk
    write-file /Users/aaronkeen/Library/Developer/Xcode/DerivedData/NutraSafeBeta-awyabywlaekrybetqgpbjphfxefs/Build/Intermediates.noindex/Firebase.build/Debug-iphonesimulator/FirebaseAuthInterop.build/FirebaseAuthInterop.modulemap

WriteAuxiliaryFile /Users/aaronkeen/Library/Developer/Xcode/DerivedData/NutraSafeBeta-awyabywlaekrybetqgpbjphfxefs/Build/Intermediates.noindex/Firebase.build/Debug-iphonesimulator/FirebaseAuthInterop.build/FirebaseAuthInterop.DependencyStaticMetadataFileList (in target 'FirebaseAuthInterop' from project 'Firebase')
    cd /Users/aaronkeen/Library/Developer/Xcode/DerivedData/NutraSafeBeta-awyabywlaekrybetqgpbjphfxefs/SourcePackages/checkouts/firebase-ios-sdk
    write-file /Users/aaronkeen/Library/Developer/Xcode/DerivedData/NutraSafeBeta-awyabywlaekrybetqgpbjphfxefs/Build/Intermediates.noindex/Firebase.build/Debug-iphonesimulator/FirebaseAuthInterop.build/FirebaseAuthInterop.DependencyStaticMetadataFileList

WriteAuxiliaryFile /Users/aaronkeen/Library/Developer/Xcode/DerivedData/NutraSafeBeta-awyabywlaekrybetqgpbjphfxefs/Build/Intermediates.noindex/Firebase.build/Debug-iphonesimulator/FirebaseAuthInterop.build/FirebaseAuthInterop.DependencyMetadataFileList (in target 'FirebaseAuthInterop' from project 'Firebase')
    cd /Users/aaronkeen/Library/Developer/Xcode/DerivedData/NutraSafeBeta-awyabywlaekrybetqgpbjphfxefs/SourcePackages/checkouts/firebase-ios-sdk
    write-file /Users/aaronkeen/Library/Developer/Xcode/DerivedData/NutraSafeBeta-awyabywlaekrybetqgpbjphfxefs/Build/Intermediates.noindex/Firebase.build/Debug-iphonesimulator/FirebaseAuthInterop.build/FirebaseAuthInterop.DependencyMetadataFileList

WriteAuxiliaryFile /Users/aaronkeen/Library/Developer/Xcode/DerivedData/NutraSafeBeta-awyabywlaekrybetqgpbjphfxefs/Build/Intermediates.noindex/Firebase.build/Debug-iphonesimulator/FirebaseAuthInternal.build/Objects-normal/arm64/e6072d4f65d7061329687fe24e3d63a7-common-args.resp (in target 'FirebaseAuthInternal' from project 'Firebase')
    cd /Users/aaronkeen/Library/Developer/Xcode/DerivedData/NutraSafeBeta-awyabywlaekrybetqgpbjphfxefs/SourcePackages/checkouts/firebase-ios-sdk
    write-file /Users/aaronkeen/Library/Developer/Xcode/DerivedData/NutraSafeBeta-awyabywlaekrybetqgpbjphfxefs/Build/Intermediates.noindex/Firebase.build/Debug-iphonesimulator/FirebaseAuthInternal.build/Objects-normal/arm64/e6072d4f65d7061329687fe24e3d63a7-common-args.resp
-target arm64-apple-ios15.0-simulator -fobjc-arc -fmodules -gmodules '-fmodules-cache-path=/Users/aaronkeen/Library/Developer/Xcode/DerivedData/ModuleCache.noindex' '-fmodule-name=FirebaseAuthInternal' -fpascal-strings -O0 -DSWIFT_PACKAGE '-DDEBUG=1' '-DOBJC_OLD_DISPATCH_PROTOTYPES=1' -isysroot /Applications/Xcode.app/Contents/Developer/Platforms/iPhoneSimulator.platform/Developer/SDKs/iPhoneSimulator18.5.sdk -g '-fobjc-abi-version=2' -fobjc-legacy-dispatch -I/Users/aaronkeen/Library/Developer/Xcode/DerivedData/NutraSafeBeta-awyabywlaekrybetqgpbjphfxefs/SourcePackages/checkouts/interop-ios-for-google-sdks/RecaptchaEnterprise/RecaptchaInterop/Public -I/Users/aaronkeen/Library/Developer/Xcode/DerivedData/NutraSafeBeta-awyabywlaekrybetqgpbjphfxefs/Build/Products/Debug-iphonesimulator/include -I/Users/aaronkeen/Library/Developer/Xcode/DerivedData/NutraSafeBeta-awyabywlaekrybetqgpbjphfxefs/SourcePackages/checkouts/firebase-ios-sdk/FirebaseAuth/Sources/Public -I/Users/aaronkeen/Library/Developer/Xcode/DerivedData/NutraSafeBeta-awyabywlaekrybetqgpbjphfxefs/SourcePackages/checkouts/firebase-ios-sdk -I/Users/aaronkeen/Library/Developer/Xcode/DerivedData/NutraSafeBeta-awyabywlaekrybetqgpbjphfxefs/Build/Intermediates.noindex/Firebase.build/Debug-iphonesimulator/FirebaseAuthInternal.build/DerivedSources-normal/arm64 -I/Users/aaronkeen/Library/Developer/Xcode/DerivedData/NutraSafeBeta-awyabywlaekrybetqgpbjphfxefs/Build/Intermediates.noindex/Firebase.build/Debug-iphonesimulator/FirebaseAuthInternal.build/DerivedSources/arm64 -I/Users/aaronkeen/Library/Developer/Xcode/DerivedData/NutraSafeBeta-awyabywlaekrybetqgpbjphfxefs/Build/Intermediates.noindex/Firebase.build/Debug-iphonesimulator/FirebaseAuthInternal.build/DerivedSources -F/Users/aaronkeen/Library/Developer/Xcode/DerivedData/NutraSafeBeta-awyabywlaekrybetqgpbjphfxefs/Build/Products/Debug-iphonesimulator/PackageFrameworks -F/Users/aaronkeen/Library/Developer/Xcode/DerivedData/NutraSafeBeta-awyabywlaekrybetqgpbjphfxefs/Build/Products/Debug-iphonesimulator -iframework /Applications/Xcode.app/Contents/Developer/Platforms/iPhoneSimulator.platform/Developer/Library/Frameworks -iframework /Applications/Xcode.app/Contents/Developer/Platforms/iPhoneSimulator.platform/Developer/SDKs/iPhoneSimulator18.5.sdk/Developer/Library/Frameworks '-fmodule-map-file=/Users/aaronkeen/Library/Developer/Xcode/DerivedData/NutraSafeBeta-awyabywlaekrybetqgpbjphfxefs/Build/Intermediates.noindex/GeneratedModuleMaps-iphonesimulator/RecaptchaInterop.modulemap' -DXcode

WriteAuxiliaryFile /Users/aaronkeen/Library/Developer/Xcode/DerivedData/NutraSafeBeta-awyabywlaekrybetqgpbjphfxefs/Build/Intermediates.noindex/Firebase.build/Debug-iphonesimulator/FirebaseAuthInternal.build/Objects-normal/arm64/FirebaseAuthInternal.LinkFileList (in target 'FirebaseAuthInternal' from project 'Firebase')
    cd /Users/aaronkeen/Library/Developer/Xcode/DerivedData/NutraSafeBeta-awyabywlaekrybetqgpbjphfxefs/SourcePackages/checkouts/firebase-ios-sdk
    write-file /Users/aaronkeen/Library/Developer/Xcode/DerivedData/NutraSafeBeta-awyabywlaekrybetqgpbjphfxefs/Build/Intermediates.noindex/Firebase.build/Debug-iphonesimulator/FirebaseAuthInternal.build/Objects-normal/arm64/FirebaseAuthInternal.LinkFileList

WriteAuxiliaryFile /Users/aaronkeen/Library/Developer/Xcode/DerivedData/NutraSafeBeta-awyabywlaekrybetqgpbjphfxefs/Build/Intermediates.noindex/Firebase.build/Debug-iphonesimulator/FirebaseAuthInternal.build/FirebaseAuthInternal.modulemap (in target 'FirebaseAuthInternal' from project 'Firebase')
    cd /Users/aaronkeen/Library/Developer/Xcode/DerivedData/NutraSafeBeta-awyabywlaekrybetqgpbjphfxefs/SourcePackages/checkouts/firebase-ios-sdk
    write-file /Users/aaronkeen/Library/Developer/Xcode/DerivedData/NutraSafeBeta-awyabywlaekrybetqgpbjphfxefs/Build/Intermediates.noindex/Firebase.build/Debug-iphonesimulator/FirebaseAuthInternal.build/FirebaseAuthInternal.modulemap

WriteAuxiliaryFile /Users/aaronkeen/Library/Developer/Xcode/DerivedData/NutraSafeBeta-awyabywlaekrybetqgpbjphfxefs/Build/Intermediates.noindex/Firebase.build/Debug-iphonesimulator/FirebaseAuthInternal.build/FirebaseAuthInternal.DependencyStaticMetadataFileList (in target 'FirebaseAuthInternal' from project 'Firebase')
    cd /Users/aaronkeen/Library/Developer/Xcode/DerivedData/NutraSafeBeta-awyabywlaekrybetqgpbjphfxefs/SourcePackages/checkouts/firebase-ios-sdk
    write-file /Users/aaronkeen/Library/Developer/Xcode/DerivedData/NutraSafeBeta-awyabywlaekrybetqgpbjphfxefs/Build/Intermediates.noindex/Firebase.build/Debug-iphonesimulator/FirebaseAuthInternal.build/FirebaseAuthInternal.DependencyStaticMetadataFileList

WriteAuxiliaryFile /Users/aaronkeen/Library/Developer/Xcode/DerivedData/NutraSafeBeta-awyabywlaekrybetqgpbjphfxefs/Build/Intermediates.noindex/Firebase.build/Debug-iphonesimulator/FirebaseAuthInternal.build/FirebaseAuthInternal.DependencyMetadataFileList (in target 'FirebaseAuthInternal' from project 'Firebase')
    cd /Users/aaronkeen/Library/Developer/Xcode/DerivedData/NutraSafeBeta-awyabywlaekrybetqgpbjphfxefs/SourcePackages/checkouts/firebase-ios-sdk
    write-file /Users/aaronkeen/Library/Developer/Xcode/DerivedData/NutraSafeBeta-awyabywlaekrybetqgpbjphfxefs/Build/Intermediates.noindex/Firebase.build/Debug-iphonesimulator/FirebaseAuthInternal.build/FirebaseAuthInternal.DependencyMetadataFileList

WriteAuxiliaryFile /Users/aaronkeen/Library/Developer/Xcode/DerivedData/NutraSafeBeta-awyabywlaekrybetqgpbjphfxefs/Build/Intermediates.noindex/Firebase.build/Debug-iphonesimulator/FirebaseAuth.build/Objects-normal/arm64/FirebaseAuth_const_extract_protocols.json (in target 'FirebaseAuth' from project 'Firebase')
    cd /Users/aaronkeen/Library/Developer/Xcode/DerivedData/NutraSafeBeta-awyabywlaekrybetqgpbjphfxefs/SourcePackages/checkouts/firebase-ios-sdk
    write-file /Users/aaronkeen/Library/Developer/Xcode/DerivedData/NutraSafeBeta-awyabywlaekrybetqgpbjphfxefs/Build/Intermediates.noindex/Firebase.build/Debug-iphonesimulator/FirebaseAuth.build/Objects-normal/arm64/FirebaseAuth_const_extract_protocols.json

WriteAuxiliaryFile /Users/aaronkeen/Library/Developer/Xcode/DerivedData/NutraSafeBeta-awyabywlaekrybetqgpbjphfxefs/Build/Intermediates.noindex/Firebase.build/Debug-iphonesimulator/FirebaseAuth.build/Objects-normal/arm64/FirebaseAuth.SwiftFileList (in target 'FirebaseAuth' from project 'Firebase')
    cd /Users/aaronkeen/Library/Developer/Xcode/DerivedData/NutraSafeBeta-awyabywlaekrybetqgpbjphfxefs/SourcePackages/checkouts/firebase-ios-sdk
    write-file /Users/aaronkeen/Library/Developer/Xcode/DerivedData/NutraSafeBeta-awyabywlaekrybetqgpbjphfxefs/Build/Intermediates.noindex/Firebase.build/Debug-iphonesimulator/FirebaseAuth.build/Objects-normal/arm64/FirebaseAuth.SwiftFileList

WriteAuxiliaryFile /Users/aaronkeen/Library/Developer/Xcode/DerivedData/NutraSafeBeta-awyabywlaekrybetqgpbjphfxefs/Build/Intermediates.noindex/Firebase.build/Debug-iphonesimulator/FirebaseAuth.build/Objects-normal/arm64/FirebaseAuth.SwiftConstValuesFileList (in target 'FirebaseAuth' from project 'Firebase')
    cd /Users/aaronkeen/Library/Developer/Xcode/DerivedData/NutraSafeBeta-awyabywlaekrybetqgpbjphfxefs/SourcePackages/checkouts/firebase-ios-sdk
    write-file /Users/aaronkeen/Library/Developer/Xcode/DerivedData/NutraSafeBeta-awyabywlaekrybetqgpbjphfxefs/Build/Intermediates.noindex/Firebase.build/Debug-iphonesimulator/FirebaseAuth.build/Objects-normal/arm64/FirebaseAuth.SwiftConstValuesFileList

WriteAuxiliaryFile /Users/aaronkeen/Library/Developer/Xcode/DerivedData/NutraSafeBeta-awyabywlaekrybetqgpbjphfxefs/Build/Intermediates.noindex/Firebase.build/Debug-iphonesimulator/FirebaseAuth.build/Objects-normal/arm64/FirebaseAuth.LinkFileList (in target 'FirebaseAuth' from project 'Firebase')
    cd /Users/aaronkeen/Library/Developer/Xcode/DerivedData/NutraSafeBeta-awyabywlaekrybetqgpbjphfxefs/SourcePackages/checkouts/firebase-ios-sdk
    write-file /Users/aaronkeen/Library/Developer/Xcode/DerivedData/NutraSafeBeta-awyabywlaekrybetqgpbjphfxefs/Build/Intermediates.noindex/Firebase.build/Debug-iphonesimulator/FirebaseAuth.build/Objects-normal/arm64/FirebaseAuth.LinkFileList

WriteAuxiliaryFile /Users/aaronkeen/Library/Developer/Xcode/DerivedData/NutraSafeBeta-awyabywlaekrybetqgpbjphfxefs/Build/Intermediates.noindex/Firebase.build/Debug-iphonesimulator/FirebaseAuth.build/Objects-normal/arm64/FirebaseAuth-OutputFileMap.json (in target 'FirebaseAuth' from project 'Firebase')
    cd /Users/aaronkeen/Library/Developer/Xcode/DerivedData/NutraSafeBeta-awyabywlaekrybetqgpbjphfxefs/SourcePackages/checkouts/firebase-ios-sdk
    write-file /Users/aaronkeen/Library/Developer/Xcode/DerivedData/NutraSafeBeta-awyabywlaekrybetqgpbjphfxefs/Build/Intermediates.noindex/Firebase.build/Debug-iphonesimulator/FirebaseAuth.build/Objects-normal/arm64/FirebaseAuth-OutputFileMap.json

WriteAuxiliaryFile /Users/aaronkeen/Library/Developer/Xcode/DerivedData/NutraSafeBeta-awyabywlaekrybetqgpbjphfxefs/Build/Intermediates.noindex/Firebase.build/Debug-iphonesimulator/FirebaseAuth.build/FirebaseAuth.modulemap (in target 'FirebaseAuth' from project 'Firebase')
    cd /Users/aaronkeen/Library/Developer/Xcode/DerivedData/NutraSafeBeta-awyabywlaekrybetqgpbjphfxefs/SourcePackages/checkouts/firebase-ios-sdk
    write-file /Users/aaronkeen/Library/Developer/Xcode/DerivedData/NutraSafeBeta-awyabywlaekrybetqgpbjphfxefs/Build/Intermediates.noindex/Firebase.build/Debug-iphonesimulator/FirebaseAuth.build/FirebaseAuth.modulemap

WriteAuxiliaryFile /Users/aaronkeen/Library/Developer/Xcode/DerivedData/NutraSafeBeta-awyabywlaekrybetqgpbjphfxefs/Build/Intermediates.noindex/Firebase.build/Debug-iphonesimulator/FirebaseAuth.build/FirebaseAuth.DependencyStaticMetadataFileList (in target 'FirebaseAuth' from project 'Firebase')
    cd /Users/aaronkeen/Library/Developer/Xcode/DerivedData/NutraSafeBeta-awyabywlaekrybetqgpbjphfxefs/SourcePackages/checkouts/firebase-ios-sdk
    write-file /Users/aaronkeen/Library/Developer/Xcode/DerivedData/NutraSafeBeta-awyabywlaekrybetqgpbjphfxefs/Build/Intermediates.noindex/Firebase.build/Debug-iphonesimulator/FirebaseAuth.build/FirebaseAuth.DependencyStaticMetadataFileList

WriteAuxiliaryFile /Users/aaronkeen/Library/Developer/Xcode/DerivedData/NutraSafeBeta-awyabywlaekrybetqgpbjphfxefs/Build/Intermediates.noindex/Firebase.build/Debug-iphonesimulator/FirebaseAuth.build/FirebaseAuth.DependencyMetadataFileList (in target 'FirebaseAuth' from project 'Firebase')
    cd /Users/aaronkeen/Library/Developer/Xcode/DerivedData/NutraSafeBeta-awyabywlaekrybetqgpbjphfxefs/SourcePackages/checkouts/firebase-ios-sdk
    write-file /Users/aaronkeen/Library/Developer/Xcode/DerivedData/NutraSafeBeta-awyabywlaekrybetqgpbjphfxefs/Build/Intermediates.noindex/Firebase.build/Debug-iphonesimulator/FirebaseAuth.build/FirebaseAuth.DependencyMetadataFileList

WriteAuxiliaryFile /Users/aaronkeen/Library/Developer/Xcode/DerivedData/NutraSafeBeta-awyabywlaekrybetqgpbjphfxefs/Build/Intermediates.noindex/Firebase.build/Debug-iphonesimulator/FirebaseAuth.build/DerivedSources/resource_bundle_accessor.swift (in target 'FirebaseAuth' from project 'Firebase')
    cd /Users/aaronkeen/Library/Developer/Xcode/DerivedData/NutraSafeBeta-awyabywlaekrybetqgpbjphfxefs/SourcePackages/checkouts/firebase-ios-sdk
    write-file /Users/aaronkeen/Library/Developer/Xcode/DerivedData/NutraSafeBeta-awyabywlaekrybetqgpbjphfxefs/Build/Intermediates.noindex/Firebase.build/Debug-iphonesimulator/FirebaseAuth.build/DerivedSources/resource_bundle_accessor.swift

WriteAuxiliaryFile /Users/aaronkeen/Library/Developer/Xcode/DerivedData/NutraSafeBeta-awyabywlaekrybetqgpbjphfxefs/Build/Intermediates.noindex/Firebase.build/Debug-iphonesimulator/FirebaseAppCheckInterop.build/FirebaseAppCheckInterop.modulemap (in target 'FirebaseAppCheckInterop' from project 'Firebase')
    cd /Users/aaronkeen/Library/Developer/Xcode/DerivedData/NutraSafeBeta-awyabywlaekrybetqgpbjphfxefs/SourcePackages/checkouts/firebase-ios-sdk
    write-file /Users/aaronkeen/Library/Developer/Xcode/DerivedData/NutraSafeBeta-awyabywlaekrybetqgpbjphfxefs/Build/Intermediates.noindex/Firebase.build/Debug-iphonesimulator/FirebaseAppCheckInterop.build/FirebaseAppCheckInterop.modulemap

WriteAuxiliaryFile /Users/aaronkeen/Library/Developer/Xcode/DerivedData/NutraSafeBeta-awyabywlaekrybetqgpbjphfxefs/Build/Intermediates.noindex/Firebase.build/Debug-iphonesimulator/FirebaseAppCheckInterop.build/Objects-normal/arm64/e6072d4f65d7061329687fe24e3d63a7-common-args.resp (in target 'FirebaseAppCheckInterop' from project 'Firebase')
    cd /Users/aaronkeen/Library/Developer/Xcode/DerivedData/NutraSafeBeta-awyabywlaekrybetqgpbjphfxefs/SourcePackages/checkouts/firebase-ios-sdk
    write-file /Users/aaronkeen/Library/Developer/Xcode/DerivedData/NutraSafeBeta-awyabywlaekrybetqgpbjphfxefs/Build/Intermediates.noindex/Firebase.build/Debug-iphonesimulator/FirebaseAppCheckInterop.build/Objects-normal/arm64/e6072d4f65d7061329687fe24e3d63a7-common-args.resp
-target arm64-apple-ios15.0-simulator -fobjc-arc -fmodules -gmodules '-fmodules-cache-path=/Users/aaronkeen/Library/Developer/Xcode/DerivedData/ModuleCache.noindex' '-fmodule-name=FirebaseAppCheckInterop' -fpascal-strings -O0 -DSWIFT_PACKAGE '-DDEBUG=1' '-DOBJC_OLD_DISPATCH_PROTOTYPES=1' -isysroot /Applications/Xcode.app/Contents/Developer/Platforms/iPhoneSimulator.platform/Developer/SDKs/iPhoneSimulator18.5.sdk -g '-fobjc-abi-version=2' -fobjc-legacy-dispatch -I/Users/aaronkeen/Library/Developer/Xcode/DerivedData/NutraSafeBeta-awyabywlaekrybetqgpbjphfxefs/Build/Products/Debug-iphonesimulator/include -I/Users/aaronkeen/Library/Developer/Xcode/DerivedData/NutraSafeBeta-awyabywlaekrybetqgpbjphfxefs/SourcePackages/checkouts/firebase-ios-sdk/FirebaseAppCheck/Interop/Public -I/Users/aaronkeen/Library/Developer/Xcode/DerivedData/NutraSafeBeta-awyabywlaekrybetqgpbjphfxefs/SourcePackages/checkouts/firebase-ios-sdk -I/Users/aaronkeen/Library/Developer/Xcode/DerivedData/NutraSafeBeta-awyabywlaekrybetqgpbjphfxefs/Build/Intermediates.noindex/Firebase.build/Debug-iphonesimulator/FirebaseAppCheckInterop.build/DerivedSources-normal/arm64 -I/Users/aaronkeen/Library/Developer/Xcode/DerivedData/NutraSafeBeta-awyabywlaekrybetqgpbjphfxefs/Build/Intermediates.noindex/Firebase.build/Debug-iphonesimulator/FirebaseAppCheckInterop.build/DerivedSources/arm64 -I/Users/aaronkeen/Library/Developer/Xcode/DerivedData/NutraSafeBeta-awyabywlaekrybetqgpbjphfxefs/Build/Intermediates.noindex/Firebase.build/Debug-iphonesimulator/FirebaseAppCheckInterop.build/DerivedSources -F/Users/aaronkeen/Library/Developer/Xcode/DerivedData/NutraSafeBeta-awyabywlaekrybetqgpbjphfxefs/Build/Products/Debug-iphonesimulator -iframework /Applications/Xcode.app/Contents/Developer/Platforms/iPhoneSimulator.platform/Developer/Library/Frameworks -iframework /Applications/Xcode.app/Contents/Developer/Platforms/iPhoneSimulator.platform/Developer/SDKs/iPhoneSimulator18.5.sdk/Developer/Library/Frameworks -DXcode

WriteAuxiliaryFile /Users/aaronkeen/Library/Developer/Xcode/DerivedData/NutraSafeBeta-awyabywlaekrybetqgpbjphfxefs/Build/Intermediates.noindex/Firebase.build/Debug-iphonesimulator/FirebaseAppCheckInterop.build/Objects-normal/arm64/FirebaseAppCheckInterop.LinkFileList (in target 'FirebaseAppCheckInterop' from project 'Firebase')
    cd /Users/aaronkeen/Library/Developer/Xcode/DerivedData/NutraSafeBeta-awyabywlaekrybetqgpbjphfxefs/SourcePackages/checkouts/firebase-ios-sdk
    write-file /Users/aaronkeen/Library/Developer/Xcode/DerivedData/NutraSafeBeta-awyabywlaekrybetqgpbjphfxefs/Build/Intermediates.noindex/Firebase.build/Debug-iphonesimulator/FirebaseAppCheckInterop.build/Objects-normal/arm64/FirebaseAppCheckInterop.LinkFileList

WriteAuxiliaryFile /Users/aaronkeen/Library/Developer/Xcode/DerivedData/NutraSafeBeta-awyabywlaekrybetqgpbjphfxefs/Build/Intermediates.noindex/Firebase.build/Debug-iphonesimulator/FirebaseAppCheckInterop.build/FirebaseAppCheckInterop.DependencyStaticMetadataFileList (in target 'FirebaseAppCheckInterop' from project 'Firebase')
    cd /Users/aaronkeen/Library/Developer/Xcode/DerivedData/NutraSafeBeta-awyabywlaekrybetqgpbjphfxefs/SourcePackages/checkouts/firebase-ios-sdk
    write-file /Users/aaronkeen/Library/Developer/Xcode/DerivedData/NutraSafeBeta-awyabywlaekrybetqgpbjphfxefs/Build/Intermediates.noindex/Firebase.build/Debug-iphonesimulator/FirebaseAppCheckInterop.build/FirebaseAppCheckInterop.DependencyStaticMetadataFileList

WriteAuxiliaryFile /Users/aaronkeen/Library/Developer/Xcode/DerivedData/NutraSafeBeta-awyabywlaekrybetqgpbjphfxefs/Build/Intermediates.noindex/Firebase.build/Debug-iphonesimulator/FirebaseAppCheckInterop.build/FirebaseAppCheckInterop.DependencyMetadataFileList (in target 'FirebaseAppCheckInterop' from project 'Firebase')
    cd /Users/aaronkeen/Library/Developer/Xcode/DerivedData/NutraSafeBeta-awyabywlaekrybetqgpbjphfxefs/SourcePackages/checkouts/firebase-ios-sdk
    write-file /Users/aaronkeen/Library/Developer/Xcode/DerivedData/NutraSafeBeta-awyabywlaekrybetqgpbjphfxefs/Build/Intermediates.noindex/Firebase.build/Debug-iphonesimulator/FirebaseAppCheckInterop.build/FirebaseAppCheckInterop.DependencyMetadataFileList

WriteAuxiliaryFile /Users/aaronkeen/Library/Developer/Xcode/DerivedData/NutraSafeBeta-awyabywlaekrybetqgpbjphfxefs/Build/Intermediates.noindex/Firebase.build/Debug-iphonesimulator/Firebase.build/Objects-normal/arm64/e6072d4f65d7061329687fe24e3d63a7-common-args.resp (in target 'Firebase' from project 'Firebase')
    cd /Users/aaronkeen/Library/Developer/Xcode/DerivedData/NutraSafeBeta-awyabywlaekrybetqgpbjphfxefs/SourcePackages/checkouts/firebase-ios-sdk
    write-file /Users/aaronkeen/Library/Developer/Xcode/DerivedData/NutraSafeBeta-awyabywlaekrybetqgpbjphfxefs/Build/Intermediates.noindex/Firebase.build/Debug-iphonesimulator/Firebase.build/Objects-normal/arm64/e6072d4f65d7061329687fe24e3d63a7-common-args.resp
-target arm64-apple-ios15.0-simulator -fobjc-arc -fmodules -gmodules '-fmodules-cache-path=/Users/aaronkeen/Library/Developer/Xcode/DerivedData/ModuleCache.noindex' '-fmodule-name=Firebase' -fpascal-strings -O0 -DSWIFT_PACKAGE '-DDEBUG=1' '-DOBJC_OLD_DISPATCH_PROTOTYPES=1' -isysroot /Applications/Xcode.app/Contents/Developer/Platforms/iPhoneSimulator.platform/Developer/SDKs/iPhoneSimulator18.5.sdk -g '-fobjc-abi-version=2' -fobjc-legacy-dispatch -I/Users/aaronkeen/Library/Developer/Xcode/DerivedData/NutraSafeBeta-awyabywlaekrybetqgpbjphfxefs/Build/Products/Debug-iphonesimulator/include -I/Users/aaronkeen/Library/Developer/Xcode/DerivedData/NutraSafeBeta-awyabywlaekrybetqgpbjphfxefs/SourcePackages/checkouts/firebase-ios-sdk/CoreOnly/Sources -I/Users/aaronkeen/Library/Developer/Xcode/DerivedData/NutraSafeBeta-awyabywlaekrybetqgpbjphfxefs/Build/Intermediates.noindex/Firebase.build/Debug-iphonesimulator/Firebase.build/DerivedSources-normal/arm64 -I/Users/aaronkeen/Library/Developer/Xcode/DerivedData/NutraSafeBeta-awyabywlaekrybetqgpbjphfxefs/Build/Intermediates.noindex/Firebase.build/Debug-iphonesimulator/Firebase.build/DerivedSources/arm64 -I/Users/aaronkeen/Library/Developer/Xcode/DerivedData/NutraSafeBeta-awyabywlaekrybetqgpbjphfxefs/Build/Intermediates.noindex/Firebase.build/Debug-iphonesimulator/Firebase.build/DerivedSources -F/Users/aaronkeen/Library/Developer/Xcode/DerivedData/NutraSafeBeta-awyabywlaekrybetqgpbjphfxefs/Build/Products/Debug-iphonesimulator -iframework /Applications/Xcode.app/Contents/Developer/Platforms/iPhoneSimulator.platform/Developer/Library/Frameworks -iframework /Applications/Xcode.app/Contents/Developer/Platforms/iPhoneSimulator.platform/Developer/SDKs/iPhoneSimulator18.5.sdk/Developer/Library/Frameworks -DXcode

WriteAuxiliaryFile /Users/aaronkeen/Library/Developer/Xcode/DerivedData/NutraSafeBeta-awyabywlaekrybetqgpbjphfxefs/Build/Intermediates.noindex/Firebase.build/Debug-iphonesimulator/Firebase.build/Objects-normal/arm64/Firebase.LinkFileList (in target 'Firebase' from project 'Firebase')
    cd /Users/aaronkeen/Library/Developer/Xcode/DerivedData/NutraSafeBeta-awyabywlaekrybetqgpbjphfxefs/SourcePackages/checkouts/firebase-ios-sdk
    write-file /Users/aaronkeen/Library/Developer/Xcode/DerivedData/NutraSafeBeta-awyabywlaekrybetqgpbjphfxefs/Build/Intermediates.noindex/Firebase.build/Debug-iphonesimulator/Firebase.build/Objects-normal/arm64/Firebase.LinkFileList

WriteAuxiliaryFile /Users/aaronkeen/Library/Developer/Xcode/DerivedData/NutraSafeBeta-awyabywlaekrybetqgpbjphfxefs/Build/Intermediates.noindex/Firebase.build/Debug-iphonesimulator/Firebase.build/Firebase.DependencyStaticMetadataFileList (in target 'Firebase' from project 'Firebase')
    cd /Users/aaronkeen/Library/Developer/Xcode/DerivedData/NutraSafeBeta-awyabywlaekrybetqgpbjphfxefs/SourcePackages/checkouts/firebase-ios-sdk
    write-file /Users/aaronkeen/Library/Developer/Xcode/DerivedData/NutraSafeBeta-awyabywlaekrybetqgpbjphfxefs/Build/Intermediates.noindex/Firebase.build/Debug-iphonesimulator/Firebase.build/Firebase.DependencyStaticMetadataFileList

WriteAuxiliaryFile /Users/aaronkeen/Library/Developer/Xcode/DerivedData/NutraSafeBeta-awyabywlaekrybetqgpbjphfxefs/Build/Intermediates.noindex/Firebase.build/Debug-iphonesimulator/Firebase.build/Firebase.DependencyMetadataFileList (in target 'Firebase' from project 'Firebase')
    cd /Users/aaronkeen/Library/Developer/Xcode/DerivedData/NutraSafeBeta-awyabywlaekrybetqgpbjphfxefs/SourcePackages/checkouts/firebase-ios-sdk
    write-file /Users/aaronkeen/Library/Developer/Xcode/DerivedData/NutraSafeBeta-awyabywlaekrybetqgpbjphfxefs/Build/Intermediates.noindex/Firebase.build/Debug-iphonesimulator/Firebase.build/Firebase.DependencyMetadataFileList

MkDir /Users/aaronkeen/Library/Developer/Xcode/DerivedData/NutraSafeBeta-awyabywlaekrybetqgpbjphfxefs/Build/Products/Debug-iphonesimulator/nanopb_nanopb.bundle (in target 'nanopb_nanopb' from project 'nanopb')
    cd /Users/aaronkeen/Library/Developer/Xcode/DerivedData/NutraSafeBeta-awyabywlaekrybetqgpbjphfxefs/SourcePackages/checkouts/nanopb
    /bin/mkdir -p /Users/aaronkeen/Library/Developer/Xcode/DerivedData/NutraSafeBeta-awyabywlaekrybetqgpbjphfxefs/Build/Products/Debug-iphonesimulator/nanopb_nanopb.bundle

MkDir /Users/aaronkeen/Library/Developer/Xcode/DerivedData/NutraSafeBeta-awyabywlaekrybetqgpbjphfxefs/Build/Products/Debug-iphonesimulator/leveldb_leveldb.bundle (in target 'leveldb_leveldb' from project 'leveldb')
    cd /Users/aaronkeen/Library/Developer/Xcode/DerivedData/NutraSafeBeta-awyabywlaekrybetqgpbjphfxefs/SourcePackages/checkouts/leveldb
    /bin/mkdir -p /Users/aaronkeen/Library/Developer/Xcode/DerivedData/NutraSafeBeta-awyabywlaekrybetqgpbjphfxefs/Build/Products/Debug-iphonesimulator/leveldb_leveldb.bundle

MkDir /Users/aaronkeen/Library/Developer/Xcode/DerivedData/NutraSafeBeta-awyabywlaekrybetqgpbjphfxefs/Build/Products/Debug-iphonesimulator/gRPC_grpcppWrapper.bundle (in target 'gRPC_grpcppWrapper' from project 'gRPC')
    cd /Users/aaronkeen/Library/Developer/Xcode/DerivedData/NutraSafeBeta-awyabywlaekrybetqgpbjphfxefs/SourcePackages/checkouts/grpc-binary
    /bin/mkdir -p /Users/aaronkeen/Library/Developer/Xcode/DerivedData/NutraSafeBeta-awyabywlaekrybetqgpbjphfxefs/Build/Products/Debug-iphonesimulator/gRPC_grpcppWrapper.bundle

MkDir /Users/aaronkeen/Library/Developer/Xcode/DerivedData/NutraSafeBeta-awyabywlaekrybetqgpbjphfxefs/Build/Products/Debug-iphonesimulator/gRPC_grpcWrapper.bundle (in target 'gRPC_grpcWrapper' from project 'gRPC')
    cd /Users/aaronkeen/Library/Developer/Xcode/DerivedData/NutraSafeBeta-awyabywlaekrybetqgpbjphfxefs/SourcePackages/checkouts/grpc-binary
    /bin/mkdir -p /Users/aaronkeen/Library/Developer/Xcode/DerivedData/NutraSafeBeta-awyabywlaekrybetqgpbjphfxefs/Build/Products/Debug-iphonesimulator/gRPC_grpcWrapper.bundle

MkDir /Users/aaronkeen/Library/Developer/Xcode/DerivedData/NutraSafeBeta-awyabywlaekrybetqgpbjphfxefs/Build/Products/Debug-iphonesimulator/abseil_abslWrapper.bundle (in target 'abseil_abslWrapper' from project 'abseil')
    cd /Users/aaronkeen/Library/Developer/Xcode/DerivedData/NutraSafeBeta-awyabywlaekrybetqgpbjphfxefs/SourcePackages/checkouts/abseil-cpp-binary
    /bin/mkdir -p /Users/aaronkeen/Library/Developer/Xcode/DerivedData/NutraSafeBeta-awyabywlaekrybetqgpbjphfxefs/Build/Products/Debug-iphonesimulator/abseil_abslWrapper.bundle

MkDir /Users/aaronkeen/Library/Developer/Xcode/DerivedData/NutraSafeBeta-awyabywlaekrybetqgpbjphfxefs/Build/Products/Debug-iphonesimulator/GoogleUtilities_GoogleUtilities-Reachability.bundle (in target 'GoogleUtilities_GoogleUtilities-Reachability' from project 'GoogleUtilities')
    cd /Users/aaronkeen/Library/Developer/Xcode/DerivedData/NutraSafeBeta-awyabywlaekrybetqgpbjphfxefs/SourcePackages/checkouts/GoogleUtilities
    /bin/mkdir -p /Users/aaronkeen/Library/Developer/Xcode/DerivedData/NutraSafeBeta-awyabywlaekrybetqgpbjphfxefs/Build/Products/Debug-iphonesimulator/GoogleUtilities_GoogleUtilities-Reachability.bundle

MkDir /Users/aaronkeen/Library/Developer/Xcode/DerivedData/NutraSafeBeta-awyabywlaekrybetqgpbjphfxefs/Build/Products/Debug-iphonesimulator/GoogleUtilities_GoogleUtilities-Network.bundle (in target 'GoogleUtilities_GoogleUtilities-Network' from project 'GoogleUtilities')
    cd /Users/aaronkeen/Library/Developer/Xcode/DerivedData/NutraSafeBeta-awyabywlaekrybetqgpbjphfxefs/SourcePackages/checkouts/GoogleUtilities
    /bin/mkdir -p /Users/aaronkeen/Library/Developer/Xcode/DerivedData/NutraSafeBeta-awyabywlaekrybetqgpbjphfxefs/Build/Products/Debug-iphonesimulator/GoogleUtilities_GoogleUtilities-Network.bundle

MkDir /Users/aaronkeen/Library/Developer/Xcode/DerivedData/NutraSafeBeta-awyabywlaekrybetqgpbjphfxefs/Build/Products/Debug-iphonesimulator/GoogleUtilities_GoogleUtilities-NSData.bundle (in target 'GoogleUtilities_GoogleUtilities-NSData' from project 'GoogleUtilities')
    cd /Users/aaronkeen/Library/Developer/Xcode/DerivedData/NutraSafeBeta-awyabywlaekrybetqgpbjphfxefs/SourcePackages/checkouts/GoogleUtilities
    /bin/mkdir -p /Users/aaronkeen/Library/Developer/Xcode/DerivedData/NutraSafeBeta-awyabywlaekrybetqgpbjphfxefs/Build/Products/Debug-iphonesimulator/GoogleUtilities_GoogleUtilities-NSData.bundle

MkDir /Users/aaronkeen/Library/Developer/Xcode/DerivedData/NutraSafeBeta-awyabywlaekrybetqgpbjphfxefs/Build/Products/Debug-iphonesimulator/GoogleUtilities_GoogleUtilities-Logger.bundle (in target 'GoogleUtilities_GoogleUtilities-Logger' from project 'GoogleUtilities')
    cd /Users/aaronkeen/Library/Developer/Xcode/DerivedData/NutraSafeBeta-awyabywlaekrybetqgpbjphfxefs/SourcePackages/checkouts/GoogleUtilities
    /bin/mkdir -p /Users/aaronkeen/Library/Developer/Xcode/DerivedData/NutraSafeBeta-awyabywlaekrybetqgpbjphfxefs/Build/Products/Debug-iphonesimulator/GoogleUtilities_GoogleUtilities-Logger.bundle

MkDir /Users/aaronkeen/Library/Developer/Xcode/DerivedData/NutraSafeBeta-awyabywlaekrybetqgpbjphfxefs/Build/Products/Debug-iphonesimulator/GoogleUtilities_GoogleUtilities-Environment.bundle (in target 'GoogleUtilities_GoogleUtilities-Environment' from project 'GoogleUtilities')
    cd /Users/aaronkeen/Library/Developer/Xcode/DerivedData/NutraSafeBeta-awyabywlaekrybetqgpbjphfxefs/SourcePackages/checkouts/GoogleUtilities
    /bin/mkdir -p /Users/aaronkeen/Library/Developer/Xcode/DerivedData/NutraSafeBeta-awyabywlaekrybetqgpbjphfxefs/Build/Products/Debug-iphonesimulator/GoogleUtilities_GoogleUtilities-Environment.bundle

MkDir /Users/aaronkeen/Library/Developer/Xcode/DerivedData/NutraSafeBeta-awyabywlaekrybetqgpbjphfxefs/Build/Products/Debug-iphonesimulator/GoogleUtilities_GoogleUtilities-AppDelegateSwizzler.bundle (in target 'GoogleUtilities_GoogleUtilities-AppDelegateSwizzler' from project 'GoogleUtilities')
    cd /Users/aaronkeen/Library/Developer/Xcode/DerivedData/NutraSafeBeta-awyabywlaekrybetqgpbjphfxefs/SourcePackages/checkouts/GoogleUtilities
    /bin/mkdir -p /Users/aaronkeen/Library/Developer/Xcode/DerivedData/NutraSafeBeta-awyabywlaekrybetqgpbjphfxefs/Build/Products/Debug-iphonesimulator/GoogleUtilities_GoogleUtilities-AppDelegateSwizzler.bundle

MkDir /Users/aaronkeen/Library/Developer/Xcode/DerivedData/NutraSafeBeta-awyabywlaekrybetqgpbjphfxefs/Build/Products/Debug-iphonesimulator/GTMSessionFetcher_GTMSessionFetcherCore.bundle (in target 'GTMSessionFetcher_GTMSessionFetcherCore' from project 'GTMSessionFetcher')
    cd /Users/aaronkeen/Library/Developer/Xcode/DerivedData/NutraSafeBeta-awyabywlaekrybetqgpbjphfxefs/SourcePackages/checkouts/gtm-session-fetcher
    /bin/mkdir -p /Users/aaronkeen/Library/Developer/Xcode/DerivedData/NutraSafeBeta-awyabywlaekrybetqgpbjphfxefs/Build/Products/Debug-iphonesimulator/GTMSessionFetcher_GTMSessionFetcherCore.bundle

MkDir /Users/aaronkeen/Library/Developer/Xcode/DerivedData/NutraSafeBeta-awyabywlaekrybetqgpbjphfxefs/Build/Products/Debug-iphonesimulator/Firebase_FirebaseFirestore.bundle (in target 'Firebase_FirebaseFirestore' from project 'Firebase')
    cd /Users/aaronkeen/Library/Developer/Xcode/DerivedData/NutraSafeBeta-awyabywlaekrybetqgpbjphfxefs/SourcePackages/checkouts/firebase-ios-sdk
    /bin/mkdir -p /Users/aaronkeen/Library/Developer/Xcode/DerivedData/NutraSafeBeta-awyabywlaekrybetqgpbjphfxefs/Build/Products/Debug-iphonesimulator/Firebase_FirebaseFirestore.bundle

MkDir /Users/aaronkeen/Library/Developer/Xcode/DerivedData/NutraSafeBeta-awyabywlaekrybetqgpbjphfxefs/Build/Products/Debug-iphonesimulator/Firebase_FirebaseCoreInternal.bundle (in target 'Firebase_FirebaseCoreInternal' from project 'Firebase')
    cd /Users/aaronkeen/Library/Developer/Xcode/DerivedData/NutraSafeBeta-awyabywlaekrybetqgpbjphfxefs/SourcePackages/checkouts/firebase-ios-sdk
    /bin/mkdir -p /Users/aaronkeen/Library/Developer/Xcode/DerivedData/NutraSafeBeta-awyabywlaekrybetqgpbjphfxefs/Build/Products/Debug-iphonesimulator/Firebase_FirebaseCoreInternal.bundle

MkDir /Users/aaronkeen/Library/Developer/Xcode/DerivedData/NutraSafeBeta-awyabywlaekrybetqgpbjphfxefs/Build/Products/Debug-iphonesimulator/Firebase_FirebaseCoreExtension.bundle (in target 'Firebase_FirebaseCoreExtension' from project 'Firebase')
    cd /Users/aaronkeen/Library/Developer/Xcode/DerivedData/NutraSafeBeta-awyabywlaekrybetqgpbjphfxefs/SourcePackages/checkouts/firebase-ios-sdk
    /bin/mkdir -p /Users/aaronkeen/Library/Developer/Xcode/DerivedData/NutraSafeBeta-awyabywlaekrybetqgpbjphfxefs/Build/Products/Debug-iphonesimulator/Firebase_FirebaseCoreExtension.bundle

MkDir /Users/aaronkeen/Library/Developer/Xcode/DerivedData/NutraSafeBeta-awyabywlaekrybetqgpbjphfxefs/Build/Products/Debug-iphonesimulator/Firebase_FirebaseAuth.bundle (in target 'Firebase_FirebaseAuth' from project 'Firebase')
    cd /Users/aaronkeen/Library/Developer/Xcode/DerivedData/NutraSafeBeta-awyabywlaekrybetqgpbjphfxefs/SourcePackages/checkouts/firebase-ios-sdk
    /bin/mkdir -p /Users/aaronkeen/Library/Developer/Xcode/DerivedData/NutraSafeBeta-awyabywlaekrybetqgpbjphfxefs/Build/Products/Debug-iphonesimulator/Firebase_FirebaseAuth.bundle

MkDir /Users/aaronkeen/Library/Developer/Xcode/DerivedData/NutraSafeBeta-awyabywlaekrybetqgpbjphfxefs/Build/Products/Debug-iphonesimulator/Firebase_FirebaseCore.bundle (in target 'Firebase_FirebaseCore' from project 'Firebase')
    cd /Users/aaronkeen/Library/Developer/Xcode/DerivedData/NutraSafeBeta-awyabywlaekrybetqgpbjphfxefs/SourcePackages/checkouts/firebase-ios-sdk
    /bin/mkdir -p /Users/aaronkeen/Library/Developer/Xcode/DerivedData/NutraSafeBeta-awyabywlaekrybetqgpbjphfxefs/Build/Products/Debug-iphonesimulator/Firebase_FirebaseCore.bundle

Copy /Users/aaronkeen/Library/Developer/Xcode/DerivedData/NutraSafeBeta-awyabywlaekrybetqgpbjphfxefs/Build/Intermediates.noindex/GeneratedModuleMaps-iphonesimulator/leveldb.modulemap /Users/aaronkeen/Library/Developer/Xcode/DerivedData/NutraSafeBeta-awyabywlaekrybetqgpbjphfxefs/Build/Intermediates.noindex/leveldb.build/Debug-iphonesimulator/leveldb.build/leveldb.modulemap (in target 'leveldb' from project 'leveldb')
    cd /Users/aaronkeen/Library/Developer/Xcode/DerivedData/NutraSafeBeta-awyabywlaekrybetqgpbjphfxefs/SourcePackages/checkouts/leveldb
    builtin-copy -exclude .DS_Store -exclude CVS -exclude .svn -exclude .git -exclude .hg -resolve-src-symlinks /Users/aaronkeen/Library/Developer/Xcode/DerivedData/NutraSafeBeta-awyabywlaekrybetqgpbjphfxefs/Build/Intermediates.noindex/leveldb.build/Debug-iphonesimulator/leveldb.build/leveldb.modulemap /Users/aaronkeen/Library/Developer/Xcode/DerivedData/NutraSafeBeta-awyabywlaekrybetqgpbjphfxefs/Build/Intermediates.noindex/GeneratedModuleMaps-iphonesimulator

Copy /Users/aaronkeen/Library/Developer/Xcode/DerivedData/NutraSafeBeta-awyabywlaekrybetqgpbjphfxefs/Build/Intermediates.noindex/GeneratedModuleMaps-iphonesimulator/third-party-IsAppEncrypted.modulemap /Users/aaronkeen/Library/Developer/Xcode/DerivedData/NutraSafeBeta-awyabywlaekrybetqgpbjphfxefs/Build/Intermediates.noindex/GoogleUtilities.build/Debug-iphonesimulator/third-party-IsAppEncrypted.build/third-party-IsAppEncrypted.modulemap (in target 'third-party-IsAppEncrypted' from project 'GoogleUtilities')
    cd /Users/aaronkeen/Library/Developer/Xcode/DerivedData/NutraSafeBeta-awyabywlaekrybetqgpbjphfxefs/SourcePackages/checkouts/GoogleUtilities
    builtin-copy -exclude .DS_Store -exclude CVS -exclude .svn -exclude .git -exclude .hg -resolve-src-symlinks /Users/aaronkeen/Library/Developer/Xcode/DerivedData/NutraSafeBeta-awyabywlaekrybetqgpbjphfxefs/Build/Intermediates.noindex/GoogleUtilities.build/Debug-iphonesimulator/third-party-IsAppEncrypted.build/third-party-IsAppEncrypted.modulemap /Users/aaronkeen/Library/Developer/Xcode/DerivedData/NutraSafeBeta-awyabywlaekrybetqgpbjphfxefs/Build/Intermediates.noindex/GeneratedModuleMaps-iphonesimulator

Copy /Users/aaronkeen/Library/Developer/Xcode/DerivedData/NutraSafeBeta-awyabywlaekrybetqgpbjphfxefs/Build/Intermediates.noindex/GeneratedModuleMaps-iphonesimulator/RecaptchaInterop.modulemap /Users/aaronkeen/Library/Developer/Xcode/DerivedData/NutraSafeBeta-awyabywlaekrybetqgpbjphfxefs/Build/Intermediates.noindex/InteropForGoogle.build/Debug-iphonesimulator/RecaptchaInterop.build/RecaptchaInterop.modulemap (in target 'RecaptchaInterop' from project 'InteropForGoogle')
    cd /Users/aaronkeen/Library/Developer/Xcode/DerivedData/NutraSafeBeta-awyabywlaekrybetqgpbjphfxefs/SourcePackages/checkouts/interop-ios-for-google-sdks
    builtin-copy -exclude .DS_Store -exclude CVS -exclude .svn -exclude .git -exclude .hg -resolve-src-symlinks /Users/aaronkeen/Library/Developer/Xcode/DerivedData/NutraSafeBeta-awyabywlaekrybetqgpbjphfxefs/Build/Intermediates.noindex/InteropForGoogle.build/Debug-iphonesimulator/RecaptchaInterop.build/RecaptchaInterop.modulemap /Users/aaronkeen/Library/Developer/Xcode/DerivedData/NutraSafeBeta-awyabywlaekrybetqgpbjphfxefs/Build/Intermediates.noindex/GeneratedModuleMaps-iphonesimulator

Copy /Users/aaronkeen/Library/Developer/Xcode/DerivedData/NutraSafeBeta-awyabywlaekrybetqgpbjphfxefs/Build/Intermediates.noindex/GeneratedModuleMaps-iphonesimulator/GoogleUtilities-Reachability.modulemap /Users/aaronkeen/Library/Developer/Xcode/DerivedData/NutraSafeBeta-awyabywlaekrybetqgpbjphfxefs/Build/Intermediates.noindex/GoogleUtilities.build/Debug-iphonesimulator/GoogleUtilities-Reachability.build/GoogleUtilities-Reachability.modulemap (in target 'GoogleUtilities-Reachability' from project 'GoogleUtilities')
    cd /Users/aaronkeen/Library/Developer/Xcode/DerivedData/NutraSafeBeta-awyabywlaekrybetqgpbjphfxefs/SourcePackages/checkouts/GoogleUtilities
    builtin-copy -exclude .DS_Store -exclude CVS -exclude .svn -exclude .git -exclude .hg -resolve-src-symlinks /Users/aaronkeen/Library/Developer/Xcode/DerivedData/NutraSafeBeta-awyabywlaekrybetqgpbjphfxefs/Build/Intermediates.noindex/GoogleUtilities.build/Debug-iphonesimulator/GoogleUtilities-Reachability.build/GoogleUtilities-Reachability.modulemap /Users/aaronkeen/Library/Developer/Xcode/DerivedData/NutraSafeBeta-awyabywlaekrybetqgpbjphfxefs/Build/Intermediates.noindex/GeneratedModuleMaps-iphonesimulator

Copy /Users/aaronkeen/Library/Developer/Xcode/DerivedData/NutraSafeBeta-awyabywlaekrybetqgpbjphfxefs/Build/Intermediates.noindex/GeneratedModuleMaps-iphonesimulator/nanopb.modulemap /Users/aaronkeen/Library/Developer/Xcode/DerivedData/NutraSafeBeta-awyabywlaekrybetqgpbjphfxefs/Build/Intermediates.noindex/nanopb.build/Debug-iphonesimulator/nanopb.build/nanopb.modulemap (in target 'nanopb' from project 'nanopb')
    cd /Users/aaronkeen/Library/Developer/Xcode/DerivedData/NutraSafeBeta-awyabywlaekrybetqgpbjphfxefs/SourcePackages/checkouts/nanopb
    builtin-copy -exclude .DS_Store -exclude CVS -exclude .svn -exclude .git -exclude .hg -resolve-src-symlinks /Users/aaronkeen/Library/Developer/Xcode/DerivedData/NutraSafeBeta-awyabywlaekrybetqgpbjphfxefs/Build/Intermediates.noindex/nanopb.build/Debug-iphonesimulator/nanopb.build/nanopb.modulemap /Users/aaronkeen/Library/Developer/Xcode/DerivedData/NutraSafeBeta-awyabywlaekrybetqgpbjphfxefs/Build/Intermediates.noindex/GeneratedModuleMaps-iphonesimulator

Copy /Users/aaronkeen/Library/Developer/Xcode/DerivedData/NutraSafeBeta-awyabywlaekrybetqgpbjphfxefs/Build/Intermediates.noindex/GeneratedModuleMaps-iphonesimulator/GoogleUtilities-Network.modulemap /Users/aaronkeen/Library/Developer/Xcode/DerivedData/NutraSafeBeta-awyabywlaekrybetqgpbjphfxefs/Build/Intermediates.noindex/GoogleUtilities.build/Debug-iphonesimulator/GoogleUtilities-Network.build/GoogleUtilities-Network.modulemap (in target 'GoogleUtilities-Network' from project 'GoogleUtilities')
    cd /Users/aaronkeen/Library/Developer/Xcode/DerivedData/NutraSafeBeta-awyabywlaekrybetqgpbjphfxefs/SourcePackages/checkouts/GoogleUtilities
    builtin-copy -exclude .DS_Store -exclude CVS -exclude .svn -exclude .git -exclude .hg -resolve-src-symlinks /Users/aaronkeen/Library/Developer/Xcode/DerivedData/NutraSafeBeta-awyabywlaekrybetqgpbjphfxefs/Build/Intermediates.noindex/GoogleUtilities.build/Debug-iphonesimulator/GoogleUtilities-Network.build/GoogleUtilities-Network.modulemap /Users/aaronkeen/Library/Developer/Xcode/DerivedData/NutraSafeBeta-awyabywlaekrybetqgpbjphfxefs/Build/Intermediates.noindex/GeneratedModuleMaps-iphonesimulator

Copy /Users/aaronkeen/Library/Developer/Xcode/DerivedData/NutraSafeBeta-awyabywlaekrybetqgpbjphfxefs/Build/Intermediates.noindex/GeneratedModuleMaps-iphonesimulator/GoogleUtilities-NSData.modulemap /Users/aaronkeen/Library/Developer/Xcode/DerivedData/NutraSafeBeta-awyabywlaekrybetqgpbjphfxefs/Build/Intermediates.noindex/GoogleUtilities.build/Debug-iphonesimulator/GoogleUtilities-NSData.build/GoogleUtilities-NSData.modulemap (in target 'GoogleUtilities-NSData' from project 'GoogleUtilities')
    cd /Users/aaronkeen/Library/Developer/Xcode/DerivedData/NutraSafeBeta-awyabywlaekrybetqgpbjphfxefs/SourcePackages/checkouts/GoogleUtilities
    builtin-copy -exclude .DS_Store -exclude CVS -exclude .svn -exclude .git -exclude .hg -resolve-src-symlinks /Users/aaronkeen/Library/Developer/Xcode/DerivedData/NutraSafeBeta-awyabywlaekrybetqgpbjphfxefs/Build/Intermediates.noindex/GoogleUtilities.build/Debug-iphonesimulator/GoogleUtilities-NSData.build/GoogleUtilities-NSData.modulemap /Users/aaronkeen/Library/Developer/Xcode/DerivedData/NutraSafeBeta-awyabywlaekrybetqgpbjphfxefs/Build/Intermediates.noindex/GeneratedModuleMaps-iphonesimulator

Copy /Users/aaronkeen/Library/Developer/Xcode/DerivedData/NutraSafeBeta-awyabywlaekrybetqgpbjphfxefs/Build/Intermediates.noindex/GeneratedModuleMaps-iphonesimulator/GoogleUtilities-Logger.modulemap /Users/aaronkeen/Library/Developer/Xcode/DerivedData/NutraSafeBeta-awyabywlaekrybetqgpbjphfxefs/Build/Intermediates.noindex/GoogleUtilities.build/Debug-iphonesimulator/GoogleUtilities-Logger.build/GoogleUtilities-Logger.modulemap (in target 'GoogleUtilities-Logger' from project 'GoogleUtilities')
    cd /Users/aaronkeen/Library/Developer/Xcode/DerivedData/NutraSafeBeta-awyabywlaekrybetqgpbjphfxefs/SourcePackages/checkouts/GoogleUtilities
    builtin-copy -exclude .DS_Store -exclude CVS -exclude .svn -exclude .git -exclude .hg -resolve-src-symlinks /Users/aaronkeen/Library/Developer/Xcode/DerivedData/NutraSafeBeta-awyabywlaekrybetqgpbjphfxefs/Build/Intermediates.noindex/GoogleUtilities.build/Debug-iphonesimulator/GoogleUtilities-Logger.build/GoogleUtilities-Logger.modulemap /Users/aaronkeen/Library/Developer/Xcode/DerivedData/NutraSafeBeta-awyabywlaekrybetqgpbjphfxefs/Build/Intermediates.noindex/GeneratedModuleMaps-iphonesimulator

Copy /Users/aaronkeen/Library/Developer/Xcode/DerivedData/NutraSafeBeta-awyabywlaekrybetqgpbjphfxefs/Build/Intermediates.noindex/GeneratedModuleMaps-iphonesimulator/GoogleUtilities-Environment.modulemap /Users/aaronkeen/Library/Developer/Xcode/DerivedData/NutraSafeBeta-awyabywlaekrybetqgpbjphfxefs/Build/Intermediates.noindex/GoogleUtilities.build/Debug-iphonesimulator/GoogleUtilities-Environment.build/GoogleUtilities-Environment.modulemap (in target 'GoogleUtilities-Environment' from project 'GoogleUtilities')
    cd /Users/aaronkeen/Library/Developer/Xcode/DerivedData/NutraSafeBeta-awyabywlaekrybetqgpbjphfxefs/SourcePackages/checkouts/GoogleUtilities
    builtin-copy -exclude .DS_Store -exclude CVS -exclude .svn -exclude .git -exclude .hg -resolve-src-symlinks /Users/aaronkeen/Library/Developer/Xcode/DerivedData/NutraSafeBeta-awyabywlaekrybetqgpbjphfxefs/Build/Intermediates.noindex/GoogleUtilities.build/Debug-iphonesimulator/GoogleUtilities-Environment.build/GoogleUtilities-Environment.modulemap /Users/aaronkeen/Library/Developer/Xcode/DerivedData/NutraSafeBeta-awyabywlaekrybetqgpbjphfxefs/Build/Intermediates.noindex/GeneratedModuleMaps-iphonesimulator

Copy /Users/aaronkeen/Library/Developer/Xcode/DerivedData/NutraSafeBeta-awyabywlaekrybetqgpbjphfxefs/Build/Intermediates.noindex/GeneratedModuleMaps-iphonesimulator/GoogleUtilities-AppDelegateSwizzler.modulemap /Users/aaronkeen/Library/Developer/Xcode/DerivedData/NutraSafeBeta-awyabywlaekrybetqgpbjphfxefs/Build/Intermediates.noindex/GoogleUtilities.build/Debug-iphonesimulator/GoogleUtilities-AppDelegateSwizzler.build/GoogleUtilities-AppDelegateSwizzler.modulemap (in target 'GoogleUtilities-AppDelegateSwizzler' from project 'GoogleUtilities')
    cd /Users/aaronkeen/Library/Developer/Xcode/DerivedData/NutraSafeBeta-awyabywlaekrybetqgpbjphfxefs/SourcePackages/checkouts/GoogleUtilities
    builtin-copy -exclude .DS_Store -exclude CVS -exclude .svn -exclude .git -exclude .hg -resolve-src-symlinks /Users/aaronkeen/Library/Developer/Xcode/DerivedData/NutraSafeBeta-awyabywlaekrybetqgpbjphfxefs/Build/Intermediates.noindex/GoogleUtilities.build/Debug-iphonesimulator/GoogleUtilities-AppDelegateSwizzler.build/GoogleUtilities-AppDelegateSwizzler.modulemap /Users/aaronkeen/Library/Developer/Xcode/DerivedData/NutraSafeBeta-awyabywlaekrybetqgpbjphfxefs/Build/Intermediates.noindex/GeneratedModuleMaps-iphonesimulator

Copy /Users/aaronkeen/Library/Developer/Xcode/DerivedData/NutraSafeBeta-awyabywlaekrybetqgpbjphfxefs/Build/Intermediates.noindex/GeneratedModuleMaps-iphonesimulator/FirebaseCoreInternal.modulemap /Users/aaronkeen/Library/Developer/Xcode/DerivedData/NutraSafeBeta-awyabywlaekrybetqgpbjphfxefs/Build/Intermediates.noindex/Firebase.build/Debug-iphonesimulator/FirebaseCoreInternal.build/FirebaseCoreInternal.modulemap (in target 'FirebaseCoreInternal' from project 'Firebase')
    cd /Users/aaronkeen/Library/Developer/Xcode/DerivedData/NutraSafeBeta-awyabywlaekrybetqgpbjphfxefs/SourcePackages/checkouts/firebase-ios-sdk
    builtin-copy -exclude .DS_Store -exclude CVS -exclude .svn -exclude .git -exclude .hg -resolve-src-symlinks /Users/aaronkeen/Library/Developer/Xcode/DerivedData/NutraSafeBeta-awyabywlaekrybetqgpbjphfxefs/Build/Intermediates.noindex/Firebase.build/Debug-iphonesimulator/FirebaseCoreInternal.build/FirebaseCoreInternal.modulemap /Users/aaronkeen/Library/Developer/Xcode/DerivedData/NutraSafeBeta-awyabywlaekrybetqgpbjphfxefs/Build/Intermediates.noindex/GeneratedModuleMaps-iphonesimulator

Copy /Users/aaronkeen/Library/Developer/Xcode/DerivedData/NutraSafeBeta-awyabywlaekrybetqgpbjphfxefs/Build/Intermediates.noindex/GeneratedModuleMaps-iphonesimulator/FirebaseSharedSwift.modulemap /Users/aaronkeen/Library/Developer/Xcode/DerivedData/NutraSafeBeta-awyabywlaekrybetqgpbjphfxefs/Build/Intermediates.noindex/Firebase.build/Debug-iphonesimulator/FirebaseSharedSwift.build/FirebaseSharedSwift.modulemap (in target 'FirebaseSharedSwift' from project 'Firebase')
    cd /Users/aaronkeen/Library/Developer/Xcode/DerivedData/NutraSafeBeta-awyabywlaekrybetqgpbjphfxefs/SourcePackages/checkouts/firebase-ios-sdk
    builtin-copy -exclude .DS_Store -exclude CVS -exclude .svn -exclude .git -exclude .hg -resolve-src-symlinks /Users/aaronkeen/Library/Developer/Xcode/DerivedData/NutraSafeBeta-awyabywlaekrybetqgpbjphfxefs/Build/Intermediates.noindex/Firebase.build/Debug-iphonesimulator/FirebaseSharedSwift.build/FirebaseSharedSwift.modulemap /Users/aaronkeen/Library/Developer/Xcode/DerivedData/NutraSafeBeta-awyabywlaekrybetqgpbjphfxefs/Build/Intermediates.noindex/GeneratedModuleMaps-iphonesimulator

Copy /Users/aaronkeen/Library/Developer/Xcode/DerivedData/NutraSafeBeta-awyabywlaekrybetqgpbjphfxefs/Build/Intermediates.noindex/GeneratedModuleMaps-iphonesimulator/FirebaseCoreExtension.modulemap /Users/aaronkeen/Library/Developer/Xcode/DerivedData/NutraSafeBeta-awyabywlaekrybetqgpbjphfxefs/Build/Intermediates.noindex/Firebase.build/Debug-iphonesimulator/FirebaseCoreExtension.build/FirebaseCoreExtension.modulemap (in target 'FirebaseCoreExtension' from project 'Firebase')
    cd /Users/aaronkeen/Library/Developer/Xcode/DerivedData/NutraSafeBeta-awyabywlaekrybetqgpbjphfxefs/SourcePackages/checkouts/firebase-ios-sdk
    builtin-copy -exclude .DS_Store -exclude CVS -exclude .svn -exclude .git -exclude .hg -resolve-src-symlinks /Users/aaronkeen/Library/Developer/Xcode/DerivedData/NutraSafeBeta-awyabywlaekrybetqgpbjphfxefs/Build/Intermediates.noindex/Firebase.build/Debug-iphonesimulator/FirebaseCoreExtension.build/FirebaseCoreExtension.modulemap /Users/aaronkeen/Library/Developer/Xcode/DerivedData/NutraSafeBeta-awyabywlaekrybetqgpbjphfxefs/Build/Intermediates.noindex/GeneratedModuleMaps-iphonesimulator

Copy /Users/aaronkeen/Library/Developer/Xcode/DerivedData/NutraSafeBeta-awyabywlaekrybetqgpbjphfxefs/Build/Intermediates.noindex/GeneratedModuleMaps-iphonesimulator/GTMSessionFetcherCore.modulemap /Users/aaronkeen/Library/Developer/Xcode/DerivedData/NutraSafeBeta-awyabywlaekrybetqgpbjphfxefs/Build/Intermediates.noindex/GTMSessionFetcher.build/Debug-iphonesimulator/GTMSessionFetcherCore.build/GTMSessionFetcherCore.modulemap (in target 'GTMSessionFetcherCore' from project 'GTMSessionFetcher')
    cd /Users/aaronkeen/Library/Developer/Xcode/DerivedData/NutraSafeBeta-awyabywlaekrybetqgpbjphfxefs/SourcePackages/checkouts/gtm-session-fetcher
    builtin-copy -exclude .DS_Store -exclude CVS -exclude .svn -exclude .git -exclude .hg -resolve-src-symlinks /Users/aaronkeen/Library/Developer/Xcode/DerivedData/NutraSafeBeta-awyabywlaekrybetqgpbjphfxefs/Build/Intermediates.noindex/GTMSessionFetcher.build/Debug-iphonesimulator/GTMSessionFetcherCore.build/GTMSessionFetcherCore.modulemap /Users/aaronkeen/Library/Developer/Xcode/DerivedData/NutraSafeBeta-awyabywlaekrybetqgpbjphfxefs/Build/Intermediates.noindex/GeneratedModuleMaps-iphonesimulator

Copy /Users/aaronkeen/Library/Developer/Xcode/DerivedData/NutraSafeBeta-awyabywlaekrybetqgpbjphfxefs/Build/Intermediates.noindex/GeneratedModuleMaps-iphonesimulator/FirebaseCore.modulemap /Users/aaronkeen/Library/Developer/Xcode/DerivedData/NutraSafeBeta-awyabywlaekrybetqgpbjphfxefs/Build/Intermediates.noindex/Firebase.build/Debug-iphonesimulator/FirebaseCore.build/FirebaseCore.modulemap (in target 'FirebaseCore' from project 'Firebase')
    cd /Users/aaronkeen/Library/Developer/Xcode/DerivedData/NutraSafeBeta-awyabywlaekrybetqgpbjphfxefs/SourcePackages/checkouts/firebase-ios-sdk
    builtin-copy -exclude .DS_Store -exclude CVS -exclude .svn -exclude .git -exclude .hg -resolve-src-symlinks /Users/aaronkeen/Library/Developer/Xcode/DerivedData/NutraSafeBeta-awyabywlaekrybetqgpbjphfxefs/Build/Intermediates.noindex/Firebase.build/Debug-iphonesimulator/FirebaseCore.build/FirebaseCore.modulemap /Users/aaronkeen/Library/Developer/Xcode/DerivedData/NutraSafeBeta-awyabywlaekrybetqgpbjphfxefs/Build/Intermediates.noindex/GeneratedModuleMaps-iphonesimulator

Copy /Users/aaronkeen/Library/Developer/Xcode/DerivedData/NutraSafeBeta-awyabywlaekrybetqgpbjphfxefs/Build/Intermediates.noindex/GeneratedModuleMaps-iphonesimulator/FirebaseAuthInterop.modulemap /Users/aaronkeen/Library/Developer/Xcode/DerivedData/NutraSafeBeta-awyabywlaekrybetqgpbjphfxefs/Build/Intermediates.noindex/Firebase.build/Debug-iphonesimulator/FirebaseAuthInterop.build/FirebaseAuthInterop.modulemap (in target 'FirebaseAuthInterop' from project 'Firebase')
    cd /Users/aaronkeen/Library/Developer/Xcode/DerivedData/NutraSafeBeta-awyabywlaekrybetqgpbjphfxefs/SourcePackages/checkouts/firebase-ios-sdk
    builtin-copy -exclude .DS_Store -exclude CVS -exclude .svn -exclude .git -exclude .hg -resolve-src-symlinks /Users/aaronkeen/Library/Developer/Xcode/DerivedData/NutraSafeBeta-awyabywlaekrybetqgpbjphfxefs/Build/Intermediates.noindex/Firebase.build/Debug-iphonesimulator/FirebaseAuthInterop.build/FirebaseAuthInterop.modulemap /Users/aaronkeen/Library/Developer/Xcode/DerivedData/NutraSafeBeta-awyabywlaekrybetqgpbjphfxefs/Build/Intermediates.noindex/GeneratedModuleMaps-iphonesimulator

Copy /Users/aaronkeen/Library/Developer/Xcode/DerivedData/NutraSafeBeta-awyabywlaekrybetqgpbjphfxefs/Build/Intermediates.noindex/GeneratedModuleMaps-iphonesimulator/FirebaseAuthInternal.modulemap /Users/aaronkeen/Library/Developer/Xcode/DerivedData/NutraSafeBeta-awyabywlaekrybetqgpbjphfxefs/Build/Intermediates.noindex/Firebase.build/Debug-iphonesimulator/FirebaseAuthInternal.build/FirebaseAuthInternal.modulemap (in target 'FirebaseAuthInternal' from project 'Firebase')
    cd /Users/aaronkeen/Library/Developer/Xcode/DerivedData/NutraSafeBeta-awyabywlaekrybetqgpbjphfxefs/SourcePackages/checkouts/firebase-ios-sdk
    builtin-copy -exclude .DS_Store -exclude CVS -exclude .svn -exclude .git -exclude .hg -resolve-src-symlinks /Users/aaronkeen/Library/Developer/Xcode/DerivedData/NutraSafeBeta-awyabywlaekrybetqgpbjphfxefs/Build/Intermediates.noindex/Firebase.build/Debug-iphonesimulator/FirebaseAuthInternal.build/FirebaseAuthInternal.modulemap /Users/aaronkeen/Library/Developer/Xcode/DerivedData/NutraSafeBeta-awyabywlaekrybetqgpbjphfxefs/Build/Intermediates.noindex/GeneratedModuleMaps-iphonesimulator

Copy /Users/aaronkeen/Library/Developer/Xcode/DerivedData/NutraSafeBeta-awyabywlaekrybetqgpbjphfxefs/Build/Intermediates.noindex/GeneratedModuleMaps-iphonesimulator/FirebaseAppCheckInterop.modulemap /Users/aaronkeen/Library/Developer/Xcode/DerivedData/NutraSafeBeta-awyabywlaekrybetqgpbjphfxefs/Build/Intermediates.noindex/Firebase.build/Debug-iphonesimulator/FirebaseAppCheckInterop.build/FirebaseAppCheckInterop.modulemap (in target 'FirebaseAppCheckInterop' from project 'Firebase')
    cd /Users/aaronkeen/Library/Developer/Xcode/DerivedData/NutraSafeBeta-awyabywlaekrybetqgpbjphfxefs/SourcePackages/checkouts/firebase-ios-sdk
    builtin-copy -exclude .DS_Store -exclude CVS -exclude .svn -exclude .git -exclude .hg -resolve-src-symlinks /Users/aaronkeen/Library/Developer/Xcode/DerivedData/NutraSafeBeta-awyabywlaekrybetqgpbjphfxefs/Build/Intermediates.noindex/Firebase.build/Debug-iphonesimulator/FirebaseAppCheckInterop.build/FirebaseAppCheckInterop.modulemap /Users/aaronkeen/Library/Developer/Xcode/DerivedData/NutraSafeBeta-awyabywlaekrybetqgpbjphfxefs/Build/Intermediates.noindex/GeneratedModuleMaps-iphonesimulator

Copy /Users/aaronkeen/Library/Developer/Xcode/DerivedData/NutraSafeBeta-awyabywlaekrybetqgpbjphfxefs/Build/Intermediates.noindex/GeneratedModuleMaps-iphonesimulator/FirebaseAuth.modulemap /Users/aaronkeen/Library/Developer/Xcode/DerivedData/NutraSafeBeta-awyabywlaekrybetqgpbjphfxefs/Build/Intermediates.noindex/Firebase.build/Debug-iphonesimulator/FirebaseAuth.build/FirebaseAuth.modulemap (in target 'FirebaseAuth' from project 'Firebase')
    cd /Users/aaronkeen/Library/Developer/Xcode/DerivedData/NutraSafeBeta-awyabywlaekrybetqgpbjphfxefs/SourcePackages/checkouts/firebase-ios-sdk
    builtin-copy -exclude .DS_Store -exclude CVS -exclude .svn -exclude .git -exclude .hg -resolve-src-symlinks /Users/aaronkeen/Library/Developer/Xcode/DerivedData/NutraSafeBeta-awyabywlaekrybetqgpbjphfxefs/Build/Intermediates.noindex/Firebase.build/Debug-iphonesimulator/FirebaseAuth.build/FirebaseAuth.modulemap /Users/aaronkeen/Library/Developer/Xcode/DerivedData/NutraSafeBeta-awyabywlaekrybetqgpbjphfxefs/Build/Intermediates.noindex/GeneratedModuleMaps-iphonesimulator

ProcessInfoPlistFile /Users/aaronkeen/Library/Developer/Xcode/DerivedData/NutraSafeBeta-awyabywlaekrybetqgpbjphfxefs/Build/Products/Debug-iphonesimulator/gRPC_opensslWrapper.bundle/Info.plist /Users/aaronkeen/Library/Developer/Xcode/DerivedData/NutraSafeBeta-awyabywlaekrybetqgpbjphfxefs/Build/Intermediates.noindex/gRPC.build/Debug-iphonesimulator/gRPC_opensslWrapper.build/empty-gRPC_opensslWrapper.plist (in target 'gRPC_opensslWrapper' from project 'gRPC')
    cd /Users/aaronkeen/Library/Developer/Xcode/DerivedData/NutraSafeBeta-awyabywlaekrybetqgpbjphfxefs/SourcePackages/checkouts/grpc-binary
    builtin-infoPlistUtility /Users/aaronkeen/Library/Developer/Xcode/DerivedData/NutraSafeBeta-awyabywlaekrybetqgpbjphfxefs/Build/Intermediates.noindex/gRPC.build/Debug-iphonesimulator/gRPC_opensslWrapper.build/empty-gRPC_opensslWrapper.plist -producttype com.apple.product-type.bundle -expandbuildsettings -format binary -platform iphonesimulator -o /Users/aaronkeen/Library/Developer/Xcode/DerivedData/NutraSafeBeta-awyabywlaekrybetqgpbjphfxefs/Build/Products/Debug-iphonesimulator/gRPC_opensslWrapper.bundle/Info.plist

CpResource /Users/aaronkeen/Library/Developer/Xcode/DerivedData/NutraSafeBeta-awyabywlaekrybetqgpbjphfxefs/Build/Products/Debug-iphonesimulator/gRPC_opensslWrapper.bundle/PrivacyInfo.xcprivacy /Users/aaronkeen/Library/Developer/Xcode/DerivedData/NutraSafeBeta-awyabywlaekrybetqgpbjphfxefs/SourcePackages/checkouts/grpc-binary/openssl-grpc-Wrapper/Resources/PrivacyInfo.xcprivacy (in target 'gRPC_opensslWrapper' from project 'gRPC')
    cd /Users/aaronkeen/Library/Developer/Xcode/DerivedData/NutraSafeBeta-awyabywlaekrybetqgpbjphfxefs/SourcePackages/checkouts/grpc-binary
    builtin-copy -exclude .DS_Store -exclude CVS -exclude .svn -exclude .git -exclude .hg -resolve-src-symlinks /Users/aaronkeen/Library/Developer/Xcode/DerivedData/NutraSafeBeta-awyabywlaekrybetqgpbjphfxefs/SourcePackages/checkouts/grpc-binary/openssl-grpc-Wrapper/Resources/PrivacyInfo.xcprivacy /Users/aaronkeen/Library/Developer/Xcode/DerivedData/NutraSafeBeta-awyabywlaekrybetqgpbjphfxefs/Build/Products/Debug-iphonesimulator/gRPC_opensslWrapper.bundle

ProcessInfoPlistFile /Users/aaronkeen/Library/Developer/Xcode/DerivedData/NutraSafeBeta-awyabywlaekrybetqgpbjphfxefs/Build/Products/Debug-iphonesimulator/leveldb_leveldb.bundle/Info.plist /Users/aaronkeen/Library/Developer/Xcode/DerivedData/NutraSafeBeta-awyabywlaekrybetqgpbjphfxefs/Build/Intermediates.noindex/leveldb.build/Debug-iphonesimulator/leveldb_leveldb.build/empty-leveldb_leveldb.plist (in target 'leveldb_leveldb' from project 'leveldb')
    cd /Users/aaronkeen/Library/Developer/Xcode/DerivedData/NutraSafeBeta-awyabywlaekrybetqgpbjphfxefs/SourcePackages/checkouts/leveldb
    builtin-infoPlistUtility /Users/aaronkeen/Library/Developer/Xcode/DerivedData/NutraSafeBeta-awyabywlaekrybetqgpbjphfxefs/Build/Intermediates.noindex/leveldb.build/Debug-iphonesimulator/leveldb_leveldb.build/empty-leveldb_leveldb.plist -producttype com.apple.product-type.bundle -expandbuildsettings -format binary -platform iphonesimulator -o /Users/aaronkeen/Library/Developer/Xcode/DerivedData/NutraSafeBeta-awyabywlaekrybetqgpbjphfxefs/Build/Products/Debug-iphonesimulator/leveldb_leveldb.bundle/Info.plist

CpResource /Users/aaronkeen/Library/Developer/Xcode/DerivedData/NutraSafeBeta-awyabywlaekrybetqgpbjphfxefs/Build/Products/Debug-iphonesimulator/leveldb_leveldb.bundle/PrivacyInfo.xcprivacy /Users/aaronkeen/Library/Developer/Xcode/DerivedData/NutraSafeBeta-awyabywlaekrybetqgpbjphfxefs/SourcePackages/checkouts/leveldb/Resources/PrivacyInfo.xcprivacy (in target 'leveldb_leveldb' from project 'leveldb')
    cd /Users/aaronkeen/Library/Developer/Xcode/DerivedData/NutraSafeBeta-awyabywlaekrybetqgpbjphfxefs/SourcePackages/checkouts/leveldb
    builtin-copy -exclude .DS_Store -exclude CVS -exclude .svn -exclude .git -exclude .hg -resolve-src-symlinks /Users/aaronkeen/Library/Developer/Xcode/DerivedData/NutraSafeBeta-awyabywlaekrybetqgpbjphfxefs/SourcePackages/checkouts/leveldb/Resources/PrivacyInfo.xcprivacy /Users/aaronkeen/Library/Developer/Xcode/DerivedData/NutraSafeBeta-awyabywlaekrybetqgpbjphfxefs/Build/Products/Debug-iphonesimulator/leveldb_leveldb.bundle

ProcessInfoPlistFile /Users/aaronkeen/Library/Developer/Xcode/DerivedData/NutraSafeBeta-awyabywlaekrybetqgpbjphfxefs/Build/Products/Debug-iphonesimulator/nanopb_nanopb.bundle/Info.plist /Users/aaronkeen/Library/Developer/Xcode/DerivedData/NutraSafeBeta-awyabywlaekrybetqgpbjphfxefs/Build/Intermediates.noindex/nanopb.build/Debug-iphonesimulator/nanopb_nanopb.build/empty-nanopb_nanopb.plist (in target 'nanopb_nanopb' from project 'nanopb')
    cd /Users/aaronkeen/Library/Developer/Xcode/DerivedData/NutraSafeBeta-awyabywlaekrybetqgpbjphfxefs/SourcePackages/checkouts/nanopb
    builtin-infoPlistUtility /Users/aaronkeen/Library/Developer/Xcode/DerivedData/NutraSafeBeta-awyabywlaekrybetqgpbjphfxefs/Build/Intermediates.noindex/nanopb.build/Debug-iphonesimulator/nanopb_nanopb.build/empty-nanopb_nanopb.plist -producttype com.apple.product-type.bundle -expandbuildsettings -format binary -platform iphonesimulator -o /Users/aaronkeen/Library/Developer/Xcode/DerivedData/NutraSafeBeta-awyabywlaekrybetqgpbjphfxefs/Build/Products/Debug-iphonesimulator/nanopb_nanopb.bundle/Info.plist

CpResource /Users/aaronkeen/Library/Developer/Xcode/DerivedData/NutraSafeBeta-awyabywlaekrybetqgpbjphfxefs/Build/Products/Debug-iphonesimulator/nanopb_nanopb.bundle/PrivacyInfo.xcprivacy /Users/aaronkeen/Library/Developer/Xcode/DerivedData/NutraSafeBeta-awyabywlaekrybetqgpbjphfxefs/SourcePackages/checkouts/nanopb/spm_resources/PrivacyInfo.xcprivacy (in target 'nanopb_nanopb' from project 'nanopb')
    cd /Users/aaronkeen/Library/Developer/Xcode/DerivedData/NutraSafeBeta-awyabywlaekrybetqgpbjphfxefs/SourcePackages/checkouts/nanopb
    builtin-copy -exclude .DS_Store -exclude CVS -exclude .svn -exclude .git -exclude .hg -resolve-src-symlinks /Users/aaronkeen/Library/Developer/Xcode/DerivedData/NutraSafeBeta-awyabywlaekrybetqgpbjphfxefs/SourcePackages/checkouts/nanopb/spm_resources/PrivacyInfo.xcprivacy /Users/aaronkeen/Library/Developer/Xcode/DerivedData/NutraSafeBeta-awyabywlaekrybetqgpbjphfxefs/Build/Products/Debug-iphonesimulator/nanopb_nanopb.bundle

ProcessInfoPlistFile /Users/aaronkeen/Library/Developer/Xcode/DerivedData/NutraSafeBeta-awyabywlaekrybetqgpbjphfxefs/Build/Products/Debug-iphonesimulator/gRPC_grpcppWrapper.bundle/Info.plist /Users/aaronkeen/Library/Developer/Xcode/DerivedData/NutraSafeBeta-awyabywlaekrybetqgpbjphfxefs/Build/Intermediates.noindex/gRPC.build/Debug-iphonesimulator/gRPC_grpcppWrapper.build/empty-gRPC_grpcppWrapper.plist (in target 'gRPC_grpcppWrapper' from project 'gRPC')
    cd /Users/aaronkeen/Library/Developer/Xcode/DerivedData/NutraSafeBeta-awyabywlaekrybetqgpbjphfxefs/SourcePackages/checkouts/grpc-binary
    builtin-infoPlistUtility /Users/aaronkeen/Library/Developer/Xcode/DerivedData/NutraSafeBeta-awyabywlaekrybetqgpbjphfxefs/Build/Intermediates.noindex/gRPC.build/Debug-iphonesimulator/gRPC_grpcppWrapper.build/empty-gRPC_grpcppWrapper.plist -producttype com.apple.product-type.bundle -expandbuildsettings -format binary -platform iphonesimulator -o /Users/aaronkeen/Library/Developer/Xcode/DerivedData/NutraSafeBeta-awyabywlaekrybetqgpbjphfxefs/Build/Products/Debug-iphonesimulator/gRPC_grpcppWrapper.bundle/Info.plist

CpResource /Users/aaronkeen/Library/Developer/Xcode/DerivedData/NutraSafeBeta-awyabywlaekrybetqgpbjphfxefs/Build/Products/Debug-iphonesimulator/gRPC_grpcppWrapper.bundle/PrivacyInfo.xcprivacy /Users/aaronkeen/Library/Developer/Xcode/DerivedData/NutraSafeBeta-awyabywlaekrybetqgpbjphfxefs/SourcePackages/checkouts/grpc-binary/grpcpp-Wrapper/Resources/PrivacyInfo.xcprivacy (in target 'gRPC_grpcppWrapper' from project 'gRPC')
    cd /Users/aaronkeen/Library/Developer/Xcode/DerivedData/NutraSafeBeta-awyabywlaekrybetqgpbjphfxefs/SourcePackages/checkouts/grpc-binary
    builtin-copy -exclude .DS_Store -exclude CVS -exclude .svn -exclude .git -exclude .hg -resolve-src-symlinks /Users/aaronkeen/Library/Developer/Xcode/DerivedData/NutraSafeBeta-awyabywlaekrybetqgpbjphfxefs/SourcePackages/checkouts/grpc-binary/grpcpp-Wrapper/Resources/PrivacyInfo.xcprivacy /Users/aaronkeen/Library/Developer/Xcode/DerivedData/NutraSafeBeta-awyabywlaekrybetqgpbjphfxefs/Build/Products/Debug-iphonesimulator/gRPC_grpcppWrapper.bundle

ProcessInfoPlistFile /Users/aaronkeen/Library/Developer/Xcode/DerivedData/NutraSafeBeta-awyabywlaekrybetqgpbjphfxefs/Build/Products/Debug-iphonesimulator/abseil_abslWrapper.bundle/Info.plist /Users/aaronkeen/Library/Developer/Xcode/DerivedData/NutraSafeBeta-awyabywlaekrybetqgpbjphfxefs/Build/Intermediates.noindex/abseil.build/Debug-iphonesimulator/abseil_abslWrapper.build/empty-abseil_abslWrapper.plist (in target 'abseil_abslWrapper' from project 'abseil')
    cd /Users/aaronkeen/Library/Developer/Xcode/DerivedData/NutraSafeBeta-awyabywlaekrybetqgpbjphfxefs/SourcePackages/checkouts/abseil-cpp-binary
    builtin-infoPlistUtility /Users/aaronkeen/Library/Developer/Xcode/DerivedData/NutraSafeBeta-awyabywlaekrybetqgpbjphfxefs/Build/Intermediates.noindex/abseil.build/Debug-iphonesimulator/abseil_abslWrapper.build/empty-abseil_abslWrapper.plist -producttype com.apple.product-type.bundle -expandbuildsettings -format binary -platform iphonesimulator -o /Users/aaronkeen/Library/Developer/Xcode/DerivedData/NutraSafeBeta-awyabywlaekrybetqgpbjphfxefs/Build/Products/Debug-iphonesimulator/abseil_abslWrapper.bundle/Info.plist

CpResource /Users/aaronkeen/Library/Developer/Xcode/DerivedData/NutraSafeBeta-awyabywlaekrybetqgpbjphfxefs/Build/Products/Debug-iphonesimulator/abseil_abslWrapper.bundle/PrivacyInfo.xcprivacy /Users/aaronkeen/Library/Developer/Xcode/DerivedData/NutraSafeBeta-awyabywlaekrybetqgpbjphfxefs/SourcePackages/checkouts/abseil-cpp-binary/absl-Wrapper/Resources/PrivacyInfo.xcprivacy (in target 'abseil_abslWrapper' from project 'abseil')
    cd /Users/aaronkeen/Library/Developer/Xcode/DerivedData/NutraSafeBeta-awyabywlaekrybetqgpbjphfxefs/SourcePackages/checkouts/abseil-cpp-binary
    builtin-copy -exclude .DS_Store -exclude CVS -exclude .svn -exclude .git -exclude .hg -resolve-src-symlinks /Users/aaronkeen/Library/Developer/Xcode/DerivedData/NutraSafeBeta-awyabywlaekrybetqgpbjphfxefs/SourcePackages/checkouts/abseil-cpp-binary/absl-Wrapper/Resources/PrivacyInfo.xcprivacy /Users/aaronkeen/Library/Developer/Xcode/DerivedData/NutraSafeBeta-awyabywlaekrybetqgpbjphfxefs/Build/Products/Debug-iphonesimulator/abseil_abslWrapper.bundle

ProcessInfoPlistFile /Users/aaronkeen/Library/Developer/Xcode/DerivedData/NutraSafeBeta-awyabywlaekrybetqgpbjphfxefs/Build/Products/Debug-iphonesimulator/gRPC_grpcWrapper.bundle/Info.plist /Users/aaronkeen/Library/Developer/Xcode/DerivedData/NutraSafeBeta-awyabywlaekrybetqgpbjphfxefs/Build/Intermediates.noindex/gRPC.build/Debug-iphonesimulator/gRPC_grpcWrapper.build/empty-gRPC_grpcWrapper.plist (in target 'gRPC_grpcWrapper' from project 'gRPC')
    cd /Users/aaronkeen/Library/Developer/Xcode/DerivedData/NutraSafeBeta-awyabywlaekrybetqgpbjphfxefs/SourcePackages/checkouts/grpc-binary
    builtin-infoPlistUtility /Users/aaronkeen/Library/Developer/Xcode/DerivedData/NutraSafeBeta-awyabywlaekrybetqgpbjphfxefs/Build/Intermediates.noindex/gRPC.build/Debug-iphonesimulator/gRPC_grpcWrapper.build/empty-gRPC_grpcWrapper.plist -producttype com.apple.product-type.bundle -expandbuildsettings -format binary -platform iphonesimulator -o /Users/aaronkeen/Library/Developer/Xcode/DerivedData/NutraSafeBeta-awyabywlaekrybetqgpbjphfxefs/Build/Products/Debug-iphonesimulator/gRPC_grpcWrapper.bundle/Info.plist

CpResource /Users/aaronkeen/Library/Developer/Xcode/DerivedData/NutraSafeBeta-awyabywlaekrybetqgpbjphfxefs/Build/Products/Debug-iphonesimulator/gRPC_grpcWrapper.bundle/PrivacyInfo.xcprivacy /Users/aaronkeen/Library/Developer/Xcode/DerivedData/NutraSafeBeta-awyabywlaekrybetqgpbjphfxefs/SourcePackages/checkouts/grpc-binary/grpc-Wrapper/Resources/PrivacyInfo.xcprivacy (in target 'gRPC_grpcWrapper' from project 'gRPC')
    cd /Users/aaronkeen/Library/Developer/Xcode/DerivedData/NutraSafeBeta-awyabywlaekrybetqgpbjphfxefs/SourcePackages/checkouts/grpc-binary
    builtin-copy -exclude .DS_Store -exclude CVS -exclude .svn -exclude .git -exclude .hg -resolve-src-symlinks /Users/aaronkeen/Library/Developer/Xcode/DerivedData/NutraSafeBeta-awyabywlaekrybetqgpbjphfxefs/SourcePackages/checkouts/grpc-binary/grpc-Wrapper/Resources/PrivacyInfo.xcprivacy /Users/aaronkeen/Library/Developer/Xcode/DerivedData/NutraSafeBeta-awyabywlaekrybetqgpbjphfxefs/Build/Products/Debug-iphonesimulator/gRPC_grpcWrapper.bundle

ProcessInfoPlistFile /Users/aaronkeen/Library/Developer/Xcode/DerivedData/NutraSafeBeta-awyabywlaekrybetqgpbjphfxefs/Build/Products/Debug-iphonesimulator/GoogleUtilities_GoogleUtilities-Reachability.bundle/Info.plist /Users/aaronkeen/Library/Developer/Xcode/DerivedData/NutraSafeBeta-awyabywlaekrybetqgpbjphfxefs/Build/Intermediates.noindex/GoogleUtilities.build/Debug-iphonesimulator/GoogleUtilities_GoogleUtilities-Reachability.build/empty-GoogleUtilities_GoogleUtilities-Reachability.plist (in target 'GoogleUtilities_GoogleUtilities-Reachability' from project 'GoogleUtilities')
    cd /Users/aaronkeen/Library/Developer/Xcode/DerivedData/NutraSafeBeta-awyabywlaekrybetqgpbjphfxefs/SourcePackages/checkouts/GoogleUtilities
    builtin-infoPlistUtility /Users/aaronkeen/Library/Developer/Xcode/DerivedData/NutraSafeBeta-awyabywlaekrybetqgpbjphfxefs/Build/Intermediates.noindex/GoogleUtilities.build/Debug-iphonesimulator/GoogleUtilities_GoogleUtilities-Reachability.build/empty-GoogleUtilities_GoogleUtilities-Reachability.plist -producttype com.apple.product-type.bundle -expandbuildsettings -format binary -platform iphonesimulator -o /Users/aaronkeen/Library/Developer/Xcode/DerivedData/NutraSafeBeta-awyabywlaekrybetqgpbjphfxefs/Build/Products/Debug-iphonesimulator/GoogleUtilities_GoogleUtilities-Reachability.bundle/Info.plist

ProcessInfoPlistFile /Users/aaronkeen/Library/Developer/Xcode/DerivedData/NutraSafeBeta-awyabywlaekrybetqgpbjphfxefs/Build/Products/Debug-iphonesimulator/GoogleUtilities_GoogleUtilities-Network.bundle/Info.plist /Users/aaronkeen/Library/Developer/Xcode/DerivedData/NutraSafeBeta-awyabywlaekrybetqgpbjphfxefs/Build/Intermediates.noindex/GoogleUtilities.build/Debug-iphonesimulator/GoogleUtilities_GoogleUtilities-Network.build/empty-GoogleUtilities_GoogleUtilities-Network.plist (in target 'GoogleUtilities_GoogleUtilities-Network' from project 'GoogleUtilities')
    cd /Users/aaronkeen/Library/Developer/Xcode/DerivedData/NutraSafeBeta-awyabywlaekrybetqgpbjphfxefs/SourcePackages/checkouts/GoogleUtilities
    builtin-infoPlistUtility /Users/aaronkeen/Library/Developer/Xcode/DerivedData/NutraSafeBeta-awyabywlaekrybetqgpbjphfxefs/Build/Intermediates.noindex/GoogleUtilities.build/Debug-iphonesimulator/GoogleUtilities_GoogleUtilities-Network.build/empty-GoogleUtilities_GoogleUtilities-Network.plist -producttype com.apple.product-type.bundle -expandbuildsettings -format binary -platform iphonesimulator -o /Users/aaronkeen/Library/Developer/Xcode/DerivedData/NutraSafeBeta-awyabywlaekrybetqgpbjphfxefs/Build/Products/Debug-iphonesimulator/GoogleUtilities_GoogleUtilities-Network.bundle/Info.plist

CpResource /Users/aaronkeen/Library/Developer/Xcode/DerivedData/NutraSafeBeta-awyabywlaekrybetqgpbjphfxefs/Build/Products/Debug-iphonesimulator/GoogleUtilities_GoogleUtilities-Reachability.bundle/PrivacyInfo.xcprivacy /Users/aaronkeen/Library/Developer/Xcode/DerivedData/NutraSafeBeta-awyabywlaekrybetqgpbjphfxefs/SourcePackages/checkouts/GoogleUtilities/GoogleUtilities/Reachability/Resources/PrivacyInfo.xcprivacy (in target 'GoogleUtilities_GoogleUtilities-Reachability' from project 'GoogleUtilities')
    cd /Users/aaronkeen/Library/Developer/Xcode/DerivedData/NutraSafeBeta-awyabywlaekrybetqgpbjphfxefs/SourcePackages/checkouts/GoogleUtilities
    builtin-copy -exclude .DS_Store -exclude CVS -exclude .svn -exclude .git -exclude .hg -resolve-src-symlinks /Users/aaronkeen/Library/Developer/Xcode/DerivedData/NutraSafeBeta-awyabywlaekrybetqgpbjphfxefs/SourcePackages/checkouts/GoogleUtilities/GoogleUtilities/Reachability/Resources/PrivacyInfo.xcprivacy /Users/aaronkeen/Library/Developer/Xcode/DerivedData/NutraSafeBeta-awyabywlaekrybetqgpbjphfxefs/Build/Products/Debug-iphonesimulator/GoogleUtilities_GoogleUtilities-Reachability.bundle

CpResource /Users/aaronkeen/Library/Developer/Xcode/DerivedData/NutraSafeBeta-awyabywlaekrybetqgpbjphfxefs/Build/Products/Debug-iphonesimulator/GoogleUtilities_GoogleUtilities-Network.bundle/PrivacyInfo.xcprivacy /Users/aaronkeen/Library/Developer/Xcode/DerivedData/NutraSafeBeta-awyabywlaekrybetqgpbjphfxefs/SourcePackages/checkouts/GoogleUtilities/GoogleUtilities/Network/Resources/PrivacyInfo.xcprivacy (in target 'GoogleUtilities_GoogleUtilities-Network' from project 'GoogleUtilities')
    cd /Users/aaronkeen/Library/Developer/Xcode/DerivedData/NutraSafeBeta-awyabywlaekrybetqgpbjphfxefs/SourcePackages/checkouts/GoogleUtilities
    builtin-copy -exclude .DS_Store -exclude CVS -exclude .svn -exclude .git -exclude .hg -resolve-src-symlinks /Users/aaronkeen/Library/Developer/Xcode/DerivedData/NutraSafeBeta-awyabywlaekrybetqgpbjphfxefs/SourcePackages/checkouts/GoogleUtilities/GoogleUtilities/Network/Resources/PrivacyInfo.xcprivacy /Users/aaronkeen/Library/Developer/Xcode/DerivedData/NutraSafeBeta-awyabywlaekrybetqgpbjphfxefs/Build/Products/Debug-iphonesimulator/GoogleUtilities_GoogleUtilities-Network.bundle

ProcessInfoPlistFile /Users/aaronkeen/Library/Developer/Xcode/DerivedData/NutraSafeBeta-awyabywlaekrybetqgpbjphfxefs/Build/Products/Debug-iphonesimulator/GoogleUtilities_GoogleUtilities-NSData.bundle/Info.plist /Users/aaronkeen/Library/Developer/Xcode/DerivedData/NutraSafeBeta-awyabywlaekrybetqgpbjphfxefs/Build/Intermediates.noindex/GoogleUtilities.build/Debug-iphonesimulator/GoogleUtilities_GoogleUtilities-NSData.build/empty-GoogleUtilities_GoogleUtilities-NSData.plist (in target 'GoogleUtilities_GoogleUtilities-NSData' from project 'GoogleUtilities')
    cd /Users/aaronkeen/Library/Developer/Xcode/DerivedData/NutraSafeBeta-awyabywlaekrybetqgpbjphfxefs/SourcePackages/checkouts/GoogleUtilities
    builtin-infoPlistUtility /Users/aaronkeen/Library/Developer/Xcode/DerivedData/NutraSafeBeta-awyabywlaekrybetqgpbjphfxefs/Build/Intermediates.noindex/GoogleUtilities.build/Debug-iphonesimulator/GoogleUtilities_GoogleUtilities-NSData.build/empty-GoogleUtilities_GoogleUtilities-NSData.plist -producttype com.apple.product-type.bundle -expandbuildsettings -format binary -platform iphonesimulator -o /Users/aaronkeen/Library/Developer/Xcode/DerivedData/NutraSafeBeta-awyabywlaekrybetqgpbjphfxefs/Build/Products/Debug-iphonesimulator/GoogleUtilities_GoogleUtilities-NSData.bundle/Info.plist

CpResource /Users/aaronkeen/Library/Developer/Xcode/DerivedData/NutraSafeBeta-awyabywlaekrybetqgpbjphfxefs/Build/Products/Debug-iphonesimulator/GoogleUtilities_GoogleUtilities-NSData.bundle/PrivacyInfo.xcprivacy /Users/aaronkeen/Library/Developer/Xcode/DerivedData/NutraSafeBeta-awyabywlaekrybetqgpbjphfxefs/SourcePackages/checkouts/GoogleUtilities/GoogleUtilities/NSData+zlib/Resources/PrivacyInfo.xcprivacy (in target 'GoogleUtilities_GoogleUtilities-NSData' from project 'GoogleUtilities')
    cd /Users/aaronkeen/Library/Developer/Xcode/DerivedData/NutraSafeBeta-awyabywlaekrybetqgpbjphfxefs/SourcePackages/checkouts/GoogleUtilities
    builtin-copy -exclude .DS_Store -exclude CVS -exclude .svn -exclude .git -exclude .hg -resolve-src-symlinks /Users/aaronkeen/Library/Developer/Xcode/DerivedData/NutraSafeBeta-awyabywlaekrybetqgpbjphfxefs/SourcePackages/checkouts/GoogleUtilities/GoogleUtilities/NSData+zlib/Resources/PrivacyInfo.xcprivacy /Users/aaronkeen/Library/Developer/Xcode/DerivedData/NutraSafeBeta-awyabywlaekrybetqgpbjphfxefs/Build/Products/Debug-iphonesimulator/GoogleUtilities_GoogleUtilities-NSData.bundle

ProcessInfoPlistFile /Users/aaronkeen/Library/Developer/Xcode/DerivedData/NutraSafeBeta-awyabywlaekrybetqgpbjphfxefs/Build/Products/Debug-iphonesimulator/GoogleUtilities_GoogleUtilities-Logger.bundle/Info.plist /Users/aaronkeen/Library/Developer/Xcode/DerivedData/NutraSafeBeta-awyabywlaekrybetqgpbjphfxefs/Build/Intermediates.noindex/GoogleUtilities.build/Debug-iphonesimulator/GoogleUtilities_GoogleUtilities-Logger.build/empty-GoogleUtilities_GoogleUtilities-Logger.plist (in target 'GoogleUtilities_GoogleUtilities-Logger' from project 'GoogleUtilities')
    cd /Users/aaronkeen/Library/Developer/Xcode/DerivedData/NutraSafeBeta-awyabywlaekrybetqgpbjphfxefs/SourcePackages/checkouts/GoogleUtilities
    builtin-infoPlistUtility /Users/aaronkeen/Library/Developer/Xcode/DerivedData/NutraSafeBeta-awyabywlaekrybetqgpbjphfxefs/Build/Intermediates.noindex/GoogleUtilities.build/Debug-iphonesimulator/GoogleUtilities_GoogleUtilities-Logger.build/empty-GoogleUtilities_GoogleUtilities-Logger.plist -producttype com.apple.product-type.bundle -expandbuildsettings -format binary -platform iphonesimulator -o /Users/aaronkeen/Library/Developer/Xcode/DerivedData/NutraSafeBeta-awyabywlaekrybetqgpbjphfxefs/Build/Products/Debug-iphonesimulator/GoogleUtilities_GoogleUtilities-Logger.bundle/Info.plist

CpResource /Users/aaronkeen/Library/Developer/Xcode/DerivedData/NutraSafeBeta-awyabywlaekrybetqgpbjphfxefs/Build/Products/Debug-iphonesimulator/GoogleUtilities_GoogleUtilities-Logger.bundle/PrivacyInfo.xcprivacy /Users/aaronkeen/Library/Developer/Xcode/DerivedData/NutraSafeBeta-awyabywlaekrybetqgpbjphfxefs/SourcePackages/checkouts/GoogleUtilities/GoogleUtilities/Logger/Resources/PrivacyInfo.xcprivacy (in target 'GoogleUtilities_GoogleUtilities-Logger' from project 'GoogleUtilities')
    cd /Users/aaronkeen/Library/Developer/Xcode/DerivedData/NutraSafeBeta-awyabywlaekrybetqgpbjphfxefs/SourcePackages/checkouts/GoogleUtilities
    builtin-copy -exclude .DS_Store -exclude CVS -exclude .svn -exclude .git -exclude .hg -resolve-src-symlinks /Users/aaronkeen/Library/Developer/Xcode/DerivedData/NutraSafeBeta-awyabywlaekrybetqgpbjphfxefs/SourcePackages/checkouts/GoogleUtilities/GoogleUtilities/Logger/Resources/PrivacyInfo.xcprivacy /Users/aaronkeen/Library/Developer/Xcode/DerivedData/NutraSafeBeta-awyabywlaekrybetqgpbjphfxefs/Build/Products/Debug-iphonesimulator/GoogleUtilities_GoogleUtilities-Logger.bundle

ProcessInfoPlistFile /Users/aaronkeen/Library/Developer/Xcode/DerivedData/NutraSafeBeta-awyabywlaekrybetqgpbjphfxefs/Build/Products/Debug-iphonesimulator/GoogleUtilities_GoogleUtilities-Environment.bundle/Info.plist /Users/aaronkeen/Library/Developer/Xcode/DerivedData/NutraSafeBeta-awyabywlaekrybetqgpbjphfxefs/Build/Intermediates.noindex/GoogleUtilities.build/Debug-iphonesimulator/GoogleUtilities_GoogleUtilities-Environment.build/empty-GoogleUtilities_GoogleUtilities-Environment.plist (in target 'GoogleUtilities_GoogleUtilities-Environment' from project 'GoogleUtilities')
    cd /Users/aaronkeen/Library/Developer/Xcode/DerivedData/NutraSafeBeta-awyabywlaekrybetqgpbjphfxefs/SourcePackages/checkouts/GoogleUtilities
    builtin-infoPlistUtility /Users/aaronkeen/Library/Developer/Xcode/DerivedData/NutraSafeBeta-awyabywlaekrybetqgpbjphfxefs/Build/Intermediates.noindex/GoogleUtilities.build/Debug-iphonesimulator/GoogleUtilities_GoogleUtilities-Environment.build/empty-GoogleUtilities_GoogleUtilities-Environment.plist -producttype com.apple.product-type.bundle -expandbuildsettings -format binary -platform iphonesimulator -o /Users/aaronkeen/Library/Developer/Xcode/DerivedData/NutraSafeBeta-awyabywlaekrybetqgpbjphfxefs/Build/Products/Debug-iphonesimulator/GoogleUtilities_GoogleUtilities-Environment.bundle/Info.plist

CpResource /Users/aaronkeen/Library/Developer/Xcode/DerivedData/NutraSafeBeta-awyabywlaekrybetqgpbjphfxefs/Build/Products/Debug-iphonesimulator/GoogleUtilities_GoogleUtilities-Environment.bundle/PrivacyInfo.xcprivacy /Users/aaronkeen/Library/Developer/Xcode/DerivedData/NutraSafeBeta-awyabywlaekrybetqgpbjphfxefs/SourcePackages/checkouts/GoogleUtilities/GoogleUtilities/Environment/Resources/PrivacyInfo.xcprivacy (in target 'GoogleUtilities_GoogleUtilities-Environment' from project 'GoogleUtilities')
    cd /Users/aaronkeen/Library/Developer/Xcode/DerivedData/NutraSafeBeta-awyabywlaekrybetqgpbjphfxefs/SourcePackages/checkouts/GoogleUtilities
    builtin-copy -exclude .DS_Store -exclude CVS -exclude .svn -exclude .git -exclude .hg -resolve-src-symlinks /Users/aaronkeen/Library/Developer/Xcode/DerivedData/NutraSafeBeta-awyabywlaekrybetqgpbjphfxefs/SourcePackages/checkouts/GoogleUtilities/GoogleUtilities/Environment/Resources/PrivacyInfo.xcprivacy /Users/aaronkeen/Library/Developer/Xcode/DerivedData/NutraSafeBeta-awyabywlaekrybetqgpbjphfxefs/Build/Products/Debug-iphonesimulator/GoogleUtilities_GoogleUtilities-Environment.bundle

ProcessInfoPlistFile /Users/aaronkeen/Library/Developer/Xcode/DerivedData/NutraSafeBeta-awyabywlaekrybetqgpbjphfxefs/Build/Products/Debug-iphonesimulator/GoogleUtilities_GoogleUtilities-AppDelegateSwizzler.bundle/Info.plist /Users/aaronkeen/Library/Developer/Xcode/DerivedData/NutraSafeBeta-awyabywlaekrybetqgpbjphfxefs/Build/Intermediates.noindex/GoogleUtilities.build/Debug-iphonesimulator/GoogleUtilities_GoogleUtilities-AppDelegateSwizzler.build/empty-GoogleUtilities_GoogleUtilities-AppDelegateSwizzler.plist (in target 'GoogleUtilities_GoogleUtilities-AppDelegateSwizzler' from project 'GoogleUtilities')
    cd /Users/aaronkeen/Library/Developer/Xcode/DerivedData/NutraSafeBeta-awyabywlaekrybetqgpbjphfxefs/SourcePackages/checkouts/GoogleUtilities
    builtin-infoPlistUtility /Users/aaronkeen/Library/Developer/Xcode/DerivedData/NutraSafeBeta-awyabywlaekrybetqgpbjphfxefs/Build/Intermediates.noindex/GoogleUtilities.build/Debug-iphonesimulator/GoogleUtilities_GoogleUtilities-AppDelegateSwizzler.build/empty-GoogleUtilities_GoogleUtilities-AppDelegateSwizzler.plist -producttype com.apple.product-type.bundle -expandbuildsettings -format binary -platform iphonesimulator -o /Users/aaronkeen/Library/Developer/Xcode/DerivedData/NutraSafeBeta-awyabywlaekrybetqgpbjphfxefs/Build/Products/Debug-iphonesimulator/GoogleUtilities_GoogleUtilities-AppDelegateSwizzler.bundle/Info.plist

CpResource /Users/aaronkeen/Library/Developer/Xcode/DerivedData/NutraSafeBeta-awyabywlaekrybetqgpbjphfxefs/Build/Products/Debug-iphonesimulator/GoogleUtilities_GoogleUtilities-AppDelegateSwizzler.bundle/PrivacyInfo.xcprivacy /Users/aaronkeen/Library/Developer/Xcode/DerivedData/NutraSafeBeta-awyabywlaekrybetqgpbjphfxefs/SourcePackages/checkouts/GoogleUtilities/GoogleUtilities/AppDelegateSwizzler/Resources/PrivacyInfo.xcprivacy (in target 'GoogleUtilities_GoogleUtilities-AppDelegateSwizzler' from project 'GoogleUtilities')
    cd /Users/aaronkeen/Library/Developer/Xcode/DerivedData/NutraSafeBeta-awyabywlaekrybetqgpbjphfxefs/SourcePackages/checkouts/GoogleUtilities
    builtin-copy -exclude .DS_Store -exclude CVS -exclude .svn -exclude .git -exclude .hg -resolve-src-symlinks /Users/aaronkeen/Library/Developer/Xcode/DerivedData/NutraSafeBeta-awyabywlaekrybetqgpbjphfxefs/SourcePackages/checkouts/GoogleUtilities/GoogleUtilities/AppDelegateSwizzler/Resources/PrivacyInfo.xcprivacy /Users/aaronkeen/Library/Developer/Xcode/DerivedData/NutraSafeBeta-awyabywlaekrybetqgpbjphfxefs/Build/Products/Debug-iphonesimulator/GoogleUtilities_GoogleUtilities-AppDelegateSwizzler.bundle

ProcessInfoPlistFile /Users/aaronkeen/Library/Developer/Xcode/DerivedData/NutraSafeBeta-awyabywlaekrybetqgpbjphfxefs/Build/Products/Debug-iphonesimulator/GTMSessionFetcher_GTMSessionFetcherCore.bundle/Info.plist /Users/aaronkeen/Library/Developer/Xcode/DerivedData/NutraSafeBeta-awyabywlaekrybetqgpbjphfxefs/Build/Intermediates.noindex/GTMSessionFetcher.build/Debug-iphonesimulator/GTMSessionFetcher_GTMSessionFetcherCore.build/empty-GTMSessionFetcher_GTMSessionFetcherCore.plist (in target 'GTMSessionFetcher_GTMSessionFetcherCore' from project 'GTMSessionFetcher')
    cd /Users/aaronkeen/Library/Developer/Xcode/DerivedData/NutraSafeBeta-awyabywlaekrybetqgpbjphfxefs/SourcePackages/checkouts/gtm-session-fetcher
    builtin-infoPlistUtility /Users/aaronkeen/Library/Developer/Xcode/DerivedData/NutraSafeBeta-awyabywlaekrybetqgpbjphfxefs/Build/Intermediates.noindex/GTMSessionFetcher.build/Debug-iphonesimulator/GTMSessionFetcher_GTMSessionFetcherCore.build/empty-GTMSessionFetcher_GTMSessionFetcherCore.plist -producttype com.apple.product-type.bundle -expandbuildsettings -format binary -platform iphonesimulator -o /Users/aaronkeen/Library/Developer/Xcode/DerivedData/NutraSafeBeta-awyabywlaekrybetqgpbjphfxefs/Build/Products/Debug-iphonesimulator/GTMSessionFetcher_GTMSessionFetcherCore.bundle/Info.plist

CpResource /Users/aaronkeen/Library/Developer/Xcode/DerivedData/NutraSafeBeta-awyabywlaekrybetqgpbjphfxefs/Build/Products/Debug-iphonesimulator/GTMSessionFetcher_GTMSessionFetcherCore.bundle/PrivacyInfo.xcprivacy /Users/aaronkeen/Library/Developer/Xcode/DerivedData/NutraSafeBeta-awyabywlaekrybetqgpbjphfxefs/SourcePackages/checkouts/gtm-session-fetcher/Sources/Core/Resources/PrivacyInfo.xcprivacy (in target 'GTMSessionFetcher_GTMSessionFetcherCore' from project 'GTMSessionFetcher')
    cd /Users/aaronkeen/Library/Developer/Xcode/DerivedData/NutraSafeBeta-awyabywlaekrybetqgpbjphfxefs/SourcePackages/checkouts/gtm-session-fetcher
    builtin-copy -exclude .DS_Store -exclude CVS -exclude .svn -exclude .git -exclude .hg -resolve-src-symlinks /Users/aaronkeen/Library/Developer/Xcode/DerivedData/NutraSafeBeta-awyabywlaekrybetqgpbjphfxefs/SourcePackages/checkouts/gtm-session-fetcher/Sources/Core/Resources/PrivacyInfo.xcprivacy /Users/aaronkeen/Library/Developer/Xcode/DerivedData/NutraSafeBeta-awyabywlaekrybetqgpbjphfxefs/Build/Products/Debug-iphonesimulator/GTMSessionFetcher_GTMSessionFetcherCore.bundle

ProcessInfoPlistFile /Users/aaronkeen/Library/Developer/Xcode/DerivedData/NutraSafeBeta-awyabywlaekrybetqgpbjphfxefs/Build/Products/Debug-iphonesimulator/Firebase_FirebaseFirestore.bundle/Info.plist /Users/aaronkeen/Library/Developer/Xcode/DerivedData/NutraSafeBeta-awyabywlaekrybetqgpbjphfxefs/Build/Intermediates.noindex/Firebase.build/Debug-iphonesimulator/Firebase_FirebaseFirestore.build/empty-Firebase_FirebaseFirestore.plist (in target 'Firebase_FirebaseFirestore' from project 'Firebase')
    cd /Users/aaronkeen/Library/Developer/Xcode/DerivedData/NutraSafeBeta-awyabywlaekrybetqgpbjphfxefs/SourcePackages/checkouts/firebase-ios-sdk
    builtin-infoPlistUtility /Users/aaronkeen/Library/Developer/Xcode/DerivedData/NutraSafeBeta-awyabywlaekrybetqgpbjphfxefs/Build/Intermediates.noindex/Firebase.build/Debug-iphonesimulator/Firebase_FirebaseFirestore.build/empty-Firebase_FirebaseFirestore.plist -producttype com.apple.product-type.bundle -expandbuildsettings -format binary -platform iphonesimulator -o /Users/aaronkeen/Library/Developer/Xcode/DerivedData/NutraSafeBeta-awyabywlaekrybetqgpbjphfxefs/Build/Products/Debug-iphonesimulator/Firebase_FirebaseFirestore.bundle/Info.plist

CpResource /Users/aaronkeen/Library/Developer/Xcode/DerivedData/NutraSafeBeta-awyabywlaekrybetqgpbjphfxefs/Build/Products/Debug-iphonesimulator/Firebase_FirebaseFirestore.bundle/PrivacyInfo.xcprivacy /Users/aaronkeen/Library/Developer/Xcode/DerivedData/NutraSafeBeta-awyabywlaekrybetqgpbjphfxefs/SourcePackages/checkouts/firebase-ios-sdk/Firestore/Swift/Source/Resources/PrivacyInfo.xcprivacy (in target 'Firebase_FirebaseFirestore' from project 'Firebase')
    cd /Users/aaronkeen/Library/Developer/Xcode/DerivedData/NutraSafeBeta-awyabywlaekrybetqgpbjphfxefs/SourcePackages/checkouts/firebase-ios-sdk
    builtin-copy -exclude .DS_Store -exclude CVS -exclude .svn -exclude .git -exclude .hg -resolve-src-symlinks /Users/aaronkeen/Library/Developer/Xcode/DerivedData/NutraSafeBeta-awyabywlaekrybetqgpbjphfxefs/SourcePackages/checkouts/firebase-ios-sdk/Firestore/Swift/Source/Resources/PrivacyInfo.xcprivacy /Users/aaronkeen/Library/Developer/Xcode/DerivedData/NutraSafeBeta-awyabywlaekrybetqgpbjphfxefs/Build/Products/Debug-iphonesimulator/Firebase_FirebaseFirestore.bundle

ProcessInfoPlistFile /Users/aaronkeen/Library/Developer/Xcode/DerivedData/NutraSafeBeta-awyabywlaekrybetqgpbjphfxefs/Build/Products/Debug-iphonesimulator/Firebase_FirebaseCoreInternal.bundle/Info.plist /Users/aaronkeen/Library/Developer/Xcode/DerivedData/NutraSafeBeta-awyabywlaekrybetqgpbjphfxefs/Build/Intermediates.noindex/Firebase.build/Debug-iphonesimulator/Firebase_FirebaseCoreInternal.build/empty-Firebase_FirebaseCoreInternal.plist (in target 'Firebase_FirebaseCoreInternal' from project 'Firebase')
    cd /Users/aaronkeen/Library/Developer/Xcode/DerivedData/NutraSafeBeta-awyabywlaekrybetqgpbjphfxefs/SourcePackages/checkouts/firebase-ios-sdk
    builtin-infoPlistUtility /Users/aaronkeen/Library/Developer/Xcode/DerivedData/NutraSafeBeta-awyabywlaekrybetqgpbjphfxefs/Build/Intermediates.noindex/Firebase.build/Debug-iphonesimulator/Firebase_FirebaseCoreInternal.build/empty-Firebase_FirebaseCoreInternal.plist -producttype com.apple.product-type.bundle -expandbuildsettings -format binary -platform iphonesimulator -o /Users/aaronkeen/Library/Developer/Xcode/DerivedData/NutraSafeBeta-awyabywlaekrybetqgpbjphfxefs/Build/Products/Debug-iphonesimulator/Firebase_FirebaseCoreInternal.bundle/Info.plist

CpResource /Users/aaronkeen/Library/Developer/Xcode/DerivedData/NutraSafeBeta-awyabywlaekrybetqgpbjphfxefs/Build/Products/Debug-iphonesimulator/Firebase_FirebaseCoreInternal.bundle/PrivacyInfo.xcprivacy /Users/aaronkeen/Library/Developer/Xcode/DerivedData/NutraSafeBeta-awyabywlaekrybetqgpbjphfxefs/SourcePackages/checkouts/firebase-ios-sdk/FirebaseCore/Internal/Sources/Resources/PrivacyInfo.xcprivacy (in target 'Firebase_FirebaseCoreInternal' from project 'Firebase')
    cd /Users/aaronkeen/Library/Developer/Xcode/DerivedData/NutraSafeBeta-awyabywlaekrybetqgpbjphfxefs/SourcePackages/checkouts/firebase-ios-sdk
    builtin-copy -exclude .DS_Store -exclude CVS -exclude .svn -exclude .git -exclude .hg -resolve-src-symlinks /Users/aaronkeen/Library/Developer/Xcode/DerivedData/NutraSafeBeta-awyabywlaekrybetqgpbjphfxefs/SourcePackages/checkouts/firebase-ios-sdk/FirebaseCore/Internal/Sources/Resources/PrivacyInfo.xcprivacy /Users/aaronkeen/Library/Developer/Xcode/DerivedData/NutraSafeBeta-awyabywlaekrybetqgpbjphfxefs/Build/Products/Debug-iphonesimulator/Firebase_FirebaseCoreInternal.bundle

ProcessInfoPlistFile /Users/aaronkeen/Library/Developer/Xcode/DerivedData/NutraSafeBeta-awyabywlaekrybetqgpbjphfxefs/Build/Products/Debug-iphonesimulator/Firebase_FirebaseCoreExtension.bundle/Info.plist /Users/aaronkeen/Library/Developer/Xcode/DerivedData/NutraSafeBeta-awyabywlaekrybetqgpbjphfxefs/Build/Intermediates.noindex/Firebase.build/Debug-iphonesimulator/Firebase_FirebaseCoreExtension.build/empty-Firebase_FirebaseCoreExtension.plist (in target 'Firebase_FirebaseCoreExtension' from project 'Firebase')
    cd /Users/aaronkeen/Library/Developer/Xcode/DerivedData/NutraSafeBeta-awyabywlaekrybetqgpbjphfxefs/SourcePackages/checkouts/firebase-ios-sdk
    builtin-infoPlistUtility /Users/aaronkeen/Library/Developer/Xcode/DerivedData/NutraSafeBeta-awyabywlaekrybetqgpbjphfxefs/Build/Intermediates.noindex/Firebase.build/Debug-iphonesimulator/Firebase_FirebaseCoreExtension.build/empty-Firebase_FirebaseCoreExtension.plist -producttype com.apple.product-type.bundle -expandbuildsettings -format binary -platform iphonesimulator -o /Users/aaronkeen/Library/Developer/Xcode/DerivedData/NutraSafeBeta-awyabywlaekrybetqgpbjphfxefs/Build/Products/Debug-iphonesimulator/Firebase_FirebaseCoreExtension.bundle/Info.plist

CpResource /Users/aaronkeen/Library/Developer/Xcode/DerivedData/NutraSafeBeta-awyabywlaekrybetqgpbjphfxefs/Build/Products/Debug-iphonesimulator/Firebase_FirebaseCoreExtension.bundle/PrivacyInfo.xcprivacy /Users/aaronkeen/Library/Developer/Xcode/DerivedData/NutraSafeBeta-awyabywlaekrybetqgpbjphfxefs/SourcePackages/checkouts/firebase-ios-sdk/FirebaseCore/Extension/Resources/PrivacyInfo.xcprivacy (in target 'Firebase_FirebaseCoreExtension' from project 'Firebase')
    cd /Users/aaronkeen/Library/Developer/Xcode/DerivedData/NutraSafeBeta-awyabywlaekrybetqgpbjphfxefs/SourcePackages/checkouts/firebase-ios-sdk
    builtin-copy -exclude .DS_Store -exclude CVS -exclude .svn -exclude .git -exclude .hg -resolve-src-symlinks /Users/aaronkeen/Library/Developer/Xcode/DerivedData/NutraSafeBeta-awyabywlaekrybetqgpbjphfxefs/SourcePackages/checkouts/firebase-ios-sdk/FirebaseCore/Extension/Resources/PrivacyInfo.xcprivacy /Users/aaronkeen/Library/Developer/Xcode/DerivedData/NutraSafeBeta-awyabywlaekrybetqgpbjphfxefs/Build/Products/Debug-iphonesimulator/Firebase_FirebaseCoreExtension.bundle

ProcessInfoPlistFile /Users/aaronkeen/Library/Developer/Xcode/DerivedData/NutraSafeBeta-awyabywlaekrybetqgpbjphfxefs/Build/Products/Debug-iphonesimulator/Firebase_FirebaseCore.bundle/Info.plist /Users/aaronkeen/Library/Developer/Xcode/DerivedData/NutraSafeBeta-awyabywlaekrybetqgpbjphfxefs/Build/Intermediates.noindex/Firebase.build/Debug-iphonesimulator/Firebase_FirebaseCore.build/empty-Firebase_FirebaseCore.plist (in target 'Firebase_FirebaseCore' from project 'Firebase')
    cd /Users/aaronkeen/Library/Developer/Xcode/DerivedData/NutraSafeBeta-awyabywlaekrybetqgpbjphfxefs/SourcePackages/checkouts/firebase-ios-sdk
    builtin-infoPlistUtility /Users/aaronkeen/Library/Developer/Xcode/DerivedData/NutraSafeBeta-awyabywlaekrybetqgpbjphfxefs/Build/Intermediates.noindex/Firebase.build/Debug-iphonesimulator/Firebase_FirebaseCore.build/empty-Firebase_FirebaseCore.plist -producttype com.apple.product-type.bundle -expandbuildsettings -format binary -platform iphonesimulator -o /Users/aaronkeen/Library/Developer/Xcode/DerivedData/NutraSafeBeta-awyabywlaekrybetqgpbjphfxefs/Build/Products/Debug-iphonesimulator/Firebase_FirebaseCore.bundle/Info.plist

CpResource /Users/aaronkeen/Library/Developer/Xcode/DerivedData/NutraSafeBeta-awyabywlaekrybetqgpbjphfxefs/Build/Products/Debug-iphonesimulator/Firebase_FirebaseCore.bundle/PrivacyInfo.xcprivacy /Users/aaronkeen/Library/Developer/Xcode/DerivedData/NutraSafeBeta-awyabywlaekrybetqgpbjphfxefs/SourcePackages/checkouts/firebase-ios-sdk/FirebaseCore/Sources/Resources/PrivacyInfo.xcprivacy (in target 'Firebase_FirebaseCore' from project 'Firebase')
    cd /Users/aaronkeen/Library/Developer/Xcode/DerivedData/NutraSafeBeta-awyabywlaekrybetqgpbjphfxefs/SourcePackages/checkouts/firebase-ios-sdk
    builtin-copy -exclude .DS_Store -exclude CVS -exclude .svn -exclude .git -exclude .hg -resolve-src-symlinks /Users/aaronkeen/Library/Developer/Xcode/DerivedData/NutraSafeBeta-awyabywlaekrybetqgpbjphfxefs/SourcePackages/checkouts/firebase-ios-sdk/FirebaseCore/Sources/Resources/PrivacyInfo.xcprivacy /Users/aaronkeen/Library/Developer/Xcode/DerivedData/NutraSafeBeta-awyabywlaekrybetqgpbjphfxefs/Build/Products/Debug-iphonesimulator/Firebase_FirebaseCore.bundle

ProcessInfoPlistFile /Users/aaronkeen/Library/Developer/Xcode/DerivedData/NutraSafeBeta-awyabywlaekrybetqgpbjphfxefs/Build/Products/Debug-iphonesimulator/Firebase_FirebaseAuth.bundle/Info.plist /Users/aaronkeen/Library/Developer/Xcode/DerivedData/NutraSafeBeta-awyabywlaekrybetqgpbjphfxefs/Build/Intermediates.noindex/Firebase.build/Debug-iphonesimulator/Firebase_FirebaseAuth.build/empty-Firebase_FirebaseAuth.plist (in target 'Firebase_FirebaseAuth' from project 'Firebase')
    cd /Users/aaronkeen/Library/Developer/Xcode/DerivedData/NutraSafeBeta-awyabywlaekrybetqgpbjphfxefs/SourcePackages/checkouts/firebase-ios-sdk
    builtin-infoPlistUtility /Users/aaronkeen/Library/Developer/Xcode/DerivedData/NutraSafeBeta-awyabywlaekrybetqgpbjphfxefs/Build/Intermediates.noindex/Firebase.build/Debug-iphonesimulator/Firebase_FirebaseAuth.build/empty-Firebase_FirebaseAuth.plist -producttype com.apple.product-type.bundle -expandbuildsettings -format binary -platform iphonesimulator -o /Users/aaronkeen/Library/Developer/Xcode/DerivedData/NutraSafeBeta-awyabywlaekrybetqgpbjphfxefs/Build/Products/Debug-iphonesimulator/Firebase_FirebaseAuth.bundle/Info.plist

CpResource /Users/aaronkeen/Library/Developer/Xcode/DerivedData/NutraSafeBeta-awyabywlaekrybetqgpbjphfxefs/Build/Products/Debug-iphonesimulator/Firebase_FirebaseAuth.bundle/PrivacyInfo.xcprivacy /Users/aaronkeen/Library/Developer/Xcode/DerivedData/NutraSafeBeta-awyabywlaekrybetqgpbjphfxefs/SourcePackages/checkouts/firebase-ios-sdk/FirebaseAuth/Sources/Resources/PrivacyInfo.xcprivacy (in target 'Firebase_FirebaseAuth' from project 'Firebase')
    cd /Users/aaronkeen/Library/Developer/Xcode/DerivedData/NutraSafeBeta-awyabywlaekrybetqgpbjphfxefs/SourcePackages/checkouts/firebase-ios-sdk
    builtin-copy -exclude .DS_Store -exclude CVS -exclude .svn -exclude .git -exclude .hg -resolve-src-symlinks /Users/aaronkeen/Library/Developer/Xcode/DerivedData/NutraSafeBeta-awyabywlaekrybetqgpbjphfxefs/SourcePackages/checkouts/firebase-ios-sdk/FirebaseAuth/Sources/Resources/PrivacyInfo.xcprivacy /Users/aaronkeen/Library/Developer/Xcode/DerivedData/NutraSafeBeta-awyabywlaekrybetqgpbjphfxefs/Build/Products/Debug-iphonesimulator/Firebase_FirebaseAuth.bundle

ScanDependencies /Users/aaronkeen/Library/Developer/Xcode/DerivedData/NutraSafeBeta-awyabywlaekrybetqgpbjphfxefs/Build/Intermediates.noindex/nanopb.build/Debug-iphonesimulator/nanopb.build/Objects-normal/arm64/pb_encode.o /Users/aaronkeen/Library/Developer/Xcode/DerivedData/NutraSafeBeta-awyabywlaekrybetqgpbjphfxefs/SourcePackages/checkouts/nanopb/pb_encode.c normal arm64 c com.apple.compilers.llvm.clang.1_0.compiler (in target 'nanopb' from project 'nanopb')
    cd /Users/aaronkeen/Documents/My\ Apps/NutraSafe\ Beta/NutraSafeBeta.xcodeproj
    
    Using response file: /Users/aaronkeen/Library/Developer/Xcode/DerivedData/NutraSafeBeta-awyabywlaekrybetqgpbjphfxefs/Build/Intermediates.noindex/nanopb.build/Debug-iphonesimulator/nanopb.build/Objects-normal/arm64/7187679823f38a2a940e0043cdf9d637-common-args.resp
    
    builtin-ScanDependencies -o /Users/aaronkeen/Library/Developer/Xcode/DerivedData/NutraSafeBeta-awyabywlaekrybetqgpbjphfxefs/Build/Intermediates.noindex/nanopb.build/Debug-iphonesimulator/nanopb.build/Objects-normal/arm64/pb_encode.o.scan -- /Applications/Xcode.app/Contents/Developer/Toolchains/XcodeDefault.xctoolchain/usr/bin/clang -x c -ivfsstatcache /Users/aaronkeen/Library/Developer/Xcode/DerivedData/SDKStatCaches.noindex/iphonesimulator18.5-22F76-d5fc8ad4295d2ef488fb7d0f804ce0c4.sdkstatcache -fmessage-length\=0 -fdiagnostics-show-note-include-stack -fmacro-backtrace-limit\=0 -fno-color-diagnostics -fmodules-prune-interval\=86400 -fmodules-prune-after\=345600 -fbuild-session-file\=/Users/aaronkeen/Library/Developer/Xcode/DerivedData/ModuleCache.noindex/Session.modulevalidation -fmodules-validate-once-per-build-session -Wnon-modular-include-in-framework-module -Werror\=non-modular-include-in-framework-module -Wno-trigraphs -Wno-missing-field-initializers -Wno-missing-prototypes -Wno-return-type -Wno-missing-braces -Wparentheses -Wswitch -Wno-unused-function -Wno-unused-label -Wno-unused-parameter -Wno-unused-variable -Wunused-value -Wno-empty-body -Wno-uninitialized -Wno-unknown-pragmas -w -Wno-shadow -Wno-four-char-constants -Wno-conversion -Wno-constant-conversion -Wno-int-conversion -Wno-bool-conversion -Wno-enum-conversion -Wno-float-conversion -Wno-non-literal-null-conversion -Wno-objc-literal-conversion -Wshorten-64-to-32 -Wpointer-sign -Wno-newline-eof -Wno-implicit-fallthrough -fstrict-aliasing -Wdeprecated-declarations -Wno-sign-conversion -Wno-infinite-recursion -Wno-comma -Wno-block-capture-autoreleasing -Wno-strict-prototypes -Wno-semicolon-before-method-body -index-store-path /Users/aaronkeen/Library/Developer/Xcode/DerivedData/NutraSafeBeta-awyabywlaekrybetqgpbjphfxefs/Index.noindex/DataStore @/Users/aaronkeen/Library/Developer/Xcode/DerivedData/NutraSafeBeta-awyabywlaekrybetqgpbjphfxefs/Build/Intermediates.noindex/nanopb.build/Debug-iphonesimulator/nanopb.build/Objects-normal/arm64/7187679823f38a2a940e0043cdf9d637-common-args.resp -MMD -MT dependencies -MF /Users/aaronkeen/Library/Developer/Xcode/DerivedData/NutraSafeBeta-awyabywlaekrybetqgpbjphfxefs/Build/Intermediates.noindex/nanopb.build/Debug-iphonesimulator/nanopb.build/Objects-normal/arm64/pb_encode.d --serialize-diagnostics /Users/aaronkeen/Library/Developer/Xcode/DerivedData/NutraSafeBeta-awyabywlaekrybetqgpbjphfxefs/Build/Intermediates.noindex/nanopb.build/Debug-iphonesimulator/nanopb.build/Objects-normal/arm64/pb_encode.dia -c /Users/aaronkeen/Library/Developer/Xcode/DerivedData/NutraSafeBeta-awyabywlaekrybetqgpbjphfxefs/SourcePackages/checkouts/nanopb/pb_encode.c -o /Users/aaronkeen/Library/Developer/Xcode/DerivedData/NutraSafeBeta-awyabywlaekrybetqgpbjphfxefs/Build/Intermediates.noindex/nanopb.build/Debug-iphonesimulator/nanopb.build/Objects-normal/arm64/pb_encode.o -index-unit-output-path /nanopb.build/Debug-iphonesimulator/nanopb.build/Objects-normal/arm64/pb_encode.o

ScanDependencies /Users/aaronkeen/Library/Developer/Xcode/DerivedData/NutraSafeBeta-awyabywlaekrybetqgpbjphfxefs/Build/Intermediates.noindex/GoogleUtilities.build/Debug-iphonesimulator/third-party-IsAppEncrypted.build/Objects-normal/arm64/IsAppEncrypted.o /Users/aaronkeen/Library/Developer/Xcode/DerivedData/NutraSafeBeta-awyabywlaekrybetqgpbjphfxefs/SourcePackages/checkouts/GoogleUtilities/third_party/IsAppEncrypted/IsAppEncrypted.m normal arm64 objective-c com.apple.compilers.llvm.clang.1_0.compiler (in target 'third-party-IsAppEncrypted' from project 'GoogleUtilities')
    cd /Users/aaronkeen/Documents/My\ Apps/NutraSafe\ Beta/NutraSafeBeta.xcodeproj
    
    Using response file: /Users/aaronkeen/Library/Developer/Xcode/DerivedData/NutraSafeBeta-awyabywlaekrybetqgpbjphfxefs/Build/Intermediates.noindex/GoogleUtilities.build/Debug-iphonesimulator/third-party-IsAppEncrypted.build/Objects-normal/arm64/e6072d4f65d7061329687fe24e3d63a7-common-args.resp
    
    builtin-ScanDependencies -o /Users/aaronkeen/Library/Developer/Xcode/DerivedData/NutraSafeBeta-awyabywlaekrybetqgpbjphfxefs/Build/Intermediates.noindex/GoogleUtilities.build/Debug-iphonesimulator/third-party-IsAppEncrypted.build/Objects-normal/arm64/IsAppEncrypted.o.scan -- /Applications/Xcode.app/Contents/Developer/Toolchains/XcodeDefault.xctoolchain/usr/bin/clang -x objective-c -ivfsstatcache /Users/aaronkeen/Library/Developer/Xcode/DerivedData/SDKStatCaches.noindex/iphonesimulator18.5-22F76-d5fc8ad4295d2ef488fb7d0f804ce0c4.sdkstatcache -fmessage-length\=0 -fdiagnostics-show-note-include-stack -fmacro-backtrace-limit\=0 -fno-color-diagnostics -fmodules-prune-interval\=86400 -fmodules-prune-after\=345600 -fbuild-session-file\=/Users/aaronkeen/Library/Developer/Xcode/DerivedData/ModuleCache.noindex/Session.modulevalidation -fmodules-validate-once-per-build-session -Wnon-modular-include-in-framework-module -Werror\=non-modular-include-in-framework-module -Wno-trigraphs -Wno-missing-field-initializers -Wno-missing-prototypes -Wno-return-type -Wno-implicit-atomic-properties -Wno-objc-interface-ivars -Wno-arc-repeated-use-of-weak -Wno-missing-braces -Wparentheses -Wswitch -Wno-unused-function -Wno-unused-label -Wno-unused-parameter -Wno-unused-variable -Wunused-value -Wno-empty-body -Wno-uninitialized -Wno-unknown-pragmas -w -Wno-shadow -Wno-four-char-constants -Wno-conversion -Wno-constant-conversion -Wno-int-conversion -Wno-bool-conversion -Wno-enum-conversion -Wno-float-conversion -Wno-non-literal-null-conversion -Wno-objc-literal-conversion -Wshorten-64-to-32 -Wpointer-sign -Wno-newline-eof -Wno-selector -Wno-strict-selector-match -Wno-undeclared-selector -Wno-deprecated-implementations -Wno-implicit-fallthrough -fstrict-aliasing -Wprotocol -Wdeprecated-declarations -Wno-sign-conversion -Wno-infinite-recursion -Wno-comma -Wno-block-capture-autoreleasing -Wno-strict-prototypes -Wno-semicolon-before-method-body -index-store-path /Users/aaronkeen/Library/Developer/Xcode/DerivedData/NutraSafeBeta-awyabywlaekrybetqgpbjphfxefs/Index.noindex/DataStore @/Users/aaronkeen/Library/Developer/Xcode/DerivedData/NutraSafeBeta-awyabywlaekrybetqgpbjphfxefs/Build/Intermediates.noindex/GoogleUtilities.build/Debug-iphonesimulator/third-party-IsAppEncrypted.build/Objects-normal/arm64/e6072d4f65d7061329687fe24e3d63a7-common-args.resp -MMD -MT dependencies -MF /Users/aaronkeen/Library/Developer/Xcode/DerivedData/NutraSafeBeta-awyabywlaekrybetqgpbjphfxefs/Build/Intermediates.noindex/GoogleUtilities.build/Debug-iphonesimulator/third-party-IsAppEncrypted.build/Objects-normal/arm64/IsAppEncrypted.d --serialize-diagnostics /Users/aaronkeen/Library/Developer/Xcode/DerivedData/NutraSafeBeta-awyabywlaekrybetqgpbjphfxefs/Build/Intermediates.noindex/GoogleUtilities.build/Debug-iphonesimulator/third-party-IsAppEncrypted.build/Objects-normal/arm64/IsAppEncrypted.dia -c /Users/aaronkeen/Library/Developer/Xcode/DerivedData/NutraSafeBeta-awyabywlaekrybetqgpbjphfxefs/SourcePackages/checkouts/GoogleUtilities/third_party/IsAppEncrypted/IsAppEncrypted.m -o /Users/aaronkeen/Library/Developer/Xcode/DerivedData/NutraSafeBeta-awyabywlaekrybetqgpbjphfxefs/Build/Intermediates.noindex/GoogleUtilities.build/Debug-iphonesimulator/third-party-IsAppEncrypted.build/Objects-normal/arm64/IsAppEncrypted.o -index-unit-output-path /GoogleUtilities.build/Debug-iphonesimulator/third-party-IsAppEncrypted.build/Objects-normal/arm64/IsAppEncrypted.o

ScanDependencies /Users/aaronkeen/Library/Developer/Xcode/DerivedData/NutraSafeBeta-awyabywlaekrybetqgpbjphfxefs/Build/Intermediates.noindex/nanopb.build/Debug-iphonesimulator/nanopb.build/Objects-normal/arm64/pb_decode.o /Users/aaronkeen/Library/Developer/Xcode/DerivedData/NutraSafeBeta-awyabywlaekrybetqgpbjphfxefs/SourcePackages/checkouts/nanopb/pb_decode.c normal arm64 c com.apple.compilers.llvm.clang.1_0.compiler (in target 'nanopb' from project 'nanopb')
    cd /Users/aaronkeen/Documents/My\ Apps/NutraSafe\ Beta/NutraSafeBeta.xcodeproj
    
    Using response file: /Users/aaronkeen/Library/Developer/Xcode/DerivedData/NutraSafeBeta-awyabywlaekrybetqgpbjphfxefs/Build/Intermediates.noindex/nanopb.build/Debug-iphonesimulator/nanopb.build/Objects-normal/arm64/7187679823f38a2a940e0043cdf9d637-common-args.resp
    
    builtin-ScanDependencies -o /Users/aaronkeen/Library/Developer/Xcode/DerivedData/NutraSafeBeta-awyabywlaekrybetqgpbjphfxefs/Build/Intermediates.noindex/nanopb.build/Debug-iphonesimulator/nanopb.build/Objects-normal/arm64/pb_decode.o.scan -- /Applications/Xcode.app/Contents/Developer/Toolchains/XcodeDefault.xctoolchain/usr/bin/clang -x c -ivfsstatcache /Users/aaronkeen/Library/Developer/Xcode/DerivedData/SDKStatCaches.noindex/iphonesimulator18.5-22F76-d5fc8ad4295d2ef488fb7d0f804ce0c4.sdkstatcache -fmessage-length\=0 -fdiagnostics-show-note-include-stack -fmacro-backtrace-limit\=0 -fno-color-diagnostics -fmodules-prune-interval\=86400 -fmodules-prune-after\=345600 -fbuild-session-file\=/Users/aaronkeen/Library/Developer/Xcode/DerivedData/ModuleCache.noindex/Session.modulevalidation -fmodules-validate-once-per-build-session -Wnon-modular-include-in-framework-module -Werror\=non-modular-include-in-framework-module -Wno-trigraphs -Wno-missing-field-initializers -Wno-missing-prototypes -Wno-return-type -Wno-missing-braces -Wparentheses -Wswitch -Wno-unused-function -Wno-unused-label -Wno-unused-parameter -Wno-unused-variable -Wunused-value -Wno-empty-body -Wno-uninitialized -Wno-unknown-pragmas -w -Wno-shadow -Wno-four-char-constants -Wno-conversion -Wno-constant-conversion -Wno-int-conversion -Wno-bool-conversion -Wno-enum-conversion -Wno-float-conversion -Wno-non-literal-null-conversion -Wno-objc-literal-conversion -Wshorten-64-to-32 -Wpointer-sign -Wno-newline-eof -Wno-implicit-fallthrough -fstrict-aliasing -Wdeprecated-declarations -Wno-sign-conversion -Wno-infinite-recursion -Wno-comma -Wno-block-capture-autoreleasing -Wno-strict-prototypes -Wno-semicolon-before-method-body -index-store-path /Users/aaronkeen/Library/Developer/Xcode/DerivedData/NutraSafeBeta-awyabywlaekrybetqgpbjphfxefs/Index.noindex/DataStore @/Users/aaronkeen/Library/Developer/Xcode/DerivedData/NutraSafeBeta-awyabywlaekrybetqgpbjphfxefs/Build/Intermediates.noindex/nanopb.build/Debug-iphonesimulator/nanopb.build/Objects-normal/arm64/7187679823f38a2a940e0043cdf9d637-common-args.resp -MMD -MT dependencies -MF /Users/aaronkeen/Library/Developer/Xcode/DerivedData/NutraSafeBeta-awyabywlaekrybetqgpbjphfxefs/Build/Intermediates.noindex/nanopb.build/Debug-iphonesimulator/nanopb.build/Objects-normal/arm64/pb_decode.d --serialize-diagnostics /Users/aaronkeen/Library/Developer/Xcode/DerivedData/NutraSafeBeta-awyabywlaekrybetqgpbjphfxefs/Build/Intermediates.noindex/nanopb.build/Debug-iphonesimulator/nanopb.build/Objects-normal/arm64/pb_decode.dia -c /Users/aaronkeen/Library/Developer/Xcode/DerivedData/NutraSafeBeta-awyabywlaekrybetqgpbjphfxefs/SourcePackages/checkouts/nanopb/pb_decode.c -o /Users/aaronkeen/Library/Developer/Xcode/DerivedData/NutraSafeBeta-awyabywlaekrybetqgpbjphfxefs/Build/Intermediates.noindex/nanopb.build/Debug-iphonesimulator/nanopb.build/Objects-normal/arm64/pb_decode.o -index-unit-output-path /nanopb.build/Debug-iphonesimulator/nanopb.build/Objects-normal/arm64/pb_decode.o

ScanDependencies /Users/aaronkeen/Library/Developer/Xcode/DerivedData/NutraSafeBeta-awyabywlaekrybetqgpbjphfxefs/Build/Intermediates.noindex/nanopb.build/Debug-iphonesimulator/nanopb.build/Objects-normal/arm64/pb_common.o /Users/aaronkeen/Library/Developer/Xcode/DerivedData/NutraSafeBeta-awyabywlaekrybetqgpbjphfxefs/SourcePackages/checkouts/nanopb/pb_common.c normal arm64 c com.apple.compilers.llvm.clang.1_0.compiler (in target 'nanopb' from project 'nanopb')
    cd /Users/aaronkeen/Documents/My\ Apps/NutraSafe\ Beta/NutraSafeBeta.xcodeproj
    
    Using response file: /Users/aaronkeen/Library/Developer/Xcode/DerivedData/NutraSafeBeta-awyabywlaekrybetqgpbjphfxefs/Build/Intermediates.noindex/nanopb.build/Debug-iphonesimulator/nanopb.build/Objects-normal/arm64/7187679823f38a2a940e0043cdf9d637-common-args.resp
    
    builtin-ScanDependencies -o /Users/aaronkeen/Library/Developer/Xcode/DerivedData/NutraSafeBeta-awyabywlaekrybetqgpbjphfxefs/Build/Intermediates.noindex/nanopb.build/Debug-iphonesimulator/nanopb.build/Objects-normal/arm64/pb_common.o.scan -- /Applications/Xcode.app/Contents/Developer/Toolchains/XcodeDefault.xctoolchain/usr/bin/clang -x c -ivfsstatcache /Users/aaronkeen/Library/Developer/Xcode/DerivedData/SDKStatCaches.noindex/iphonesimulator18.5-22F76-d5fc8ad4295d2ef488fb7d0f804ce0c4.sdkstatcache -fmessage-length\=0 -fdiagnostics-show-note-include-stack -fmacro-backtrace-limit\=0 -fno-color-diagnostics -fmodules-prune-interval\=86400 -fmodules-prune-after\=345600 -fbuild-session-file\=/Users/aaronkeen/Library/Developer/Xcode/DerivedData/ModuleCache.noindex/Session.modulevalidation -fmodules-validate-once-per-build-session -Wnon-modular-include-in-framework-module -Werror\=non-modular-include-in-framework-module -Wno-trigraphs -Wno-missing-field-initializers -Wno-missing-prototypes -Wno-return-type -Wno-missing-braces -Wparentheses -Wswitch -Wno-unused-function -Wno-unused-label -Wno-unused-parameter -Wno-unused-variable -Wunused-value -Wno-empty-body -Wno-uninitialized -Wno-unknown-pragmas -w -Wno-shadow -Wno-four-char-constants -Wno-conversion -Wno-constant-conversion -Wno-int-conversion -Wno-bool-conversion -Wno-enum-conversion -Wno-float-conversion -Wno-non-literal-null-conversion -Wno-objc-literal-conversion -Wshorten-64-to-32 -Wpointer-sign -Wno-newline-eof -Wno-implicit-fallthrough -fstrict-aliasing -Wdeprecated-declarations -Wno-sign-conversion -Wno-infinite-recursion -Wno-comma -Wno-block-capture-autoreleasing -Wno-strict-prototypes -Wno-semicolon-before-method-body -index-store-path /Users/aaronkeen/Library/Developer/Xcode/DerivedData/NutraSafeBeta-awyabywlaekrybetqgpbjphfxefs/Index.noindex/DataStore @/Users/aaronkeen/Library/Developer/Xcode/DerivedData/NutraSafeBeta-awyabywlaekrybetqgpbjphfxefs/Build/Intermediates.noindex/nanopb.build/Debug-iphonesimulator/nanopb.build/Objects-normal/arm64/7187679823f38a2a940e0043cdf9d637-common-args.resp -MMD -MT dependencies -MF /Users/aaronkeen/Library/Developer/Xcode/DerivedData/NutraSafeBeta-awyabywlaekrybetqgpbjphfxefs/Build/Intermediates.noindex/nanopb.build/Debug-iphonesimulator/nanopb.build/Objects-normal/arm64/pb_common.d --serialize-diagnostics /Users/aaronkeen/Library/Developer/Xcode/DerivedData/NutraSafeBeta-awyabywlaekrybetqgpbjphfxefs/Build/Intermediates.noindex/nanopb.build/Debug-iphonesimulator/nanopb.build/Objects-normal/arm64/pb_common.dia -c /Users/aaronkeen/Library/Developer/Xcode/DerivedData/NutraSafeBeta-awyabywlaekrybetqgpbjphfxefs/SourcePackages/checkouts/nanopb/pb_common.c -o /Users/aaronkeen/Library/Developer/Xcode/DerivedData/NutraSafeBeta-awyabywlaekrybetqgpbjphfxefs/Build/Intermediates.noindex/nanopb.build/Debug-iphonesimulator/nanopb.build/Objects-normal/arm64/pb_common.o -index-unit-output-path /nanopb.build/Debug-iphonesimulator/nanopb.build/Objects-normal/arm64/pb_common.o

ScanDependencies /Users/aaronkeen/Library/Developer/Xcode/DerivedData/NutraSafeBeta-awyabywlaekrybetqgpbjphfxefs/Build/Intermediates.noindex/nanopb.build/Debug-iphonesimulator/nanopb.build/Objects-normal/arm64/resource_bundle_accessor.o /Users/aaronkeen/Library/Developer/Xcode/DerivedData/NutraSafeBeta-awyabywlaekrybetqgpbjphfxefs/Build/Intermediates.noindex/nanopb.build/Debug-iphonesimulator/nanopb.build/DerivedSources/resource_bundle_accessor.m normal arm64 objective-c com.apple.compilers.llvm.clang.1_0.compiler (in target 'nanopb' from project 'nanopb')
    cd /Users/aaronkeen/Documents/My\ Apps/NutraSafe\ Beta/NutraSafeBeta.xcodeproj
    
    Using response file: /Users/aaronkeen/Library/Developer/Xcode/DerivedData/NutraSafeBeta-awyabywlaekrybetqgpbjphfxefs/Build/Intermediates.noindex/nanopb.build/Debug-iphonesimulator/nanopb.build/Objects-normal/arm64/e6072d4f65d7061329687fe24e3d63a7-common-args.resp
    
    builtin-ScanDependencies -o /Users/aaronkeen/Library/Developer/Xcode/DerivedData/NutraSafeBeta-awyabywlaekrybetqgpbjphfxefs/Build/Intermediates.noindex/nanopb.build/Debug-iphonesimulator/nanopb.build/Objects-normal/arm64/resource_bundle_accessor.o.scan -- /Applications/Xcode.app/Contents/Developer/Toolchains/XcodeDefault.xctoolchain/usr/bin/clang -x objective-c -ivfsstatcache /Users/aaronkeen/Library/Developer/Xcode/DerivedData/SDKStatCaches.noindex/iphonesimulator18.5-22F76-d5fc8ad4295d2ef488fb7d0f804ce0c4.sdkstatcache -fmessage-length\=0 -fdiagnostics-show-note-include-stack -fmacro-backtrace-limit\=0 -fno-color-diagnostics -fmodules-prune-interval\=86400 -fmodules-prune-after\=345600 -fbuild-session-file\=/Users/aaronkeen/Library/Developer/Xcode/DerivedData/ModuleCache.noindex/Session.modulevalidation -fmodules-validate-once-per-build-session -Wnon-modular-include-in-framework-module -Werror\=non-modular-include-in-framework-module -Wno-trigraphs -Wno-missing-field-initializers -Wno-missing-prototypes -Wno-return-type -Wno-implicit-atomic-properties -Wno-objc-interface-ivars -Wno-arc-repeated-use-of-weak -Wno-missing-braces -Wparentheses -Wswitch -Wno-unused-function -Wno-unused-label -Wno-unused-parameter -Wno-unused-variable -Wunused-value -Wno-empty-body -Wno-uninitialized -Wno-unknown-pragmas -w -Wno-shadow -Wno-four-char-constants -Wno-conversion -Wno-constant-conversion -Wno-int-conversion -Wno-bool-conversion -Wno-enum-conversion -Wno-float-conversion -Wno-non-literal-null-conversion -Wno-objc-literal-conversion -Wshorten-64-to-32 -Wpointer-sign -Wno-newline-eof -Wno-selector -Wno-strict-selector-match -Wno-undeclared-selector -Wno-deprecated-implementations -Wno-implicit-fallthrough -fstrict-aliasing -Wprotocol -Wdeprecated-declarations -Wno-sign-conversion -Wno-infinite-recursion -Wno-comma -Wno-block-capture-autoreleasing -Wno-strict-prototypes -Wno-semicolon-before-method-body -index-store-path /Users/aaronkeen/Library/Developer/Xcode/DerivedData/NutraSafeBeta-awyabywlaekrybetqgpbjphfxefs/Index.noindex/DataStore @/Users/aaronkeen/Library/Developer/Xcode/DerivedData/NutraSafeBeta-awyabywlaekrybetqgpbjphfxefs/Build/Intermediates.noindex/nanopb.build/Debug-iphonesimulator/nanopb.build/Objects-normal/arm64/e6072d4f65d7061329687fe24e3d63a7-common-args.resp -include /Users/aaronkeen/Library/Developer/Xcode/DerivedData/NutraSafeBeta-awyabywlaekrybetqgpbjphfxefs/Build/Intermediates.noindex/nanopb.build/Debug-iphonesimulator/nanopb.build/DerivedSources/resource_bundle_accessor.h -MMD -MT dependencies -MF /Users/aaronkeen/Library/Developer/Xcode/DerivedData/NutraSafeBeta-awyabywlaekrybetqgpbjphfxefs/Build/Intermediates.noindex/nanopb.build/Debug-iphonesimulator/nanopb.build/Objects-normal/arm64/resource_bundle_accessor.d --serialize-diagnostics /Users/aaronkeen/Library/Developer/Xcode/DerivedData/NutraSafeBeta-awyabywlaekrybetqgpbjphfxefs/Build/Intermediates.noindex/nanopb.build/Debug-iphonesimulator/nanopb.build/Objects-normal/arm64/resource_bundle_accessor.dia -c /Users/aaronkeen/Library/Developer/Xcode/DerivedData/NutraSafeBeta-awyabywlaekrybetqgpbjphfxefs/Build/Intermediates.noindex/nanopb.build/Debug-iphonesimulator/nanopb.build/DerivedSources/resource_bundle_accessor.m -o /Users/aaronkeen/Library/Developer/Xcode/DerivedData/NutraSafeBeta-awyabywlaekrybetqgpbjphfxefs/Build/Intermediates.noindex/nanopb.build/Debug-iphonesimulator/nanopb.build/Objects-normal/arm64/resource_bundle_accessor.o -index-unit-output-path /nanopb.build/Debug-iphonesimulator/nanopb.build/Objects-normal/arm64/resource_bundle_accessor.o

ScanDependencies /Users/aaronkeen/Library/Developer/Xcode/DerivedData/NutraSafeBeta-awyabywlaekrybetqgpbjphfxefs/Build/Intermediates.noindex/leveldb.build/Debug-iphonesimulator/leveldb.build/Objects-normal/arm64/resource_bundle_accessor.o /Users/aaronkeen/Library/Developer/Xcode/DerivedData/NutraSafeBeta-awyabywlaekrybetqgpbjphfxefs/Build/Intermediates.noindex/leveldb.build/Debug-iphonesimulator/leveldb.build/DerivedSources/resource_bundle_accessor.m normal arm64 objective-c com.apple.compilers.llvm.clang.1_0.compiler (in target 'leveldb' from project 'leveldb')
    cd /Users/aaronkeen/Documents/My\ Apps/NutraSafe\ Beta/NutraSafeBeta.xcodeproj
    
    Using response file: /Users/aaronkeen/Library/Developer/Xcode/DerivedData/NutraSafeBeta-awyabywlaekrybetqgpbjphfxefs/Build/Intermediates.noindex/leveldb.build/Debug-iphonesimulator/leveldb.build/Objects-normal/arm64/e6072d4f65d7061329687fe24e3d63a7-common-args.resp
    
    builtin-ScanDependencies -o /Users/aaronkeen/Library/Developer/Xcode/DerivedData/NutraSafeBeta-awyabywlaekrybetqgpbjphfxefs/Build/Intermediates.noindex/leveldb.build/Debug-iphonesimulator/leveldb.build/Objects-normal/arm64/resource_bundle_accessor.o.scan -- /Applications/Xcode.app/Contents/Developer/Toolchains/XcodeDefault.xctoolchain/usr/bin/clang -x objective-c -ivfsstatcache /Users/aaronkeen/Library/Developer/Xcode/DerivedData/SDKStatCaches.noindex/iphonesimulator18.5-22F76-d5fc8ad4295d2ef488fb7d0f804ce0c4.sdkstatcache -fmessage-length\=0 -fdiagnostics-show-note-include-stack -fmacro-backtrace-limit\=0 -fno-color-diagnostics -fmodules-prune-interval\=86400 -fmodules-prune-after\=345600 -fbuild-session-file\=/Users/aaronkeen/Library/Developer/Xcode/DerivedData/ModuleCache.noindex/Session.modulevalidation -fmodules-validate-once-per-build-session -Wnon-modular-include-in-framework-module -Werror\=non-modular-include-in-framework-module -Wno-trigraphs -Wno-missing-field-initializers -Wno-missing-prototypes -Wno-return-type -Wno-implicit-atomic-properties -Wno-objc-interface-ivars -Wno-arc-repeated-use-of-weak -Wno-missing-braces -Wparentheses -Wswitch -Wno-unused-function -Wno-unused-label -Wno-unused-parameter -Wno-unused-variable -Wunused-value -Wno-empty-body -Wno-uninitialized -Wno-unknown-pragmas -w -Wno-shadow -Wno-four-char-constants -Wno-conversion -Wno-constant-conversion -Wno-int-conversion -Wno-bool-conversion -Wno-enum-conversion -Wno-float-conversion -Wno-non-literal-null-conversion -Wno-objc-literal-conversion -Wshorten-64-to-32 -Wpointer-sign -Wno-newline-eof -Wno-selector -Wno-strict-selector-match -Wno-undeclared-selector -Wno-deprecated-implementations -Wno-implicit-fallthrough -fstrict-aliasing -Wprotocol -Wdeprecated-declarations -Wno-sign-conversion -Wno-infinite-recursion -Wno-comma -Wno-block-capture-autoreleasing -Wno-strict-prototypes -Wno-semicolon-before-method-body -index-store-path /Users/aaronkeen/Library/Developer/Xcode/DerivedData/NutraSafeBeta-awyabywlaekrybetqgpbjphfxefs/Index.noindex/DataStore @/Users/aaronkeen/Library/Developer/Xcode/DerivedData/NutraSafeBeta-awyabywlaekrybetqgpbjphfxefs/Build/Intermediates.noindex/leveldb.build/Debug-iphonesimulator/leveldb.build/Objects-normal/arm64/e6072d4f65d7061329687fe24e3d63a7-common-args.resp -include /Users/aaronkeen/Library/Developer/Xcode/DerivedData/NutraSafeBeta-awyabywlaekrybetqgpbjphfxefs/Build/Intermediates.noindex/leveldb.build/Debug-iphonesimulator/leveldb.build/DerivedSources/resource_bundle_accessor.h -MMD -MT dependencies -MF /Users/aaronkeen/Library/Developer/Xcode/DerivedData/NutraSafeBeta-awyabywlaekrybetqgpbjphfxefs/Build/Intermediates.noindex/leveldb.build/Debug-iphonesimulator/leveldb.build/Objects-normal/arm64/resource_bundle_accessor.d --serialize-diagnostics /Users/aaronkeen/Library/Developer/Xcode/DerivedData/NutraSafeBeta-awyabywlaekrybetqgpbjphfxefs/Build/Intermediates.noindex/leveldb.build/Debug-iphonesimulator/leveldb.build/Objects-normal/arm64/resource_bundle_accessor.dia -c /Users/aaronkeen/Library/Developer/Xcode/DerivedData/NutraSafeBeta-awyabywlaekrybetqgpbjphfxefs/Build/Intermediates.noindex/leveldb.build/Debug-iphonesimulator/leveldb.build/DerivedSources/resource_bundle_accessor.m -o /Users/aaronkeen/Library/Developer/Xcode/DerivedData/NutraSafeBeta-awyabywlaekrybetqgpbjphfxefs/Build/Intermediates.noindex/leveldb.build/Debug-iphonesimulator/leveldb.build/Objects-normal/arm64/resource_bundle_accessor.o -index-unit-output-path /leveldb.build/Debug-iphonesimulator/leveldb.build/Objects-normal/arm64/resource_bundle_accessor.o

ScanDependencies /Users/aaronkeen/Library/Developer/Xcode/DerivedData/NutraSafeBeta-awyabywlaekrybetqgpbjphfxefs/Build/Intermediates.noindex/InteropForGoogle.build/Debug-iphonesimulator/RecaptchaInterop.build/Objects-normal/arm64/placeholder.o /Users/aaronkeen/Library/Developer/Xcode/DerivedData/NutraSafeBeta-awyabywlaekrybetqgpbjphfxefs/SourcePackages/checkouts/interop-ios-for-google-sdks/RecaptchaEnterprise/RecaptchaInterop/placeholder.m normal arm64 objective-c com.apple.compilers.llvm.clang.1_0.compiler (in target 'RecaptchaInterop' from project 'InteropForGoogle')
    cd /Users/aaronkeen/Documents/My\ Apps/NutraSafe\ Beta/NutraSafeBeta.xcodeproj
    
    Using response file: /Users/aaronkeen/Library/Developer/Xcode/DerivedData/NutraSafeBeta-awyabywlaekrybetqgpbjphfxefs/Build/Intermediates.noindex/InteropForGoogle.build/Debug-iphonesimulator/RecaptchaInterop.build/Objects-normal/arm64/e6072d4f65d7061329687fe24e3d63a7-common-args.resp
    
    builtin-ScanDependencies -o /Users/aaronkeen/Library/Developer/Xcode/DerivedData/NutraSafeBeta-awyabywlaekrybetqgpbjphfxefs/Build/Intermediates.noindex/InteropForGoogle.build/Debug-iphonesimulator/RecaptchaInterop.build/Objects-normal/arm64/placeholder.o.scan -- /Applications/Xcode.app/Contents/Developer/Toolchains/XcodeDefault.xctoolchain/usr/bin/clang -x objective-c -ivfsstatcache /Users/aaronkeen/Library/Developer/Xcode/DerivedData/SDKStatCaches.noindex/iphonesimulator18.5-22F76-d5fc8ad4295d2ef488fb7d0f804ce0c4.sdkstatcache -fmessage-length\=0 -fdiagnostics-show-note-include-stack -fmacro-backtrace-limit\=0 -fno-color-diagnostics -fmodules-prune-interval\=86400 -fmodules-prune-after\=345600 -fbuild-session-file\=/Users/aaronkeen/Library/Developer/Xcode/DerivedData/ModuleCache.noindex/Session.modulevalidation -fmodules-validate-once-per-build-session -Wnon-modular-include-in-framework-module -Werror\=non-modular-include-in-framework-module -Wno-trigraphs -Wno-missing-field-initializers -Wno-missing-prototypes -Wno-return-type -Wno-implicit-atomic-properties -Wno-objc-interface-ivars -Wno-arc-repeated-use-of-weak -Wno-missing-braces -Wparentheses -Wswitch -Wno-unused-function -Wno-unused-label -Wno-unused-parameter -Wno-unused-variable -Wunused-value -Wno-empty-body -Wno-uninitialized -Wno-unknown-pragmas -w -Wno-shadow -Wno-four-char-constants -Wno-conversion -Wno-constant-conversion -Wno-int-conversion -Wno-bool-conversion -Wno-enum-conversion -Wno-float-conversion -Wno-non-literal-null-conversion -Wno-objc-literal-conversion -Wshorten-64-to-32 -Wpointer-sign -Wno-newline-eof -Wno-selector -Wno-strict-selector-match -Wno-undeclared-selector -Wno-deprecated-implementations -Wno-implicit-fallthrough -fstrict-aliasing -Wprotocol -Wdeprecated-declarations -Wno-sign-conversion -Wno-infinite-recursion -Wno-comma -Wno-block-capture-autoreleasing -Wno-strict-prototypes -Wno-semicolon-before-method-body -index-store-path /Users/aaronkeen/Library/Developer/Xcode/DerivedData/NutraSafeBeta-awyabywlaekrybetqgpbjphfxefs/Index.noindex/DataStore @/Users/aaronkeen/Library/Developer/Xcode/DerivedData/NutraSafeBeta-awyabywlaekrybetqgpbjphfxefs/Build/Intermediates.noindex/InteropForGoogle.build/Debug-iphonesimulator/RecaptchaInterop.build/Objects-normal/arm64/e6072d4f65d7061329687fe24e3d63a7-common-args.resp -MMD -MT dependencies -MF /Users/aaronkeen/Library/Developer/Xcode/DerivedData/NutraSafeBeta-awyabywlaekrybetqgpbjphfxefs/Build/Intermediates.noindex/InteropForGoogle.build/Debug-iphonesimulator/RecaptchaInterop.build/Objects-normal/arm64/placeholder.d --serialize-diagnostics /Users/aaronkeen/Library/Developer/Xcode/DerivedData/NutraSafeBeta-awyabywlaekrybetqgpbjphfxefs/Build/Intermediates.noindex/InteropForGoogle.build/Debug-iphonesimulator/RecaptchaInterop.build/Objects-normal/arm64/placeholder.dia -c /Users/aaronkeen/Library/Developer/Xcode/DerivedData/NutraSafeBeta-awyabywlaekrybetqgpbjphfxefs/SourcePackages/checkouts/interop-ios-for-google-sdks/RecaptchaEnterprise/RecaptchaInterop/placeholder.m -o /Users/aaronkeen/Library/Developer/Xcode/DerivedData/NutraSafeBeta-awyabywlaekrybetqgpbjphfxefs/Build/Intermediates.noindex/InteropForGoogle.build/Debug-iphonesimulator/RecaptchaInterop.build/Objects-normal/arm64/placeholder.o -index-unit-output-path /InteropForGoogle.build/Debug-iphonesimulator/RecaptchaInterop.build/Objects-normal/arm64/placeholder.o

ScanDependencies /Users/aaronkeen/Library/Developer/Xcode/DerivedData/NutraSafeBeta-awyabywlaekrybetqgpbjphfxefs/Build/Intermediates.noindex/GoogleUtilities.build/Debug-iphonesimulator/GoogleUtilities-NSData.build/Objects-normal/arm64/resource_bundle_accessor.o /Users/aaronkeen/Library/Developer/Xcode/DerivedData/NutraSafeBeta-awyabywlaekrybetqgpbjphfxefs/Build/Intermediates.noindex/GoogleUtilities.build/Debug-iphonesimulator/GoogleUtilities-NSData.build/DerivedSources/resource_bundle_accessor.m normal arm64 objective-c com.apple.compilers.llvm.clang.1_0.compiler (in target 'GoogleUtilities-NSData' from project 'GoogleUtilities')
    cd /Users/aaronkeen/Documents/My\ Apps/NutraSafe\ Beta/NutraSafeBeta.xcodeproj
    
    Using response file: /Users/aaronkeen/Library/Developer/Xcode/DerivedData/NutraSafeBeta-awyabywlaekrybetqgpbjphfxefs/Build/Intermediates.noindex/GoogleUtilities.build/Debug-iphonesimulator/GoogleUtilities-NSData.build/Objects-normal/arm64/e6072d4f65d7061329687fe24e3d63a7-common-args.resp
    
    builtin-ScanDependencies -o /Users/aaronkeen/Library/Developer/Xcode/DerivedData/NutraSafeBeta-awyabywlaekrybetqgpbjphfxefs/Build/Intermediates.noindex/GoogleUtilities.build/Debug-iphonesimulator/GoogleUtilities-NSData.build/Objects-normal/arm64/resource_bundle_accessor.o.scan -- /Applications/Xcode.app/Contents/Developer/Toolchains/XcodeDefault.xctoolchain/usr/bin/clang -x objective-c -ivfsstatcache /Users/aaronkeen/Library/Developer/Xcode/DerivedData/SDKStatCaches.noindex/iphonesimulator18.5-22F76-d5fc8ad4295d2ef488fb7d0f804ce0c4.sdkstatcache -fmessage-length\=0 -fdiagnostics-show-note-include-stack -fmacro-backtrace-limit\=0 -fno-color-diagnostics -fmodules-prune-interval\=86400 -fmodules-prune-after\=345600 -fbuild-session-file\=/Users/aaronkeen/Library/Developer/Xcode/DerivedData/ModuleCache.noindex/Session.modulevalidation -fmodules-validate-once-per-build-session -Wnon-modular-include-in-framework-module -Werror\=non-modular-include-in-framework-module -Wno-trigraphs -Wno-missing-field-initializers -Wno-missing-prototypes -Wno-return-type -Wno-implicit-atomic-properties -Wno-objc-interface-ivars -Wno-arc-repeated-use-of-weak -Wno-missing-braces -Wparentheses -Wswitch -Wno-unused-function -Wno-unused-label -Wno-unused-parameter -Wno-unused-variable -Wunused-value -Wno-empty-body -Wno-uninitialized -Wno-unknown-pragmas -w -Wno-shadow -Wno-four-char-constants -Wno-conversion -Wno-constant-conversion -Wno-int-conversion -Wno-bool-conversion -Wno-enum-conversion -Wno-float-conversion -Wno-non-literal-null-conversion -Wno-objc-literal-conversion -Wshorten-64-to-32 -Wpointer-sign -Wno-newline-eof -Wno-selector -Wno-strict-selector-match -Wno-undeclared-selector -Wno-deprecated-implementations -Wno-implicit-fallthrough -fstrict-aliasing -Wprotocol -Wdeprecated-declarations -Wno-sign-conversion -Wno-infinite-recursion -Wno-comma -Wno-block-capture-autoreleasing -Wno-strict-prototypes -Wno-semicolon-before-method-body -index-store-path /Users/aaronkeen/Library/Developer/Xcode/DerivedData/NutraSafeBeta-awyabywlaekrybetqgpbjphfxefs/Index.noindex/DataStore @/Users/aaronkeen/Library/Developer/Xcode/DerivedData/NutraSafeBeta-awyabywlaekrybetqgpbjphfxefs/Build/Intermediates.noindex/GoogleUtilities.build/Debug-iphonesimulator/GoogleUtilities-NSData.build/Objects-normal/arm64/e6072d4f65d7061329687fe24e3d63a7-common-args.resp -include /Users/aaronkeen/Library/Developer/Xcode/DerivedData/NutraSafeBeta-awyabywlaekrybetqgpbjphfxefs/Build/Intermediates.noindex/GoogleUtilities.build/Debug-iphonesimulator/GoogleUtilities-NSData.build/DerivedSources/resource_bundle_accessor.h -MMD -MT dependencies -MF /Users/aaronkeen/Library/Developer/Xcode/DerivedData/NutraSafeBeta-awyabywlaekrybetqgpbjphfxefs/Build/Intermediates.noindex/GoogleUtilities.build/Debug-iphonesimulator/GoogleUtilities-NSData.build/Objects-normal/arm64/resource_bundle_accessor.d --serialize-diagnostics /Users/aaronkeen/Library/Developer/Xcode/DerivedData/NutraSafeBeta-awyabywlaekrybetqgpbjphfxefs/Build/Intermediates.noindex/GoogleUtilities.build/Debug-iphonesimulator/GoogleUtilities-NSData.build/Objects-normal/arm64/resource_bundle_accessor.dia -c /Users/aaronkeen/Library/Developer/Xcode/DerivedData/NutraSafeBeta-awyabywlaekrybetqgpbjphfxefs/Build/Intermediates.noindex/GoogleUtilities.build/Debug-iphonesimulator/GoogleUtilities-NSData.build/DerivedSources/resource_bundle_accessor.m -o /Users/aaronkeen/Library/Developer/Xcode/DerivedData/NutraSafeBeta-awyabywlaekrybetqgpbjphfxefs/Build/Intermediates.noindex/GoogleUtilities.build/Debug-iphonesimulator/GoogleUtilities-NSData.build/Objects-normal/arm64/resource_bundle_accessor.o -index-unit-output-path /GoogleUtilities.build/Debug-iphonesimulator/GoogleUtilities-NSData.build/Objects-normal/arm64/resource_bundle_accessor.o

ScanDependencies /Users/aaronkeen/Library/Developer/Xcode/DerivedData/NutraSafeBeta-awyabywlaekrybetqgpbjphfxefs/Build/Intermediates.noindex/GoogleUtilities.build/Debug-iphonesimulator/GoogleUtilities-Environment.build/Objects-normal/arm64/GULNetworkInfo.o /Users/aaronkeen/Library/Developer/Xcode/DerivedData/NutraSafeBeta-awyabywlaekrybetqgpbjphfxefs/SourcePackages/checkouts/GoogleUtilities/GoogleUtilities/Environment/NetworkInfo/GULNetworkInfo.m normal arm64 objective-c com.apple.compilers.llvm.clang.1_0.compiler (in target 'GoogleUtilities-Environment' from project 'GoogleUtilities')
    cd /Users/aaronkeen/Documents/My\ Apps/NutraSafe\ Beta/NutraSafeBeta.xcodeproj
    
    Using response file: /Users/aaronkeen/Library/Developer/Xcode/DerivedData/NutraSafeBeta-awyabywlaekrybetqgpbjphfxefs/Build/Intermediates.noindex/GoogleUtilities.build/Debug-iphonesimulator/GoogleUtilities-Environment.build/Objects-normal/arm64/e6072d4f65d7061329687fe24e3d63a7-common-args.resp
    
    builtin-ScanDependencies -o /Users/aaronkeen/Library/Developer/Xcode/DerivedData/NutraSafeBeta-awyabywlaekrybetqgpbjphfxefs/Build/Intermediates.noindex/GoogleUtilities.build/Debug-iphonesimulator/GoogleUtilities-Environment.build/Objects-normal/arm64/GULNetworkInfo.o.scan -- /Applications/Xcode.app/Contents/Developer/Toolchains/XcodeDefault.xctoolchain/usr/bin/clang -x objective-c -ivfsstatcache /Users/aaronkeen/Library/Developer/Xcode/DerivedData/SDKStatCaches.noindex/iphonesimulator18.5-22F76-d5fc8ad4295d2ef488fb7d0f804ce0c4.sdkstatcache -fmessage-length\=0 -fdiagnostics-show-note-include-stack -fmacro-backtrace-limit\=0 -fno-color-diagnostics -fmodules-prune-interval\=86400 -fmodules-prune-after\=345600 -fbuild-session-file\=/Users/aaronkeen/Library/Developer/Xcode/DerivedData/ModuleCache.noindex/Session.modulevalidation -fmodules-validate-once-per-build-session -Wnon-modular-include-in-framework-module -Werror\=non-modular-include-in-framework-module -Wno-trigraphs -Wno-missing-field-initializers -Wno-missing-prototypes -Wno-return-type -Wno-implicit-atomic-properties -Wno-objc-interface-ivars -Wno-arc-repeated-use-of-weak -Wno-missing-braces -Wparentheses -Wswitch -Wno-unused-function -Wno-unused-label -Wno-unused-parameter -Wno-unused-variable -Wunused-value -Wno-empty-body -Wno-uninitialized -Wno-unknown-pragmas -w -Wno-shadow -Wno-four-char-constants -Wno-conversion -Wno-constant-conversion -Wno-int-conversion -Wno-bool-conversion -Wno-enum-conversion -Wno-float-conversion -Wno-non-literal-null-conversion -Wno-objc-literal-conversion -Wshorten-64-to-32 -Wpointer-sign -Wno-newline-eof -Wno-selector -Wno-strict-selector-match -Wno-undeclared-selector -Wno-deprecated-implementations -Wno-implicit-fallthrough -fstrict-aliasing -Wprotocol -Wdeprecated-declarations -Wno-sign-conversion -Wno-infinite-recursion -Wno-comma -Wno-block-capture-autoreleasing -Wno-strict-prototypes -Wno-semicolon-before-method-body -index-store-path /Users/aaronkeen/Library/Developer/Xcode/DerivedData/NutraSafeBeta-awyabywlaekrybetqgpbjphfxefs/Index.noindex/DataStore @/Users/aaronkeen/Library/Developer/Xcode/DerivedData/NutraSafeBeta-awyabywlaekrybetqgpbjphfxefs/Build/Intermediates.noindex/GoogleUtilities.build/Debug-iphonesimulator/GoogleUtilities-Environment.build/Objects-normal/arm64/e6072d4f65d7061329687fe24e3d63a7-common-args.resp -include /Users/aaronkeen/Library/Developer/Xcode/DerivedData/NutraSafeBeta-awyabywlaekrybetqgpbjphfxefs/Build/Intermediates.noindex/GoogleUtilities.build/Debug-iphonesimulator/GoogleUtilities-Environment.build/DerivedSources/resource_bundle_accessor.h -MMD -MT dependencies -MF /Users/aaronkeen/Library/Developer/Xcode/DerivedData/NutraSafeBeta-awyabywlaekrybetqgpbjphfxefs/Build/Intermediates.noindex/GoogleUtilities.build/Debug-iphonesimulator/GoogleUtilities-Environment.build/Objects-normal/arm64/GULNetworkInfo.d --serialize-diagnostics /Users/aaronkeen/Library/Developer/Xcode/DerivedData/NutraSafeBeta-awyabywlaekrybetqgpbjphfxefs/Build/Intermediates.noindex/GoogleUtilities.build/Debug-iphonesimulator/GoogleUtilities-Environment.build/Objects-normal/arm64/GULNetworkInfo.dia -c /Users/aaronkeen/Library/Developer/Xcode/DerivedData/NutraSafeBeta-awyabywlaekrybetqgpbjphfxefs/SourcePackages/checkouts/GoogleUtilities/GoogleUtilities/Environment/NetworkInfo/GULNetworkInfo.m -o /Users/aaronkeen/Library/Developer/Xcode/DerivedData/NutraSafeBeta-awyabywlaekrybetqgpbjphfxefs/Build/Intermediates.noindex/GoogleUtilities.build/Debug-iphonesimulator/GoogleUtilities-Environment.build/Objects-normal/arm64/GULNetworkInfo.o -index-unit-output-path /GoogleUtilities.build/Debug-iphonesimulator/GoogleUtilities-Environment.build/Objects-normal/arm64/GULNetworkInfo.o

ScanDependencies /Users/aaronkeen/Library/Developer/Xcode/DerivedData/NutraSafeBeta-awyabywlaekrybetqgpbjphfxefs/Build/Intermediates.noindex/GoogleUtilities.build/Debug-iphonesimulator/GoogleUtilities-Environment.build/Objects-normal/arm64/GULKeychainUtils.o /Users/aaronkeen/Library/Developer/Xcode/DerivedData/NutraSafeBeta-awyabywlaekrybetqgpbjphfxefs/SourcePackages/checkouts/GoogleUtilities/GoogleUtilities/Environment/SecureStorage/GULKeychainUtils.m normal arm64 objective-c com.apple.compilers.llvm.clang.1_0.compiler (in target 'GoogleUtilities-Environment' from project 'GoogleUtilities')
    cd /Users/aaronkeen/Documents/My\ Apps/NutraSafe\ Beta/NutraSafeBeta.xcodeproj
    
    Using response file: /Users/aaronkeen/Library/Developer/Xcode/DerivedData/NutraSafeBeta-awyabywlaekrybetqgpbjphfxefs/Build/Intermediates.noindex/GoogleUtilities.build/Debug-iphonesimulator/GoogleUtilities-Environment.build/Objects-normal/arm64/e6072d4f65d7061329687fe24e3d63a7-common-args.resp
    
    builtin-ScanDependencies -o /Users/aaronkeen/Library/Developer/Xcode/DerivedData/NutraSafeBeta-awyabywlaekrybetqgpbjphfxefs/Build/Intermediates.noindex/GoogleUtilities.build/Debug-iphonesimulator/GoogleUtilities-Environment.build/Objects-normal/arm64/GULKeychainUtils.o.scan -- /Applications/Xcode.app/Contents/Developer/Toolchains/XcodeDefault.xctoolchain/usr/bin/clang -x objective-c -ivfsstatcache /Users/aaronkeen/Library/Developer/Xcode/DerivedData/SDKStatCaches.noindex/iphonesimulator18.5-22F76-d5fc8ad4295d2ef488fb7d0f804ce0c4.sdkstatcache -fmessage-length\=0 -fdiagnostics-show-note-include-stack -fmacro-backtrace-limit\=0 -fno-color-diagnostics -fmodules-prune-interval\=86400 -fmodules-prune-after\=345600 -fbuild-session-file\=/Users/aaronkeen/Library/Developer/Xcode/DerivedData/ModuleCache.noindex/Session.modulevalidation -fmodules-validate-once-per-build-session -Wnon-modular-include-in-framework-module -Werror\=non-modular-include-in-framework-module -Wno-trigraphs -Wno-missing-field-initializers -Wno-missing-prototypes -Wno-return-type -Wno-implicit-atomic-properties -Wno-objc-interface-ivars -Wno-arc-repeated-use-of-weak -Wno-missing-braces -Wparentheses -Wswitch -Wno-unused-function -Wno-unused-label -Wno-unused-parameter -Wno-unused-variable -Wunused-value -Wno-empty-body -Wno-uninitialized -Wno-unknown-pragmas -w -Wno-shadow -Wno-four-char-constants -Wno-conversion -Wno-constant-conversion -Wno-int-conversion -Wno-bool-conversion -Wno-enum-conversion -Wno-float-conversion -Wno-non-literal-null-conversion -Wno-objc-literal-conversion -Wshorten-64-to-32 -Wpointer-sign -Wno-newline-eof -Wno-selector -Wno-strict-selector-match -Wno-undeclared-selector -Wno-deprecated-implementations -Wno-implicit-fallthrough -fstrict-aliasing -Wprotocol -Wdeprecated-declarations -Wno-sign-conversion -Wno-infinite-recursion -Wno-comma -Wno-block-capture-autoreleasing -Wno-strict-prototypes -Wno-semicolon-before-method-body -index-store-path /Users/aaronkeen/Library/Developer/Xcode/DerivedData/NutraSafeBeta-awyabywlaekrybetqgpbjphfxefs/Index.noindex/DataStore @/Users/aaronkeen/Library/Developer/Xcode/DerivedData/NutraSafeBeta-awyabywlaekrybetqgpbjphfxefs/Build/Intermediates.noindex/GoogleUtilities.build/Debug-iphonesimulator/GoogleUtilities-Environment.build/Objects-normal/arm64/e6072d4f65d7061329687fe24e3d63a7-common-args.resp -include /Users/aaronkeen/Library/Developer/Xcode/DerivedData/NutraSafeBeta-awyabywlaekrybetqgpbjphfxefs/Build/Intermediates.noindex/GoogleUtilities.build/Debug-iphonesimulator/GoogleUtilities-Environment.build/DerivedSources/resource_bundle_accessor.h -MMD -MT dependencies -MF /Users/aaronkeen/Library/Developer/Xcode/DerivedData/NutraSafeBeta-awyabywlaekrybetqgpbjphfxefs/Build/Intermediates.noindex/GoogleUtilities.build/Debug-iphonesimulator/GoogleUtilities-Environment.build/Objects-normal/arm64/GULKeychainUtils.d --serialize-diagnostics /Users/aaronkeen/Library/Developer/Xcode/DerivedData/NutraSafeBeta-awyabywlaekrybetqgpbjphfxefs/Build/Intermediates.noindex/GoogleUtilities.build/Debug-iphonesimulator/GoogleUtilities-Environment.build/Objects-normal/arm64/GULKeychainUtils.dia -c /Users/aaronkeen/Library/Developer/Xcode/DerivedData/NutraSafeBeta-awyabywlaekrybetqgpbjphfxefs/SourcePackages/checkouts/GoogleUtilities/GoogleUtilities/Environment/SecureStorage/GULKeychainUtils.m -o /Users/aaronkeen/Library/Developer/Xcode/DerivedData/NutraSafeBeta-awyabywlaekrybetqgpbjphfxefs/Build/Intermediates.noindex/GoogleUtilities.build/Debug-iphonesimulator/GoogleUtilities-Environment.build/Objects-normal/arm64/GULKeychainUtils.o -index-unit-output-path /GoogleUtilities.build/Debug-iphonesimulator/GoogleUtilities-Environment.build/Objects-normal/arm64/GULKeychainUtils.o

ScanDependencies /Users/aaronkeen/Library/Developer/Xcode/DerivedData/NutraSafeBeta-awyabywlaekrybetqgpbjphfxefs/Build/Intermediates.noindex/GoogleUtilities.build/Debug-iphonesimulator/GoogleUtilities-NSData.build/Objects-normal/arm64/GULNSData+zlib.o /Users/aaronkeen/Library/Developer/Xcode/DerivedData/NutraSafeBeta-awyabywlaekrybetqgpbjphfxefs/SourcePackages/checkouts/GoogleUtilities/GoogleUtilities/NSData+zlib/GULNSData+zlib.m normal arm64 objective-c com.apple.compilers.llvm.clang.1_0.compiler (in target 'GoogleUtilities-NSData' from project 'GoogleUtilities')
    cd /Users/aaronkeen/Documents/My\ Apps/NutraSafe\ Beta/NutraSafeBeta.xcodeproj
    
    Using response file: /Users/aaronkeen/Library/Developer/Xcode/DerivedData/NutraSafeBeta-awyabywlaekrybetqgpbjphfxefs/Build/Intermediates.noindex/GoogleUtilities.build/Debug-iphonesimulator/GoogleUtilities-NSData.build/Objects-normal/arm64/e6072d4f65d7061329687fe24e3d63a7-common-args.resp
    
    builtin-ScanDependencies -o /Users/aaronkeen/Library/Developer/Xcode/DerivedData/NutraSafeBeta-awyabywlaekrybetqgpbjphfxefs/Build/Intermediates.noindex/GoogleUtilities.build/Debug-iphonesimulator/GoogleUtilities-NSData.build/Objects-normal/arm64/GULNSData+zlib.o.scan -- /Applications/Xcode.app/Contents/Developer/Toolchains/XcodeDefault.xctoolchain/usr/bin/clang -x objective-c -ivfsstatcache /Users/aaronkeen/Library/Developer/Xcode/DerivedData/SDKStatCaches.noindex/iphonesimulator18.5-22F76-d5fc8ad4295d2ef488fb7d0f804ce0c4.sdkstatcache -fmessage-length\=0 -fdiagnostics-show-note-include-stack -fmacro-backtrace-limit\=0 -fno-color-diagnostics -fmodules-prune-interval\=86400 -fmodules-prune-after\=345600 -fbuild-session-file\=/Users/aaronkeen/Library/Developer/Xcode/DerivedData/ModuleCache.noindex/Session.modulevalidation -fmodules-validate-once-per-build-session -Wnon-modular-include-in-framework-module -Werror\=non-modular-include-in-framework-module -Wno-trigraphs -Wno-missing-field-initializers -Wno-missing-prototypes -Wno-return-type -Wno-implicit-atomic-properties -Wno-objc-interface-ivars -Wno-arc-repeated-use-of-weak -Wno-missing-braces -Wparentheses -Wswitch -Wno-unused-function -Wno-unused-label -Wno-unused-parameter -Wno-unused-variable -Wunused-value -Wno-empty-body -Wno-uninitialized -Wno-unknown-pragmas -w -Wno-shadow -Wno-four-char-constants -Wno-conversion -Wno-constant-conversion -Wno-int-conversion -Wno-bool-conversion -Wno-enum-conversion -Wno-float-conversion -Wno-non-literal-null-conversion -Wno-objc-literal-conversion -Wshorten-64-to-32 -Wpointer-sign -Wno-newline-eof -Wno-selector -Wno-strict-selector-match -Wno-undeclared-selector -Wno-deprecated-implementations -Wno-implicit-fallthrough -fstrict-aliasing -Wprotocol -Wdeprecated-declarations -Wno-sign-conversion -Wno-infinite-recursion -Wno-comma -Wno-block-capture-autoreleasing -Wno-strict-prototypes -Wno-semicolon-before-method-body -index-store-path /Users/aaronkeen/Library/Developer/Xcode/DerivedData/NutraSafeBeta-awyabywlaekrybetqgpbjphfxefs/Index.noindex/DataStore @/Users/aaronkeen/Library/Developer/Xcode/DerivedData/NutraSafeBeta-awyabywlaekrybetqgpbjphfxefs/Build/Intermediates.noindex/GoogleUtilities.build/Debug-iphonesimulator/GoogleUtilities-NSData.build/Objects-normal/arm64/e6072d4f65d7061329687fe24e3d63a7-common-args.resp -include /Users/aaronkeen/Library/Developer/Xcode/DerivedData/NutraSafeBeta-awyabywlaekrybetqgpbjphfxefs/Build/Intermediates.noindex/GoogleUtilities.build/Debug-iphonesimulator/GoogleUtilities-NSData.build/DerivedSources/resource_bundle_accessor.h -MMD -MT dependencies -MF /Users/aaronkeen/Library/Developer/Xcode/DerivedData/NutraSafeBeta-awyabywlaekrybetqgpbjphfxefs/Build/Intermediates.noindex/GoogleUtilities.build/Debug-iphonesimulator/GoogleUtilities-NSData.build/Objects-normal/arm64/GULNSData+zlib.d --serialize-diagnostics /Users/aaronkeen/Library/Developer/Xcode/DerivedData/NutraSafeBeta-awyabywlaekrybetqgpbjphfxefs/Build/Intermediates.noindex/GoogleUtilities.build/Debug-iphonesimulator/GoogleUtilities-NSData.build/Objects-normal/arm64/GULNSData+zlib.dia -c /Users/aaronkeen/Library/Developer/Xcode/DerivedData/NutraSafeBeta-awyabywlaekrybetqgpbjphfxefs/SourcePackages/checkouts/GoogleUtilities/GoogleUtilities/NSData+zlib/GULNSData+zlib.m -o /Users/aaronkeen/Library/Developer/Xcode/DerivedData/NutraSafeBeta-awyabywlaekrybetqgpbjphfxefs/Build/Intermediates.noindex/GoogleUtilities.build/Debug-iphonesimulator/GoogleUtilities-NSData.build/Objects-normal/arm64/GULNSData+zlib.o -index-unit-output-path /GoogleUtilities.build/Debug-iphonesimulator/GoogleUtilities-NSData.build/Objects-normal/arm64/GULNSData+zlib.o

ScanDependencies /Users/aaronkeen/Library/Developer/Xcode/DerivedData/NutraSafeBeta-awyabywlaekrybetqgpbjphfxefs/Build/Intermediates.noindex/GoogleUtilities.build/Debug-iphonesimulator/GoogleUtilities-Environment.build/Objects-normal/arm64/GULAppEnvironmentUtil.o /Users/aaronkeen/Library/Developer/Xcode/DerivedData/NutraSafeBeta-awyabywlaekrybetqgpbjphfxefs/SourcePackages/checkouts/GoogleUtilities/GoogleUtilities/Environment/GULAppEnvironmentUtil.m normal arm64 objective-c com.apple.compilers.llvm.clang.1_0.compiler (in target 'GoogleUtilities-Environment' from project 'GoogleUtilities')
    cd /Users/aaronkeen/Documents/My\ Apps/NutraSafe\ Beta/NutraSafeBeta.xcodeproj
    
    Using response file: /Users/aaronkeen/Library/Developer/Xcode/DerivedData/NutraSafeBeta-awyabywlaekrybetqgpbjphfxefs/Build/Intermediates.noindex/GoogleUtilities.build/Debug-iphonesimulator/GoogleUtilities-Environment.build/Objects-normal/arm64/e6072d4f65d7061329687fe24e3d63a7-common-args.resp
    
    builtin-ScanDependencies -o /Users/aaronkeen/Library/Developer/Xcode/DerivedData/NutraSafeBeta-awyabywlaekrybetqgpbjphfxefs/Build/Intermediates.noindex/GoogleUtilities.build/Debug-iphonesimulator/GoogleUtilities-Environment.build/Objects-normal/arm64/GULAppEnvironmentUtil.o.scan -- /Applications/Xcode.app/Contents/Developer/Toolchains/XcodeDefault.xctoolchain/usr/bin/clang -x objective-c -ivfsstatcache /Users/aaronkeen/Library/Developer/Xcode/DerivedData/SDKStatCaches.noindex/iphonesimulator18.5-22F76-d5fc8ad4295d2ef488fb7d0f804ce0c4.sdkstatcache -fmessage-length\=0 -fdiagnostics-show-note-include-stack -fmacro-backtrace-limit\=0 -fno-color-diagnostics -fmodules-prune-interval\=86400 -fmodules-prune-after\=345600 -fbuild-session-file\=/Users/aaronkeen/Library/Developer/Xcode/DerivedData/ModuleCache.noindex/Session.modulevalidation -fmodules-validate-once-per-build-session -Wnon-modular-include-in-framework-module -Werror\=non-modular-include-in-framework-module -Wno-trigraphs -Wno-missing-field-initializers -Wno-missing-prototypes -Wno-return-type -Wno-implicit-atomic-properties -Wno-objc-interface-ivars -Wno-arc-repeated-use-of-weak -Wno-missing-braces -Wparentheses -Wswitch -Wno-unused-function -Wno-unused-label -Wno-unused-parameter -Wno-unused-variable -Wunused-value -Wno-empty-body -Wno-uninitialized -Wno-unknown-pragmas -w -Wno-shadow -Wno-four-char-constants -Wno-conversion -Wno-constant-conversion -Wno-int-conversion -Wno-bool-conversion -Wno-enum-conversion -Wno-float-conversion -Wno-non-literal-null-conversion -Wno-objc-literal-conversion -Wshorten-64-to-32 -Wpointer-sign -Wno-newline-eof -Wno-selector -Wno-strict-selector-match -Wno-undeclared-selector -Wno-deprecated-implementations -Wno-implicit-fallthrough -fstrict-aliasing -Wprotocol -Wdeprecated-declarations -Wno-sign-conversion -Wno-infinite-recursion -Wno-comma -Wno-block-capture-autoreleasing -Wno-strict-prototypes -Wno-semicolon-before-method-body -index-store-path /Users/aaronkeen/Library/Developer/Xcode/DerivedData/NutraSafeBeta-awyabywlaekrybetqgpbjphfxefs/Index.noindex/DataStore @/Users/aaronkeen/Library/Developer/Xcode/DerivedData/NutraSafeBeta-awyabywlaekrybetqgpbjphfxefs/Build/Intermediates.noindex/GoogleUtilities.build/Debug-iphonesimulator/GoogleUtilities-Environment.build/Objects-normal/arm64/e6072d4f65d7061329687fe24e3d63a7-common-args.resp -include /Users/aaronkeen/Library/Developer/Xcode/DerivedData/NutraSafeBeta-awyabywlaekrybetqgpbjphfxefs/Build/Intermediates.noindex/GoogleUtilities.build/Debug-iphonesimulator/GoogleUtilities-Environment.build/DerivedSources/resource_bundle_accessor.h -MMD -MT dependencies -MF /Users/aaronkeen/Library/Developer/Xcode/DerivedData/NutraSafeBeta-awyabywlaekrybetqgpbjphfxefs/Build/Intermediates.noindex/GoogleUtilities.build/Debug-iphonesimulator/GoogleUtilities-Environment.build/Objects-normal/arm64/GULAppEnvironmentUtil.d --serialize-diagnostics /Users/aaronkeen/Library/Developer/Xcode/DerivedData/NutraSafeBeta-awyabywlaekrybetqgpbjphfxefs/Build/Intermediates.noindex/GoogleUtilities.build/Debug-iphonesimulator/GoogleUtilities-Environment.build/Objects-normal/arm64/GULAppEnvironmentUtil.dia -c /Users/aaronkeen/Library/Developer/Xcode/DerivedData/NutraSafeBeta-awyabywlaekrybetqgpbjphfxefs/SourcePackages/checkouts/GoogleUtilities/GoogleUtilities/Environment/GULAppEnvironmentUtil.m -o /Users/aaronkeen/Library/Developer/Xcode/DerivedData/NutraSafeBeta-awyabywlaekrybetqgpbjphfxefs/Build/Intermediates.noindex/GoogleUtilities.build/Debug-iphonesimulator/GoogleUtilities-Environment.build/Objects-normal/arm64/GULAppEnvironmentUtil.o -index-unit-output-path /GoogleUtilities.build/Debug-iphonesimulator/GoogleUtilities-Environment.build/Objects-normal/arm64/GULAppEnvironmentUtil.o

ScanDependencies /Users/aaronkeen/Library/Developer/Xcode/DerivedData/NutraSafeBeta-awyabywlaekrybetqgpbjphfxefs/Build/Intermediates.noindex/GoogleUtilities.build/Debug-iphonesimulator/GoogleUtilities-Environment.build/Objects-normal/arm64/GULKeychainStorage.o /Users/aaronkeen/Library/Developer/Xcode/DerivedData/NutraSafeBeta-awyabywlaekrybetqgpbjphfxefs/SourcePackages/checkouts/GoogleUtilities/GoogleUtilities/Environment/SecureStorage/GULKeychainStorage.m normal arm64 objective-c com.apple.compilers.llvm.clang.1_0.compiler (in target 'GoogleUtilities-Environment' from project 'GoogleUtilities')
    cd /Users/aaronkeen/Documents/My\ Apps/NutraSafe\ Beta/NutraSafeBeta.xcodeproj
    
    Using response file: /Users/aaronkeen/Library/Developer/Xcode/DerivedData/NutraSafeBeta-awyabywlaekrybetqgpbjphfxefs/Build/Intermediates.noindex/GoogleUtilities.build/Debug-iphonesimulator/GoogleUtilities-Environment.build/Objects-normal/arm64/e6072d4f65d7061329687fe24e3d63a7-common-args.resp
    
    builtin-ScanDependencies -o /Users/aaronkeen/Library/Developer/Xcode/DerivedData/NutraSafeBeta-awyabywlaekrybetqgpbjphfxefs/Build/Intermediates.noindex/GoogleUtilities.build/Debug-iphonesimulator/GoogleUtilities-Environment.build/Objects-normal/arm64/GULKeychainStorage.o.scan -- /Applications/Xcode.app/Contents/Developer/Toolchains/XcodeDefault.xctoolchain/usr/bin/clang -x objective-c -ivfsstatcache /Users/aaronkeen/Library/Developer/Xcode/DerivedData/SDKStatCaches.noindex/iphonesimulator18.5-22F76-d5fc8ad4295d2ef488fb7d0f804ce0c4.sdkstatcache -fmessage-length\=0 -fdiagnostics-show-note-include-stack -fmacro-backtrace-limit\=0 -fno-color-diagnostics -fmodules-prune-interval\=86400 -fmodules-prune-after\=345600 -fbuild-session-file\=/Users/aaronkeen/Library/Developer/Xcode/DerivedData/ModuleCache.noindex/Session.modulevalidation -fmodules-validate-once-per-build-session -Wnon-modular-include-in-framework-module -Werror\=non-modular-include-in-framework-module -Wno-trigraphs -Wno-missing-field-initializers -Wno-missing-prototypes -Wno-return-type -Wno-implicit-atomic-properties -Wno-objc-interface-ivars -Wno-arc-repeated-use-of-weak -Wno-missing-braces -Wparentheses -Wswitch -Wno-unused-function -Wno-unused-label -Wno-unused-parameter -Wno-unused-variable -Wunused-value -Wno-empty-body -Wno-uninitialized -Wno-unknown-pragmas -w -Wno-shadow -Wno-four-char-constants -Wno-conversion -Wno-constant-conversion -Wno-int-conversion -Wno-bool-conversion -Wno-enum-conversion -Wno-float-conversion -Wno-non-literal-null-conversion -Wno-objc-literal-conversion -Wshorten-64-to-32 -Wpointer-sign -Wno-newline-eof -Wno-selector -Wno-strict-selector-match -Wno-undeclared-selector -Wno-deprecated-implementations -Wno-implicit-fallthrough -fstrict-aliasing -Wprotocol -Wdeprecated-declarations -Wno-sign-conversion -Wno-infinite-recursion -Wno-comma -Wno-block-capture-autoreleasing -Wno-strict-prototypes -Wno-semicolon-before-method-body -index-store-path /Users/aaronkeen/Library/Developer/Xcode/DerivedData/NutraSafeBeta-awyabywlaekrybetqgpbjphfxefs/Index.noindex/DataStore @/Users/aaronkeen/Library/Developer/Xcode/DerivedData/NutraSafeBeta-awyabywlaekrybetqgpbjphfxefs/Build/Intermediates.noindex/GoogleUtilities.build/Debug-iphonesimulator/GoogleUtilities-Environment.build/Objects-normal/arm64/e6072d4f65d7061329687fe24e3d63a7-common-args.resp -include /Users/aaronkeen/Library/Developer/Xcode/DerivedData/NutraSafeBeta-awyabywlaekrybetqgpbjphfxefs/Build/Intermediates.noindex/GoogleUtilities.build/Debug-iphonesimulator/GoogleUtilities-Environment.build/DerivedSources/resource_bundle_accessor.h -MMD -MT dependencies -MF /Users/aaronkeen/Library/Developer/Xcode/DerivedData/NutraSafeBeta-awyabywlaekrybetqgpbjphfxefs/Build/Intermediates.noindex/GoogleUtilities.build/Debug-iphonesimulator/GoogleUtilities-Environment.build/Objects-normal/arm64/GULKeychainStorage.d --serialize-diagnostics /Users/aaronkeen/Library/Developer/Xcode/DerivedData/NutraSafeBeta-awyabywlaekrybetqgpbjphfxefs/Build/Intermediates.noindex/GoogleUtilities.build/Debug-iphonesimulator/GoogleUtilities-Environment.build/Objects-normal/arm64/GULKeychainStorage.dia -c /Users/aaronkeen/Library/Developer/Xcode/DerivedData/NutraSafeBeta-awyabywlaekrybetqgpbjphfxefs/SourcePackages/checkouts/GoogleUtilities/GoogleUtilities/Environment/SecureStorage/GULKeychainStorage.m -o /Users/aaronkeen/Library/Developer/Xcode/DerivedData/NutraSafeBeta-awyabywlaekrybetqgpbjphfxefs/Build/Intermediates.noindex/GoogleUtilities.build/Debug-iphonesimulator/GoogleUtilities-Environment.build/Objects-normal/arm64/GULKeychainStorage.o -index-unit-output-path /GoogleUtilities.build/Debug-iphonesimulator/GoogleUtilities-Environment.build/Objects-normal/arm64/GULKeychainStorage.o

ScanDependencies /Users/aaronkeen/Library/Developer/Xcode/DerivedData/NutraSafeBeta-awyabywlaekrybetqgpbjphfxefs/Build/Intermediates.noindex/GoogleUtilities.build/Debug-iphonesimulator/GoogleUtilities-Environment.build/Objects-normal/arm64/resource_bundle_accessor.o /Users/aaronkeen/Library/Developer/Xcode/DerivedData/NutraSafeBeta-awyabywlaekrybetqgpbjphfxefs/Build/Intermediates.noindex/GoogleUtilities.build/Debug-iphonesimulator/GoogleUtilities-Environment.build/DerivedSources/resource_bundle_accessor.m normal arm64 objective-c com.apple.compilers.llvm.clang.1_0.compiler (in target 'GoogleUtilities-Environment' from project 'GoogleUtilities')
    cd /Users/aaronkeen/Documents/My\ Apps/NutraSafe\ Beta/NutraSafeBeta.xcodeproj
    
    Using response file: /Users/aaronkeen/Library/Developer/Xcode/DerivedData/NutraSafeBeta-awyabywlaekrybetqgpbjphfxefs/Build/Intermediates.noindex/GoogleUtilities.build/Debug-iphonesimulator/GoogleUtilities-Environment.build/Objects-normal/arm64/e6072d4f65d7061329687fe24e3d63a7-common-args.resp
    
    builtin-ScanDependencies -o /Users/aaronkeen/Library/Developer/Xcode/DerivedData/NutraSafeBeta-awyabywlaekrybetqgpbjphfxefs/Build/Intermediates.noindex/GoogleUtilities.build/Debug-iphonesimulator/GoogleUtilities-Environment.build/Objects-normal/arm64/resource_bundle_accessor.o.scan -- /Applications/Xcode.app/Contents/Developer/Toolchains/XcodeDefault.xctoolchain/usr/bin/clang -x objective-c -ivfsstatcache /Users/aaronkeen/Library/Developer/Xcode/DerivedData/SDKStatCaches.noindex/iphonesimulator18.5-22F76-d5fc8ad4295d2ef488fb7d0f804ce0c4.sdkstatcache -fmessage-length\=0 -fdiagnostics-show-note-include-stack -fmacro-backtrace-limit\=0 -fno-color-diagnostics -fmodules-prune-interval\=86400 -fmodules-prune-after\=345600 -fbuild-session-file\=/Users/aaronkeen/Library/Developer/Xcode/DerivedData/ModuleCache.noindex/Session.modulevalidation -fmodules-validate-once-per-build-session -Wnon-modular-include-in-framework-module -Werror\=non-modular-include-in-framework-module -Wno-trigraphs -Wno-missing-field-initializers -Wno-missing-prototypes -Wno-return-type -Wno-implicit-atomic-properties -Wno-objc-interface-ivars -Wno-arc-repeated-use-of-weak -Wno-missing-braces -Wparentheses -Wswitch -Wno-unused-function -Wno-unused-label -Wno-unused-parameter -Wno-unused-variable -Wunused-value -Wno-empty-body -Wno-uninitialized -Wno-unknown-pragmas -w -Wno-shadow -Wno-four-char-constants -Wno-conversion -Wno-constant-conversion -Wno-int-conversion -Wno-bool-conversion -Wno-enum-conversion -Wno-float-conversion -Wno-non-literal-null-conversion -Wno-objc-literal-conversion -Wshorten-64-to-32 -Wpointer-sign -Wno-newline-eof -Wno-selector -Wno-strict-selector-match -Wno-undeclared-selector -Wno-deprecated-implementations -Wno-implicit-fallthrough -fstrict-aliasing -Wprotocol -Wdeprecated-declarations -Wno-sign-conversion -Wno-infinite-recursion -Wno-comma -Wno-block-capture-autoreleasing -Wno-strict-prototypes -Wno-semicolon-before-method-body -index-store-path /Users/aaronkeen/Library/Developer/Xcode/DerivedData/NutraSafeBeta-awyabywlaekrybetqgpbjphfxefs/Index.noindex/DataStore @/Users/aaronkeen/Library/Developer/Xcode/DerivedData/NutraSafeBeta-awyabywlaekrybetqgpbjphfxefs/Build/Intermediates.noindex/GoogleUtilities.build/Debug-iphonesimulator/GoogleUtilities-Environment.build/Objects-normal/arm64/e6072d4f65d7061329687fe24e3d63a7-common-args.resp -include /Users/aaronkeen/Library/Developer/Xcode/DerivedData/NutraSafeBeta-awyabywlaekrybetqgpbjphfxefs/Build/Intermediates.noindex/GoogleUtilities.build/Debug-iphonesimulator/GoogleUtilities-Environment.build/DerivedSources/resource_bundle_accessor.h -MMD -MT dependencies -MF /Users/aaronkeen/Library/Developer/Xcode/DerivedData/NutraSafeBeta-awyabywlaekrybetqgpbjphfxefs/Build/Intermediates.noindex/GoogleUtilities.build/Debug-iphonesimulator/GoogleUtilities-Environment.build/Objects-normal/arm64/resource_bundle_accessor.d --serialize-diagnostics /Users/aaronkeen/Library/Developer/Xcode/DerivedData/NutraSafeBeta-awyabywlaekrybetqgpbjphfxefs/Build/Intermediates.noindex/GoogleUtilities.build/Debug-iphonesimulator/GoogleUtilities-Environment.build/Objects-normal/arm64/resource_bundle_accessor.dia -c /Users/aaronkeen/Library/Developer/Xcode/DerivedData/NutraSafeBeta-awyabywlaekrybetqgpbjphfxefs/Build/Intermediates.noindex/GoogleUtilities.build/Debug-iphonesimulator/GoogleUtilities-Environment.build/DerivedSources/resource_bundle_accessor.m -o /Users/aaronkeen/Library/Developer/Xcode/DerivedData/NutraSafeBeta-awyabywlaekrybetqgpbjphfxefs/Build/Intermediates.noindex/GoogleUtilities.build/Debug-iphonesimulator/GoogleUtilities-Environment.build/Objects-normal/arm64/resource_bundle_accessor.o -index-unit-output-path /GoogleUtilities.build/Debug-iphonesimulator/GoogleUtilities-Environment.build/Objects-normal/arm64/resource_bundle_accessor.o

SwiftDriver FirebaseSharedSwift normal arm64 com.apple.xcode.tools.swift.compiler (in target 'FirebaseSharedSwift' from project 'Firebase')
    cd /Users/aaronkeen/Documents/My\ Apps/NutraSafe\ Beta/NutraSafeBeta.xcodeproj
    builtin-SwiftDriver -- /Applications/Xcode.app/Contents/Developer/Toolchains/XcodeDefault.xctoolchain/usr/bin/swiftc -module-name FirebaseSharedSwift -Onone -enforce-exclusivity\=checked @/Users/aaronkeen/Library/Developer/Xcode/DerivedData/NutraSafeBeta-awyabywlaekrybetqgpbjphfxefs/Build/Intermediates.noindex/Firebase.build/Debug-iphonesimulator/FirebaseSharedSwift.build/Objects-normal/arm64/FirebaseSharedSwift.SwiftFileList -DSWIFT_PACKAGE -DDEBUG -DXcode -plugin-path /Applications/Xcode.app/Contents/Developer/Toolchains/XcodeDefault.xctoolchain/usr/lib/swift/host/plugins/testing -enable-experimental-feature DebugDescriptionMacro -sdk /Applications/Xcode.app/Contents/Developer/Platforms/iPhoneSimulator.platform/Developer/SDKs/iPhoneSimulator18.5.sdk -target arm64-apple-ios15.0-simulator -g -module-cache-path /Users/aaronkeen/Library/Developer/Xcode/DerivedData/ModuleCache.noindex -Xfrontend -serialize-debugging-options -enable-testing -suppress-warnings -index-store-path /Users/aaronkeen/Library/Developer/Xcode/DerivedData/NutraSafeBeta-awyabywlaekrybetqgpbjphfxefs/Index.noindex/DataStore -swift-version 5 -I /Users/aaronkeen/Library/Developer/Xcode/DerivedData/NutraSafeBeta-awyabywlaekrybetqgpbjphfxefs/Build/Products/Debug-iphonesimulator -I /Applications/Xcode.app/Contents/Developer/Platforms/iPhoneSimulator.platform/Developer/usr/lib -F /Users/aaronkeen/Library/Developer/Xcode/DerivedData/NutraSafeBeta-awyabywlaekrybetqgpbjphfxefs/Build/Products/Debug-iphonesimulator -F /Applications/Xcode.app/Contents/Developer/Platforms/iPhoneSimulator.platform/Developer/Library/Frameworks -F /Applications/Xcode.app/Contents/Developer/Platforms/iPhoneSimulator.platform/Developer/SDKs/iPhoneSimulator18.5.sdk/Developer/Library/Frameworks -c -j14 -enable-batch-mode -incremental -Xcc -ivfsstatcache -Xcc /Users/aaronkeen/Library/Developer/Xcode/DerivedData/SDKStatCaches.noindex/iphonesimulator18.5-22F76-d5fc8ad4295d2ef488fb7d0f804ce0c4.sdkstatcache -output-file-map /Users/aaronkeen/Library/Developer/Xcode/DerivedData/NutraSafeBeta-awyabywlaekrybetqgpbjphfxefs/Build/Intermediates.noindex/Firebase.build/Debug-iphonesimulator/FirebaseSharedSwift.build/Objects-normal/arm64/FirebaseSharedSwift-OutputFileMap.json -use-frontend-parseable-output -save-temps -no-color-diagnostics -serialize-diagnostics -emit-dependencies -emit-module -emit-module-path /Users/aaronkeen/Library/Developer/Xcode/DerivedData/NutraSafeBeta-awyabywlaekrybetqgpbjphfxefs/Build/Intermediates.noindex/Firebase.build/Debug-iphonesimulator/FirebaseSharedSwift.build/Objects-normal/arm64/FirebaseSharedSwift.swiftmodule -user-module-version 12.2.0 -validate-clang-modules-once -clang-build-session-file /Users/aaronkeen/Library/Developer/Xcode/DerivedData/ModuleCache.noindex/Session.modulevalidation -package-name firebase_ios_sdk -Xcc -I/Users/aaronkeen/Library/Developer/Xcode/DerivedData/NutraSafeBeta-awyabywlaekrybetqgpbjphfxefs/Build/Intermediates.noindex/Firebase.build/Debug-iphonesimulator/FirebaseSharedSwift.build/swift-overrides.hmap -emit-const-values -Xfrontend -const-gather-protocols-file -Xfrontend /Users/aaronkeen/Library/Developer/Xcode/DerivedData/NutraSafeBeta-awyabywlaekrybetqgpbjphfxefs/Build/Intermediates.noindex/Firebase.build/Debug-iphonesimulator/FirebaseSharedSwift.build/Objects-normal/arm64/FirebaseSharedSwift_const_extract_protocols.json -Xcc -I/Users/aaronkeen/Library/Developer/Xcode/DerivedData/NutraSafeBeta-awyabywlaekrybetqgpbjphfxefs/Build/Products/Debug-iphonesimulator/include -Xcc -I/Users/aaronkeen/Library/Developer/Xcode/DerivedData/NutraSafeBeta-awyabywlaekrybetqgpbjphfxefs/Build/Intermediates.noindex/Firebase.build/Debug-iphonesimulator/FirebaseSharedSwift.build/DerivedSources-normal/arm64 -Xcc -I/Users/aaronkeen/Library/Developer/Xcode/DerivedData/NutraSafeBeta-awyabywlaekrybetqgpbjphfxefs/Build/Intermediates.noindex/Firebase.build/Debug-iphonesimulator/FirebaseSharedSwift.build/DerivedSources/arm64 -Xcc -I/Users/aaronkeen/Library/Developer/Xcode/DerivedData/NutraSafeBeta-awyabywlaekrybetqgpbjphfxefs/Build/Intermediates.noindex/Firebase.build/Debug-iphonesimulator/FirebaseSharedSwift.build/DerivedSources -Xcc -DSWIFT_PACKAGE -Xcc -DDEBUG\=1 -emit-objc-header -emit-objc-header-path /Users/aaronkeen/Library/Developer/Xcode/DerivedData/NutraSafeBeta-awyabywlaekrybetqgpbjphfxefs/Build/Intermediates.noindex/Firebase.build/Debug-iphonesimulator/FirebaseSharedSwift.build/Objects-normal/arm64/FirebaseSharedSwift-Swift.h -working-directory /Users/aaronkeen/Documents/My\ Apps/NutraSafe\ Beta/NutraSafeBeta.xcodeproj -experimental-emit-module-separately -disable-cmo

CompileC /Users/aaronkeen/Library/Developer/Xcode/DerivedData/NutraSafeBeta-awyabywlaekrybetqgpbjphfxefs/Build/Intermediates.noindex/leveldb.build/Debug-iphonesimulator/leveldb.build/Objects-normal/arm64/write_batch.o /Users/aaronkeen/Library/Developer/Xcode/DerivedData/NutraSafeBeta-awyabywlaekrybetqgpbjphfxefs/SourcePackages/checkouts/leveldb/db/write_batch.cc normal arm64 c++ com.apple.compilers.llvm.clang.1_0.compiler (in target 'leveldb' from project 'leveldb')
    cd /Users/aaronkeen/Documents/My\ Apps/NutraSafe\ Beta/NutraSafeBeta.xcodeproj
    
    Using response file: /Users/aaronkeen/Library/Developer/Xcode/DerivedData/NutraSafeBeta-awyabywlaekrybetqgpbjphfxefs/Build/Intermediates.noindex/leveldb.build/Debug-iphonesimulator/leveldb.build/Objects-normal/arm64/82b82416624d2658e5098eb0a28c15c5-common-args.resp
    
    /Applications/Xcode.app/Contents/Developer/Toolchains/XcodeDefault.xctoolchain/usr/bin/clang -x c++ -ivfsstatcache /Users/aaronkeen/Library/Developer/Xcode/DerivedData/SDKStatCaches.noindex/iphonesimulator18.5-22F76-d5fc8ad4295d2ef488fb7d0f804ce0c4.sdkstatcache -fmessage-length\=0 -fdiagnostics-show-note-include-stack -fmacro-backtrace-limit\=0 -fno-color-diagnostics -fmodules-prune-interval\=86400 -fmodules-prune-after\=345600 -fbuild-session-file\=/Users/aaronkeen/Library/Developer/Xcode/DerivedData/ModuleCache.noindex/Session.modulevalidation -fmodules-validate-once-per-build-session -Wnon-modular-include-in-framework-module -Werror\=non-modular-include-in-framework-module -Wno-trigraphs -Wno-missing-field-initializers -Wno-missing-prototypes -Wno-return-type -Wno-non-virtual-dtor -Wno-overloaded-virtual -Wno-exit-time-destructors -Wno-missing-braces -Wparentheses -Wswitch -Wno-unused-function -Wno-unused-label -Wno-unused-parameter -Wno-unused-variable -Wunused-value -Wno-empty-body -Wno-uninitialized -Wno-unknown-pragmas -w -Wno-shadow -Wno-four-char-constants -Wno-conversion -Wno-constant-conversion -Wno-int-conversion -Wno-bool-conversion -Wno-enum-conversion -Wno-float-conversion -Wno-non-literal-null-conversion -Wno-objc-literal-conversion -Wshorten-64-to-32 -Wno-newline-eof -Wno-c++11-extensions -Wno-implicit-fallthrough -fstrict-aliasing -Wdeprecated-declarations -Winvalid-offsetof -Wno-sign-conversion -Wno-infinite-recursion -Wno-move -Wno-comma -Wno-block-capture-autoreleasing -Wno-strict-prototypes -Wno-range-loop-analysis -Wno-semicolon-before-method-body -index-store-path /Users/aaronkeen/Library/Developer/Xcode/DerivedData/NutraSafeBeta-awyabywlaekrybetqgpbjphfxefs/Index.noindex/DataStore @/Users/aaronkeen/Library/Developer/Xcode/DerivedData/NutraSafeBeta-awyabywlaekrybetqgpbjphfxefs/Build/Intermediates.noindex/leveldb.build/Debug-iphonesimulator/leveldb.build/Objects-normal/arm64/82b82416624d2658e5098eb0a28c15c5-common-args.resp -MMD -MT dependencies -MF /Users/aaronkeen/Library/Developer/Xcode/DerivedData/NutraSafeBeta-awyabywlaekrybetqgpbjphfxefs/Build/Intermediates.noindex/leveldb.build/Debug-iphonesimulator/leveldb.build/Objects-normal/arm64/write_batch.d --serialize-diagnostics /Users/aaronkeen/Library/Developer/Xcode/DerivedData/NutraSafeBeta-awyabywlaekrybetqgpbjphfxefs/Build/Intermediates.noindex/leveldb.build/Debug-iphonesimulator/leveldb.build/Objects-normal/arm64/write_batch.dia -c /Users/aaronkeen/Library/Developer/Xcode/DerivedData/NutraSafeBeta-awyabywlaekrybetqgpbjphfxefs/SourcePackages/checkouts/leveldb/db/write_batch.cc -o /Users/aaronkeen/Library/Developer/Xcode/DerivedData/NutraSafeBeta-awyabywlaekrybetqgpbjphfxefs/Build/Intermediates.noindex/leveldb.build/Debug-iphonesimulator/leveldb.build/Objects-normal/arm64/write_batch.o -index-unit-output-path /leveldb.build/Debug-iphonesimulator/leveldb.build/Objects-normal/arm64/write_batch.o

CompileC /Users/aaronkeen/Library/Developer/Xcode/DerivedData/NutraSafeBeta-awyabywlaekrybetqgpbjphfxefs/Build/Intermediates.noindex/leveldb.build/Debug-iphonesimulator/leveldb.build/Objects-normal/arm64/version_set.o /Users/aaronkeen/Library/Developer/Xcode/DerivedData/NutraSafeBeta-awyabywlaekrybetqgpbjphfxefs/SourcePackages/checkouts/leveldb/db/version_set.cc normal arm64 c++ com.apple.compilers.llvm.clang.1_0.compiler (in target 'leveldb' from project 'leveldb')
    cd /Users/aaronkeen/Documents/My\ Apps/NutraSafe\ Beta/NutraSafeBeta.xcodeproj
    
    Using response file: /Users/aaronkeen/Library/Developer/Xcode/DerivedData/NutraSafeBeta-awyabywlaekrybetqgpbjphfxefs/Build/Intermediates.noindex/leveldb.build/Debug-iphonesimulator/leveldb.build/Objects-normal/arm64/82b82416624d2658e5098eb0a28c15c5-common-args.resp
    
    /Applications/Xcode.app/Contents/Developer/Toolchains/XcodeDefault.xctoolchain/usr/bin/clang -x c++ -ivfsstatcache /Users/aaronkeen/Library/Developer/Xcode/DerivedData/SDKStatCaches.noindex/iphonesimulator18.5-22F76-d5fc8ad4295d2ef488fb7d0f804ce0c4.sdkstatcache -fmessage-length\=0 -fdiagnostics-show-note-include-stack -fmacro-backtrace-limit\=0 -fno-color-diagnostics -fmodules-prune-interval\=86400 -fmodules-prune-after\=345600 -fbuild-session-file\=/Users/aaronkeen/Library/Developer/Xcode/DerivedData/ModuleCache.noindex/Session.modulevalidation -fmodules-validate-once-per-build-session -Wnon-modular-include-in-framework-module -Werror\=non-modular-include-in-framework-module -Wno-trigraphs -Wno-missing-field-initializers -Wno-missing-prototypes -Wno-return-type -Wno-non-virtual-dtor -Wno-overloaded-virtual -Wno-exit-time-destructors -Wno-missing-braces -Wparentheses -Wswitch -Wno-unused-function -Wno-unused-label -Wno-unused-parameter -Wno-unused-variable -Wunused-value -Wno-empty-body -Wno-uninitialized -Wno-unknown-pragmas -w -Wno-shadow -Wno-four-char-constants -Wno-conversion -Wno-constant-conversion -Wno-int-conversion -Wno-bool-conversion -Wno-enum-conversion -Wno-float-conversion -Wno-non-literal-null-conversion -Wno-objc-literal-conversion -Wshorten-64-to-32 -Wno-newline-eof -Wno-c++11-extensions -Wno-implicit-fallthrough -fstrict-aliasing -Wdeprecated-declarations -Winvalid-offsetof -Wno-sign-conversion -Wno-infinite-recursion -Wno-move -Wno-comma -Wno-block-capture-autoreleasing -Wno-strict-prototypes -Wno-range-loop-analysis -Wno-semicolon-before-method-body -index-store-path /Users/aaronkeen/Library/Developer/Xcode/DerivedData/NutraSafeBeta-awyabywlaekrybetqgpbjphfxefs/Index.noindex/DataStore @/Users/aaronkeen/Library/Developer/Xcode/DerivedData/NutraSafeBeta-awyabywlaekrybetqgpbjphfxefs/Build/Intermediates.noindex/leveldb.build/Debug-iphonesimulator/leveldb.build/Objects-normal/arm64/82b82416624d2658e5098eb0a28c15c5-common-args.resp -MMD -MT dependencies -MF /Users/aaronkeen/Library/Developer/Xcode/DerivedData/NutraSafeBeta-awyabywlaekrybetqgpbjphfxefs/Build/Intermediates.noindex/leveldb.build/Debug-iphonesimulator/leveldb.build/Objects-normal/arm64/version_set.d --serialize-diagnostics /Users/aaronkeen/Library/Developer/Xcode/DerivedData/NutraSafeBeta-awyabywlaekrybetqgpbjphfxefs/Build/Intermediates.noindex/leveldb.build/Debug-iphonesimulator/leveldb.build/Objects-normal/arm64/version_set.dia -c /Users/aaronkeen/Library/Developer/Xcode/DerivedData/NutraSafeBeta-awyabywlaekrybetqgpbjphfxefs/SourcePackages/checkouts/leveldb/db/version_set.cc -o /Users/aaronkeen/Library/Developer/Xcode/DerivedData/NutraSafeBeta-awyabywlaekrybetqgpbjphfxefs/Build/Intermediates.noindex/leveldb.build/Debug-iphonesimulator/leveldb.build/Objects-normal/arm64/version_set.o -index-unit-output-path /leveldb.build/Debug-iphonesimulator/leveldb.build/Objects-normal/arm64/version_set.o

CompileC /Users/aaronkeen/Library/Developer/Xcode/DerivedData/NutraSafeBeta-awyabywlaekrybetqgpbjphfxefs/Build/Intermediates.noindex/leveldb.build/Debug-iphonesimulator/leveldb.build/Objects-normal/arm64/version_edit.o /Users/aaronkeen/Library/Developer/Xcode/DerivedData/NutraSafeBeta-awyabywlaekrybetqgpbjphfxefs/SourcePackages/checkouts/leveldb/db/version_edit.cc normal arm64 c++ com.apple.compilers.llvm.clang.1_0.compiler (in target 'leveldb' from project 'leveldb')
    cd /Users/aaronkeen/Documents/My\ Apps/NutraSafe\ Beta/NutraSafeBeta.xcodeproj
    
    Using response file: /Users/aaronkeen/Library/Developer/Xcode/DerivedData/NutraSafeBeta-awyabywlaekrybetqgpbjphfxefs/Build/Intermediates.noindex/leveldb.build/Debug-iphonesimulator/leveldb.build/Objects-normal/arm64/82b82416624d2658e5098eb0a28c15c5-common-args.resp
    
    /Applications/Xcode.app/Contents/Developer/Toolchains/XcodeDefault.xctoolchain/usr/bin/clang -x c++ -ivfsstatcache /Users/aaronkeen/Library/Developer/Xcode/DerivedData/SDKStatCaches.noindex/iphonesimulator18.5-22F76-d5fc8ad4295d2ef488fb7d0f804ce0c4.sdkstatcache -fmessage-length\=0 -fdiagnostics-show-note-include-stack -fmacro-backtrace-limit\=0 -fno-color-diagnostics -fmodules-prune-interval\=86400 -fmodules-prune-after\=345600 -fbuild-session-file\=/Users/aaronkeen/Library/Developer/Xcode/DerivedData/ModuleCache.noindex/Session.modulevalidation -fmodules-validate-once-per-build-session -Wnon-modular-include-in-framework-module -Werror\=non-modular-include-in-framework-module -Wno-trigraphs -Wno-missing-field-initializers -Wno-missing-prototypes -Wno-return-type -Wno-non-virtual-dtor -Wno-overloaded-virtual -Wno-exit-time-destructors -Wno-missing-braces -Wparentheses -Wswitch -Wno-unused-function -Wno-unused-label -Wno-unused-parameter -Wno-unused-variable -Wunused-value -Wno-empty-body -Wno-uninitialized -Wno-unknown-pragmas -w -Wno-shadow -Wno-four-char-constants -Wno-conversion -Wno-constant-conversion -Wno-int-conversion -Wno-bool-conversion -Wno-enum-conversion -Wno-float-conversion -Wno-non-literal-null-conversion -Wno-objc-literal-conversion -Wshorten-64-to-32 -Wno-newline-eof -Wno-c++11-extensions -Wno-implicit-fallthrough -fstrict-aliasing -Wdeprecated-declarations -Winvalid-offsetof -Wno-sign-conversion -Wno-infinite-recursion -Wno-move -Wno-comma -Wno-block-capture-autoreleasing -Wno-strict-prototypes -Wno-range-loop-analysis -Wno-semicolon-before-method-body -index-store-path /Users/aaronkeen/Library/Developer/Xcode/DerivedData/NutraSafeBeta-awyabywlaekrybetqgpbjphfxefs/Index.noindex/DataStore @/Users/aaronkeen/Library/Developer/Xcode/DerivedData/NutraSafeBeta-awyabywlaekrybetqgpbjphfxefs/Build/Intermediates.noindex/leveldb.build/Debug-iphonesimulator/leveldb.build/Objects-normal/arm64/82b82416624d2658e5098eb0a28c15c5-common-args.resp -MMD -MT dependencies -MF /Users/aaronkeen/Library/Developer/Xcode/DerivedData/NutraSafeBeta-awyabywlaekrybetqgpbjphfxefs/Build/Intermediates.noindex/leveldb.build/Debug-iphonesimulator/leveldb.build/Objects-normal/arm64/version_edit.d --serialize-diagnostics /Users/aaronkeen/Library/Developer/Xcode/DerivedData/NutraSafeBeta-awyabywlaekrybetqgpbjphfxefs/Build/Intermediates.noindex/leveldb.build/Debug-iphonesimulator/leveldb.build/Objects-normal/arm64/version_edit.dia -c /Users/aaronkeen/Library/Developer/Xcode/DerivedData/NutraSafeBeta-awyabywlaekrybetqgpbjphfxefs/SourcePackages/checkouts/leveldb/db/version_edit.cc -o /Users/aaronkeen/Library/Developer/Xcode/DerivedData/NutraSafeBeta-awyabywlaekrybetqgpbjphfxefs/Build/Intermediates.noindex/leveldb.build/Debug-iphonesimulator/leveldb.build/Objects-normal/arm64/version_edit.o -index-unit-output-path /leveldb.build/Debug-iphonesimulator/leveldb.build/Objects-normal/arm64/version_edit.o

CompileC /Users/aaronkeen/Library/Developer/Xcode/DerivedData/NutraSafeBeta-awyabywlaekrybetqgpbjphfxefs/Build/Intermediates.noindex/leveldb.build/Debug-iphonesimulator/leveldb.build/Objects-normal/arm64/two_level_iterator.o /Users/aaronkeen/Library/Developer/Xcode/DerivedData/NutraSafeBeta-awyabywlaekrybetqgpbjphfxefs/SourcePackages/checkouts/leveldb/table/two_level_iterator.cc normal arm64 c++ com.apple.compilers.llvm.clang.1_0.compiler (in target 'leveldb' from project 'leveldb')
    cd /Users/aaronkeen/Documents/My\ Apps/NutraSafe\ Beta/NutraSafeBeta.xcodeproj
    
    Using response file: /Users/aaronkeen/Library/Developer/Xcode/DerivedData/NutraSafeBeta-awyabywlaekrybetqgpbjphfxefs/Build/Intermediates.noindex/leveldb.build/Debug-iphonesimulator/leveldb.build/Objects-normal/arm64/82b82416624d2658e5098eb0a28c15c5-common-args.resp
    
    /Applications/Xcode.app/Contents/Developer/Toolchains/XcodeDefault.xctoolchain/usr/bin/clang -x c++ -ivfsstatcache /Users/aaronkeen/Library/Developer/Xcode/DerivedData/SDKStatCaches.noindex/iphonesimulator18.5-22F76-d5fc8ad4295d2ef488fb7d0f804ce0c4.sdkstatcache -fmessage-length\=0 -fdiagnostics-show-note-include-stack -fmacro-backtrace-limit\=0 -fno-color-diagnostics -fmodules-prune-interval\=86400 -fmodules-prune-after\=345600 -fbuild-session-file\=/Users/aaronkeen/Library/Developer/Xcode/DerivedData/ModuleCache.noindex/Session.modulevalidation -fmodules-validate-once-per-build-session -Wnon-modular-include-in-framework-module -Werror\=non-modular-include-in-framework-module -Wno-trigraphs -Wno-missing-field-initializers -Wno-missing-prototypes -Wno-return-type -Wno-non-virtual-dtor -Wno-overloaded-virtual -Wno-exit-time-destructors -Wno-missing-braces -Wparentheses -Wswitch -Wno-unused-function -Wno-unused-label -Wno-unused-parameter -Wno-unused-variable -Wunused-value -Wno-empty-body -Wno-uninitialized -Wno-unknown-pragmas -w -Wno-shadow -Wno-four-char-constants -Wno-conversion -Wno-constant-conversion -Wno-int-conversion -Wno-bool-conversion -Wno-enum-conversion -Wno-float-conversion -Wno-non-literal-null-conversion -Wno-objc-literal-conversion -Wshorten-64-to-32 -Wno-newline-eof -Wno-c++11-extensions -Wno-implicit-fallthrough -fstrict-aliasing -Wdeprecated-declarations -Winvalid-offsetof -Wno-sign-conversion -Wno-infinite-recursion -Wno-move -Wno-comma -Wno-block-capture-autoreleasing -Wno-strict-prototypes -Wno-range-loop-analysis -Wno-semicolon-before-method-body -index-store-path /Users/aaronkeen/Library/Developer/Xcode/DerivedData/NutraSafeBeta-awyabywlaekrybetqgpbjphfxefs/Index.noindex/DataStore @/Users/aaronkeen/Library/Developer/Xcode/DerivedData/NutraSafeBeta-awyabywlaekrybetqgpbjphfxefs/Build/Intermediates.noindex/leveldb.build/Debug-iphonesimulator/leveldb.build/Objects-normal/arm64/82b82416624d2658e5098eb0a28c15c5-common-args.resp -MMD -MT dependencies -MF /Users/aaronkeen/Library/Developer/Xcode/DerivedData/NutraSafeBeta-awyabywlaekrybetqgpbjphfxefs/Build/Intermediates.noindex/leveldb.build/Debug-iphonesimulator/leveldb.build/Objects-normal/arm64/two_level_iterator.d --serialize-diagnostics /Users/aaronkeen/Library/Developer/Xcode/DerivedData/NutraSafeBeta-awyabywlaekrybetqgpbjphfxefs/Build/Intermediates.noindex/leveldb.build/Debug-iphonesimulator/leveldb.build/Objects-normal/arm64/two_level_iterator.dia -c /Users/aaronkeen/Library/Developer/Xcode/DerivedData/NutraSafeBeta-awyabywlaekrybetqgpbjphfxefs/SourcePackages/checkouts/leveldb/table/two_level_iterator.cc -o /Users/aaronkeen/Library/Developer/Xcode/DerivedData/NutraSafeBeta-awyabywlaekrybetqgpbjphfxefs/Build/Intermediates.noindex/leveldb.build/Debug-iphonesimulator/leveldb.build/Objects-normal/arm64/two_level_iterator.o -index-unit-output-path /leveldb.build/Debug-iphonesimulator/leveldb.build/Objects-normal/arm64/two_level_iterator.o

CompileC /Users/aaronkeen/Library/Developer/Xcode/DerivedData/NutraSafeBeta-awyabywlaekrybetqgpbjphfxefs/Build/Intermediates.noindex/leveldb.build/Debug-iphonesimulator/leveldb.build/Objects-normal/arm64/table_cache.o /Users/aaronkeen/Library/Developer/Xcode/DerivedData/NutraSafeBeta-awyabywlaekrybetqgpbjphfxefs/SourcePackages/checkouts/leveldb/db/table_cache.cc normal arm64 c++ com.apple.compilers.llvm.clang.1_0.compiler (in target 'leveldb' from project 'leveldb')
    cd /Users/aaronkeen/Documents/My\ Apps/NutraSafe\ Beta/NutraSafeBeta.xcodeproj
    
    Using response file: /Users/aaronkeen/Library/Developer/Xcode/DerivedData/NutraSafeBeta-awyabywlaekrybetqgpbjphfxefs/Build/Intermediates.noindex/leveldb.build/Debug-iphonesimulator/leveldb.build/Objects-normal/arm64/82b82416624d2658e5098eb0a28c15c5-common-args.resp
    
    /Applications/Xcode.app/Contents/Developer/Toolchains/XcodeDefault.xctoolchain/usr/bin/clang -x c++ -ivfsstatcache /Users/aaronkeen/Library/Developer/Xcode/DerivedData/SDKStatCaches.noindex/iphonesimulator18.5-22F76-d5fc8ad4295d2ef488fb7d0f804ce0c4.sdkstatcache -fmessage-length\=0 -fdiagnostics-show-note-include-stack -fmacro-backtrace-limit\=0 -fno-color-diagnostics -fmodules-prune-interval\=86400 -fmodules-prune-after\=345600 -fbuild-session-file\=/Users/aaronkeen/Library/Developer/Xcode/DerivedData/ModuleCache.noindex/Session.modulevalidation -fmodules-validate-once-per-build-session -Wnon-modular-include-in-framework-module -Werror\=non-modular-include-in-framework-module -Wno-trigraphs -Wno-missing-field-initializers -Wno-missing-prototypes -Wno-return-type -Wno-non-virtual-dtor -Wno-overloaded-virtual -Wno-exit-time-destructors -Wno-missing-braces -Wparentheses -Wswitch -Wno-unused-function -Wno-unused-label -Wno-unused-parameter -Wno-unused-variable -Wunused-value -Wno-empty-body -Wno-uninitialized -Wno-unknown-pragmas -w -Wno-shadow -Wno-four-char-constants -Wno-conversion -Wno-constant-conversion -Wno-int-conversion -Wno-bool-conversion -Wno-enum-conversion -Wno-float-conversion -Wno-non-literal-null-conversion -Wno-objc-literal-conversion -Wshorten-64-to-32 -Wno-newline-eof -Wno-c++11-extensions -Wno-implicit-fallthrough -fstrict-aliasing -Wdeprecated-declarations -Winvalid-offsetof -Wno-sign-conversion -Wno-infinite-recursion -Wno-move -Wno-comma -Wno-block-capture-autoreleasing -Wno-strict-prototypes -Wno-range-loop-analysis -Wno-semicolon-before-method-body -index-store-path /Users/aaronkeen/Library/Developer/Xcode/DerivedData/NutraSafeBeta-awyabywlaekrybetqgpbjphfxefs/Index.noindex/DataStore @/Users/aaronkeen/Library/Developer/Xcode/DerivedData/NutraSafeBeta-awyabywlaekrybetqgpbjphfxefs/Build/Intermediates.noindex/leveldb.build/Debug-iphonesimulator/leveldb.build/Objects-normal/arm64/82b82416624d2658e5098eb0a28c15c5-common-args.resp -MMD -MT dependencies -MF /Users/aaronkeen/Library/Developer/Xcode/DerivedData/NutraSafeBeta-awyabywlaekrybetqgpbjphfxefs/Build/Intermediates.noindex/leveldb.build/Debug-iphonesimulator/leveldb.build/Objects-normal/arm64/table_cache.d --serialize-diagnostics /Users/aaronkeen/Library/Developer/Xcode/DerivedData/NutraSafeBeta-awyabywlaekrybetqgpbjphfxefs/Build/Intermediates.noindex/leveldb.build/Debug-iphonesimulator/leveldb.build/Objects-normal/arm64/table_cache.dia -c /Users/aaronkeen/Library/Developer/Xcode/DerivedData/NutraSafeBeta-awyabywlaekrybetqgpbjphfxefs/SourcePackages/checkouts/leveldb/db/table_cache.cc -o /Users/aaronkeen/Library/Developer/Xcode/DerivedData/NutraSafeBeta-awyabywlaekrybetqgpbjphfxefs/Build/Intermediates.noindex/leveldb.build/Debug-iphonesimulator/leveldb.build/Objects-normal/arm64/table_cache.o -index-unit-output-path /leveldb.build/Debug-iphonesimulator/leveldb.build/Objects-normal/arm64/table_cache.o

CompileC /Users/aaronkeen/Library/Developer/Xcode/DerivedData/NutraSafeBeta-awyabywlaekrybetqgpbjphfxefs/Build/Intermediates.noindex/leveldb.build/Debug-iphonesimulator/leveldb.build/Objects-normal/arm64/table_builder.o /Users/aaronkeen/Library/Developer/Xcode/DerivedData/NutraSafeBeta-awyabywlaekrybetqgpbjphfxefs/SourcePackages/checkouts/leveldb/table/table_builder.cc normal arm64 c++ com.apple.compilers.llvm.clang.1_0.compiler (in target 'leveldb' from project 'leveldb')
    cd /Users/aaronkeen/Documents/My\ Apps/NutraSafe\ Beta/NutraSafeBeta.xcodeproj
    
    Using response file: /Users/aaronkeen/Library/Developer/Xcode/DerivedData/NutraSafeBeta-awyabywlaekrybetqgpbjphfxefs/Build/Intermediates.noindex/leveldb.build/Debug-iphonesimulator/leveldb.build/Objects-normal/arm64/82b82416624d2658e5098eb0a28c15c5-common-args.resp
    
    /Applications/Xcode.app/Contents/Developer/Toolchains/XcodeDefault.xctoolchain/usr/bin/clang -x c++ -ivfsstatcache /Users/aaronkeen/Library/Developer/Xcode/DerivedData/SDKStatCaches.noindex/iphonesimulator18.5-22F76-d5fc8ad4295d2ef488fb7d0f804ce0c4.sdkstatcache -fmessage-length\=0 -fdiagnostics-show-note-include-stack -fmacro-backtrace-limit\=0 -fno-color-diagnostics -fmodules-prune-interval\=86400 -fmodules-prune-after\=345600 -fbuild-session-file\=/Users/aaronkeen/Library/Developer/Xcode/DerivedData/ModuleCache.noindex/Session.modulevalidation -fmodules-validate-once-per-build-session -Wnon-modular-include-in-framework-module -Werror\=non-modular-include-in-framework-module -Wno-trigraphs -Wno-missing-field-initializers -Wno-missing-prototypes -Wno-return-type -Wno-non-virtual-dtor -Wno-overloaded-virtual -Wno-exit-time-destructors -Wno-missing-braces -Wparentheses -Wswitch -Wno-unused-function -Wno-unused-label -Wno-unused-parameter -Wno-unused-variable -Wunused-value -Wno-empty-body -Wno-uninitialized -Wno-unknown-pragmas -w -Wno-shadow -Wno-four-char-constants -Wno-conversion -Wno-constant-conversion -Wno-int-conversion -Wno-bool-conversion -Wno-enum-conversion -Wno-float-conversion -Wno-non-literal-null-conversion -Wno-objc-literal-conversion -Wshorten-64-to-32 -Wno-newline-eof -Wno-c++11-extensions -Wno-implicit-fallthrough -fstrict-aliasing -Wdeprecated-declarations -Winvalid-offsetof -Wno-sign-conversion -Wno-infinite-recursion -Wno-move -Wno-comma -Wno-block-capture-autoreleasing -Wno-strict-prototypes -Wno-range-loop-analysis -Wno-semicolon-before-method-body -index-store-path /Users/aaronkeen/Library/Developer/Xcode/DerivedData/NutraSafeBeta-awyabywlaekrybetqgpbjphfxefs/Index.noindex/DataStore @/Users/aaronkeen/Library/Developer/Xcode/DerivedData/NutraSafeBeta-awyabywlaekrybetqgpbjphfxefs/Build/Intermediates.noindex/leveldb.build/Debug-iphonesimulator/leveldb.build/Objects-normal/arm64/82b82416624d2658e5098eb0a28c15c5-common-args.resp -MMD -MT dependencies -MF /Users/aaronkeen/Library/Developer/Xcode/DerivedData/NutraSafeBeta-awyabywlaekrybetqgpbjphfxefs/Build/Intermediates.noindex/leveldb.build/Debug-iphonesimulator/leveldb.build/Objects-normal/arm64/table_builder.d --serialize-diagnostics /Users/aaronkeen/Library/Developer/Xcode/DerivedData/NutraSafeBeta-awyabywlaekrybetqgpbjphfxefs/Build/Intermediates.noindex/leveldb.build/Debug-iphonesimulator/leveldb.build/Objects-normal/arm64/table_builder.dia -c /Users/aaronkeen/Library/Developer/Xcode/DerivedData/NutraSafeBeta-awyabywlaekrybetqgpbjphfxefs/SourcePackages/checkouts/leveldb/table/table_builder.cc -o /Users/aaronkeen/Library/Developer/Xcode/DerivedData/NutraSafeBeta-awyabywlaekrybetqgpbjphfxefs/Build/Intermediates.noindex/leveldb.build/Debug-iphonesimulator/leveldb.build/Objects-normal/arm64/table_builder.o -index-unit-output-path /leveldb.build/Debug-iphonesimulator/leveldb.build/Objects-normal/arm64/table_builder.o

CompileC /Users/aaronkeen/Library/Developer/Xcode/DerivedData/NutraSafeBeta-awyabywlaekrybetqgpbjphfxefs/Build/Intermediates.noindex/leveldb.build/Debug-iphonesimulator/leveldb.build/Objects-normal/arm64/table.o /Users/aaronkeen/Library/Developer/Xcode/DerivedData/NutraSafeBeta-awyabywlaekrybetqgpbjphfxefs/SourcePackages/checkouts/leveldb/table/table.cc normal arm64 c++ com.apple.compilers.llvm.clang.1_0.compiler (in target 'leveldb' from project 'leveldb')
    cd /Users/aaronkeen/Documents/My\ Apps/NutraSafe\ Beta/NutraSafeBeta.xcodeproj
    
    Using response file: /Users/aaronkeen/Library/Developer/Xcode/DerivedData/NutraSafeBeta-awyabywlaekrybetqgpbjphfxefs/Build/Intermediates.noindex/leveldb.build/Debug-iphonesimulator/leveldb.build/Objects-normal/arm64/82b82416624d2658e5098eb0a28c15c5-common-args.resp
    
    /Applications/Xcode.app/Contents/Developer/Toolchains/XcodeDefault.xctoolchain/usr/bin/clang -x c++ -ivfsstatcache /Users/aaronkeen/Library/Developer/Xcode/DerivedData/SDKStatCaches.noindex/iphonesimulator18.5-22F76-d5fc8ad4295d2ef488fb7d0f804ce0c4.sdkstatcache -fmessage-length\=0 -fdiagnostics-show-note-include-stack -fmacro-backtrace-limit\=0 -fno-color-diagnostics -fmodules-prune-interval\=86400 -fmodules-prune-after\=345600 -fbuild-session-file\=/Users/aaronkeen/Library/Developer/Xcode/DerivedData/ModuleCache.noindex/Session.modulevalidation -fmodules-validate-once-per-build-session -Wnon-modular-include-in-framework-module -Werror\=non-modular-include-in-framework-module -Wno-trigraphs -Wno-missing-field-initializers -Wno-missing-prototypes -Wno-return-type -Wno-non-virtual-dtor -Wno-overloaded-virtual -Wno-exit-time-destructors -Wno-missing-braces -Wparentheses -Wswitch -Wno-unused-function -Wno-unused-label -Wno-unused-parameter -Wno-unused-variable -Wunused-value -Wno-empty-body -Wno-uninitialized -Wno-unknown-pragmas -w -Wno-shadow -Wno-four-char-constants -Wno-conversion -Wno-constant-conversion -Wno-int-conversion -Wno-bool-conversion -Wno-enum-conversion -Wno-float-conversion -Wno-non-literal-null-conversion -Wno-objc-literal-conversion -Wshorten-64-to-32 -Wno-newline-eof -Wno-c++11-extensions -Wno-implicit-fallthrough -fstrict-aliasing -Wdeprecated-declarations -Winvalid-offsetof -Wno-sign-conversion -Wno-infinite-recursion -Wno-move -Wno-comma -Wno-block-capture-autoreleasing -Wno-strict-prototypes -Wno-range-loop-analysis -Wno-semicolon-before-method-body -index-store-path /Users/aaronkeen/Library/Developer/Xcode/DerivedData/NutraSafeBeta-awyabywlaekrybetqgpbjphfxefs/Index.noindex/DataStore @/Users/aaronkeen/Library/Developer/Xcode/DerivedData/NutraSafeBeta-awyabywlaekrybetqgpbjphfxefs/Build/Intermediates.noindex/leveldb.build/Debug-iphonesimulator/leveldb.build/Objects-normal/arm64/82b82416624d2658e5098eb0a28c15c5-common-args.resp -MMD -MT dependencies -MF /Users/aaronkeen/Library/Developer/Xcode/DerivedData/NutraSafeBeta-awyabywlaekrybetqgpbjphfxefs/Build/Intermediates.noindex/leveldb.build/Debug-iphonesimulator/leveldb.build/Objects-normal/arm64/table.d --serialize-diagnostics /Users/aaronkeen/Library/Developer/Xcode/DerivedData/NutraSafeBeta-awyabywlaekrybetqgpbjphfxefs/Build/Intermediates.noindex/leveldb.build/Debug-iphonesimulator/leveldb.build/Objects-normal/arm64/table.dia -c /Users/aaronkeen/Library/Developer/Xcode/DerivedData/NutraSafeBeta-awyabywlaekrybetqgpbjphfxefs/SourcePackages/checkouts/leveldb/table/table.cc -o /Users/aaronkeen/Library/Developer/Xcode/DerivedData/NutraSafeBeta-awyabywlaekrybetqgpbjphfxefs/Build/Intermediates.noindex/leveldb.build/Debug-iphonesimulator/leveldb.build/Objects-normal/arm64/table.o -index-unit-output-path /leveldb.build/Debug-iphonesimulator/leveldb.build/Objects-normal/arm64/table.o

CompileC /Users/aaronkeen/Library/Developer/Xcode/DerivedData/NutraSafeBeta-awyabywlaekrybetqgpbjphfxefs/Build/Intermediates.noindex/leveldb.build/Debug-iphonesimulator/leveldb.build/Objects-normal/arm64/status.o /Users/aaronkeen/Library/Developer/Xcode/DerivedData/NutraSafeBeta-awyabywlaekrybetqgpbjphfxefs/SourcePackages/checkouts/leveldb/util/status.cc normal arm64 c++ com.apple.compilers.llvm.clang.1_0.compiler (in target 'leveldb' from project 'leveldb')
    cd /Users/aaronkeen/Documents/My\ Apps/NutraSafe\ Beta/NutraSafeBeta.xcodeproj
    
    Using response file: /Users/aaronkeen/Library/Developer/Xcode/DerivedData/NutraSafeBeta-awyabywlaekrybetqgpbjphfxefs/Build/Intermediates.noindex/leveldb.build/Debug-iphonesimulator/leveldb.build/Objects-normal/arm64/82b82416624d2658e5098eb0a28c15c5-common-args.resp
    
    /Applications/Xcode.app/Contents/Developer/Toolchains/XcodeDefault.xctoolchain/usr/bin/clang -x c++ -ivfsstatcache /Users/aaronkeen/Library/Developer/Xcode/DerivedData/SDKStatCaches.noindex/iphonesimulator18.5-22F76-d5fc8ad4295d2ef488fb7d0f804ce0c4.sdkstatcache -fmessage-length\=0 -fdiagnostics-show-note-include-stack -fmacro-backtrace-limit\=0 -fno-color-diagnostics -fmodules-prune-interval\=86400 -fmodules-prune-after\=345600 -fbuild-session-file\=/Users/aaronkeen/Library/Developer/Xcode/DerivedData/ModuleCache.noindex/Session.modulevalidation -fmodules-validate-once-per-build-session -Wnon-modular-include-in-framework-module -Werror\=non-modular-include-in-framework-module -Wno-trigraphs -Wno-missing-field-initializers -Wno-missing-prototypes -Wno-return-type -Wno-non-virtual-dtor -Wno-overloaded-virtual -Wno-exit-time-destructors -Wno-missing-braces -Wparentheses -Wswitch -Wno-unused-function -Wno-unused-label -Wno-unused-parameter -Wno-unused-variable -Wunused-value -Wno-empty-body -Wno-uninitialized -Wno-unknown-pragmas -w -Wno-shadow -Wno-four-char-constants -Wno-conversion -Wno-constant-conversion -Wno-int-conversion -Wno-bool-conversion -Wno-enum-conversion -Wno-float-conversion -Wno-non-literal-null-conversion -Wno-objc-literal-conversion -Wshorten-64-to-32 -Wno-newline-eof -Wno-c++11-extensions -Wno-implicit-fallthrough -fstrict-aliasing -Wdeprecated-declarations -Winvalid-offsetof -Wno-sign-conversion -Wno-infinite-recursion -Wno-move -Wno-comma -Wno-block-capture-autoreleasing -Wno-strict-prototypes -Wno-range-loop-analysis -Wno-semicolon-before-method-body -index-store-path /Users/aaronkeen/Library/Developer/Xcode/DerivedData/NutraSafeBeta-awyabywlaekrybetqgpbjphfxefs/Index.noindex/DataStore @/Users/aaronkeen/Library/Developer/Xcode/DerivedData/NutraSafeBeta-awyabywlaekrybetqgpbjphfxefs/Build/Intermediates.noindex/leveldb.build/Debug-iphonesimulator/leveldb.build/Objects-normal/arm64/82b82416624d2658e5098eb0a28c15c5-common-args.resp -MMD -MT dependencies -MF /Users/aaronkeen/Library/Developer/Xcode/DerivedData/NutraSafeBeta-awyabywlaekrybetqgpbjphfxefs/Build/Intermediates.noindex/leveldb.build/Debug-iphonesimulator/leveldb.build/Objects-normal/arm64/status.d --serialize-diagnostics /Users/aaronkeen/Library/Developer/Xcode/DerivedData/NutraSafeBeta-awyabywlaekrybetqgpbjphfxefs/Build/Intermediates.noindex/leveldb.build/Debug-iphonesimulator/leveldb.build/Objects-normal/arm64/status.dia -c /Users/aaronkeen/Library/Developer/Xcode/DerivedData/NutraSafeBeta-awyabywlaekrybetqgpbjphfxefs/SourcePackages/checkouts/leveldb/util/status.cc -o /Users/aaronkeen/Library/Developer/Xcode/DerivedData/NutraSafeBeta-awyabywlaekrybetqgpbjphfxefs/Build/Intermediates.noindex/leveldb.build/Debug-iphonesimulator/leveldb.build/Objects-normal/arm64/status.o -index-unit-output-path /leveldb.build/Debug-iphonesimulator/leveldb.build/Objects-normal/arm64/status.o

CompileC /Users/aaronkeen/Library/Developer/Xcode/DerivedData/NutraSafeBeta-awyabywlaekrybetqgpbjphfxefs/Build/Intermediates.noindex/leveldb.build/Debug-iphonesimulator/leveldb.build/Objects-normal/arm64/repair.o /Users/aaronkeen/Library/Developer/Xcode/DerivedData/NutraSafeBeta-awyabywlaekrybetqgpbjphfxefs/SourcePackages/checkouts/leveldb/db/repair.cc normal arm64 c++ com.apple.compilers.llvm.clang.1_0.compiler (in target 'leveldb' from project 'leveldb')
    cd /Users/aaronkeen/Documents/My\ Apps/NutraSafe\ Beta/NutraSafeBeta.xcodeproj
    
    Using response file: /Users/aaronkeen/Library/Developer/Xcode/DerivedData/NutraSafeBeta-awyabywlaekrybetqgpbjphfxefs/Build/Intermediates.noindex/leveldb.build/Debug-iphonesimulator/leveldb.build/Objects-normal/arm64/82b82416624d2658e5098eb0a28c15c5-common-args.resp
    
    /Applications/Xcode.app/Contents/Developer/Toolchains/XcodeDefault.xctoolchain/usr/bin/clang -x c++ -ivfsstatcache /Users/aaronkeen/Library/Developer/Xcode/DerivedData/SDKStatCaches.noindex/iphonesimulator18.5-22F76-d5fc8ad4295d2ef488fb7d0f804ce0c4.sdkstatcache -fmessage-length\=0 -fdiagnostics-show-note-include-stack -fmacro-backtrace-limit\=0 -fno-color-diagnostics -fmodules-prune-interval\=86400 -fmodules-prune-after\=345600 -fbuild-session-file\=/Users/aaronkeen/Library/Developer/Xcode/DerivedData/ModuleCache.noindex/Session.modulevalidation -fmodules-validate-once-per-build-session -Wnon-modular-include-in-framework-module -Werror\=non-modular-include-in-framework-module -Wno-trigraphs -Wno-missing-field-initializers -Wno-missing-prototypes -Wno-return-type -Wno-non-virtual-dtor -Wno-overloaded-virtual -Wno-exit-time-destructors -Wno-missing-braces -Wparentheses -Wswitch -Wno-unused-function -Wno-unused-label -Wno-unused-parameter -Wno-unused-variable -Wunused-value -Wno-empty-body -Wno-uninitialized -Wno-unknown-pragmas -w -Wno-shadow -Wno-four-char-constants -Wno-conversion -Wno-constant-conversion -Wno-int-conversion -Wno-bool-conversion -Wno-enum-conversion -Wno-float-conversion -Wno-non-literal-null-conversion -Wno-objc-literal-conversion -Wshorten-64-to-32 -Wno-newline-eof -Wno-c++11-extensions -Wno-implicit-fallthrough -fstrict-aliasing -Wdeprecated-declarations -Winvalid-offsetof -Wno-sign-conversion -Wno-infinite-recursion -Wno-move -Wno-comma -Wno-block-capture-autoreleasing -Wno-strict-prototypes -Wno-range-loop-analysis -Wno-semicolon-before-method-body -index-store-path /Users/aaronkeen/Library/Developer/Xcode/DerivedData/NutraSafeBeta-awyabywlaekrybetqgpbjphfxefs/Index.noindex/DataStore @/Users/aaronkeen/Library/Developer/Xcode/DerivedData/NutraSafeBeta-awyabywlaekrybetqgpbjphfxefs/Build/Intermediates.noindex/leveldb.build/Debug-iphonesimulator/leveldb.build/Objects-normal/arm64/82b82416624d2658e5098eb0a28c15c5-common-args.resp -MMD -MT dependencies -MF /Users/aaronkeen/Library/Developer/Xcode/DerivedData/NutraSafeBeta-awyabywlaekrybetqgpbjphfxefs/Build/Intermediates.noindex/leveldb.build/Debug-iphonesimulator/leveldb.build/Objects-normal/arm64/repair.d --serialize-diagnostics /Users/aaronkeen/Library/Developer/Xcode/DerivedData/NutraSafeBeta-awyabywlaekrybetqgpbjphfxefs/Build/Intermediates.noindex/leveldb.build/Debug-iphonesimulator/leveldb.build/Objects-normal/arm64/repair.dia -c /Users/aaronkeen/Library/Developer/Xcode/DerivedData/NutraSafeBeta-awyabywlaekrybetqgpbjphfxefs/SourcePackages/checkouts/leveldb/db/repair.cc -o /Users/aaronkeen/Library/Developer/Xcode/DerivedData/NutraSafeBeta-awyabywlaekrybetqgpbjphfxefs/Build/Intermediates.noindex/leveldb.build/Debug-iphonesimulator/leveldb.build/Objects-normal/arm64/repair.o -index-unit-output-path /leveldb.build/Debug-iphonesimulator/leveldb.build/Objects-normal/arm64/repair.o

CompileC /Users/aaronkeen/Library/Developer/Xcode/DerivedData/NutraSafeBeta-awyabywlaekrybetqgpbjphfxefs/Build/Intermediates.noindex/leveldb.build/Debug-iphonesimulator/leveldb.build/Objects-normal/arm64/options.o /Users/aaronkeen/Library/Developer/Xcode/DerivedData/NutraSafeBeta-awyabywlaekrybetqgpbjphfxefs/SourcePackages/checkouts/leveldb/util/options.cc normal arm64 c++ com.apple.compilers.llvm.clang.1_0.compiler (in target 'leveldb' from project 'leveldb')
    cd /Users/aaronkeen/Documents/My\ Apps/NutraSafe\ Beta/NutraSafeBeta.xcodeproj
    
    Using response file: /Users/aaronkeen/Library/Developer/Xcode/DerivedData/NutraSafeBeta-awyabywlaekrybetqgpbjphfxefs/Build/Intermediates.noindex/leveldb.build/Debug-iphonesimulator/leveldb.build/Objects-normal/arm64/82b82416624d2658e5098eb0a28c15c5-common-args.resp
    
    /Applications/Xcode.app/Contents/Developer/Toolchains/XcodeDefault.xctoolchain/usr/bin/clang -x c++ -ivfsstatcache /Users/aaronkeen/Library/Developer/Xcode/DerivedData/SDKStatCaches.noindex/iphonesimulator18.5-22F76-d5fc8ad4295d2ef488fb7d0f804ce0c4.sdkstatcache -fmessage-length\=0 -fdiagnostics-show-note-include-stack -fmacro-backtrace-limit\=0 -fno-color-diagnostics -fmodules-prune-interval\=86400 -fmodules-prune-after\=345600 -fbuild-session-file\=/Users/aaronkeen/Library/Developer/Xcode/DerivedData/ModuleCache.noindex/Session.modulevalidation -fmodules-validate-once-per-build-session -Wnon-modular-include-in-framework-module -Werror\=non-modular-include-in-framework-module -Wno-trigraphs -Wno-missing-field-initializers -Wno-missing-prototypes -Wno-return-type -Wno-non-virtual-dtor -Wno-overloaded-virtual -Wno-exit-time-destructors -Wno-missing-braces -Wparentheses -Wswitch -Wno-unused-function -Wno-unused-label -Wno-unused-parameter -Wno-unused-variable -Wunused-value -Wno-empty-body -Wno-uninitialized -Wno-unknown-pragmas -w -Wno-shadow -Wno-four-char-constants -Wno-conversion -Wno-constant-conversion -Wno-int-conversion -Wno-bool-conversion -Wno-enum-conversion -Wno-float-conversion -Wno-non-literal-null-conversion -Wno-objc-literal-conversion -Wshorten-64-to-32 -Wno-newline-eof -Wno-c++11-extensions -Wno-implicit-fallthrough -fstrict-aliasing -Wdeprecated-declarations -Winvalid-offsetof -Wno-sign-conversion -Wno-infinite-recursion -Wno-move -Wno-comma -Wno-block-capture-autoreleasing -Wno-strict-prototypes -Wno-range-loop-analysis -Wno-semicolon-before-method-body -index-store-path /Users/aaronkeen/Library/Developer/Xcode/DerivedData/NutraSafeBeta-awyabywlaekrybetqgpbjphfxefs/Index.noindex/DataStore @/Users/aaronkeen/Library/Developer/Xcode/DerivedData/NutraSafeBeta-awyabywlaekrybetqgpbjphfxefs/Build/Intermediates.noindex/leveldb.build/Debug-iphonesimulator/leveldb.build/Objects-normal/arm64/82b82416624d2658e5098eb0a28c15c5-common-args.resp -MMD -MT dependencies -MF /Users/aaronkeen/Library/Developer/Xcode/DerivedData/NutraSafeBeta-awyabywlaekrybetqgpbjphfxefs/Build/Intermediates.noindex/leveldb.build/Debug-iphonesimulator/leveldb.build/Objects-normal/arm64/options.d --serialize-diagnostics /Users/aaronkeen/Library/Developer/Xcode/DerivedData/NutraSafeBeta-awyabywlaekrybetqgpbjphfxefs/Build/Intermediates.noindex/leveldb.build/Debug-iphonesimulator/leveldb.build/Objects-normal/arm64/options.dia -c /Users/aaronkeen/Library/Developer/Xcode/DerivedData/NutraSafeBeta-awyabywlaekrybetqgpbjphfxefs/SourcePackages/checkouts/leveldb/util/options.cc -o /Users/aaronkeen/Library/Developer/Xcode/DerivedData/NutraSafeBeta-awyabywlaekrybetqgpbjphfxefs/Build/Intermediates.noindex/leveldb.build/Debug-iphonesimulator/leveldb.build/Objects-normal/arm64/options.o -index-unit-output-path /leveldb.build/Debug-iphonesimulator/leveldb.build/Objects-normal/arm64/options.o

CompileC /Users/aaronkeen/Library/Developer/Xcode/DerivedData/NutraSafeBeta-awyabywlaekrybetqgpbjphfxefs/Build/Intermediates.noindex/leveldb.build/Debug-iphonesimulator/leveldb.build/Objects-normal/arm64/merger.o /Users/aaronkeen/Library/Developer/Xcode/DerivedData/NutraSafeBeta-awyabywlaekrybetqgpbjphfxefs/SourcePackages/checkouts/leveldb/table/merger.cc normal arm64 c++ com.apple.compilers.llvm.clang.1_0.compiler (in target 'leveldb' from project 'leveldb')
    cd /Users/aaronkeen/Documents/My\ Apps/NutraSafe\ Beta/NutraSafeBeta.xcodeproj
    
    Using response file: /Users/aaronkeen/Library/Developer/Xcode/DerivedData/NutraSafeBeta-awyabywlaekrybetqgpbjphfxefs/Build/Intermediates.noindex/leveldb.build/Debug-iphonesimulator/leveldb.build/Objects-normal/arm64/82b82416624d2658e5098eb0a28c15c5-common-args.resp
    
    /Applications/Xcode.app/Contents/Developer/Toolchains/XcodeDefault.xctoolchain/usr/bin/clang -x c++ -ivfsstatcache /Users/aaronkeen/Library/Developer/Xcode/DerivedData/SDKStatCaches.noindex/iphonesimulator18.5-22F76-d5fc8ad4295d2ef488fb7d0f804ce0c4.sdkstatcache -fmessage-length\=0 -fdiagnostics-show-note-include-stack -fmacro-backtrace-limit\=0 -fno-color-diagnostics -fmodules-prune-interval\=86400 -fmodules-prune-after\=345600 -fbuild-session-file\=/Users/aaronkeen/Library/Developer/Xcode/DerivedData/ModuleCache.noindex/Session.modulevalidation -fmodules-validate-once-per-build-session -Wnon-modular-include-in-framework-module -Werror\=non-modular-include-in-framework-module -Wno-trigraphs -Wno-missing-field-initializers -Wno-missing-prototypes -Wno-return-type -Wno-non-virtual-dtor -Wno-overloaded-virtual -Wno-exit-time-destructors -Wno-missing-braces -Wparentheses -Wswitch -Wno-unused-function -Wno-unused-label -Wno-unused-parameter -Wno-unused-variable -Wunused-value -Wno-empty-body -Wno-uninitialized -Wno-unknown-pragmas -w -Wno-shadow -Wno-four-char-constants -Wno-conversion -Wno-constant-conversion -Wno-int-conversion -Wno-bool-conversion -Wno-enum-conversion -Wno-float-conversion -Wno-non-literal-null-conversion -Wno-objc-literal-conversion -Wshorten-64-to-32 -Wno-newline-eof -Wno-c++11-extensions -Wno-implicit-fallthrough -fstrict-aliasing -Wdeprecated-declarations -Winvalid-offsetof -Wno-sign-conversion -Wno-infinite-recursion -Wno-move -Wno-comma -Wno-block-capture-autoreleasing -Wno-strict-prototypes -Wno-range-loop-analysis -Wno-semicolon-before-method-body -index-store-path /Users/aaronkeen/Library/Developer/Xcode/DerivedData/NutraSafeBeta-awyabywlaekrybetqgpbjphfxefs/Index.noindex/DataStore @/Users/aaronkeen/Library/Developer/Xcode/DerivedData/NutraSafeBeta-awyabywlaekrybetqgpbjphfxefs/Build/Intermediates.noindex/leveldb.build/Debug-iphonesimulator/leveldb.build/Objects-normal/arm64/82b82416624d2658e5098eb0a28c15c5-common-args.resp -MMD -MT dependencies -MF /Users/aaronkeen/Library/Developer/Xcode/DerivedData/NutraSafeBeta-awyabywlaekrybetqgpbjphfxefs/Build/Intermediates.noindex/leveldb.build/Debug-iphonesimulator/leveldb.build/Objects-normal/arm64/merger.d --serialize-diagnostics /Users/aaronkeen/Library/Developer/Xcode/DerivedData/NutraSafeBeta-awyabywlaekrybetqgpbjphfxefs/Build/Intermediates.noindex/leveldb.build/Debug-iphonesimulator/leveldb.build/Objects-normal/arm64/merger.dia -c /Users/aaronkeen/Library/Developer/Xcode/DerivedData/NutraSafeBeta-awyabywlaekrybetqgpbjphfxefs/SourcePackages/checkouts/leveldb/table/merger.cc -o /Users/aaronkeen/Library/Developer/Xcode/DerivedData/NutraSafeBeta-awyabywlaekrybetqgpbjphfxefs/Build/Intermediates.noindex/leveldb.build/Debug-iphonesimulator/leveldb.build/Objects-normal/arm64/merger.o -index-unit-output-path /leveldb.build/Debug-iphonesimulator/leveldb.build/Objects-normal/arm64/merger.o

CompileC /Users/aaronkeen/Library/Developer/Xcode/DerivedData/NutraSafeBeta-awyabywlaekrybetqgpbjphfxefs/Build/Intermediates.noindex/leveldb.build/Debug-iphonesimulator/leveldb.build/Objects-normal/arm64/memtable.o /Users/aaronkeen/Library/Developer/Xcode/DerivedData/NutraSafeBeta-awyabywlaekrybetqgpbjphfxefs/SourcePackages/checkouts/leveldb/db/memtable.cc normal arm64 c++ com.apple.compilers.llvm.clang.1_0.compiler (in target 'leveldb' from project 'leveldb')
    cd /Users/aaronkeen/Documents/My\ Apps/NutraSafe\ Beta/NutraSafeBeta.xcodeproj
    
    Using response file: /Users/aaronkeen/Library/Developer/Xcode/DerivedData/NutraSafeBeta-awyabywlaekrybetqgpbjphfxefs/Build/Intermediates.noindex/leveldb.build/Debug-iphonesimulator/leveldb.build/Objects-normal/arm64/82b82416624d2658e5098eb0a28c15c5-common-args.resp
    
    /Applications/Xcode.app/Contents/Developer/Toolchains/XcodeDefault.xctoolchain/usr/bin/clang -x c++ -ivfsstatcache /Users/aaronkeen/Library/Developer/Xcode/DerivedData/SDKStatCaches.noindex/iphonesimulator18.5-22F76-d5fc8ad4295d2ef488fb7d0f804ce0c4.sdkstatcache -fmessage-length\=0 -fdiagnostics-show-note-include-stack -fmacro-backtrace-limit\=0 -fno-color-diagnostics -fmodules-prune-interval\=86400 -fmodules-prune-after\=345600 -fbuild-session-file\=/Users/aaronkeen/Library/Developer/Xcode/DerivedData/ModuleCache.noindex/Session.modulevalidation -fmodules-validate-once-per-build-session -Wnon-modular-include-in-framework-module -Werror\=non-modular-include-in-framework-module -Wno-trigraphs -Wno-missing-field-initializers -Wno-missing-prototypes -Wno-return-type -Wno-non-virtual-dtor -Wno-overloaded-virtual -Wno-exit-time-destructors -Wno-missing-braces -Wparentheses -Wswitch -Wno-unused-function -Wno-unused-label -Wno-unused-parameter -Wno-unused-variable -Wunused-value -Wno-empty-body -Wno-uninitialized -Wno-unknown-pragmas -w -Wno-shadow -Wno-four-char-constants -Wno-conversion -Wno-constant-conversion -Wno-int-conversion -Wno-bool-conversion -Wno-enum-conversion -Wno-float-conversion -Wno-non-literal-null-conversion -Wno-objc-literal-conversion -Wshorten-64-to-32 -Wno-newline-eof -Wno-c++11-extensions -Wno-implicit-fallthrough -fstrict-aliasing -Wdeprecated-declarations -Winvalid-offsetof -Wno-sign-conversion -Wno-infinite-recursion -Wno-move -Wno-comma -Wno-block-capture-autoreleasing -Wno-strict-prototypes -Wno-range-loop-analysis -Wno-semicolon-before-method-body -index-store-path /Users/aaronkeen/Library/Developer/Xcode/DerivedData/NutraSafeBeta-awyabywlaekrybetqgpbjphfxefs/Index.noindex/DataStore @/Users/aaronkeen/Library/Developer/Xcode/DerivedData/NutraSafeBeta-awyabywlaekrybetqgpbjphfxefs/Build/Intermediates.noindex/leveldb.build/Debug-iphonesimulator/leveldb.build/Objects-normal/arm64/82b82416624d2658e5098eb0a28c15c5-common-args.resp -MMD -MT dependencies -MF /Users/aaronkeen/Library/Developer/Xcode/DerivedData/NutraSafeBeta-awyabywlaekrybetqgpbjphfxefs/Build/Intermediates.noindex/leveldb.build/Debug-iphonesimulator/leveldb.build/Objects-normal/arm64/memtable.d --serialize-diagnostics /Users/aaronkeen/Library/Developer/Xcode/DerivedData/NutraSafeBeta-awyabywlaekrybetqgpbjphfxefs/Build/Intermediates.noindex/leveldb.build/Debug-iphonesimulator/leveldb.build/Objects-normal/arm64/memtable.dia -c /Users/aaronkeen/Library/Developer/Xcode/DerivedData/NutraSafeBeta-awyabywlaekrybetqgpbjphfxefs/SourcePackages/checkouts/leveldb/db/memtable.cc -o /Users/aaronkeen/Library/Developer/Xcode/DerivedData/NutraSafeBeta-awyabywlaekrybetqgpbjphfxefs/Build/Intermediates.noindex/leveldb.build/Debug-iphonesimulator/leveldb.build/Objects-normal/arm64/memtable.o -index-unit-output-path /leveldb.build/Debug-iphonesimulator/leveldb.build/Objects-normal/arm64/memtable.o

CompileC /Users/aaronkeen/Library/Developer/Xcode/DerivedData/NutraSafeBeta-awyabywlaekrybetqgpbjphfxefs/Build/Intermediates.noindex/leveldb.build/Debug-iphonesimulator/leveldb.build/Objects-normal/arm64/logging.o /Users/aaronkeen/Library/Developer/Xcode/DerivedData/NutraSafeBeta-awyabywlaekrybetqgpbjphfxefs/SourcePackages/checkouts/leveldb/util/logging.cc normal arm64 c++ com.apple.compilers.llvm.clang.1_0.compiler (in target 'leveldb' from project 'leveldb')
    cd /Users/aaronkeen/Documents/My\ Apps/NutraSafe\ Beta/NutraSafeBeta.xcodeproj
    
    Using response file: /Users/aaronkeen/Library/Developer/Xcode/DerivedData/NutraSafeBeta-awyabywlaekrybetqgpbjphfxefs/Build/Intermediates.noindex/leveldb.build/Debug-iphonesimulator/leveldb.build/Objects-normal/arm64/82b82416624d2658e5098eb0a28c15c5-common-args.resp
    
    /Applications/Xcode.app/Contents/Developer/Toolchains/XcodeDefault.xctoolchain/usr/bin/clang -x c++ -ivfsstatcache /Users/aaronkeen/Library/Developer/Xcode/DerivedData/SDKStatCaches.noindex/iphonesimulator18.5-22F76-d5fc8ad4295d2ef488fb7d0f804ce0c4.sdkstatcache -fmessage-length\=0 -fdiagnostics-show-note-include-stack -fmacro-backtrace-limit\=0 -fno-color-diagnostics -fmodules-prune-interval\=86400 -fmodules-prune-after\=345600 -fbuild-session-file\=/Users/aaronkeen/Library/Developer/Xcode/DerivedData/ModuleCache.noindex/Session.modulevalidation -fmodules-validate-once-per-build-session -Wnon-modular-include-in-framework-module -Werror\=non-modular-include-in-framework-module -Wno-trigraphs -Wno-missing-field-initializers -Wno-missing-prototypes -Wno-return-type -Wno-non-virtual-dtor -Wno-overloaded-virtual -Wno-exit-time-destructors -Wno-missing-braces -Wparentheses -Wswitch -Wno-unused-function -Wno-unused-label -Wno-unused-parameter -Wno-unused-variable -Wunused-value -Wno-empty-body -Wno-uninitialized -Wno-unknown-pragmas -w -Wno-shadow -Wno-four-char-constants -Wno-conversion -Wno-constant-conversion -Wno-int-conversion -Wno-bool-conversion -Wno-enum-conversion -Wno-float-conversion -Wno-non-literal-null-conversion -Wno-objc-literal-conversion -Wshorten-64-to-32 -Wno-newline-eof -Wno-c++11-extensions -Wno-implicit-fallthrough -fstrict-aliasing -Wdeprecated-declarations -Winvalid-offsetof -Wno-sign-conversion -Wno-infinite-recursion -Wno-move -Wno-comma -Wno-block-capture-autoreleasing -Wno-strict-prototypes -Wno-range-loop-analysis -Wno-semicolon-before-method-body -index-store-path /Users/aaronkeen/Library/Developer/Xcode/DerivedData/NutraSafeBeta-awyabywlaekrybetqgpbjphfxefs/Index.noindex/DataStore @/Users/aaronkeen/Library/Developer/Xcode/DerivedData/NutraSafeBeta-awyabywlaekrybetqgpbjphfxefs/Build/Intermediates.noindex/leveldb.build/Debug-iphonesimulator/leveldb.build/Objects-normal/arm64/82b82416624d2658e5098eb0a28c15c5-common-args.resp -MMD -MT dependencies -MF /Users/aaronkeen/Library/Developer/Xcode/DerivedData/NutraSafeBeta-awyabywlaekrybetqgpbjphfxefs/Build/Intermediates.noindex/leveldb.build/Debug-iphonesimulator/leveldb.build/Objects-normal/arm64/logging.d --serialize-diagnostics /Users/aaronkeen/Library/Developer/Xcode/DerivedData/NutraSafeBeta-awyabywlaekrybetqgpbjphfxefs/Build/Intermediates.noindex/leveldb.build/Debug-iphonesimulator/leveldb.build/Objects-normal/arm64/logging.dia -c /Users/aaronkeen/Library/Developer/Xcode/DerivedData/NutraSafeBeta-awyabywlaekrybetqgpbjphfxefs/SourcePackages/checkouts/leveldb/util/logging.cc -o /Users/aaronkeen/Library/Developer/Xcode/DerivedData/NutraSafeBeta-awyabywlaekrybetqgpbjphfxefs/Build/Intermediates.noindex/leveldb.build/Debug-iphonesimulator/leveldb.build/Objects-normal/arm64/logging.o -index-unit-output-path /leveldb.build/Debug-iphonesimulator/leveldb.build/Objects-normal/arm64/logging.o

CompileC /Users/aaronkeen/Library/Developer/Xcode/DerivedData/NutraSafeBeta-awyabywlaekrybetqgpbjphfxefs/Build/Intermediates.noindex/leveldb.build/Debug-iphonesimulator/leveldb.build/Objects-normal/arm64/log_writer.o /Users/aaronkeen/Library/Developer/Xcode/DerivedData/NutraSafeBeta-awyabywlaekrybetqgpbjphfxefs/SourcePackages/checkouts/leveldb/db/log_writer.cc normal arm64 c++ com.apple.compilers.llvm.clang.1_0.compiler (in target 'leveldb' from project 'leveldb')
    cd /Users/aaronkeen/Documents/My\ Apps/NutraSafe\ Beta/NutraSafeBeta.xcodeproj
    
    Using response file: /Users/aaronkeen/Library/Developer/Xcode/DerivedData/NutraSafeBeta-awyabywlaekrybetqgpbjphfxefs/Build/Intermediates.noindex/leveldb.build/Debug-iphonesimulator/leveldb.build/Objects-normal/arm64/82b82416624d2658e5098eb0a28c15c5-common-args.resp
    
    /Applications/Xcode.app/Contents/Developer/Toolchains/XcodeDefault.xctoolchain/usr/bin/clang -x c++ -ivfsstatcache /Users/aaronkeen/Library/Developer/Xcode/DerivedData/SDKStatCaches.noindex/iphonesimulator18.5-22F76-d5fc8ad4295d2ef488fb7d0f804ce0c4.sdkstatcache -fmessage-length\=0 -fdiagnostics-show-note-include-stack -fmacro-backtrace-limit\=0 -fno-color-diagnostics -fmodules-prune-interval\=86400 -fmodules-prune-after\=345600 -fbuild-session-file\=/Users/aaronkeen/Library/Developer/Xcode/DerivedData/ModuleCache.noindex/Session.modulevalidation -fmodules-validate-once-per-build-session -Wnon-modular-include-in-framework-module -Werror\=non-modular-include-in-framework-module -Wno-trigraphs -Wno-missing-field-initializers -Wno-missing-prototypes -Wno-return-type -Wno-non-virtual-dtor -Wno-overloaded-virtual -Wno-exit-time-destructors -Wno-missing-braces -Wparentheses -Wswitch -Wno-unused-function -Wno-unused-label -Wno-unused-parameter -Wno-unused-variable -Wunused-value -Wno-empty-body -Wno-uninitialized -Wno-unknown-pragmas -w -Wno-shadow -Wno-four-char-constants -Wno-conversion -Wno-constant-conversion -Wno-int-conversion -Wno-bool-conversion -Wno-enum-conversion -Wno-float-conversion -Wno-non-literal-null-conversion -Wno-objc-literal-conversion -Wshorten-64-to-32 -Wno-newline-eof -Wno-c++11-extensions -Wno-implicit-fallthrough -fstrict-aliasing -Wdeprecated-declarations -Winvalid-offsetof -Wno-sign-conversion -Wno-infinite-recursion -Wno-move -Wno-comma -Wno-block-capture-autoreleasing -Wno-strict-prototypes -Wno-range-loop-analysis -Wno-semicolon-before-method-body -index-store-path /Users/aaronkeen/Library/Developer/Xcode/DerivedData/NutraSafeBeta-awyabywlaekrybetqgpbjphfxefs/Index.noindex/DataStore @/Users/aaronkeen/Library/Developer/Xcode/DerivedData/NutraSafeBeta-awyabywlaekrybetqgpbjphfxefs/Build/Intermediates.noindex/leveldb.build/Debug-iphonesimulator/leveldb.build/Objects-normal/arm64/82b82416624d2658e5098eb0a28c15c5-common-args.resp -MMD -MT dependencies -MF /Users/aaronkeen/Library/Developer/Xcode/DerivedData/NutraSafeBeta-awyabywlaekrybetqgpbjphfxefs/Build/Intermediates.noindex/leveldb.build/Debug-iphonesimulator/leveldb.build/Objects-normal/arm64/log_writer.d --serialize-diagnostics /Users/aaronkeen/Library/Developer/Xcode/DerivedData/NutraSafeBeta-awyabywlaekrybetqgpbjphfxefs/Build/Intermediates.noindex/leveldb.build/Debug-iphonesimulator/leveldb.build/Objects-normal/arm64/log_writer.dia -c /Users/aaronkeen/Library/Developer/Xcode/DerivedData/NutraSafeBeta-awyabywlaekrybetqgpbjphfxefs/SourcePackages/checkouts/leveldb/db/log_writer.cc -o /Users/aaronkeen/Library/Developer/Xcode/DerivedData/NutraSafeBeta-awyabywlaekrybetqgpbjphfxefs/Build/Intermediates.noindex/leveldb.build/Debug-iphonesimulator/leveldb.build/Objects-normal/arm64/log_writer.o -index-unit-output-path /leveldb.build/Debug-iphonesimulator/leveldb.build/Objects-normal/arm64/log_writer.o

SwiftEmitModule normal arm64 Emitting\ module\ for\ FirebaseSharedSwift (in target 'FirebaseSharedSwift' from project 'Firebase')

EmitSwiftModule normal arm64 (in target 'FirebaseSharedSwift' from project 'Firebase')
    cd /Users/aaronkeen/Documents/My\ Apps/NutraSafe\ Beta/NutraSafeBeta.xcodeproj
    

CompileC /Users/aaronkeen/Library/Developer/Xcode/DerivedData/NutraSafeBeta-awyabywlaekrybetqgpbjphfxefs/Build/Intermediates.noindex/leveldb.build/Debug-iphonesimulator/leveldb.build/Objects-normal/arm64/log_reader.o /Users/aaronkeen/Library/Developer/Xcode/DerivedData/NutraSafeBeta-awyabywlaekrybetqgpbjphfxefs/SourcePackages/checkouts/leveldb/db/log_reader.cc normal arm64 c++ com.apple.compilers.llvm.clang.1_0.compiler (in target 'leveldb' from project 'leveldb')
    cd /Users/aaronkeen/Documents/My\ Apps/NutraSafe\ Beta/NutraSafeBeta.xcodeproj
    
    Using response file: /Users/aaronkeen/Library/Developer/Xcode/DerivedData/NutraSafeBeta-awyabywlaekrybetqgpbjphfxefs/Build/Intermediates.noindex/leveldb.build/Debug-iphonesimulator/leveldb.build/Objects-normal/arm64/82b82416624d2658e5098eb0a28c15c5-common-args.resp
    
    /Applications/Xcode.app/Contents/Developer/Toolchains/XcodeDefault.xctoolchain/usr/bin/clang -x c++ -ivfsstatcache /Users/aaronkeen/Library/Developer/Xcode/DerivedData/SDKStatCaches.noindex/iphonesimulator18.5-22F76-d5fc8ad4295d2ef488fb7d0f804ce0c4.sdkstatcache -fmessage-length\=0 -fdiagnostics-show-note-include-stack -fmacro-backtrace-limit\=0 -fno-color-diagnostics -fmodules-prune-interval\=86400 -fmodules-prune-after\=345600 -fbuild-session-file\=/Users/aaronkeen/Library/Developer/Xcode/DerivedData/ModuleCache.noindex/Session.modulevalidation -fmodules-validate-once-per-build-session -Wnon-modular-include-in-framework-module -Werror\=non-modular-include-in-framework-module -Wno-trigraphs -Wno-missing-field-initializers -Wno-missing-prototypes -Wno-return-type -Wno-non-virtual-dtor -Wno-overloaded-virtual -Wno-exit-time-destructors -Wno-missing-braces -Wparentheses -Wswitch -Wno-unused-function -Wno-unused-label -Wno-unused-parameter -Wno-unused-variable -Wunused-value -Wno-empty-body -Wno-uninitialized -Wno-unknown-pragmas -w -Wno-shadow -Wno-four-char-constants -Wno-conversion -Wno-constant-conversion -Wno-int-conversion -Wno-bool-conversion -Wno-enum-conversion -Wno-float-conversion -Wno-non-literal-null-conversion -Wno-objc-literal-conversion -Wshorten-64-to-32 -Wno-newline-eof -Wno-c++11-extensions -Wno-implicit-fallthrough -fstrict-aliasing -Wdeprecated-declarations -Winvalid-offsetof -Wno-sign-conversion -Wno-infinite-recursion -Wno-move -Wno-comma -Wno-block-capture-autoreleasing -Wno-strict-prototypes -Wno-range-loop-analysis -Wno-semicolon-before-method-body -index-store-path /Users/aaronkeen/Library/Developer/Xcode/DerivedData/NutraSafeBeta-awyabywlaekrybetqgpbjphfxefs/Index.noindex/DataStore @/Users/aaronkeen/Library/Developer/Xcode/DerivedData/NutraSafeBeta-awyabywlaekrybetqgpbjphfxefs/Build/Intermediates.noindex/leveldb.build/Debug-iphonesimulator/leveldb.build/Objects-normal/arm64/82b82416624d2658e5098eb0a28c15c5-common-args.resp -MMD -MT dependencies -MF /Users/aaronkeen/Library/Developer/Xcode/DerivedData/NutraSafeBeta-awyabywlaekrybetqgpbjphfxefs/Build/Intermediates.noindex/leveldb.build/Debug-iphonesimulator/leveldb.build/Objects-normal/arm64/log_reader.d --serialize-diagnostics /Users/aaronkeen/Library/Developer/Xcode/DerivedData/NutraSafeBeta-awyabywlaekrybetqgpbjphfxefs/Build/Intermediates.noindex/leveldb.build/Debug-iphonesimulator/leveldb.build/Objects-normal/arm64/log_reader.dia -c /Users/aaronkeen/Library/Developer/Xcode/DerivedData/NutraSafeBeta-awyabywlaekrybetqgpbjphfxefs/SourcePackages/checkouts/leveldb/db/log_reader.cc -o /Users/aaronkeen/Library/Developer/Xcode/DerivedData/NutraSafeBeta-awyabywlaekrybetqgpbjphfxefs/Build/Intermediates.noindex/leveldb.build/Debug-iphonesimulator/leveldb.build/Objects-normal/arm64/log_reader.o -index-unit-output-path /leveldb.build/Debug-iphonesimulator/leveldb.build/Objects-normal/arm64/log_reader.o

CompileC /Users/aaronkeen/Library/Developer/Xcode/DerivedData/NutraSafeBeta-awyabywlaekrybetqgpbjphfxefs/Build/Intermediates.noindex/leveldb.build/Debug-iphonesimulator/leveldb.build/Objects-normal/arm64/iterator.o /Users/aaronkeen/Library/Developer/Xcode/DerivedData/NutraSafeBeta-awyabywlaekrybetqgpbjphfxefs/SourcePackages/checkouts/leveldb/table/iterator.cc normal arm64 c++ com.apple.compilers.llvm.clang.1_0.compiler (in target 'leveldb' from project 'leveldb')
    cd /Users/aaronkeen/Documents/My\ Apps/NutraSafe\ Beta/NutraSafeBeta.xcodeproj
    
    Using response file: /Users/aaronkeen/Library/Developer/Xcode/DerivedData/NutraSafeBeta-awyabywlaekrybetqgpbjphfxefs/Build/Intermediates.noindex/leveldb.build/Debug-iphonesimulator/leveldb.build/Objects-normal/arm64/82b82416624d2658e5098eb0a28c15c5-common-args.resp
    
    /Applications/Xcode.app/Contents/Developer/Toolchains/XcodeDefault.xctoolchain/usr/bin/clang -x c++ -ivfsstatcache /Users/aaronkeen/Library/Developer/Xcode/DerivedData/SDKStatCaches.noindex/iphonesimulator18.5-22F76-d5fc8ad4295d2ef488fb7d0f804ce0c4.sdkstatcache -fmessage-length\=0 -fdiagnostics-show-note-include-stack -fmacro-backtrace-limit\=0 -fno-color-diagnostics -fmodules-prune-interval\=86400 -fmodules-prune-after\=345600 -fbuild-session-file\=/Users/aaronkeen/Library/Developer/Xcode/DerivedData/ModuleCache.noindex/Session.modulevalidation -fmodules-validate-once-per-build-session -Wnon-modular-include-in-framework-module -Werror\=non-modular-include-in-framework-module -Wno-trigraphs -Wno-missing-field-initializers -Wno-missing-prototypes -Wno-return-type -Wno-non-virtual-dtor -Wno-overloaded-virtual -Wno-exit-time-destructors -Wno-missing-braces -Wparentheses -Wswitch -Wno-unused-function -Wno-unused-label -Wno-unused-parameter -Wno-unused-variable -Wunused-value -Wno-empty-body -Wno-uninitialized -Wno-unknown-pragmas -w -Wno-shadow -Wno-four-char-constants -Wno-conversion -Wno-constant-conversion -Wno-int-conversion -Wno-bool-conversion -Wno-enum-conversion -Wno-float-conversion -Wno-non-literal-null-conversion -Wno-objc-literal-conversion -Wshorten-64-to-32 -Wno-newline-eof -Wno-c++11-extensions -Wno-implicit-fallthrough -fstrict-aliasing -Wdeprecated-declarations -Winvalid-offsetof -Wno-sign-conversion -Wno-infinite-recursion -Wno-move -Wno-comma -Wno-block-capture-autoreleasing -Wno-strict-prototypes -Wno-range-loop-analysis -Wno-semicolon-before-method-body -index-store-path /Users/aaronkeen/Library/Developer/Xcode/DerivedData/NutraSafeBeta-awyabywlaekrybetqgpbjphfxefs/Index.noindex/DataStore @/Users/aaronkeen/Library/Developer/Xcode/DerivedData/NutraSafeBeta-awyabywlaekrybetqgpbjphfxefs/Build/Intermediates.noindex/leveldb.build/Debug-iphonesimulator/leveldb.build/Objects-normal/arm64/82b82416624d2658e5098eb0a28c15c5-common-args.resp -MMD -MT dependencies -MF /Users/aaronkeen/Library/Developer/Xcode/DerivedData/NutraSafeBeta-awyabywlaekrybetqgpbjphfxefs/Build/Intermediates.noindex/leveldb.build/Debug-iphonesimulator/leveldb.build/Objects-normal/arm64/iterator.d --serialize-diagnostics /Users/aaronkeen/Library/Developer/Xcode/DerivedData/NutraSafeBeta-awyabywlaekrybetqgpbjphfxefs/Build/Intermediates.noindex/leveldb.build/Debug-iphonesimulator/leveldb.build/Objects-normal/arm64/iterator.dia -c /Users/aaronkeen/Library/Developer/Xcode/DerivedData/NutraSafeBeta-awyabywlaekrybetqgpbjphfxefs/SourcePackages/checkouts/leveldb/table/iterator.cc -o /Users/aaronkeen/Library/Developer/Xcode/DerivedData/NutraSafeBeta-awyabywlaekrybetqgpbjphfxefs/Build/Intermediates.noindex/leveldb.build/Debug-iphonesimulator/leveldb.build/Objects-normal/arm64/iterator.o -index-unit-output-path /leveldb.build/Debug-iphonesimulator/leveldb.build/Objects-normal/arm64/iterator.o

CompileC /Users/aaronkeen/Library/Developer/Xcode/DerivedData/NutraSafeBeta-awyabywlaekrybetqgpbjphfxefs/Build/Intermediates.noindex/leveldb.build/Debug-iphonesimulator/leveldb.build/Objects-normal/arm64/histogram.o /Users/aaronkeen/Library/Developer/Xcode/DerivedData/NutraSafeBeta-awyabywlaekrybetqgpbjphfxefs/SourcePackages/checkouts/leveldb/util/histogram.cc normal arm64 c++ com.apple.compilers.llvm.clang.1_0.compiler (in target 'leveldb' from project 'leveldb')
    cd /Users/aaronkeen/Documents/My\ Apps/NutraSafe\ Beta/NutraSafeBeta.xcodeproj
    
    Using response file: /Users/aaronkeen/Library/Developer/Xcode/DerivedData/NutraSafeBeta-awyabywlaekrybetqgpbjphfxefs/Build/Intermediates.noindex/leveldb.build/Debug-iphonesimulator/leveldb.build/Objects-normal/arm64/82b82416624d2658e5098eb0a28c15c5-common-args.resp
    
    /Applications/Xcode.app/Contents/Developer/Toolchains/XcodeDefault.xctoolchain/usr/bin/clang -x c++ -ivfsstatcache /Users/aaronkeen/Library/Developer/Xcode/DerivedData/SDKStatCaches.noindex/iphonesimulator18.5-22F76-d5fc8ad4295d2ef488fb7d0f804ce0c4.sdkstatcache -fmessage-length\=0 -fdiagnostics-show-note-include-stack -fmacro-backtrace-limit\=0 -fno-color-diagnostics -fmodules-prune-interval\=86400 -fmodules-prune-after\=345600 -fbuild-session-file\=/Users/aaronkeen/Library/Developer/Xcode/DerivedData/ModuleCache.noindex/Session.modulevalidation -fmodules-validate-once-per-build-session -Wnon-modular-include-in-framework-module -Werror\=non-modular-include-in-framework-module -Wno-trigraphs -Wno-missing-field-initializers -Wno-missing-prototypes -Wno-return-type -Wno-non-virtual-dtor -Wno-overloaded-virtual -Wno-exit-time-destructors -Wno-missing-braces -Wparentheses -Wswitch -Wno-unused-function -Wno-unused-label -Wno-unused-parameter -Wno-unused-variable -Wunused-value -Wno-empty-body -Wno-uninitialized -Wno-unknown-pragmas -w -Wno-shadow -Wno-four-char-constants -Wno-conversion -Wno-constant-conversion -Wno-int-conversion -Wno-bool-conversion -Wno-enum-conversion -Wno-float-conversion -Wno-non-literal-null-conversion -Wno-objc-literal-conversion -Wshorten-64-to-32 -Wno-newline-eof -Wno-c++11-extensions -Wno-implicit-fallthrough -fstrict-aliasing -Wdeprecated-declarations -Winvalid-offsetof -Wno-sign-conversion -Wno-infinite-recursion -Wno-move -Wno-comma -Wno-block-capture-autoreleasing -Wno-strict-prototypes -Wno-range-loop-analysis -Wno-semicolon-before-method-body -index-store-path /Users/aaronkeen/Library/Developer/Xcode/DerivedData/NutraSafeBeta-awyabywlaekrybetqgpbjphfxefs/Index.noindex/DataStore @/Users/aaronkeen/Library/Developer/Xcode/DerivedData/NutraSafeBeta-awyabywlaekrybetqgpbjphfxefs/Build/Intermediates.noindex/leveldb.build/Debug-iphonesimulator/leveldb.build/Objects-normal/arm64/82b82416624d2658e5098eb0a28c15c5-common-args.resp -MMD -MT dependencies -MF /Users/aaronkeen/Library/Developer/Xcode/DerivedData/NutraSafeBeta-awyabywlaekrybetqgpbjphfxefs/Build/Intermediates.noindex/leveldb.build/Debug-iphonesimulator/leveldb.build/Objects-normal/arm64/histogram.d --serialize-diagnostics /Users/aaronkeen/Library/Developer/Xcode/DerivedData/NutraSafeBeta-awyabywlaekrybetqgpbjphfxefs/Build/Intermediates.noindex/leveldb.build/Debug-iphonesimulator/leveldb.build/Objects-normal/arm64/histogram.dia -c /Users/aaronkeen/Library/Developer/Xcode/DerivedData/NutraSafeBeta-awyabywlaekrybetqgpbjphfxefs/SourcePackages/checkouts/leveldb/util/histogram.cc -o /Users/aaronkeen/Library/Developer/Xcode/DerivedData/NutraSafeBeta-awyabywlaekrybetqgpbjphfxefs/Build/Intermediates.noindex/leveldb.build/Debug-iphonesimulator/leveldb.build/Objects-normal/arm64/histogram.o -index-unit-output-path /leveldb.build/Debug-iphonesimulator/leveldb.build/Objects-normal/arm64/histogram.o

CompileC /Users/aaronkeen/Library/Developer/Xcode/DerivedData/NutraSafeBeta-awyabywlaekrybetqgpbjphfxefs/Build/Intermediates.noindex/leveldb.build/Debug-iphonesimulator/leveldb.build/Objects-normal/arm64/hash.o /Users/aaronkeen/Library/Developer/Xcode/DerivedData/NutraSafeBeta-awyabywlaekrybetqgpbjphfxefs/SourcePackages/checkouts/leveldb/util/hash.cc normal arm64 c++ com.apple.compilers.llvm.clang.1_0.compiler (in target 'leveldb' from project 'leveldb')
    cd /Users/aaronkeen/Documents/My\ Apps/NutraSafe\ Beta/NutraSafeBeta.xcodeproj
    
    Using response file: /Users/aaronkeen/Library/Developer/Xcode/DerivedData/NutraSafeBeta-awyabywlaekrybetqgpbjphfxefs/Build/Intermediates.noindex/leveldb.build/Debug-iphonesimulator/leveldb.build/Objects-normal/arm64/82b82416624d2658e5098eb0a28c15c5-common-args.resp
    
    /Applications/Xcode.app/Contents/Developer/Toolchains/XcodeDefault.xctoolchain/usr/bin/clang -x c++ -ivfsstatcache /Users/aaronkeen/Library/Developer/Xcode/DerivedData/SDKStatCaches.noindex/iphonesimulator18.5-22F76-d5fc8ad4295d2ef488fb7d0f804ce0c4.sdkstatcache -fmessage-length\=0 -fdiagnostics-show-note-include-stack -fmacro-backtrace-limit\=0 -fno-color-diagnostics -fmodules-prune-interval\=86400 -fmodules-prune-after\=345600 -fbuild-session-file\=/Users/aaronkeen/Library/Developer/Xcode/DerivedData/ModuleCache.noindex/Session.modulevalidation -fmodules-validate-once-per-build-session -Wnon-modular-include-in-framework-module -Werror\=non-modular-include-in-framework-module -Wno-trigraphs -Wno-missing-field-initializers -Wno-missing-prototypes -Wno-return-type -Wno-non-virtual-dtor -Wno-overloaded-virtual -Wno-exit-time-destructors -Wno-missing-braces -Wparentheses -Wswitch -Wno-unused-function -Wno-unused-label -Wno-unused-parameter -Wno-unused-variable -Wunused-value -Wno-empty-body -Wno-uninitialized -Wno-unknown-pragmas -w -Wno-shadow -Wno-four-char-constants -Wno-conversion -Wno-constant-conversion -Wno-int-conversion -Wno-bool-conversion -Wno-enum-conversion -Wno-float-conversion -Wno-non-literal-null-conversion -Wno-objc-literal-conversion -Wshorten-64-to-32 -Wno-newline-eof -Wno-c++11-extensions -Wno-implicit-fallthrough -fstrict-aliasing -Wdeprecated-declarations -Winvalid-offsetof -Wno-sign-conversion -Wno-infinite-recursion -Wno-move -Wno-comma -Wno-block-capture-autoreleasing -Wno-strict-prototypes -Wno-range-loop-analysis -Wno-semicolon-before-method-body -index-store-path /Users/aaronkeen/Library/Developer/Xcode/DerivedData/NutraSafeBeta-awyabywlaekrybetqgpbjphfxefs/Index.noindex/DataStore @/Users/aaronkeen/Library/Developer/Xcode/DerivedData/NutraSafeBeta-awyabywlaekrybetqgpbjphfxefs/Build/Intermediates.noindex/leveldb.build/Debug-iphonesimulator/leveldb.build/Objects-normal/arm64/82b82416624d2658e5098eb0a28c15c5-common-args.resp -MMD -MT dependencies -MF /Users/aaronkeen/Library/Developer/Xcode/DerivedData/NutraSafeBeta-awyabywlaekrybetqgpbjphfxefs/Build/Intermediates.noindex/leveldb.build/Debug-iphonesimulator/leveldb.build/Objects-normal/arm64/hash.d --serialize-diagnostics /Users/aaronkeen/Library/Developer/Xcode/DerivedData/NutraSafeBeta-awyabywlaekrybetqgpbjphfxefs/Build/Intermediates.noindex/leveldb.build/Debug-iphonesimulator/leveldb.build/Objects-normal/arm64/hash.dia -c /Users/aaronkeen/Library/Developer/Xcode/DerivedData/NutraSafeBeta-awyabywlaekrybetqgpbjphfxefs/SourcePackages/checkouts/leveldb/util/hash.cc -o /Users/aaronkeen/Library/Developer/Xcode/DerivedData/NutraSafeBeta-awyabywlaekrybetqgpbjphfxefs/Build/Intermediates.noindex/leveldb.build/Debug-iphonesimulator/leveldb.build/Objects-normal/arm64/hash.o -index-unit-output-path /leveldb.build/Debug-iphonesimulator/leveldb.build/Objects-normal/arm64/hash.o

CompileC /Users/aaronkeen/Library/Developer/Xcode/DerivedData/NutraSafeBeta-awyabywlaekrybetqgpbjphfxefs/Build/Intermediates.noindex/leveldb.build/Debug-iphonesimulator/leveldb.build/Objects-normal/arm64/format.o /Users/aaronkeen/Library/Developer/Xcode/DerivedData/NutraSafeBeta-awyabywlaekrybetqgpbjphfxefs/SourcePackages/checkouts/leveldb/table/format.cc normal arm64 c++ com.apple.compilers.llvm.clang.1_0.compiler (in target 'leveldb' from project 'leveldb')
    cd /Users/aaronkeen/Documents/My\ Apps/NutraSafe\ Beta/NutraSafeBeta.xcodeproj
    
    Using response file: /Users/aaronkeen/Library/Developer/Xcode/DerivedData/NutraSafeBeta-awyabywlaekrybetqgpbjphfxefs/Build/Intermediates.noindex/leveldb.build/Debug-iphonesimulator/leveldb.build/Objects-normal/arm64/82b82416624d2658e5098eb0a28c15c5-common-args.resp
    
    /Applications/Xcode.app/Contents/Developer/Toolchains/XcodeDefault.xctoolchain/usr/bin/clang -x c++ -ivfsstatcache /Users/aaronkeen/Library/Developer/Xcode/DerivedData/SDKStatCaches.noindex/iphonesimulator18.5-22F76-d5fc8ad4295d2ef488fb7d0f804ce0c4.sdkstatcache -fmessage-length\=0 -fdiagnostics-show-note-include-stack -fmacro-backtrace-limit\=0 -fno-color-diagnostics -fmodules-prune-interval\=86400 -fmodules-prune-after\=345600 -fbuild-session-file\=/Users/aaronkeen/Library/Developer/Xcode/DerivedData/ModuleCache.noindex/Session.modulevalidation -fmodules-validate-once-per-build-session -Wnon-modular-include-in-framework-module -Werror\=non-modular-include-in-framework-module -Wno-trigraphs -Wno-missing-field-initializers -Wno-missing-prototypes -Wno-return-type -Wno-non-virtual-dtor -Wno-overloaded-virtual -Wno-exit-time-destructors -Wno-missing-braces -Wparentheses -Wswitch -Wno-unused-function -Wno-unused-label -Wno-unused-parameter -Wno-unused-variable -Wunused-value -Wno-empty-body -Wno-uninitialized -Wno-unknown-pragmas -w -Wno-shadow -Wno-four-char-constants -Wno-conversion -Wno-constant-conversion -Wno-int-conversion -Wno-bool-conversion -Wno-enum-conversion -Wno-float-conversion -Wno-non-literal-null-conversion -Wno-objc-literal-conversion -Wshorten-64-to-32 -Wno-newline-eof -Wno-c++11-extensions -Wno-implicit-fallthrough -fstrict-aliasing -Wdeprecated-declarations -Winvalid-offsetof -Wno-sign-conversion -Wno-infinite-recursion -Wno-move -Wno-comma -Wno-block-capture-autoreleasing -Wno-strict-prototypes -Wno-range-loop-analysis -Wno-semicolon-before-method-body -index-store-path /Users/aaronkeen/Library/Developer/Xcode/DerivedData/NutraSafeBeta-awyabywlaekrybetqgpbjphfxefs/Index.noindex/DataStore @/Users/aaronkeen/Library/Developer/Xcode/DerivedData/NutraSafeBeta-awyabywlaekrybetqgpbjphfxefs/Build/Intermediates.noindex/leveldb.build/Debug-iphonesimulator/leveldb.build/Objects-normal/arm64/82b82416624d2658e5098eb0a28c15c5-common-args.resp -MMD -MT dependencies -MF /Users/aaronkeen/Library/Developer/Xcode/DerivedData/NutraSafeBeta-awyabywlaekrybetqgpbjphfxefs/Build/Intermediates.noindex/leveldb.build/Debug-iphonesimulator/leveldb.build/Objects-normal/arm64/format.d --serialize-diagnostics /Users/aaronkeen/Library/Developer/Xcode/DerivedData/NutraSafeBeta-awyabywlaekrybetqgpbjphfxefs/Build/Intermediates.noindex/leveldb.build/Debug-iphonesimulator/leveldb.build/Objects-normal/arm64/format.dia -c /Users/aaronkeen/Library/Developer/Xcode/DerivedData/NutraSafeBeta-awyabywlaekrybetqgpbjphfxefs/SourcePackages/checkouts/leveldb/table/format.cc -o /Users/aaronkeen/Library/Developer/Xcode/DerivedData/NutraSafeBeta-awyabywlaekrybetqgpbjphfxefs/Build/Intermediates.noindex/leveldb.build/Debug-iphonesimulator/leveldb.build/Objects-normal/arm64/format.o -index-unit-output-path /leveldb.build/Debug-iphonesimulator/leveldb.build/Objects-normal/arm64/format.o

CompileC /Users/aaronkeen/Library/Developer/Xcode/DerivedData/NutraSafeBeta-awyabywlaekrybetqgpbjphfxefs/Build/Intermediates.noindex/leveldb.build/Debug-iphonesimulator/leveldb.build/Objects-normal/arm64/filter_policy.o /Users/aaronkeen/Library/Developer/Xcode/DerivedData/NutraSafeBeta-awyabywlaekrybetqgpbjphfxefs/SourcePackages/checkouts/leveldb/util/filter_policy.cc normal arm64 c++ com.apple.compilers.llvm.clang.1_0.compiler (in target 'leveldb' from project 'leveldb')
    cd /Users/aaronkeen/Documents/My\ Apps/NutraSafe\ Beta/NutraSafeBeta.xcodeproj
    
    Using response file: /Users/aaronkeen/Library/Developer/Xcode/DerivedData/NutraSafeBeta-awyabywlaekrybetqgpbjphfxefs/Build/Intermediates.noindex/leveldb.build/Debug-iphonesimulator/leveldb.build/Objects-normal/arm64/82b82416624d2658e5098eb0a28c15c5-common-args.resp
    
    /Applications/Xcode.app/Contents/Developer/Toolchains/XcodeDefault.xctoolchain/usr/bin/clang -x c++ -ivfsstatcache /Users/aaronkeen/Library/Developer/Xcode/DerivedData/SDKStatCaches.noindex/iphonesimulator18.5-22F76-d5fc8ad4295d2ef488fb7d0f804ce0c4.sdkstatcache -fmessage-length\=0 -fdiagnostics-show-note-include-stack -fmacro-backtrace-limit\=0 -fno-color-diagnostics -fmodules-prune-interval\=86400 -fmodules-prune-after\=345600 -fbuild-session-file\=/Users/aaronkeen/Library/Developer/Xcode/DerivedData/ModuleCache.noindex/Session.modulevalidation -fmodules-validate-once-per-build-session -Wnon-modular-include-in-framework-module -Werror\=non-modular-include-in-framework-module -Wno-trigraphs -Wno-missing-field-initializers -Wno-missing-prototypes -Wno-return-type -Wno-non-virtual-dtor -Wno-overloaded-virtual -Wno-exit-time-destructors -Wno-missing-braces -Wparentheses -Wswitch -Wno-unused-function -Wno-unused-label -Wno-unused-parameter -Wno-unused-variable -Wunused-value -Wno-empty-body -Wno-uninitialized -Wno-unknown-pragmas -w -Wno-shadow -Wno-four-char-constants -Wno-conversion -Wno-constant-conversion -Wno-int-conversion -Wno-bool-conversion -Wno-enum-conversion -Wno-float-conversion -Wno-non-literal-null-conversion -Wno-objc-literal-conversion -Wshorten-64-to-32 -Wno-newline-eof -Wno-c++11-extensions -Wno-implicit-fallthrough -fstrict-aliasing -Wdeprecated-declarations -Winvalid-offsetof -Wno-sign-conversion -Wno-infinite-recursion -Wno-move -Wno-comma -Wno-block-capture-autoreleasing -Wno-strict-prototypes -Wno-range-loop-analysis -Wno-semicolon-before-method-body -index-store-path /Users/aaronkeen/Library/Developer/Xcode/DerivedData/NutraSafeBeta-awyabywlaekrybetqgpbjphfxefs/Index.noindex/DataStore @/Users/aaronkeen/Library/Developer/Xcode/DerivedData/NutraSafeBeta-awyabywlaekrybetqgpbjphfxefs/Build/Intermediates.noindex/leveldb.build/Debug-iphonesimulator/leveldb.build/Objects-normal/arm64/82b82416624d2658e5098eb0a28c15c5-common-args.resp -MMD -MT dependencies -MF /Users/aaronkeen/Library/Developer/Xcode/DerivedData/NutraSafeBeta-awyabywlaekrybetqgpbjphfxefs/Build/Intermediates.noindex/leveldb.build/Debug-iphonesimulator/leveldb.build/Objects-normal/arm64/filter_policy.d --serialize-diagnostics /Users/aaronkeen/Library/Developer/Xcode/DerivedData/NutraSafeBeta-awyabywlaekrybetqgpbjphfxefs/Build/Intermediates.noindex/leveldb.build/Debug-iphonesimulator/leveldb.build/Objects-normal/arm64/filter_policy.dia -c /Users/aaronkeen/Library/Developer/Xcode/DerivedData/NutraSafeBeta-awyabywlaekrybetqgpbjphfxefs/SourcePackages/checkouts/leveldb/util/filter_policy.cc -o /Users/aaronkeen/Library/Developer/Xcode/DerivedData/NutraSafeBeta-awyabywlaekrybetqgpbjphfxefs/Build/Intermediates.noindex/leveldb.build/Debug-iphonesimulator/leveldb.build/Objects-normal/arm64/filter_policy.o -index-unit-output-path /leveldb.build/Debug-iphonesimulator/leveldb.build/Objects-normal/arm64/filter_policy.o

CompileC /Users/aaronkeen/Library/Developer/Xcode/DerivedData/NutraSafeBeta-awyabywlaekrybetqgpbjphfxefs/Build/Intermediates.noindex/leveldb.build/Debug-iphonesimulator/leveldb.build/Objects-normal/arm64/filter_block.o /Users/aaronkeen/Library/Developer/Xcode/DerivedData/NutraSafeBeta-awyabywlaekrybetqgpbjphfxefs/SourcePackages/checkouts/leveldb/table/filter_block.cc normal arm64 c++ com.apple.compilers.llvm.clang.1_0.compiler (in target 'leveldb' from project 'leveldb')
    cd /Users/aaronkeen/Documents/My\ Apps/NutraSafe\ Beta/NutraSafeBeta.xcodeproj
    
    Using response file: /Users/aaronkeen/Library/Developer/Xcode/DerivedData/NutraSafeBeta-awyabywlaekrybetqgpbjphfxefs/Build/Intermediates.noindex/leveldb.build/Debug-iphonesimulator/leveldb.build/Objects-normal/arm64/82b82416624d2658e5098eb0a28c15c5-common-args.resp
    
    /Applications/Xcode.app/Contents/Developer/Toolchains/XcodeDefault.xctoolchain/usr/bin/clang -x c++ -ivfsstatcache /Users/aaronkeen/Library/Developer/Xcode/DerivedData/SDKStatCaches.noindex/iphonesimulator18.5-22F76-d5fc8ad4295d2ef488fb7d0f804ce0c4.sdkstatcache -fmessage-length\=0 -fdiagnostics-show-note-include-stack -fmacro-backtrace-limit\=0 -fno-color-diagnostics -fmodules-prune-interval\=86400 -fmodules-prune-after\=345600 -fbuild-session-file\=/Users/aaronkeen/Library/Developer/Xcode/DerivedData/ModuleCache.noindex/Session.modulevalidation -fmodules-validate-once-per-build-session -Wnon-modular-include-in-framework-module -Werror\=non-modular-include-in-framework-module -Wno-trigraphs -Wno-missing-field-initializers -Wno-missing-prototypes -Wno-return-type -Wno-non-virtual-dtor -Wno-overloaded-virtual -Wno-exit-time-destructors -Wno-missing-braces -Wparentheses -Wswitch -Wno-unused-function -Wno-unused-label -Wno-unused-parameter -Wno-unused-variable -Wunused-value -Wno-empty-body -Wno-uninitialized -Wno-unknown-pragmas -w -Wno-shadow -Wno-four-char-constants -Wno-conversion -Wno-constant-conversion -Wno-int-conversion -Wno-bool-conversion -Wno-enum-conversion -Wno-float-conversion -Wno-non-literal-null-conversion -Wno-objc-literal-conversion -Wshorten-64-to-32 -Wno-newline-eof -Wno-c++11-extensions -Wno-implicit-fallthrough -fstrict-aliasing -Wdeprecated-declarations -Winvalid-offsetof -Wno-sign-conversion -Wno-infinite-recursion -Wno-move -Wno-comma -Wno-block-capture-autoreleasing -Wno-strict-prototypes -Wno-range-loop-analysis -Wno-semicolon-before-method-body -index-store-path /Users/aaronkeen/Library/Developer/Xcode/DerivedData/NutraSafeBeta-awyabywlaekrybetqgpbjphfxefs/Index.noindex/DataStore @/Users/aaronkeen/Library/Developer/Xcode/DerivedData/NutraSafeBeta-awyabywlaekrybetqgpbjphfxefs/Build/Intermediates.noindex/leveldb.build/Debug-iphonesimulator/leveldb.build/Objects-normal/arm64/82b82416624d2658e5098eb0a28c15c5-common-args.resp -MMD -MT dependencies -MF /Users/aaronkeen/Library/Developer/Xcode/DerivedData/NutraSafeBeta-awyabywlaekrybetqgpbjphfxefs/Build/Intermediates.noindex/leveldb.build/Debug-iphonesimulator/leveldb.build/Objects-normal/arm64/filter_block.d --serialize-diagnostics /Users/aaronkeen/Library/Developer/Xcode/DerivedData/NutraSafeBeta-awyabywlaekrybetqgpbjphfxefs/Build/Intermediates.noindex/leveldb.build/Debug-iphonesimulator/leveldb.build/Objects-normal/arm64/filter_block.dia -c /Users/aaronkeen/Library/Developer/Xcode/DerivedData/NutraSafeBeta-awyabywlaekrybetqgpbjphfxefs/SourcePackages/checkouts/leveldb/table/filter_block.cc -o /Users/aaronkeen/Library/Developer/Xcode/DerivedData/NutraSafeBeta-awyabywlaekrybetqgpbjphfxefs/Build/Intermediates.noindex/leveldb.build/Debug-iphonesimulator/leveldb.build/Objects-normal/arm64/filter_block.o -index-unit-output-path /leveldb.build/Debug-iphonesimulator/leveldb.build/Objects-normal/arm64/filter_block.o

CompileC /Users/aaronkeen/Library/Developer/Xcode/DerivedData/NutraSafeBeta-awyabywlaekrybetqgpbjphfxefs/Build/Intermediates.noindex/leveldb.build/Debug-iphonesimulator/leveldb.build/Objects-normal/arm64/filename.o /Users/aaronkeen/Library/Developer/Xcode/DerivedData/NutraSafeBeta-awyabywlaekrybetqgpbjphfxefs/SourcePackages/checkouts/leveldb/db/filename.cc normal arm64 c++ com.apple.compilers.llvm.clang.1_0.compiler (in target 'leveldb' from project 'leveldb')
    cd /Users/aaronkeen/Documents/My\ Apps/NutraSafe\ Beta/NutraSafeBeta.xcodeproj
    
    Using response file: /Users/aaronkeen/Library/Developer/Xcode/DerivedData/NutraSafeBeta-awyabywlaekrybetqgpbjphfxefs/Build/Intermediates.noindex/leveldb.build/Debug-iphonesimulator/leveldb.build/Objects-normal/arm64/82b82416624d2658e5098eb0a28c15c5-common-args.resp
    
    /Applications/Xcode.app/Contents/Developer/Toolchains/XcodeDefault.xctoolchain/usr/bin/clang -x c++ -ivfsstatcache /Users/aaronkeen/Library/Developer/Xcode/DerivedData/SDKStatCaches.noindex/iphonesimulator18.5-22F76-d5fc8ad4295d2ef488fb7d0f804ce0c4.sdkstatcache -fmessage-length\=0 -fdiagnostics-show-note-include-stack -fmacro-backtrace-limit\=0 -fno-color-diagnostics -fmodules-prune-interval\=86400 -fmodules-prune-after\=345600 -fbuild-session-file\=/Users/aaronkeen/Library/Developer/Xcode/DerivedData/ModuleCache.noindex/Session.modulevalidation -fmodules-validate-once-per-build-session -Wnon-modular-include-in-framework-module -Werror\=non-modular-include-in-framework-module -Wno-trigraphs -Wno-missing-field-initializers -Wno-missing-prototypes -Wno-return-type -Wno-non-virtual-dtor -Wno-overloaded-virtual -Wno-exit-time-destructors -Wno-missing-braces -Wparentheses -Wswitch -Wno-unused-function -Wno-unused-label -Wno-unused-parameter -Wno-unused-variable -Wunused-value -Wno-empty-body -Wno-uninitialized -Wno-unknown-pragmas -w -Wno-shadow -Wno-four-char-constants -Wno-conversion -Wno-constant-conversion -Wno-int-conversion -Wno-bool-conversion -Wno-enum-conversion -Wno-float-conversion -Wno-non-literal-null-conversion -Wno-objc-literal-conversion -Wshorten-64-to-32 -Wno-newline-eof -Wno-c++11-extensions -Wno-implicit-fallthrough -fstrict-aliasing -Wdeprecated-declarations -Winvalid-offsetof -Wno-sign-conversion -Wno-infinite-recursion -Wno-move -Wno-comma -Wno-block-capture-autoreleasing -Wno-strict-prototypes -Wno-range-loop-analysis -Wno-semicolon-before-method-body -index-store-path /Users/aaronkeen/Library/Developer/Xcode/DerivedData/NutraSafeBeta-awyabywlaekrybetqgpbjphfxefs/Index.noindex/DataStore @/Users/aaronkeen/Library/Developer/Xcode/DerivedData/NutraSafeBeta-awyabywlaekrybetqgpbjphfxefs/Build/Intermediates.noindex/leveldb.build/Debug-iphonesimulator/leveldb.build/Objects-normal/arm64/82b82416624d2658e5098eb0a28c15c5-common-args.resp -MMD -MT dependencies -MF /Users/aaronkeen/Library/Developer/Xcode/DerivedData/NutraSafeBeta-awyabywlaekrybetqgpbjphfxefs/Build/Intermediates.noindex/leveldb.build/Debug-iphonesimulator/leveldb.build/Objects-normal/arm64/filename.d --serialize-diagnostics /Users/aaronkeen/Library/Developer/Xcode/DerivedData/NutraSafeBeta-awyabywlaekrybetqgpbjphfxefs/Build/Intermediates.noindex/leveldb.build/Debug-iphonesimulator/leveldb.build/Objects-normal/arm64/filename.dia -c /Users/aaronkeen/Library/Developer/Xcode/DerivedData/NutraSafeBeta-awyabywlaekrybetqgpbjphfxefs/SourcePackages/checkouts/leveldb/db/filename.cc -o /Users/aaronkeen/Library/Developer/Xcode/DerivedData/NutraSafeBeta-awyabywlaekrybetqgpbjphfxefs/Build/Intermediates.noindex/leveldb.build/Debug-iphonesimulator/leveldb.build/Objects-normal/arm64/filename.o -index-unit-output-path /leveldb.build/Debug-iphonesimulator/leveldb.build/Objects-normal/arm64/filename.o

CompileC /Users/aaronkeen/Library/Developer/Xcode/DerivedData/NutraSafeBeta-awyabywlaekrybetqgpbjphfxefs/Build/Intermediates.noindex/leveldb.build/Debug-iphonesimulator/leveldb.build/Objects-normal/arm64/env_posix.o /Users/aaronkeen/Library/Developer/Xcode/DerivedData/NutraSafeBeta-awyabywlaekrybetqgpbjphfxefs/SourcePackages/checkouts/leveldb/util/env_posix.cc normal arm64 c++ com.apple.compilers.llvm.clang.1_0.compiler (in target 'leveldb' from project 'leveldb')
    cd /Users/aaronkeen/Documents/My\ Apps/NutraSafe\ Beta/NutraSafeBeta.xcodeproj
    
    Using response file: /Users/aaronkeen/Library/Developer/Xcode/DerivedData/NutraSafeBeta-awyabywlaekrybetqgpbjphfxefs/Build/Intermediates.noindex/leveldb.build/Debug-iphonesimulator/leveldb.build/Objects-normal/arm64/82b82416624d2658e5098eb0a28c15c5-common-args.resp
    
    /Applications/Xcode.app/Contents/Developer/Toolchains/XcodeDefault.xctoolchain/usr/bin/clang -x c++ -ivfsstatcache /Users/aaronkeen/Library/Developer/Xcode/DerivedData/SDKStatCaches.noindex/iphonesimulator18.5-22F76-d5fc8ad4295d2ef488fb7d0f804ce0c4.sdkstatcache -fmessage-length\=0 -fdiagnostics-show-note-include-stack -fmacro-backtrace-limit\=0 -fno-color-diagnostics -fmodules-prune-interval\=86400 -fmodules-prune-after\=345600 -fbuild-session-file\=/Users/aaronkeen/Library/Developer/Xcode/DerivedData/ModuleCache.noindex/Session.modulevalidation -fmodules-validate-once-per-build-session -Wnon-modular-include-in-framework-module -Werror\=non-modular-include-in-framework-module -Wno-trigraphs -Wno-missing-field-initializers -Wno-missing-prototypes -Wno-return-type -Wno-non-virtual-dtor -Wno-overloaded-virtual -Wno-exit-time-destructors -Wno-missing-braces -Wparentheses -Wswitch -Wno-unused-function -Wno-unused-label -Wno-unused-parameter -Wno-unused-variable -Wunused-value -Wno-empty-body -Wno-uninitialized -Wno-unknown-pragmas -w -Wno-shadow -Wno-four-char-constants -Wno-conversion -Wno-constant-conversion -Wno-int-conversion -Wno-bool-conversion -Wno-enum-conversion -Wno-float-conversion -Wno-non-literal-null-conversion -Wno-objc-literal-conversion -Wshorten-64-to-32 -Wno-newline-eof -Wno-c++11-extensions -Wno-implicit-fallthrough -fstrict-aliasing -Wdeprecated-declarations -Winvalid-offsetof -Wno-sign-conversion -Wno-infinite-recursion -Wno-move -Wno-comma -Wno-block-capture-autoreleasing -Wno-strict-prototypes -Wno-range-loop-analysis -Wno-semicolon-before-method-body -index-store-path /Users/aaronkeen/Library/Developer/Xcode/DerivedData/NutraSafeBeta-awyabywlaekrybetqgpbjphfxefs/Index.noindex/DataStore @/Users/aaronkeen/Library/Developer/Xcode/DerivedData/NutraSafeBeta-awyabywlaekrybetqgpbjphfxefs/Build/Intermediates.noindex/leveldb.build/Debug-iphonesimulator/leveldb.build/Objects-normal/arm64/82b82416624d2658e5098eb0a28c15c5-common-args.resp -MMD -MT dependencies -MF /Users/aaronkeen/Library/Developer/Xcode/DerivedData/NutraSafeBeta-awyabywlaekrybetqgpbjphfxefs/Build/Intermediates.noindex/leveldb.build/Debug-iphonesimulator/leveldb.build/Objects-normal/arm64/env_posix.d --serialize-diagnostics /Users/aaronkeen/Library/Developer/Xcode/DerivedData/NutraSafeBeta-awyabywlaekrybetqgpbjphfxefs/Build/Intermediates.noindex/leveldb.build/Debug-iphonesimulator/leveldb.build/Objects-normal/arm64/env_posix.dia -c /Users/aaronkeen/Library/Developer/Xcode/DerivedData/NutraSafeBeta-awyabywlaekrybetqgpbjphfxefs/SourcePackages/checkouts/leveldb/util/env_posix.cc -o /Users/aaronkeen/Library/Developer/Xcode/DerivedData/NutraSafeBeta-awyabywlaekrybetqgpbjphfxefs/Build/Intermediates.noindex/leveldb.build/Debug-iphonesimulator/leveldb.build/Objects-normal/arm64/env_posix.o -index-unit-output-path /leveldb.build/Debug-iphonesimulator/leveldb.build/Objects-normal/arm64/env_posix.o

CompileC /Users/aaronkeen/Library/Developer/Xcode/DerivedData/NutraSafeBeta-awyabywlaekrybetqgpbjphfxefs/Build/Intermediates.noindex/leveldb.build/Debug-iphonesimulator/leveldb.build/Objects-normal/arm64/env.o /Users/aaronkeen/Library/Developer/Xcode/DerivedData/NutraSafeBeta-awyabywlaekrybetqgpbjphfxefs/SourcePackages/checkouts/leveldb/util/env.cc normal arm64 c++ com.apple.compilers.llvm.clang.1_0.compiler (in target 'leveldb' from project 'leveldb')
    cd /Users/aaronkeen/Documents/My\ Apps/NutraSafe\ Beta/NutraSafeBeta.xcodeproj
    
    Using response file: /Users/aaronkeen/Library/Developer/Xcode/DerivedData/NutraSafeBeta-awyabywlaekrybetqgpbjphfxefs/Build/Intermediates.noindex/leveldb.build/Debug-iphonesimulator/leveldb.build/Objects-normal/arm64/82b82416624d2658e5098eb0a28c15c5-common-args.resp
    
    /Applications/Xcode.app/Contents/Developer/Toolchains/XcodeDefault.xctoolchain/usr/bin/clang -x c++ -ivfsstatcache /Users/aaronkeen/Library/Developer/Xcode/DerivedData/SDKStatCaches.noindex/iphonesimulator18.5-22F76-d5fc8ad4295d2ef488fb7d0f804ce0c4.sdkstatcache -fmessage-length\=0 -fdiagnostics-show-note-include-stack -fmacro-backtrace-limit\=0 -fno-color-diagnostics -fmodules-prune-interval\=86400 -fmodules-prune-after\=345600 -fbuild-session-file\=/Users/aaronkeen/Library/Developer/Xcode/DerivedData/ModuleCache.noindex/Session.modulevalidation -fmodules-validate-once-per-build-session -Wnon-modular-include-in-framework-module -Werror\=non-modular-include-in-framework-module -Wno-trigraphs -Wno-missing-field-initializers -Wno-missing-prototypes -Wno-return-type -Wno-non-virtual-dtor -Wno-overloaded-virtual -Wno-exit-time-destructors -Wno-missing-braces -Wparentheses -Wswitch -Wno-unused-function -Wno-unused-label -Wno-unused-parameter -Wno-unused-variable -Wunused-value -Wno-empty-body -Wno-uninitialized -Wno-unknown-pragmas -w -Wno-shadow -Wno-four-char-constants -Wno-conversion -Wno-constant-conversion -Wno-int-conversion -Wno-bool-conversion -Wno-enum-conversion -Wno-float-conversion -Wno-non-literal-null-conversion -Wno-objc-literal-conversion -Wshorten-64-to-32 -Wno-newline-eof -Wno-c++11-extensions -Wno-implicit-fallthrough -fstrict-aliasing -Wdeprecated-declarations -Winvalid-offsetof -Wno-sign-conversion -Wno-infinite-recursion -Wno-move -Wno-comma -Wno-block-capture-autoreleasing -Wno-strict-prototypes -Wno-range-loop-analysis -Wno-semicolon-before-method-body -index-store-path /Users/aaronkeen/Library/Developer/Xcode/DerivedData/NutraSafeBeta-awyabywlaekrybetqgpbjphfxefs/Index.noindex/DataStore @/Users/aaronkeen/Library/Developer/Xcode/DerivedData/NutraSafeBeta-awyabywlaekrybetqgpbjphfxefs/Build/Intermediates.noindex/leveldb.build/Debug-iphonesimulator/leveldb.build/Objects-normal/arm64/82b82416624d2658e5098eb0a28c15c5-common-args.resp -MMD -MT dependencies -MF /Users/aaronkeen/Library/Developer/Xcode/DerivedData/NutraSafeBeta-awyabywlaekrybetqgpbjphfxefs/Build/Intermediates.noindex/leveldb.build/Debug-iphonesimulator/leveldb.build/Objects-normal/arm64/env.d --serialize-diagnostics /Users/aaronkeen/Library/Developer/Xcode/DerivedData/NutraSafeBeta-awyabywlaekrybetqgpbjphfxefs/Build/Intermediates.noindex/leveldb.build/Debug-iphonesimulator/leveldb.build/Objects-normal/arm64/env.dia -c /Users/aaronkeen/Library/Developer/Xcode/DerivedData/NutraSafeBeta-awyabywlaekrybetqgpbjphfxefs/SourcePackages/checkouts/leveldb/util/env.cc -o /Users/aaronkeen/Library/Developer/Xcode/DerivedData/NutraSafeBeta-awyabywlaekrybetqgpbjphfxefs/Build/Intermediates.noindex/leveldb.build/Debug-iphonesimulator/leveldb.build/Objects-normal/arm64/env.o -index-unit-output-path /leveldb.build/Debug-iphonesimulator/leveldb.build/Objects-normal/arm64/env.o

CompileC /Users/aaronkeen/Library/Developer/Xcode/DerivedData/NutraSafeBeta-awyabywlaekrybetqgpbjphfxefs/Build/Intermediates.noindex/leveldb.build/Debug-iphonesimulator/leveldb.build/Objects-normal/arm64/dumpfile.o /Users/aaronkeen/Library/Developer/Xcode/DerivedData/NutraSafeBeta-awyabywlaekrybetqgpbjphfxefs/SourcePackages/checkouts/leveldb/db/dumpfile.cc normal arm64 c++ com.apple.compilers.llvm.clang.1_0.compiler (in target 'leveldb' from project 'leveldb')
    cd /Users/aaronkeen/Documents/My\ Apps/NutraSafe\ Beta/NutraSafeBeta.xcodeproj
    
    Using response file: /Users/aaronkeen/Library/Developer/Xcode/DerivedData/NutraSafeBeta-awyabywlaekrybetqgpbjphfxefs/Build/Intermediates.noindex/leveldb.build/Debug-iphonesimulator/leveldb.build/Objects-normal/arm64/82b82416624d2658e5098eb0a28c15c5-common-args.resp
    
    /Applications/Xcode.app/Contents/Developer/Toolchains/XcodeDefault.xctoolchain/usr/bin/clang -x c++ -ivfsstatcache /Users/aaronkeen/Library/Developer/Xcode/DerivedData/SDKStatCaches.noindex/iphonesimulator18.5-22F76-d5fc8ad4295d2ef488fb7d0f804ce0c4.sdkstatcache -fmessage-length\=0 -fdiagnostics-show-note-include-stack -fmacro-backtrace-limit\=0 -fno-color-diagnostics -fmodules-prune-interval\=86400 -fmodules-prune-after\=345600 -fbuild-session-file\=/Users/aaronkeen/Library/Developer/Xcode/DerivedData/ModuleCache.noindex/Session.modulevalidation -fmodules-validate-once-per-build-session -Wnon-modular-include-in-framework-module -Werror\=non-modular-include-in-framework-module -Wno-trigraphs -Wno-missing-field-initializers -Wno-missing-prototypes -Wno-return-type -Wno-non-virtual-dtor -Wno-overloaded-virtual -Wno-exit-time-destructors -Wno-missing-braces -Wparentheses -Wswitch -Wno-unused-function -Wno-unused-label -Wno-unused-parameter -Wno-unused-variable -Wunused-value -Wno-empty-body -Wno-uninitialized -Wno-unknown-pragmas -w -Wno-shadow -Wno-four-char-constants -Wno-conversion -Wno-constant-conversion -Wno-int-conversion -Wno-bool-conversion -Wno-enum-conversion -Wno-float-conversion -Wno-non-literal-null-conversion -Wno-objc-literal-conversion -Wshorten-64-to-32 -Wno-newline-eof -Wno-c++11-extensions -Wno-implicit-fallthrough -fstrict-aliasing -Wdeprecated-declarations -Winvalid-offsetof -Wno-sign-conversion -Wno-infinite-recursion -Wno-move -Wno-comma -Wno-block-capture-autoreleasing -Wno-strict-prototypes -Wno-range-loop-analysis -Wno-semicolon-before-method-body -index-store-path /Users/aaronkeen/Library/Developer/Xcode/DerivedData/NutraSafeBeta-awyabywlaekrybetqgpbjphfxefs/Index.noindex/DataStore @/Users/aaronkeen/Library/Developer/Xcode/DerivedData/NutraSafeBeta-awyabywlaekrybetqgpbjphfxefs/Build/Intermediates.noindex/leveldb.build/Debug-iphonesimulator/leveldb.build/Objects-normal/arm64/82b82416624d2658e5098eb0a28c15c5-common-args.resp -MMD -MT dependencies -MF /Users/aaronkeen/Library/Developer/Xcode/DerivedData/NutraSafeBeta-awyabywlaekrybetqgpbjphfxefs/Build/Intermediates.noindex/leveldb.build/Debug-iphonesimulator/leveldb.build/Objects-normal/arm64/dumpfile.d --serialize-diagnostics /Users/aaronkeen/Library/Developer/Xcode/DerivedData/NutraSafeBeta-awyabywlaekrybetqgpbjphfxefs/Build/Intermediates.noindex/leveldb.build/Debug-iphonesimulator/leveldb.build/Objects-normal/arm64/dumpfile.dia -c /Users/aaronkeen/Library/Developer/Xcode/DerivedData/NutraSafeBeta-awyabywlaekrybetqgpbjphfxefs/SourcePackages/checkouts/leveldb/db/dumpfile.cc -o /Users/aaronkeen/Library/Developer/Xcode/DerivedData/NutraSafeBeta-awyabywlaekrybetqgpbjphfxefs/Build/Intermediates.noindex/leveldb.build/Debug-iphonesimulator/leveldb.build/Objects-normal/arm64/dumpfile.o -index-unit-output-path /leveldb.build/Debug-iphonesimulator/leveldb.build/Objects-normal/arm64/dumpfile.o

CompileC /Users/aaronkeen/Library/Developer/Xcode/DerivedData/NutraSafeBeta-awyabywlaekrybetqgpbjphfxefs/Build/Intermediates.noindex/leveldb.build/Debug-iphonesimulator/leveldb.build/Objects-normal/arm64/dbformat.o /Users/aaronkeen/Library/Developer/Xcode/DerivedData/NutraSafeBeta-awyabywlaekrybetqgpbjphfxefs/SourcePackages/checkouts/leveldb/db/dbformat.cc normal arm64 c++ com.apple.compilers.llvm.clang.1_0.compiler (in target 'leveldb' from project 'leveldb')
    cd /Users/aaronkeen/Documents/My\ Apps/NutraSafe\ Beta/NutraSafeBeta.xcodeproj
    
    Using response file: /Users/aaronkeen/Library/Developer/Xcode/DerivedData/NutraSafeBeta-awyabywlaekrybetqgpbjphfxefs/Build/Intermediates.noindex/leveldb.build/Debug-iphonesimulator/leveldb.build/Objects-normal/arm64/82b82416624d2658e5098eb0a28c15c5-common-args.resp
    
    /Applications/Xcode.app/Contents/Developer/Toolchains/XcodeDefault.xctoolchain/usr/bin/clang -x c++ -ivfsstatcache /Users/aaronkeen/Library/Developer/Xcode/DerivedData/SDKStatCaches.noindex/iphonesimulator18.5-22F76-d5fc8ad4295d2ef488fb7d0f804ce0c4.sdkstatcache -fmessage-length\=0 -fdiagnostics-show-note-include-stack -fmacro-backtrace-limit\=0 -fno-color-diagnostics -fmodules-prune-interval\=86400 -fmodules-prune-after\=345600 -fbuild-session-file\=/Users/aaronkeen/Library/Developer/Xcode/DerivedData/ModuleCache.noindex/Session.modulevalidation -fmodules-validate-once-per-build-session -Wnon-modular-include-in-framework-module -Werror\=non-modular-include-in-framework-module -Wno-trigraphs -Wno-missing-field-initializers -Wno-missing-prototypes -Wno-return-type -Wno-non-virtual-dtor -Wno-overloaded-virtual -Wno-exit-time-destructors -Wno-missing-braces -Wparentheses -Wswitch -Wno-unused-function -Wno-unused-label -Wno-unused-parameter -Wno-unused-variable -Wunused-value -Wno-empty-body -Wno-uninitialized -Wno-unknown-pragmas -w -Wno-shadow -Wno-four-char-constants -Wno-conversion -Wno-constant-conversion -Wno-int-conversion -Wno-bool-conversion -Wno-enum-conversion -Wno-float-conversion -Wno-non-literal-null-conversion -Wno-objc-literal-conversion -Wshorten-64-to-32 -Wno-newline-eof -Wno-c++11-extensions -Wno-implicit-fallthrough -fstrict-aliasing -Wdeprecated-declarations -Winvalid-offsetof -Wno-sign-conversion -Wno-infinite-recursion -Wno-move -Wno-comma -Wno-block-capture-autoreleasing -Wno-strict-prototypes -Wno-range-loop-analysis -Wno-semicolon-before-method-body -index-store-path /Users/aaronkeen/Library/Developer/Xcode/DerivedData/NutraSafeBeta-awyabywlaekrybetqgpbjphfxefs/Index.noindex/DataStore @/Users/aaronkeen/Library/Developer/Xcode/DerivedData/NutraSafeBeta-awyabywlaekrybetqgpbjphfxefs/Build/Intermediates.noindex/leveldb.build/Debug-iphonesimulator/leveldb.build/Objects-normal/arm64/82b82416624d2658e5098eb0a28c15c5-common-args.resp -MMD -MT dependencies -MF /Users/aaronkeen/Library/Developer/Xcode/DerivedData/NutraSafeBeta-awyabywlaekrybetqgpbjphfxefs/Build/Intermediates.noindex/leveldb.build/Debug-iphonesimulator/leveldb.build/Objects-normal/arm64/dbformat.d --serialize-diagnostics /Users/aaronkeen/Library/Developer/Xcode/DerivedData/NutraSafeBeta-awyabywlaekrybetqgpbjphfxefs/Build/Intermediates.noindex/leveldb.build/Debug-iphonesimulator/leveldb.build/Objects-normal/arm64/dbformat.dia -c /Users/aaronkeen/Library/Developer/Xcode/DerivedData/NutraSafeBeta-awyabywlaekrybetqgpbjphfxefs/SourcePackages/checkouts/leveldb/db/dbformat.cc -o /Users/aaronkeen/Library/Developer/Xcode/DerivedData/NutraSafeBeta-awyabywlaekrybetqgpbjphfxefs/Build/Intermediates.noindex/leveldb.build/Debug-iphonesimulator/leveldb.build/Objects-normal/arm64/dbformat.o -index-unit-output-path /leveldb.build/Debug-iphonesimulator/leveldb.build/Objects-normal/arm64/dbformat.o

CompileC /Users/aaronkeen/Library/Developer/Xcode/DerivedData/NutraSafeBeta-awyabywlaekrybetqgpbjphfxefs/Build/Intermediates.noindex/leveldb.build/Debug-iphonesimulator/leveldb.build/Objects-normal/arm64/db_iter.o /Users/aaronkeen/Library/Developer/Xcode/DerivedData/NutraSafeBeta-awyabywlaekrybetqgpbjphfxefs/SourcePackages/checkouts/leveldb/db/db_iter.cc normal arm64 c++ com.apple.compilers.llvm.clang.1_0.compiler (in target 'leveldb' from project 'leveldb')
    cd /Users/aaronkeen/Documents/My\ Apps/NutraSafe\ Beta/NutraSafeBeta.xcodeproj
    
    Using response file: /Users/aaronkeen/Library/Developer/Xcode/DerivedData/NutraSafeBeta-awyabywlaekrybetqgpbjphfxefs/Build/Intermediates.noindex/leveldb.build/Debug-iphonesimulator/leveldb.build/Objects-normal/arm64/82b82416624d2658e5098eb0a28c15c5-common-args.resp
    
    /Applications/Xcode.app/Contents/Developer/Toolchains/XcodeDefault.xctoolchain/usr/bin/clang -x c++ -ivfsstatcache /Users/aaronkeen/Library/Developer/Xcode/DerivedData/SDKStatCaches.noindex/iphonesimulator18.5-22F76-d5fc8ad4295d2ef488fb7d0f804ce0c4.sdkstatcache -fmessage-length\=0 -fdiagnostics-show-note-include-stack -fmacro-backtrace-limit\=0 -fno-color-diagnostics -fmodules-prune-interval\=86400 -fmodules-prune-after\=345600 -fbuild-session-file\=/Users/aaronkeen/Library/Developer/Xcode/DerivedData/ModuleCache.noindex/Session.modulevalidation -fmodules-validate-once-per-build-session -Wnon-modular-include-in-framework-module -Werror\=non-modular-include-in-framework-module -Wno-trigraphs -Wno-missing-field-initializers -Wno-missing-prototypes -Wno-return-type -Wno-non-virtual-dtor -Wno-overloaded-virtual -Wno-exit-time-destructors -Wno-missing-braces -Wparentheses -Wswitch -Wno-unused-function -Wno-unused-label -Wno-unused-parameter -Wno-unused-variable -Wunused-value -Wno-empty-body -Wno-uninitialized -Wno-unknown-pragmas -w -Wno-shadow -Wno-four-char-constants -Wno-conversion -Wno-constant-conversion -Wno-int-conversion -Wno-bool-conversion -Wno-enum-conversion -Wno-float-conversion -Wno-non-literal-null-conversion -Wno-objc-literal-conversion -Wshorten-64-to-32 -Wno-newline-eof -Wno-c++11-extensions -Wno-implicit-fallthrough -fstrict-aliasing -Wdeprecated-declarations -Winvalid-offsetof -Wno-sign-conversion -Wno-infinite-recursion -Wno-move -Wno-comma -Wno-block-capture-autoreleasing -Wno-strict-prototypes -Wno-range-loop-analysis -Wno-semicolon-before-method-body -index-store-path /Users/aaronkeen/Library/Developer/Xcode/DerivedData/NutraSafeBeta-awyabywlaekrybetqgpbjphfxefs/Index.noindex/DataStore @/Users/aaronkeen/Library/Developer/Xcode/DerivedData/NutraSafeBeta-awyabywlaekrybetqgpbjphfxefs/Build/Intermediates.noindex/leveldb.build/Debug-iphonesimulator/leveldb.build/Objects-normal/arm64/82b82416624d2658e5098eb0a28c15c5-common-args.resp -MMD -MT dependencies -MF /Users/aaronkeen/Library/Developer/Xcode/DerivedData/NutraSafeBeta-awyabywlaekrybetqgpbjphfxefs/Build/Intermediates.noindex/leveldb.build/Debug-iphonesimulator/leveldb.build/Objects-normal/arm64/db_iter.d --serialize-diagnostics /Users/aaronkeen/Library/Developer/Xcode/DerivedData/NutraSafeBeta-awyabywlaekrybetqgpbjphfxefs/Build/Intermediates.noindex/leveldb.build/Debug-iphonesimulator/leveldb.build/Objects-normal/arm64/db_iter.dia -c /Users/aaronkeen/Library/Developer/Xcode/DerivedData/NutraSafeBeta-awyabywlaekrybetqgpbjphfxefs/SourcePackages/checkouts/leveldb/db/db_iter.cc -o /Users/aaronkeen/Library/Developer/Xcode/DerivedData/NutraSafeBeta-awyabywlaekrybetqgpbjphfxefs/Build/Intermediates.noindex/leveldb.build/Debug-iphonesimulator/leveldb.build/Objects-normal/arm64/db_iter.o -index-unit-output-path /leveldb.build/Debug-iphonesimulator/leveldb.build/Objects-normal/arm64/db_iter.o

CompileC /Users/aaronkeen/Library/Developer/Xcode/DerivedData/NutraSafeBeta-awyabywlaekrybetqgpbjphfxefs/Build/Intermediates.noindex/leveldb.build/Debug-iphonesimulator/leveldb.build/Objects-normal/arm64/db_impl.o /Users/aaronkeen/Library/Developer/Xcode/DerivedData/NutraSafeBeta-awyabywlaekrybetqgpbjphfxefs/SourcePackages/checkouts/leveldb/db/db_impl.cc normal arm64 c++ com.apple.compilers.llvm.clang.1_0.compiler (in target 'leveldb' from project 'leveldb')
    cd /Users/aaronkeen/Documents/My\ Apps/NutraSafe\ Beta/NutraSafeBeta.xcodeproj
    
    Using response file: /Users/aaronkeen/Library/Developer/Xcode/DerivedData/NutraSafeBeta-awyabywlaekrybetqgpbjphfxefs/Build/Intermediates.noindex/leveldb.build/Debug-iphonesimulator/leveldb.build/Objects-normal/arm64/82b82416624d2658e5098eb0a28c15c5-common-args.resp
    
    /Applications/Xcode.app/Contents/Developer/Toolchains/XcodeDefault.xctoolchain/usr/bin/clang -x c++ -ivfsstatcache /Users/aaronkeen/Library/Developer/Xcode/DerivedData/SDKStatCaches.noindex/iphonesimulator18.5-22F76-d5fc8ad4295d2ef488fb7d0f804ce0c4.sdkstatcache -fmessage-length\=0 -fdiagnostics-show-note-include-stack -fmacro-backtrace-limit\=0 -fno-color-diagnostics -fmodules-prune-interval\=86400 -fmodules-prune-after\=345600 -fbuild-session-file\=/Users/aaronkeen/Library/Developer/Xcode/DerivedData/ModuleCache.noindex/Session.modulevalidation -fmodules-validate-once-per-build-session -Wnon-modular-include-in-framework-module -Werror\=non-modular-include-in-framework-module -Wno-trigraphs -Wno-missing-field-initializers -Wno-missing-prototypes -Wno-return-type -Wno-non-virtual-dtor -Wno-overloaded-virtual -Wno-exit-time-destructors -Wno-missing-braces -Wparentheses -Wswitch -Wno-unused-function -Wno-unused-label -Wno-unused-parameter -Wno-unused-variable -Wunused-value -Wno-empty-body -Wno-uninitialized -Wno-unknown-pragmas -w -Wno-shadow -Wno-four-char-constants -Wno-conversion -Wno-constant-conversion -Wno-int-conversion -Wno-bool-conversion -Wno-enum-conversion -Wno-float-conversion -Wno-non-literal-null-conversion -Wno-objc-literal-conversion -Wshorten-64-to-32 -Wno-newline-eof -Wno-c++11-extensions -Wno-implicit-fallthrough -fstrict-aliasing -Wdeprecated-declarations -Winvalid-offsetof -Wno-sign-conversion -Wno-infinite-recursion -Wno-move -Wno-comma -Wno-block-capture-autoreleasing -Wno-strict-prototypes -Wno-range-loop-analysis -Wno-semicolon-before-method-body -index-store-path /Users/aaronkeen/Library/Developer/Xcode/DerivedData/NutraSafeBeta-awyabywlaekrybetqgpbjphfxefs/Index.noindex/DataStore @/Users/aaronkeen/Library/Developer/Xcode/DerivedData/NutraSafeBeta-awyabywlaekrybetqgpbjphfxefs/Build/Intermediates.noindex/leveldb.build/Debug-iphonesimulator/leveldb.build/Objects-normal/arm64/82b82416624d2658e5098eb0a28c15c5-common-args.resp -MMD -MT dependencies -MF /Users/aaronkeen/Library/Developer/Xcode/DerivedData/NutraSafeBeta-awyabywlaekrybetqgpbjphfxefs/Build/Intermediates.noindex/leveldb.build/Debug-iphonesimulator/leveldb.build/Objects-normal/arm64/db_impl.d --serialize-diagnostics /Users/aaronkeen/Library/Developer/Xcode/DerivedData/NutraSafeBeta-awyabywlaekrybetqgpbjphfxefs/Build/Intermediates.noindex/leveldb.build/Debug-iphonesimulator/leveldb.build/Objects-normal/arm64/db_impl.dia -c /Users/aaronkeen/Library/Developer/Xcode/DerivedData/NutraSafeBeta-awyabywlaekrybetqgpbjphfxefs/SourcePackages/checkouts/leveldb/db/db_impl.cc -o /Users/aaronkeen/Library/Developer/Xcode/DerivedData/NutraSafeBeta-awyabywlaekrybetqgpbjphfxefs/Build/Intermediates.noindex/leveldb.build/Debug-iphonesimulator/leveldb.build/Objects-normal/arm64/db_impl.o -index-unit-output-path /leveldb.build/Debug-iphonesimulator/leveldb.build/Objects-normal/arm64/db_impl.o

CompileC /Users/aaronkeen/Library/Developer/Xcode/DerivedData/NutraSafeBeta-awyabywlaekrybetqgpbjphfxefs/Build/Intermediates.noindex/leveldb.build/Debug-iphonesimulator/leveldb.build/Objects-normal/arm64/crc32c.o /Users/aaronkeen/Library/Developer/Xcode/DerivedData/NutraSafeBeta-awyabywlaekrybetqgpbjphfxefs/SourcePackages/checkouts/leveldb/util/crc32c.cc normal arm64 c++ com.apple.compilers.llvm.clang.1_0.compiler (in target 'leveldb' from project 'leveldb')
    cd /Users/aaronkeen/Documents/My\ Apps/NutraSafe\ Beta/NutraSafeBeta.xcodeproj
    
    Using response file: /Users/aaronkeen/Library/Developer/Xcode/DerivedData/NutraSafeBeta-awyabywlaekrybetqgpbjphfxefs/Build/Intermediates.noindex/leveldb.build/Debug-iphonesimulator/leveldb.build/Objects-normal/arm64/82b82416624d2658e5098eb0a28c15c5-common-args.resp
    
    /Applications/Xcode.app/Contents/Developer/Toolchains/XcodeDefault.xctoolchain/usr/bin/clang -x c++ -ivfsstatcache /Users/aaronkeen/Library/Developer/Xcode/DerivedData/SDKStatCaches.noindex/iphonesimulator18.5-22F76-d5fc8ad4295d2ef488fb7d0f804ce0c4.sdkstatcache -fmessage-length\=0 -fdiagnostics-show-note-include-stack -fmacro-backtrace-limit\=0 -fno-color-diagnostics -fmodules-prune-interval\=86400 -fmodules-prune-after\=345600 -fbuild-session-file\=/Users/aaronkeen/Library/Developer/Xcode/DerivedData/ModuleCache.noindex/Session.modulevalidation -fmodules-validate-once-per-build-session -Wnon-modular-include-in-framework-module -Werror\=non-modular-include-in-framework-module -Wno-trigraphs -Wno-missing-field-initializers -Wno-missing-prototypes -Wno-return-type -Wno-non-virtual-dtor -Wno-overloaded-virtual -Wno-exit-time-destructors -Wno-missing-braces -Wparentheses -Wswitch -Wno-unused-function -Wno-unused-label -Wno-unused-parameter -Wno-unused-variable -Wunused-value -Wno-empty-body -Wno-uninitialized -Wno-unknown-pragmas -w -Wno-shadow -Wno-four-char-constants -Wno-conversion -Wno-constant-conversion -Wno-int-conversion -Wno-bool-conversion -Wno-enum-conversion -Wno-float-conversion -Wno-non-literal-null-conversion -Wno-objc-literal-conversion -Wshorten-64-to-32 -Wno-newline-eof -Wno-c++11-extensions -Wno-implicit-fallthrough -fstrict-aliasing -Wdeprecated-declarations -Winvalid-offsetof -Wno-sign-conversion -Wno-infinite-recursion -Wno-move -Wno-comma -Wno-block-capture-autoreleasing -Wno-strict-prototypes -Wno-range-loop-analysis -Wno-semicolon-before-method-body -index-store-path /Users/aaronkeen/Library/Developer/Xcode/DerivedData/NutraSafeBeta-awyabywlaekrybetqgpbjphfxefs/Index.noindex/DataStore @/Users/aaronkeen/Library/Developer/Xcode/DerivedData/NutraSafeBeta-awyabywlaekrybetqgpbjphfxefs/Build/Intermediates.noindex/leveldb.build/Debug-iphonesimulator/leveldb.build/Objects-normal/arm64/82b82416624d2658e5098eb0a28c15c5-common-args.resp -MMD -MT dependencies -MF /Users/aaronkeen/Library/Developer/Xcode/DerivedData/NutraSafeBeta-awyabywlaekrybetqgpbjphfxefs/Build/Intermediates.noindex/leveldb.build/Debug-iphonesimulator/leveldb.build/Objects-normal/arm64/crc32c.d --serialize-diagnostics /Users/aaronkeen/Library/Developer/Xcode/DerivedData/NutraSafeBeta-awyabywlaekrybetqgpbjphfxefs/Build/Intermediates.noindex/leveldb.build/Debug-iphonesimulator/leveldb.build/Objects-normal/arm64/crc32c.dia -c /Users/aaronkeen/Library/Developer/Xcode/DerivedData/NutraSafeBeta-awyabywlaekrybetqgpbjphfxefs/SourcePackages/checkouts/leveldb/util/crc32c.cc -o /Users/aaronkeen/Library/Developer/Xcode/DerivedData/NutraSafeBeta-awyabywlaekrybetqgpbjphfxefs/Build/Intermediates.noindex/leveldb.build/Debug-iphonesimulator/leveldb.build/Objects-normal/arm64/crc32c.o -index-unit-output-path /leveldb.build/Debug-iphonesimulator/leveldb.build/Objects-normal/arm64/crc32c.o

CompileC /Users/aaronkeen/Library/Developer/Xcode/DerivedData/NutraSafeBeta-awyabywlaekrybetqgpbjphfxefs/Build/Intermediates.noindex/leveldb.build/Debug-iphonesimulator/leveldb.build/Objects-normal/arm64/comparator.o /Users/aaronkeen/Library/Developer/Xcode/DerivedData/NutraSafeBeta-awyabywlaekrybetqgpbjphfxefs/SourcePackages/checkouts/leveldb/util/comparator.cc normal arm64 c++ com.apple.compilers.llvm.clang.1_0.compiler (in target 'leveldb' from project 'leveldb')
    cd /Users/aaronkeen/Documents/My\ Apps/NutraSafe\ Beta/NutraSafeBeta.xcodeproj
    
    Using response file: /Users/aaronkeen/Library/Developer/Xcode/DerivedData/NutraSafeBeta-awyabywlaekrybetqgpbjphfxefs/Build/Intermediates.noindex/leveldb.build/Debug-iphonesimulator/leveldb.build/Objects-normal/arm64/82b82416624d2658e5098eb0a28c15c5-common-args.resp
    
    /Applications/Xcode.app/Contents/Developer/Toolchains/XcodeDefault.xctoolchain/usr/bin/clang -x c++ -ivfsstatcache /Users/aaronkeen/Library/Developer/Xcode/DerivedData/SDKStatCaches.noindex/iphonesimulator18.5-22F76-d5fc8ad4295d2ef488fb7d0f804ce0c4.sdkstatcache -fmessage-length\=0 -fdiagnostics-show-note-include-stack -fmacro-backtrace-limit\=0 -fno-color-diagnostics -fmodules-prune-interval\=86400 -fmodules-prune-after\=345600 -fbuild-session-file\=/Users/aaronkeen/Library/Developer/Xcode/DerivedData/ModuleCache.noindex/Session.modulevalidation -fmodules-validate-once-per-build-session -Wnon-modular-include-in-framework-module -Werror\=non-modular-include-in-framework-module -Wno-trigraphs -Wno-missing-field-initializers -Wno-missing-prototypes -Wno-return-type -Wno-non-virtual-dtor -Wno-overloaded-virtual -Wno-exit-time-destructors -Wno-missing-braces -Wparentheses -Wswitch -Wno-unused-function -Wno-unused-label -Wno-unused-parameter -Wno-unused-variable -Wunused-value -Wno-empty-body -Wno-uninitialized -Wno-unknown-pragmas -w -Wno-shadow -Wno-four-char-constants -Wno-conversion -Wno-constant-conversion -Wno-int-conversion -Wno-bool-conversion -Wno-enum-conversion -Wno-float-conversion -Wno-non-literal-null-conversion -Wno-objc-literal-conversion -Wshorten-64-to-32 -Wno-newline-eof -Wno-c++11-extensions -Wno-implicit-fallthrough -fstrict-aliasing -Wdeprecated-declarations -Winvalid-offsetof -Wno-sign-conversion -Wno-infinite-recursion -Wno-move -Wno-comma -Wno-block-capture-autoreleasing -Wno-strict-prototypes -Wno-range-loop-analysis -Wno-semicolon-before-method-body -index-store-path /Users/aaronkeen/Library/Developer/Xcode/DerivedData/NutraSafeBeta-awyabywlaekrybetqgpbjphfxefs/Index.noindex/DataStore @/Users/aaronkeen/Library/Developer/Xcode/DerivedData/NutraSafeBeta-awyabywlaekrybetqgpbjphfxefs/Build/Intermediates.noindex/leveldb.build/Debug-iphonesimulator/leveldb.build/Objects-normal/arm64/82b82416624d2658e5098eb0a28c15c5-common-args.resp -MMD -MT dependencies -MF /Users/aaronkeen/Library/Developer/Xcode/DerivedData/NutraSafeBeta-awyabywlaekrybetqgpbjphfxefs/Build/Intermediates.noindex/leveldb.build/Debug-iphonesimulator/leveldb.build/Objects-normal/arm64/comparator.d --serialize-diagnostics /Users/aaronkeen/Library/Developer/Xcode/DerivedData/NutraSafeBeta-awyabywlaekrybetqgpbjphfxefs/Build/Intermediates.noindex/leveldb.build/Debug-iphonesimulator/leveldb.build/Objects-normal/arm64/comparator.dia -c /Users/aaronkeen/Library/Developer/Xcode/DerivedData/NutraSafeBeta-awyabywlaekrybetqgpbjphfxefs/SourcePackages/checkouts/leveldb/util/comparator.cc -o /Users/aaronkeen/Library/Developer/Xcode/DerivedData/NutraSafeBeta-awyabywlaekrybetqgpbjphfxefs/Build/Intermediates.noindex/leveldb.build/Debug-iphonesimulator/leveldb.build/Objects-normal/arm64/comparator.o -index-unit-output-path /leveldb.build/Debug-iphonesimulator/leveldb.build/Objects-normal/arm64/comparator.o

CompileC /Users/aaronkeen/Library/Developer/Xcode/DerivedData/NutraSafeBeta-awyabywlaekrybetqgpbjphfxefs/Build/Intermediates.noindex/leveldb.build/Debug-iphonesimulator/leveldb.build/Objects-normal/arm64/coding.o /Users/aaronkeen/Library/Developer/Xcode/DerivedData/NutraSafeBeta-awyabywlaekrybetqgpbjphfxefs/SourcePackages/checkouts/leveldb/util/coding.cc normal arm64 c++ com.apple.compilers.llvm.clang.1_0.compiler (in target 'leveldb' from project 'leveldb')
    cd /Users/aaronkeen/Documents/My\ Apps/NutraSafe\ Beta/NutraSafeBeta.xcodeproj
    
    Using response file: /Users/aaronkeen/Library/Developer/Xcode/DerivedData/NutraSafeBeta-awyabywlaekrybetqgpbjphfxefs/Build/Intermediates.noindex/leveldb.build/Debug-iphonesimulator/leveldb.build/Objects-normal/arm64/82b82416624d2658e5098eb0a28c15c5-common-args.resp
    
    /Applications/Xcode.app/Contents/Developer/Toolchains/XcodeDefault.xctoolchain/usr/bin/clang -x c++ -ivfsstatcache /Users/aaronkeen/Library/Developer/Xcode/DerivedData/SDKStatCaches.noindex/iphonesimulator18.5-22F76-d5fc8ad4295d2ef488fb7d0f804ce0c4.sdkstatcache -fmessage-length\=0 -fdiagnostics-show-note-include-stack -fmacro-backtrace-limit\=0 -fno-color-diagnostics -fmodules-prune-interval\=86400 -fmodules-prune-after\=345600 -fbuild-session-file\=/Users/aaronkeen/Library/Developer/Xcode/DerivedData/ModuleCache.noindex/Session.modulevalidation -fmodules-validate-once-per-build-session -Wnon-modular-include-in-framework-module -Werror\=non-modular-include-in-framework-module -Wno-trigraphs -Wno-missing-field-initializers -Wno-missing-prototypes -Wno-return-type -Wno-non-virtual-dtor -Wno-overloaded-virtual -Wno-exit-time-destructors -Wno-missing-braces -Wparentheses -Wswitch -Wno-unused-function -Wno-unused-label -Wno-unused-parameter -Wno-unused-variable -Wunused-value -Wno-empty-body -Wno-uninitialized -Wno-unknown-pragmas -w -Wno-shadow -Wno-four-char-constants -Wno-conversion -Wno-constant-conversion -Wno-int-conversion -Wno-bool-conversion -Wno-enum-conversion -Wno-float-conversion -Wno-non-literal-null-conversion -Wno-objc-literal-conversion -Wshorten-64-to-32 -Wno-newline-eof -Wno-c++11-extensions -Wno-implicit-fallthrough -fstrict-aliasing -Wdeprecated-declarations -Winvalid-offsetof -Wno-sign-conversion -Wno-infinite-recursion -Wno-move -Wno-comma -Wno-block-capture-autoreleasing -Wno-strict-prototypes -Wno-range-loop-analysis -Wno-semicolon-before-method-body -index-store-path /Users/aaronkeen/Library/Developer/Xcode/DerivedData/NutraSafeBeta-awyabywlaekrybetqgpbjphfxefs/Index.noindex/DataStore @/Users/aaronkeen/Library/Developer/Xcode/DerivedData/NutraSafeBeta-awyabywlaekrybetqgpbjphfxefs/Build/Intermediates.noindex/leveldb.build/Debug-iphonesimulator/leveldb.build/Objects-normal/arm64/82b82416624d2658e5098eb0a28c15c5-common-args.resp -MMD -MT dependencies -MF /Users/aaronkeen/Library/Developer/Xcode/DerivedData/NutraSafeBeta-awyabywlaekrybetqgpbjphfxefs/Build/Intermediates.noindex/leveldb.build/Debug-iphonesimulator/leveldb.build/Objects-normal/arm64/coding.d --serialize-diagnostics /Users/aaronkeen/Library/Developer/Xcode/DerivedData/NutraSafeBeta-awyabywlaekrybetqgpbjphfxefs/Build/Intermediates.noindex/leveldb.build/Debug-iphonesimulator/leveldb.build/Objects-normal/arm64/coding.dia -c /Users/aaronkeen/Library/Developer/Xcode/DerivedData/NutraSafeBeta-awyabywlaekrybetqgpbjphfxefs/SourcePackages/checkouts/leveldb/util/coding.cc -o /Users/aaronkeen/Library/Developer/Xcode/DerivedData/NutraSafeBeta-awyabywlaekrybetqgpbjphfxefs/Build/Intermediates.noindex/leveldb.build/Debug-iphonesimulator/leveldb.build/Objects-normal/arm64/coding.o -index-unit-output-path /leveldb.build/Debug-iphonesimulator/leveldb.build/Objects-normal/arm64/coding.o

CompileC /Users/aaronkeen/Library/Developer/Xcode/DerivedData/NutraSafeBeta-awyabywlaekrybetqgpbjphfxefs/Build/Intermediates.noindex/leveldb.build/Debug-iphonesimulator/leveldb.build/Objects-normal/arm64/cache.o /Users/aaronkeen/Library/Developer/Xcode/DerivedData/NutraSafeBeta-awyabywlaekrybetqgpbjphfxefs/SourcePackages/checkouts/leveldb/util/cache.cc normal arm64 c++ com.apple.compilers.llvm.clang.1_0.compiler (in target 'leveldb' from project 'leveldb')
    cd /Users/aaronkeen/Documents/My\ Apps/NutraSafe\ Beta/NutraSafeBeta.xcodeproj
    
    Using response file: /Users/aaronkeen/Library/Developer/Xcode/DerivedData/NutraSafeBeta-awyabywlaekrybetqgpbjphfxefs/Build/Intermediates.noindex/leveldb.build/Debug-iphonesimulator/leveldb.build/Objects-normal/arm64/82b82416624d2658e5098eb0a28c15c5-common-args.resp
    
    /Applications/Xcode.app/Contents/Developer/Toolchains/XcodeDefault.xctoolchain/usr/bin/clang -x c++ -ivfsstatcache /Users/aaronkeen/Library/Developer/Xcode/DerivedData/SDKStatCaches.noindex/iphonesimulator18.5-22F76-d5fc8ad4295d2ef488fb7d0f804ce0c4.sdkstatcache -fmessage-length\=0 -fdiagnostics-show-note-include-stack -fmacro-backtrace-limit\=0 -fno-color-diagnostics -fmodules-prune-interval\=86400 -fmodules-prune-after\=345600 -fbuild-session-file\=/Users/aaronkeen/Library/Developer/Xcode/DerivedData/ModuleCache.noindex/Session.modulevalidation -fmodules-validate-once-per-build-session -Wnon-modular-include-in-framework-module -Werror\=non-modular-include-in-framework-module -Wno-trigraphs -Wno-missing-field-initializers -Wno-missing-prototypes -Wno-return-type -Wno-non-virtual-dtor -Wno-overloaded-virtual -Wno-exit-time-destructors -Wno-missing-braces -Wparentheses -Wswitch -Wno-unused-function -Wno-unused-label -Wno-unused-parameter -Wno-unused-variable -Wunused-value -Wno-empty-body -Wno-uninitialized -Wno-unknown-pragmas -w -Wno-shadow -Wno-four-char-constants -Wno-conversion -Wno-constant-conversion -Wno-int-conversion -Wno-bool-conversion -Wno-enum-conversion -Wno-float-conversion -Wno-non-literal-null-conversion -Wno-objc-literal-conversion -Wshorten-64-to-32 -Wno-newline-eof -Wno-c++11-extensions -Wno-implicit-fallthrough -fstrict-aliasing -Wdeprecated-declarations -Winvalid-offsetof -Wno-sign-conversion -Wno-infinite-recursion -Wno-move -Wno-comma -Wno-block-capture-autoreleasing -Wno-strict-prototypes -Wno-range-loop-analysis -Wno-semicolon-before-method-body -index-store-path /Users/aaronkeen/Library/Developer/Xcode/DerivedData/NutraSafeBeta-awyabywlaekrybetqgpbjphfxefs/Index.noindex/DataStore @/Users/aaronkeen/Library/Developer/Xcode/DerivedData/NutraSafeBeta-awyabywlaekrybetqgpbjphfxefs/Build/Intermediates.noindex/leveldb.build/Debug-iphonesimulator/leveldb.build/Objects-normal/arm64/82b82416624d2658e5098eb0a28c15c5-common-args.resp -MMD -MT dependencies -MF /Users/aaronkeen/Library/Developer/Xcode/DerivedData/NutraSafeBeta-awyabywlaekrybetqgpbjphfxefs/Build/Intermediates.noindex/leveldb.build/Debug-iphonesimulator/leveldb.build/Objects-normal/arm64/cache.d --serialize-diagnostics /Users/aaronkeen/Library/Developer/Xcode/DerivedData/NutraSafeBeta-awyabywlaekrybetqgpbjphfxefs/Build/Intermediates.noindex/leveldb.build/Debug-iphonesimulator/leveldb.build/Objects-normal/arm64/cache.dia -c /Users/aaronkeen/Library/Developer/Xcode/DerivedData/NutraSafeBeta-awyabywlaekrybetqgpbjphfxefs/SourcePackages/checkouts/leveldb/util/cache.cc -o /Users/aaronkeen/Library/Developer/Xcode/DerivedData/NutraSafeBeta-awyabywlaekrybetqgpbjphfxefs/Build/Intermediates.noindex/leveldb.build/Debug-iphonesimulator/leveldb.build/Objects-normal/arm64/cache.o -index-unit-output-path /leveldb.build/Debug-iphonesimulator/leveldb.build/Objects-normal/arm64/cache.o

SwiftDriverJobDiscovery normal arm64 Emitting module for FirebaseSharedSwift (in target 'FirebaseSharedSwift' from project 'Firebase')

SwiftDriver\ Compilation\ Requirements FirebaseSharedSwift normal arm64 com.apple.xcode.tools.swift.compiler (in target 'FirebaseSharedSwift' from project 'Firebase')
    cd /Users/aaronkeen/Documents/My\ Apps/NutraSafe\ Beta/NutraSafeBeta.xcodeproj
    builtin-Swift-Compilation-Requirements -- /Applications/Xcode.app/Contents/Developer/Toolchains/XcodeDefault.xctoolchain/usr/bin/swiftc -module-name FirebaseSharedSwift -Onone -enforce-exclusivity\=checked @/Users/aaronkeen/Library/Developer/Xcode/DerivedData/NutraSafeBeta-awyabywlaekrybetqgpbjphfxefs/Build/Intermediates.noindex/Firebase.build/Debug-iphonesimulator/FirebaseSharedSwift.build/Objects-normal/arm64/FirebaseSharedSwift.SwiftFileList -DSWIFT_PACKAGE -DDEBUG -DXcode -plugin-path /Applications/Xcode.app/Contents/Developer/Toolchains/XcodeDefault.xctoolchain/usr/lib/swift/host/plugins/testing -enable-experimental-feature DebugDescriptionMacro -sdk /Applications/Xcode.app/Contents/Developer/Platforms/iPhoneSimulator.platform/Developer/SDKs/iPhoneSimulator18.5.sdk -target arm64-apple-ios15.0-simulator -g -module-cache-path /Users/aaronkeen/Library/Developer/Xcode/DerivedData/ModuleCache.noindex -Xfrontend -serialize-debugging-options -enable-testing -suppress-warnings -index-store-path /Users/aaronkeen/Library/Developer/Xcode/DerivedData/NutraSafeBeta-awyabywlaekrybetqgpbjphfxefs/Index.noindex/DataStore -swift-version 5 -I /Users/aaronkeen/Library/Developer/Xcode/DerivedData/NutraSafeBeta-awyabywlaekrybetqgpbjphfxefs/Build/Products/Debug-iphonesimulator -I /Applications/Xcode.app/Contents/Developer/Platforms/iPhoneSimulator.platform/Developer/usr/lib -F /Users/aaronkeen/Library/Developer/Xcode/DerivedData/NutraSafeBeta-awyabywlaekrybetqgpbjphfxefs/Build/Products/Debug-iphonesimulator -F /Applications/Xcode.app/Contents/Developer/Platforms/iPhoneSimulator.platform/Developer/Library/Frameworks -F /Applications/Xcode.app/Contents/Developer/Platforms/iPhoneSimulator.platform/Developer/SDKs/iPhoneSimulator18.5.sdk/Developer/Library/Frameworks -c -j14 -enable-batch-mode -incremental -Xcc -ivfsstatcache -Xcc /Users/aaronkeen/Library/Developer/Xcode/DerivedData/SDKStatCaches.noindex/iphonesimulator18.5-22F76-d5fc8ad4295d2ef488fb7d0f804ce0c4.sdkstatcache -output-file-map /Users/aaronkeen/Library/Developer/Xcode/DerivedData/NutraSafeBeta-awyabywlaekrybetqgpbjphfxefs/Build/Intermediates.noindex/Firebase.build/Debug-iphonesimulator/FirebaseSharedSwift.build/Objects-normal/arm64/FirebaseSharedSwift-OutputFileMap.json -use-frontend-parseable-output -save-temps -no-color-diagnostics -serialize-diagnostics -emit-dependencies -emit-module -emit-module-path /Users/aaronkeen/Library/Developer/Xcode/DerivedData/NutraSafeBeta-awyabywlaekrybetqgpbjphfxefs/Build/Intermediates.noindex/Firebase.build/Debug-iphonesimulator/FirebaseSharedSwift.build/Objects-normal/arm64/FirebaseSharedSwift.swiftmodule -user-module-version 12.2.0 -validate-clang-modules-once -clang-build-session-file /Users/aaronkeen/Library/Developer/Xcode/DerivedData/ModuleCache.noindex/Session.modulevalidation -package-name firebase_ios_sdk -Xcc -I/Users/aaronkeen/Library/Developer/Xcode/DerivedData/NutraSafeBeta-awyabywlaekrybetqgpbjphfxefs/Build/Intermediates.noindex/Firebase.build/Debug-iphonesimulator/FirebaseSharedSwift.build/swift-overrides.hmap -emit-const-values -Xfrontend -const-gather-protocols-file -Xfrontend /Users/aaronkeen/Library/Developer/Xcode/DerivedData/NutraSafeBeta-awyabywlaekrybetqgpbjphfxefs/Build/Intermediates.noindex/Firebase.build/Debug-iphonesimulator/FirebaseSharedSwift.build/Objects-normal/arm64/FirebaseSharedSwift_const_extract_protocols.json -Xcc -I/Users/aaronkeen/Library/Developer/Xcode/DerivedData/NutraSafeBeta-awyabywlaekrybetqgpbjphfxefs/Build/Products/Debug-iphonesimulator/include -Xcc -I/Users/aaronkeen/Library/Developer/Xcode/DerivedData/NutraSafeBeta-awyabywlaekrybetqgpbjphfxefs/Build/Intermediates.noindex/Firebase.build/Debug-iphonesimulator/FirebaseSharedSwift.build/DerivedSources-normal/arm64 -Xcc -I/Users/aaronkeen/Library/Developer/Xcode/DerivedData/NutraSafeBeta-awyabywlaekrybetqgpbjphfxefs/Build/Intermediates.noindex/Firebase.build/Debug-iphonesimulator/FirebaseSharedSwift.build/DerivedSources/arm64 -Xcc -I/Users/aaronkeen/Library/Developer/Xcode/DerivedData/NutraSafeBeta-awyabywlaekrybetqgpbjphfxefs/Build/Intermediates.noindex/Firebase.build/Debug-iphonesimulator/FirebaseSharedSwift.build/DerivedSources -Xcc -DSWIFT_PACKAGE -Xcc -DDEBUG\=1 -emit-objc-header -emit-objc-header-path /Users/aaronkeen/Library/Developer/Xcode/DerivedData/NutraSafeBeta-awyabywlaekrybetqgpbjphfxefs/Build/Intermediates.noindex/Firebase.build/Debug-iphonesimulator/FirebaseSharedSwift.build/Objects-normal/arm64/FirebaseSharedSwift-Swift.h -working-directory /Users/aaronkeen/Documents/My\ Apps/NutraSafe\ Beta/NutraSafeBeta.xcodeproj -experimental-emit-module-separately -disable-cmo

CompileC /Users/aaronkeen/Library/Developer/Xcode/DerivedData/NutraSafeBeta-awyabywlaekrybetqgpbjphfxefs/Build/Intermediates.noindex/leveldb.build/Debug-iphonesimulator/leveldb.build/Objects-normal/arm64/c.o /Users/aaronkeen/Library/Developer/Xcode/DerivedData/NutraSafeBeta-awyabywlaekrybetqgpbjphfxefs/SourcePackages/checkouts/leveldb/db/c.cc normal arm64 c++ com.apple.compilers.llvm.clang.1_0.compiler (in target 'leveldb' from project 'leveldb')
    cd /Users/aaronkeen/Documents/My\ Apps/NutraSafe\ Beta/NutraSafeBeta.xcodeproj
    
    Using response file: /Users/aaronkeen/Library/Developer/Xcode/DerivedData/NutraSafeBeta-awyabywlaekrybetqgpbjphfxefs/Build/Intermediates.noindex/leveldb.build/Debug-iphonesimulator/leveldb.build/Objects-normal/arm64/82b82416624d2658e5098eb0a28c15c5-common-args.resp
    
    /Applications/Xcode.app/Contents/Developer/Toolchains/XcodeDefault.xctoolchain/usr/bin/clang -x c++ -ivfsstatcache /Users/aaronkeen/Library/Developer/Xcode/DerivedData/SDKStatCaches.noindex/iphonesimulator18.5-22F76-d5fc8ad4295d2ef488fb7d0f804ce0c4.sdkstatcache -fmessage-length\=0 -fdiagnostics-show-note-include-stack -fmacro-backtrace-limit\=0 -fno-color-diagnostics -fmodules-prune-interval\=86400 -fmodules-prune-after\=345600 -fbuild-session-file\=/Users/aaronkeen/Library/Developer/Xcode/DerivedData/ModuleCache.noindex/Session.modulevalidation -fmodules-validate-once-per-build-session -Wnon-modular-include-in-framework-module -Werror\=non-modular-include-in-framework-module -Wno-trigraphs -Wno-missing-field-initializers -Wno-missing-prototypes -Wno-return-type -Wno-non-virtual-dtor -Wno-overloaded-virtual -Wno-exit-time-destructors -Wno-missing-braces -Wparentheses -Wswitch -Wno-unused-function -Wno-unused-label -Wno-unused-parameter -Wno-unused-variable -Wunused-value -Wno-empty-body -Wno-uninitialized -Wno-unknown-pragmas -w -Wno-shadow -Wno-four-char-constants -Wno-conversion -Wno-constant-conversion -Wno-int-conversion -Wno-bool-conversion -Wno-enum-conversion -Wno-float-conversion -Wno-non-literal-null-conversion -Wno-objc-literal-conversion -Wshorten-64-to-32 -Wno-newline-eof -Wno-c++11-extensions -Wno-implicit-fallthrough -fstrict-aliasing -Wdeprecated-declarations -Winvalid-offsetof -Wno-sign-conversion -Wno-infinite-recursion -Wno-move -Wno-comma -Wno-block-capture-autoreleasing -Wno-strict-prototypes -Wno-range-loop-analysis -Wno-semicolon-before-method-body -index-store-path /Users/aaronkeen/Library/Developer/Xcode/DerivedData/NutraSafeBeta-awyabywlaekrybetqgpbjphfxefs/Index.noindex/DataStore @/Users/aaronkeen/Library/Developer/Xcode/DerivedData/NutraSafeBeta-awyabywlaekrybetqgpbjphfxefs/Build/Intermediates.noindex/leveldb.build/Debug-iphonesimulator/leveldb.build/Objects-normal/arm64/82b82416624d2658e5098eb0a28c15c5-common-args.resp -MMD -MT dependencies -MF /Users/aaronkeen/Library/Developer/Xcode/DerivedData/NutraSafeBeta-awyabywlaekrybetqgpbjphfxefs/Build/Intermediates.noindex/leveldb.build/Debug-iphonesimulator/leveldb.build/Objects-normal/arm64/c.d --serialize-diagnostics /Users/aaronkeen/Library/Developer/Xcode/DerivedData/NutraSafeBeta-awyabywlaekrybetqgpbjphfxefs/Build/Intermediates.noindex/leveldb.build/Debug-iphonesimulator/leveldb.build/Objects-normal/arm64/c.dia -c /Users/aaronkeen/Library/Developer/Xcode/DerivedData/NutraSafeBeta-awyabywlaekrybetqgpbjphfxefs/SourcePackages/checkouts/leveldb/db/c.cc -o /Users/aaronkeen/Library/Developer/Xcode/DerivedData/NutraSafeBeta-awyabywlaekrybetqgpbjphfxefs/Build/Intermediates.noindex/leveldb.build/Debug-iphonesimulator/leveldb.build/Objects-normal/arm64/c.o -index-unit-output-path /leveldb.build/Debug-iphonesimulator/leveldb.build/Objects-normal/arm64/c.o

SwiftMergeGeneratedHeaders /Users/aaronkeen/Library/Developer/Xcode/DerivedData/NutraSafeBeta-awyabywlaekrybetqgpbjphfxefs/Build/Intermediates.noindex/GeneratedModuleMaps-iphonesimulator/FirebaseSharedSwift-Swift.h /Users/aaronkeen/Library/Developer/Xcode/DerivedData/NutraSafeBeta-awyabywlaekrybetqgpbjphfxefs/Build/Intermediates.noindex/Firebase.build/Debug-iphonesimulator/FirebaseSharedSwift.build/Objects-normal/arm64/FirebaseSharedSwift-Swift.h (in target 'FirebaseSharedSwift' from project 'Firebase')
    cd /Users/aaronkeen/Library/Developer/Xcode/DerivedData/NutraSafeBeta-awyabywlaekrybetqgpbjphfxefs/SourcePackages/checkouts/firebase-ios-sdk
    builtin-swiftHeaderTool -arch arm64 /Users/aaronkeen/Library/Developer/Xcode/DerivedData/NutraSafeBeta-awyabywlaekrybetqgpbjphfxefs/Build/Intermediates.noindex/Firebase.build/Debug-iphonesimulator/FirebaseSharedSwift.build/Objects-normal/arm64/FirebaseSharedSwift-Swift.h -o /Users/aaronkeen/Library/Developer/Xcode/DerivedData/NutraSafeBeta-awyabywlaekrybetqgpbjphfxefs/Build/Intermediates.noindex/GeneratedModuleMaps-iphonesimulator/FirebaseSharedSwift-Swift.h

Copy /Users/aaronkeen/Library/Developer/Xcode/DerivedData/NutraSafeBeta-awyabywlaekrybetqgpbjphfxefs/Build/Products/Debug-iphonesimulator/FirebaseSharedSwift.swiftmodule/arm64-apple-ios-simulator.swiftmodule /Users/aaronkeen/Library/Developer/Xcode/DerivedData/NutraSafeBeta-awyabywlaekrybetqgpbjphfxefs/Build/Intermediates.noindex/Firebase.build/Debug-iphonesimulator/FirebaseSharedSwift.build/Objects-normal/arm64/FirebaseSharedSwift.swiftmodule (in target 'FirebaseSharedSwift' from project 'Firebase')
    cd /Users/aaronkeen/Library/Developer/Xcode/DerivedData/NutraSafeBeta-awyabywlaekrybetqgpbjphfxefs/SourcePackages/checkouts/firebase-ios-sdk
    builtin-copy -exclude .DS_Store -exclude CVS -exclude .svn -exclude .git -exclude .hg -resolve-src-symlinks -rename /Users/aaronkeen/Library/Developer/Xcode/DerivedData/NutraSafeBeta-awyabywlaekrybetqgpbjphfxefs/Build/Intermediates.noindex/Firebase.build/Debug-iphonesimulator/FirebaseSharedSwift.build/Objects-normal/arm64/FirebaseSharedSwift.swiftmodule /Users/aaronkeen/Library/Developer/Xcode/DerivedData/NutraSafeBeta-awyabywlaekrybetqgpbjphfxefs/Build/Products/Debug-iphonesimulator/FirebaseSharedSwift.swiftmodule/arm64-apple-ios-simulator.swiftmodule

Copy /Users/aaronkeen/Library/Developer/Xcode/DerivedData/NutraSafeBeta-awyabywlaekrybetqgpbjphfxefs/Build/Products/Debug-iphonesimulator/FirebaseSharedSwift.swiftmodule/arm64-apple-ios-simulator.swiftdoc /Users/aaronkeen/Library/Developer/Xcode/DerivedData/NutraSafeBeta-awyabywlaekrybetqgpbjphfxefs/Build/Intermediates.noindex/Firebase.build/Debug-iphonesimulator/FirebaseSharedSwift.build/Objects-normal/arm64/FirebaseSharedSwift.swiftdoc (in target 'FirebaseSharedSwift' from project 'Firebase')
    cd /Users/aaronkeen/Library/Developer/Xcode/DerivedData/NutraSafeBeta-awyabywlaekrybetqgpbjphfxefs/SourcePackages/checkouts/firebase-ios-sdk
    builtin-copy -exclude .DS_Store -exclude CVS -exclude .svn -exclude .git -exclude .hg -resolve-src-symlinks -rename /Users/aaronkeen/Library/Developer/Xcode/DerivedData/NutraSafeBeta-awyabywlaekrybetqgpbjphfxefs/Build/Intermediates.noindex/Firebase.build/Debug-iphonesimulator/FirebaseSharedSwift.build/Objects-normal/arm64/FirebaseSharedSwift.swiftdoc /Users/aaronkeen/Library/Developer/Xcode/DerivedData/NutraSafeBeta-awyabywlaekrybetqgpbjphfxefs/Build/Products/Debug-iphonesimulator/FirebaseSharedSwift.swiftmodule/arm64-apple-ios-simulator.swiftdoc

Copy /Users/aaronkeen/Library/Developer/Xcode/DerivedData/NutraSafeBeta-awyabywlaekrybetqgpbjphfxefs/Build/Products/Debug-iphonesimulator/FirebaseSharedSwift.swiftmodule/arm64-apple-ios-simulator.abi.json /Users/aaronkeen/Library/Developer/Xcode/DerivedData/NutraSafeBeta-awyabywlaekrybetqgpbjphfxefs/Build/Intermediates.noindex/Firebase.build/Debug-iphonesimulator/FirebaseSharedSwift.build/Objects-normal/arm64/FirebaseSharedSwift.abi.json (in target 'FirebaseSharedSwift' from project 'Firebase')
    cd /Users/aaronkeen/Library/Developer/Xcode/DerivedData/NutraSafeBeta-awyabywlaekrybetqgpbjphfxefs/SourcePackages/checkouts/firebase-ios-sdk
    builtin-copy -exclude .DS_Store -exclude CVS -exclude .svn -exclude .git -exclude .hg -resolve-src-symlinks -rename /Users/aaronkeen/Library/Developer/Xcode/DerivedData/NutraSafeBeta-awyabywlaekrybetqgpbjphfxefs/Build/Intermediates.noindex/Firebase.build/Debug-iphonesimulator/FirebaseSharedSwift.build/Objects-normal/arm64/FirebaseSharedSwift.abi.json /Users/aaronkeen/Library/Developer/Xcode/DerivedData/NutraSafeBeta-awyabywlaekrybetqgpbjphfxefs/Build/Products/Debug-iphonesimulator/FirebaseSharedSwift.swiftmodule/arm64-apple-ios-simulator.abi.json

Copy /Users/aaronkeen/Library/Developer/Xcode/DerivedData/NutraSafeBeta-awyabywlaekrybetqgpbjphfxefs/Build/Products/Debug-iphonesimulator/FirebaseSharedSwift.swiftmodule/Project/arm64-apple-ios-simulator.swiftsourceinfo /Users/aaronkeen/Library/Developer/Xcode/DerivedData/NutraSafeBeta-awyabywlaekrybetqgpbjphfxefs/Build/Intermediates.noindex/Firebase.build/Debug-iphonesimulator/FirebaseSharedSwift.build/Objects-normal/arm64/FirebaseSharedSwift.swiftsourceinfo (in target 'FirebaseSharedSwift' from project 'Firebase')
    cd /Users/aaronkeen/Library/Developer/Xcode/DerivedData/NutraSafeBeta-awyabywlaekrybetqgpbjphfxefs/SourcePackages/checkouts/firebase-ios-sdk
    builtin-copy -exclude .DS_Store -exclude CVS -exclude .svn -exclude .git -exclude .hg -resolve-src-symlinks -rename /Users/aaronkeen/Library/Developer/Xcode/DerivedData/NutraSafeBeta-awyabywlaekrybetqgpbjphfxefs/Build/Intermediates.noindex/Firebase.build/Debug-iphonesimulator/FirebaseSharedSwift.build/Objects-normal/arm64/FirebaseSharedSwift.swiftsourceinfo /Users/aaronkeen/Library/Developer/Xcode/DerivedData/NutraSafeBeta-awyabywlaekrybetqgpbjphfxefs/Build/Products/Debug-iphonesimulator/FirebaseSharedSwift.swiftmodule/Project/arm64-apple-ios-simulator.swiftsourceinfo

CompileC /Users/aaronkeen/Library/Developer/Xcode/DerivedData/NutraSafeBeta-awyabywlaekrybetqgpbjphfxefs/Build/Intermediates.noindex/leveldb.build/Debug-iphonesimulator/leveldb.build/Objects-normal/arm64/builder.o /Users/aaronkeen/Library/Developer/Xcode/DerivedData/NutraSafeBeta-awyabywlaekrybetqgpbjphfxefs/SourcePackages/checkouts/leveldb/db/builder.cc normal arm64 c++ com.apple.compilers.llvm.clang.1_0.compiler (in target 'leveldb' from project 'leveldb')
    cd /Users/aaronkeen/Documents/My\ Apps/NutraSafe\ Beta/NutraSafeBeta.xcodeproj
    
    Using response file: /Users/aaronkeen/Library/Developer/Xcode/DerivedData/NutraSafeBeta-awyabywlaekrybetqgpbjphfxefs/Build/Intermediates.noindex/leveldb.build/Debug-iphonesimulator/leveldb.build/Objects-normal/arm64/82b82416624d2658e5098eb0a28c15c5-common-args.resp
    
    /Applications/Xcode.app/Contents/Developer/Toolchains/XcodeDefault.xctoolchain/usr/bin/clang -x c++ -ivfsstatcache /Users/aaronkeen/Library/Developer/Xcode/DerivedData/SDKStatCaches.noindex/iphonesimulator18.5-22F76-d5fc8ad4295d2ef488fb7d0f804ce0c4.sdkstatcache -fmessage-length\=0 -fdiagnostics-show-note-include-stack -fmacro-backtrace-limit\=0 -fno-color-diagnostics -fmodules-prune-interval\=86400 -fmodules-prune-after\=345600 -fbuild-session-file\=/Users/aaronkeen/Library/Developer/Xcode/DerivedData/ModuleCache.noindex/Session.modulevalidation -fmodules-validate-once-per-build-session -Wnon-modular-include-in-framework-module -Werror\=non-modular-include-in-framework-module -Wno-trigraphs -Wno-missing-field-initializers -Wno-missing-prototypes -Wno-return-type -Wno-non-virtual-dtor -Wno-overloaded-virtual -Wno-exit-time-destructors -Wno-missing-braces -Wparentheses -Wswitch -Wno-unused-function -Wno-unused-label -Wno-unused-parameter -Wno-unused-variable -Wunused-value -Wno-empty-body -Wno-uninitialized -Wno-unknown-pragmas -w -Wno-shadow -Wno-four-char-constants -Wno-conversion -Wno-constant-conversion -Wno-int-conversion -Wno-bool-conversion -Wno-enum-conversion -Wno-float-conversion -Wno-non-literal-null-conversion -Wno-objc-literal-conversion -Wshorten-64-to-32 -Wno-newline-eof -Wno-c++11-extensions -Wno-implicit-fallthrough -fstrict-aliasing -Wdeprecated-declarations -Winvalid-offsetof -Wno-sign-conversion -Wno-infinite-recursion -Wno-move -Wno-comma -Wno-block-capture-autoreleasing -Wno-strict-prototypes -Wno-range-loop-analysis -Wno-semicolon-before-method-body -index-store-path /Users/aaronkeen/Library/Developer/Xcode/DerivedData/NutraSafeBeta-awyabywlaekrybetqgpbjphfxefs/Index.noindex/DataStore @/Users/aaronkeen/Library/Developer/Xcode/DerivedData/NutraSafeBeta-awyabywlaekrybetqgpbjphfxefs/Build/Intermediates.noindex/leveldb.build/Debug-iphonesimulator/leveldb.build/Objects-normal/arm64/82b82416624d2658e5098eb0a28c15c5-common-args.resp -MMD -MT dependencies -MF /Users/aaronkeen/Library/Developer/Xcode/DerivedData/NutraSafeBeta-awyabywlaekrybetqgpbjphfxefs/Build/Intermediates.noindex/leveldb.build/Debug-iphonesimulator/leveldb.build/Objects-normal/arm64/builder.d --serialize-diagnostics /Users/aaronkeen/Library/Developer/Xcode/DerivedData/NutraSafeBeta-awyabywlaekrybetqgpbjphfxefs/Build/Intermediates.noindex/leveldb.build/Debug-iphonesimulator/leveldb.build/Objects-normal/arm64/builder.dia -c /Users/aaronkeen/Library/Developer/Xcode/DerivedData/NutraSafeBeta-awyabywlaekrybetqgpbjphfxefs/SourcePackages/checkouts/leveldb/db/builder.cc -o /Users/aaronkeen/Library/Developer/Xcode/DerivedData/NutraSafeBeta-awyabywlaekrybetqgpbjphfxefs/Build/Intermediates.noindex/leveldb.build/Debug-iphonesimulator/leveldb.build/Objects-normal/arm64/builder.o -index-unit-output-path /leveldb.build/Debug-iphonesimulator/leveldb.build/Objects-normal/arm64/builder.o

CompileC /Users/aaronkeen/Library/Developer/Xcode/DerivedData/NutraSafeBeta-awyabywlaekrybetqgpbjphfxefs/Build/Intermediates.noindex/leveldb.build/Debug-iphonesimulator/leveldb.build/Objects-normal/arm64/bloom.o /Users/aaronkeen/Library/Developer/Xcode/DerivedData/NutraSafeBeta-awyabywlaekrybetqgpbjphfxefs/SourcePackages/checkouts/leveldb/util/bloom.cc normal arm64 c++ com.apple.compilers.llvm.clang.1_0.compiler (in target 'leveldb' from project 'leveldb')
    cd /Users/aaronkeen/Documents/My\ Apps/NutraSafe\ Beta/NutraSafeBeta.xcodeproj
    
    Using response file: /Users/aaronkeen/Library/Developer/Xcode/DerivedData/NutraSafeBeta-awyabywlaekrybetqgpbjphfxefs/Build/Intermediates.noindex/leveldb.build/Debug-iphonesimulator/leveldb.build/Objects-normal/arm64/82b82416624d2658e5098eb0a28c15c5-common-args.resp
    
    /Applications/Xcode.app/Contents/Developer/Toolchains/XcodeDefault.xctoolchain/usr/bin/clang -x c++ -ivfsstatcache /Users/aaronkeen/Library/Developer/Xcode/DerivedData/SDKStatCaches.noindex/iphonesimulator18.5-22F76-d5fc8ad4295d2ef488fb7d0f804ce0c4.sdkstatcache -fmessage-length\=0 -fdiagnostics-show-note-include-stack -fmacro-backtrace-limit\=0 -fno-color-diagnostics -fmodules-prune-interval\=86400 -fmodules-prune-after\=345600 -fbuild-session-file\=/Users/aaronkeen/Library/Developer/Xcode/DerivedData/ModuleCache.noindex/Session.modulevalidation -fmodules-validate-once-per-build-session -Wnon-modular-include-in-framework-module -Werror\=non-modular-include-in-framework-module -Wno-trigraphs -Wno-missing-field-initializers -Wno-missing-prototypes -Wno-return-type -Wno-non-virtual-dtor -Wno-overloaded-virtual -Wno-exit-time-destructors -Wno-missing-braces -Wparentheses -Wswitch -Wno-unused-function -Wno-unused-label -Wno-unused-parameter -Wno-unused-variable -Wunused-value -Wno-empty-body -Wno-uninitialized -Wno-unknown-pragmas -w -Wno-shadow -Wno-four-char-constants -Wno-conversion -Wno-constant-conversion -Wno-int-conversion -Wno-bool-conversion -Wno-enum-conversion -Wno-float-conversion -Wno-non-literal-null-conversion -Wno-objc-literal-conversion -Wshorten-64-to-32 -Wno-newline-eof -Wno-c++11-extensions -Wno-implicit-fallthrough -fstrict-aliasing -Wdeprecated-declarations -Winvalid-offsetof -Wno-sign-conversion -Wno-infinite-recursion -Wno-move -Wno-comma -Wno-block-capture-autoreleasing -Wno-strict-prototypes -Wno-range-loop-analysis -Wno-semicolon-before-method-body -index-store-path /Users/aaronkeen/Library/Developer/Xcode/DerivedData/NutraSafeBeta-awyabywlaekrybetqgpbjphfxefs/Index.noindex/DataStore @/Users/aaronkeen/Library/Developer/Xcode/DerivedData/NutraSafeBeta-awyabywlaekrybetqgpbjphfxefs/Build/Intermediates.noindex/leveldb.build/Debug-iphonesimulator/leveldb.build/Objects-normal/arm64/82b82416624d2658e5098eb0a28c15c5-common-args.resp -MMD -MT dependencies -MF /Users/aaronkeen/Library/Developer/Xcode/DerivedData/NutraSafeBeta-awyabywlaekrybetqgpbjphfxefs/Build/Intermediates.noindex/leveldb.build/Debug-iphonesimulator/leveldb.build/Objects-normal/arm64/bloom.d --serialize-diagnostics /Users/aaronkeen/Library/Developer/Xcode/DerivedData/NutraSafeBeta-awyabywlaekrybetqgpbjphfxefs/Build/Intermediates.noindex/leveldb.build/Debug-iphonesimulator/leveldb.build/Objects-normal/arm64/bloom.dia -c /Users/aaronkeen/Library/Developer/Xcode/DerivedData/NutraSafeBeta-awyabywlaekrybetqgpbjphfxefs/SourcePackages/checkouts/leveldb/util/bloom.cc -o /Users/aaronkeen/Library/Developer/Xcode/DerivedData/NutraSafeBeta-awyabywlaekrybetqgpbjphfxefs/Build/Intermediates.noindex/leveldb.build/Debug-iphonesimulator/leveldb.build/Objects-normal/arm64/bloom.o -index-unit-output-path /leveldb.build/Debug-iphonesimulator/leveldb.build/Objects-normal/arm64/bloom.o

CompileC /Users/aaronkeen/Library/Developer/Xcode/DerivedData/NutraSafeBeta-awyabywlaekrybetqgpbjphfxefs/Build/Intermediates.noindex/leveldb.build/Debug-iphonesimulator/leveldb.build/Objects-normal/arm64/block_builder.o /Users/aaronkeen/Library/Developer/Xcode/DerivedData/NutraSafeBeta-awyabywlaekrybetqgpbjphfxefs/SourcePackages/checkouts/leveldb/table/block_builder.cc normal arm64 c++ com.apple.compilers.llvm.clang.1_0.compiler (in target 'leveldb' from project 'leveldb')
    cd /Users/aaronkeen/Documents/My\ Apps/NutraSafe\ Beta/NutraSafeBeta.xcodeproj
    
    Using response file: /Users/aaronkeen/Library/Developer/Xcode/DerivedData/NutraSafeBeta-awyabywlaekrybetqgpbjphfxefs/Build/Intermediates.noindex/leveldb.build/Debug-iphonesimulator/leveldb.build/Objects-normal/arm64/82b82416624d2658e5098eb0a28c15c5-common-args.resp
    
    /Applications/Xcode.app/Contents/Developer/Toolchains/XcodeDefault.xctoolchain/usr/bin/clang -x c++ -ivfsstatcache /Users/aaronkeen/Library/Developer/Xcode/DerivedData/SDKStatCaches.noindex/iphonesimulator18.5-22F76-d5fc8ad4295d2ef488fb7d0f804ce0c4.sdkstatcache -fmessage-length\=0 -fdiagnostics-show-note-include-stack -fmacro-backtrace-limit\=0 -fno-color-diagnostics -fmodules-prune-interval\=86400 -fmodules-prune-after\=345600 -fbuild-session-file\=/Users/aaronkeen/Library/Developer/Xcode/DerivedData/ModuleCache.noindex/Session.modulevalidation -fmodules-validate-once-per-build-session -Wnon-modular-include-in-framework-module -Werror\=non-modular-include-in-framework-module -Wno-trigraphs -Wno-missing-field-initializers -Wno-missing-prototypes -Wno-return-type -Wno-non-virtual-dtor -Wno-overloaded-virtual -Wno-exit-time-destructors -Wno-missing-braces -Wparentheses -Wswitch -Wno-unused-function -Wno-unused-label -Wno-unused-parameter -Wno-unused-variable -Wunused-value -Wno-empty-body -Wno-uninitialized -Wno-unknown-pragmas -w -Wno-shadow -Wno-four-char-constants -Wno-conversion -Wno-constant-conversion -Wno-int-conversion -Wno-bool-conversion -Wno-enum-conversion -Wno-float-conversion -Wno-non-literal-null-conversion -Wno-objc-literal-conversion -Wshorten-64-to-32 -Wno-newline-eof -Wno-c++11-extensions -Wno-implicit-fallthrough -fstrict-aliasing -Wdeprecated-declarations -Winvalid-offsetof -Wno-sign-conversion -Wno-infinite-recursion -Wno-move -Wno-comma -Wno-block-capture-autoreleasing -Wno-strict-prototypes -Wno-range-loop-analysis -Wno-semicolon-before-method-body -index-store-path /Users/aaronkeen/Library/Developer/Xcode/DerivedData/NutraSafeBeta-awyabywlaekrybetqgpbjphfxefs/Index.noindex/DataStore @/Users/aaronkeen/Library/Developer/Xcode/DerivedData/NutraSafeBeta-awyabywlaekrybetqgpbjphfxefs/Build/Intermediates.noindex/leveldb.build/Debug-iphonesimulator/leveldb.build/Objects-normal/arm64/82b82416624d2658e5098eb0a28c15c5-common-args.resp -MMD -MT dependencies -MF /Users/aaronkeen/Library/Developer/Xcode/DerivedData/NutraSafeBeta-awyabywlaekrybetqgpbjphfxefs/Build/Intermediates.noindex/leveldb.build/Debug-iphonesimulator/leveldb.build/Objects-normal/arm64/block_builder.d --serialize-diagnostics /Users/aaronkeen/Library/Developer/Xcode/DerivedData/NutraSafeBeta-awyabywlaekrybetqgpbjphfxefs/Build/Intermediates.noindex/leveldb.build/Debug-iphonesimulator/leveldb.build/Objects-normal/arm64/block_builder.dia -c /Users/aaronkeen/Library/Developer/Xcode/DerivedData/NutraSafeBeta-awyabywlaekrybetqgpbjphfxefs/SourcePackages/checkouts/leveldb/table/block_builder.cc -o /Users/aaronkeen/Library/Developer/Xcode/DerivedData/NutraSafeBeta-awyabywlaekrybetqgpbjphfxefs/Build/Intermediates.noindex/leveldb.build/Debug-iphonesimulator/leveldb.build/Objects-normal/arm64/block_builder.o -index-unit-output-path /leveldb.build/Debug-iphonesimulator/leveldb.build/Objects-normal/arm64/block_builder.o

CompileC /Users/aaronkeen/Library/Developer/Xcode/DerivedData/NutraSafeBeta-awyabywlaekrybetqgpbjphfxefs/Build/Intermediates.noindex/leveldb.build/Debug-iphonesimulator/leveldb.build/Objects-normal/arm64/block.o /Users/aaronkeen/Library/Developer/Xcode/DerivedData/NutraSafeBeta-awyabywlaekrybetqgpbjphfxefs/SourcePackages/checkouts/leveldb/table/block.cc normal arm64 c++ com.apple.compilers.llvm.clang.1_0.compiler (in target 'leveldb' from project 'leveldb')
    cd /Users/aaronkeen/Documents/My\ Apps/NutraSafe\ Beta/NutraSafeBeta.xcodeproj
    
    Using response file: /Users/aaronkeen/Library/Developer/Xcode/DerivedData/NutraSafeBeta-awyabywlaekrybetqgpbjphfxefs/Build/Intermediates.noindex/leveldb.build/Debug-iphonesimulator/leveldb.build/Objects-normal/arm64/82b82416624d2658e5098eb0a28c15c5-common-args.resp
    
    /Applications/Xcode.app/Contents/Developer/Toolchains/XcodeDefault.xctoolchain/usr/bin/clang -x c++ -ivfsstatcache /Users/aaronkeen/Library/Developer/Xcode/DerivedData/SDKStatCaches.noindex/iphonesimulator18.5-22F76-d5fc8ad4295d2ef488fb7d0f804ce0c4.sdkstatcache -fmessage-length\=0 -fdiagnostics-show-note-include-stack -fmacro-backtrace-limit\=0 -fno-color-diagnostics -fmodules-prune-interval\=86400 -fmodules-prune-after\=345600 -fbuild-session-file\=/Users/aaronkeen/Library/Developer/Xcode/DerivedData/ModuleCache.noindex/Session.modulevalidation -fmodules-validate-once-per-build-session -Wnon-modular-include-in-framework-module -Werror\=non-modular-include-in-framework-module -Wno-trigraphs -Wno-missing-field-initializers -Wno-missing-prototypes -Wno-return-type -Wno-non-virtual-dtor -Wno-overloaded-virtual -Wno-exit-time-destructors -Wno-missing-braces -Wparentheses -Wswitch -Wno-unused-function -Wno-unused-label -Wno-unused-parameter -Wno-unused-variable -Wunused-value -Wno-empty-body -Wno-uninitialized -Wno-unknown-pragmas -w -Wno-shadow -Wno-four-char-constants -Wno-conversion -Wno-constant-conversion -Wno-int-conversion -Wno-bool-conversion -Wno-enum-conversion -Wno-float-conversion -Wno-non-literal-null-conversion -Wno-objc-literal-conversion -Wshorten-64-to-32 -Wno-newline-eof -Wno-c++11-extensions -Wno-implicit-fallthrough -fstrict-aliasing -Wdeprecated-declarations -Winvalid-offsetof -Wno-sign-conversion -Wno-infinite-recursion -Wno-move -Wno-comma -Wno-block-capture-autoreleasing -Wno-strict-prototypes -Wno-range-loop-analysis -Wno-semicolon-before-method-body -index-store-path /Users/aaronkeen/Library/Developer/Xcode/DerivedData/NutraSafeBeta-awyabywlaekrybetqgpbjphfxefs/Index.noindex/DataStore @/Users/aaronkeen/Library/Developer/Xcode/DerivedData/NutraSafeBeta-awyabywlaekrybetqgpbjphfxefs/Build/Intermediates.noindex/leveldb.build/Debug-iphonesimulator/leveldb.build/Objects-normal/arm64/82b82416624d2658e5098eb0a28c15c5-common-args.resp -MMD -MT dependencies -MF /Users/aaronkeen/Library/Developer/Xcode/DerivedData/NutraSafeBeta-awyabywlaekrybetqgpbjphfxefs/Build/Intermediates.noindex/leveldb.build/Debug-iphonesimulator/leveldb.build/Objects-normal/arm64/block.d --serialize-diagnostics /Users/aaronkeen/Library/Developer/Xcode/DerivedData/NutraSafeBeta-awyabywlaekrybetqgpbjphfxefs/Build/Intermediates.noindex/leveldb.build/Debug-iphonesimulator/leveldb.build/Objects-normal/arm64/block.dia -c /Users/aaronkeen/Library/Developer/Xcode/DerivedData/NutraSafeBeta-awyabywlaekrybetqgpbjphfxefs/SourcePackages/checkouts/leveldb/table/block.cc -o /Users/aaronkeen/Library/Developer/Xcode/DerivedData/NutraSafeBeta-awyabywlaekrybetqgpbjphfxefs/Build/Intermediates.noindex/leveldb.build/Debug-iphonesimulator/leveldb.build/Objects-normal/arm64/block.o -index-unit-output-path /leveldb.build/Debug-iphonesimulator/leveldb.build/Objects-normal/arm64/block.o

CompileC /Users/aaronkeen/Library/Developer/Xcode/DerivedData/NutraSafeBeta-awyabywlaekrybetqgpbjphfxefs/Build/Intermediates.noindex/leveldb.build/Debug-iphonesimulator/leveldb.build/Objects-normal/arm64/arena.o /Users/aaronkeen/Library/Developer/Xcode/DerivedData/NutraSafeBeta-awyabywlaekrybetqgpbjphfxefs/SourcePackages/checkouts/leveldb/util/arena.cc normal arm64 c++ com.apple.compilers.llvm.clang.1_0.compiler (in target 'leveldb' from project 'leveldb')
    cd /Users/aaronkeen/Documents/My\ Apps/NutraSafe\ Beta/NutraSafeBeta.xcodeproj
    
    Using response file: /Users/aaronkeen/Library/Developer/Xcode/DerivedData/NutraSafeBeta-awyabywlaekrybetqgpbjphfxefs/Build/Intermediates.noindex/leveldb.build/Debug-iphonesimulator/leveldb.build/Objects-normal/arm64/82b82416624d2658e5098eb0a28c15c5-common-args.resp
    
    /Applications/Xcode.app/Contents/Developer/Toolchains/XcodeDefault.xctoolchain/usr/bin/clang -x c++ -ivfsstatcache /Users/aaronkeen/Library/Developer/Xcode/DerivedData/SDKStatCaches.noindex/iphonesimulator18.5-22F76-d5fc8ad4295d2ef488fb7d0f804ce0c4.sdkstatcache -fmessage-length\=0 -fdiagnostics-show-note-include-stack -fmacro-backtrace-limit\=0 -fno-color-diagnostics -fmodules-prune-interval\=86400 -fmodules-prune-after\=345600 -fbuild-session-file\=/Users/aaronkeen/Library/Developer/Xcode/DerivedData/ModuleCache.noindex/Session.modulevalidation -fmodules-validate-once-per-build-session -Wnon-modular-include-in-framework-module -Werror\=non-modular-include-in-framework-module -Wno-trigraphs -Wno-missing-field-initializers -Wno-missing-prototypes -Wno-return-type -Wno-non-virtual-dtor -Wno-overloaded-virtual -Wno-exit-time-destructors -Wno-missing-braces -Wparentheses -Wswitch -Wno-unused-function -Wno-unused-label -Wno-unused-parameter -Wno-unused-variable -Wunused-value -Wno-empty-body -Wno-uninitialized -Wno-unknown-pragmas -w -Wno-shadow -Wno-four-char-constants -Wno-conversion -Wno-constant-conversion -Wno-int-conversion -Wno-bool-conversion -Wno-enum-conversion -Wno-float-conversion -Wno-non-literal-null-conversion -Wno-objc-literal-conversion -Wshorten-64-to-32 -Wno-newline-eof -Wno-c++11-extensions -Wno-implicit-fallthrough -fstrict-aliasing -Wdeprecated-declarations -Winvalid-offsetof -Wno-sign-conversion -Wno-infinite-recursion -Wno-move -Wno-comma -Wno-block-capture-autoreleasing -Wno-strict-prototypes -Wno-range-loop-analysis -Wno-semicolon-before-method-body -index-store-path /Users/aaronkeen/Library/Developer/Xcode/DerivedData/NutraSafeBeta-awyabywlaekrybetqgpbjphfxefs/Index.noindex/DataStore @/Users/aaronkeen/Library/Developer/Xcode/DerivedData/NutraSafeBeta-awyabywlaekrybetqgpbjphfxefs/Build/Intermediates.noindex/leveldb.build/Debug-iphonesimulator/leveldb.build/Objects-normal/arm64/82b82416624d2658e5098eb0a28c15c5-common-args.resp -MMD -MT dependencies -MF /Users/aaronkeen/Library/Developer/Xcode/DerivedData/NutraSafeBeta-awyabywlaekrybetqgpbjphfxefs/Build/Intermediates.noindex/leveldb.build/Debug-iphonesimulator/leveldb.build/Objects-normal/arm64/arena.d --serialize-diagnostics /Users/aaronkeen/Library/Developer/Xcode/DerivedData/NutraSafeBeta-awyabywlaekrybetqgpbjphfxefs/Build/Intermediates.noindex/leveldb.build/Debug-iphonesimulator/leveldb.build/Objects-normal/arm64/arena.dia -c /Users/aaronkeen/Library/Developer/Xcode/DerivedData/NutraSafeBeta-awyabywlaekrybetqgpbjphfxefs/SourcePackages/checkouts/leveldb/util/arena.cc -o /Users/aaronkeen/Library/Developer/Xcode/DerivedData/NutraSafeBeta-awyabywlaekrybetqgpbjphfxefs/Build/Intermediates.noindex/leveldb.build/Debug-iphonesimulator/leveldb.build/Objects-normal/arm64/arena.o -index-unit-output-path /leveldb.build/Debug-iphonesimulator/leveldb.build/Objects-normal/arm64/arena.o

CompileC /Users/aaronkeen/Library/Developer/Xcode/DerivedData/NutraSafeBeta-awyabywlaekrybetqgpbjphfxefs/Build/Intermediates.noindex/InteropForGoogle.build/Debug-iphonesimulator/RecaptchaInterop.build/Objects-normal/arm64/placeholder.o /Users/aaronkeen/Library/Developer/Xcode/DerivedData/NutraSafeBeta-awyabywlaekrybetqgpbjphfxefs/SourcePackages/checkouts/interop-ios-for-google-sdks/RecaptchaEnterprise/RecaptchaInterop/placeholder.m normal arm64 objective-c com.apple.compilers.llvm.clang.1_0.compiler (in target 'RecaptchaInterop' from project 'InteropForGoogle')
    cd /Users/aaronkeen/Documents/My\ Apps/NutraSafe\ Beta/NutraSafeBeta.xcodeproj
    
    Using response file: /Users/aaronkeen/Library/Developer/Xcode/DerivedData/NutraSafeBeta-awyabywlaekrybetqgpbjphfxefs/Build/Intermediates.noindex/InteropForGoogle.build/Debug-iphonesimulator/RecaptchaInterop.build/Objects-normal/arm64/e6072d4f65d7061329687fe24e3d63a7-common-args.resp
    
    /Applications/Xcode.app/Contents/Developer/Toolchains/XcodeDefault.xctoolchain/usr/bin/clang -x objective-c -ivfsstatcache /Users/aaronkeen/Library/Developer/Xcode/DerivedData/SDKStatCaches.noindex/iphonesimulator18.5-22F76-d5fc8ad4295d2ef488fb7d0f804ce0c4.sdkstatcache -fmessage-length\=0 -fdiagnostics-show-note-include-stack -fmacro-backtrace-limit\=0 -fno-color-diagnostics -fmodules-prune-interval\=86400 -fmodules-prune-after\=345600 -fbuild-session-file\=/Users/aaronkeen/Library/Developer/Xcode/DerivedData/ModuleCache.noindex/Session.modulevalidation -fmodules-validate-once-per-build-session -Wnon-modular-include-in-framework-module -Werror\=non-modular-include-in-framework-module -Wno-trigraphs -Wno-missing-field-initializers -Wno-missing-prototypes -Wno-return-type -Wno-implicit-atomic-properties -Wno-objc-interface-ivars -Wno-arc-repeated-use-of-weak -Wno-missing-braces -Wparentheses -Wswitch -Wno-unused-function -Wno-unused-label -Wno-unused-parameter -Wno-unused-variable -Wunused-value -Wno-empty-body -Wno-uninitialized -Wno-unknown-pragmas -w -Wno-shadow -Wno-four-char-constants -Wno-conversion -Wno-constant-conversion -Wno-int-conversion -Wno-bool-conversion -Wno-enum-conversion -Wno-float-conversion -Wno-non-literal-null-conversion -Wno-objc-literal-conversion -Wshorten-64-to-32 -Wpointer-sign -Wno-newline-eof -Wno-selector -Wno-strict-selector-match -Wno-undeclared-selector -Wno-deprecated-implementations -Wno-implicit-fallthrough -fstrict-aliasing -Wprotocol -Wdeprecated-declarations -Wno-sign-conversion -Wno-infinite-recursion -Wno-comma -Wno-block-capture-autoreleasing -Wno-strict-prototypes -Wno-semicolon-before-method-body -index-store-path /Users/aaronkeen/Library/Developer/Xcode/DerivedData/NutraSafeBeta-awyabywlaekrybetqgpbjphfxefs/Index.noindex/DataStore @/Users/aaronkeen/Library/Developer/Xcode/DerivedData/NutraSafeBeta-awyabywlaekrybetqgpbjphfxefs/Build/Intermediates.noindex/InteropForGoogle.build/Debug-iphonesimulator/RecaptchaInterop.build/Objects-normal/arm64/e6072d4f65d7061329687fe24e3d63a7-common-args.resp -MMD -MT dependencies -MF /Users/aaronkeen/Library/Developer/Xcode/DerivedData/NutraSafeBeta-awyabywlaekrybetqgpbjphfxefs/Build/Intermediates.noindex/InteropForGoogle.build/Debug-iphonesimulator/RecaptchaInterop.build/Objects-normal/arm64/placeholder.d --serialize-diagnostics /Users/aaronkeen/Library/Developer/Xcode/DerivedData/NutraSafeBeta-awyabywlaekrybetqgpbjphfxefs/Build/Intermediates.noindex/InteropForGoogle.build/Debug-iphonesimulator/RecaptchaInterop.build/Objects-normal/arm64/placeholder.dia -c /Users/aaronkeen/Library/Developer/Xcode/DerivedData/NutraSafeBeta-awyabywlaekrybetqgpbjphfxefs/SourcePackages/checkouts/interop-ios-for-google-sdks/RecaptchaEnterprise/RecaptchaInterop/placeholder.m -o /Users/aaronkeen/Library/Developer/Xcode/DerivedData/NutraSafeBeta-awyabywlaekrybetqgpbjphfxefs/Build/Intermediates.noindex/InteropForGoogle.build/Debug-iphonesimulator/RecaptchaInterop.build/Objects-normal/arm64/placeholder.o -index-unit-output-path /InteropForGoogle.build/Debug-iphonesimulator/RecaptchaInterop.build/Objects-normal/arm64/placeholder.o

PrecompileModule /Users/aaronkeen/Library/Developer/Xcode/DerivedData/NutraSafeBeta-awyabywlaekrybetqgpbjphfxefs/Build/Intermediates.noindex/ExplicitPrecompiledModules/TargetConditionals-56X2DAMMGVM3606LTTTS4E0FU.scan
    cd /Users/aaronkeen/Documents/My\ Apps/NutraSafe\ Beta/NutraSafeBeta.xcodeproj
    builtin-precompileModule /Users/aaronkeen/Library/Developer/Xcode/DerivedData/NutraSafeBeta-awyabywlaekrybetqgpbjphfxefs/Build/Intermediates.noindex/ExplicitPrecompiledModules/TargetConditionals-56X2DAMMGVM3606LTTTS4E0FU.scan

PrecompileModule /Users/aaronkeen/Library/Developer/Xcode/DerivedData/NutraSafeBeta-awyabywlaekrybetqgpbjphfxefs/Build/Intermediates.noindex/ExplicitPrecompiledModules/_Builtin_iso646-EROZYO605RQLWNS6PMGUR3VWI.scan
    cd /Users/aaronkeen/Documents/My\ Apps/NutraSafe\ Beta/NutraSafeBeta.xcodeproj
    builtin-precompileModule /Users/aaronkeen/Library/Developer/Xcode/DerivedData/NutraSafeBeta-awyabywlaekrybetqgpbjphfxefs/Build/Intermediates.noindex/ExplicitPrecompiledModules/_Builtin_iso646-EROZYO605RQLWNS6PMGUR3VWI.scan

PrecompileModule /Users/aaronkeen/Library/Developer/Xcode/DerivedData/NutraSafeBeta-awyabywlaekrybetqgpbjphfxefs/Build/Intermediates.noindex/ExplicitPrecompiledModules/_fenv-5P39UEH92PMC50VTO5IXRWJCC.scan
    cd /Users/aaronkeen/Documents/My\ Apps/NutraSafe\ Beta/NutraSafeBeta.xcodeproj
    builtin-precompileModule /Users/aaronkeen/Library/Developer/Xcode/DerivedData/NutraSafeBeta-awyabywlaekrybetqgpbjphfxefs/Build/Intermediates.noindex/ExplicitPrecompiledModules/_fenv-5P39UEH92PMC50VTO5IXRWJCC.scan

PrecompileModule /Users/aaronkeen/Library/Developer/Xcode/DerivedData/NutraSafeBeta-awyabywlaekrybetqgpbjphfxefs/Build/Intermediates.noindex/ExplicitPrecompiledModules/_Builtin_iso646-EHW08SLDQ7S7IFOJFE73CY0GI.scan
    cd /Users/aaronkeen/Documents/My\ Apps/NutraSafe\ Beta/NutraSafeBeta.xcodeproj
    builtin-precompileModule /Users/aaronkeen/Library/Developer/Xcode/DerivedData/NutraSafeBeta-awyabywlaekrybetqgpbjphfxefs/Build/Intermediates.noindex/ExplicitPrecompiledModules/_Builtin_iso646-EHW08SLDQ7S7IFOJFE73CY0GI.scan

PrecompileModule /Users/aaronkeen/Library/Developer/Xcode/DerivedData/NutraSafeBeta-awyabywlaekrybetqgpbjphfxefs/Build/Intermediates.noindex/ExplicitPrecompiledModules/_Builtin_stdbool-2Y5EJS67H0SZDO02QR4PLTYQ1.scan
    cd /Users/aaronkeen/Documents/My\ Apps/NutraSafe\ Beta/NutraSafeBeta.xcodeproj
    builtin-precompileModule /Users/aaronkeen/Library/Developer/Xcode/DerivedData/NutraSafeBeta-awyabywlaekrybetqgpbjphfxefs/Build/Intermediates.noindex/ExplicitPrecompiledModules/_Builtin_stdbool-2Y5EJS67H0SZDO02QR4PLTYQ1.scan

Ld /Users/aaronkeen/Library/Developer/Xcode/DerivedData/NutraSafeBeta-awyabywlaekrybetqgpbjphfxefs/Build/Products/Debug-iphonesimulator/RecaptchaInterop.o normal (in target 'RecaptchaInterop' from project 'InteropForGoogle')
    cd /Users/aaronkeen/Library/Developer/Xcode/DerivedData/NutraSafeBeta-awyabywlaekrybetqgpbjphfxefs/SourcePackages/checkouts/interop-ios-for-google-sdks
    /Applications/Xcode.app/Contents/Developer/Toolchains/XcodeDefault.xctoolchain/usr/bin/clang -Xlinker -reproducible -target arm64-apple-ios12.0-simulator -r -isysroot /Applications/Xcode.app/Contents/Developer/Platforms/iPhoneSimulator.platform/Developer/SDKs/iPhoneSimulator18.5.sdk -O0 -w -L/Users/aaronkeen/Library/Developer/Xcode/DerivedData/NutraSafeBeta-awyabywlaekrybetqgpbjphfxefs/Build/Intermediates.noindex/EagerLinkingTBDs/Debug-iphonesimulator -L/Users/aaronkeen/Library/Developer/Xcode/DerivedData/NutraSafeBeta-awyabywlaekrybetqgpbjphfxefs/Build/Products/Debug-iphonesimulator -L/Applications/Xcode.app/Contents/Developer/Platforms/iPhoneSimulator.platform/Developer/usr/lib -F/Users/aaronkeen/Library/Developer/Xcode/DerivedData/NutraSafeBeta-awyabywlaekrybetqgpbjphfxefs/Build/Intermediates.noindex/EagerLinkingTBDs/Debug-iphonesimulator -F/Users/aaronkeen/Library/Developer/Xcode/DerivedData/NutraSafeBeta-awyabywlaekrybetqgpbjphfxefs/Build/Products/Debug-iphonesimulator -iframework /Applications/Xcode.app/Contents/Developer/Platforms/iPhoneSimulator.platform/Developer/Library/Frameworks -iframework /Applications/Xcode.app/Contents/Developer/Platforms/iPhoneSimulator.platform/Developer/SDKs/iPhoneSimulator18.5.sdk/Developer/Library/Frameworks -filelist /Users/aaronkeen/Library/Developer/Xcode/DerivedData/NutraSafeBeta-awyabywlaekrybetqgpbjphfxefs/Build/Intermediates.noindex/InteropForGoogle.build/Debug-iphonesimulator/RecaptchaInterop.build/Objects-normal/arm64/RecaptchaInterop.LinkFileList -nostdlib -Xlinker -object_path_lto -Xlinker /Users/aaronkeen/Library/Developer/Xcode/DerivedData/NutraSafeBeta-awyabywlaekrybetqgpbjphfxefs/Build/Intermediates.noindex/InteropForGoogle.build/Debug-iphonesimulator/RecaptchaInterop.build/Objects-normal/arm64/RecaptchaInterop_lto.o -rdynamic -Xlinker -no_deduplicate -Xlinker -objc_abi_version -Xlinker 2 -Xlinker -dependency_info -Xlinker /Users/aaronkeen/Library/Developer/Xcode/DerivedData/NutraSafeBeta-awyabywlaekrybetqgpbjphfxefs/Build/Intermediates.noindex/InteropForGoogle.build/Debug-iphonesimulator/RecaptchaInterop.build/Objects-normal/arm64/RecaptchaInterop_dependency_info.dat -fobjc-arc -fobjc-link-runtime -o /Users/aaronkeen/Library/Developer/Xcode/DerivedData/NutraSafeBeta-awyabywlaekrybetqgpbjphfxefs/Build/Products/Debug-iphonesimulator/RecaptchaInterop.o

PrecompileModule /Users/aaronkeen/Library/Developer/Xcode/DerivedData/NutraSafeBeta-awyabywlaekrybetqgpbjphfxefs/Build/Intermediates.noindex/ExplicitPrecompiledModules/ptrcheck-30HXX7CR1H1FPPDBKODBO9K03.scan
    cd /Users/aaronkeen/Documents/My\ Apps/NutraSafe\ Beta/NutraSafeBeta.xcodeproj
    builtin-precompileModule /Users/aaronkeen/Library/Developer/Xcode/DerivedData/NutraSafeBeta-awyabywlaekrybetqgpbjphfxefs/Build/Intermediates.noindex/ExplicitPrecompiledModules/ptrcheck-30HXX7CR1H1FPPDBKODBO9K03.scan

PrecompileModule /Users/aaronkeen/Library/Developer/Xcode/DerivedData/NutraSafeBeta-awyabywlaekrybetqgpbjphfxefs/Build/Intermediates.noindex/ExplicitPrecompiledModules/os_availability_internal-5YJU2UKWE1D768LS42JT9E5JB.scan
    cd /Users/aaronkeen/Documents/My\ Apps/NutraSafe\ Beta/NutraSafeBeta.xcodeproj
    builtin-precompileModule /Users/aaronkeen/Library/Developer/Xcode/DerivedData/NutraSafeBeta-awyabywlaekrybetqgpbjphfxefs/Build/Intermediates.noindex/ExplicitPrecompiledModules/os_availability_internal-5YJU2UKWE1D768LS42JT9E5JB.scan

PrecompileModule /Users/aaronkeen/Library/Developer/Xcode/DerivedData/NutraSafeBeta-awyabywlaekrybetqgpbjphfxefs/Build/Intermediates.noindex/ExplicitPrecompiledModules/ptrauth-1IR5OIPV9C3V078C431ZVXQ9T.scan
    cd /Users/aaronkeen/Documents/My\ Apps/NutraSafe\ Beta/NutraSafeBeta.xcodeproj
    builtin-precompileModule /Users/aaronkeen/Library/Developer/Xcode/DerivedData/NutraSafeBeta-awyabywlaekrybetqgpbjphfxefs/Build/Intermediates.noindex/ExplicitPrecompiledModules/ptrauth-1IR5OIPV9C3V078C431ZVXQ9T.scan

PrecompileModule /Users/aaronkeen/Library/Developer/Xcode/DerivedData/NutraSafeBeta-awyabywlaekrybetqgpbjphfxefs/Build/Intermediates.noindex/ExplicitPrecompiledModules/ptrcheck-1S9JUVF4G7QL6EGOU6BJ9FJVH.scan
    cd /Users/aaronkeen/Documents/My\ Apps/NutraSafe\ Beta/NutraSafeBeta.xcodeproj
    builtin-precompileModule /Users/aaronkeen/Library/Developer/Xcode/DerivedData/NutraSafeBeta-awyabywlaekrybetqgpbjphfxefs/Build/Intermediates.noindex/ExplicitPrecompiledModules/ptrcheck-1S9JUVF4G7QL6EGOU6BJ9FJVH.scan

PrecompileModule /Users/aaronkeen/Library/Developer/Xcode/DerivedData/NutraSafeBeta-awyabywlaekrybetqgpbjphfxefs/Build/Intermediates.noindex/ExplicitPrecompiledModules/_Builtin_stdarg-16LKBT5QKRYZODZGNAZQOUQUT.scan
    cd /Users/aaronkeen/Documents/My\ Apps/NutraSafe\ Beta/NutraSafeBeta.xcodeproj
    builtin-precompileModule /Users/aaronkeen/Library/Developer/Xcode/DerivedData/NutraSafeBeta-awyabywlaekrybetqgpbjphfxefs/Build/Intermediates.noindex/ExplicitPrecompiledModules/_Builtin_stdarg-16LKBT5QKRYZODZGNAZQOUQUT.scan

PrecompileModule /Users/aaronkeen/Library/Developer/Xcode/DerivedData/NutraSafeBeta-awyabywlaekrybetqgpbjphfxefs/Build/Intermediates.noindex/ExplicitPrecompiledModules/TargetConditionals-8FB5204C0D0JTLG40JUKDE7YD.scan
    cd /Users/aaronkeen/Documents/My\ Apps/NutraSafe\ Beta/NutraSafeBeta.xcodeproj
    builtin-precompileModule /Users/aaronkeen/Library/Developer/Xcode/DerivedData/NutraSafeBeta-awyabywlaekrybetqgpbjphfxefs/Build/Intermediates.noindex/ExplicitPrecompiledModules/TargetConditionals-8FB5204C0D0JTLG40JUKDE7YD.scan

PrecompileModule /Users/aaronkeen/Library/Developer/Xcode/DerivedData/NutraSafeBeta-awyabywlaekrybetqgpbjphfxefs/Build/Intermediates.noindex/ExplicitPrecompiledModules/TargetConditionals-4FMLQV6N33J81M35P5QZC4JIU.scan
    cd /Users/aaronkeen/Documents/My\ Apps/NutraSafe\ Beta/NutraSafeBeta.xcodeproj
    builtin-precompileModule /Users/aaronkeen/Library/Developer/Xcode/DerivedData/NutraSafeBeta-awyabywlaekrybetqgpbjphfxefs/Build/Intermediates.noindex/ExplicitPrecompiledModules/TargetConditionals-4FMLQV6N33J81M35P5QZC4JIU.scan

PrecompileModule /Users/aaronkeen/Library/Developer/Xcode/DerivedData/NutraSafeBeta-awyabywlaekrybetqgpbjphfxefs/Build/Intermediates.noindex/ExplicitPrecompiledModules/_Builtin_stdbool-EO6O7JVBCPJVSGARWUT201BUO.scan
    cd /Users/aaronkeen/Documents/My\ Apps/NutraSafe\ Beta/NutraSafeBeta.xcodeproj
    builtin-precompileModule /Users/aaronkeen/Library/Developer/Xcode/DerivedData/NutraSafeBeta-awyabywlaekrybetqgpbjphfxefs/Build/Intermediates.noindex/ExplicitPrecompiledModules/_Builtin_stdbool-EO6O7JVBCPJVSGARWUT201BUO.scan

PrecompileModule /Users/aaronkeen/Library/Developer/Xcode/DerivedData/NutraSafeBeta-awyabywlaekrybetqgpbjphfxefs/Build/Intermediates.noindex/ExplicitPrecompiledModules/_Builtin_stddef-64IJ1N4VB29EHH37H2C2HN7PJ.scan
    cd /Users/aaronkeen/Documents/My\ Apps/NutraSafe\ Beta/NutraSafeBeta.xcodeproj
    builtin-precompileModule /Users/aaronkeen/Library/Developer/Xcode/DerivedData/NutraSafeBeta-awyabywlaekrybetqgpbjphfxefs/Build/Intermediates.noindex/ExplicitPrecompiledModules/_Builtin_stddef-64IJ1N4VB29EHH37H2C2HN7PJ.scan

PrecompileModule /Users/aaronkeen/Library/Developer/Xcode/DerivedData/NutraSafeBeta-awyabywlaekrybetqgpbjphfxefs/Build/Intermediates.noindex/ExplicitPrecompiledModules/ptrauth-KKH4UE599C64K6CIYH00Z2DD.scan
    cd /Users/aaronkeen/Documents/My\ Apps/NutraSafe\ Beta/NutraSafeBeta.xcodeproj
    builtin-precompileModule /Users/aaronkeen/Library/Developer/Xcode/DerivedData/NutraSafeBeta-awyabywlaekrybetqgpbjphfxefs/Build/Intermediates.noindex/ExplicitPrecompiledModules/ptrauth-KKH4UE599C64K6CIYH00Z2DD.scan

PrecompileModule /Users/aaronkeen/Library/Developer/Xcode/DerivedData/NutraSafeBeta-awyabywlaekrybetqgpbjphfxefs/Build/Intermediates.noindex/ExplicitPrecompiledModules/_Builtin_iso646-8CQCBOCM9ZW8PRXYD1CLNHME8.scan
    cd /Users/aaronkeen/Documents/My\ Apps/NutraSafe\ Beta/NutraSafeBeta.xcodeproj
    builtin-precompileModule /Users/aaronkeen/Library/Developer/Xcode/DerivedData/NutraSafeBeta-awyabywlaekrybetqgpbjphfxefs/Build/Intermediates.noindex/ExplicitPrecompiledModules/_Builtin_iso646-8CQCBOCM9ZW8PRXYD1CLNHME8.scan

PrecompileModule /Users/aaronkeen/Library/Developer/Xcode/DerivedData/NutraSafeBeta-awyabywlaekrybetqgpbjphfxefs/Build/Intermediates.noindex/ExplicitPrecompiledModules/_Builtin_stdbool-BF6OMM9U651D8JN0M3YKZB5YW.scan
    cd /Users/aaronkeen/Documents/My\ Apps/NutraSafe\ Beta/NutraSafeBeta.xcodeproj
    builtin-precompileModule /Users/aaronkeen/Library/Developer/Xcode/DerivedData/NutraSafeBeta-awyabywlaekrybetqgpbjphfxefs/Build/Intermediates.noindex/ExplicitPrecompiledModules/_Builtin_stdbool-BF6OMM9U651D8JN0M3YKZB5YW.scan

PrecompileModule /Users/aaronkeen/Library/Developer/Xcode/DerivedData/NutraSafeBeta-awyabywlaekrybetqgpbjphfxefs/Build/Intermediates.noindex/ExplicitPrecompiledModules/os_availability_internal-7IU6UG5YAPY5TIFGNIXWV82B9.scan
    cd /Users/aaronkeen/Documents/My\ Apps/NutraSafe\ Beta/NutraSafeBeta.xcodeproj
    builtin-precompileModule /Users/aaronkeen/Library/Developer/Xcode/DerivedData/NutraSafeBeta-awyabywlaekrybetqgpbjphfxefs/Build/Intermediates.noindex/ExplicitPrecompiledModules/os_availability_internal-7IU6UG5YAPY5TIFGNIXWV82B9.scan

PrecompileModule /Users/aaronkeen/Library/Developer/Xcode/DerivedData/NutraSafeBeta-awyabywlaekrybetqgpbjphfxefs/Build/Intermediates.noindex/ExplicitPrecompiledModules/_Builtin_stddef-ECUJ4HL9CC4K6621EIU2ZX40U.scan
    cd /Users/aaronkeen/Documents/My\ Apps/NutraSafe\ Beta/NutraSafeBeta.xcodeproj
    builtin-precompileModule /Users/aaronkeen/Library/Developer/Xcode/DerivedData/NutraSafeBeta-awyabywlaekrybetqgpbjphfxefs/Build/Intermediates.noindex/ExplicitPrecompiledModules/_Builtin_stddef-ECUJ4HL9CC4K6621EIU2ZX40U.scan

PrecompileModule /Users/aaronkeen/Library/Developer/Xcode/DerivedData/NutraSafeBeta-awyabywlaekrybetqgpbjphfxefs/Build/Intermediates.noindex/ExplicitPrecompiledModules/_Builtin_stdbool-6A4VX926HC80USVJTDV66QTIH.scan
    cd /Users/aaronkeen/Documents/My\ Apps/NutraSafe\ Beta/NutraSafeBeta.xcodeproj
    builtin-precompileModule /Users/aaronkeen/Library/Developer/Xcode/DerivedData/NutraSafeBeta-awyabywlaekrybetqgpbjphfxefs/Build/Intermediates.noindex/ExplicitPrecompiledModules/_Builtin_stdbool-6A4VX926HC80USVJTDV66QTIH.scan

PrecompileModule /Users/aaronkeen/Library/Developer/Xcode/DerivedData/NutraSafeBeta-awyabywlaekrybetqgpbjphfxefs/Build/Intermediates.noindex/ExplicitPrecompiledModules/_Builtin_stdarg-6KYXJUNZ08KFMGNG7RKP6WX51.scan
    cd /Users/aaronkeen/Documents/My\ Apps/NutraSafe\ Beta/NutraSafeBeta.xcodeproj
    builtin-precompileModule /Users/aaronkeen/Library/Developer/Xcode/DerivedData/NutraSafeBeta-awyabywlaekrybetqgpbjphfxefs/Build/Intermediates.noindex/ExplicitPrecompiledModules/_Builtin_stdarg-6KYXJUNZ08KFMGNG7RKP6WX51.scan

PrecompileModule /Users/aaronkeen/Library/Developer/Xcode/DerivedData/NutraSafeBeta-awyabywlaekrybetqgpbjphfxefs/Build/Intermediates.noindex/ExplicitPrecompiledModules/ptrcheck-7N397PQ96PKCFJYMEIQ82IOT9.scan
    cd /Users/aaronkeen/Documents/My\ Apps/NutraSafe\ Beta/NutraSafeBeta.xcodeproj
    builtin-precompileModule /Users/aaronkeen/Library/Developer/Xcode/DerivedData/NutraSafeBeta-awyabywlaekrybetqgpbjphfxefs/Build/Intermediates.noindex/ExplicitPrecompiledModules/ptrcheck-7N397PQ96PKCFJYMEIQ82IOT9.scan

PrecompileModule /Users/aaronkeen/Library/Developer/Xcode/DerivedData/NutraSafeBeta-awyabywlaekrybetqgpbjphfxefs/Build/Intermediates.noindex/ExplicitPrecompiledModules/_Builtin_stddef-5YE8H1HG9KWD1PDE340EL2C3U.scan
    cd /Users/aaronkeen/Documents/My\ Apps/NutraSafe\ Beta/NutraSafeBeta.xcodeproj
    builtin-precompileModule /Users/aaronkeen/Library/Developer/Xcode/DerivedData/NutraSafeBeta-awyabywlaekrybetqgpbjphfxefs/Build/Intermediates.noindex/ExplicitPrecompiledModules/_Builtin_stddef-5YE8H1HG9KWD1PDE340EL2C3U.scan

PrecompileModule /Users/aaronkeen/Library/Developer/Xcode/DerivedData/NutraSafeBeta-awyabywlaekrybetqgpbjphfxefs/Build/Intermediates.noindex/ExplicitPrecompiledModules/_Builtin_stddef-2YMCYWYT8AM2P8UVT273SIJOF.scan
    cd /Users/aaronkeen/Documents/My\ Apps/NutraSafe\ Beta/NutraSafeBeta.xcodeproj
    builtin-precompileModule /Users/aaronkeen/Library/Developer/Xcode/DerivedData/NutraSafeBeta-awyabywlaekrybetqgpbjphfxefs/Build/Intermediates.noindex/ExplicitPrecompiledModules/_Builtin_stddef-2YMCYWYT8AM2P8UVT273SIJOF.scan

PrecompileModule /Users/aaronkeen/Library/Developer/Xcode/DerivedData/NutraSafeBeta-awyabywlaekrybetqgpbjphfxefs/Build/Intermediates.noindex/ExplicitPrecompiledModules/os_availability_internal-9XWSTWG16PBRKF8S1A2W3PQZX.scan
    cd /Users/aaronkeen/Documents/My\ Apps/NutraSafe\ Beta/NutraSafeBeta.xcodeproj
    builtin-precompileModule /Users/aaronkeen/Library/Developer/Xcode/DerivedData/NutraSafeBeta-awyabywlaekrybetqgpbjphfxefs/Build/Intermediates.noindex/ExplicitPrecompiledModules/os_availability_internal-9XWSTWG16PBRKF8S1A2W3PQZX.scan

PrecompileModule /Users/aaronkeen/Library/Developer/Xcode/DerivedData/NutraSafeBeta-awyabywlaekrybetqgpbjphfxefs/Build/Intermediates.noindex/ExplicitPrecompiledModules/_Builtin_stdarg-5GLC55WIT2V58SIQ7FPJYVMS5.scan
    cd /Users/aaronkeen/Documents/My\ Apps/NutraSafe\ Beta/NutraSafeBeta.xcodeproj
    builtin-precompileModule /Users/aaronkeen/Library/Developer/Xcode/DerivedData/NutraSafeBeta-awyabywlaekrybetqgpbjphfxefs/Build/Intermediates.noindex/ExplicitPrecompiledModules/_Builtin_stdarg-5GLC55WIT2V58SIQ7FPJYVMS5.scan

PrecompileModule /Users/aaronkeen/Library/Developer/Xcode/DerivedData/NutraSafeBeta-awyabywlaekrybetqgpbjphfxefs/Build/Intermediates.noindex/ExplicitPrecompiledModules/_fenv-87GQQOXPJM6DC9JTXF5WEYFM2.scan
    cd /Users/aaronkeen/Documents/My\ Apps/NutraSafe\ Beta/NutraSafeBeta.xcodeproj
    builtin-precompileModule /Users/aaronkeen/Library/Developer/Xcode/DerivedData/NutraSafeBeta-awyabywlaekrybetqgpbjphfxefs/Build/Intermediates.noindex/ExplicitPrecompiledModules/_fenv-87GQQOXPJM6DC9JTXF5WEYFM2.scan

PrecompileModule /Users/aaronkeen/Library/Developer/Xcode/DerivedData/NutraSafeBeta-awyabywlaekrybetqgpbjphfxefs/Build/Intermediates.noindex/ExplicitPrecompiledModules/_float-45XNNEAQ1IP0VEL6PZ8TQ692N.scan
    cd /Users/aaronkeen/Documents/My\ Apps/NutraSafe\ Beta/NutraSafeBeta.xcodeproj
    builtin-precompileModule /Users/aaronkeen/Library/Developer/Xcode/DerivedData/NutraSafeBeta-awyabywlaekrybetqgpbjphfxefs/Build/Intermediates.noindex/ExplicitPrecompiledModules/_float-45XNNEAQ1IP0VEL6PZ8TQ692N.scan

PrecompileModule /Users/aaronkeen/Library/Developer/Xcode/DerivedData/NutraSafeBeta-awyabywlaekrybetqgpbjphfxefs/Build/Intermediates.noindex/ExplicitPrecompiledModules/ptrauth-3LFEUBEESCXR8VSTDDJWEFAE8.scan
    cd /Users/aaronkeen/Documents/My\ Apps/NutraSafe\ Beta/NutraSafeBeta.xcodeproj
    builtin-precompileModule /Users/aaronkeen/Library/Developer/Xcode/DerivedData/NutraSafeBeta-awyabywlaekrybetqgpbjphfxefs/Build/Intermediates.noindex/ExplicitPrecompiledModules/ptrauth-3LFEUBEESCXR8VSTDDJWEFAE8.scan

PrecompileModule /Users/aaronkeen/Library/Developer/Xcode/DerivedData/NutraSafeBeta-awyabywlaekrybetqgpbjphfxefs/Build/Intermediates.noindex/ExplicitPrecompiledModules/os_availability-5X2SOK3CKL4W6E0X2FWPCYS01.scan
    cd /Users/aaronkeen/Documents/My\ Apps/NutraSafe\ Beta/NutraSafeBeta.xcodeproj
    builtin-precompileModule /Users/aaronkeen/Library/Developer/Xcode/DerivedData/NutraSafeBeta-awyabywlaekrybetqgpbjphfxefs/Build/Intermediates.noindex/ExplicitPrecompiledModules/os_availability-5X2SOK3CKL4W6E0X2FWPCYS01.scan

PrecompileModule /Users/aaronkeen/Library/Developer/Xcode/DerivedData/NutraSafeBeta-awyabywlaekrybetqgpbjphfxefs/Build/Intermediates.noindex/ExplicitPrecompiledModules/_Builtin_stdarg-4K0C9YIJ2XIQ9Q0LZ3J0O1E0.scan
    cd /Users/aaronkeen/Documents/My\ Apps/NutraSafe\ Beta/NutraSafeBeta.xcodeproj
    builtin-precompileModule /Users/aaronkeen/Library/Developer/Xcode/DerivedData/NutraSafeBeta-awyabywlaekrybetqgpbjphfxefs/Build/Intermediates.noindex/ExplicitPrecompiledModules/_Builtin_stdarg-4K0C9YIJ2XIQ9Q0LZ3J0O1E0.scan

PrecompileModule /Users/aaronkeen/Library/Developer/Xcode/DerivedData/NutraSafeBeta-awyabywlaekrybetqgpbjphfxefs/Build/Intermediates.noindex/ExplicitPrecompiledModules/_float-E3PB634YKMQBLI6ZZOQXGQVSD.scan
    cd /Users/aaronkeen/Documents/My\ Apps/NutraSafe\ Beta/NutraSafeBeta.xcodeproj
    builtin-precompileModule /Users/aaronkeen/Library/Developer/Xcode/DerivedData/NutraSafeBeta-awyabywlaekrybetqgpbjphfxefs/Build/Intermediates.noindex/ExplicitPrecompiledModules/_float-E3PB634YKMQBLI6ZZOQXGQVSD.scan

PrecompileModule /Users/aaronkeen/Library/Developer/Xcode/DerivedData/NutraSafeBeta-awyabywlaekrybetqgpbjphfxefs/Build/Intermediates.noindex/ExplicitPrecompiledModules/ptrcheck-DQTZSTX0SI594KYZ2LH1LA7ZY.scan
    cd /Users/aaronkeen/Documents/My\ Apps/NutraSafe\ Beta/NutraSafeBeta.xcodeproj
    builtin-precompileModule /Users/aaronkeen/Library/Developer/Xcode/DerivedData/NutraSafeBeta-awyabywlaekrybetqgpbjphfxefs/Build/Intermediates.noindex/ExplicitPrecompiledModules/ptrcheck-DQTZSTX0SI594KYZ2LH1LA7ZY.scan

PrecompileModule /Users/aaronkeen/Library/Developer/Xcode/DerivedData/NutraSafeBeta-awyabywlaekrybetqgpbjphfxefs/Build/Intermediates.noindex/ExplicitPrecompiledModules/_float-ESVT5981EBTQSS6858SNYYTV0.scan
    cd /Users/aaronkeen/Documents/My\ Apps/NutraSafe\ Beta/NutraSafeBeta.xcodeproj
    builtin-precompileModule /Users/aaronkeen/Library/Developer/Xcode/DerivedData/NutraSafeBeta-awyabywlaekrybetqgpbjphfxefs/Build/Intermediates.noindex/ExplicitPrecompiledModules/_float-ESVT5981EBTQSS6858SNYYTV0.scan

PrecompileModule /Users/aaronkeen/Library/Developer/Xcode/DerivedData/NutraSafeBeta-awyabywlaekrybetqgpbjphfxefs/Build/Intermediates.noindex/ExplicitPrecompiledModules/os_availability_internal-COMPMSE2ZYP1VNS1VO5AAI2I6.scan
    cd /Users/aaronkeen/Documents/My\ Apps/NutraSafe\ Beta/NutraSafeBeta.xcodeproj
    builtin-precompileModule /Users/aaronkeen/Library/Developer/Xcode/DerivedData/NutraSafeBeta-awyabywlaekrybetqgpbjphfxefs/Build/Intermediates.noindex/ExplicitPrecompiledModules/os_availability_internal-COMPMSE2ZYP1VNS1VO5AAI2I6.scan

PrecompileModule /Users/aaronkeen/Library/Developer/Xcode/DerivedData/NutraSafeBeta-awyabywlaekrybetqgpbjphfxefs/Build/Intermediates.noindex/ExplicitPrecompiledModules/os_availability-2L0JOVN18DHFD2YUJ6SL6VNXL.scan
    cd /Users/aaronkeen/Documents/My\ Apps/NutraSafe\ Beta/NutraSafeBeta.xcodeproj
    builtin-precompileModule /Users/aaronkeen/Library/Developer/Xcode/DerivedData/NutraSafeBeta-awyabywlaekrybetqgpbjphfxefs/Build/Intermediates.noindex/ExplicitPrecompiledModules/os_availability-2L0JOVN18DHFD2YUJ6SL6VNXL.scan

PrecompileModule /Users/aaronkeen/Library/Developer/Xcode/DerivedData/NutraSafeBeta-awyabywlaekrybetqgpbjphfxefs/Build/Intermediates.noindex/ExplicitPrecompiledModules/_Builtin_float-SKQVXETSS3YYDDUSNYC44QB8.scan
    cd /Users/aaronkeen/Documents/My\ Apps/NutraSafe\ Beta/NutraSafeBeta.xcodeproj
    builtin-precompileModule /Users/aaronkeen/Library/Developer/Xcode/DerivedData/NutraSafeBeta-awyabywlaekrybetqgpbjphfxefs/Build/Intermediates.noindex/ExplicitPrecompiledModules/_Builtin_float-SKQVXETSS3YYDDUSNYC44QB8.scan

PrecompileModule /Users/aaronkeen/Library/Developer/Xcode/DerivedData/NutraSafeBeta-awyabywlaekrybetqgpbjphfxefs/Build/Intermediates.noindex/ExplicitPrecompiledModules/os_availability-7HNM6BI1QPI93UINUTIARV67M.scan
    cd /Users/aaronkeen/Documents/My\ Apps/NutraSafe\ Beta/NutraSafeBeta.xcodeproj
    builtin-precompileModule /Users/aaronkeen/Library/Developer/Xcode/DerivedData/NutraSafeBeta-awyabywlaekrybetqgpbjphfxefs/Build/Intermediates.noindex/ExplicitPrecompiledModules/os_availability-7HNM6BI1QPI93UINUTIARV67M.scan

PrecompileModule /Users/aaronkeen/Library/Developer/Xcode/DerivedData/NutraSafeBeta-awyabywlaekrybetqgpbjphfxefs/Build/Intermediates.noindex/ExplicitPrecompiledModules/AvailabilityMacros-8HOVLUINBIJVIKTFZ7IZJ6N31.scan
    cd /Users/aaronkeen/Documents/My\ Apps/NutraSafe\ Beta/NutraSafeBeta.xcodeproj
    builtin-precompileModule /Users/aaronkeen/Library/Developer/Xcode/DerivedData/NutraSafeBeta-awyabywlaekrybetqgpbjphfxefs/Build/Intermediates.noindex/ExplicitPrecompiledModules/AvailabilityMacros-8HOVLUINBIJVIKTFZ7IZJ6N31.scan

PrecompileModule /Users/aaronkeen/Library/Developer/Xcode/DerivedData/NutraSafeBeta-awyabywlaekrybetqgpbjphfxefs/Build/Intermediates.noindex/ExplicitPrecompiledModules/_fenv-3XELA1G0EA185VVMNCDZYEJ4Q.scan
    cd /Users/aaronkeen/Documents/My\ Apps/NutraSafe\ Beta/NutraSafeBeta.xcodeproj
    builtin-precompileModule /Users/aaronkeen/Library/Developer/Xcode/DerivedData/NutraSafeBeta-awyabywlaekrybetqgpbjphfxefs/Build/Intermediates.noindex/ExplicitPrecompiledModules/_fenv-3XELA1G0EA185VVMNCDZYEJ4Q.scan

ScanDependencies /Users/aaronkeen/Library/Developer/Xcode/DerivedData/NutraSafeBeta-awyabywlaekrybetqgpbjphfxefs/Build/Intermediates.noindex/GTMSessionFetcher.build/Debug-iphonesimulator/GTMSessionFetcherCore.build/Objects-normal/arm64/resource_bundle_accessor.o /Users/aaronkeen/Library/Developer/Xcode/DerivedData/NutraSafeBeta-awyabywlaekrybetqgpbjphfxefs/Build/Intermediates.noindex/GTMSessionFetcher.build/Debug-iphonesimulator/GTMSessionFetcherCore.build/DerivedSources/resource_bundle_accessor.m normal arm64 objective-c com.apple.compilers.llvm.clang.1_0.compiler (in target 'GTMSessionFetcherCore' from project 'GTMSessionFetcher')
    cd /Users/aaronkeen/Documents/My\ Apps/NutraSafe\ Beta/NutraSafeBeta.xcodeproj
    
    Using response file: /Users/aaronkeen/Library/Developer/Xcode/DerivedData/NutraSafeBeta-awyabywlaekrybetqgpbjphfxefs/Build/Intermediates.noindex/GTMSessionFetcher.build/Debug-iphonesimulator/GTMSessionFetcherCore.build/Objects-normal/arm64/e6072d4f65d7061329687fe24e3d63a7-common-args.resp
    
    builtin-ScanDependencies -o /Users/aaronkeen/Library/Developer/Xcode/DerivedData/NutraSafeBeta-awyabywlaekrybetqgpbjphfxefs/Build/Intermediates.noindex/GTMSessionFetcher.build/Debug-iphonesimulator/GTMSessionFetcherCore.build/Objects-normal/arm64/resource_bundle_accessor.o.scan -- /Applications/Xcode.app/Contents/Developer/Toolchains/XcodeDefault.xctoolchain/usr/bin/clang -x objective-c -ivfsstatcache /Users/aaronkeen/Library/Developer/Xcode/DerivedData/SDKStatCaches.noindex/iphonesimulator18.5-22F76-d5fc8ad4295d2ef488fb7d0f804ce0c4.sdkstatcache -fmessage-length\=0 -fdiagnostics-show-note-include-stack -fmacro-backtrace-limit\=0 -fno-color-diagnostics -fmodules-prune-interval\=86400 -fmodules-prune-after\=345600 -fbuild-session-file\=/Users/aaronkeen/Library/Developer/Xcode/DerivedData/ModuleCache.noindex/Session.modulevalidation -fmodules-validate-once-per-build-session -Wnon-modular-include-in-framework-module -Werror\=non-modular-include-in-framework-module -Wno-trigraphs -Wno-missing-field-initializers -Wno-missing-prototypes -Wno-return-type -Wno-implicit-atomic-properties -Wno-objc-interface-ivars -Wno-arc-repeated-use-of-weak -Wno-missing-braces -Wparentheses -Wswitch -Wno-unused-function -Wno-unused-label -Wno-unused-parameter -Wno-unused-variable -Wunused-value -Wno-empty-body -Wno-uninitialized -Wno-unknown-pragmas -w -Wno-shadow -Wno-four-char-constants -Wno-conversion -Wno-constant-conversion -Wno-int-conversion -Wno-bool-conversion -Wno-enum-conversion -Wno-float-conversion -Wno-non-literal-null-conversion -Wno-objc-literal-conversion -Wshorten-64-to-32 -Wpointer-sign -Wno-newline-eof -Wno-selector -Wno-strict-selector-match -Wno-undeclared-selector -Wno-deprecated-implementations -Wno-implicit-fallthrough -fstrict-aliasing -Wprotocol -Wdeprecated-declarations -Wno-sign-conversion -Wno-infinite-recursion -Wno-comma -Wno-block-capture-autoreleasing -Wno-strict-prototypes -Wno-semicolon-before-method-body -index-store-path /Users/aaronkeen/Library/Developer/Xcode/DerivedData/NutraSafeBeta-awyabywlaekrybetqgpbjphfxefs/Index.noindex/DataStore @/Users/aaronkeen/Library/Developer/Xcode/DerivedData/NutraSafeBeta-awyabywlaekrybetqgpbjphfxefs/Build/Intermediates.noindex/GTMSessionFetcher.build/Debug-iphonesimulator/GTMSessionFetcherCore.build/Objects-normal/arm64/e6072d4f65d7061329687fe24e3d63a7-common-args.resp -include /Users/aaronkeen/Library/Developer/Xcode/DerivedData/NutraSafeBeta-awyabywlaekrybetqgpbjphfxefs/Build/Intermediates.noindex/GTMSessionFetcher.build/Debug-iphonesimulator/GTMSessionFetcherCore.build/DerivedSources/resource_bundle_accessor.h -MMD -MT dependencies -MF /Users/aaronkeen/Library/Developer/Xcode/DerivedData/NutraSafeBeta-awyabywlaekrybetqgpbjphfxefs/Build/Intermediates.noindex/GTMSessionFetcher.build/Debug-iphonesimulator/GTMSessionFetcherCore.build/Objects-normal/arm64/resource_bundle_accessor.d --serialize-diagnostics /Users/aaronkeen/Library/Developer/Xcode/DerivedData/NutraSafeBeta-awyabywlaekrybetqgpbjphfxefs/Build/Intermediates.noindex/GTMSessionFetcher.build/Debug-iphonesimulator/GTMSessionFetcherCore.build/Objects-normal/arm64/resource_bundle_accessor.dia -c /Users/aaronkeen/Library/Developer/Xcode/DerivedData/NutraSafeBeta-awyabywlaekrybetqgpbjphfxefs/Build/Intermediates.noindex/GTMSessionFetcher.build/Debug-iphonesimulator/GTMSessionFetcherCore.build/DerivedSources/resource_bundle_accessor.m -o /Users/aaronkeen/Library/Developer/Xcode/DerivedData/NutraSafeBeta-awyabywlaekrybetqgpbjphfxefs/Build/Intermediates.noindex/GTMSessionFetcher.build/Debug-iphonesimulator/GTMSessionFetcherCore.build/Objects-normal/arm64/resource_bundle_accessor.o -index-unit-output-path /GTMSessionFetcher.build/Debug-iphonesimulator/GTMSessionFetcherCore.build/Objects-normal/arm64/resource_bundle_accessor.o

ScanDependencies /Users/aaronkeen/Library/Developer/Xcode/DerivedData/NutraSafeBeta-awyabywlaekrybetqgpbjphfxefs/Build/Intermediates.noindex/GTMSessionFetcher.build/Debug-iphonesimulator/GTMSessionFetcherCore.build/Objects-normal/arm64/GTMSessionUploadFetcher.o /Users/aaronkeen/Library/Developer/Xcode/DerivedData/NutraSafeBeta-awyabywlaekrybetqgpbjphfxefs/SourcePackages/checkouts/gtm-session-fetcher/Sources/Core/GTMSessionUploadFetcher.m normal arm64 objective-c com.apple.compilers.llvm.clang.1_0.compiler (in target 'GTMSessionFetcherCore' from project 'GTMSessionFetcher')
    cd /Users/aaronkeen/Documents/My\ Apps/NutraSafe\ Beta/NutraSafeBeta.xcodeproj
    
    Using response file: /Users/aaronkeen/Library/Developer/Xcode/DerivedData/NutraSafeBeta-awyabywlaekrybetqgpbjphfxefs/Build/Intermediates.noindex/GTMSessionFetcher.build/Debug-iphonesimulator/GTMSessionFetcherCore.build/Objects-normal/arm64/e6072d4f65d7061329687fe24e3d63a7-common-args.resp
    
    builtin-ScanDependencies -o /Users/aaronkeen/Library/Developer/Xcode/DerivedData/NutraSafeBeta-awyabywlaekrybetqgpbjphfxefs/Build/Intermediates.noindex/GTMSessionFetcher.build/Debug-iphonesimulator/GTMSessionFetcherCore.build/Objects-normal/arm64/GTMSessionUploadFetcher.o.scan -- /Applications/Xcode.app/Contents/Developer/Toolchains/XcodeDefault.xctoolchain/usr/bin/clang -x objective-c -ivfsstatcache /Users/aaronkeen/Library/Developer/Xcode/DerivedData/SDKStatCaches.noindex/iphonesimulator18.5-22F76-d5fc8ad4295d2ef488fb7d0f804ce0c4.sdkstatcache -fmessage-length\=0 -fdiagnostics-show-note-include-stack -fmacro-backtrace-limit\=0 -fno-color-diagnostics -fmodules-prune-interval\=86400 -fmodules-prune-after\=345600 -fbuild-session-file\=/Users/aaronkeen/Library/Developer/Xcode/DerivedData/ModuleCache.noindex/Session.modulevalidation -fmodules-validate-once-per-build-session -Wnon-modular-include-in-framework-module -Werror\=non-modular-include-in-framework-module -Wno-trigraphs -Wno-missing-field-initializers -Wno-missing-prototypes -Wno-return-type -Wno-implicit-atomic-properties -Wno-objc-interface-ivars -Wno-arc-repeated-use-of-weak -Wno-missing-braces -Wparentheses -Wswitch -Wno-unused-function -Wno-unused-label -Wno-unused-parameter -Wno-unused-variable -Wunused-value -Wno-empty-body -Wno-uninitialized -Wno-unknown-pragmas -w -Wno-shadow -Wno-four-char-constants -Wno-conversion -Wno-constant-conversion -Wno-int-conversion -Wno-bool-conversion -Wno-enum-conversion -Wno-float-conversion -Wno-non-literal-null-conversion -Wno-objc-literal-conversion -Wshorten-64-to-32 -Wpointer-sign -Wno-newline-eof -Wno-selector -Wno-strict-selector-match -Wno-undeclared-selector -Wno-deprecated-implementations -Wno-implicit-fallthrough -fstrict-aliasing -Wprotocol -Wdeprecated-declarations -Wno-sign-conversion -Wno-infinite-recursion -Wno-comma -Wno-block-capture-autoreleasing -Wno-strict-prototypes -Wno-semicolon-before-method-body -index-store-path /Users/aaronkeen/Library/Developer/Xcode/DerivedData/NutraSafeBeta-awyabywlaekrybetqgpbjphfxefs/Index.noindex/DataStore @/Users/aaronkeen/Library/Developer/Xcode/DerivedData/NutraSafeBeta-awyabywlaekrybetqgpbjphfxefs/Build/Intermediates.noindex/GTMSessionFetcher.build/Debug-iphonesimulator/GTMSessionFetcherCore.build/Objects-normal/arm64/e6072d4f65d7061329687fe24e3d63a7-common-args.resp -include /Users/aaronkeen/Library/Developer/Xcode/DerivedData/NutraSafeBeta-awyabywlaekrybetqgpbjphfxefs/Build/Intermediates.noindex/GTMSessionFetcher.build/Debug-iphonesimulator/GTMSessionFetcherCore.build/DerivedSources/resource_bundle_accessor.h -MMD -MT dependencies -MF /Users/aaronkeen/Library/Developer/Xcode/DerivedData/NutraSafeBeta-awyabywlaekrybetqgpbjphfxefs/Build/Intermediates.noindex/GTMSessionFetcher.build/Debug-iphonesimulator/GTMSessionFetcherCore.build/Objects-normal/arm64/GTMSessionUploadFetcher.d --serialize-diagnostics /Users/aaronkeen/Library/Developer/Xcode/DerivedData/NutraSafeBeta-awyabywlaekrybetqgpbjphfxefs/Build/Intermediates.noindex/GTMSessionFetcher.build/Debug-iphonesimulator/GTMSessionFetcherCore.build/Objects-normal/arm64/GTMSessionUploadFetcher.dia -c /Users/aaronkeen/Library/Developer/Xcode/DerivedData/NutraSafeBeta-awyabywlaekrybetqgpbjphfxefs/SourcePackages/checkouts/gtm-session-fetcher/Sources/Core/GTMSessionUploadFetcher.m -o /Users/aaronkeen/Library/Developer/Xcode/DerivedData/NutraSafeBeta-awyabywlaekrybetqgpbjphfxefs/Build/Intermediates.noindex/GTMSessionFetcher.build/Debug-iphonesimulator/GTMSessionFetcherCore.build/Objects-normal/arm64/GTMSessionUploadFetcher.o -index-unit-output-path /GTMSessionFetcher.build/Debug-iphonesimulator/GTMSessionFetcherCore.build/Objects-normal/arm64/GTMSessionUploadFetcher.o

ScanDependencies /Users/aaronkeen/Library/Developer/Xcode/DerivedData/NutraSafeBeta-awyabywlaekrybetqgpbjphfxefs/Build/Intermediates.noindex/GTMSessionFetcher.build/Debug-iphonesimulator/GTMSessionFetcherCore.build/Objects-normal/arm64/GTMSessionFetcherService.o /Users/aaronkeen/Library/Developer/Xcode/DerivedData/NutraSafeBeta-awyabywlaekrybetqgpbjphfxefs/SourcePackages/checkouts/gtm-session-fetcher/Sources/Core/GTMSessionFetcherService.m normal arm64 objective-c com.apple.compilers.llvm.clang.1_0.compiler (in target 'GTMSessionFetcherCore' from project 'GTMSessionFetcher')
    cd /Users/aaronkeen/Documents/My\ Apps/NutraSafe\ Beta/NutraSafeBeta.xcodeproj
    
    Using response file: /Users/aaronkeen/Library/Developer/Xcode/DerivedData/NutraSafeBeta-awyabywlaekrybetqgpbjphfxefs/Build/Intermediates.noindex/GTMSessionFetcher.build/Debug-iphonesimulator/GTMSessionFetcherCore.build/Objects-normal/arm64/e6072d4f65d7061329687fe24e3d63a7-common-args.resp
    
    builtin-ScanDependencies -o /Users/aaronkeen/Library/Developer/Xcode/DerivedData/NutraSafeBeta-awyabywlaekrybetqgpbjphfxefs/Build/Intermediates.noindex/GTMSessionFetcher.build/Debug-iphonesimulator/GTMSessionFetcherCore.build/Objects-normal/arm64/GTMSessionFetcherService.o.scan -- /Applications/Xcode.app/Contents/Developer/Toolchains/XcodeDefault.xctoolchain/usr/bin/clang -x objective-c -ivfsstatcache /Users/aaronkeen/Library/Developer/Xcode/DerivedData/SDKStatCaches.noindex/iphonesimulator18.5-22F76-d5fc8ad4295d2ef488fb7d0f804ce0c4.sdkstatcache -fmessage-length\=0 -fdiagnostics-show-note-include-stack -fmacro-backtrace-limit\=0 -fno-color-diagnostics -fmodules-prune-interval\=86400 -fmodules-prune-after\=345600 -fbuild-session-file\=/Users/aaronkeen/Library/Developer/Xcode/DerivedData/ModuleCache.noindex/Session.modulevalidation -fmodules-validate-once-per-build-session -Wnon-modular-include-in-framework-module -Werror\=non-modular-include-in-framework-module -Wno-trigraphs -Wno-missing-field-initializers -Wno-missing-prototypes -Wno-return-type -Wno-implicit-atomic-properties -Wno-objc-interface-ivars -Wno-arc-repeated-use-of-weak -Wno-missing-braces -Wparentheses -Wswitch -Wno-unused-function -Wno-unused-label -Wno-unused-parameter -Wno-unused-variable -Wunused-value -Wno-empty-body -Wno-uninitialized -Wno-unknown-pragmas -w -Wno-shadow -Wno-four-char-constants -Wno-conversion -Wno-constant-conversion -Wno-int-conversion -Wno-bool-conversion -Wno-enum-conversion -Wno-float-conversion -Wno-non-literal-null-conversion -Wno-objc-literal-conversion -Wshorten-64-to-32 -Wpointer-sign -Wno-newline-eof -Wno-selector -Wno-strict-selector-match -Wno-undeclared-selector -Wno-deprecated-implementations -Wno-implicit-fallthrough -fstrict-aliasing -Wprotocol -Wdeprecated-declarations -Wno-sign-conversion -Wno-infinite-recursion -Wno-comma -Wno-block-capture-autoreleasing -Wno-strict-prototypes -Wno-semicolon-before-method-body -index-store-path /Users/aaronkeen/Library/Developer/Xcode/DerivedData/NutraSafeBeta-awyabywlaekrybetqgpbjphfxefs/Index.noindex/DataStore @/Users/aaronkeen/Library/Developer/Xcode/DerivedData/NutraSafeBeta-awyabywlaekrybetqgpbjphfxefs/Build/Intermediates.noindex/GTMSessionFetcher.build/Debug-iphonesimulator/GTMSessionFetcherCore.build/Objects-normal/arm64/e6072d4f65d7061329687fe24e3d63a7-common-args.resp -include /Users/aaronkeen/Library/Developer/Xcode/DerivedData/NutraSafeBeta-awyabywlaekrybetqgpbjphfxefs/Build/Intermediates.noindex/GTMSessionFetcher.build/Debug-iphonesimulator/GTMSessionFetcherCore.build/DerivedSources/resource_bundle_accessor.h -MMD -MT dependencies -MF /Users/aaronkeen/Library/Developer/Xcode/DerivedData/NutraSafeBeta-awyabywlaekrybetqgpbjphfxefs/Build/Intermediates.noindex/GTMSessionFetcher.build/Debug-iphonesimulator/GTMSessionFetcherCore.build/Objects-normal/arm64/GTMSessionFetcherService.d --serialize-diagnostics /Users/aaronkeen/Library/Developer/Xcode/DerivedData/NutraSafeBeta-awyabywlaekrybetqgpbjphfxefs/Build/Intermediates.noindex/GTMSessionFetcher.build/Debug-iphonesimulator/GTMSessionFetcherCore.build/Objects-normal/arm64/GTMSessionFetcherService.dia -c /Users/aaronkeen/Library/Developer/Xcode/DerivedData/NutraSafeBeta-awyabywlaekrybetqgpbjphfxefs/SourcePackages/checkouts/gtm-session-fetcher/Sources/Core/GTMSessionFetcherService.m -o /Users/aaronkeen/Library/Developer/Xcode/DerivedData/NutraSafeBeta-awyabywlaekrybetqgpbjphfxefs/Build/Intermediates.noindex/GTMSessionFetcher.build/Debug-iphonesimulator/GTMSessionFetcherCore.build/Objects-normal/arm64/GTMSessionFetcherService.o -index-unit-output-path /GTMSessionFetcher.build/Debug-iphonesimulator/GTMSessionFetcherCore.build/Objects-normal/arm64/GTMSessionFetcherService.o

ScanDependencies /Users/aaronkeen/Library/Developer/Xcode/DerivedData/NutraSafeBeta-awyabywlaekrybetqgpbjphfxefs/Build/Intermediates.noindex/GTMSessionFetcher.build/Debug-iphonesimulator/GTMSessionFetcherCore.build/Objects-normal/arm64/GTMSessionFetcherLogging.o /Users/aaronkeen/Library/Developer/Xcode/DerivedData/NutraSafeBeta-awyabywlaekrybetqgpbjphfxefs/SourcePackages/checkouts/gtm-session-fetcher/Sources/Core/GTMSessionFetcherLogging.m normal arm64 objective-c com.apple.compilers.llvm.clang.1_0.compiler (in target 'GTMSessionFetcherCore' from project 'GTMSessionFetcher')
    cd /Users/aaronkeen/Documents/My\ Apps/NutraSafe\ Beta/NutraSafeBeta.xcodeproj
    
    Using response file: /Users/aaronkeen/Library/Developer/Xcode/DerivedData/NutraSafeBeta-awyabywlaekrybetqgpbjphfxefs/Build/Intermediates.noindex/GTMSessionFetcher.build/Debug-iphonesimulator/GTMSessionFetcherCore.build/Objects-normal/arm64/e6072d4f65d7061329687fe24e3d63a7-common-args.resp
    
    builtin-ScanDependencies -o /Users/aaronkeen/Library/Developer/Xcode/DerivedData/NutraSafeBeta-awyabywlaekrybetqgpbjphfxefs/Build/Intermediates.noindex/GTMSessionFetcher.build/Debug-iphonesimulator/GTMSessionFetcherCore.build/Objects-normal/arm64/GTMSessionFetcherLogging.o.scan -- /Applications/Xcode.app/Contents/Developer/Toolchains/XcodeDefault.xctoolchain/usr/bin/clang -x objective-c -ivfsstatcache /Users/aaronkeen/Library/Developer/Xcode/DerivedData/SDKStatCaches.noindex/iphonesimulator18.5-22F76-d5fc8ad4295d2ef488fb7d0f804ce0c4.sdkstatcache -fmessage-length\=0 -fdiagnostics-show-note-include-stack -fmacro-backtrace-limit\=0 -fno-color-diagnostics -fmodules-prune-interval\=86400 -fmodules-prune-after\=345600 -fbuild-session-file\=/Users/aaronkeen/Library/Developer/Xcode/DerivedData/ModuleCache.noindex/Session.modulevalidation -fmodules-validate-once-per-build-session -Wnon-modular-include-in-framework-module -Werror\=non-modular-include-in-framework-module -Wno-trigraphs -Wno-missing-field-initializers -Wno-missing-prototypes -Wno-return-type -Wno-implicit-atomic-properties -Wno-objc-interface-ivars -Wno-arc-repeated-use-of-weak -Wno-missing-braces -Wparentheses -Wswitch -Wno-unused-function -Wno-unused-label -Wno-unused-parameter -Wno-unused-variable -Wunused-value -Wno-empty-body -Wno-uninitialized -Wno-unknown-pragmas -w -Wno-shadow -Wno-four-char-constants -Wno-conversion -Wno-constant-conversion -Wno-int-conversion -Wno-bool-conversion -Wno-enum-conversion -Wno-float-conversion -Wno-non-literal-null-conversion -Wno-objc-literal-conversion -Wshorten-64-to-32 -Wpointer-sign -Wno-newline-eof -Wno-selector -Wno-strict-selector-match -Wno-undeclared-selector -Wno-deprecated-implementations -Wno-implicit-fallthrough -fstrict-aliasing -Wprotocol -Wdeprecated-declarations -Wno-sign-conversion -Wno-infinite-recursion -Wno-comma -Wno-block-capture-autoreleasing -Wno-strict-prototypes -Wno-semicolon-before-method-body -index-store-path /Users/aaronkeen/Library/Developer/Xcode/DerivedData/NutraSafeBeta-awyabywlaekrybetqgpbjphfxefs/Index.noindex/DataStore @/Users/aaronkeen/Library/Developer/Xcode/DerivedData/NutraSafeBeta-awyabywlaekrybetqgpbjphfxefs/Build/Intermediates.noindex/GTMSessionFetcher.build/Debug-iphonesimulator/GTMSessionFetcherCore.build/Objects-normal/arm64/e6072d4f65d7061329687fe24e3d63a7-common-args.resp -include /Users/aaronkeen/Library/Developer/Xcode/DerivedData/NutraSafeBeta-awyabywlaekrybetqgpbjphfxefs/Build/Intermediates.noindex/GTMSessionFetcher.build/Debug-iphonesimulator/GTMSessionFetcherCore.build/DerivedSources/resource_bundle_accessor.h -MMD -MT dependencies -MF /Users/aaronkeen/Library/Developer/Xcode/DerivedData/NutraSafeBeta-awyabywlaekrybetqgpbjphfxefs/Build/Intermediates.noindex/GTMSessionFetcher.build/Debug-iphonesimulator/GTMSessionFetcherCore.build/Objects-normal/arm64/GTMSessionFetcherLogging.d --serialize-diagnostics /Users/aaronkeen/Library/Developer/Xcode/DerivedData/NutraSafeBeta-awyabywlaekrybetqgpbjphfxefs/Build/Intermediates.noindex/GTMSessionFetcher.build/Debug-iphonesimulator/GTMSessionFetcherCore.build/Objects-normal/arm64/GTMSessionFetcherLogging.dia -c /Users/aaronkeen/Library/Developer/Xcode/DerivedData/NutraSafeBeta-awyabywlaekrybetqgpbjphfxefs/SourcePackages/checkouts/gtm-session-fetcher/Sources/Core/GTMSessionFetcherLogging.m -o /Users/aaronkeen/Library/Developer/Xcode/DerivedData/NutraSafeBeta-awyabywlaekrybetqgpbjphfxefs/Build/Intermediates.noindex/GTMSessionFetcher.build/Debug-iphonesimulator/GTMSessionFetcherCore.build/Objects-normal/arm64/GTMSessionFetcherLogging.o -index-unit-output-path /GTMSessionFetcher.build/Debug-iphonesimulator/GTMSessionFetcherCore.build/Objects-normal/arm64/GTMSessionFetcherLogging.o

ScanDependencies /Users/aaronkeen/Library/Developer/Xcode/DerivedData/NutraSafeBeta-awyabywlaekrybetqgpbjphfxefs/Build/Intermediates.noindex/GTMSessionFetcher.build/Debug-iphonesimulator/GTMSessionFetcherCore.build/Objects-normal/arm64/GTMSessionFetcher.o /Users/aaronkeen/Library/Developer/Xcode/DerivedData/NutraSafeBeta-awyabywlaekrybetqgpbjphfxefs/SourcePackages/checkouts/gtm-session-fetcher/Sources/Core/GTMSessionFetcher.m normal arm64 objective-c com.apple.compilers.llvm.clang.1_0.compiler (in target 'GTMSessionFetcherCore' from project 'GTMSessionFetcher')
    cd /Users/aaronkeen/Documents/My\ Apps/NutraSafe\ Beta/NutraSafeBeta.xcodeproj
    
    Using response file: /Users/aaronkeen/Library/Developer/Xcode/DerivedData/NutraSafeBeta-awyabywlaekrybetqgpbjphfxefs/Build/Intermediates.noindex/GTMSessionFetcher.build/Debug-iphonesimulator/GTMSessionFetcherCore.build/Objects-normal/arm64/e6072d4f65d7061329687fe24e3d63a7-common-args.resp
    
    builtin-ScanDependencies -o /Users/aaronkeen/Library/Developer/Xcode/DerivedData/NutraSafeBeta-awyabywlaekrybetqgpbjphfxefs/Build/Intermediates.noindex/GTMSessionFetcher.build/Debug-iphonesimulator/GTMSessionFetcherCore.build/Objects-normal/arm64/GTMSessionFetcher.o.scan -- /Applications/Xcode.app/Contents/Developer/Toolchains/XcodeDefault.xctoolchain/usr/bin/clang -x objective-c -ivfsstatcache /Users/aaronkeen/Library/Developer/Xcode/DerivedData/SDKStatCaches.noindex/iphonesimulator18.5-22F76-d5fc8ad4295d2ef488fb7d0f804ce0c4.sdkstatcache -fmessage-length\=0 -fdiagnostics-show-note-include-stack -fmacro-backtrace-limit\=0 -fno-color-diagnostics -fmodules-prune-interval\=86400 -fmodules-prune-after\=345600 -fbuild-session-file\=/Users/aaronkeen/Library/Developer/Xcode/DerivedData/ModuleCache.noindex/Session.modulevalidation -fmodules-validate-once-per-build-session -Wnon-modular-include-in-framework-module -Werror\=non-modular-include-in-framework-module -Wno-trigraphs -Wno-missing-field-initializers -Wno-missing-prototypes -Wno-return-type -Wno-implicit-atomic-properties -Wno-objc-interface-ivars -Wno-arc-repeated-use-of-weak -Wno-missing-braces -Wparentheses -Wswitch -Wno-unused-function -Wno-unused-label -Wno-unused-parameter -Wno-unused-variable -Wunused-value -Wno-empty-body -Wno-uninitialized -Wno-unknown-pragmas -w -Wno-shadow -Wno-four-char-constants -Wno-conversion -Wno-constant-conversion -Wno-int-conversion -Wno-bool-conversion -Wno-enum-conversion -Wno-float-conversion -Wno-non-literal-null-conversion -Wno-objc-literal-conversion -Wshorten-64-to-32 -Wpointer-sign -Wno-newline-eof -Wno-selector -Wno-strict-selector-match -Wno-undeclared-selector -Wno-deprecated-implementations -Wno-implicit-fallthrough -fstrict-aliasing -Wprotocol -Wdeprecated-declarations -Wno-sign-conversion -Wno-infinite-recursion -Wno-comma -Wno-block-capture-autoreleasing -Wno-strict-prototypes -Wno-semicolon-before-method-body -index-store-path /Users/aaronkeen/Library/Developer/Xcode/DerivedData/NutraSafeBeta-awyabywlaekrybetqgpbjphfxefs/Index.noindex/DataStore @/Users/aaronkeen/Library/Developer/Xcode/DerivedData/NutraSafeBeta-awyabywlaekrybetqgpbjphfxefs/Build/Intermediates.noindex/GTMSessionFetcher.build/Debug-iphonesimulator/GTMSessionFetcherCore.build/Objects-normal/arm64/e6072d4f65d7061329687fe24e3d63a7-common-args.resp -include /Users/aaronkeen/Library/Developer/Xcode/DerivedData/NutraSafeBeta-awyabywlaekrybetqgpbjphfxefs/Build/Intermediates.noindex/GTMSessionFetcher.build/Debug-iphonesimulator/GTMSessionFetcherCore.build/DerivedSources/resource_bundle_accessor.h -MMD -MT dependencies -MF /Users/aaronkeen/Library/Developer/Xcode/DerivedData/NutraSafeBeta-awyabywlaekrybetqgpbjphfxefs/Build/Intermediates.noindex/GTMSessionFetcher.build/Debug-iphonesimulator/GTMSessionFetcherCore.build/Objects-normal/arm64/GTMSessionFetcher.d --serialize-diagnostics /Users/aaronkeen/Library/Developer/Xcode/DerivedData/NutraSafeBeta-awyabywlaekrybetqgpbjphfxefs/Build/Intermediates.noindex/GTMSessionFetcher.build/Debug-iphonesimulator/GTMSessionFetcherCore.build/Objects-normal/arm64/GTMSessionFetcher.dia -c /Users/aaronkeen/Library/Developer/Xcode/DerivedData/NutraSafeBeta-awyabywlaekrybetqgpbjphfxefs/SourcePackages/checkouts/gtm-session-fetcher/Sources/Core/GTMSessionFetcher.m -o /Users/aaronkeen/Library/Developer/Xcode/DerivedData/NutraSafeBeta-awyabywlaekrybetqgpbjphfxefs/Build/Intermediates.noindex/GTMSessionFetcher.build/Debug-iphonesimulator/GTMSessionFetcherCore.build/Objects-normal/arm64/GTMSessionFetcher.o -index-unit-output-path /GTMSessionFetcher.build/Debug-iphonesimulator/GTMSessionFetcherCore.build/Objects-normal/arm64/GTMSessionFetcher.o

PrecompileModule /Users/aaronkeen/Library/Developer/Xcode/DerivedData/NutraSafeBeta-awyabywlaekrybetqgpbjphfxefs/Build/Intermediates.noindex/ExplicitPrecompiledModules/_Builtin_float-6FIDQ03IQVW2XCE7HBGBNQGE0.scan
    cd /Users/aaronkeen/Documents/My\ Apps/NutraSafe\ Beta/NutraSafeBeta.xcodeproj
    builtin-precompileModule /Users/aaronkeen/Library/Developer/Xcode/DerivedData/NutraSafeBeta-awyabywlaekrybetqgpbjphfxefs/Build/Intermediates.noindex/ExplicitPrecompiledModules/_Builtin_float-6FIDQ03IQVW2XCE7HBGBNQGE0.scan

PrecompileModule /Users/aaronkeen/Library/Developer/Xcode/DerivedData/NutraSafeBeta-awyabywlaekrybetqgpbjphfxefs/Build/Intermediates.noindex/ExplicitPrecompiledModules/DarwinFoundation-4DGQSL7PO0BNLNPKR736COYK7.scan
    cd /Users/aaronkeen/Documents/My\ Apps/NutraSafe\ Beta/NutraSafeBeta.xcodeproj
    builtin-precompileModule /Users/aaronkeen/Library/Developer/Xcode/DerivedData/NutraSafeBeta-awyabywlaekrybetqgpbjphfxefs/Build/Intermediates.noindex/ExplicitPrecompiledModules/DarwinFoundation-4DGQSL7PO0BNLNPKR736COYK7.scan

PrecompileModule /Users/aaronkeen/Library/Developer/Xcode/DerivedData/NutraSafeBeta-awyabywlaekrybetqgpbjphfxefs/Build/Intermediates.noindex/ExplicitPrecompiledModules/DarwinFoundation-397SZHB8G81XVPTA0TXE1SZW6.scan
    cd /Users/aaronkeen/Documents/My\ Apps/NutraSafe\ Beta/NutraSafeBeta.xcodeproj
    builtin-precompileModule /Users/aaronkeen/Library/Developer/Xcode/DerivedData/NutraSafeBeta-awyabywlaekrybetqgpbjphfxefs/Build/Intermediates.noindex/ExplicitPrecompiledModules/DarwinFoundation-397SZHB8G81XVPTA0TXE1SZW6.scan

PrecompileModule /Users/aaronkeen/Library/Developer/Xcode/DerivedData/NutraSafeBeta-awyabywlaekrybetqgpbjphfxefs/Build/Intermediates.noindex/ExplicitPrecompiledModules/AvailabilityMacros-EBTZVS6IVYM85R5T9BSPANKYH.scan
    cd /Users/aaronkeen/Documents/My\ Apps/NutraSafe\ Beta/NutraSafeBeta.xcodeproj
    builtin-precompileModule /Users/aaronkeen/Library/Developer/Xcode/DerivedData/NutraSafeBeta-awyabywlaekrybetqgpbjphfxefs/Build/Intermediates.noindex/ExplicitPrecompiledModules/AvailabilityMacros-EBTZVS6IVYM85R5T9BSPANKYH.scan

PrecompileModule /Users/aaronkeen/Library/Developer/Xcode/DerivedData/NutraSafeBeta-awyabywlaekrybetqgpbjphfxefs/Build/Intermediates.noindex/ExplicitPrecompiledModules/DarwinFoundation-C1B0JF9U7CCBWF4YBC354MF95.scan
    cd /Users/aaronkeen/Documents/My\ Apps/NutraSafe\ Beta/NutraSafeBeta.xcodeproj
    builtin-precompileModule /Users/aaronkeen/Library/Developer/Xcode/DerivedData/NutraSafeBeta-awyabywlaekrybetqgpbjphfxefs/Build/Intermediates.noindex/ExplicitPrecompiledModules/DarwinFoundation-C1B0JF9U7CCBWF4YBC354MF95.scan

PrecompileModule /Users/aaronkeen/Library/Developer/Xcode/DerivedData/NutraSafeBeta-awyabywlaekrybetqgpbjphfxefs/Build/Intermediates.noindex/ExplicitPrecompiledModules/netinet_in-6SIR3FF76JGTTC30UONM9SDXB.scan
    cd /Users/aaronkeen/Documents/My\ Apps/NutraSafe\ Beta/NutraSafeBeta.xcodeproj
    builtin-precompileModule /Users/aaronkeen/Library/Developer/Xcode/DerivedData/NutraSafeBeta-awyabywlaekrybetqgpbjphfxefs/Build/Intermediates.noindex/ExplicitPrecompiledModules/netinet_in-6SIR3FF76JGTTC30UONM9SDXB.scan

PrecompileModule /Users/aaronkeen/Library/Developer/Xcode/DerivedData/NutraSafeBeta-awyabywlaekrybetqgpbjphfxefs/Build/Intermediates.noindex/ExplicitPrecompiledModules/alloca-9FRU4YYQNJDNNN5ADBM27TC6S.scan
    cd /Users/aaronkeen/Documents/My\ Apps/NutraSafe\ Beta/NutraSafeBeta.xcodeproj
    builtin-precompileModule /Users/aaronkeen/Library/Developer/Xcode/DerivedData/NutraSafeBeta-awyabywlaekrybetqgpbjphfxefs/Build/Intermediates.noindex/ExplicitPrecompiledModules/alloca-9FRU4YYQNJDNNN5ADBM27TC6S.scan

PrecompileModule /Users/aaronkeen/Library/Developer/Xcode/DerivedData/NutraSafeBeta-awyabywlaekrybetqgpbjphfxefs/Build/Intermediates.noindex/ExplicitPrecompiledModules/_setjmp-1GFAYIODV45CYZ9V0M97XKZXF.scan
    cd /Users/aaronkeen/Documents/My\ Apps/NutraSafe\ Beta/NutraSafeBeta.xcodeproj
    builtin-precompileModule /Users/aaronkeen/Library/Developer/Xcode/DerivedData/NutraSafeBeta-awyabywlaekrybetqgpbjphfxefs/Build/Intermediates.noindex/ExplicitPrecompiledModules/_setjmp-1GFAYIODV45CYZ9V0M97XKZXF.scan

PrecompileModule /Users/aaronkeen/Library/Developer/Xcode/DerivedData/NutraSafeBeta-awyabywlaekrybetqgpbjphfxefs/Build/Intermediates.noindex/ExplicitPrecompiledModules/netinet_in-5Y97REGZTIJ0D4NEX7UFGB4MW.scan
    cd /Users/aaronkeen/Documents/My\ Apps/NutraSafe\ Beta/NutraSafeBeta.xcodeproj
    builtin-precompileModule /Users/aaronkeen/Library/Developer/Xcode/DerivedData/NutraSafeBeta-awyabywlaekrybetqgpbjphfxefs/Build/Intermediates.noindex/ExplicitPrecompiledModules/netinet_in-5Y97REGZTIJ0D4NEX7UFGB4MW.scan

PrecompileModule /Users/aaronkeen/Library/Developer/Xcode/DerivedData/NutraSafeBeta-awyabywlaekrybetqgpbjphfxefs/Build/Intermediates.noindex/ExplicitPrecompiledModules/_useconds_t-21GLICZPBL4ORZI6648GI6FIJ.scan
    cd /Users/aaronkeen/Documents/My\ Apps/NutraSafe\ Beta/NutraSafeBeta.xcodeproj
    builtin-precompileModule /Users/aaronkeen/Library/Developer/Xcode/DerivedData/NutraSafeBeta-awyabywlaekrybetqgpbjphfxefs/Build/Intermediates.noindex/ExplicitPrecompiledModules/_useconds_t-21GLICZPBL4ORZI6648GI6FIJ.scan

PrecompileModule /Users/aaronkeen/Library/Developer/Xcode/DerivedData/NutraSafeBeta-awyabywlaekrybetqgpbjphfxefs/Build/Intermediates.noindex/ExplicitPrecompiledModules/_assert-AWBPPIVIJQGQ0ER9BWKG19OI6.scan
    cd /Users/aaronkeen/Documents/My\ Apps/NutraSafe\ Beta/NutraSafeBeta.xcodeproj
    builtin-precompileModule /Users/aaronkeen/Library/Developer/Xcode/DerivedData/NutraSafeBeta-awyabywlaekrybetqgpbjphfxefs/Build/Intermediates.noindex/ExplicitPrecompiledModules/_assert-AWBPPIVIJQGQ0ER9BWKG19OI6.scan

PrecompileModule /Users/aaronkeen/Library/Developer/Xcode/DerivedData/NutraSafeBeta-awyabywlaekrybetqgpbjphfxefs/Build/Intermediates.noindex/ExplicitPrecompiledModules/alloca-DGIBPQ9LTBJ31ZUGVU9KDOUHH.scan
    cd /Users/aaronkeen/Documents/My\ Apps/NutraSafe\ Beta/NutraSafeBeta.xcodeproj
    builtin-precompileModule /Users/aaronkeen/Library/Developer/Xcode/DerivedData/NutraSafeBeta-awyabywlaekrybetqgpbjphfxefs/Build/Intermediates.noindex/ExplicitPrecompiledModules/alloca-DGIBPQ9LTBJ31ZUGVU9KDOUHH.scan

PrecompileModule /Users/aaronkeen/Library/Developer/Xcode/DerivedData/NutraSafeBeta-awyabywlaekrybetqgpbjphfxefs/Build/Intermediates.noindex/ExplicitPrecompiledModules/sys_time-WINRZOKNG1YZ4HK7V8JSWKS4.scan
    cd /Users/aaronkeen/Documents/My\ Apps/NutraSafe\ Beta/NutraSafeBeta.xcodeproj
    builtin-precompileModule /Users/aaronkeen/Library/Developer/Xcode/DerivedData/NutraSafeBeta-awyabywlaekrybetqgpbjphfxefs/Build/Intermediates.noindex/ExplicitPrecompiledModules/sys_time-WINRZOKNG1YZ4HK7V8JSWKS4.scan

PrecompileModule /Users/aaronkeen/Library/Developer/Xcode/DerivedData/NutraSafeBeta-awyabywlaekrybetqgpbjphfxefs/Build/Intermediates.noindex/ExplicitPrecompiledModules/mach-BQASFFN72Z5N46BR6ZVC4P91L.scan
    cd /Users/aaronkeen/Documents/My\ Apps/NutraSafe\ Beta/NutraSafeBeta.xcodeproj
    builtin-precompileModule /Users/aaronkeen/Library/Developer/Xcode/DerivedData/NutraSafeBeta-awyabywlaekrybetqgpbjphfxefs/Build/Intermediates.noindex/ExplicitPrecompiledModules/mach-BQASFFN72Z5N46BR6ZVC4P91L.scan

PrecompileModule /Users/aaronkeen/Library/Developer/Xcode/DerivedData/NutraSafeBeta-awyabywlaekrybetqgpbjphfxefs/Build/Intermediates.noindex/ExplicitPrecompiledModules/_errno-EJSATHEZU0F09TL8ERV0VCHVW.scan
    cd /Users/aaronkeen/Documents/My\ Apps/NutraSafe\ Beta/NutraSafeBeta.xcodeproj
    builtin-precompileModule /Users/aaronkeen/Library/Developer/Xcode/DerivedData/NutraSafeBeta-awyabywlaekrybetqgpbjphfxefs/Build/Intermediates.noindex/ExplicitPrecompiledModules/_errno-EJSATHEZU0F09TL8ERV0VCHVW.scan

PrecompileModule /Users/aaronkeen/Library/Developer/Xcode/DerivedData/NutraSafeBeta-awyabywlaekrybetqgpbjphfxefs/Build/Intermediates.noindex/ExplicitPrecompiledModules/_locale-70U7XB50G65ICGD90M4R7KE49.scan
    cd /Users/aaronkeen/Documents/My\ Apps/NutraSafe\ Beta/NutraSafeBeta.xcodeproj
    builtin-precompileModule /Users/aaronkeen/Library/Developer/Xcode/DerivedData/NutraSafeBeta-awyabywlaekrybetqgpbjphfxefs/Build/Intermediates.noindex/ExplicitPrecompiledModules/_locale-70U7XB50G65ICGD90M4R7KE49.scan

PrecompileModule /Users/aaronkeen/Library/Developer/Xcode/DerivedData/NutraSafeBeta-awyabywlaekrybetqgpbjphfxefs/Build/Intermediates.noindex/ExplicitPrecompiledModules/mach-EA45RPJEGYXOVRETM4Q0N53YH.scan
    cd /Users/aaronkeen/Documents/My\ Apps/NutraSafe\ Beta/NutraSafeBeta.xcodeproj
    builtin-precompileModule /Users/aaronkeen/Library/Developer/Xcode/DerivedData/NutraSafeBeta-awyabywlaekrybetqgpbjphfxefs/Build/Intermediates.noindex/ExplicitPrecompiledModules/mach-EA45RPJEGYXOVRETM4Q0N53YH.scan

PrecompileModule /Users/aaronkeen/Library/Developer/Xcode/DerivedData/NutraSafeBeta-awyabywlaekrybetqgpbjphfxefs/Build/Intermediates.noindex/ExplicitPrecompiledModules/_errno-ASX2R7CA8N60DO019816VKK8H.scan
    cd /Users/aaronkeen/Documents/My\ Apps/NutraSafe\ Beta/NutraSafeBeta.xcodeproj
    builtin-precompileModule /Users/aaronkeen/Library/Developer/Xcode/DerivedData/NutraSafeBeta-awyabywlaekrybetqgpbjphfxefs/Build/Intermediates.noindex/ExplicitPrecompiledModules/_errno-ASX2R7CA8N60DO019816VKK8H.scan

PrecompileModule /Users/aaronkeen/Library/Developer/Xcode/DerivedData/NutraSafeBeta-awyabywlaekrybetqgpbjphfxefs/Build/Intermediates.noindex/ExplicitPrecompiledModules/_stdint-5Y8MR0R94GPG67QO555BKPNSB.scan
    cd /Users/aaronkeen/Documents/My\ Apps/NutraSafe\ Beta/NutraSafeBeta.xcodeproj
    builtin-precompileModule /Users/aaronkeen/Library/Developer/Xcode/DerivedData/NutraSafeBeta-awyabywlaekrybetqgpbjphfxefs/Build/Intermediates.noindex/ExplicitPrecompiledModules/_stdint-5Y8MR0R94GPG67QO555BKPNSB.scan

PrecompileModule /Users/aaronkeen/Library/Developer/Xcode/DerivedData/NutraSafeBeta-awyabywlaekrybetqgpbjphfxefs/Build/Intermediates.noindex/ExplicitPrecompiledModules/uuid-B78P3RJ7IFMP1NIMM0NA3PUGV.scan
    cd /Users/aaronkeen/Documents/My\ Apps/NutraSafe\ Beta/NutraSafeBeta.xcodeproj
    builtin-precompileModule /Users/aaronkeen/Library/Developer/Xcode/DerivedData/NutraSafeBeta-awyabywlaekrybetqgpbjphfxefs/Build/Intermediates.noindex/ExplicitPrecompiledModules/uuid-B78P3RJ7IFMP1NIMM0NA3PUGV.scan

PrecompileModule /Users/aaronkeen/Library/Developer/Xcode/DerivedData/NutraSafeBeta-awyabywlaekrybetqgpbjphfxefs/Build/Intermediates.noindex/ExplicitPrecompiledModules/_useconds_t-EU3GJ7S92KCL0YIHD385Y9ADT.scan
    cd /Users/aaronkeen/Documents/My\ Apps/NutraSafe\ Beta/NutraSafeBeta.xcodeproj
    builtin-precompileModule /Users/aaronkeen/Library/Developer/Xcode/DerivedData/NutraSafeBeta-awyabywlaekrybetqgpbjphfxefs/Build/Intermediates.noindex/ExplicitPrecompiledModules/_useconds_t-EU3GJ7S92KCL0YIHD385Y9ADT.scan

PrecompileModule /Users/aaronkeen/Library/Developer/Xcode/DerivedData/NutraSafeBeta-awyabywlaekrybetqgpbjphfxefs/Build/Intermediates.noindex/ExplicitPrecompiledModules/runetype-4JPPJIBDL9QKMWSYDKLCQFHBL.scan
    cd /Users/aaronkeen/Documents/My\ Apps/NutraSafe\ Beta/NutraSafeBeta.xcodeproj
    builtin-precompileModule /Users/aaronkeen/Library/Developer/Xcode/DerivedData/NutraSafeBeta-awyabywlaekrybetqgpbjphfxefs/Build/Intermediates.noindex/ExplicitPrecompiledModules/runetype-4JPPJIBDL9QKMWSYDKLCQFHBL.scan

PrecompileModule /Users/aaronkeen/Library/Developer/Xcode/DerivedData/NutraSafeBeta-awyabywlaekrybetqgpbjphfxefs/Build/Intermediates.noindex/ExplicitPrecompiledModules/mach-8T5ZYPBJY3YACP9QZD9VQYTHO.scan
    cd /Users/aaronkeen/Documents/My\ Apps/NutraSafe\ Beta/NutraSafeBeta.xcodeproj
    builtin-precompileModule /Users/aaronkeen/Library/Developer/Xcode/DerivedData/NutraSafeBeta-awyabywlaekrybetqgpbjphfxefs/Build/Intermediates.noindex/ExplicitPrecompiledModules/mach-8T5ZYPBJY3YACP9QZD9VQYTHO.scan

PrecompileModule /Users/aaronkeen/Library/Developer/Xcode/DerivedData/NutraSafeBeta-awyabywlaekrybetqgpbjphfxefs/Build/Intermediates.noindex/ExplicitPrecompiledModules/_stdint-C6OZJN0PI1KTLYDZNU6KLQJRH.scan
    cd /Users/aaronkeen/Documents/My\ Apps/NutraSafe\ Beta/NutraSafeBeta.xcodeproj
    builtin-precompileModule /Users/aaronkeen/Library/Developer/Xcode/DerivedData/NutraSafeBeta-awyabywlaekrybetqgpbjphfxefs/Build/Intermediates.noindex/ExplicitPrecompiledModules/_stdint-C6OZJN0PI1KTLYDZNU6KLQJRH.scan

PrecompileModule /Users/aaronkeen/Library/Developer/Xcode/DerivedData/NutraSafeBeta-awyabywlaekrybetqgpbjphfxefs/Build/Intermediates.noindex/ExplicitPrecompiledModules/_limits-9IMYI5CWBSQWDFHQIX4SCN922.scan
    cd /Users/aaronkeen/Documents/My\ Apps/NutraSafe\ Beta/NutraSafeBeta.xcodeproj
    builtin-precompileModule /Users/aaronkeen/Library/Developer/Xcode/DerivedData/NutraSafeBeta-awyabywlaekrybetqgpbjphfxefs/Build/Intermediates.noindex/ExplicitPrecompiledModules/_limits-9IMYI5CWBSQWDFHQIX4SCN922.scan

PrecompileModule /Users/aaronkeen/Library/Developer/Xcode/DerivedData/NutraSafeBeta-awyabywlaekrybetqgpbjphfxefs/Build/Intermediates.noindex/ExplicitPrecompiledModules/_sys_select-5JAAES9285KV4VRA4OB0LX6OF.scan
    cd /Users/aaronkeen/Documents/My\ Apps/NutraSafe\ Beta/NutraSafeBeta.xcodeproj
    builtin-precompileModule /Users/aaronkeen/Library/Developer/Xcode/DerivedData/NutraSafeBeta-awyabywlaekrybetqgpbjphfxefs/Build/Intermediates.noindex/ExplicitPrecompiledModules/_sys_select-5JAAES9285KV4VRA4OB0LX6OF.scan

PrecompileModule /Users/aaronkeen/Library/Developer/Xcode/DerivedData/NutraSafeBeta-awyabywlaekrybetqgpbjphfxefs/Build/Intermediates.noindex/ExplicitPrecompiledModules/_math-8MX0HFJ0RZ8CDX3X12VTDFU8P.scan
    cd /Users/aaronkeen/Documents/My\ Apps/NutraSafe\ Beta/NutraSafeBeta.xcodeproj
    builtin-precompileModule /Users/aaronkeen/Library/Developer/Xcode/DerivedData/NutraSafeBeta-awyabywlaekrybetqgpbjphfxefs/Build/Intermediates.noindex/ExplicitPrecompiledModules/_math-8MX0HFJ0RZ8CDX3X12VTDFU8P.scan

PrecompileModule /Users/aaronkeen/Library/Developer/Xcode/DerivedData/NutraSafeBeta-awyabywlaekrybetqgpbjphfxefs/Build/Intermediates.noindex/ExplicitPrecompiledModules/_strings-2MZ2ZMRGSPPDMKG1GZBSM8GCT.scan
    cd /Users/aaronkeen/Documents/My\ Apps/NutraSafe\ Beta/NutraSafeBeta.xcodeproj
    builtin-precompileModule /Users/aaronkeen/Library/Developer/Xcode/DerivedData/NutraSafeBeta-awyabywlaekrybetqgpbjphfxefs/Build/Intermediates.noindex/ExplicitPrecompiledModules/_strings-2MZ2ZMRGSPPDMKG1GZBSM8GCT.scan

PrecompileModule /Users/aaronkeen/Library/Developer/Xcode/DerivedData/NutraSafeBeta-awyabywlaekrybetqgpbjphfxefs/Build/Intermediates.noindex/ExplicitPrecompiledModules/uuid-CXJJEYQZEJL6GL9753NAGFAV4.scan
    cd /Users/aaronkeen/Documents/My\ Apps/NutraSafe\ Beta/NutraSafeBeta.xcodeproj
    builtin-precompileModule /Users/aaronkeen/Library/Developer/Xcode/DerivedData/NutraSafeBeta-awyabywlaekrybetqgpbjphfxefs/Build/Intermediates.noindex/ExplicitPrecompiledModules/uuid-CXJJEYQZEJL6GL9753NAGFAV4.scan

PrecompileModule /Users/aaronkeen/Library/Developer/Xcode/DerivedData/NutraSafeBeta-awyabywlaekrybetqgpbjphfxefs/Build/Intermediates.noindex/ExplicitPrecompiledModules/runetype-8P2Y12C6L3JZT3D58QO72VEUJ.scan
    cd /Users/aaronkeen/Documents/My\ Apps/NutraSafe\ Beta/NutraSafeBeta.xcodeproj
    builtin-precompileModule /Users/aaronkeen/Library/Developer/Xcode/DerivedData/NutraSafeBeta-awyabywlaekrybetqgpbjphfxefs/Build/Intermediates.noindex/ExplicitPrecompiledModules/runetype-8P2Y12C6L3JZT3D58QO72VEUJ.scan

PrecompileModule /Users/aaronkeen/Library/Developer/Xcode/DerivedData/NutraSafeBeta-awyabywlaekrybetqgpbjphfxefs/Build/Intermediates.noindex/ExplicitPrecompiledModules/_sys_select-53PAJDU0G49969EQH975WVKIX.scan
    cd /Users/aaronkeen/Documents/My\ Apps/NutraSafe\ Beta/NutraSafeBeta.xcodeproj
    builtin-precompileModule /Users/aaronkeen/Library/Developer/Xcode/DerivedData/NutraSafeBeta-awyabywlaekrybetqgpbjphfxefs/Build/Intermediates.noindex/ExplicitPrecompiledModules/_sys_select-53PAJDU0G49969EQH975WVKIX.scan

PrecompileModule /Users/aaronkeen/Library/Developer/Xcode/DerivedData/NutraSafeBeta-awyabywlaekrybetqgpbjphfxefs/Build/Intermediates.noindex/ExplicitPrecompiledModules/ptrauth-39LZDTOS3QF5IHQPPRLU28CU9.scan
    cd /Users/aaronkeen/Documents/My\ Apps/NutraSafe\ Beta/NutraSafeBeta.xcodeproj
    builtin-precompileModule /Users/aaronkeen/Library/Developer/Xcode/DerivedData/NutraSafeBeta-awyabywlaekrybetqgpbjphfxefs/Build/Intermediates.noindex/ExplicitPrecompiledModules/ptrauth-39LZDTOS3QF5IHQPPRLU28CU9.scan

PrecompileModule /Users/aaronkeen/Library/Developer/Xcode/DerivedData/NutraSafeBeta-awyabywlaekrybetqgpbjphfxefs/Build/Intermediates.noindex/ExplicitPrecompiledModules/xlocale-4G2H702U1ZL2L6GXLEFRD74UI.scan
    cd /Users/aaronkeen/Documents/My\ Apps/NutraSafe\ Beta/NutraSafeBeta.xcodeproj
    builtin-precompileModule /Users/aaronkeen/Library/Developer/Xcode/DerivedData/NutraSafeBeta-awyabywlaekrybetqgpbjphfxefs/Build/Intermediates.noindex/ExplicitPrecompiledModules/xlocale-4G2H702U1ZL2L6GXLEFRD74UI.scan

PrecompileModule /Users/aaronkeen/Library/Developer/Xcode/DerivedData/NutraSafeBeta-awyabywlaekrybetqgpbjphfxefs/Build/Intermediates.noindex/ExplicitPrecompiledModules/_fenv-CL4P36Q400W2XS52TW3WUYWT3.scan
    cd /Users/aaronkeen/Documents/My\ Apps/NutraSafe\ Beta/NutraSafeBeta.xcodeproj
    builtin-precompileModule /Users/aaronkeen/Library/Developer/Xcode/DerivedData/NutraSafeBeta-awyabywlaekrybetqgpbjphfxefs/Build/Intermediates.noindex/ExplicitPrecompiledModules/_fenv-CL4P36Q400W2XS52TW3WUYWT3.scan

PrecompileModule /Users/aaronkeen/Library/Developer/Xcode/DerivedData/NutraSafeBeta-awyabywlaekrybetqgpbjphfxefs/Build/Intermediates.noindex/ExplicitPrecompiledModules/os_availability_internal-380YCL5FEP4974BZ4T42RP4HR.scan
    cd /Users/aaronkeen/Documents/My\ Apps/NutraSafe\ Beta/NutraSafeBeta.xcodeproj
    builtin-precompileModule /Users/aaronkeen/Library/Developer/Xcode/DerivedData/NutraSafeBeta-awyabywlaekrybetqgpbjphfxefs/Build/Intermediates.noindex/ExplicitPrecompiledModules/os_availability_internal-380YCL5FEP4974BZ4T42RP4HR.scan

PrecompileModule /Users/aaronkeen/Library/Developer/Xcode/DerivedData/NutraSafeBeta-awyabywlaekrybetqgpbjphfxefs/Build/Intermediates.noindex/ExplicitPrecompiledModules/_ctype-2KD1VWLFDCZ2KXFITIA7NPHE7.scan
    cd /Users/aaronkeen/Documents/My\ Apps/NutraSafe\ Beta/NutraSafeBeta.xcodeproj
    builtin-precompileModule /Users/aaronkeen/Library/Developer/Xcode/DerivedData/NutraSafeBeta-awyabywlaekrybetqgpbjphfxefs/Build/Intermediates.noindex/ExplicitPrecompiledModules/_ctype-2KD1VWLFDCZ2KXFITIA7NPHE7.scan

PrecompileModule /Users/aaronkeen/Library/Developer/Xcode/DerivedData/NutraSafeBeta-awyabywlaekrybetqgpbjphfxefs/Build/Intermediates.noindex/ExplicitPrecompiledModules/_float-6SE0A5MT5OLMOETW7ZHAX66FL.scan
    cd /Users/aaronkeen/Documents/My\ Apps/NutraSafe\ Beta/NutraSafeBeta.xcodeproj
    builtin-precompileModule /Users/aaronkeen/Library/Developer/Xcode/DerivedData/NutraSafeBeta-awyabywlaekrybetqgpbjphfxefs/Build/Intermediates.noindex/ExplicitPrecompiledModules/_float-6SE0A5MT5OLMOETW7ZHAX66FL.scan

PrecompileModule /Users/aaronkeen/Library/Developer/Xcode/DerivedData/NutraSafeBeta-awyabywlaekrybetqgpbjphfxefs/Build/Intermediates.noindex/ExplicitPrecompiledModules/ptrcheck-BDE9N06MUWP0833U24H29EN0Y.scan
    cd /Users/aaronkeen/Documents/My\ Apps/NutraSafe\ Beta/NutraSafeBeta.xcodeproj
    builtin-precompileModule /Users/aaronkeen/Library/Developer/Xcode/DerivedData/NutraSafeBeta-awyabywlaekrybetqgpbjphfxefs/Build/Intermediates.noindex/ExplicitPrecompiledModules/ptrcheck-BDE9N06MUWP0833U24H29EN0Y.scan

PrecompileModule /Users/aaronkeen/Library/Developer/Xcode/DerivedData/NutraSafeBeta-awyabywlaekrybetqgpbjphfxefs/Build/Intermediates.noindex/ExplicitPrecompiledModules/_Builtin_stddef-4ZI32RE474H74UNG97GXN1I5X.scan
    cd /Users/aaronkeen/Documents/My\ Apps/NutraSafe\ Beta/NutraSafeBeta.xcodeproj
    builtin-precompileModule /Users/aaronkeen/Library/Developer/Xcode/DerivedData/NutraSafeBeta-awyabywlaekrybetqgpbjphfxefs/Build/Intermediates.noindex/ExplicitPrecompiledModules/_Builtin_stddef-4ZI32RE474H74UNG97GXN1I5X.scan

PrecompileModule /Users/aaronkeen/Library/Developer/Xcode/DerivedData/NutraSafeBeta-awyabywlaekrybetqgpbjphfxefs/Build/Intermediates.noindex/ExplicitPrecompiledModules/_Builtin_iso646-XKIMTMQDX4T32DOYJRWR9WGY.scan
    cd /Users/aaronkeen/Documents/My\ Apps/NutraSafe\ Beta/NutraSafeBeta.xcodeproj
    builtin-precompileModule /Users/aaronkeen/Library/Developer/Xcode/DerivedData/NutraSafeBeta-awyabywlaekrybetqgpbjphfxefs/Build/Intermediates.noindex/ExplicitPrecompiledModules/_Builtin_iso646-XKIMTMQDX4T32DOYJRWR9WGY.scan

PrecompileModule /Users/aaronkeen/Library/Developer/Xcode/DerivedData/NutraSafeBeta-awyabywlaekrybetqgpbjphfxefs/Build/Intermediates.noindex/ExplicitPrecompiledModules/_Builtin_limits-DXIOJ15LSHFUPFK7U8FPAG225.scan
    cd /Users/aaronkeen/Documents/My\ Apps/NutraSafe\ Beta/NutraSafeBeta.xcodeproj
    builtin-precompileModule /Users/aaronkeen/Library/Developer/Xcode/DerivedData/NutraSafeBeta-awyabywlaekrybetqgpbjphfxefs/Build/Intermediates.noindex/ExplicitPrecompiledModules/_Builtin_limits-DXIOJ15LSHFUPFK7U8FPAG225.scan

PrecompileModule /Users/aaronkeen/Library/Developer/Xcode/DerivedData/NutraSafeBeta-awyabywlaekrybetqgpbjphfxefs/Build/Intermediates.noindex/ExplicitPrecompiledModules/TargetConditionals-E2XC9HU8826AIPUVAS4QITTJQ.scan
    cd /Users/aaronkeen/Documents/My\ Apps/NutraSafe\ Beta/NutraSafeBeta.xcodeproj
    builtin-precompileModule /Users/aaronkeen/Library/Developer/Xcode/DerivedData/NutraSafeBeta-awyabywlaekrybetqgpbjphfxefs/Build/Intermediates.noindex/ExplicitPrecompiledModules/TargetConditionals-E2XC9HU8826AIPUVAS4QITTJQ.scan

PrecompileModule /Users/aaronkeen/Library/Developer/Xcode/DerivedData/NutraSafeBeta-awyabywlaekrybetqgpbjphfxefs/Build/Intermediates.noindex/ExplicitPrecompiledModules/_strings-15AXFEEQ7RVV9JVZO33T57222.scan
    cd /Users/aaronkeen/Documents/My\ Apps/NutraSafe\ Beta/NutraSafeBeta.xcodeproj
    builtin-precompileModule /Users/aaronkeen/Library/Developer/Xcode/DerivedData/NutraSafeBeta-awyabywlaekrybetqgpbjphfxefs/Build/Intermediates.noindex/ExplicitPrecompiledModules/_strings-15AXFEEQ7RVV9JVZO33T57222.scan

PrecompileModule /Users/aaronkeen/Library/Developer/Xcode/DerivedData/NutraSafeBeta-awyabywlaekrybetqgpbjphfxefs/Build/Intermediates.noindex/ExplicitPrecompiledModules/_Builtin_stdint-71LUW5RCCV7YW70CPH21RBLUU.scan
    cd /Users/aaronkeen/Documents/My\ Apps/NutraSafe\ Beta/NutraSafeBeta.xcodeproj
    builtin-precompileModule /Users/aaronkeen/Library/Developer/Xcode/DerivedData/NutraSafeBeta-awyabywlaekrybetqgpbjphfxefs/Build/Intermediates.noindex/ExplicitPrecompiledModules/_Builtin_stdint-71LUW5RCCV7YW70CPH21RBLUU.scan

PrecompileModule /Users/aaronkeen/Library/Developer/Xcode/DerivedData/NutraSafeBeta-awyabywlaekrybetqgpbjphfxefs/Build/Intermediates.noindex/ExplicitPrecompiledModules/_complex-3Z26OUVBTGT44LJV7N86XA97K.scan
    cd /Users/aaronkeen/Documents/My\ Apps/NutraSafe\ Beta/NutraSafeBeta.xcodeproj
    builtin-precompileModule /Users/aaronkeen/Library/Developer/Xcode/DerivedData/NutraSafeBeta-awyabywlaekrybetqgpbjphfxefs/Build/Intermediates.noindex/ExplicitPrecompiledModules/_complex-3Z26OUVBTGT44LJV7N86XA97K.scan

PrecompileModule /Users/aaronkeen/Library/Developer/Xcode/DerivedData/NutraSafeBeta-awyabywlaekrybetqgpbjphfxefs/Build/Intermediates.noindex/ExplicitPrecompiledModules/_math-61QKNC5H1QUM49H4DFM7HBGXS.scan
    cd /Users/aaronkeen/Documents/My\ Apps/NutraSafe\ Beta/NutraSafeBeta.xcodeproj
    builtin-precompileModule /Users/aaronkeen/Library/Developer/Xcode/DerivedData/NutraSafeBeta-awyabywlaekrybetqgpbjphfxefs/Build/Intermediates.noindex/ExplicitPrecompiledModules/_math-61QKNC5H1QUM49H4DFM7HBGXS.scan

PrecompileModule /Users/aaronkeen/Library/Developer/Xcode/DerivedData/NutraSafeBeta-awyabywlaekrybetqgpbjphfxefs/Build/Intermediates.noindex/ExplicitPrecompiledModules/_setjmp-7L9VUK1FX4TWJP4L7KYUME1WI.scan
    cd /Users/aaronkeen/Documents/My\ Apps/NutraSafe\ Beta/NutraSafeBeta.xcodeproj
    builtin-precompileModule /Users/aaronkeen/Library/Developer/Xcode/DerivedData/NutraSafeBeta-awyabywlaekrybetqgpbjphfxefs/Build/Intermediates.noindex/ExplicitPrecompiledModules/_setjmp-7L9VUK1FX4TWJP4L7KYUME1WI.scan

PrecompileModule /Users/aaronkeen/Library/Developer/Xcode/DerivedData/NutraSafeBeta-awyabywlaekrybetqgpbjphfxefs/Build/Intermediates.noindex/ExplicitPrecompiledModules/_locale-D3B9N7U6HE9EU4Y5XTLJ2N6S3.scan
    cd /Users/aaronkeen/Documents/My\ Apps/NutraSafe\ Beta/NutraSafeBeta.xcodeproj
    builtin-precompileModule /Users/aaronkeen/Library/Developer/Xcode/DerivedData/NutraSafeBeta-awyabywlaekrybetqgpbjphfxefs/Build/Intermediates.noindex/ExplicitPrecompiledModules/_locale-D3B9N7U6HE9EU4Y5XTLJ2N6S3.scan

PrecompileModule /Users/aaronkeen/Library/Developer/Xcode/DerivedData/NutraSafeBeta-awyabywlaekrybetqgpbjphfxefs/Build/Intermediates.noindex/ExplicitPrecompiledModules/alloca-45FDTH2GQOO2AKIPHL182RZI6.scan
    cd /Users/aaronkeen/Documents/My\ Apps/NutraSafe\ Beta/NutraSafeBeta.xcodeproj
    builtin-precompileModule /Users/aaronkeen/Library/Developer/Xcode/DerivedData/NutraSafeBeta-awyabywlaekrybetqgpbjphfxefs/Build/Intermediates.noindex/ExplicitPrecompiledModules/alloca-45FDTH2GQOO2AKIPHL182RZI6.scan

PrecompileModule /Users/aaronkeen/Library/Developer/Xcode/DerivedData/NutraSafeBeta-awyabywlaekrybetqgpbjphfxefs/Build/Intermediates.noindex/ExplicitPrecompiledModules/_useconds_t-9BNJFHQ0VB98LMZ9S45V6VVMS.scan
    cd /Users/aaronkeen/Documents/My\ Apps/NutraSafe\ Beta/NutraSafeBeta.xcodeproj
    builtin-precompileModule /Users/aaronkeen/Library/Developer/Xcode/DerivedData/NutraSafeBeta-awyabywlaekrybetqgpbjphfxefs/Build/Intermediates.noindex/ExplicitPrecompiledModules/_useconds_t-9BNJFHQ0VB98LMZ9S45V6VVMS.scan

PrecompileModule /Users/aaronkeen/Library/Developer/Xcode/DerivedData/NutraSafeBeta-awyabywlaekrybetqgpbjphfxefs/Build/Intermediates.noindex/ExplicitPrecompiledModules/_ctype-623X8ASPPAYVUR2M1H6EHCRAK.scan
    cd /Users/aaronkeen/Documents/My\ Apps/NutraSafe\ Beta/NutraSafeBeta.xcodeproj
    builtin-precompileModule /Users/aaronkeen/Library/Developer/Xcode/DerivedData/NutraSafeBeta-awyabywlaekrybetqgpbjphfxefs/Build/Intermediates.noindex/ExplicitPrecompiledModules/_ctype-623X8ASPPAYVUR2M1H6EHCRAK.scan

PrecompileModule /Users/aaronkeen/Library/Developer/Xcode/DerivedData/NutraSafeBeta-awyabywlaekrybetqgpbjphfxefs/Build/Intermediates.noindex/ExplicitPrecompiledModules/_Builtin_stdint-86CNAJ23YU24ND37QWI9DIEIC.scan
    cd /Users/aaronkeen/Documents/My\ Apps/NutraSafe\ Beta/NutraSafeBeta.xcodeproj
    builtin-precompileModule /Users/aaronkeen/Library/Developer/Xcode/DerivedData/NutraSafeBeta-awyabywlaekrybetqgpbjphfxefs/Build/Intermediates.noindex/ExplicitPrecompiledModules/_Builtin_stdint-86CNAJ23YU24ND37QWI9DIEIC.scan

PrecompileModule /Users/aaronkeen/Library/Developer/Xcode/DerivedData/NutraSafeBeta-awyabywlaekrybetqgpbjphfxefs/Build/Intermediates.noindex/ExplicitPrecompiledModules/sys_time-7IZ9XBH6JWYB3G6UFN9CN281Z.scan
    cd /Users/aaronkeen/Documents/My\ Apps/NutraSafe\ Beta/NutraSafeBeta.xcodeproj
    builtin-precompileModule /Users/aaronkeen/Library/Developer/Xcode/DerivedData/NutraSafeBeta-awyabywlaekrybetqgpbjphfxefs/Build/Intermediates.noindex/ExplicitPrecompiledModules/sys_time-7IZ9XBH6JWYB3G6UFN9CN281Z.scan

PrecompileModule /Users/aaronkeen/Library/Developer/Xcode/DerivedData/NutraSafeBeta-awyabywlaekrybetqgpbjphfxefs/Build/Intermediates.noindex/ExplicitPrecompiledModules/netinet_in-2VDQHCJQ7PQ82C156HNMVL8VR.scan
    cd /Users/aaronkeen/Documents/My\ Apps/NutraSafe\ Beta/NutraSafeBeta.xcodeproj
    builtin-precompileModule /Users/aaronkeen/Library/Developer/Xcode/DerivedData/NutraSafeBeta-awyabywlaekrybetqgpbjphfxefs/Build/Intermediates.noindex/ExplicitPrecompiledModules/netinet_in-2VDQHCJQ7PQ82C156HNMVL8VR.scan

PrecompileModule /Users/aaronkeen/Library/Developer/Xcode/DerivedData/NutraSafeBeta-awyabywlaekrybetqgpbjphfxefs/Build/Intermediates.noindex/ExplicitPrecompiledModules/os_availability-C9422U5PQW105G4TA1J8CES8P.scan
    cd /Users/aaronkeen/Documents/My\ Apps/NutraSafe\ Beta/NutraSafeBeta.xcodeproj
    builtin-precompileModule /Users/aaronkeen/Library/Developer/Xcode/DerivedData/NutraSafeBeta-awyabywlaekrybetqgpbjphfxefs/Build/Intermediates.noindex/ExplicitPrecompiledModules/os_availability-C9422U5PQW105G4TA1J8CES8P.scan

PrecompileModule /Users/aaronkeen/Library/Developer/Xcode/DerivedData/NutraSafeBeta-awyabywlaekrybetqgpbjphfxefs/Build/Intermediates.noindex/ExplicitPrecompiledModules/sys_time-C4NVRQM7AIM63J23MCKCJU16L.scan
    cd /Users/aaronkeen/Documents/My\ Apps/NutraSafe\ Beta/NutraSafeBeta.xcodeproj
    builtin-precompileModule /Users/aaronkeen/Library/Developer/Xcode/DerivedData/NutraSafeBeta-awyabywlaekrybetqgpbjphfxefs/Build/Intermediates.noindex/ExplicitPrecompiledModules/sys_time-C4NVRQM7AIM63J23MCKCJU16L.scan

PrecompileModule /Users/aaronkeen/Library/Developer/Xcode/DerivedData/NutraSafeBeta-awyabywlaekrybetqgpbjphfxefs/Build/Intermediates.noindex/ExplicitPrecompiledModules/_Builtin_stdatomic-31PR462OV99I22M3NW1XF98N0.scan
    cd /Users/aaronkeen/Documents/My\ Apps/NutraSafe\ Beta/NutraSafeBeta.xcodeproj
    builtin-precompileModule /Users/aaronkeen/Library/Developer/Xcode/DerivedData/NutraSafeBeta-awyabywlaekrybetqgpbjphfxefs/Build/Intermediates.noindex/ExplicitPrecompiledModules/_Builtin_stdatomic-31PR462OV99I22M3NW1XF98N0.scan

PrecompileModule /Users/aaronkeen/Library/Developer/Xcode/DerivedData/NutraSafeBeta-awyabywlaekrybetqgpbjphfxefs/Build/Intermediates.noindex/ExplicitPrecompiledModules/_inttypes-E0S4MNHKYRA8BD8AWHVS59AVL.scan
    cd /Users/aaronkeen/Documents/My\ Apps/NutraSafe\ Beta/NutraSafeBeta.xcodeproj
    builtin-precompileModule /Users/aaronkeen/Library/Developer/Xcode/DerivedData/NutraSafeBeta-awyabywlaekrybetqgpbjphfxefs/Build/Intermediates.noindex/ExplicitPrecompiledModules/_inttypes-E0S4MNHKYRA8BD8AWHVS59AVL.scan

PrecompileModule /Users/aaronkeen/Library/Developer/Xcode/DerivedData/NutraSafeBeta-awyabywlaekrybetqgpbjphfxefs/Build/Intermediates.noindex/ExplicitPrecompiledModules/_Builtin_float-3WY8A37MXP8IJRDZMFYV0P2V9.scan
    cd /Users/aaronkeen/Documents/My\ Apps/NutraSafe\ Beta/NutraSafeBeta.xcodeproj
    builtin-precompileModule /Users/aaronkeen/Library/Developer/Xcode/DerivedData/NutraSafeBeta-awyabywlaekrybetqgpbjphfxefs/Build/Intermediates.noindex/ExplicitPrecompiledModules/_Builtin_float-3WY8A37MXP8IJRDZMFYV0P2V9.scan

PrecompileModule /Users/aaronkeen/Library/Developer/Xcode/DerivedData/NutraSafeBeta-awyabywlaekrybetqgpbjphfxefs/Build/Intermediates.noindex/ExplicitPrecompiledModules/_tgmath-1BYN7CFXUXSZXCTMHDSPSQU8F.scan
    cd /Users/aaronkeen/Documents/My\ Apps/NutraSafe\ Beta/NutraSafeBeta.xcodeproj
    builtin-precompileModule /Users/aaronkeen/Library/Developer/Xcode/DerivedData/NutraSafeBeta-awyabywlaekrybetqgpbjphfxefs/Build/Intermediates.noindex/ExplicitPrecompiledModules/_tgmath-1BYN7CFXUXSZXCTMHDSPSQU8F.scan

PrecompileModule /Users/aaronkeen/Library/Developer/Xcode/DerivedData/NutraSafeBeta-awyabywlaekrybetqgpbjphfxefs/Build/Intermediates.noindex/ExplicitPrecompiledModules/_stdint-CVXBOQ3NSCXD019E82WP3N8TI.scan
    cd /Users/aaronkeen/Documents/My\ Apps/NutraSafe\ Beta/NutraSafeBeta.xcodeproj
    builtin-precompileModule /Users/aaronkeen/Library/Developer/Xcode/DerivedData/NutraSafeBeta-awyabywlaekrybetqgpbjphfxefs/Build/Intermediates.noindex/ExplicitPrecompiledModules/_stdint-CVXBOQ3NSCXD019E82WP3N8TI.scan

PrecompileModule /Users/aaronkeen/Library/Developer/Xcode/DerivedData/NutraSafeBeta-awyabywlaekrybetqgpbjphfxefs/Build/Intermediates.noindex/ExplicitPrecompiledModules/sys_types-1FOIPE8RGX82MEIQPR5BP02JA.scan
    cd /Users/aaronkeen/Documents/My\ Apps/NutraSafe\ Beta/NutraSafeBeta.xcodeproj
    builtin-precompileModule /Users/aaronkeen/Library/Developer/Xcode/DerivedData/NutraSafeBeta-awyabywlaekrybetqgpbjphfxefs/Build/Intermediates.noindex/ExplicitPrecompiledModules/sys_types-1FOIPE8RGX82MEIQPR5BP02JA.scan

PrecompileModule /Users/aaronkeen/Library/Developer/Xcode/DerivedData/NutraSafeBeta-awyabywlaekrybetqgpbjphfxefs/Build/Intermediates.noindex/ExplicitPrecompiledModules/_limits-57EVSH1QI324S0IKCSTVZ5MAA.scan
    cd /Users/aaronkeen/Documents/My\ Apps/NutraSafe\ Beta/NutraSafeBeta.xcodeproj
    builtin-precompileModule /Users/aaronkeen/Library/Developer/Xcode/DerivedData/NutraSafeBeta-awyabywlaekrybetqgpbjphfxefs/Build/Intermediates.noindex/ExplicitPrecompiledModules/_limits-57EVSH1QI324S0IKCSTVZ5MAA.scan

PrecompileModule /Users/aaronkeen/Library/Developer/Xcode/DerivedData/NutraSafeBeta-awyabywlaekrybetqgpbjphfxefs/Build/Intermediates.noindex/ExplicitPrecompiledModules/xlocale-6WR8WCL7Y0VFJRIUPCGBZCDSQ.scan
    cd /Users/aaronkeen/Documents/My\ Apps/NutraSafe\ Beta/NutraSafeBeta.xcodeproj
    builtin-precompileModule /Users/aaronkeen/Library/Developer/Xcode/DerivedData/NutraSafeBeta-awyabywlaekrybetqgpbjphfxefs/Build/Intermediates.noindex/ExplicitPrecompiledModules/xlocale-6WR8WCL7Y0VFJRIUPCGBZCDSQ.scan

PrecompileModule /Users/aaronkeen/Library/Developer/Xcode/DerivedData/NutraSafeBeta-awyabywlaekrybetqgpbjphfxefs/Build/Intermediates.noindex/ExplicitPrecompiledModules/__wctype-3IJMZBR001OSNLIO282UZ36NX.scan
    cd /Users/aaronkeen/Documents/My\ Apps/NutraSafe\ Beta/NutraSafeBeta.xcodeproj
    builtin-precompileModule /Users/aaronkeen/Library/Developer/Xcode/DerivedData/NutraSafeBeta-awyabywlaekrybetqgpbjphfxefs/Build/Intermediates.noindex/ExplicitPrecompiledModules/__wctype-3IJMZBR001OSNLIO282UZ36NX.scan

PrecompileModule /Users/aaronkeen/Library/Developer/Xcode/DerivedData/NutraSafeBeta-awyabywlaekrybetqgpbjphfxefs/Build/Intermediates.noindex/ExplicitPrecompiledModules/_assert-4X5LIQ9G6VAQNKS9T8LZDY9M2.scan
    cd /Users/aaronkeen/Documents/My\ Apps/NutraSafe\ Beta/NutraSafeBeta.xcodeproj
    builtin-precompileModule /Users/aaronkeen/Library/Developer/Xcode/DerivedData/NutraSafeBeta-awyabywlaekrybetqgpbjphfxefs/Build/Intermediates.noindex/ExplicitPrecompiledModules/_assert-4X5LIQ9G6VAQNKS9T8LZDY9M2.scan

PrecompileModule /Users/aaronkeen/Library/Developer/Xcode/DerivedData/NutraSafeBeta-awyabywlaekrybetqgpbjphfxefs/Build/Intermediates.noindex/ExplicitPrecompiledModules/AvailabilityMacros-40FGT5NS6H9Z29HPEVPH2BSLR.scan
    cd /Users/aaronkeen/Documents/My\ Apps/NutraSafe\ Beta/NutraSafeBeta.xcodeproj
    builtin-precompileModule /Users/aaronkeen/Library/Developer/Xcode/DerivedData/NutraSafeBeta-awyabywlaekrybetqgpbjphfxefs/Build/Intermediates.noindex/ExplicitPrecompiledModules/AvailabilityMacros-40FGT5NS6H9Z29HPEVPH2BSLR.scan

PrecompileModule /Users/aaronkeen/Library/Developer/Xcode/DerivedData/NutraSafeBeta-awyabywlaekrybetqgpbjphfxefs/Build/Intermediates.noindex/ExplicitPrecompiledModules/_inttypes-692YYXOV50MQT2D0KVVUM7M8E.scan
    cd /Users/aaronkeen/Documents/My\ Apps/NutraSafe\ Beta/NutraSafeBeta.xcodeproj
    builtin-precompileModule /Users/aaronkeen/Library/Developer/Xcode/DerivedData/NutraSafeBeta-awyabywlaekrybetqgpbjphfxefs/Build/Intermediates.noindex/ExplicitPrecompiledModules/_inttypes-692YYXOV50MQT2D0KVVUM7M8E.scan

PrecompileModule /Users/aaronkeen/Library/Developer/Xcode/DerivedData/NutraSafeBeta-awyabywlaekrybetqgpbjphfxefs/Build/Intermediates.noindex/ExplicitPrecompiledModules/_Builtin_stdatomic-6D5W213WAXOQCPTTVBCTDMMLP.scan
    cd /Users/aaronkeen/Documents/My\ Apps/NutraSafe\ Beta/NutraSafeBeta.xcodeproj
    builtin-precompileModule /Users/aaronkeen/Library/Developer/Xcode/DerivedData/NutraSafeBeta-awyabywlaekrybetqgpbjphfxefs/Build/Intermediates.noindex/ExplicitPrecompiledModules/_Builtin_stdatomic-6D5W213WAXOQCPTTVBCTDMMLP.scan

PrecompileModule /Users/aaronkeen/Library/Developer/Xcode/DerivedData/NutraSafeBeta-awyabywlaekrybetqgpbjphfxefs/Build/Intermediates.noindex/ExplicitPrecompiledModules/_errno-BCYZ2XRLVRGRJE54QNS32UFAE.scan
    cd /Users/aaronkeen/Documents/My\ Apps/NutraSafe\ Beta/NutraSafeBeta.xcodeproj
    builtin-precompileModule /Users/aaronkeen/Library/Developer/Xcode/DerivedData/NutraSafeBeta-awyabywlaekrybetqgpbjphfxefs/Build/Intermediates.noindex/ExplicitPrecompiledModules/_errno-BCYZ2XRLVRGRJE54QNS32UFAE.scan

PrecompileModule /Users/aaronkeen/Library/Developer/Xcode/DerivedData/NutraSafeBeta-awyabywlaekrybetqgpbjphfxefs/Build/Intermediates.noindex/ExplicitPrecompiledModules/_complex-4XO0MCLPMMJ5O6FI0GRZ3BZ5C.scan
    cd /Users/aaronkeen/Documents/My\ Apps/NutraSafe\ Beta/NutraSafeBeta.xcodeproj
    builtin-precompileModule /Users/aaronkeen/Library/Developer/Xcode/DerivedData/NutraSafeBeta-awyabywlaekrybetqgpbjphfxefs/Build/Intermediates.noindex/ExplicitPrecompiledModules/_complex-4XO0MCLPMMJ5O6FI0GRZ3BZ5C.scan

PrecompileModule /Users/aaronkeen/Library/Developer/Xcode/DerivedData/NutraSafeBeta-awyabywlaekrybetqgpbjphfxefs/Build/Intermediates.noindex/ExplicitPrecompiledModules/_Builtin_stdbool-7WIUZK1M8I6BHF7HHPU0KEODM.scan
    cd /Users/aaronkeen/Documents/My\ Apps/NutraSafe\ Beta/NutraSafeBeta.xcodeproj
    builtin-precompileModule /Users/aaronkeen/Library/Developer/Xcode/DerivedData/NutraSafeBeta-awyabywlaekrybetqgpbjphfxefs/Build/Intermediates.noindex/ExplicitPrecompiledModules/_Builtin_stdbool-7WIUZK1M8I6BHF7HHPU0KEODM.scan

PrecompileModule /Users/aaronkeen/Library/Developer/Xcode/DerivedData/NutraSafeBeta-awyabywlaekrybetqgpbjphfxefs/Build/Intermediates.noindex/ExplicitPrecompiledModules/_Builtin_inttypes-4VCIBG2YXGMFW56WHX6KO6SRA.scan
    cd /Users/aaronkeen/Documents/My\ Apps/NutraSafe\ Beta/NutraSafeBeta.xcodeproj
    builtin-precompileModule /Users/aaronkeen/Library/Developer/Xcode/DerivedData/NutraSafeBeta-awyabywlaekrybetqgpbjphfxefs/Build/Intermediates.noindex/ExplicitPrecompiledModules/_Builtin_inttypes-4VCIBG2YXGMFW56WHX6KO6SRA.scan

PrecompileModule /Users/aaronkeen/Library/Developer/Xcode/DerivedData/NutraSafeBeta-awyabywlaekrybetqgpbjphfxefs/Build/Intermediates.noindex/ExplicitPrecompiledModules/os_availability-2QXLF8UTQBKCGVMGH9WU52DF4.scan
    cd /Users/aaronkeen/Documents/My\ Apps/NutraSafe\ Beta/NutraSafeBeta.xcodeproj
    builtin-precompileModule /Users/aaronkeen/Library/Developer/Xcode/DerivedData/NutraSafeBeta-awyabywlaekrybetqgpbjphfxefs/Build/Intermediates.noindex/ExplicitPrecompiledModules/os_availability-2QXLF8UTQBKCGVMGH9WU52DF4.scan

PrecompileModule /Users/aaronkeen/Library/Developer/Xcode/DerivedData/NutraSafeBeta-awyabywlaekrybetqgpbjphfxefs/Build/Intermediates.noindex/ExplicitPrecompiledModules/_Builtin_stdint-357OJI0ZITB4XU8ZAG0W6LL5A.scan
    cd /Users/aaronkeen/Documents/My\ Apps/NutraSafe\ Beta/NutraSafeBeta.xcodeproj
    builtin-precompileModule /Users/aaronkeen/Library/Developer/Xcode/DerivedData/NutraSafeBeta-awyabywlaekrybetqgpbjphfxefs/Build/Intermediates.noindex/ExplicitPrecompiledModules/_Builtin_stdint-357OJI0ZITB4XU8ZAG0W6LL5A.scan

PrecompileModule /Users/aaronkeen/Library/Developer/Xcode/DerivedData/NutraSafeBeta-awyabywlaekrybetqgpbjphfxefs/Build/Intermediates.noindex/ExplicitPrecompiledModules/_Builtin_limits-334Z26AMGFEQSZEQUJFGR3JPY.scan
    cd /Users/aaronkeen/Documents/My\ Apps/NutraSafe\ Beta/NutraSafeBeta.xcodeproj
    builtin-precompileModule /Users/aaronkeen/Library/Developer/Xcode/DerivedData/NutraSafeBeta-awyabywlaekrybetqgpbjphfxefs/Build/Intermediates.noindex/ExplicitPrecompiledModules/_Builtin_limits-334Z26AMGFEQSZEQUJFGR3JPY.scan

PrecompileModule /Users/aaronkeen/Library/Developer/Xcode/DerivedData/NutraSafeBeta-awyabywlaekrybetqgpbjphfxefs/Build/Intermediates.noindex/ExplicitPrecompiledModules/_wctype-4ZK1FG9LB3ENQ83IOPCNORIQB.scan
    cd /Users/aaronkeen/Documents/My\ Apps/NutraSafe\ Beta/NutraSafeBeta.xcodeproj
    builtin-precompileModule /Users/aaronkeen/Library/Developer/Xcode/DerivedData/NutraSafeBeta-awyabywlaekrybetqgpbjphfxefs/Build/Intermediates.noindex/ExplicitPrecompiledModules/_wctype-4ZK1FG9LB3ENQ83IOPCNORIQB.scan

PrecompileModule /Users/aaronkeen/Library/Developer/Xcode/DerivedData/NutraSafeBeta-awyabywlaekrybetqgpbjphfxefs/Build/Intermediates.noindex/ExplicitPrecompiledModules/_sys_select-25D7GZYJ20FLYMGU65PIW0501.scan
    cd /Users/aaronkeen/Documents/My\ Apps/NutraSafe\ Beta/NutraSafeBeta.xcodeproj
    builtin-precompileModule /Users/aaronkeen/Library/Developer/Xcode/DerivedData/NutraSafeBeta-awyabywlaekrybetqgpbjphfxefs/Build/Intermediates.noindex/ExplicitPrecompiledModules/_sys_select-25D7GZYJ20FLYMGU65PIW0501.scan

PrecompileModule /Users/aaronkeen/Library/Developer/Xcode/DerivedData/NutraSafeBeta-awyabywlaekrybetqgpbjphfxefs/Build/Intermediates.noindex/ExplicitPrecompiledModules/_Builtin_stdarg-6X4AIJ696Q1CFNDRFN9AHL86V.scan
    cd /Users/aaronkeen/Documents/My\ Apps/NutraSafe\ Beta/NutraSafeBeta.xcodeproj
    builtin-precompileModule /Users/aaronkeen/Library/Developer/Xcode/DerivedData/NutraSafeBeta-awyabywlaekrybetqgpbjphfxefs/Build/Intermediates.noindex/ExplicitPrecompiledModules/_Builtin_stdarg-6X4AIJ696Q1CFNDRFN9AHL86V.scan

PrecompileModule /Users/aaronkeen/Library/Developer/Xcode/DerivedData/NutraSafeBeta-awyabywlaekrybetqgpbjphfxefs/Build/Intermediates.noindex/ExplicitPrecompiledModules/_Builtin_tgmath-7OUC4WYQXC0PRENGI942F02OR.scan
    cd /Users/aaronkeen/Documents/My\ Apps/NutraSafe\ Beta/NutraSafeBeta.xcodeproj
    builtin-precompileModule /Users/aaronkeen/Library/Developer/Xcode/DerivedData/NutraSafeBeta-awyabywlaekrybetqgpbjphfxefs/Build/Intermediates.noindex/ExplicitPrecompiledModules/_Builtin_tgmath-7OUC4WYQXC0PRENGI942F02OR.scan

PrecompileModule /Users/aaronkeen/Library/Developer/Xcode/DerivedData/NutraSafeBeta-awyabywlaekrybetqgpbjphfxefs/Build/Intermediates.noindex/ExplicitPrecompiledModules/_signal-E5GODK39TQCGAZBG6A7XVG95U.scan
    cd /Users/aaronkeen/Documents/My\ Apps/NutraSafe\ Beta/NutraSafeBeta.xcodeproj
    builtin-precompileModule /Users/aaronkeen/Library/Developer/Xcode/DerivedData/NutraSafeBeta-awyabywlaekrybetqgpbjphfxefs/Build/Intermediates.noindex/ExplicitPrecompiledModules/_signal-E5GODK39TQCGAZBG6A7XVG95U.scan

PrecompileModule /Users/aaronkeen/Library/Developer/Xcode/DerivedData/NutraSafeBeta-awyabywlaekrybetqgpbjphfxefs/Build/Intermediates.noindex/ExplicitPrecompiledModules/_string-DIWWE0839E2F3KFT56VST73NR.scan
    cd /Users/aaronkeen/Documents/My\ Apps/NutraSafe\ Beta/NutraSafeBeta.xcodeproj
    builtin-precompileModule /Users/aaronkeen/Library/Developer/Xcode/DerivedData/NutraSafeBeta-awyabywlaekrybetqgpbjphfxefs/Build/Intermediates.noindex/ExplicitPrecompiledModules/_string-DIWWE0839E2F3KFT56VST73NR.scan

PrecompileModule /Users/aaronkeen/Library/Developer/Xcode/DerivedData/NutraSafeBeta-awyabywlaekrybetqgpbjphfxefs/Build/Intermediates.noindex/ExplicitPrecompiledModules/sys_types-BPV6XABJRDHSD9A5TXNBGJKL0.scan
    cd /Users/aaronkeen/Documents/My\ Apps/NutraSafe\ Beta/NutraSafeBeta.xcodeproj
    builtin-precompileModule /Users/aaronkeen/Library/Developer/Xcode/DerivedData/NutraSafeBeta-awyabywlaekrybetqgpbjphfxefs/Build/Intermediates.noindex/ExplicitPrecompiledModules/sys_types-BPV6XABJRDHSD9A5TXNBGJKL0.scan

PrecompileModule /Users/aaronkeen/Library/Developer/Xcode/DerivedData/NutraSafeBeta-awyabywlaekrybetqgpbjphfxefs/Build/Intermediates.noindex/ExplicitPrecompiledModules/_Builtin_float-15SF6363CDGS42S0QNFDQLF27.scan
    cd /Users/aaronkeen/Documents/My\ Apps/NutraSafe\ Beta/NutraSafeBeta.xcodeproj
    builtin-precompileModule /Users/aaronkeen/Library/Developer/Xcode/DerivedData/NutraSafeBeta-awyabywlaekrybetqgpbjphfxefs/Build/Intermediates.noindex/ExplicitPrecompiledModules/_Builtin_float-15SF6363CDGS42S0QNFDQLF27.scan

PrecompileModule /Users/aaronkeen/Library/Developer/Xcode/DerivedData/NutraSafeBeta-awyabywlaekrybetqgpbjphfxefs/Build/Intermediates.noindex/ExplicitPrecompiledModules/_Builtin_inttypes-A6BMI84LSC9HVW6OCHBAOPLBE.scan
    cd /Users/aaronkeen/Documents/My\ Apps/NutraSafe\ Beta/NutraSafeBeta.xcodeproj
    builtin-precompileModule /Users/aaronkeen/Library/Developer/Xcode/DerivedData/NutraSafeBeta-awyabywlaekrybetqgpbjphfxefs/Build/Intermediates.noindex/ExplicitPrecompiledModules/_Builtin_inttypes-A6BMI84LSC9HVW6OCHBAOPLBE.scan

PrecompileModule /Users/aaronkeen/Library/Developer/Xcode/DerivedData/NutraSafeBeta-awyabywlaekrybetqgpbjphfxefs/Build/Intermediates.noindex/ExplicitPrecompiledModules/runetype-2GDO12B2BPFZADXWFUXXPN303.scan
    cd /Users/aaronkeen/Documents/My\ Apps/NutraSafe\ Beta/NutraSafeBeta.xcodeproj
    builtin-precompileModule /Users/aaronkeen/Library/Developer/Xcode/DerivedData/NutraSafeBeta-awyabywlaekrybetqgpbjphfxefs/Build/Intermediates.noindex/ExplicitPrecompiledModules/runetype-2GDO12B2BPFZADXWFUXXPN303.scan

PrecompileModule /Users/aaronkeen/Library/Developer/Xcode/DerivedData/NutraSafeBeta-awyabywlaekrybetqgpbjphfxefs/Build/Intermediates.noindex/ExplicitPrecompiledModules/__wctype-9PT4MXMCA0CRD55B5POM3RFNV.scan
    cd /Users/aaronkeen/Documents/My\ Apps/NutraSafe\ Beta/NutraSafeBeta.xcodeproj
    builtin-precompileModule /Users/aaronkeen/Library/Developer/Xcode/DerivedData/NutraSafeBeta-awyabywlaekrybetqgpbjphfxefs/Build/Intermediates.noindex/ExplicitPrecompiledModules/__wctype-9PT4MXMCA0CRD55B5POM3RFNV.scan

PrecompileModule /Users/aaronkeen/Library/Developer/Xcode/DerivedData/NutraSafeBeta-awyabywlaekrybetqgpbjphfxefs/Build/Intermediates.noindex/ExplicitPrecompiledModules/_strings-AJP4C1O07X2LDCTMI1OOKF0DG.scan
    cd /Users/aaronkeen/Documents/My\ Apps/NutraSafe\ Beta/NutraSafeBeta.xcodeproj
    builtin-precompileModule /Users/aaronkeen/Library/Developer/Xcode/DerivedData/NutraSafeBeta-awyabywlaekrybetqgpbjphfxefs/Build/Intermediates.noindex/ExplicitPrecompiledModules/_strings-AJP4C1O07X2LDCTMI1OOKF0DG.scan

PrecompileModule /Users/aaronkeen/Library/Developer/Xcode/DerivedData/NutraSafeBeta-awyabywlaekrybetqgpbjphfxefs/Build/Intermediates.noindex/ExplicitPrecompiledModules/DarwinFoundation-BW4DWI6X8BF482MDPKBI3Q0LW.scan
    cd /Users/aaronkeen/Documents/My\ Apps/NutraSafe\ Beta/NutraSafeBeta.xcodeproj
    builtin-precompileModule /Users/aaronkeen/Library/Developer/Xcode/DerivedData/NutraSafeBeta-awyabywlaekrybetqgpbjphfxefs/Build/Intermediates.noindex/ExplicitPrecompiledModules/DarwinFoundation-BW4DWI6X8BF482MDPKBI3Q0LW.scan

PrecompileModule /Users/aaronkeen/Library/Developer/Xcode/DerivedData/NutraSafeBeta-awyabywlaekrybetqgpbjphfxefs/Build/Intermediates.noindex/ExplicitPrecompiledModules/AvailabilityMacros-ECFN3UF4FN0RVDB0GVUF7GG1D.scan
    cd /Users/aaronkeen/Documents/My\ Apps/NutraSafe\ Beta/NutraSafeBeta.xcodeproj
    builtin-precompileModule /Users/aaronkeen/Library/Developer/Xcode/DerivedData/NutraSafeBeta-awyabywlaekrybetqgpbjphfxefs/Build/Intermediates.noindex/ExplicitPrecompiledModules/AvailabilityMacros-ECFN3UF4FN0RVDB0GVUF7GG1D.scan

PrecompileModule /Users/aaronkeen/Library/Developer/Xcode/DerivedData/NutraSafeBeta-awyabywlaekrybetqgpbjphfxefs/Build/Intermediates.noindex/ExplicitPrecompiledModules/sys_resource-6QQK7A5BPWPQCFVMM4HVHN6RT.scan
    cd /Users/aaronkeen/Documents/My\ Apps/NutraSafe\ Beta/NutraSafeBeta.xcodeproj
    builtin-precompileModule /Users/aaronkeen/Library/Developer/Xcode/DerivedData/NutraSafeBeta-awyabywlaekrybetqgpbjphfxefs/Build/Intermediates.noindex/ExplicitPrecompiledModules/sys_resource-6QQK7A5BPWPQCFVMM4HVHN6RT.scan

PrecompileModule /Users/aaronkeen/Library/Developer/Xcode/DerivedData/NutraSafeBeta-awyabywlaekrybetqgpbjphfxefs/Build/Intermediates.noindex/ExplicitPrecompiledModules/sys_types-6IMD4H1OJKCFXGWW012UT8CVO.scan
    cd /Users/aaronkeen/Documents/My\ Apps/NutraSafe\ Beta/NutraSafeBeta.xcodeproj
    builtin-precompileModule /Users/aaronkeen/Library/Developer/Xcode/DerivedData/NutraSafeBeta-awyabywlaekrybetqgpbjphfxefs/Build/Intermediates.noindex/ExplicitPrecompiledModules/sys_types-6IMD4H1OJKCFXGWW012UT8CVO.scan

PrecompileModule /Users/aaronkeen/Library/Developer/Xcode/DerivedData/NutraSafeBeta-awyabywlaekrybetqgpbjphfxefs/Build/Intermediates.noindex/ExplicitPrecompiledModules/_tgmath-8CCB8ML9G74KF8O2O9RUK7BUM.scan
    cd /Users/aaronkeen/Documents/My\ Apps/NutraSafe\ Beta/NutraSafeBeta.xcodeproj
    builtin-precompileModule /Users/aaronkeen/Library/Developer/Xcode/DerivedData/NutraSafeBeta-awyabywlaekrybetqgpbjphfxefs/Build/Intermediates.noindex/ExplicitPrecompiledModules/_tgmath-8CCB8ML9G74KF8O2O9RUK7BUM.scan

PrecompileModule /Users/aaronkeen/Library/Developer/Xcode/DerivedData/NutraSafeBeta-awyabywlaekrybetqgpbjphfxefs/Build/Intermediates.noindex/ExplicitPrecompiledModules/DarwinFoundation-B9MPQPW3XHMW8COTBQJI0NICL.scan
    cd /Users/aaronkeen/Documents/My\ Apps/NutraSafe\ Beta/NutraSafeBeta.xcodeproj
    builtin-precompileModule /Users/aaronkeen/Library/Developer/Xcode/DerivedData/NutraSafeBeta-awyabywlaekrybetqgpbjphfxefs/Build/Intermediates.noindex/ExplicitPrecompiledModules/DarwinFoundation-B9MPQPW3XHMW8COTBQJI0NICL.scan

SwiftCompile normal arm64 Compiling\ FirebaseDataEncoder.swift /Users/aaronkeen/Library/Developer/Xcode/DerivedData/NutraSafeBeta-awyabywlaekrybetqgpbjphfxefs/SourcePackages/checkouts/firebase-ios-sdk/FirebaseSharedSwift/Sources/third_party/FirebaseDataEncoder/FirebaseDataEncoder.swift (in target 'FirebaseSharedSwift' from project 'Firebase')
SwiftCompile normal arm64 /Users/aaronkeen/Library/Developer/Xcode/DerivedData/NutraSafeBeta-awyabywlaekrybetqgpbjphfxefs/SourcePackages/checkouts/firebase-ios-sdk/FirebaseSharedSwift/Sources/third_party/FirebaseDataEncoder/FirebaseDataEncoder.swift (in target 'FirebaseSharedSwift' from project 'Firebase')
    cd /Users/aaronkeen/Documents/My\ Apps/NutraSafe\ Beta/NutraSafeBeta.xcodeproj
    

SwiftCompile normal arm64 Compiling\ FirebaseRemoteConfigValueDecoding.swift /Users/aaronkeen/Library/Developer/Xcode/DerivedData/NutraSafeBeta-awyabywlaekrybetqgpbjphfxefs/SourcePackages/checkouts/firebase-ios-sdk/FirebaseSharedSwift/Sources/FirebaseRemoteConfigValueDecoding.swift (in target 'FirebaseSharedSwift' from project 'Firebase')

SwiftCompile normal arm64 /Users/aaronkeen/Library/Developer/Xcode/DerivedData/NutraSafeBeta-awyabywlaekrybetqgpbjphfxefs/SourcePackages/checkouts/firebase-ios-sdk/FirebaseSharedSwift/Sources/FirebaseRemoteConfigValueDecoding.swift (in target 'FirebaseSharedSwift' from project 'Firebase')
    cd /Users/aaronkeen/Documents/My\ Apps/NutraSafe\ Beta/NutraSafeBeta.xcodeproj
    

ScanDependencies /Users/aaronkeen/Library/Developer/Xcode/DerivedData/NutraSafeBeta-awyabywlaekrybetqgpbjphfxefs/Build/Intermediates.noindex/Firebase.build/Debug-iphonesimulator/FirebaseCoreExtension.build/Objects-normal/arm64/resource_bundle_accessor.o /Users/aaronkeen/Library/Developer/Xcode/DerivedData/NutraSafeBeta-awyabywlaekrybetqgpbjphfxefs/Build/Intermediates.noindex/Firebase.build/Debug-iphonesimulator/FirebaseCoreExtension.build/DerivedSources/resource_bundle_accessor.m normal arm64 objective-c com.apple.compilers.llvm.clang.1_0.compiler (in target 'FirebaseCoreExtension' from project 'Firebase')
    cd /Users/aaronkeen/Documents/My\ Apps/NutraSafe\ Beta/NutraSafeBeta.xcodeproj
    
    Using response file: /Users/aaronkeen/Library/Developer/Xcode/DerivedData/NutraSafeBeta-awyabywlaekrybetqgpbjphfxefs/Build/Intermediates.noindex/Firebase.build/Debug-iphonesimulator/FirebaseCoreExtension.build/Objects-normal/arm64/e6072d4f65d7061329687fe24e3d63a7-common-args.resp
    
    builtin-ScanDependencies -o /Users/aaronkeen/Library/Developer/Xcode/DerivedData/NutraSafeBeta-awyabywlaekrybetqgpbjphfxefs/Build/Intermediates.noindex/Firebase.build/Debug-iphonesimulator/FirebaseCoreExtension.build/Objects-normal/arm64/resource_bundle_accessor.o.scan -- /Applications/Xcode.app/Contents/Developer/Toolchains/XcodeDefault.xctoolchain/usr/bin/clang -x objective-c -ivfsstatcache /Users/aaronkeen/Library/Developer/Xcode/DerivedData/SDKStatCaches.noindex/iphonesimulator18.5-22F76-d5fc8ad4295d2ef488fb7d0f804ce0c4.sdkstatcache -fmessage-length\=0 -fdiagnostics-show-note-include-stack -fmacro-backtrace-limit\=0 -fno-color-diagnostics -fmodules-prune-interval\=86400 -fmodules-prune-after\=345600 -fbuild-session-file\=/Users/aaronkeen/Library/Developer/Xcode/DerivedData/ModuleCache.noindex/Session.modulevalidation -fmodules-validate-once-per-build-session -Wnon-modular-include-in-framework-module -Werror\=non-modular-include-in-framework-module -Wno-trigraphs -Wno-missing-field-initializers -Wno-missing-prototypes -Wno-return-type -Wno-implicit-atomic-properties -Wno-objc-interface-ivars -Wno-arc-repeated-use-of-weak -Wno-missing-braces -Wparentheses -Wswitch -Wno-unused-function -Wno-unused-label -Wno-unused-parameter -Wno-unused-variable -Wunused-value -Wno-empty-body -Wno-uninitialized -Wno-unknown-pragmas -w -Wno-shadow -Wno-four-char-constants -Wno-conversion -Wno-constant-conversion -Wno-int-conversion -Wno-bool-conversion -Wno-enum-conversion -Wno-float-conversion -Wno-non-literal-null-conversion -Wno-objc-literal-conversion -Wshorten-64-to-32 -Wpointer-sign -Wno-newline-eof -Wno-selector -Wno-strict-selector-match -Wno-undeclared-selector -Wno-deprecated-implementations -Wno-implicit-fallthrough -fstrict-aliasing -Wprotocol -Wdeprecated-declarations -Wno-sign-conversion -Wno-infinite-recursion -Wno-comma -Wno-block-capture-autoreleasing -Wno-strict-prototypes -Wno-semicolon-before-method-body -index-store-path /Users/aaronkeen/Library/Developer/Xcode/DerivedData/NutraSafeBeta-awyabywlaekrybetqgpbjphfxefs/Index.noindex/DataStore @/Users/aaronkeen/Library/Developer/Xcode/DerivedData/NutraSafeBeta-awyabywlaekrybetqgpbjphfxefs/Build/Intermediates.noindex/Firebase.build/Debug-iphonesimulator/FirebaseCoreExtension.build/Objects-normal/arm64/e6072d4f65d7061329687fe24e3d63a7-common-args.resp -include /Users/aaronkeen/Library/Developer/Xcode/DerivedData/NutraSafeBeta-awyabywlaekrybetqgpbjphfxefs/Build/Intermediates.noindex/Firebase.build/Debug-iphonesimulator/FirebaseCoreExtension.build/DerivedSources/resource_bundle_accessor.h -MMD -MT dependencies -MF /Users/aaronkeen/Library/Developer/Xcode/DerivedData/NutraSafeBeta-awyabywlaekrybetqgpbjphfxefs/Build/Intermediates.noindex/Firebase.build/Debug-iphonesimulator/FirebaseCoreExtension.build/Objects-normal/arm64/resource_bundle_accessor.d --serialize-diagnostics /Users/aaronkeen/Library/Developer/Xcode/DerivedData/NutraSafeBeta-awyabywlaekrybetqgpbjphfxefs/Build/Intermediates.noindex/Firebase.build/Debug-iphonesimulator/FirebaseCoreExtension.build/Objects-normal/arm64/resource_bundle_accessor.dia -c /Users/aaronkeen/Library/Developer/Xcode/DerivedData/NutraSafeBeta-awyabywlaekrybetqgpbjphfxefs/Build/Intermediates.noindex/Firebase.build/Debug-iphonesimulator/FirebaseCoreExtension.build/DerivedSources/resource_bundle_accessor.m -o /Users/aaronkeen/Library/Developer/Xcode/DerivedData/NutraSafeBeta-awyabywlaekrybetqgpbjphfxefs/Build/Intermediates.noindex/Firebase.build/Debug-iphonesimulator/FirebaseCoreExtension.build/Objects-normal/arm64/resource_bundle_accessor.o -index-unit-output-path /Firebase.build/Debug-iphonesimulator/FirebaseCoreExtension.build/Objects-normal/arm64/resource_bundle_accessor.o

PrecompileModule /Users/aaronkeen/Library/Developer/Xcode/DerivedData/NutraSafeBeta-awyabywlaekrybetqgpbjphfxefs/Build/Intermediates.noindex/ExplicitPrecompiledModules/sys_resource-8YTWRO7XA22EHYK0318YJSEG0.scan
    cd /Users/aaronkeen/Documents/My\ Apps/NutraSafe\ Beta/NutraSafeBeta.xcodeproj
    builtin-precompileModule /Users/aaronkeen/Library/Developer/Xcode/DerivedData/NutraSafeBeta-awyabywlaekrybetqgpbjphfxefs/Build/Intermediates.noindex/ExplicitPrecompiledModules/sys_resource-8YTWRO7XA22EHYK0318YJSEG0.scan

PrecompileModule /Users/aaronkeen/Library/Developer/Xcode/DerivedData/NutraSafeBeta-awyabywlaekrybetqgpbjphfxefs/Build/Intermediates.noindex/ExplicitPrecompiledModules/nl_types-DFOD2HEEFM3P7ED1RFQ8SQQ9S.scan
    cd /Users/aaronkeen/Documents/My\ Apps/NutraSafe\ Beta/NutraSafeBeta.xcodeproj
    builtin-precompileModule /Users/aaronkeen/Library/Developer/Xcode/DerivedData/NutraSafeBeta-awyabywlaekrybetqgpbjphfxefs/Build/Intermediates.noindex/ExplicitPrecompiledModules/nl_types-DFOD2HEEFM3P7ED1RFQ8SQQ9S.scan

PrecompileModule /Users/aaronkeen/Library/Developer/Xcode/DerivedData/NutraSafeBeta-awyabywlaekrybetqgpbjphfxefs/Build/Intermediates.noindex/ExplicitPrecompiledModules/_time-5FIBSO10F7W8UDJX0GR4XWD41.scan
    cd /Users/aaronkeen/Documents/My\ Apps/NutraSafe\ Beta/NutraSafeBeta.xcodeproj
    builtin-precompileModule /Users/aaronkeen/Library/Developer/Xcode/DerivedData/NutraSafeBeta-awyabywlaekrybetqgpbjphfxefs/Build/Intermediates.noindex/ExplicitPrecompiledModules/_time-5FIBSO10F7W8UDJX0GR4XWD41.scan

PrecompileModule /Users/aaronkeen/Library/Developer/Xcode/DerivedData/NutraSafeBeta-awyabywlaekrybetqgpbjphfxefs/Build/Intermediates.noindex/ExplicitPrecompiledModules/_signal-AEY8W67E13CFFPPO1HSBP3AJT.scan
    cd /Users/aaronkeen/Documents/My\ Apps/NutraSafe\ Beta/NutraSafeBeta.xcodeproj
    builtin-precompileModule /Users/aaronkeen/Library/Developer/Xcode/DerivedData/NutraSafeBeta-awyabywlaekrybetqgpbjphfxefs/Build/Intermediates.noindex/ExplicitPrecompiledModules/_signal-AEY8W67E13CFFPPO1HSBP3AJT.scan

PrecompileModule /Users/aaronkeen/Library/Developer/Xcode/DerivedData/NutraSafeBeta-awyabywlaekrybetqgpbjphfxefs/Build/Intermediates.noindex/ExplicitPrecompiledModules/_wctype-1Z4HSXPMKTFHCIIN4T35I6EM8.scan
    cd /Users/aaronkeen/Documents/My\ Apps/NutraSafe\ Beta/NutraSafeBeta.xcodeproj
    builtin-precompileModule /Users/aaronkeen/Library/Developer/Xcode/DerivedData/NutraSafeBeta-awyabywlaekrybetqgpbjphfxefs/Build/Intermediates.noindex/ExplicitPrecompiledModules/_wctype-1Z4HSXPMKTFHCIIN4T35I6EM8.scan

PrecompileModule /Users/aaronkeen/Library/Developer/Xcode/DerivedData/NutraSafeBeta-awyabywlaekrybetqgpbjphfxefs/Build/Intermediates.noindex/ExplicitPrecompiledModules/_stdio-BMNHXERXCIALI7N6PDFJFH9W4.scan
    cd /Users/aaronkeen/Documents/My\ Apps/NutraSafe\ Beta/NutraSafeBeta.xcodeproj
    builtin-precompileModule /Users/aaronkeen/Library/Developer/Xcode/DerivedData/NutraSafeBeta-awyabywlaekrybetqgpbjphfxefs/Build/Intermediates.noindex/ExplicitPrecompiledModules/_stdio-BMNHXERXCIALI7N6PDFJFH9W4.scan

PrecompileModule /Users/aaronkeen/Library/Developer/Xcode/DerivedData/NutraSafeBeta-awyabywlaekrybetqgpbjphfxefs/Build/Intermediates.noindex/ExplicitPrecompiledModules/_string-39H4SSYEK5I4SYAOMJWAJD903.scan
    cd /Users/aaronkeen/Documents/My\ Apps/NutraSafe\ Beta/NutraSafeBeta.xcodeproj
    builtin-precompileModule /Users/aaronkeen/Library/Developer/Xcode/DerivedData/NutraSafeBeta-awyabywlaekrybetqgpbjphfxefs/Build/Intermediates.noindex/ExplicitPrecompiledModules/_string-39H4SSYEK5I4SYAOMJWAJD903.scan

PrecompileModule /Users/aaronkeen/Library/Developer/Xcode/DerivedData/NutraSafeBeta-awyabywlaekrybetqgpbjphfxefs/Build/Intermediates.noindex/ExplicitPrecompiledModules/_Builtin_tgmath-9BLJIFSUPCXOPLQR8A882UEBD.scan
    cd /Users/aaronkeen/Documents/My\ Apps/NutraSafe\ Beta/NutraSafeBeta.xcodeproj
    builtin-precompileModule /Users/aaronkeen/Library/Developer/Xcode/DerivedData/NutraSafeBeta-awyabywlaekrybetqgpbjphfxefs/Build/Intermediates.noindex/ExplicitPrecompiledModules/_Builtin_tgmath-9BLJIFSUPCXOPLQR8A882UEBD.scan

PrecompileModule /Users/aaronkeen/Library/Developer/Xcode/DerivedData/NutraSafeBeta-awyabywlaekrybetqgpbjphfxefs/Build/Intermediates.noindex/ExplicitPrecompiledModules/mach-DN4DQMOP9XVG3PQKFR30DYA3D.scan
    cd /Users/aaronkeen/Documents/My\ Apps/NutraSafe\ Beta/NutraSafeBeta.xcodeproj
    builtin-precompileModule /Users/aaronkeen/Library/Developer/Xcode/DerivedData/NutraSafeBeta-awyabywlaekrybetqgpbjphfxefs/Build/Intermediates.noindex/ExplicitPrecompiledModules/mach-DN4DQMOP9XVG3PQKFR30DYA3D.scan

PrecompileModule /Users/aaronkeen/Library/Developer/Xcode/DerivedData/NutraSafeBeta-awyabywlaekrybetqgpbjphfxefs/Build/Intermediates.noindex/ExplicitPrecompiledModules/_locale-EEA1GZ2QAA5B0PM0L3ZDBAOLA.scan
    cd /Users/aaronkeen/Documents/My\ Apps/NutraSafe\ Beta/NutraSafeBeta.xcodeproj
    builtin-precompileModule /Users/aaronkeen/Library/Developer/Xcode/DerivedData/NutraSafeBeta-awyabywlaekrybetqgpbjphfxefs/Build/Intermediates.noindex/ExplicitPrecompiledModules/_locale-EEA1GZ2QAA5B0PM0L3ZDBAOLA.scan

PrecompileModule /Users/aaronkeen/Library/Developer/Xcode/DerivedData/NutraSafeBeta-awyabywlaekrybetqgpbjphfxefs/Build/Intermediates.noindex/ExplicitPrecompiledModules/_stdint-1O2XG0TZKPX9MGAQYRWPHFUTL.scan
    cd /Users/aaronkeen/Documents/My\ Apps/NutraSafe\ Beta/NutraSafeBeta.xcodeproj
    builtin-precompileModule /Users/aaronkeen/Library/Developer/Xcode/DerivedData/NutraSafeBeta-awyabywlaekrybetqgpbjphfxefs/Build/Intermediates.noindex/ExplicitPrecompiledModules/_stdint-1O2XG0TZKPX9MGAQYRWPHFUTL.scan

PrecompileModule /Users/aaronkeen/Library/Developer/Xcode/DerivedData/NutraSafeBeta-awyabywlaekrybetqgpbjphfxefs/Build/Intermediates.noindex/ExplicitPrecompiledModules/_string-EVIHJSH4EIYSZ54M85X6UUVO5.scan
    cd /Users/aaronkeen/Documents/My\ Apps/NutraSafe\ Beta/NutraSafeBeta.xcodeproj
    builtin-precompileModule /Users/aaronkeen/Library/Developer/Xcode/DerivedData/NutraSafeBeta-awyabywlaekrybetqgpbjphfxefs/Build/Intermediates.noindex/ExplicitPrecompiledModules/_string-EVIHJSH4EIYSZ54M85X6UUVO5.scan

PrecompileModule /Users/aaronkeen/Library/Developer/Xcode/DerivedData/NutraSafeBeta-awyabywlaekrybetqgpbjphfxefs/Build/Intermediates.noindex/ExplicitPrecompiledModules/_setjmp-331CUD5EDTDZH3IHFIUZD8RZG.scan
    cd /Users/aaronkeen/Documents/My\ Apps/NutraSafe\ Beta/NutraSafeBeta.xcodeproj
    builtin-precompileModule /Users/aaronkeen/Library/Developer/Xcode/DerivedData/NutraSafeBeta-awyabywlaekrybetqgpbjphfxefs/Build/Intermediates.noindex/ExplicitPrecompiledModules/_setjmp-331CUD5EDTDZH3IHFIUZD8RZG.scan

PrecompileModule /Users/aaronkeen/Library/Developer/Xcode/DerivedData/NutraSafeBeta-awyabywlaekrybetqgpbjphfxefs/Build/Intermediates.noindex/ExplicitPrecompiledModules/sys_time-6ZTBR0TODFUB65AFCG1Z4OXN3.scan
    cd /Users/aaronkeen/Documents/My\ Apps/NutraSafe\ Beta/NutraSafeBeta.xcodeproj
    builtin-precompileModule /Users/aaronkeen/Library/Developer/Xcode/DerivedData/NutraSafeBeta-awyabywlaekrybetqgpbjphfxefs/Build/Intermediates.noindex/ExplicitPrecompiledModules/sys_time-6ZTBR0TODFUB65AFCG1Z4OXN3.scan

PrecompileModule /Users/aaronkeen/Library/Developer/Xcode/DerivedData/NutraSafeBeta-awyabywlaekrybetqgpbjphfxefs/Build/Intermediates.noindex/ExplicitPrecompiledModules/alloca-82FO049XSMBZI9EQ6BP6B2KCC.scan
    cd /Users/aaronkeen/Documents/My\ Apps/NutraSafe\ Beta/NutraSafeBeta.xcodeproj
    builtin-precompileModule /Users/aaronkeen/Library/Developer/Xcode/DerivedData/NutraSafeBeta-awyabywlaekrybetqgpbjphfxefs/Build/Intermediates.noindex/ExplicitPrecompiledModules/alloca-82FO049XSMBZI9EQ6BP6B2KCC.scan

PrecompileModule /Users/aaronkeen/Library/Developer/Xcode/DerivedData/NutraSafeBeta-awyabywlaekrybetqgpbjphfxefs/Build/Intermediates.noindex/ExplicitPrecompiledModules/sys_resource-7VBK4S5R7LU0NH4A36EFKXCEN.scan
    cd /Users/aaronkeen/Documents/My\ Apps/NutraSafe\ Beta/NutraSafeBeta.xcodeproj
    builtin-precompileModule /Users/aaronkeen/Library/Developer/Xcode/DerivedData/NutraSafeBeta-awyabywlaekrybetqgpbjphfxefs/Build/Intermediates.noindex/ExplicitPrecompiledModules/sys_resource-7VBK4S5R7LU0NH4A36EFKXCEN.scan

PrecompileModule /Users/aaronkeen/Library/Developer/Xcode/DerivedData/NutraSafeBeta-awyabywlaekrybetqgpbjphfxefs/Build/Intermediates.noindex/ExplicitPrecompiledModules/_stdint-5R9XABAAXB4TTCJBEIMJZ7EU9.scan
    cd /Users/aaronkeen/Documents/My\ Apps/NutraSafe\ Beta/NutraSafeBeta.xcodeproj
    builtin-precompileModule /Users/aaronkeen/Library/Developer/Xcode/DerivedData/NutraSafeBeta-awyabywlaekrybetqgpbjphfxefs/Build/Intermediates.noindex/ExplicitPrecompiledModules/_stdint-5R9XABAAXB4TTCJBEIMJZ7EU9.scan

PrecompileModule /Users/aaronkeen/Library/Developer/Xcode/DerivedData/NutraSafeBeta-awyabywlaekrybetqgpbjphfxefs/Build/Intermediates.noindex/ExplicitPrecompiledModules/alloca-50ISHQZJ0Q66C4OJOB8EB9MZ.scan
    cd /Users/aaronkeen/Documents/My\ Apps/NutraSafe\ Beta/NutraSafeBeta.xcodeproj
    builtin-precompileModule /Users/aaronkeen/Library/Developer/Xcode/DerivedData/NutraSafeBeta-awyabywlaekrybetqgpbjphfxefs/Build/Intermediates.noindex/ExplicitPrecompiledModules/alloca-50ISHQZJ0Q66C4OJOB8EB9MZ.scan

PrecompileModule /Users/aaronkeen/Library/Developer/Xcode/DerivedData/NutraSafeBeta-awyabywlaekrybetqgpbjphfxefs/Build/Intermediates.noindex/ExplicitPrecompiledModules/_locale-EK4RPJ48XATT0PDD67Z4N6IB6.scan
    cd /Users/aaronkeen/Documents/My\ Apps/NutraSafe\ Beta/NutraSafeBeta.xcodeproj
    builtin-precompileModule /Users/aaronkeen/Library/Developer/Xcode/DerivedData/NutraSafeBeta-awyabywlaekrybetqgpbjphfxefs/Build/Intermediates.noindex/ExplicitPrecompiledModules/_locale-EK4RPJ48XATT0PDD67Z4N6IB6.scan

PrecompileModule /Users/aaronkeen/Library/Developer/Xcode/DerivedData/NutraSafeBeta-awyabywlaekrybetqgpbjphfxefs/Build/Intermediates.noindex/ExplicitPrecompiledModules/_useconds_t-3I1F20YBNMJ828PDBSE460775.scan
    cd /Users/aaronkeen/Documents/My\ Apps/NutraSafe\ Beta/NutraSafeBeta.xcodeproj
    builtin-precompileModule /Users/aaronkeen/Library/Developer/Xcode/DerivedData/NutraSafeBeta-awyabywlaekrybetqgpbjphfxefs/Build/Intermediates.noindex/ExplicitPrecompiledModules/_useconds_t-3I1F20YBNMJ828PDBSE460775.scan

PrecompileModule /Users/aaronkeen/Library/Developer/Xcode/DerivedData/NutraSafeBeta-awyabywlaekrybetqgpbjphfxefs/Build/Intermediates.noindex/ExplicitPrecompiledModules/runetype-5FPFAWVPY76KCAIUD4QKKFCVC.scan
    cd /Users/aaronkeen/Documents/My\ Apps/NutraSafe\ Beta/NutraSafeBeta.xcodeproj
    builtin-precompileModule /Users/aaronkeen/Library/Developer/Xcode/DerivedData/NutraSafeBeta-awyabywlaekrybetqgpbjphfxefs/Build/Intermediates.noindex/ExplicitPrecompiledModules/runetype-5FPFAWVPY76KCAIUD4QKKFCVC.scan

PrecompileModule /Users/aaronkeen/Library/Developer/Xcode/DerivedData/NutraSafeBeta-awyabywlaekrybetqgpbjphfxefs/Build/Intermediates.noindex/ExplicitPrecompiledModules/_setjmp-9EO77OEL73KIYPIBE3R1QXW4Q.scan
    cd /Users/aaronkeen/Documents/My\ Apps/NutraSafe\ Beta/NutraSafeBeta.xcodeproj
    builtin-precompileModule /Users/aaronkeen/Library/Developer/Xcode/DerivedData/NutraSafeBeta-awyabywlaekrybetqgpbjphfxefs/Build/Intermediates.noindex/ExplicitPrecompiledModules/_setjmp-9EO77OEL73KIYPIBE3R1QXW4Q.scan

PrecompileModule /Users/aaronkeen/Library/Developer/Xcode/DerivedData/NutraSafeBeta-awyabywlaekrybetqgpbjphfxefs/Build/Intermediates.noindex/ExplicitPrecompiledModules/sys_time-AXJDF792YGIYNLRHA5N3WO435.scan
    cd /Users/aaronkeen/Documents/My\ Apps/NutraSafe\ Beta/NutraSafeBeta.xcodeproj
    builtin-precompileModule /Users/aaronkeen/Library/Developer/Xcode/DerivedData/NutraSafeBeta-awyabywlaekrybetqgpbjphfxefs/Build/Intermediates.noindex/ExplicitPrecompiledModules/sys_time-AXJDF792YGIYNLRHA5N3WO435.scan

PrecompileModule /Users/aaronkeen/Library/Developer/Xcode/DerivedData/NutraSafeBeta-awyabywlaekrybetqgpbjphfxefs/Build/Intermediates.noindex/ExplicitPrecompiledModules/_complex-5XSQI6ZMAAN4R88ZA3K6ATXJQ.scan
    cd /Users/aaronkeen/Documents/My\ Apps/NutraSafe\ Beta/NutraSafeBeta.xcodeproj
    builtin-precompileModule /Users/aaronkeen/Library/Developer/Xcode/DerivedData/NutraSafeBeta-awyabywlaekrybetqgpbjphfxefs/Build/Intermediates.noindex/ExplicitPrecompiledModules/_complex-5XSQI6ZMAAN4R88ZA3K6ATXJQ.scan

PrecompileModule /Users/aaronkeen/Library/Developer/Xcode/DerivedData/NutraSafeBeta-awyabywlaekrybetqgpbjphfxefs/Build/Intermediates.noindex/ExplicitPrecompiledModules/_sys_select-F30RIOZFSC7Q38PRPM0RISEG4.scan
    cd /Users/aaronkeen/Documents/My\ Apps/NutraSafe\ Beta/NutraSafeBeta.xcodeproj
    builtin-precompileModule /Users/aaronkeen/Library/Developer/Xcode/DerivedData/NutraSafeBeta-awyabywlaekrybetqgpbjphfxefs/Build/Intermediates.noindex/ExplicitPrecompiledModules/_sys_select-F30RIOZFSC7Q38PRPM0RISEG4.scan

PrecompileModule /Users/aaronkeen/Library/Developer/Xcode/DerivedData/NutraSafeBeta-awyabywlaekrybetqgpbjphfxefs/Build/Intermediates.noindex/ExplicitPrecompiledModules/_math-BWNAG7ZGJ746XIZEN61252VU0.scan
    cd /Users/aaronkeen/Documents/My\ Apps/NutraSafe\ Beta/NutraSafeBeta.xcodeproj
    builtin-precompileModule /Users/aaronkeen/Library/Developer/Xcode/DerivedData/NutraSafeBeta-awyabywlaekrybetqgpbjphfxefs/Build/Intermediates.noindex/ExplicitPrecompiledModules/_math-BWNAG7ZGJ746XIZEN61252VU0.scan

PrecompileModule /Users/aaronkeen/Library/Developer/Xcode/DerivedData/NutraSafeBeta-awyabywlaekrybetqgpbjphfxefs/Build/Intermediates.noindex/ExplicitPrecompiledModules/netinet_in-CA1503HCXXIS4V367VLPT3I8I.scan
    cd /Users/aaronkeen/Documents/My\ Apps/NutraSafe\ Beta/NutraSafeBeta.xcodeproj
    builtin-precompileModule /Users/aaronkeen/Library/Developer/Xcode/DerivedData/NutraSafeBeta-awyabywlaekrybetqgpbjphfxefs/Build/Intermediates.noindex/ExplicitPrecompiledModules/netinet_in-CA1503HCXXIS4V367VLPT3I8I.scan

PrecompileModule /Users/aaronkeen/Library/Developer/Xcode/DerivedData/NutraSafeBeta-awyabywlaekrybetqgpbjphfxefs/Build/Intermediates.noindex/ExplicitPrecompiledModules/_errno-101FUV1UXRZIDFPC6RDI6A3V5.scan
    cd /Users/aaronkeen/Documents/My\ Apps/NutraSafe\ Beta/NutraSafeBeta.xcodeproj
    builtin-precompileModule /Users/aaronkeen/Library/Developer/Xcode/DerivedData/NutraSafeBeta-awyabywlaekrybetqgpbjphfxefs/Build/Intermediates.noindex/ExplicitPrecompiledModules/_errno-101FUV1UXRZIDFPC6RDI6A3V5.scan

PrecompileModule /Users/aaronkeen/Library/Developer/Xcode/DerivedData/NutraSafeBeta-awyabywlaekrybetqgpbjphfxefs/Build/Intermediates.noindex/ExplicitPrecompiledModules/_strings-CQQ8BS801TS7G1SLM5AL0NBCQ.scan
    cd /Users/aaronkeen/Documents/My\ Apps/NutraSafe\ Beta/NutraSafeBeta.xcodeproj
    builtin-precompileModule /Users/aaronkeen/Library/Developer/Xcode/DerivedData/NutraSafeBeta-awyabywlaekrybetqgpbjphfxefs/Build/Intermediates.noindex/ExplicitPrecompiledModules/_strings-CQQ8BS801TS7G1SLM5AL0NBCQ.scan

PrecompileModule /Users/aaronkeen/Library/Developer/Xcode/DerivedData/NutraSafeBeta-awyabywlaekrybetqgpbjphfxefs/Build/Intermediates.noindex/ExplicitPrecompiledModules/sys_wait-D2HAEQS27ZFM4H1P8VYHMG9TY.scan
    cd /Users/aaronkeen/Documents/My\ Apps/NutraSafe\ Beta/NutraSafeBeta.xcodeproj
    builtin-precompileModule /Users/aaronkeen/Library/Developer/Xcode/DerivedData/NutraSafeBeta-awyabywlaekrybetqgpbjphfxefs/Build/Intermediates.noindex/ExplicitPrecompiledModules/sys_wait-D2HAEQS27ZFM4H1P8VYHMG9TY.scan

PrecompileModule /Users/aaronkeen/Library/Developer/Xcode/DerivedData/NutraSafeBeta-awyabywlaekrybetqgpbjphfxefs/Build/Intermediates.noindex/ExplicitPrecompiledModules/uuid-48MDIBLXB45KE61I7X115WLA8.scan
    cd /Users/aaronkeen/Documents/My\ Apps/NutraSafe\ Beta/NutraSafeBeta.xcodeproj
    builtin-precompileModule /Users/aaronkeen/Library/Developer/Xcode/DerivedData/NutraSafeBeta-awyabywlaekrybetqgpbjphfxefs/Build/Intermediates.noindex/ExplicitPrecompiledModules/uuid-48MDIBLXB45KE61I7X115WLA8.scan

PrecompileModule /Users/aaronkeen/Library/Developer/Xcode/DerivedData/NutraSafeBeta-awyabywlaekrybetqgpbjphfxefs/Build/Intermediates.noindex/ExplicitPrecompiledModules/_errno-ULALZKKUWPEV0X5I5HTP94L2.scan
    cd /Users/aaronkeen/Documents/My\ Apps/NutraSafe\ Beta/NutraSafeBeta.xcodeproj
    builtin-precompileModule /Users/aaronkeen/Library/Developer/Xcode/DerivedData/NutraSafeBeta-awyabywlaekrybetqgpbjphfxefs/Build/Intermediates.noindex/ExplicitPrecompiledModules/_errno-ULALZKKUWPEV0X5I5HTP94L2.scan

PrecompileModule /Users/aaronkeen/Library/Developer/Xcode/DerivedData/NutraSafeBeta-awyabywlaekrybetqgpbjphfxefs/Build/Intermediates.noindex/ExplicitPrecompiledModules/_stdio-5EEBARQ0J9SX50NTTFRF3C4LP.scan
    cd /Users/aaronkeen/Documents/My\ Apps/NutraSafe\ Beta/NutraSafeBeta.xcodeproj
    builtin-precompileModule /Users/aaronkeen/Library/Developer/Xcode/DerivedData/NutraSafeBeta-awyabywlaekrybetqgpbjphfxefs/Build/Intermediates.noindex/ExplicitPrecompiledModules/_stdio-5EEBARQ0J9SX50NTTFRF3C4LP.scan

PrecompileModule /Users/aaronkeen/Library/Developer/Xcode/DerivedData/NutraSafeBeta-awyabywlaekrybetqgpbjphfxefs/Build/Intermediates.noindex/ExplicitPrecompiledModules/_Builtin_stdint-CX1ONGP3BRW64XC4ITWLEADI4.scan
    cd /Users/aaronkeen/Documents/My\ Apps/NutraSafe\ Beta/NutraSafeBeta.xcodeproj
    builtin-precompileModule /Users/aaronkeen/Library/Developer/Xcode/DerivedData/NutraSafeBeta-awyabywlaekrybetqgpbjphfxefs/Build/Intermediates.noindex/ExplicitPrecompiledModules/_Builtin_stdint-CX1ONGP3BRW64XC4ITWLEADI4.scan

PrecompileModule /Users/aaronkeen/Library/Developer/Xcode/DerivedData/NutraSafeBeta-awyabywlaekrybetqgpbjphfxefs/Build/Intermediates.noindex/ExplicitPrecompiledModules/gethostuuid-6Y2G5WRHJ8UMGS4H3QFOYPIHM.scan
    cd /Users/aaronkeen/Documents/My\ Apps/NutraSafe\ Beta/NutraSafeBeta.xcodeproj
    builtin-precompileModule /Users/aaronkeen/Library/Developer/Xcode/DerivedData/NutraSafeBeta-awyabywlaekrybetqgpbjphfxefs/Build/Intermediates.noindex/ExplicitPrecompiledModules/gethostuuid-6Y2G5WRHJ8UMGS4H3QFOYPIHM.scan

PrecompileModule /Users/aaronkeen/Library/Developer/Xcode/DerivedData/NutraSafeBeta-awyabywlaekrybetqgpbjphfxefs/Build/Intermediates.noindex/ExplicitPrecompiledModules/mach-D3OUFBE0S47RIUPQDN88SR32F.scan
    cd /Users/aaronkeen/Documents/My\ Apps/NutraSafe\ Beta/NutraSafeBeta.xcodeproj
    builtin-precompileModule /Users/aaronkeen/Library/Developer/Xcode/DerivedData/NutraSafeBeta-awyabywlaekrybetqgpbjphfxefs/Build/Intermediates.noindex/ExplicitPrecompiledModules/mach-D3OUFBE0S47RIUPQDN88SR32F.scan

PrecompileModule /Users/aaronkeen/Library/Developer/Xcode/DerivedData/NutraSafeBeta-awyabywlaekrybetqgpbjphfxefs/Build/Intermediates.noindex/ExplicitPrecompiledModules/xlocale-BRUSLM0G8STNYJO6MLZ7REM2F.scan
    cd /Users/aaronkeen/Documents/My\ Apps/NutraSafe\ Beta/NutraSafeBeta.xcodeproj
    builtin-precompileModule /Users/aaronkeen/Library/Developer/Xcode/DerivedData/NutraSafeBeta-awyabywlaekrybetqgpbjphfxefs/Build/Intermediates.noindex/ExplicitPrecompiledModules/xlocale-BRUSLM0G8STNYJO6MLZ7REM2F.scan

PrecompileModule /Users/aaronkeen/Library/Developer/Xcode/DerivedData/NutraSafeBeta-awyabywlaekrybetqgpbjphfxefs/Build/Intermediates.noindex/ExplicitPrecompiledModules/_strings-2Z1UU3UN1JP6B8CNGQIKB511O.scan
    cd /Users/aaronkeen/Documents/My\ Apps/NutraSafe\ Beta/NutraSafeBeta.xcodeproj
    builtin-precompileModule /Users/aaronkeen/Library/Developer/Xcode/DerivedData/NutraSafeBeta-awyabywlaekrybetqgpbjphfxefs/Build/Intermediates.noindex/ExplicitPrecompiledModules/_strings-2Z1UU3UN1JP6B8CNGQIKB511O.scan

PrecompileModule /Users/aaronkeen/Library/Developer/Xcode/DerivedData/NutraSafeBeta-awyabywlaekrybetqgpbjphfxefs/Build/Intermediates.noindex/ExplicitPrecompiledModules/sys_wait-2T4HX8CRUDK74X562OYA82C68.scan
    cd /Users/aaronkeen/Documents/My\ Apps/NutraSafe\ Beta/NutraSafeBeta.xcodeproj
    builtin-precompileModule /Users/aaronkeen/Library/Developer/Xcode/DerivedData/NutraSafeBeta-awyabywlaekrybetqgpbjphfxefs/Build/Intermediates.noindex/ExplicitPrecompiledModules/sys_wait-2T4HX8CRUDK74X562OYA82C68.scan

PrecompileModule /Users/aaronkeen/Library/Developer/Xcode/DerivedData/NutraSafeBeta-awyabywlaekrybetqgpbjphfxefs/Build/Intermediates.noindex/ExplicitPrecompiledModules/runetype-37987E2VMEJIC6MJ17JHCPUK0.scan
    cd /Users/aaronkeen/Documents/My\ Apps/NutraSafe\ Beta/NutraSafeBeta.xcodeproj
    builtin-precompileModule /Users/aaronkeen/Library/Developer/Xcode/DerivedData/NutraSafeBeta-awyabywlaekrybetqgpbjphfxefs/Build/Intermediates.noindex/ExplicitPrecompiledModules/runetype-37987E2VMEJIC6MJ17JHCPUK0.scan

PrecompileModule /Users/aaronkeen/Library/Developer/Xcode/DerivedData/NutraSafeBeta-awyabywlaekrybetqgpbjphfxefs/Build/Intermediates.noindex/ExplicitPrecompiledModules/_Builtin_stdint-8BY8CQEBB7QUBFIZ2HOI4P954.scan
    cd /Users/aaronkeen/Documents/My\ Apps/NutraSafe\ Beta/NutraSafeBeta.xcodeproj
    builtin-precompileModule /Users/aaronkeen/Library/Developer/Xcode/DerivedData/NutraSafeBeta-awyabywlaekrybetqgpbjphfxefs/Build/Intermediates.noindex/ExplicitPrecompiledModules/_Builtin_stdint-8BY8CQEBB7QUBFIZ2HOI4P954.scan

SwiftDriverJobDiscovery normal arm64 Compiling FirebaseRemoteConfigValueDecoding.swift (in target 'FirebaseSharedSwift' from project 'Firebase')

PrecompileModule /Users/aaronkeen/Library/Developer/Xcode/DerivedData/NutraSafeBeta-awyabywlaekrybetqgpbjphfxefs/Build/Intermediates.noindex/ExplicitPrecompiledModules/_ctype-9APYY8RFOWWTU0WVC8UITYJIC.scan
    cd /Users/aaronkeen/Documents/My\ Apps/NutraSafe\ Beta/NutraSafeBeta.xcodeproj
    builtin-precompileModule /Users/aaronkeen/Library/Developer/Xcode/DerivedData/NutraSafeBeta-awyabywlaekrybetqgpbjphfxefs/Build/Intermediates.noindex/ExplicitPrecompiledModules/_ctype-9APYY8RFOWWTU0WVC8UITYJIC.scan

PrecompileModule /Users/aaronkeen/Library/Developer/Xcode/DerivedData/NutraSafeBeta-awyabywlaekrybetqgpbjphfxefs/Build/Intermediates.noindex/ExplicitPrecompiledModules/_assert-2R74HGD4PAU2FNEQL3CKDH258.scan
    cd /Users/aaronkeen/Documents/My\ Apps/NutraSafe\ Beta/NutraSafeBeta.xcodeproj
    builtin-precompileModule /Users/aaronkeen/Library/Developer/Xcode/DerivedData/NutraSafeBeta-awyabywlaekrybetqgpbjphfxefs/Build/Intermediates.noindex/ExplicitPrecompiledModules/_assert-2R74HGD4PAU2FNEQL3CKDH258.scan

PrecompileModule /Users/aaronkeen/Library/Developer/Xcode/DerivedData/NutraSafeBeta-awyabywlaekrybetqgpbjphfxefs/Build/Intermediates.noindex/ExplicitPrecompiledModules/sys_select-97B279K8QBWYM4FQAEJ5SM0IN.scan
    cd /Users/aaronkeen/Documents/My\ Apps/NutraSafe\ Beta/NutraSafeBeta.xcodeproj
    builtin-precompileModule /Users/aaronkeen/Library/Developer/Xcode/DerivedData/NutraSafeBeta-awyabywlaekrybetqgpbjphfxefs/Build/Intermediates.noindex/ExplicitPrecompiledModules/sys_select-97B279K8QBWYM4FQAEJ5SM0IN.scan

PrecompileModule /Users/aaronkeen/Library/Developer/Xcode/DerivedData/NutraSafeBeta-awyabywlaekrybetqgpbjphfxefs/Build/Intermediates.noindex/ExplicitPrecompiledModules/_complex-4GF6KRFD53J4YF9EQSKGXIFDQ.scan
    cd /Users/aaronkeen/Documents/My\ Apps/NutraSafe\ Beta/NutraSafeBeta.xcodeproj
    builtin-precompileModule /Users/aaronkeen/Library/Developer/Xcode/DerivedData/NutraSafeBeta-awyabywlaekrybetqgpbjphfxefs/Build/Intermediates.noindex/ExplicitPrecompiledModules/_complex-4GF6KRFD53J4YF9EQSKGXIFDQ.scan

PrecompileModule /Users/aaronkeen/Library/Developer/Xcode/DerivedData/NutraSafeBeta-awyabywlaekrybetqgpbjphfxefs/Build/Intermediates.noindex/ExplicitPrecompiledModules/_Builtin_stdatomic-ERUAR1U6316TLJWU1KN64BSJO.scan
    cd /Users/aaronkeen/Documents/My\ Apps/NutraSafe\ Beta/NutraSafeBeta.xcodeproj
    builtin-precompileModule /Users/aaronkeen/Library/Developer/Xcode/DerivedData/NutraSafeBeta-awyabywlaekrybetqgpbjphfxefs/Build/Intermediates.noindex/ExplicitPrecompiledModules/_Builtin_stdatomic-ERUAR1U6316TLJWU1KN64BSJO.scan

PrecompileModule /Users/aaronkeen/Library/Developer/Xcode/DerivedData/NutraSafeBeta-awyabywlaekrybetqgpbjphfxefs/Build/Intermediates.noindex/ExplicitPrecompiledModules/_inttypes-CYRFZPQPZY2BXYK7JOFCSEBM0.scan
    cd /Users/aaronkeen/Documents/My\ Apps/NutraSafe\ Beta/NutraSafeBeta.xcodeproj
    builtin-precompileModule /Users/aaronkeen/Library/Developer/Xcode/DerivedData/NutraSafeBeta-awyabywlaekrybetqgpbjphfxefs/Build/Intermediates.noindex/ExplicitPrecompiledModules/_inttypes-CYRFZPQPZY2BXYK7JOFCSEBM0.scan

PrecompileModule /Users/aaronkeen/Library/Developer/Xcode/DerivedData/NutraSafeBeta-awyabywlaekrybetqgpbjphfxefs/Build/Intermediates.noindex/ExplicitPrecompiledModules/_sys_select-8YDEWJL47GV0XOK50ZXQSRQ9T.scan
    cd /Users/aaronkeen/Documents/My\ Apps/NutraSafe\ Beta/NutraSafeBeta.xcodeproj
    builtin-precompileModule /Users/aaronkeen/Library/Developer/Xcode/DerivedData/NutraSafeBeta-awyabywlaekrybetqgpbjphfxefs/Build/Intermediates.noindex/ExplicitPrecompiledModules/_sys_select-8YDEWJL47GV0XOK50ZXQSRQ9T.scan

PrecompileModule /Users/aaronkeen/Library/Developer/Xcode/DerivedData/NutraSafeBeta-awyabywlaekrybetqgpbjphfxefs/Build/Intermediates.noindex/ExplicitPrecompiledModules/_assert-3G9MMO61A9FN36HX6H0CGRNSB.scan
    cd /Users/aaronkeen/Documents/My\ Apps/NutraSafe\ Beta/NutraSafeBeta.xcodeproj
    builtin-precompileModule /Users/aaronkeen/Library/Developer/Xcode/DerivedData/NutraSafeBeta-awyabywlaekrybetqgpbjphfxefs/Build/Intermediates.noindex/ExplicitPrecompiledModules/_assert-3G9MMO61A9FN36HX6H0CGRNSB.scan

PrecompileModule /Users/aaronkeen/Library/Developer/Xcode/DerivedData/NutraSafeBeta-awyabywlaekrybetqgpbjphfxefs/Build/Intermediates.noindex/ExplicitPrecompiledModules/xlocale-4Q1LA0XE8O3K801KKOAHV2WSZ.scan
    cd /Users/aaronkeen/Documents/My\ Apps/NutraSafe\ Beta/NutraSafeBeta.xcodeproj
    builtin-precompileModule /Users/aaronkeen/Library/Developer/Xcode/DerivedData/NutraSafeBeta-awyabywlaekrybetqgpbjphfxefs/Build/Intermediates.noindex/ExplicitPrecompiledModules/xlocale-4Q1LA0XE8O3K801KKOAHV2WSZ.scan

PrecompileModule /Users/aaronkeen/Library/Developer/Xcode/DerivedData/NutraSafeBeta-awyabywlaekrybetqgpbjphfxefs/Build/Intermediates.noindex/ExplicitPrecompiledModules/uuid-6MZUIJ0VGQSTV92HSVVBMZBGD.scan
    cd /Users/aaronkeen/Documents/My\ Apps/NutraSafe\ Beta/NutraSafeBeta.xcodeproj
    builtin-precompileModule /Users/aaronkeen/Library/Developer/Xcode/DerivedData/NutraSafeBeta-awyabywlaekrybetqgpbjphfxefs/Build/Intermediates.noindex/ExplicitPrecompiledModules/uuid-6MZUIJ0VGQSTV92HSVVBMZBGD.scan

PrecompileModule /Users/aaronkeen/Library/Developer/Xcode/DerivedData/NutraSafeBeta-awyabywlaekrybetqgpbjphfxefs/Build/Intermediates.noindex/ExplicitPrecompiledModules/netinet_in-1U18VM3SYMBREU4ZJ3MFMVSNH.scan
    cd /Users/aaronkeen/Documents/My\ Apps/NutraSafe\ Beta/NutraSafeBeta.xcodeproj
    builtin-precompileModule /Users/aaronkeen/Library/Developer/Xcode/DerivedData/NutraSafeBeta-awyabywlaekrybetqgpbjphfxefs/Build/Intermediates.noindex/ExplicitPrecompiledModules/netinet_in-1U18VM3SYMBREU4ZJ3MFMVSNH.scan

PrecompileModule /Users/aaronkeen/Library/Developer/Xcode/DerivedData/NutraSafeBeta-awyabywlaekrybetqgpbjphfxefs/Build/Intermediates.noindex/ExplicitPrecompiledModules/_limits-9G5V6WGZQTHEMZ6G2PS4VBVYN.scan
    cd /Users/aaronkeen/Documents/My\ Apps/NutraSafe\ Beta/NutraSafeBeta.xcodeproj
    builtin-precompileModule /Users/aaronkeen/Library/Developer/Xcode/DerivedData/NutraSafeBeta-awyabywlaekrybetqgpbjphfxefs/Build/Intermediates.noindex/ExplicitPrecompiledModules/_limits-9G5V6WGZQTHEMZ6G2PS4VBVYN.scan

PrecompileModule /Users/aaronkeen/Library/Developer/Xcode/DerivedData/NutraSafeBeta-awyabywlaekrybetqgpbjphfxefs/Build/Intermediates.noindex/ExplicitPrecompiledModules/_limits-8H61MDEF59FONE8979WJ89BLH.scan
    cd /Users/aaronkeen/Documents/My\ Apps/NutraSafe\ Beta/NutraSafeBeta.xcodeproj
    builtin-precompileModule /Users/aaronkeen/Library/Developer/Xcode/DerivedData/NutraSafeBeta-awyabywlaekrybetqgpbjphfxefs/Build/Intermediates.noindex/ExplicitPrecompiledModules/_limits-8H61MDEF59FONE8979WJ89BLH.scan

PrecompileModule /Users/aaronkeen/Library/Developer/Xcode/DerivedData/NutraSafeBeta-awyabywlaekrybetqgpbjphfxefs/Build/Intermediates.noindex/ExplicitPrecompiledModules/_signal-3J8YTB9R5Z60W632MZ0658X52.scan
    cd /Users/aaronkeen/Documents/My\ Apps/NutraSafe\ Beta/NutraSafeBeta.xcodeproj
    builtin-precompileModule /Users/aaronkeen/Library/Developer/Xcode/DerivedData/NutraSafeBeta-awyabywlaekrybetqgpbjphfxefs/Build/Intermediates.noindex/ExplicitPrecompiledModules/_signal-3J8YTB9R5Z60W632MZ0658X52.scan

PrecompileModule /Users/aaronkeen/Library/Developer/Xcode/DerivedData/NutraSafeBeta-awyabywlaekrybetqgpbjphfxefs/Build/Intermediates.noindex/ExplicitPrecompiledModules/_stdlib-7CWPXND0NDSZPC6R4W8NE5Z7J.scan
    cd /Users/aaronkeen/Documents/My\ Apps/NutraSafe\ Beta/NutraSafeBeta.xcodeproj
    builtin-precompileModule /Users/aaronkeen/Library/Developer/Xcode/DerivedData/NutraSafeBeta-awyabywlaekrybetqgpbjphfxefs/Build/Intermediates.noindex/ExplicitPrecompiledModules/_stdlib-7CWPXND0NDSZPC6R4W8NE5Z7J.scan

PrecompileModule /Users/aaronkeen/Library/Developer/Xcode/DerivedData/NutraSafeBeta-awyabywlaekrybetqgpbjphfxefs/Build/Intermediates.noindex/ExplicitPrecompiledModules/_wchar-88N7KE66LECP1BX6PR1U221X2.scan
    cd /Users/aaronkeen/Documents/My\ Apps/NutraSafe\ Beta/NutraSafeBeta.xcodeproj
    builtin-precompileModule /Users/aaronkeen/Library/Developer/Xcode/DerivedData/NutraSafeBeta-awyabywlaekrybetqgpbjphfxefs/Build/Intermediates.noindex/ExplicitPrecompiledModules/_wchar-88N7KE66LECP1BX6PR1U221X2.scan

PrecompileModule /Users/aaronkeen/Library/Developer/Xcode/DerivedData/NutraSafeBeta-awyabywlaekrybetqgpbjphfxefs/Build/Intermediates.noindex/ExplicitPrecompiledModules/_tgmath-ALAEUI1Y3PSKTX4BETYYKPU0K.scan
    cd /Users/aaronkeen/Documents/My\ Apps/NutraSafe\ Beta/NutraSafeBeta.xcodeproj
    builtin-precompileModule /Users/aaronkeen/Library/Developer/Xcode/DerivedData/NutraSafeBeta-awyabywlaekrybetqgpbjphfxefs/Build/Intermediates.noindex/ExplicitPrecompiledModules/_tgmath-ALAEUI1Y3PSKTX4BETYYKPU0K.scan

PrecompileModule /Users/aaronkeen/Library/Developer/Xcode/DerivedData/NutraSafeBeta-awyabywlaekrybetqgpbjphfxefs/Build/Intermediates.noindex/ExplicitPrecompiledModules/_inttypes-G23TKTZPYUAHK2LA1IFH4O4B.scan
    cd /Users/aaronkeen/Documents/My\ Apps/NutraSafe\ Beta/NutraSafeBeta.xcodeproj
    builtin-precompileModule /Users/aaronkeen/Library/Developer/Xcode/DerivedData/NutraSafeBeta-awyabywlaekrybetqgpbjphfxefs/Build/Intermediates.noindex/ExplicitPrecompiledModules/_inttypes-G23TKTZPYUAHK2LA1IFH4O4B.scan

PrecompileModule /Users/aaronkeen/Library/Developer/Xcode/DerivedData/NutraSafeBeta-awyabywlaekrybetqgpbjphfxefs/Build/Intermediates.noindex/ExplicitPrecompiledModules/_stdlib-BO3ACJXGIZPR66Z13RIND1XLL.scan
    cd /Users/aaronkeen/Documents/My\ Apps/NutraSafe\ Beta/NutraSafeBeta.xcodeproj
    builtin-precompileModule /Users/aaronkeen/Library/Developer/Xcode/DerivedData/NutraSafeBeta-awyabywlaekrybetqgpbjphfxefs/Build/Intermediates.noindex/ExplicitPrecompiledModules/_stdlib-BO3ACJXGIZPR66Z13RIND1XLL.scan

PrecompileModule /Users/aaronkeen/Library/Developer/Xcode/DerivedData/NutraSafeBeta-awyabywlaekrybetqgpbjphfxefs/Build/Intermediates.noindex/ExplicitPrecompiledModules/__wctype-1H0CRE7Q95K39PPXS6IEDV2I.scan
    cd /Users/aaronkeen/Documents/My\ Apps/NutraSafe\ Beta/NutraSafeBeta.xcodeproj
    builtin-precompileModule /Users/aaronkeen/Library/Developer/Xcode/DerivedData/NutraSafeBeta-awyabywlaekrybetqgpbjphfxefs/Build/Intermediates.noindex/ExplicitPrecompiledModules/__wctype-1H0CRE7Q95K39PPXS6IEDV2I.scan

PrecompileModule /Users/aaronkeen/Library/Developer/Xcode/DerivedData/NutraSafeBeta-awyabywlaekrybetqgpbjphfxefs/Build/Intermediates.noindex/ExplicitPrecompiledModules/unistd-DEIE0CTCHGVOQ3KTYJF0YX2DJ.scan
    cd /Users/aaronkeen/Documents/My\ Apps/NutraSafe\ Beta/NutraSafeBeta.xcodeproj
    builtin-precompileModule /Users/aaronkeen/Library/Developer/Xcode/DerivedData/NutraSafeBeta-awyabywlaekrybetqgpbjphfxefs/Build/Intermediates.noindex/ExplicitPrecompiledModules/unistd-DEIE0CTCHGVOQ3KTYJF0YX2DJ.scan

PrecompileModule /Users/aaronkeen/Library/Developer/Xcode/DerivedData/NutraSafeBeta-awyabywlaekrybetqgpbjphfxefs/Build/Intermediates.noindex/ExplicitPrecompiledModules/_Builtin_stdatomic-AF4JBF9DVJKBPW4M3OCNUATG5.scan
    cd /Users/aaronkeen/Documents/My\ Apps/NutraSafe\ Beta/NutraSafeBeta.xcodeproj
    builtin-precompileModule /Users/aaronkeen/Library/Developer/Xcode/DerivedData/NutraSafeBeta-awyabywlaekrybetqgpbjphfxefs/Build/Intermediates.noindex/ExplicitPrecompiledModules/_Builtin_stdatomic-AF4JBF9DVJKBPW4M3OCNUATG5.scan

PrecompileModule /Users/aaronkeen/Library/Developer/Xcode/DerivedData/NutraSafeBeta-awyabywlaekrybetqgpbjphfxefs/Build/Intermediates.noindex/ExplicitPrecompiledModules/_ctype-EGHVE3BJ4KUBG5Y46N5T694F0.scan
    cd /Users/aaronkeen/Documents/My\ Apps/NutraSafe\ Beta/NutraSafeBeta.xcodeproj
    builtin-precompileModule /Users/aaronkeen/Library/Developer/Xcode/DerivedData/NutraSafeBeta-awyabywlaekrybetqgpbjphfxefs/Build/Intermediates.noindex/ExplicitPrecompiledModules/_ctype-EGHVE3BJ4KUBG5Y46N5T694F0.scan

PrecompileModule /Users/aaronkeen/Library/Developer/Xcode/DerivedData/NutraSafeBeta-awyabywlaekrybetqgpbjphfxefs/Build/Intermediates.noindex/ExplicitPrecompiledModules/_Builtin_inttypes-V18534ABSY39BM29X1JH9V1A.scan
    cd /Users/aaronkeen/Documents/My\ Apps/NutraSafe\ Beta/NutraSafeBeta.xcodeproj
    builtin-precompileModule /Users/aaronkeen/Library/Developer/Xcode/DerivedData/NutraSafeBeta-awyabywlaekrybetqgpbjphfxefs/Build/Intermediates.noindex/ExplicitPrecompiledModules/_Builtin_inttypes-V18534ABSY39BM29X1JH9V1A.scan

PrecompileModule /Users/aaronkeen/Library/Developer/Xcode/DerivedData/NutraSafeBeta-awyabywlaekrybetqgpbjphfxefs/Build/Intermediates.noindex/ExplicitPrecompiledModules/nl_types-FTLQYN6AU1WBHO291AQQ1I5Q.scan
    cd /Users/aaronkeen/Documents/My\ Apps/NutraSafe\ Beta/NutraSafeBeta.xcodeproj
    builtin-precompileModule /Users/aaronkeen/Library/Developer/Xcode/DerivedData/NutraSafeBeta-awyabywlaekrybetqgpbjphfxefs/Build/Intermediates.noindex/ExplicitPrecompiledModules/nl_types-FTLQYN6AU1WBHO291AQQ1I5Q.scan

PrecompileModule /Users/aaronkeen/Library/Developer/Xcode/DerivedData/NutraSafeBeta-awyabywlaekrybetqgpbjphfxefs/Build/Intermediates.noindex/ExplicitPrecompiledModules/sys_types-312TAUAKJAU8T0RZCH3NAOHXL.scan
    cd /Users/aaronkeen/Documents/My\ Apps/NutraSafe\ Beta/NutraSafeBeta.xcodeproj
    builtin-precompileModule /Users/aaronkeen/Library/Developer/Xcode/DerivedData/NutraSafeBeta-awyabywlaekrybetqgpbjphfxefs/Build/Intermediates.noindex/ExplicitPrecompiledModules/sys_types-312TAUAKJAU8T0RZCH3NAOHXL.scan

PrecompileModule /Users/aaronkeen/Library/Developer/Xcode/DerivedData/NutraSafeBeta-awyabywlaekrybetqgpbjphfxefs/Build/Intermediates.noindex/ExplicitPrecompiledModules/_time-8KH0O016TG515P28AZL73LQ0F.scan
    cd /Users/aaronkeen/Documents/My\ Apps/NutraSafe\ Beta/NutraSafeBeta.xcodeproj
    builtin-precompileModule /Users/aaronkeen/Library/Developer/Xcode/DerivedData/NutraSafeBeta-awyabywlaekrybetqgpbjphfxefs/Build/Intermediates.noindex/ExplicitPrecompiledModules/_time-8KH0O016TG515P28AZL73LQ0F.scan

PrecompileModule /Users/aaronkeen/Library/Developer/Xcode/DerivedData/NutraSafeBeta-awyabywlaekrybetqgpbjphfxefs/Build/Intermediates.noindex/ExplicitPrecompiledModules/_math-9JC5LH5EXY7WZLVF2BU8WSYRG.scan
    cd /Users/aaronkeen/Documents/My\ Apps/NutraSafe\ Beta/NutraSafeBeta.xcodeproj
    builtin-precompileModule /Users/aaronkeen/Library/Developer/Xcode/DerivedData/NutraSafeBeta-awyabywlaekrybetqgpbjphfxefs/Build/Intermediates.noindex/ExplicitPrecompiledModules/_math-9JC5LH5EXY7WZLVF2BU8WSYRG.scan

PrecompileModule /Users/aaronkeen/Library/Developer/Xcode/DerivedData/NutraSafeBeta-awyabywlaekrybetqgpbjphfxefs/Build/Intermediates.noindex/ExplicitPrecompiledModules/_Builtin_limits-4KF418SCYN2L0T6GLWGLOFGN6.scan
    cd /Users/aaronkeen/Documents/My\ Apps/NutraSafe\ Beta/NutraSafeBeta.xcodeproj
    builtin-precompileModule /Users/aaronkeen/Library/Developer/Xcode/DerivedData/NutraSafeBeta-awyabywlaekrybetqgpbjphfxefs/Build/Intermediates.noindex/ExplicitPrecompiledModules/_Builtin_limits-4KF418SCYN2L0T6GLWGLOFGN6.scan

PrecompileModule /Users/aaronkeen/Library/Developer/Xcode/DerivedData/NutraSafeBeta-awyabywlaekrybetqgpbjphfxefs/Build/Intermediates.noindex/ExplicitPrecompiledModules/pthread-6MCBETOMQV2CMGJRQRVKZJ0V1.scan
    cd /Users/aaronkeen/Documents/My\ Apps/NutraSafe\ Beta/NutraSafeBeta.xcodeproj
    builtin-precompileModule /Users/aaronkeen/Library/Developer/Xcode/DerivedData/NutraSafeBeta-awyabywlaekrybetqgpbjphfxefs/Build/Intermediates.noindex/ExplicitPrecompiledModules/pthread-6MCBETOMQV2CMGJRQRVKZJ0V1.scan

PrecompileModule /Users/aaronkeen/Library/Developer/Xcode/DerivedData/NutraSafeBeta-awyabywlaekrybetqgpbjphfxefs/Build/Intermediates.noindex/ExplicitPrecompiledModules/_useconds_t-2MHT4QYLLG17642U73F5X8LI1.scan
    cd /Users/aaronkeen/Documents/My\ Apps/NutraSafe\ Beta/NutraSafeBeta.xcodeproj
    builtin-precompileModule /Users/aaronkeen/Library/Developer/Xcode/DerivedData/NutraSafeBeta-awyabywlaekrybetqgpbjphfxefs/Build/Intermediates.noindex/ExplicitPrecompiledModules/_useconds_t-2MHT4QYLLG17642U73F5X8LI1.scan

PrecompileModule /Users/aaronkeen/Library/Developer/Xcode/DerivedData/NutraSafeBeta-awyabywlaekrybetqgpbjphfxefs/Build/Intermediates.noindex/ExplicitPrecompiledModules/_Builtin_tgmath-77Q4CH1I7IBDVHF9HGHQMQO5X.scan
    cd /Users/aaronkeen/Documents/My\ Apps/NutraSafe\ Beta/NutraSafeBeta.xcodeproj
    builtin-precompileModule /Users/aaronkeen/Library/Developer/Xcode/DerivedData/NutraSafeBeta-awyabywlaekrybetqgpbjphfxefs/Build/Intermediates.noindex/ExplicitPrecompiledModules/_Builtin_tgmath-77Q4CH1I7IBDVHF9HGHQMQO5X.scan

PrecompileModule /Users/aaronkeen/Library/Developer/Xcode/DerivedData/NutraSafeBeta-awyabywlaekrybetqgpbjphfxefs/Build/Intermediates.noindex/ExplicitPrecompiledModules/sys_wait-2IKG6ZDIU504I2B3KAEBXKIB9.scan
    cd /Users/aaronkeen/Documents/My\ Apps/NutraSafe\ Beta/NutraSafeBeta.xcodeproj
    builtin-precompileModule /Users/aaronkeen/Library/Developer/Xcode/DerivedData/NutraSafeBeta-awyabywlaekrybetqgpbjphfxefs/Build/Intermediates.noindex/ExplicitPrecompiledModules/sys_wait-2IKG6ZDIU504I2B3KAEBXKIB9.scan

PrecompileModule /Users/aaronkeen/Library/Developer/Xcode/DerivedData/NutraSafeBeta-awyabywlaekrybetqgpbjphfxefs/Build/Intermediates.noindex/ExplicitPrecompiledModules/_Builtin_inttypes-222NZ6D4L4XZTJNM5XBGW7O9Q.scan
    cd /Users/aaronkeen/Documents/My\ Apps/NutraSafe\ Beta/NutraSafeBeta.xcodeproj
    builtin-precompileModule /Users/aaronkeen/Library/Developer/Xcode/DerivedData/NutraSafeBeta-awyabywlaekrybetqgpbjphfxefs/Build/Intermediates.noindex/ExplicitPrecompiledModules/_Builtin_inttypes-222NZ6D4L4XZTJNM5XBGW7O9Q.scan

PrecompileModule /Users/aaronkeen/Library/Developer/Xcode/DerivedData/NutraSafeBeta-awyabywlaekrybetqgpbjphfxefs/Build/Intermediates.noindex/ExplicitPrecompiledModules/_Builtin_limits-7HRVKK8C5BA60RE02K70G2P7N.scan
    cd /Users/aaronkeen/Documents/My\ Apps/NutraSafe\ Beta/NutraSafeBeta.xcodeproj
    builtin-precompileModule /Users/aaronkeen/Library/Developer/Xcode/DerivedData/NutraSafeBeta-awyabywlaekrybetqgpbjphfxefs/Build/Intermediates.noindex/ExplicitPrecompiledModules/_Builtin_limits-7HRVKK8C5BA60RE02K70G2P7N.scan

PrecompileModule /Users/aaronkeen/Library/Developer/Xcode/DerivedData/NutraSafeBeta-awyabywlaekrybetqgpbjphfxefs/Build/Intermediates.noindex/ExplicitPrecompiledModules/_wctype-AAO5H8W7VWUK1EITYSSMSBOJR.scan
    cd /Users/aaronkeen/Documents/My\ Apps/NutraSafe\ Beta/NutraSafeBeta.xcodeproj
    builtin-precompileModule /Users/aaronkeen/Library/Developer/Xcode/DerivedData/NutraSafeBeta-awyabywlaekrybetqgpbjphfxefs/Build/Intermediates.noindex/ExplicitPrecompiledModules/_wctype-AAO5H8W7VWUK1EITYSSMSBOJR.scan

ScanDependencies /Users/aaronkeen/Library/Developer/Xcode/DerivedData/NutraSafeBeta-awyabywlaekrybetqgpbjphfxefs/Build/Intermediates.noindex/Firebase.build/Debug-iphonesimulator/FirebaseCoreExtension.build/Objects-normal/arm64/dummy.o /Users/aaronkeen/Library/Developer/Xcode/DerivedData/NutraSafeBeta-awyabywlaekrybetqgpbjphfxefs/SourcePackages/checkouts/firebase-ios-sdk/FirebaseCore/Extension/dummy.m normal arm64 objective-c com.apple.compilers.llvm.clang.1_0.compiler (in target 'FirebaseCoreExtension' from project 'Firebase')
    cd /Users/aaronkeen/Documents/My\ Apps/NutraSafe\ Beta/NutraSafeBeta.xcodeproj
    
    Using response file: /Users/aaronkeen/Library/Developer/Xcode/DerivedData/NutraSafeBeta-awyabywlaekrybetqgpbjphfxefs/Build/Intermediates.noindex/Firebase.build/Debug-iphonesimulator/FirebaseCoreExtension.build/Objects-normal/arm64/e6072d4f65d7061329687fe24e3d63a7-common-args.resp
    
    builtin-ScanDependencies -o /Users/aaronkeen/Library/Developer/Xcode/DerivedData/NutraSafeBeta-awyabywlaekrybetqgpbjphfxefs/Build/Intermediates.noindex/Firebase.build/Debug-iphonesimulator/FirebaseCoreExtension.build/Objects-normal/arm64/dummy.o.scan -- /Applications/Xcode.app/Contents/Developer/Toolchains/XcodeDefault.xctoolchain/usr/bin/clang -x objective-c -ivfsstatcache /Users/aaronkeen/Library/Developer/Xcode/DerivedData/SDKStatCaches.noindex/iphonesimulator18.5-22F76-d5fc8ad4295d2ef488fb7d0f804ce0c4.sdkstatcache -fmessage-length\=0 -fdiagnostics-show-note-include-stack -fmacro-backtrace-limit\=0 -fno-color-diagnostics -fmodules-prune-interval\=86400 -fmodules-prune-after\=345600 -fbuild-session-file\=/Users/aaronkeen/Library/Developer/Xcode/DerivedData/ModuleCache.noindex/Session.modulevalidation -fmodules-validate-once-per-build-session -Wnon-modular-include-in-framework-module -Werror\=non-modular-include-in-framework-module -Wno-trigraphs -Wno-missing-field-initializers -Wno-missing-prototypes -Wno-return-type -Wno-implicit-atomic-properties -Wno-objc-interface-ivars -Wno-arc-repeated-use-of-weak -Wno-missing-braces -Wparentheses -Wswitch -Wno-unused-function -Wno-unused-label -Wno-unused-parameter -Wno-unused-variable -Wunused-value -Wno-empty-body -Wno-uninitialized -Wno-unknown-pragmas -w -Wno-shadow -Wno-four-char-constants -Wno-conversion -Wno-constant-conversion -Wno-int-conversion -Wno-bool-conversion -Wno-enum-conversion -Wno-float-conversion -Wno-non-literal-null-conversion -Wno-objc-literal-conversion -Wshorten-64-to-32 -Wpointer-sign -Wno-newline-eof -Wno-selector -Wno-strict-selector-match -Wno-undeclared-selector -Wno-deprecated-implementations -Wno-implicit-fallthrough -fstrict-aliasing -Wprotocol -Wdeprecated-declarations -Wno-sign-conversion -Wno-infinite-recursion -Wno-comma -Wno-block-capture-autoreleasing -Wno-strict-prototypes -Wno-semicolon-before-method-body -index-store-path /Users/aaronkeen/Library/Developer/Xcode/DerivedData/NutraSafeBeta-awyabywlaekrybetqgpbjphfxefs/Index.noindex/DataStore @/Users/aaronkeen/Library/Developer/Xcode/DerivedData/NutraSafeBeta-awyabywlaekrybetqgpbjphfxefs/Build/Intermediates.noindex/Firebase.build/Debug-iphonesimulator/FirebaseCoreExtension.build/Objects-normal/arm64/e6072d4f65d7061329687fe24e3d63a7-common-args.resp -include /Users/aaronkeen/Library/Developer/Xcode/DerivedData/NutraSafeBeta-awyabywlaekrybetqgpbjphfxefs/Build/Intermediates.noindex/Firebase.build/Debug-iphonesimulator/FirebaseCoreExtension.build/DerivedSources/resource_bundle_accessor.h -MMD -MT dependencies -MF /Users/aaronkeen/Library/Developer/Xcode/DerivedData/NutraSafeBeta-awyabywlaekrybetqgpbjphfxefs/Build/Intermediates.noindex/Firebase.build/Debug-iphonesimulator/FirebaseCoreExtension.build/Objects-normal/arm64/dummy.d --serialize-diagnostics /Users/aaronkeen/Library/Developer/Xcode/DerivedData/NutraSafeBeta-awyabywlaekrybetqgpbjphfxefs/Build/Intermediates.noindex/Firebase.build/Debug-iphonesimulator/FirebaseCoreExtension.build/Objects-normal/arm64/dummy.dia -c /Users/aaronkeen/Library/Developer/Xcode/DerivedData/NutraSafeBeta-awyabywlaekrybetqgpbjphfxefs/SourcePackages/checkouts/firebase-ios-sdk/FirebaseCore/Extension/dummy.m -o /Users/aaronkeen/Library/Developer/Xcode/DerivedData/NutraSafeBeta-awyabywlaekrybetqgpbjphfxefs/Build/Intermediates.noindex/Firebase.build/Debug-iphonesimulator/FirebaseCoreExtension.build/Objects-normal/arm64/dummy.o -index-unit-output-path /Firebase.build/Debug-iphonesimulator/FirebaseCoreExtension.build/Objects-normal/arm64/dummy.o

ScanDependencies /Users/aaronkeen/Library/Developer/Xcode/DerivedData/NutraSafeBeta-awyabywlaekrybetqgpbjphfxefs/Build/Intermediates.noindex/Firebase.build/Debug-iphonesimulator/FirebaseAuthInterop.build/Objects-normal/arm64/dummy.o /Users/aaronkeen/Library/Developer/Xcode/DerivedData/NutraSafeBeta-awyabywlaekrybetqgpbjphfxefs/SourcePackages/checkouts/firebase-ios-sdk/FirebaseAuth/Interop/dummy.m normal arm64 objective-c com.apple.compilers.llvm.clang.1_0.compiler (in target 'FirebaseAuthInterop' from project 'Firebase')
    cd /Users/aaronkeen/Documents/My\ Apps/NutraSafe\ Beta/NutraSafeBeta.xcodeproj
    
    Using response file: /Users/aaronkeen/Library/Developer/Xcode/DerivedData/NutraSafeBeta-awyabywlaekrybetqgpbjphfxefs/Build/Intermediates.noindex/Firebase.build/Debug-iphonesimulator/FirebaseAuthInterop.build/Objects-normal/arm64/e6072d4f65d7061329687fe24e3d63a7-common-args.resp
    
    builtin-ScanDependencies -o /Users/aaronkeen/Library/Developer/Xcode/DerivedData/NutraSafeBeta-awyabywlaekrybetqgpbjphfxefs/Build/Intermediates.noindex/Firebase.build/Debug-iphonesimulator/FirebaseAuthInterop.build/Objects-normal/arm64/dummy.o.scan -- /Applications/Xcode.app/Contents/Developer/Toolchains/XcodeDefault.xctoolchain/usr/bin/clang -x objective-c -ivfsstatcache /Users/aaronkeen/Library/Developer/Xcode/DerivedData/SDKStatCaches.noindex/iphonesimulator18.5-22F76-d5fc8ad4295d2ef488fb7d0f804ce0c4.sdkstatcache -fmessage-length\=0 -fdiagnostics-show-note-include-stack -fmacro-backtrace-limit\=0 -fno-color-diagnostics -fmodules-prune-interval\=86400 -fmodules-prune-after\=345600 -fbuild-session-file\=/Users/aaronkeen/Library/Developer/Xcode/DerivedData/ModuleCache.noindex/Session.modulevalidation -fmodules-validate-once-per-build-session -Wnon-modular-include-in-framework-module -Werror\=non-modular-include-in-framework-module -Wno-trigraphs -Wno-missing-field-initializers -Wno-missing-prototypes -Wno-return-type -Wno-implicit-atomic-properties -Wno-objc-interface-ivars -Wno-arc-repeated-use-of-weak -Wno-missing-braces -Wparentheses -Wswitch -Wno-unused-function -Wno-unused-label -Wno-unused-parameter -Wno-unused-variable -Wunused-value -Wno-empty-body -Wno-uninitialized -Wno-unknown-pragmas -w -Wno-shadow -Wno-four-char-constants -Wno-conversion -Wno-constant-conversion -Wno-int-conversion -Wno-bool-conversion -Wno-enum-conversion -Wno-float-conversion -Wno-non-literal-null-conversion -Wno-objc-literal-conversion -Wshorten-64-to-32 -Wpointer-sign -Wno-newline-eof -Wno-selector -Wno-strict-selector-match -Wno-undeclared-selector -Wno-deprecated-implementations -Wno-implicit-fallthrough -fstrict-aliasing -Wprotocol -Wdeprecated-declarations -Wno-sign-conversion -Wno-infinite-recursion -Wno-comma -Wno-block-capture-autoreleasing -Wno-strict-prototypes -Wno-semicolon-before-method-body -index-store-path /Users/aaronkeen/Library/Developer/Xcode/DerivedData/NutraSafeBeta-awyabywlaekrybetqgpbjphfxefs/Index.noindex/DataStore @/Users/aaronkeen/Library/Developer/Xcode/DerivedData/NutraSafeBeta-awyabywlaekrybetqgpbjphfxefs/Build/Intermediates.noindex/Firebase.build/Debug-iphonesimulator/FirebaseAuthInterop.build/Objects-normal/arm64/e6072d4f65d7061329687fe24e3d63a7-common-args.resp -MMD -MT dependencies -MF /Users/aaronkeen/Library/Developer/Xcode/DerivedData/NutraSafeBeta-awyabywlaekrybetqgpbjphfxefs/Build/Intermediates.noindex/Firebase.build/Debug-iphonesimulator/FirebaseAuthInterop.build/Objects-normal/arm64/dummy.d --serialize-diagnostics /Users/aaronkeen/Library/Developer/Xcode/DerivedData/NutraSafeBeta-awyabywlaekrybetqgpbjphfxefs/Build/Intermediates.noindex/Firebase.build/Debug-iphonesimulator/FirebaseAuthInterop.build/Objects-normal/arm64/dummy.dia -c /Users/aaronkeen/Library/Developer/Xcode/DerivedData/NutraSafeBeta-awyabywlaekrybetqgpbjphfxefs/SourcePackages/checkouts/firebase-ios-sdk/FirebaseAuth/Interop/dummy.m -o /Users/aaronkeen/Library/Developer/Xcode/DerivedData/NutraSafeBeta-awyabywlaekrybetqgpbjphfxefs/Build/Intermediates.noindex/Firebase.build/Debug-iphonesimulator/FirebaseAuthInterop.build/Objects-normal/arm64/dummy.o -index-unit-output-path /Firebase.build/Debug-iphonesimulator/FirebaseAuthInterop.build/Objects-normal/arm64/dummy.o

ScanDependencies /Users/aaronkeen/Library/Developer/Xcode/DerivedData/NutraSafeBeta-awyabywlaekrybetqgpbjphfxefs/Build/Intermediates.noindex/Firebase.build/Debug-iphonesimulator/FirebaseAppCheckInterop.build/Objects-normal/arm64/dummy.o /Users/aaronkeen/Library/Developer/Xcode/DerivedData/NutraSafeBeta-awyabywlaekrybetqgpbjphfxefs/SourcePackages/checkouts/firebase-ios-sdk/FirebaseAppCheck/Interop/dummy.m normal arm64 objective-c com.apple.compilers.llvm.clang.1_0.compiler (in target 'FirebaseAppCheckInterop' from project 'Firebase')
    cd /Users/aaronkeen/Documents/My\ Apps/NutraSafe\ Beta/NutraSafeBeta.xcodeproj
    
    Using response file: /Users/aaronkeen/Library/Developer/Xcode/DerivedData/NutraSafeBeta-awyabywlaekrybetqgpbjphfxefs/Build/Intermediates.noindex/Firebase.build/Debug-iphonesimulator/FirebaseAppCheckInterop.build/Objects-normal/arm64/e6072d4f65d7061329687fe24e3d63a7-common-args.resp
    
    builtin-ScanDependencies -o /Users/aaronkeen/Library/Developer/Xcode/DerivedData/NutraSafeBeta-awyabywlaekrybetqgpbjphfxefs/Build/Intermediates.noindex/Firebase.build/Debug-iphonesimulator/FirebaseAppCheckInterop.build/Objects-normal/arm64/dummy.o.scan -- /Applications/Xcode.app/Contents/Developer/Toolchains/XcodeDefault.xctoolchain/usr/bin/clang -x objective-c -ivfsstatcache /Users/aaronkeen/Library/Developer/Xcode/DerivedData/SDKStatCaches.noindex/iphonesimulator18.5-22F76-d5fc8ad4295d2ef488fb7d0f804ce0c4.sdkstatcache -fmessage-length\=0 -fdiagnostics-show-note-include-stack -fmacro-backtrace-limit\=0 -fno-color-diagnostics -fmodules-prune-interval\=86400 -fmodules-prune-after\=345600 -fbuild-session-file\=/Users/aaronkeen/Library/Developer/Xcode/DerivedData/ModuleCache.noindex/Session.modulevalidation -fmodules-validate-once-per-build-session -Wnon-modular-include-in-framework-module -Werror\=non-modular-include-in-framework-module -Wno-trigraphs -Wno-missing-field-initializers -Wno-missing-prototypes -Wno-return-type -Wno-implicit-atomic-properties -Wno-objc-interface-ivars -Wno-arc-repeated-use-of-weak -Wno-missing-braces -Wparentheses -Wswitch -Wno-unused-function -Wno-unused-label -Wno-unused-parameter -Wno-unused-variable -Wunused-value -Wno-empty-body -Wno-uninitialized -Wno-unknown-pragmas -w -Wno-shadow -Wno-four-char-constants -Wno-conversion -Wno-constant-conversion -Wno-int-conversion -Wno-bool-conversion -Wno-enum-conversion -Wno-float-conversion -Wno-non-literal-null-conversion -Wno-objc-literal-conversion -Wshorten-64-to-32 -Wpointer-sign -Wno-newline-eof -Wno-selector -Wno-strict-selector-match -Wno-undeclared-selector -Wno-deprecated-implementations -Wno-implicit-fallthrough -fstrict-aliasing -Wprotocol -Wdeprecated-declarations -Wno-sign-conversion -Wno-infinite-recursion -Wno-comma -Wno-block-capture-autoreleasing -Wno-strict-prototypes -Wno-semicolon-before-method-body -index-store-path /Users/aaronkeen/Library/Developer/Xcode/DerivedData/NutraSafeBeta-awyabywlaekrybetqgpbjphfxefs/Index.noindex/DataStore @/Users/aaronkeen/Library/Developer/Xcode/DerivedData/NutraSafeBeta-awyabywlaekrybetqgpbjphfxefs/Build/Intermediates.noindex/Firebase.build/Debug-iphonesimulator/FirebaseAppCheckInterop.build/Objects-normal/arm64/e6072d4f65d7061329687fe24e3d63a7-common-args.resp -MMD -MT dependencies -MF /Users/aaronkeen/Library/Developer/Xcode/DerivedData/NutraSafeBeta-awyabywlaekrybetqgpbjphfxefs/Build/Intermediates.noindex/Firebase.build/Debug-iphonesimulator/FirebaseAppCheckInterop.build/Objects-normal/arm64/dummy.d --serialize-diagnostics /Users/aaronkeen/Library/Developer/Xcode/DerivedData/NutraSafeBeta-awyabywlaekrybetqgpbjphfxefs/Build/Intermediates.noindex/Firebase.build/Debug-iphonesimulator/FirebaseAppCheckInterop.build/Objects-normal/arm64/dummy.dia -c /Users/aaronkeen/Library/Developer/Xcode/DerivedData/NutraSafeBeta-awyabywlaekrybetqgpbjphfxefs/SourcePackages/checkouts/firebase-ios-sdk/FirebaseAppCheck/Interop/dummy.m -o /Users/aaronkeen/Library/Developer/Xcode/DerivedData/NutraSafeBeta-awyabywlaekrybetqgpbjphfxefs/Build/Intermediates.noindex/Firebase.build/Debug-iphonesimulator/FirebaseAppCheckInterop.build/Objects-normal/arm64/dummy.o -index-unit-output-path /Firebase.build/Debug-iphonesimulator/FirebaseAppCheckInterop.build/Objects-normal/arm64/dummy.o

ScanDependencies /Users/aaronkeen/Library/Developer/Xcode/DerivedData/NutraSafeBeta-awyabywlaekrybetqgpbjphfxefs/Build/Intermediates.noindex/Firebase.build/Debug-iphonesimulator/Firebase.build/Objects-normal/arm64/dummy.o /Users/aaronkeen/Library/Developer/Xcode/DerivedData/NutraSafeBeta-awyabywlaekrybetqgpbjphfxefs/SourcePackages/checkouts/firebase-ios-sdk/CoreOnly/Sources/dummy.m normal arm64 objective-c com.apple.compilers.llvm.clang.1_0.compiler (in target 'Firebase' from project 'Firebase')
    cd /Users/aaronkeen/Documents/My\ Apps/NutraSafe\ Beta/NutraSafeBeta.xcodeproj
    
    Using response file: /Users/aaronkeen/Library/Developer/Xcode/DerivedData/NutraSafeBeta-awyabywlaekrybetqgpbjphfxefs/Build/Intermediates.noindex/Firebase.build/Debug-iphonesimulator/Firebase.build/Objects-normal/arm64/e6072d4f65d7061329687fe24e3d63a7-common-args.resp
    
    builtin-ScanDependencies -o /Users/aaronkeen/Library/Developer/Xcode/DerivedData/NutraSafeBeta-awyabywlaekrybetqgpbjphfxefs/Build/Intermediates.noindex/Firebase.build/Debug-iphonesimulator/Firebase.build/Objects-normal/arm64/dummy.o.scan -- /Applications/Xcode.app/Contents/Developer/Toolchains/XcodeDefault.xctoolchain/usr/bin/clang -x objective-c -ivfsstatcache /Users/aaronkeen/Library/Developer/Xcode/DerivedData/SDKStatCaches.noindex/iphonesimulator18.5-22F76-d5fc8ad4295d2ef488fb7d0f804ce0c4.sdkstatcache -fmessage-length\=0 -fdiagnostics-show-note-include-stack -fmacro-backtrace-limit\=0 -fno-color-diagnostics -fmodules-prune-interval\=86400 -fmodules-prune-after\=345600 -fbuild-session-file\=/Users/aaronkeen/Library/Developer/Xcode/DerivedData/ModuleCache.noindex/Session.modulevalidation -fmodules-validate-once-per-build-session -Wnon-modular-include-in-framework-module -Werror\=non-modular-include-in-framework-module -Wno-trigraphs -Wno-missing-field-initializers -Wno-missing-prototypes -Wno-return-type -Wno-implicit-atomic-properties -Wno-objc-interface-ivars -Wno-arc-repeated-use-of-weak -Wno-missing-braces -Wparentheses -Wswitch -Wno-unused-function -Wno-unused-label -Wno-unused-parameter -Wno-unused-variable -Wunused-value -Wno-empty-body -Wno-uninitialized -Wno-unknown-pragmas -w -Wno-shadow -Wno-four-char-constants -Wno-conversion -Wno-constant-conversion -Wno-int-conversion -Wno-bool-conversion -Wno-enum-conversion -Wno-float-conversion -Wno-non-literal-null-conversion -Wno-objc-literal-conversion -Wshorten-64-to-32 -Wpointer-sign -Wno-newline-eof -Wno-selector -Wno-strict-selector-match -Wno-undeclared-selector -Wno-deprecated-implementations -Wno-implicit-fallthrough -fstrict-aliasing -Wprotocol -Wdeprecated-declarations -Wno-sign-conversion -Wno-infinite-recursion -Wno-comma -Wno-block-capture-autoreleasing -Wno-strict-prototypes -Wno-semicolon-before-method-body -index-store-path /Users/aaronkeen/Library/Developer/Xcode/DerivedData/NutraSafeBeta-awyabywlaekrybetqgpbjphfxefs/Index.noindex/DataStore @/Users/aaronkeen/Library/Developer/Xcode/DerivedData/NutraSafeBeta-awyabywlaekrybetqgpbjphfxefs/Build/Intermediates.noindex/Firebase.build/Debug-iphonesimulator/Firebase.build/Objects-normal/arm64/e6072d4f65d7061329687fe24e3d63a7-common-args.resp -MMD -MT dependencies -MF /Users/aaronkeen/Library/Developer/Xcode/DerivedData/NutraSafeBeta-awyabywlaekrybetqgpbjphfxefs/Build/Intermediates.noindex/Firebase.build/Debug-iphonesimulator/Firebase.build/Objects-normal/arm64/dummy.d --serialize-diagnostics /Users/aaronkeen/Library/Developer/Xcode/DerivedData/NutraSafeBeta-awyabywlaekrybetqgpbjphfxefs/Build/Intermediates.noindex/Firebase.build/Debug-iphonesimulator/Firebase.build/Objects-normal/arm64/dummy.dia -c /Users/aaronkeen/Library/Developer/Xcode/DerivedData/NutraSafeBeta-awyabywlaekrybetqgpbjphfxefs/SourcePackages/checkouts/firebase-ios-sdk/CoreOnly/Sources/dummy.m -o /Users/aaronkeen/Library/Developer/Xcode/DerivedData/NutraSafeBeta-awyabywlaekrybetqgpbjphfxefs/Build/Intermediates.noindex/Firebase.build/Debug-iphonesimulator/Firebase.build/Objects-normal/arm64/dummy.o -index-unit-output-path /Firebase.build/Debug-iphonesimulator/Firebase.build/Objects-normal/arm64/dummy.o

ProcessXCFramework /Users/aaronkeen/Library/Developer/Xcode/DerivedData/NutraSafeBeta-awyabywlaekrybetqgpbjphfxefs/SourcePackages/artifacts/firebase-ios-sdk/FirebaseFirestoreInternal/FirebaseFirestoreInternal.xcframework /Users/aaronkeen/Library/Developer/Xcode/DerivedData/NutraSafeBeta-awyabywlaekrybetqgpbjphfxefs/Build/Products/Debug-iphonesimulator/FirebaseFirestoreInternal.framework ios simulator
    cd /Users/aaronkeen/Documents/My\ Apps/NutraSafe\ Beta/NutraSafeBeta.xcodeproj
    builtin-process-xcframework --xcframework /Users/aaronkeen/Library/Developer/Xcode/DerivedData/NutraSafeBeta-awyabywlaekrybetqgpbjphfxefs/SourcePackages/artifacts/firebase-ios-sdk/FirebaseFirestoreInternal/FirebaseFirestoreInternal.xcframework --platform ios --environment simulator --target-path /Users/aaronkeen/Library/Developer/Xcode/DerivedData/NutraSafeBeta-awyabywlaekrybetqgpbjphfxefs/Build/Products/Debug-iphonesimulator
/Users/aaronkeen/Library/Developer/Xcode/DerivedData/NutraSafeBeta-awyabywlaekrybetqgpbjphfxefs/SourcePackages/artifacts/firebase-ios-sdk/FirebaseFirestoreInternal/FirebaseFirestoreInternal.xcframework:1:1: note: The identity of “FirebaseFirestoreInternal.xcframework” is not recorded in your project.

CompileC /Users/aaronkeen/Library/Developer/Xcode/DerivedData/NutraSafeBeta-awyabywlaekrybetqgpbjphfxefs/Build/Intermediates.noindex/nanopb.build/Debug-iphonesimulator/nanopb.build/Objects-normal/arm64/pb_encode.o /Users/aaronkeen/Library/Developer/Xcode/DerivedData/NutraSafeBeta-awyabywlaekrybetqgpbjphfxefs/SourcePackages/checkouts/nanopb/pb_encode.c normal arm64 c com.apple.compilers.llvm.clang.1_0.compiler (in target 'nanopb' from project 'nanopb')
    cd /Users/aaronkeen/Documents/My\ Apps/NutraSafe\ Beta/NutraSafeBeta.xcodeproj
    
    Using response file: /Users/aaronkeen/Library/Developer/Xcode/DerivedData/NutraSafeBeta-awyabywlaekrybetqgpbjphfxefs/Build/Intermediates.noindex/nanopb.build/Debug-iphonesimulator/nanopb.build/Objects-normal/arm64/7187679823f38a2a940e0043cdf9d637-common-args.resp
    
    /Applications/Xcode.app/Contents/Developer/Toolchains/XcodeDefault.xctoolchain/usr/bin/clang -x c -ivfsstatcache /Users/aaronkeen/Library/Developer/Xcode/DerivedData/SDKStatCaches.noindex/iphonesimulator18.5-22F76-d5fc8ad4295d2ef488fb7d0f804ce0c4.sdkstatcache -fmessage-length\=0 -fdiagnostics-show-note-include-stack -fmacro-backtrace-limit\=0 -fno-color-diagnostics -fmodules-prune-interval\=86400 -fmodules-prune-after\=345600 -fbuild-session-file\=/Users/aaronkeen/Library/Developer/Xcode/DerivedData/ModuleCache.noindex/Session.modulevalidation -fmodules-validate-once-per-build-session -Wnon-modular-include-in-framework-module -Werror\=non-modular-include-in-framework-module -Wno-trigraphs -Wno-missing-field-initializers -Wno-missing-prototypes -Wno-return-type -Wno-missing-braces -Wparentheses -Wswitch -Wno-unused-function -Wno-unused-label -Wno-unused-parameter -Wno-unused-variable -Wunused-value -Wno-empty-body -Wno-uninitialized -Wno-unknown-pragmas -w -Wno-shadow -Wno-four-char-constants -Wno-conversion -Wno-constant-conversion -Wno-int-conversion -Wno-bool-conversion -Wno-enum-conversion -Wno-float-conversion -Wno-non-literal-null-conversion -Wno-objc-literal-conversion -Wshorten-64-to-32 -Wpointer-sign -Wno-newline-eof -Wno-implicit-fallthrough -fstrict-aliasing -Wdeprecated-declarations -Wno-sign-conversion -Wno-infinite-recursion -Wno-comma -Wno-block-capture-autoreleasing -Wno-strict-prototypes -Wno-semicolon-before-method-body -index-store-path /Users/aaronkeen/Library/Developer/Xcode/DerivedData/NutraSafeBeta-awyabywlaekrybetqgpbjphfxefs/Index.noindex/DataStore @/Users/aaronkeen/Library/Developer/Xcode/DerivedData/NutraSafeBeta-awyabywlaekrybetqgpbjphfxefs/Build/Intermediates.noindex/nanopb.build/Debug-iphonesimulator/nanopb.build/Objects-normal/arm64/7187679823f38a2a940e0043cdf9d637-common-args.resp -MMD -MT dependencies -MF /Users/aaronkeen/Library/Developer/Xcode/DerivedData/NutraSafeBeta-awyabywlaekrybetqgpbjphfxefs/Build/Intermediates.noindex/nanopb.build/Debug-iphonesimulator/nanopb.build/Objects-normal/arm64/pb_encode.d --serialize-diagnostics /Users/aaronkeen/Library/Developer/Xcode/DerivedData/NutraSafeBeta-awyabywlaekrybetqgpbjphfxefs/Build/Intermediates.noindex/nanopb.build/Debug-iphonesimulator/nanopb.build/Objects-normal/arm64/pb_encode.dia -c /Users/aaronkeen/Library/Developer/Xcode/DerivedData/NutraSafeBeta-awyabywlaekrybetqgpbjphfxefs/SourcePackages/checkouts/nanopb/pb_encode.c -o /Users/aaronkeen/Library/Developer/Xcode/DerivedData/NutraSafeBeta-awyabywlaekrybetqgpbjphfxefs/Build/Intermediates.noindex/nanopb.build/Debug-iphonesimulator/nanopb.build/Objects-normal/arm64/pb_encode.o -index-unit-output-path /nanopb.build/Debug-iphonesimulator/nanopb.build/Objects-normal/arm64/pb_encode.o

CompileC /Users/aaronkeen/Library/Developer/Xcode/DerivedData/NutraSafeBeta-awyabywlaekrybetqgpbjphfxefs/Build/Intermediates.noindex/nanopb.build/Debug-iphonesimulator/nanopb.build/Objects-normal/arm64/pb_decode.o /Users/aaronkeen/Library/Developer/Xcode/DerivedData/NutraSafeBeta-awyabywlaekrybetqgpbjphfxefs/SourcePackages/checkouts/nanopb/pb_decode.c normal arm64 c com.apple.compilers.llvm.clang.1_0.compiler (in target 'nanopb' from project 'nanopb')
    cd /Users/aaronkeen/Documents/My\ Apps/NutraSafe\ Beta/NutraSafeBeta.xcodeproj
    
    Using response file: /Users/aaronkeen/Library/Developer/Xcode/DerivedData/NutraSafeBeta-awyabywlaekrybetqgpbjphfxefs/Build/Intermediates.noindex/nanopb.build/Debug-iphonesimulator/nanopb.build/Objects-normal/arm64/7187679823f38a2a940e0043cdf9d637-common-args.resp
    
    /Applications/Xcode.app/Contents/Developer/Toolchains/XcodeDefault.xctoolchain/usr/bin/clang -x c -ivfsstatcache /Users/aaronkeen/Library/Developer/Xcode/DerivedData/SDKStatCaches.noindex/iphonesimulator18.5-22F76-d5fc8ad4295d2ef488fb7d0f804ce0c4.sdkstatcache -fmessage-length\=0 -fdiagnostics-show-note-include-stack -fmacro-backtrace-limit\=0 -fno-color-diagnostics -fmodules-prune-interval\=86400 -fmodules-prune-after\=345600 -fbuild-session-file\=/Users/aaronkeen/Library/Developer/Xcode/DerivedData/ModuleCache.noindex/Session.modulevalidation -fmodules-validate-once-per-build-session -Wnon-modular-include-in-framework-module -Werror\=non-modular-include-in-framework-module -Wno-trigraphs -Wno-missing-field-initializers -Wno-missing-prototypes -Wno-return-type -Wno-missing-braces -Wparentheses -Wswitch -Wno-unused-function -Wno-unused-label -Wno-unused-parameter -Wno-unused-variable -Wunused-value -Wno-empty-body -Wno-uninitialized -Wno-unknown-pragmas -w -Wno-shadow -Wno-four-char-constants -Wno-conversion -Wno-constant-conversion -Wno-int-conversion -Wno-bool-conversion -Wno-enum-conversion -Wno-float-conversion -Wno-non-literal-null-conversion -Wno-objc-literal-conversion -Wshorten-64-to-32 -Wpointer-sign -Wno-newline-eof -Wno-implicit-fallthrough -fstrict-aliasing -Wdeprecated-declarations -Wno-sign-conversion -Wno-infinite-recursion -Wno-comma -Wno-block-capture-autoreleasing -Wno-strict-prototypes -Wno-semicolon-before-method-body -index-store-path /Users/aaronkeen/Library/Developer/Xcode/DerivedData/NutraSafeBeta-awyabywlaekrybetqgpbjphfxefs/Index.noindex/DataStore @/Users/aaronkeen/Library/Developer/Xcode/DerivedData/NutraSafeBeta-awyabywlaekrybetqgpbjphfxefs/Build/Intermediates.noindex/nanopb.build/Debug-iphonesimulator/nanopb.build/Objects-normal/arm64/7187679823f38a2a940e0043cdf9d637-common-args.resp -MMD -MT dependencies -MF /Users/aaronkeen/Library/Developer/Xcode/DerivedData/NutraSafeBeta-awyabywlaekrybetqgpbjphfxefs/Build/Intermediates.noindex/nanopb.build/Debug-iphonesimulator/nanopb.build/Objects-normal/arm64/pb_decode.d --serialize-diagnostics /Users/aaronkeen/Library/Developer/Xcode/DerivedData/NutraSafeBeta-awyabywlaekrybetqgpbjphfxefs/Build/Intermediates.noindex/nanopb.build/Debug-iphonesimulator/nanopb.build/Objects-normal/arm64/pb_decode.dia -c /Users/aaronkeen/Library/Developer/Xcode/DerivedData/NutraSafeBeta-awyabywlaekrybetqgpbjphfxefs/SourcePackages/checkouts/nanopb/pb_decode.c -o /Users/aaronkeen/Library/Developer/Xcode/DerivedData/NutraSafeBeta-awyabywlaekrybetqgpbjphfxefs/Build/Intermediates.noindex/nanopb.build/Debug-iphonesimulator/nanopb.build/Objects-normal/arm64/pb_decode.o -index-unit-output-path /nanopb.build/Debug-iphonesimulator/nanopb.build/Objects-normal/arm64/pb_decode.o

CompileC /Users/aaronkeen/Library/Developer/Xcode/DerivedData/NutraSafeBeta-awyabywlaekrybetqgpbjphfxefs/Build/Intermediates.noindex/nanopb.build/Debug-iphonesimulator/nanopb.build/Objects-normal/arm64/pb_common.o /Users/aaronkeen/Library/Developer/Xcode/DerivedData/NutraSafeBeta-awyabywlaekrybetqgpbjphfxefs/SourcePackages/checkouts/nanopb/pb_common.c normal arm64 c com.apple.compilers.llvm.clang.1_0.compiler (in target 'nanopb' from project 'nanopb')
    cd /Users/aaronkeen/Documents/My\ Apps/NutraSafe\ Beta/NutraSafeBeta.xcodeproj
    
    Using response file: /Users/aaronkeen/Library/Developer/Xcode/DerivedData/NutraSafeBeta-awyabywlaekrybetqgpbjphfxefs/Build/Intermediates.noindex/nanopb.build/Debug-iphonesimulator/nanopb.build/Objects-normal/arm64/7187679823f38a2a940e0043cdf9d637-common-args.resp
    
    /Applications/Xcode.app/Contents/Developer/Toolchains/XcodeDefault.xctoolchain/usr/bin/clang -x c -ivfsstatcache /Users/aaronkeen/Library/Developer/Xcode/DerivedData/SDKStatCaches.noindex/iphonesimulator18.5-22F76-d5fc8ad4295d2ef488fb7d0f804ce0c4.sdkstatcache -fmessage-length\=0 -fdiagnostics-show-note-include-stack -fmacro-backtrace-limit\=0 -fno-color-diagnostics -fmodules-prune-interval\=86400 -fmodules-prune-after\=345600 -fbuild-session-file\=/Users/aaronkeen/Library/Developer/Xcode/DerivedData/ModuleCache.noindex/Session.modulevalidation -fmodules-validate-once-per-build-session -Wnon-modular-include-in-framework-module -Werror\=non-modular-include-in-framework-module -Wno-trigraphs -Wno-missing-field-initializers -Wno-missing-prototypes -Wno-return-type -Wno-missing-braces -Wparentheses -Wswitch -Wno-unused-function -Wno-unused-label -Wno-unused-parameter -Wno-unused-variable -Wunused-value -Wno-empty-body -Wno-uninitialized -Wno-unknown-pragmas -w -Wno-shadow -Wno-four-char-constants -Wno-conversion -Wno-constant-conversion -Wno-int-conversion -Wno-bool-conversion -Wno-enum-conversion -Wno-float-conversion -Wno-non-literal-null-conversion -Wno-objc-literal-conversion -Wshorten-64-to-32 -Wpointer-sign -Wno-newline-eof -Wno-implicit-fallthrough -fstrict-aliasing -Wdeprecated-declarations -Wno-sign-conversion -Wno-infinite-recursion -Wno-comma -Wno-block-capture-autoreleasing -Wno-strict-prototypes -Wno-semicolon-before-method-body -index-store-path /Users/aaronkeen/Library/Developer/Xcode/DerivedData/NutraSafeBeta-awyabywlaekrybetqgpbjphfxefs/Index.noindex/DataStore @/Users/aaronkeen/Library/Developer/Xcode/DerivedData/NutraSafeBeta-awyabywlaekrybetqgpbjphfxefs/Build/Intermediates.noindex/nanopb.build/Debug-iphonesimulator/nanopb.build/Objects-normal/arm64/7187679823f38a2a940e0043cdf9d637-common-args.resp -MMD -MT dependencies -MF /Users/aaronkeen/Library/Developer/Xcode/DerivedData/NutraSafeBeta-awyabywlaekrybetqgpbjphfxefs/Build/Intermediates.noindex/nanopb.build/Debug-iphonesimulator/nanopb.build/Objects-normal/arm64/pb_common.d --serialize-diagnostics /Users/aaronkeen/Library/Developer/Xcode/DerivedData/NutraSafeBeta-awyabywlaekrybetqgpbjphfxefs/Build/Intermediates.noindex/nanopb.build/Debug-iphonesimulator/nanopb.build/Objects-normal/arm64/pb_common.dia -c /Users/aaronkeen/Library/Developer/Xcode/DerivedData/NutraSafeBeta-awyabywlaekrybetqgpbjphfxefs/SourcePackages/checkouts/nanopb/pb_common.c -o /Users/aaronkeen/Library/Developer/Xcode/DerivedData/NutraSafeBeta-awyabywlaekrybetqgpbjphfxefs/Build/Intermediates.noindex/nanopb.build/Debug-iphonesimulator/nanopb.build/Objects-normal/arm64/pb_common.o -index-unit-output-path /nanopb.build/Debug-iphonesimulator/nanopb.build/Objects-normal/arm64/pb_common.o

PrecompileModule /Users/aaronkeen/Library/Developer/Xcode/DerivedData/NutraSafeBeta-awyabywlaekrybetqgpbjphfxefs/Build/Intermediates.noindex/ExplicitPrecompiledModules/Darwin-60DGOSOMUT84PXBMDNTRBLDN8.scan
    cd /Users/aaronkeen/Documents/My\ Apps/NutraSafe\ Beta/NutraSafeBeta.xcodeproj
    builtin-precompileModule /Users/aaronkeen/Library/Developer/Xcode/DerivedData/NutraSafeBeta-awyabywlaekrybetqgpbjphfxefs/Build/Intermediates.noindex/ExplicitPrecompiledModules/Darwin-60DGOSOMUT84PXBMDNTRBLDN8.scan

PrecompileModule /Users/aaronkeen/Library/Developer/Xcode/DerivedData/NutraSafeBeta-awyabywlaekrybetqgpbjphfxefs/Build/Intermediates.noindex/ExplicitPrecompiledModules/sys_resource-BUQ5OXCS7F4VA5F5T2HK6HKJD.scan
    cd /Users/aaronkeen/Documents/My\ Apps/NutraSafe\ Beta/NutraSafeBeta.xcodeproj
    builtin-precompileModule /Users/aaronkeen/Library/Developer/Xcode/DerivedData/NutraSafeBeta-awyabywlaekrybetqgpbjphfxefs/Build/Intermediates.noindex/ExplicitPrecompiledModules/sys_resource-BUQ5OXCS7F4VA5F5T2HK6HKJD.scan

CompileC /Users/aaronkeen/Library/Developer/Xcode/DerivedData/NutraSafeBeta-awyabywlaekrybetqgpbjphfxefs/Build/Intermediates.noindex/Firebase.build/Debug-iphonesimulator/FirebaseAuthInterop.build/Objects-normal/arm64/dummy.o /Users/aaronkeen/Library/Developer/Xcode/DerivedData/NutraSafeBeta-awyabywlaekrybetqgpbjphfxefs/SourcePackages/checkouts/firebase-ios-sdk/FirebaseAuth/Interop/dummy.m normal arm64 objective-c com.apple.compilers.llvm.clang.1_0.compiler (in target 'FirebaseAuthInterop' from project 'Firebase')
    cd /Users/aaronkeen/Documents/My\ Apps/NutraSafe\ Beta/NutraSafeBeta.xcodeproj
    
    Using response file: /Users/aaronkeen/Library/Developer/Xcode/DerivedData/NutraSafeBeta-awyabywlaekrybetqgpbjphfxefs/Build/Intermediates.noindex/Firebase.build/Debug-iphonesimulator/FirebaseAuthInterop.build/Objects-normal/arm64/e6072d4f65d7061329687fe24e3d63a7-common-args.resp
    
    /Applications/Xcode.app/Contents/Developer/Toolchains/XcodeDefault.xctoolchain/usr/bin/clang -x objective-c -ivfsstatcache /Users/aaronkeen/Library/Developer/Xcode/DerivedData/SDKStatCaches.noindex/iphonesimulator18.5-22F76-d5fc8ad4295d2ef488fb7d0f804ce0c4.sdkstatcache -fmessage-length\=0 -fdiagnostics-show-note-include-stack -fmacro-backtrace-limit\=0 -fno-color-diagnostics -fmodules-prune-interval\=86400 -fmodules-prune-after\=345600 -fbuild-session-file\=/Users/aaronkeen/Library/Developer/Xcode/DerivedData/ModuleCache.noindex/Session.modulevalidation -fmodules-validate-once-per-build-session -Wnon-modular-include-in-framework-module -Werror\=non-modular-include-in-framework-module -Wno-trigraphs -Wno-missing-field-initializers -Wno-missing-prototypes -Wno-return-type -Wno-implicit-atomic-properties -Wno-objc-interface-ivars -Wno-arc-repeated-use-of-weak -Wno-missing-braces -Wparentheses -Wswitch -Wno-unused-function -Wno-unused-label -Wno-unused-parameter -Wno-unused-variable -Wunused-value -Wno-empty-body -Wno-uninitialized -Wno-unknown-pragmas -w -Wno-shadow -Wno-four-char-constants -Wno-conversion -Wno-constant-conversion -Wno-int-conversion -Wno-bool-conversion -Wno-enum-conversion -Wno-float-conversion -Wno-non-literal-null-conversion -Wno-objc-literal-conversion -Wshorten-64-to-32 -Wpointer-sign -Wno-newline-eof -Wno-selector -Wno-strict-selector-match -Wno-undeclared-selector -Wno-deprecated-implementations -Wno-implicit-fallthrough -fstrict-aliasing -Wprotocol -Wdeprecated-declarations -Wno-sign-conversion -Wno-infinite-recursion -Wno-comma -Wno-block-capture-autoreleasing -Wno-strict-prototypes -Wno-semicolon-before-method-body -index-store-path /Users/aaronkeen/Library/Developer/Xcode/DerivedData/NutraSafeBeta-awyabywlaekrybetqgpbjphfxefs/Index.noindex/DataStore @/Users/aaronkeen/Library/Developer/Xcode/DerivedData/NutraSafeBeta-awyabywlaekrybetqgpbjphfxefs/Build/Intermediates.noindex/Firebase.build/Debug-iphonesimulator/FirebaseAuthInterop.build/Objects-normal/arm64/e6072d4f65d7061329687fe24e3d63a7-common-args.resp -MMD -MT dependencies -MF /Users/aaronkeen/Library/Developer/Xcode/DerivedData/NutraSafeBeta-awyabywlaekrybetqgpbjphfxefs/Build/Intermediates.noindex/Firebase.build/Debug-iphonesimulator/FirebaseAuthInterop.build/Objects-normal/arm64/dummy.d --serialize-diagnostics /Users/aaronkeen/Library/Developer/Xcode/DerivedData/NutraSafeBeta-awyabywlaekrybetqgpbjphfxefs/Build/Intermediates.noindex/Firebase.build/Debug-iphonesimulator/FirebaseAuthInterop.build/Objects-normal/arm64/dummy.dia -c /Users/aaronkeen/Library/Developer/Xcode/DerivedData/NutraSafeBeta-awyabywlaekrybetqgpbjphfxefs/SourcePackages/checkouts/firebase-ios-sdk/FirebaseAuth/Interop/dummy.m -o /Users/aaronkeen/Library/Developer/Xcode/DerivedData/NutraSafeBeta-awyabywlaekrybetqgpbjphfxefs/Build/Intermediates.noindex/Firebase.build/Debug-iphonesimulator/FirebaseAuthInterop.build/Objects-normal/arm64/dummy.o -index-unit-output-path /Firebase.build/Debug-iphonesimulator/FirebaseAuthInterop.build/Objects-normal/arm64/dummy.o

ProcessXCFramework /Users/aaronkeen/Library/Developer/Xcode/DerivedData/NutraSafeBeta-awyabywlaekrybetqgpbjphfxefs/SourcePackages/artifacts/abseil-cpp-binary/absl/absl.xcframework /Users/aaronkeen/Library/Developer/Xcode/DerivedData/NutraSafeBeta-awyabywlaekrybetqgpbjphfxefs/Build/Products/Debug-iphonesimulator/absl.framework ios simulator
    cd /Users/aaronkeen/Documents/My\ Apps/NutraSafe\ Beta/NutraSafeBeta.xcodeproj
    builtin-process-xcframework --xcframework /Users/aaronkeen/Library/Developer/Xcode/DerivedData/NutraSafeBeta-awyabywlaekrybetqgpbjphfxefs/SourcePackages/artifacts/abseil-cpp-binary/absl/absl.xcframework --platform ios --environment simulator --target-path /Users/aaronkeen/Library/Developer/Xcode/DerivedData/NutraSafeBeta-awyabywlaekrybetqgpbjphfxefs/Build/Products/Debug-iphonesimulator
/Users/aaronkeen/Library/Developer/Xcode/DerivedData/NutraSafeBeta-awyabywlaekrybetqgpbjphfxefs/SourcePackages/artifacts/abseil-cpp-binary/absl/absl.xcframework:1:1: note: The identity of “absl.xcframework” is not recorded in your project.

ProcessXCFramework /Users/aaronkeen/Library/Developer/Xcode/DerivedData/NutraSafeBeta-awyabywlaekrybetqgpbjphfxefs/SourcePackages/artifacts/grpc-binary/openssl_grpc/openssl_grpc.xcframework /Users/aaronkeen/Library/Developer/Xcode/DerivedData/NutraSafeBeta-awyabywlaekrybetqgpbjphfxefs/Build/Products/Debug-iphonesimulator/openssl_grpc.framework ios simulator
    cd /Users/aaronkeen/Documents/My\ Apps/NutraSafe\ Beta/NutraSafeBeta.xcodeproj
    builtin-process-xcframework --xcframework /Users/aaronkeen/Library/Developer/Xcode/DerivedData/NutraSafeBeta-awyabywlaekrybetqgpbjphfxefs/SourcePackages/artifacts/grpc-binary/openssl_grpc/openssl_grpc.xcframework --platform ios --environment simulator --target-path /Users/aaronkeen/Library/Developer/Xcode/DerivedData/NutraSafeBeta-awyabywlaekrybetqgpbjphfxefs/Build/Products/Debug-iphonesimulator
/Users/aaronkeen/Library/Developer/Xcode/DerivedData/NutraSafeBeta-awyabywlaekrybetqgpbjphfxefs/SourcePackages/artifacts/grpc-binary/openssl_grpc/openssl_grpc.xcframework:1:1: note: The identity of “openssl_grpc.xcframework” is not recorded in your project.

CompileC /Users/aaronkeen/Library/Developer/Xcode/DerivedData/NutraSafeBeta-awyabywlaekrybetqgpbjphfxefs/Build/Intermediates.noindex/Firebase.build/Debug-iphonesimulator/FirebaseAppCheckInterop.build/Objects-normal/arm64/dummy.o /Users/aaronkeen/Library/Developer/Xcode/DerivedData/NutraSafeBeta-awyabywlaekrybetqgpbjphfxefs/SourcePackages/checkouts/firebase-ios-sdk/FirebaseAppCheck/Interop/dummy.m normal arm64 objective-c com.apple.compilers.llvm.clang.1_0.compiler (in target 'FirebaseAppCheckInterop' from project 'Firebase')
    cd /Users/aaronkeen/Documents/My\ Apps/NutraSafe\ Beta/NutraSafeBeta.xcodeproj
    
    Using response file: /Users/aaronkeen/Library/Developer/Xcode/DerivedData/NutraSafeBeta-awyabywlaekrybetqgpbjphfxefs/Build/Intermediates.noindex/Firebase.build/Debug-iphonesimulator/FirebaseAppCheckInterop.build/Objects-normal/arm64/e6072d4f65d7061329687fe24e3d63a7-common-args.resp
    
    /Applications/Xcode.app/Contents/Developer/Toolchains/XcodeDefault.xctoolchain/usr/bin/clang -x objective-c -ivfsstatcache /Users/aaronkeen/Library/Developer/Xcode/DerivedData/SDKStatCaches.noindex/iphonesimulator18.5-22F76-d5fc8ad4295d2ef488fb7d0f804ce0c4.sdkstatcache -fmessage-length\=0 -fdiagnostics-show-note-include-stack -fmacro-backtrace-limit\=0 -fno-color-diagnostics -fmodules-prune-interval\=86400 -fmodules-prune-after\=345600 -fbuild-session-file\=/Users/aaronkeen/Library/Developer/Xcode/DerivedData/ModuleCache.noindex/Session.modulevalidation -fmodules-validate-once-per-build-session -Wnon-modular-include-in-framework-module -Werror\=non-modular-include-in-framework-module -Wno-trigraphs -Wno-missing-field-initializers -Wno-missing-prototypes -Wno-return-type -Wno-implicit-atomic-properties -Wno-objc-interface-ivars -Wno-arc-repeated-use-of-weak -Wno-missing-braces -Wparentheses -Wswitch -Wno-unused-function -Wno-unused-label -Wno-unused-parameter -Wno-unused-variable -Wunused-value -Wno-empty-body -Wno-uninitialized -Wno-unknown-pragmas -w -Wno-shadow -Wno-four-char-constants -Wno-conversion -Wno-constant-conversion -Wno-int-conversion -Wno-bool-conversion -Wno-enum-conversion -Wno-float-conversion -Wno-non-literal-null-conversion -Wno-objc-literal-conversion -Wshorten-64-to-32 -Wpointer-sign -Wno-newline-eof -Wno-selector -Wno-strict-selector-match -Wno-undeclared-selector -Wno-deprecated-implementations -Wno-implicit-fallthrough -fstrict-aliasing -Wprotocol -Wdeprecated-declarations -Wno-sign-conversion -Wno-infinite-recursion -Wno-comma -Wno-block-capture-autoreleasing -Wno-strict-prototypes -Wno-semicolon-before-method-body -index-store-path /Users/aaronkeen/Library/Developer/Xcode/DerivedData/NutraSafeBeta-awyabywlaekrybetqgpbjphfxefs/Index.noindex/DataStore @/Users/aaronkeen/Library/Developer/Xcode/DerivedData/NutraSafeBeta-awyabywlaekrybetqgpbjphfxefs/Build/Intermediates.noindex/Firebase.build/Debug-iphonesimulator/FirebaseAppCheckInterop.build/Objects-normal/arm64/e6072d4f65d7061329687fe24e3d63a7-common-args.resp -MMD -MT dependencies -MF /Users/aaronkeen/Library/Developer/Xcode/DerivedData/NutraSafeBeta-awyabywlaekrybetqgpbjphfxefs/Build/Intermediates.noindex/Firebase.build/Debug-iphonesimulator/FirebaseAppCheckInterop.build/Objects-normal/arm64/dummy.d --serialize-diagnostics /Users/aaronkeen/Library/Developer/Xcode/DerivedData/NutraSafeBeta-awyabywlaekrybetqgpbjphfxefs/Build/Intermediates.noindex/Firebase.build/Debug-iphonesimulator/FirebaseAppCheckInterop.build/Objects-normal/arm64/dummy.dia -c /Users/aaronkeen/Library/Developer/Xcode/DerivedData/NutraSafeBeta-awyabywlaekrybetqgpbjphfxefs/SourcePackages/checkouts/firebase-ios-sdk/FirebaseAppCheck/Interop/dummy.m -o /Users/aaronkeen/Library/Developer/Xcode/DerivedData/NutraSafeBeta-awyabywlaekrybetqgpbjphfxefs/Build/Intermediates.noindex/Firebase.build/Debug-iphonesimulator/FirebaseAppCheckInterop.build/Objects-normal/arm64/dummy.o -index-unit-output-path /Firebase.build/Debug-iphonesimulator/FirebaseAppCheckInterop.build/Objects-normal/arm64/dummy.o

CompileC /Users/aaronkeen/Library/Developer/Xcode/DerivedData/NutraSafeBeta-awyabywlaekrybetqgpbjphfxefs/Build/Intermediates.noindex/Firebase.build/Debug-iphonesimulator/Firebase.build/Objects-normal/arm64/dummy.o /Users/aaronkeen/Library/Developer/Xcode/DerivedData/NutraSafeBeta-awyabywlaekrybetqgpbjphfxefs/SourcePackages/checkouts/firebase-ios-sdk/CoreOnly/Sources/dummy.m normal arm64 objective-c com.apple.compilers.llvm.clang.1_0.compiler (in target 'Firebase' from project 'Firebase')
    cd /Users/aaronkeen/Documents/My\ Apps/NutraSafe\ Beta/NutraSafeBeta.xcodeproj
    
    Using response file: /Users/aaronkeen/Library/Developer/Xcode/DerivedData/NutraSafeBeta-awyabywlaekrybetqgpbjphfxefs/Build/Intermediates.noindex/Firebase.build/Debug-iphonesimulator/Firebase.build/Objects-normal/arm64/e6072d4f65d7061329687fe24e3d63a7-common-args.resp
    
    /Applications/Xcode.app/Contents/Developer/Toolchains/XcodeDefault.xctoolchain/usr/bin/clang -x objective-c -ivfsstatcache /Users/aaronkeen/Library/Developer/Xcode/DerivedData/SDKStatCaches.noindex/iphonesimulator18.5-22F76-d5fc8ad4295d2ef488fb7d0f804ce0c4.sdkstatcache -fmessage-length\=0 -fdiagnostics-show-note-include-stack -fmacro-backtrace-limit\=0 -fno-color-diagnostics -fmodules-prune-interval\=86400 -fmodules-prune-after\=345600 -fbuild-session-file\=/Users/aaronkeen/Library/Developer/Xcode/DerivedData/ModuleCache.noindex/Session.modulevalidation -fmodules-validate-once-per-build-session -Wnon-modular-include-in-framework-module -Werror\=non-modular-include-in-framework-module -Wno-trigraphs -Wno-missing-field-initializers -Wno-missing-prototypes -Wno-return-type -Wno-implicit-atomic-properties -Wno-objc-interface-ivars -Wno-arc-repeated-use-of-weak -Wno-missing-braces -Wparentheses -Wswitch -Wno-unused-function -Wno-unused-label -Wno-unused-parameter -Wno-unused-variable -Wunused-value -Wno-empty-body -Wno-uninitialized -Wno-unknown-pragmas -w -Wno-shadow -Wno-four-char-constants -Wno-conversion -Wno-constant-conversion -Wno-int-conversion -Wno-bool-conversion -Wno-enum-conversion -Wno-float-conversion -Wno-non-literal-null-conversion -Wno-objc-literal-conversion -Wshorten-64-to-32 -Wpointer-sign -Wno-newline-eof -Wno-selector -Wno-strict-selector-match -Wno-undeclared-selector -Wno-deprecated-implementations -Wno-implicit-fallthrough -fstrict-aliasing -Wprotocol -Wdeprecated-declarations -Wno-sign-conversion -Wno-infinite-recursion -Wno-comma -Wno-block-capture-autoreleasing -Wno-strict-prototypes -Wno-semicolon-before-method-body -index-store-path /Users/aaronkeen/Library/Developer/Xcode/DerivedData/NutraSafeBeta-awyabywlaekrybetqgpbjphfxefs/Index.noindex/DataStore @/Users/aaronkeen/Library/Developer/Xcode/DerivedData/NutraSafeBeta-awyabywlaekrybetqgpbjphfxefs/Build/Intermediates.noindex/Firebase.build/Debug-iphonesimulator/Firebase.build/Objects-normal/arm64/e6072d4f65d7061329687fe24e3d63a7-common-args.resp -MMD -MT dependencies -MF /Users/aaronkeen/Library/Developer/Xcode/DerivedData/NutraSafeBeta-awyabywlaekrybetqgpbjphfxefs/Build/Intermediates.noindex/Firebase.build/Debug-iphonesimulator/Firebase.build/Objects-normal/arm64/dummy.d --serialize-diagnostics /Users/aaronkeen/Library/Developer/Xcode/DerivedData/NutraSafeBeta-awyabywlaekrybetqgpbjphfxefs/Build/Intermediates.noindex/Firebase.build/Debug-iphonesimulator/Firebase.build/Objects-normal/arm64/dummy.dia -c /Users/aaronkeen/Library/Developer/Xcode/DerivedData/NutraSafeBeta-awyabywlaekrybetqgpbjphfxefs/SourcePackages/checkouts/firebase-ios-sdk/CoreOnly/Sources/dummy.m -o /Users/aaronkeen/Library/Developer/Xcode/DerivedData/NutraSafeBeta-awyabywlaekrybetqgpbjphfxefs/Build/Intermediates.noindex/Firebase.build/Debug-iphonesimulator/Firebase.build/Objects-normal/arm64/dummy.o -index-unit-output-path /Firebase.build/Debug-iphonesimulator/Firebase.build/Objects-normal/arm64/dummy.o

PrecompileModule /Users/aaronkeen/Library/Developer/Xcode/DerivedData/NutraSafeBeta-awyabywlaekrybetqgpbjphfxefs/Build/Intermediates.noindex/ExplicitPrecompiledModules/_tgmath-D8TRGSTPDKO4O6UE5WNPSESF5.scan
    cd /Users/aaronkeen/Documents/My\ Apps/NutraSafe\ Beta/NutraSafeBeta.xcodeproj
    builtin-precompileModule /Users/aaronkeen/Library/Developer/Xcode/DerivedData/NutraSafeBeta-awyabywlaekrybetqgpbjphfxefs/Build/Intermediates.noindex/ExplicitPrecompiledModules/_tgmath-D8TRGSTPDKO4O6UE5WNPSESF5.scan

PrecompileModule /Users/aaronkeen/Library/Developer/Xcode/DerivedData/NutraSafeBeta-awyabywlaekrybetqgpbjphfxefs/Build/Intermediates.noindex/ExplicitPrecompiledModules/sys_select-AVRFKCHH8V7O0ABKA1OCRYMK6.scan
    cd /Users/aaronkeen/Documents/My\ Apps/NutraSafe\ Beta/NutraSafeBeta.xcodeproj
    builtin-precompileModule /Users/aaronkeen/Library/Developer/Xcode/DerivedData/NutraSafeBeta-awyabywlaekrybetqgpbjphfxefs/Build/Intermediates.noindex/ExplicitPrecompiledModules/sys_select-AVRFKCHH8V7O0ABKA1OCRYMK6.scan

Ld /Users/aaronkeen/Library/Developer/Xcode/DerivedData/NutraSafeBeta-awyabywlaekrybetqgpbjphfxefs/Build/Products/Debug-iphonesimulator/FirebaseAuthInterop.o normal (in target 'FirebaseAuthInterop' from project 'Firebase')
    cd /Users/aaronkeen/Library/Developer/Xcode/DerivedData/NutraSafeBeta-awyabywlaekrybetqgpbjphfxefs/SourcePackages/checkouts/firebase-ios-sdk
    /Applications/Xcode.app/Contents/Developer/Toolchains/XcodeDefault.xctoolchain/usr/bin/clang -Xlinker -reproducible -target arm64-apple-ios15.0-simulator -r -isysroot /Applications/Xcode.app/Contents/Developer/Platforms/iPhoneSimulator.platform/Developer/SDKs/iPhoneSimulator18.5.sdk -O0 -w -L/Users/aaronkeen/Library/Developer/Xcode/DerivedData/NutraSafeBeta-awyabywlaekrybetqgpbjphfxefs/Build/Intermediates.noindex/EagerLinkingTBDs/Debug-iphonesimulator -L/Users/aaronkeen/Library/Developer/Xcode/DerivedData/NutraSafeBeta-awyabywlaekrybetqgpbjphfxefs/Build/Products/Debug-iphonesimulator -L/Applications/Xcode.app/Contents/Developer/Platforms/iPhoneSimulator.platform/Developer/usr/lib -F/Users/aaronkeen/Library/Developer/Xcode/DerivedData/NutraSafeBeta-awyabywlaekrybetqgpbjphfxefs/Build/Intermediates.noindex/EagerLinkingTBDs/Debug-iphonesimulator -F/Users/aaronkeen/Library/Developer/Xcode/DerivedData/NutraSafeBeta-awyabywlaekrybetqgpbjphfxefs/Build/Products/Debug-iphonesimulator -iframework /Applications/Xcode.app/Contents/Developer/Platforms/iPhoneSimulator.platform/Developer/Library/Frameworks -iframework /Applications/Xcode.app/Contents/Developer/Platforms/iPhoneSimulator.platform/Developer/SDKs/iPhoneSimulator18.5.sdk/Developer/Library/Frameworks -filelist /Users/aaronkeen/Library/Developer/Xcode/DerivedData/NutraSafeBeta-awyabywlaekrybetqgpbjphfxefs/Build/Intermediates.noindex/Firebase.build/Debug-iphonesimulator/FirebaseAuthInterop.build/Objects-normal/arm64/FirebaseAuthInterop.LinkFileList -nostdlib -Xlinker -object_path_lto -Xlinker /Users/aaronkeen/Library/Developer/Xcode/DerivedData/NutraSafeBeta-awyabywlaekrybetqgpbjphfxefs/Build/Intermediates.noindex/Firebase.build/Debug-iphonesimulator/FirebaseAuthInterop.build/Objects-normal/arm64/FirebaseAuthInterop_lto.o -rdynamic -Xlinker -no_deduplicate -Xlinker -objc_abi_version -Xlinker 2 -Xlinker -dependency_info -Xlinker /Users/aaronkeen/Library/Developer/Xcode/DerivedData/NutraSafeBeta-awyabywlaekrybetqgpbjphfxefs/Build/Intermediates.noindex/Firebase.build/Debug-iphonesimulator/FirebaseAuthInterop.build/Objects-normal/arm64/FirebaseAuthInterop_dependency_info.dat -fobjc-arc -fobjc-link-runtime -o /Users/aaronkeen/Library/Developer/Xcode/DerivedData/NutraSafeBeta-awyabywlaekrybetqgpbjphfxefs/Build/Products/Debug-iphonesimulator/FirebaseAuthInterop.o

PrecompileModule /Users/aaronkeen/Library/Developer/Xcode/DerivedData/NutraSafeBeta-awyabywlaekrybetqgpbjphfxefs/Build/Intermediates.noindex/ExplicitPrecompiledModules/_stdlib-94TEVW8T0HTW8L7C4QPVNT8TZ.scan
    cd /Users/aaronkeen/Documents/My\ Apps/NutraSafe\ Beta/NutraSafeBeta.xcodeproj
    builtin-precompileModule /Users/aaronkeen/Library/Developer/Xcode/DerivedData/NutraSafeBeta-awyabywlaekrybetqgpbjphfxefs/Build/Intermediates.noindex/ExplicitPrecompiledModules/_stdlib-94TEVW8T0HTW8L7C4QPVNT8TZ.scan

Ld /Users/aaronkeen/Library/Developer/Xcode/DerivedData/NutraSafeBeta-awyabywlaekrybetqgpbjphfxefs/Build/Products/Debug-iphonesimulator/FirebaseAppCheckInterop.o normal (in target 'FirebaseAppCheckInterop' from project 'Firebase')
    cd /Users/aaronkeen/Library/Developer/Xcode/DerivedData/NutraSafeBeta-awyabywlaekrybetqgpbjphfxefs/SourcePackages/checkouts/firebase-ios-sdk
    /Applications/Xcode.app/Contents/Developer/Toolchains/XcodeDefault.xctoolchain/usr/bin/clang -Xlinker -reproducible -target arm64-apple-ios15.0-simulator -r -isysroot /Applications/Xcode.app/Contents/Developer/Platforms/iPhoneSimulator.platform/Developer/SDKs/iPhoneSimulator18.5.sdk -O0 -w -L/Users/aaronkeen/Library/Developer/Xcode/DerivedData/NutraSafeBeta-awyabywlaekrybetqgpbjphfxefs/Build/Intermediates.noindex/EagerLinkingTBDs/Debug-iphonesimulator -L/Users/aaronkeen/Library/Developer/Xcode/DerivedData/NutraSafeBeta-awyabywlaekrybetqgpbjphfxefs/Build/Products/Debug-iphonesimulator -L/Applications/Xcode.app/Contents/Developer/Platforms/iPhoneSimulator.platform/Developer/usr/lib -F/Users/aaronkeen/Library/Developer/Xcode/DerivedData/NutraSafeBeta-awyabywlaekrybetqgpbjphfxefs/Build/Intermediates.noindex/EagerLinkingTBDs/Debug-iphonesimulator -F/Users/aaronkeen/Library/Developer/Xcode/DerivedData/NutraSafeBeta-awyabywlaekrybetqgpbjphfxefs/Build/Products/Debug-iphonesimulator -iframework /Applications/Xcode.app/Contents/Developer/Platforms/iPhoneSimulator.platform/Developer/Library/Frameworks -iframework /Applications/Xcode.app/Contents/Developer/Platforms/iPhoneSimulator.platform/Developer/SDKs/iPhoneSimulator18.5.sdk/Developer/Library/Frameworks -filelist /Users/aaronkeen/Library/Developer/Xcode/DerivedData/NutraSafeBeta-awyabywlaekrybetqgpbjphfxefs/Build/Intermediates.noindex/Firebase.build/Debug-iphonesimulator/FirebaseAppCheckInterop.build/Objects-normal/arm64/FirebaseAppCheckInterop.LinkFileList -nostdlib -Xlinker -object_path_lto -Xlinker /Users/aaronkeen/Library/Developer/Xcode/DerivedData/NutraSafeBeta-awyabywlaekrybetqgpbjphfxefs/Build/Intermediates.noindex/Firebase.build/Debug-iphonesimulator/FirebaseAppCheckInterop.build/Objects-normal/arm64/FirebaseAppCheckInterop_lto.o -rdynamic -Xlinker -no_deduplicate -Xlinker -objc_abi_version -Xlinker 2 -Xlinker -dependency_info -Xlinker /Users/aaronkeen/Library/Developer/Xcode/DerivedData/NutraSafeBeta-awyabywlaekrybetqgpbjphfxefs/Build/Intermediates.noindex/Firebase.build/Debug-iphonesimulator/FirebaseAppCheckInterop.build/Objects-normal/arm64/FirebaseAppCheckInterop_dependency_info.dat -fobjc-arc -fobjc-link-runtime -o /Users/aaronkeen/Library/Developer/Xcode/DerivedData/NutraSafeBeta-awyabywlaekrybetqgpbjphfxefs/Build/Products/Debug-iphonesimulator/FirebaseAppCheckInterop.o

PrecompileModule /Users/aaronkeen/Library/Developer/Xcode/DerivedData/NutraSafeBeta-awyabywlaekrybetqgpbjphfxefs/Build/Intermediates.noindex/ExplicitPrecompiledModules/nl_types-F43POBOTX9H05V4R6G18SN5NT.scan
    cd /Users/aaronkeen/Documents/My\ Apps/NutraSafe\ Beta/NutraSafeBeta.xcodeproj
    builtin-precompileModule /Users/aaronkeen/Library/Developer/Xcode/DerivedData/NutraSafeBeta-awyabywlaekrybetqgpbjphfxefs/Build/Intermediates.noindex/ExplicitPrecompiledModules/nl_types-F43POBOTX9H05V4R6G18SN5NT.scan

ProcessXCFramework /Users/aaronkeen/Library/Developer/Xcode/DerivedData/NutraSafeBeta-awyabywlaekrybetqgpbjphfxefs/SourcePackages/artifacts/grpc-binary/grpc/grpc.xcframework /Users/aaronkeen/Library/Developer/Xcode/DerivedData/NutraSafeBeta-awyabywlaekrybetqgpbjphfxefs/Build/Products/Debug-iphonesimulator/grpc.framework ios simulator
    cd /Users/aaronkeen/Documents/My\ Apps/NutraSafe\ Beta/NutraSafeBeta.xcodeproj
    builtin-process-xcframework --xcframework /Users/aaronkeen/Library/Developer/Xcode/DerivedData/NutraSafeBeta-awyabywlaekrybetqgpbjphfxefs/SourcePackages/artifacts/grpc-binary/grpc/grpc.xcframework --platform ios --environment simulator --target-path /Users/aaronkeen/Library/Developer/Xcode/DerivedData/NutraSafeBeta-awyabywlaekrybetqgpbjphfxefs/Build/Products/Debug-iphonesimulator
/Users/aaronkeen/Library/Developer/Xcode/DerivedData/NutraSafeBeta-awyabywlaekrybetqgpbjphfxefs/SourcePackages/artifacts/grpc-binary/grpc/grpc.xcframework:1:1: note: The identity of “grpc.xcframework” is not recorded in your project.

ProcessXCFramework /Users/aaronkeen/Library/Developer/Xcode/DerivedData/NutraSafeBeta-awyabywlaekrybetqgpbjphfxefs/SourcePackages/artifacts/grpc-binary/grpcpp/grpcpp.xcframework /Users/aaronkeen/Library/Developer/Xcode/DerivedData/NutraSafeBeta-awyabywlaekrybetqgpbjphfxefs/Build/Products/Debug-iphonesimulator/grpcpp.framework ios simulator
    cd /Users/aaronkeen/Documents/My\ Apps/NutraSafe\ Beta/NutraSafeBeta.xcodeproj
    builtin-process-xcframework --xcframework /Users/aaronkeen/Library/Developer/Xcode/DerivedData/NutraSafeBeta-awyabywlaekrybetqgpbjphfxefs/SourcePackages/artifacts/grpc-binary/grpcpp/grpcpp.xcframework --platform ios --environment simulator --target-path /Users/aaronkeen/Library/Developer/Xcode/DerivedData/NutraSafeBeta-awyabywlaekrybetqgpbjphfxefs/Build/Products/Debug-iphonesimulator
/Users/aaronkeen/Library/Developer/Xcode/DerivedData/NutraSafeBeta-awyabywlaekrybetqgpbjphfxefs/SourcePackages/artifacts/grpc-binary/grpcpp/grpcpp.xcframework:1:1: note: The identity of “grpcpp.xcframework” is not recorded in your project.

Ld /Users/aaronkeen/Library/Developer/Xcode/DerivedData/NutraSafeBeta-awyabywlaekrybetqgpbjphfxefs/Build/Products/Debug-iphonesimulator/Firebase.o normal (in target 'Firebase' from project 'Firebase')
    cd /Users/aaronkeen/Library/Developer/Xcode/DerivedData/NutraSafeBeta-awyabywlaekrybetqgpbjphfxefs/SourcePackages/checkouts/firebase-ios-sdk
    /Applications/Xcode.app/Contents/Developer/Toolchains/XcodeDefault.xctoolchain/usr/bin/clang -Xlinker -reproducible -target arm64-apple-ios15.0-simulator -r -isysroot /Applications/Xcode.app/Contents/Developer/Platforms/iPhoneSimulator.platform/Developer/SDKs/iPhoneSimulator18.5.sdk -O0 -w -L/Users/aaronkeen/Library/Developer/Xcode/DerivedData/NutraSafeBeta-awyabywlaekrybetqgpbjphfxefs/Build/Intermediates.noindex/EagerLinkingTBDs/Debug-iphonesimulator -L/Users/aaronkeen/Library/Developer/Xcode/DerivedData/NutraSafeBeta-awyabywlaekrybetqgpbjphfxefs/Build/Products/Debug-iphonesimulator -L/Applications/Xcode.app/Contents/Developer/Platforms/iPhoneSimulator.platform/Developer/usr/lib -F/Users/aaronkeen/Library/Developer/Xcode/DerivedData/NutraSafeBeta-awyabywlaekrybetqgpbjphfxefs/Build/Intermediates.noindex/EagerLinkingTBDs/Debug-iphonesimulator -F/Users/aaronkeen/Library/Developer/Xcode/DerivedData/NutraSafeBeta-awyabywlaekrybetqgpbjphfxefs/Build/Products/Debug-iphonesimulator -iframework /Applications/Xcode.app/Contents/Developer/Platforms/iPhoneSimulator.platform/Developer/Library/Frameworks -iframework /Applications/Xcode.app/Contents/Developer/Platforms/iPhoneSimulator.platform/Developer/SDKs/iPhoneSimulator18.5.sdk/Developer/Library/Frameworks -filelist /Users/aaronkeen/Library/Developer/Xcode/DerivedData/NutraSafeBeta-awyabywlaekrybetqgpbjphfxefs/Build/Intermediates.noindex/Firebase.build/Debug-iphonesimulator/Firebase.build/Objects-normal/arm64/Firebase.LinkFileList -nostdlib -Xlinker -object_path_lto -Xlinker /Users/aaronkeen/Library/Developer/Xcode/DerivedData/NutraSafeBeta-awyabywlaekrybetqgpbjphfxefs/Build/Intermediates.noindex/Firebase.build/Debug-iphonesimulator/Firebase.build/Objects-normal/arm64/Firebase_lto.o -rdynamic -Xlinker -no_deduplicate -Xlinker -objc_abi_version -Xlinker 2 -Xlinker -dependency_info -Xlinker /Users/aaronkeen/Library/Developer/Xcode/DerivedData/NutraSafeBeta-awyabywlaekrybetqgpbjphfxefs/Build/Intermediates.noindex/Firebase.build/Debug-iphonesimulator/Firebase.build/Objects-normal/arm64/Firebase_dependency_info.dat -fobjc-arc -fobjc-link-runtime -o /Users/aaronkeen/Library/Developer/Xcode/DerivedData/NutraSafeBeta-awyabywlaekrybetqgpbjphfxefs/Build/Products/Debug-iphonesimulator/Firebase.o

PrecompileModule /Users/aaronkeen/Library/Developer/Xcode/DerivedData/NutraSafeBeta-awyabywlaekrybetqgpbjphfxefs/Build/Intermediates.noindex/ExplicitPrecompiledModules/_signal-8A12AMYFIY9GUHRC6VXLZ4VEB.scan
    cd /Users/aaronkeen/Documents/My\ Apps/NutraSafe\ Beta/NutraSafeBeta.xcodeproj
    builtin-precompileModule /Users/aaronkeen/Library/Developer/Xcode/DerivedData/NutraSafeBeta-awyabywlaekrybetqgpbjphfxefs/Build/Intermediates.noindex/ExplicitPrecompiledModules/_signal-8A12AMYFIY9GUHRC6VXLZ4VEB.scan

PrecompileModule /Users/aaronkeen/Library/Developer/Xcode/DerivedData/NutraSafeBeta-awyabywlaekrybetqgpbjphfxefs/Build/Intermediates.noindex/ExplicitPrecompiledModules/_Builtin_tgmath-EA26R77IJF2Q4YLRD5IHU8OR1.scan
    cd /Users/aaronkeen/Documents/My\ Apps/NutraSafe\ Beta/NutraSafeBeta.xcodeproj
    builtin-precompileModule /Users/aaronkeen/Library/Developer/Xcode/DerivedData/NutraSafeBeta-awyabywlaekrybetqgpbjphfxefs/Build/Intermediates.noindex/ExplicitPrecompiledModules/_Builtin_tgmath-EA26R77IJF2Q4YLRD5IHU8OR1.scan

PrecompileModule /Users/aaronkeen/Library/Developer/Xcode/DerivedData/NutraSafeBeta-awyabywlaekrybetqgpbjphfxefs/Build/Intermediates.noindex/ExplicitPrecompiledModules/__wctype-3KYWAKRLESAQ1HAZBU9B5CSU.scan
    cd /Users/aaronkeen/Documents/My\ Apps/NutraSafe\ Beta/NutraSafeBeta.xcodeproj
    builtin-precompileModule /Users/aaronkeen/Library/Developer/Xcode/DerivedData/NutraSafeBeta-awyabywlaekrybetqgpbjphfxefs/Build/Intermediates.noindex/ExplicitPrecompiledModules/__wctype-3KYWAKRLESAQ1HAZBU9B5CSU.scan

PrecompileModule /Users/aaronkeen/Library/Developer/Xcode/DerivedData/NutraSafeBeta-awyabywlaekrybetqgpbjphfxefs/Build/Intermediates.noindex/ExplicitPrecompiledModules/_stdio-E949R3X69I5XB3T7QEO8QTWFB.scan
    cd /Users/aaronkeen/Documents/My\ Apps/NutraSafe\ Beta/NutraSafeBeta.xcodeproj
    builtin-precompileModule /Users/aaronkeen/Library/Developer/Xcode/DerivedData/NutraSafeBeta-awyabywlaekrybetqgpbjphfxefs/Build/Intermediates.noindex/ExplicitPrecompiledModules/_stdio-E949R3X69I5XB3T7QEO8QTWFB.scan

PrecompileModule /Users/aaronkeen/Library/Developer/Xcode/DerivedData/NutraSafeBeta-awyabywlaekrybetqgpbjphfxefs/Build/Intermediates.noindex/ExplicitPrecompiledModules/_time-1KK9QL5P1Y4YLV1E5IV8AWYSO.scan
    cd /Users/aaronkeen/Documents/My\ Apps/NutraSafe\ Beta/NutraSafeBeta.xcodeproj
    builtin-precompileModule /Users/aaronkeen/Library/Developer/Xcode/DerivedData/NutraSafeBeta-awyabywlaekrybetqgpbjphfxefs/Build/Intermediates.noindex/ExplicitPrecompiledModules/_time-1KK9QL5P1Y4YLV1E5IV8AWYSO.scan

PrecompileModule /Users/aaronkeen/Library/Developer/Xcode/DerivedData/NutraSafeBeta-awyabywlaekrybetqgpbjphfxefs/Build/Intermediates.noindex/ExplicitPrecompiledModules/_wchar-9QDXBI7N1V9SUY5JNZXQN7PA6.scan
    cd /Users/aaronkeen/Documents/My\ Apps/NutraSafe\ Beta/NutraSafeBeta.xcodeproj
    builtin-precompileModule /Users/aaronkeen/Library/Developer/Xcode/DerivedData/NutraSafeBeta-awyabywlaekrybetqgpbjphfxefs/Build/Intermediates.noindex/ExplicitPrecompiledModules/_wchar-9QDXBI7N1V9SUY5JNZXQN7PA6.scan

PrecompileModule /Users/aaronkeen/Library/Developer/Xcode/DerivedData/NutraSafeBeta-awyabywlaekrybetqgpbjphfxefs/Build/Intermediates.noindex/ExplicitPrecompiledModules/gethostuuid-9V2YG3HTGD142BSSWQAEKUTQ9.scan
    cd /Users/aaronkeen/Documents/My\ Apps/NutraSafe\ Beta/NutraSafeBeta.xcodeproj
    builtin-precompileModule /Users/aaronkeen/Library/Developer/Xcode/DerivedData/NutraSafeBeta-awyabywlaekrybetqgpbjphfxefs/Build/Intermediates.noindex/ExplicitPrecompiledModules/gethostuuid-9V2YG3HTGD142BSSWQAEKUTQ9.scan

PrecompileModule /Users/aaronkeen/Library/Developer/Xcode/DerivedData/NutraSafeBeta-awyabywlaekrybetqgpbjphfxefs/Build/Intermediates.noindex/ExplicitPrecompiledModules/_string-14GAF21H0KVESVOHVR8Q94M96.scan
    cd /Users/aaronkeen/Documents/My\ Apps/NutraSafe\ Beta/NutraSafeBeta.xcodeproj
    builtin-precompileModule /Users/aaronkeen/Library/Developer/Xcode/DerivedData/NutraSafeBeta-awyabywlaekrybetqgpbjphfxefs/Build/Intermediates.noindex/ExplicitPrecompiledModules/_string-14GAF21H0KVESVOHVR8Q94M96.scan

PrecompileModule /Users/aaronkeen/Library/Developer/Xcode/DerivedData/NutraSafeBeta-awyabywlaekrybetqgpbjphfxefs/Build/Intermediates.noindex/ExplicitPrecompiledModules/sys_wait-36RUCHWXOT5CQLF56LR16XWV1.scan
    cd /Users/aaronkeen/Documents/My\ Apps/NutraSafe\ Beta/NutraSafeBeta.xcodeproj
    builtin-precompileModule /Users/aaronkeen/Library/Developer/Xcode/DerivedData/NutraSafeBeta-awyabywlaekrybetqgpbjphfxefs/Build/Intermediates.noindex/ExplicitPrecompiledModules/sys_wait-36RUCHWXOT5CQLF56LR16XWV1.scan

PrecompileModule /Users/aaronkeen/Library/Developer/Xcode/DerivedData/NutraSafeBeta-awyabywlaekrybetqgpbjphfxefs/Build/Intermediates.noindex/ExplicitPrecompiledModules/pthread-EF06TKOSFK4SA9H3KFE7VIKAA.scan
    cd /Users/aaronkeen/Documents/My\ Apps/NutraSafe\ Beta/NutraSafeBeta.xcodeproj
    builtin-precompileModule /Users/aaronkeen/Library/Developer/Xcode/DerivedData/NutraSafeBeta-awyabywlaekrybetqgpbjphfxefs/Build/Intermediates.noindex/ExplicitPrecompiledModules/pthread-EF06TKOSFK4SA9H3KFE7VIKAA.scan

PrecompileModule /Users/aaronkeen/Library/Developer/Xcode/DerivedData/NutraSafeBeta-awyabywlaekrybetqgpbjphfxefs/Build/Intermediates.noindex/ExplicitPrecompiledModules/sys_types-2KMZ3V0WCJBDY96IWBW8DM5GV.scan
    cd /Users/aaronkeen/Documents/My\ Apps/NutraSafe\ Beta/NutraSafeBeta.xcodeproj
    builtin-precompileModule /Users/aaronkeen/Library/Developer/Xcode/DerivedData/NutraSafeBeta-awyabywlaekrybetqgpbjphfxefs/Build/Intermediates.noindex/ExplicitPrecompiledModules/sys_types-2KMZ3V0WCJBDY96IWBW8DM5GV.scan

PrecompileModule /Users/aaronkeen/Library/Developer/Xcode/DerivedData/NutraSafeBeta-awyabywlaekrybetqgpbjphfxefs/Build/Intermediates.noindex/ExplicitPrecompiledModules/pthread-AD5SXM5CTLM4AKDIOJJO71U2B.scan
    cd /Users/aaronkeen/Documents/My\ Apps/NutraSafe\ Beta/NutraSafeBeta.xcodeproj
    builtin-precompileModule /Users/aaronkeen/Library/Developer/Xcode/DerivedData/NutraSafeBeta-awyabywlaekrybetqgpbjphfxefs/Build/Intermediates.noindex/ExplicitPrecompiledModules/pthread-AD5SXM5CTLM4AKDIOJJO71U2B.scan

PrecompileModule /Users/aaronkeen/Library/Developer/Xcode/DerivedData/NutraSafeBeta-awyabywlaekrybetqgpbjphfxefs/Build/Intermediates.noindex/ExplicitPrecompiledModules/gethostuuid-9IDYKI04E65Q41JIGIHX8VX32.scan
    cd /Users/aaronkeen/Documents/My\ Apps/NutraSafe\ Beta/NutraSafeBeta.xcodeproj
    builtin-precompileModule /Users/aaronkeen/Library/Developer/Xcode/DerivedData/NutraSafeBeta-awyabywlaekrybetqgpbjphfxefs/Build/Intermediates.noindex/ExplicitPrecompiledModules/gethostuuid-9IDYKI04E65Q41JIGIHX8VX32.scan

PrecompileModule /Users/aaronkeen/Library/Developer/Xcode/DerivedData/NutraSafeBeta-awyabywlaekrybetqgpbjphfxefs/Build/Intermediates.noindex/ExplicitPrecompiledModules/_wctype-6LCIXT73JN65GPTOYJHP9LP94.scan
    cd /Users/aaronkeen/Documents/My\ Apps/NutraSafe\ Beta/NutraSafeBeta.xcodeproj
    builtin-precompileModule /Users/aaronkeen/Library/Developer/Xcode/DerivedData/NutraSafeBeta-awyabywlaekrybetqgpbjphfxefs/Build/Intermediates.noindex/ExplicitPrecompiledModules/_wctype-6LCIXT73JN65GPTOYJHP9LP94.scan

PrecompileModule /Users/aaronkeen/Library/Developer/Xcode/DerivedData/NutraSafeBeta-awyabywlaekrybetqgpbjphfxefs/Build/Intermediates.noindex/ExplicitPrecompiledModules/_wchar-5RMX7MBXBW3J528OZHOB68KGO.scan
    cd /Users/aaronkeen/Documents/My\ Apps/NutraSafe\ Beta/NutraSafeBeta.xcodeproj
    builtin-precompileModule /Users/aaronkeen/Library/Developer/Xcode/DerivedData/NutraSafeBeta-awyabywlaekrybetqgpbjphfxefs/Build/Intermediates.noindex/ExplicitPrecompiledModules/_wchar-5RMX7MBXBW3J528OZHOB68KGO.scan

PrecompileModule /Users/aaronkeen/Library/Developer/Xcode/DerivedData/NutraSafeBeta-awyabywlaekrybetqgpbjphfxefs/Build/Intermediates.noindex/ExplicitPrecompiledModules/sys_select-88D2A51ZC5T8CKUIY68XBNPIA.scan
    cd /Users/aaronkeen/Documents/My\ Apps/NutraSafe\ Beta/NutraSafeBeta.xcodeproj
    builtin-precompileModule /Users/aaronkeen/Library/Developer/Xcode/DerivedData/NutraSafeBeta-awyabywlaekrybetqgpbjphfxefs/Build/Intermediates.noindex/ExplicitPrecompiledModules/sys_select-88D2A51ZC5T8CKUIY68XBNPIA.scan

PrecompileModule /Users/aaronkeen/Library/Developer/Xcode/DerivedData/NutraSafeBeta-awyabywlaekrybetqgpbjphfxefs/Build/Intermediates.noindex/ExplicitPrecompiledModules/_stdlib-1ALT49Y4SE6P9VVW4N6EBXWHI.scan
    cd /Users/aaronkeen/Documents/My\ Apps/NutraSafe\ Beta/NutraSafeBeta.xcodeproj
    builtin-precompileModule /Users/aaronkeen/Library/Developer/Xcode/DerivedData/NutraSafeBeta-awyabywlaekrybetqgpbjphfxefs/Build/Intermediates.noindex/ExplicitPrecompiledModules/_stdlib-1ALT49Y4SE6P9VVW4N6EBXWHI.scan

PrecompileModule /Users/aaronkeen/Library/Developer/Xcode/DerivedData/NutraSafeBeta-awyabywlaekrybetqgpbjphfxefs/Build/Intermediates.noindex/ExplicitPrecompiledModules/unistd-D3SM5X0H2K4JTFBIMJP1XIXTS.scan
    cd /Users/aaronkeen/Documents/My\ Apps/NutraSafe\ Beta/NutraSafeBeta.xcodeproj
    builtin-precompileModule /Users/aaronkeen/Library/Developer/Xcode/DerivedData/NutraSafeBeta-awyabywlaekrybetqgpbjphfxefs/Build/Intermediates.noindex/ExplicitPrecompiledModules/unistd-D3SM5X0H2K4JTFBIMJP1XIXTS.scan

ScanDependencies /Users/aaronkeen/Library/Developer/Xcode/DerivedData/NutraSafeBeta-awyabywlaekrybetqgpbjphfxefs/Build/Intermediates.noindex/GoogleUtilities.build/Debug-iphonesimulator/GoogleUtilities-Logger.build/Objects-normal/arm64/resource_bundle_accessor.o /Users/aaronkeen/Library/Developer/Xcode/DerivedData/NutraSafeBeta-awyabywlaekrybetqgpbjphfxefs/Build/Intermediates.noindex/GoogleUtilities.build/Debug-iphonesimulator/GoogleUtilities-Logger.build/DerivedSources/resource_bundle_accessor.m normal arm64 objective-c com.apple.compilers.llvm.clang.1_0.compiler (in target 'GoogleUtilities-Logger' from project 'GoogleUtilities')
    cd /Users/aaronkeen/Documents/My\ Apps/NutraSafe\ Beta/NutraSafeBeta.xcodeproj
    
    Using response file: /Users/aaronkeen/Library/Developer/Xcode/DerivedData/NutraSafeBeta-awyabywlaekrybetqgpbjphfxefs/Build/Intermediates.noindex/GoogleUtilities.build/Debug-iphonesimulator/GoogleUtilities-Logger.build/Objects-normal/arm64/e6072d4f65d7061329687fe24e3d63a7-common-args.resp
    
    builtin-ScanDependencies -o /Users/aaronkeen/Library/Developer/Xcode/DerivedData/NutraSafeBeta-awyabywlaekrybetqgpbjphfxefs/Build/Intermediates.noindex/GoogleUtilities.build/Debug-iphonesimulator/GoogleUtilities-Logger.build/Objects-normal/arm64/resource_bundle_accessor.o.scan -- /Applications/Xcode.app/Contents/Developer/Toolchains/XcodeDefault.xctoolchain/usr/bin/clang -x objective-c -ivfsstatcache /Users/aaronkeen/Library/Developer/Xcode/DerivedData/SDKStatCaches.noindex/iphonesimulator18.5-22F76-d5fc8ad4295d2ef488fb7d0f804ce0c4.sdkstatcache -fmessage-length\=0 -fdiagnostics-show-note-include-stack -fmacro-backtrace-limit\=0 -fno-color-diagnostics -fmodules-prune-interval\=86400 -fmodules-prune-after\=345600 -fbuild-session-file\=/Users/aaronkeen/Library/Developer/Xcode/DerivedData/ModuleCache.noindex/Session.modulevalidation -fmodules-validate-once-per-build-session -Wnon-modular-include-in-framework-module -Werror\=non-modular-include-in-framework-module -Wno-trigraphs -Wno-missing-field-initializers -Wno-missing-prototypes -Wno-return-type -Wno-implicit-atomic-properties -Wno-objc-interface-ivars -Wno-arc-repeated-use-of-weak -Wno-missing-braces -Wparentheses -Wswitch -Wno-unused-function -Wno-unused-label -Wno-unused-parameter -Wno-unused-variable -Wunused-value -Wno-empty-body -Wno-uninitialized -Wno-unknown-pragmas -w -Wno-shadow -Wno-four-char-constants -Wno-conversion -Wno-constant-conversion -Wno-int-conversion -Wno-bool-conversion -Wno-enum-conversion -Wno-float-conversion -Wno-non-literal-null-conversion -Wno-objc-literal-conversion -Wshorten-64-to-32 -Wpointer-sign -Wno-newline-eof -Wno-selector -Wno-strict-selector-match -Wno-undeclared-selector -Wno-deprecated-implementations -Wno-implicit-fallthrough -fstrict-aliasing -Wprotocol -Wdeprecated-declarations -Wno-sign-conversion -Wno-infinite-recursion -Wno-comma -Wno-block-capture-autoreleasing -Wno-strict-prototypes -Wno-semicolon-before-method-body -index-store-path /Users/aaronkeen/Library/Developer/Xcode/DerivedData/NutraSafeBeta-awyabywlaekrybetqgpbjphfxefs/Index.noindex/DataStore @/Users/aaronkeen/Library/Developer/Xcode/DerivedData/NutraSafeBeta-awyabywlaekrybetqgpbjphfxefs/Build/Intermediates.noindex/GoogleUtilities.build/Debug-iphonesimulator/GoogleUtilities-Logger.build/Objects-normal/arm64/e6072d4f65d7061329687fe24e3d63a7-common-args.resp -include /Users/aaronkeen/Library/Developer/Xcode/DerivedData/NutraSafeBeta-awyabywlaekrybetqgpbjphfxefs/Build/Intermediates.noindex/GoogleUtilities.build/Debug-iphonesimulator/GoogleUtilities-Logger.build/DerivedSources/resource_bundle_accessor.h -MMD -MT dependencies -MF /Users/aaronkeen/Library/Developer/Xcode/DerivedData/NutraSafeBeta-awyabywlaekrybetqgpbjphfxefs/Build/Intermediates.noindex/GoogleUtilities.build/Debug-iphonesimulator/GoogleUtilities-Logger.build/Objects-normal/arm64/resource_bundle_accessor.d --serialize-diagnostics /Users/aaronkeen/Library/Developer/Xcode/DerivedData/NutraSafeBeta-awyabywlaekrybetqgpbjphfxefs/Build/Intermediates.noindex/GoogleUtilities.build/Debug-iphonesimulator/GoogleUtilities-Logger.build/Objects-normal/arm64/resource_bundle_accessor.dia -c /Users/aaronkeen/Library/Developer/Xcode/DerivedData/NutraSafeBeta-awyabywlaekrybetqgpbjphfxefs/Build/Intermediates.noindex/GoogleUtilities.build/Debug-iphonesimulator/GoogleUtilities-Logger.build/DerivedSources/resource_bundle_accessor.m -o /Users/aaronkeen/Library/Developer/Xcode/DerivedData/NutraSafeBeta-awyabywlaekrybetqgpbjphfxefs/Build/Intermediates.noindex/GoogleUtilities.build/Debug-iphonesimulator/GoogleUtilities-Logger.build/Objects-normal/arm64/resource_bundle_accessor.o -index-unit-output-path /GoogleUtilities.build/Debug-iphonesimulator/GoogleUtilities-Logger.build/Objects-normal/arm64/resource_bundle_accessor.o

ScanDependencies /Users/aaronkeen/Library/Developer/Xcode/DerivedData/NutraSafeBeta-awyabywlaekrybetqgpbjphfxefs/Build/Intermediates.noindex/GoogleUtilities.build/Debug-iphonesimulator/GoogleUtilities-Logger.build/Objects-normal/arm64/GULLogger.o /Users/aaronkeen/Library/Developer/Xcode/DerivedData/NutraSafeBeta-awyabywlaekrybetqgpbjphfxefs/SourcePackages/checkouts/GoogleUtilities/GoogleUtilities/Logger/GULLogger.m normal arm64 objective-c com.apple.compilers.llvm.clang.1_0.compiler (in target 'GoogleUtilities-Logger' from project 'GoogleUtilities')
    cd /Users/aaronkeen/Documents/My\ Apps/NutraSafe\ Beta/NutraSafeBeta.xcodeproj
    
    Using response file: /Users/aaronkeen/Library/Developer/Xcode/DerivedData/NutraSafeBeta-awyabywlaekrybetqgpbjphfxefs/Build/Intermediates.noindex/GoogleUtilities.build/Debug-iphonesimulator/GoogleUtilities-Logger.build/Objects-normal/arm64/e6072d4f65d7061329687fe24e3d63a7-common-args.resp
    
    builtin-ScanDependencies -o /Users/aaronkeen/Library/Developer/Xcode/DerivedData/NutraSafeBeta-awyabywlaekrybetqgpbjphfxefs/Build/Intermediates.noindex/GoogleUtilities.build/Debug-iphonesimulator/GoogleUtilities-Logger.build/Objects-normal/arm64/GULLogger.o.scan -- /Applications/Xcode.app/Contents/Developer/Toolchains/XcodeDefault.xctoolchain/usr/bin/clang -x objective-c -ivfsstatcache /Users/aaronkeen/Library/Developer/Xcode/DerivedData/SDKStatCaches.noindex/iphonesimulator18.5-22F76-d5fc8ad4295d2ef488fb7d0f804ce0c4.sdkstatcache -fmessage-length\=0 -fdiagnostics-show-note-include-stack -fmacro-backtrace-limit\=0 -fno-color-diagnostics -fmodules-prune-interval\=86400 -fmodules-prune-after\=345600 -fbuild-session-file\=/Users/aaronkeen/Library/Developer/Xcode/DerivedData/ModuleCache.noindex/Session.modulevalidation -fmodules-validate-once-per-build-session -Wnon-modular-include-in-framework-module -Werror\=non-modular-include-in-framework-module -Wno-trigraphs -Wno-missing-field-initializers -Wno-missing-prototypes -Wno-return-type -Wno-implicit-atomic-properties -Wno-objc-interface-ivars -Wno-arc-repeated-use-of-weak -Wno-missing-braces -Wparentheses -Wswitch -Wno-unused-function -Wno-unused-label -Wno-unused-parameter -Wno-unused-variable -Wunused-value -Wno-empty-body -Wno-uninitialized -Wno-unknown-pragmas -w -Wno-shadow -Wno-four-char-constants -Wno-conversion -Wno-constant-conversion -Wno-int-conversion -Wno-bool-conversion -Wno-enum-conversion -Wno-float-conversion -Wno-non-literal-null-conversion -Wno-objc-literal-conversion -Wshorten-64-to-32 -Wpointer-sign -Wno-newline-eof -Wno-selector -Wno-strict-selector-match -Wno-undeclared-selector -Wno-deprecated-implementations -Wno-implicit-fallthrough -fstrict-aliasing -Wprotocol -Wdeprecated-declarations -Wno-sign-conversion -Wno-infinite-recursion -Wno-comma -Wno-block-capture-autoreleasing -Wno-strict-prototypes -Wno-semicolon-before-method-body -index-store-path /Users/aaronkeen/Library/Developer/Xcode/DerivedData/NutraSafeBeta-awyabywlaekrybetqgpbjphfxefs/Index.noindex/DataStore @/Users/aaronkeen/Library/Developer/Xcode/DerivedData/NutraSafeBeta-awyabywlaekrybetqgpbjphfxefs/Build/Intermediates.noindex/GoogleUtilities.build/Debug-iphonesimulator/GoogleUtilities-Logger.build/Objects-normal/arm64/e6072d4f65d7061329687fe24e3d63a7-common-args.resp -include /Users/aaronkeen/Library/Developer/Xcode/DerivedData/NutraSafeBeta-awyabywlaekrybetqgpbjphfxefs/Build/Intermediates.noindex/GoogleUtilities.build/Debug-iphonesimulator/GoogleUtilities-Logger.build/DerivedSources/resource_bundle_accessor.h -MMD -MT dependencies -MF /Users/aaronkeen/Library/Developer/Xcode/DerivedData/NutraSafeBeta-awyabywlaekrybetqgpbjphfxefs/Build/Intermediates.noindex/GoogleUtilities.build/Debug-iphonesimulator/GoogleUtilities-Logger.build/Objects-normal/arm64/GULLogger.d --serialize-diagnostics /Users/aaronkeen/Library/Developer/Xcode/DerivedData/NutraSafeBeta-awyabywlaekrybetqgpbjphfxefs/Build/Intermediates.noindex/GoogleUtilities.build/Debug-iphonesimulator/GoogleUtilities-Logger.build/Objects-normal/arm64/GULLogger.dia -c /Users/aaronkeen/Library/Developer/Xcode/DerivedData/NutraSafeBeta-awyabywlaekrybetqgpbjphfxefs/SourcePackages/checkouts/GoogleUtilities/GoogleUtilities/Logger/GULLogger.m -o /Users/aaronkeen/Library/Developer/Xcode/DerivedData/NutraSafeBeta-awyabywlaekrybetqgpbjphfxefs/Build/Intermediates.noindex/GoogleUtilities.build/Debug-iphonesimulator/GoogleUtilities-Logger.build/Objects-normal/arm64/GULLogger.o -index-unit-output-path /GoogleUtilities.build/Debug-iphonesimulator/GoogleUtilities-Logger.build/Objects-normal/arm64/GULLogger.o

PrecompileModule /Users/aaronkeen/Library/Developer/Xcode/DerivedData/NutraSafeBeta-awyabywlaekrybetqgpbjphfxefs/Build/Intermediates.noindex/ExplicitPrecompiledModules/nl_types-1KOZO0I4F7OB52045PX5A85GV.scan
    cd /Users/aaronkeen/Documents/My\ Apps/NutraSafe\ Beta/NutraSafeBeta.xcodeproj
    builtin-precompileModule /Users/aaronkeen/Library/Developer/Xcode/DerivedData/NutraSafeBeta-awyabywlaekrybetqgpbjphfxefs/Build/Intermediates.noindex/ExplicitPrecompiledModules/nl_types-1KOZO0I4F7OB52045PX5A85GV.scan

PrecompileModule /Users/aaronkeen/Library/Developer/Xcode/DerivedData/NutraSafeBeta-awyabywlaekrybetqgpbjphfxefs/Build/Intermediates.noindex/ExplicitPrecompiledModules/_time-O6M0P64G1W421KHLMZP1HQF6.scan
    cd /Users/aaronkeen/Documents/My\ Apps/NutraSafe\ Beta/NutraSafeBeta.xcodeproj
    builtin-precompileModule /Users/aaronkeen/Library/Developer/Xcode/DerivedData/NutraSafeBeta-awyabywlaekrybetqgpbjphfxefs/Build/Intermediates.noindex/ExplicitPrecompiledModules/_time-O6M0P64G1W421KHLMZP1HQF6.scan

PrecompileModule /Users/aaronkeen/Library/Developer/Xcode/DerivedData/NutraSafeBeta-awyabywlaekrybetqgpbjphfxefs/Build/Intermediates.noindex/ExplicitPrecompiledModules/_string-8J16YJVLVMPWYMTCCRBF9F8SA.scan
    cd /Users/aaronkeen/Documents/My\ Apps/NutraSafe\ Beta/NutraSafeBeta.xcodeproj
    builtin-precompileModule /Users/aaronkeen/Library/Developer/Xcode/DerivedData/NutraSafeBeta-awyabywlaekrybetqgpbjphfxefs/Build/Intermediates.noindex/ExplicitPrecompiledModules/_string-8J16YJVLVMPWYMTCCRBF9F8SA.scan

PrecompileModule /Users/aaronkeen/Library/Developer/Xcode/DerivedData/NutraSafeBeta-awyabywlaekrybetqgpbjphfxefs/Build/Intermediates.noindex/ExplicitPrecompiledModules/sys_resource-6IFHKJM816DMASZBSOLD5CNLS.scan
    cd /Users/aaronkeen/Documents/My\ Apps/NutraSafe\ Beta/NutraSafeBeta.xcodeproj
    builtin-precompileModule /Users/aaronkeen/Library/Developer/Xcode/DerivedData/NutraSafeBeta-awyabywlaekrybetqgpbjphfxefs/Build/Intermediates.noindex/ExplicitPrecompiledModules/sys_resource-6IFHKJM816DMASZBSOLD5CNLS.scan

PrecompileModule /Users/aaronkeen/Library/Developer/Xcode/DerivedData/NutraSafeBeta-awyabywlaekrybetqgpbjphfxefs/Build/Intermediates.noindex/ExplicitPrecompiledModules/_stdio-52F69BJ7PWM2XE1C2RPF8J9S8.scan
    cd /Users/aaronkeen/Documents/My\ Apps/NutraSafe\ Beta/NutraSafeBeta.xcodeproj
    builtin-precompileModule /Users/aaronkeen/Library/Developer/Xcode/DerivedData/NutraSafeBeta-awyabywlaekrybetqgpbjphfxefs/Build/Intermediates.noindex/ExplicitPrecompiledModules/_stdio-52F69BJ7PWM2XE1C2RPF8J9S8.scan

PrecompileModule /Users/aaronkeen/Library/Developer/Xcode/DerivedData/NutraSafeBeta-awyabywlaekrybetqgpbjphfxefs/Build/Intermediates.noindex/ExplicitPrecompiledModules/_signal-6OZ74VDBSOSV21I9DCKK0PEX4.scan
    cd /Users/aaronkeen/Documents/My\ Apps/NutraSafe\ Beta/NutraSafeBeta.xcodeproj
    builtin-precompileModule /Users/aaronkeen/Library/Developer/Xcode/DerivedData/NutraSafeBeta-awyabywlaekrybetqgpbjphfxefs/Build/Intermediates.noindex/ExplicitPrecompiledModules/_signal-6OZ74VDBSOSV21I9DCKK0PEX4.scan

PrecompileModule /Users/aaronkeen/Library/Developer/Xcode/DerivedData/NutraSafeBeta-awyabywlaekrybetqgpbjphfxefs/Build/Intermediates.noindex/ExplicitPrecompiledModules/zlib-CPA7GADZTROREOOM3X5BWDPDK.scan
    cd /Users/aaronkeen/Documents/My\ Apps/NutraSafe\ Beta/NutraSafeBeta.xcodeproj
    builtin-precompileModule /Users/aaronkeen/Library/Developer/Xcode/DerivedData/NutraSafeBeta-awyabywlaekrybetqgpbjphfxefs/Build/Intermediates.noindex/ExplicitPrecompiledModules/zlib-CPA7GADZTROREOOM3X5BWDPDK.scan

PrecompileModule /Users/aaronkeen/Library/Developer/Xcode/DerivedData/NutraSafeBeta-awyabywlaekrybetqgpbjphfxefs/Build/Intermediates.noindex/ExplicitPrecompiledModules/unistd-7KTDIRNZX8MD8PB7OSOBVJW9V.scan
    cd /Users/aaronkeen/Documents/My\ Apps/NutraSafe\ Beta/NutraSafeBeta.xcodeproj
    builtin-precompileModule /Users/aaronkeen/Library/Developer/Xcode/DerivedData/NutraSafeBeta-awyabywlaekrybetqgpbjphfxefs/Build/Intermediates.noindex/ExplicitPrecompiledModules/unistd-7KTDIRNZX8MD8PB7OSOBVJW9V.scan

PrecompileModule /Users/aaronkeen/Library/Developer/Xcode/DerivedData/NutraSafeBeta-awyabywlaekrybetqgpbjphfxefs/Build/Intermediates.noindex/ExplicitPrecompiledModules/gethostuuid-C4CNS0YFZRP8W8K4COK2ZD9HE.scan
    cd /Users/aaronkeen/Documents/My\ Apps/NutraSafe\ Beta/NutraSafeBeta.xcodeproj
    builtin-precompileModule /Users/aaronkeen/Library/Developer/Xcode/DerivedData/NutraSafeBeta-awyabywlaekrybetqgpbjphfxefs/Build/Intermediates.noindex/ExplicitPrecompiledModules/gethostuuid-C4CNS0YFZRP8W8K4COK2ZD9HE.scan

PrecompileModule /Users/aaronkeen/Library/Developer/Xcode/DerivedData/NutraSafeBeta-awyabywlaekrybetqgpbjphfxefs/Build/Intermediates.noindex/ExplicitPrecompiledModules/Darwin-1V2BWYD733GXTI7B7S5KZP6NR.scan
    cd /Users/aaronkeen/Documents/My\ Apps/NutraSafe\ Beta/NutraSafeBeta.xcodeproj
    builtin-precompileModule /Users/aaronkeen/Library/Developer/Xcode/DerivedData/NutraSafeBeta-awyabywlaekrybetqgpbjphfxefs/Build/Intermediates.noindex/ExplicitPrecompiledModules/Darwin-1V2BWYD733GXTI7B7S5KZP6NR.scan

PrecompileModule /Users/aaronkeen/Library/Developer/Xcode/DerivedData/NutraSafeBeta-awyabywlaekrybetqgpbjphfxefs/Build/Intermediates.noindex/ExplicitPrecompiledModules/_wchar-168MD2F30TAE2EITAP9UHQNXO.scan
    cd /Users/aaronkeen/Documents/My\ Apps/NutraSafe\ Beta/NutraSafeBeta.xcodeproj
    builtin-precompileModule /Users/aaronkeen/Library/Developer/Xcode/DerivedData/NutraSafeBeta-awyabywlaekrybetqgpbjphfxefs/Build/Intermediates.noindex/ExplicitPrecompiledModules/_wchar-168MD2F30TAE2EITAP9UHQNXO.scan

PrecompileModule /Users/aaronkeen/Library/Developer/Xcode/DerivedData/NutraSafeBeta-awyabywlaekrybetqgpbjphfxefs/Build/Intermediates.noindex/ExplicitPrecompiledModules/sys_wait-24OM598M2CE2UFEXDL3LV4TP3.scan
    cd /Users/aaronkeen/Documents/My\ Apps/NutraSafe\ Beta/NutraSafeBeta.xcodeproj
    builtin-precompileModule /Users/aaronkeen/Library/Developer/Xcode/DerivedData/NutraSafeBeta-awyabywlaekrybetqgpbjphfxefs/Build/Intermediates.noindex/ExplicitPrecompiledModules/sys_wait-24OM598M2CE2UFEXDL3LV4TP3.scan

PrecompileModule /Users/aaronkeen/Library/Developer/Xcode/DerivedData/NutraSafeBeta-awyabywlaekrybetqgpbjphfxefs/Build/Intermediates.noindex/ExplicitPrecompiledModules/sys_select-BB18YC9QUNQNM454UH6US56CC.scan
    cd /Users/aaronkeen/Documents/My\ Apps/NutraSafe\ Beta/NutraSafeBeta.xcodeproj
    builtin-precompileModule /Users/aaronkeen/Library/Developer/Xcode/DerivedData/NutraSafeBeta-awyabywlaekrybetqgpbjphfxefs/Build/Intermediates.noindex/ExplicitPrecompiledModules/sys_select-BB18YC9QUNQNM454UH6US56CC.scan

PrecompileModule /Users/aaronkeen/Library/Developer/Xcode/DerivedData/NutraSafeBeta-awyabywlaekrybetqgpbjphfxefs/Build/Intermediates.noindex/ExplicitPrecompiledModules/pthread-5Z3HJ2S50AFJ3A1L7NK7G5OY1.scan
    cd /Users/aaronkeen/Documents/My\ Apps/NutraSafe\ Beta/NutraSafeBeta.xcodeproj
    builtin-precompileModule /Users/aaronkeen/Library/Developer/Xcode/DerivedData/NutraSafeBeta-awyabywlaekrybetqgpbjphfxefs/Build/Intermediates.noindex/ExplicitPrecompiledModules/pthread-5Z3HJ2S50AFJ3A1L7NK7G5OY1.scan

PrecompileModule /Users/aaronkeen/Library/Developer/Xcode/DerivedData/NutraSafeBeta-awyabywlaekrybetqgpbjphfxefs/Build/Intermediates.noindex/ExplicitPrecompiledModules/Darwin-7Z5LY2UPDQHAG299X6SIJ1O4W.scan
    cd /Users/aaronkeen/Documents/My\ Apps/NutraSafe\ Beta/NutraSafeBeta.xcodeproj
    builtin-precompileModule /Users/aaronkeen/Library/Developer/Xcode/DerivedData/NutraSafeBeta-awyabywlaekrybetqgpbjphfxefs/Build/Intermediates.noindex/ExplicitPrecompiledModules/Darwin-7Z5LY2UPDQHAG299X6SIJ1O4W.scan

ScanDependencies /Users/aaronkeen/Library/Developer/Xcode/DerivedData/NutraSafeBeta-awyabywlaekrybetqgpbjphfxefs/Build/Intermediates.noindex/Firebase.build/Debug-iphonesimulator/FirebaseAuthInternal.build/Objects-normal/arm64/FIRMultiFactorConstants.o /Users/aaronkeen/Library/Developer/Xcode/DerivedData/NutraSafeBeta-awyabywlaekrybetqgpbjphfxefs/SourcePackages/checkouts/firebase-ios-sdk/FirebaseAuth/Sources/ObjC/FIRMultiFactorConstants.m normal arm64 objective-c com.apple.compilers.llvm.clang.1_0.compiler (in target 'FirebaseAuthInternal' from project 'Firebase')
    cd /Users/aaronkeen/Documents/My\ Apps/NutraSafe\ Beta/NutraSafeBeta.xcodeproj
    
    Using response file: /Users/aaronkeen/Library/Developer/Xcode/DerivedData/NutraSafeBeta-awyabywlaekrybetqgpbjphfxefs/Build/Intermediates.noindex/Firebase.build/Debug-iphonesimulator/FirebaseAuthInternal.build/Objects-normal/arm64/e6072d4f65d7061329687fe24e3d63a7-common-args.resp
    
    builtin-ScanDependencies -o /Users/aaronkeen/Library/Developer/Xcode/DerivedData/NutraSafeBeta-awyabywlaekrybetqgpbjphfxefs/Build/Intermediates.noindex/Firebase.build/Debug-iphonesimulator/FirebaseAuthInternal.build/Objects-normal/arm64/FIRMultiFactorConstants.o.scan -- /Applications/Xcode.app/Contents/Developer/Toolchains/XcodeDefault.xctoolchain/usr/bin/clang -x objective-c -ivfsstatcache /Users/aaronkeen/Library/Developer/Xcode/DerivedData/SDKStatCaches.noindex/iphonesimulator18.5-22F76-d5fc8ad4295d2ef488fb7d0f804ce0c4.sdkstatcache -fmessage-length\=0 -fdiagnostics-show-note-include-stack -fmacro-backtrace-limit\=0 -fno-color-diagnostics -fmodules-prune-interval\=86400 -fmodules-prune-after\=345600 -fbuild-session-file\=/Users/aaronkeen/Library/Developer/Xcode/DerivedData/ModuleCache.noindex/Session.modulevalidation -fmodules-validate-once-per-build-session -Wnon-modular-include-in-framework-module -Werror\=non-modular-include-in-framework-module -Wno-trigraphs -Wno-missing-field-initializers -Wno-missing-prototypes -Wno-return-type -Wno-implicit-atomic-properties -Wno-objc-interface-ivars -Wno-arc-repeated-use-of-weak -Wno-missing-braces -Wparentheses -Wswitch -Wno-unused-function -Wno-unused-label -Wno-unused-parameter -Wno-unused-variable -Wunused-value -Wno-empty-body -Wno-uninitialized -Wno-unknown-pragmas -w -Wno-shadow -Wno-four-char-constants -Wno-conversion -Wno-constant-conversion -Wno-int-conversion -Wno-bool-conversion -Wno-enum-conversion -Wno-float-conversion -Wno-non-literal-null-conversion -Wno-objc-literal-conversion -Wshorten-64-to-32 -Wpointer-sign -Wno-newline-eof -Wno-selector -Wno-strict-selector-match -Wno-undeclared-selector -Wno-deprecated-implementations -Wno-implicit-fallthrough -fstrict-aliasing -Wprotocol -Wdeprecated-declarations -Wno-sign-conversion -Wno-infinite-recursion -Wno-comma -Wno-block-capture-autoreleasing -Wno-strict-prototypes -Wno-semicolon-before-method-body -index-store-path /Users/aaronkeen/Library/Developer/Xcode/DerivedData/NutraSafeBeta-awyabywlaekrybetqgpbjphfxefs/Index.noindex/DataStore @/Users/aaronkeen/Library/Developer/Xcode/DerivedData/NutraSafeBeta-awyabywlaekrybetqgpbjphfxefs/Build/Intermediates.noindex/Firebase.build/Debug-iphonesimulator/FirebaseAuthInternal.build/Objects-normal/arm64/e6072d4f65d7061329687fe24e3d63a7-common-args.resp -MMD -MT dependencies -MF /Users/aaronkeen/Library/Developer/Xcode/DerivedData/NutraSafeBeta-awyabywlaekrybetqgpbjphfxefs/Build/Intermediates.noindex/Firebase.build/Debug-iphonesimulator/FirebaseAuthInternal.build/Objects-normal/arm64/FIRMultiFactorConstants.d --serialize-diagnostics /Users/aaronkeen/Library/Developer/Xcode/DerivedData/NutraSafeBeta-awyabywlaekrybetqgpbjphfxefs/Build/Intermediates.noindex/Firebase.build/Debug-iphonesimulator/FirebaseAuthInternal.build/Objects-normal/arm64/FIRMultiFactorConstants.dia -c /Users/aaronkeen/Library/Developer/Xcode/DerivedData/NutraSafeBeta-awyabywlaekrybetqgpbjphfxefs/SourcePackages/checkouts/firebase-ios-sdk/FirebaseAuth/Sources/ObjC/FIRMultiFactorConstants.m -o /Users/aaronkeen/Library/Developer/Xcode/DerivedData/NutraSafeBeta-awyabywlaekrybetqgpbjphfxefs/Build/Intermediates.noindex/Firebase.build/Debug-iphonesimulator/FirebaseAuthInternal.build/Objects-normal/arm64/FIRMultiFactorConstants.o -index-unit-output-path /Firebase.build/Debug-iphonesimulator/FirebaseAuthInternal.build/Objects-normal/arm64/FIRMultiFactorConstants.o

WriteAuxiliaryFile /Users/aaronkeen/Library/Developer/Xcode/DerivedData/NutraSafeBeta-awyabywlaekrybetqgpbjphfxefs/Build/Intermediates.noindex/Firebase.build/Debug-iphonesimulator/FirebaseFirestoreTarget.build/Objects-normal/arm64/e6072d4f65d7061329687fe24e3d63a7-common-args.resp (in target 'FirebaseFirestoreTarget' from project 'Firebase')
    cd /Users/aaronkeen/Library/Developer/Xcode/DerivedData/NutraSafeBeta-awyabywlaekrybetqgpbjphfxefs/SourcePackages/checkouts/firebase-ios-sdk
    write-file /Users/aaronkeen/Library/Developer/Xcode/DerivedData/NutraSafeBeta-awyabywlaekrybetqgpbjphfxefs/Build/Intermediates.noindex/Firebase.build/Debug-iphonesimulator/FirebaseFirestoreTarget.build/Objects-normal/arm64/e6072d4f65d7061329687fe24e3d63a7-common-args.resp
-target arm64-apple-ios15.0-simulator -fobjc-arc -fmodules -gmodules '-fmodules-cache-path=/Users/aaronkeen/Library/Developer/Xcode/DerivedData/ModuleCache.noindex' '-fmodule-name=FirebaseFirestoreTarget' -fpascal-strings -O0 -DSWIFT_PACKAGE '-DDEBUG=1' '-DFIREBASE_BINARY_FIRESTORE=1' '-DOBJC_OLD_DISPATCH_PROTOTYPES=1' -isysroot /Applications/Xcode.app/Contents/Developer/Platforms/iPhoneSimulator.platform/Developer/SDKs/iPhoneSimulator18.5.sdk -g '-fobjc-abi-version=2' -fobjc-legacy-dispatch -I/Users/aaronkeen/Library/Developer/Xcode/DerivedData/NutraSafeBeta-awyabywlaekrybetqgpbjphfxefs/SourcePackages/checkouts/GoogleUtilities/GoogleUtilities/NSData+zlib/Public -I/Users/aaronkeen/Library/Developer/Xcode/DerivedData/NutraSafeBeta-awyabywlaekrybetqgpbjphfxefs/SourcePackages/checkouts/GoogleUtilities/GoogleUtilities/Environment/Public -I/Users/aaronkeen/Library/Developer/Xcode/DerivedData/NutraSafeBeta-awyabywlaekrybetqgpbjphfxefs/SourcePackages/checkouts/GoogleUtilities/third_party/IsAppEncrypted/Public -I/Users/aaronkeen/Library/Developer/Xcode/DerivedData/NutraSafeBeta-awyabywlaekrybetqgpbjphfxefs/SourcePackages/checkouts/GoogleUtilities/GoogleUtilities/Logger/Public -I/Users/aaronkeen/Library/Developer/Xcode/DerivedData/NutraSafeBeta-awyabywlaekrybetqgpbjphfxefs/SourcePackages/checkouts/abseil-cpp-binary/absl-Wrapper/include -I/Users/aaronkeen/Library/Developer/Xcode/DerivedData/NutraSafeBeta-awyabywlaekrybetqgpbjphfxefs/SourcePackages/checkouts/grpc-binary/openssl-grpc-Wrapper/include -I/Users/aaronkeen/Library/Developer/Xcode/DerivedData/NutraSafeBeta-awyabywlaekrybetqgpbjphfxefs/SourcePackages/checkouts/grpc-binary/grpc-Wrapper/include -I/Users/aaronkeen/Library/Developer/Xcode/DerivedData/NutraSafeBeta-awyabywlaekrybetqgpbjphfxefs/SourcePackages/checkouts/grpc-binary/grpcpp-Wrapper/include -I/Users/aaronkeen/Library/Developer/Xcode/DerivedData/NutraSafeBeta-awyabywlaekrybetqgpbjphfxefs/SourcePackages/checkouts/nanopb/spm_headers -I/Users/aaronkeen/Library/Developer/Xcode/DerivedData/NutraSafeBeta-awyabywlaekrybetqgpbjphfxefs/SourcePackages/checkouts/leveldb/include -I/Users/aaronkeen/Library/Developer/Xcode/DerivedData/NutraSafeBeta-awyabywlaekrybetqgpbjphfxefs/SourcePackages/checkouts/firebase-ios-sdk/FirebaseCore/Extension -I/Users/aaronkeen/Library/Developer/Xcode/DerivedData/NutraSafeBeta-awyabywlaekrybetqgpbjphfxefs/SourcePackages/checkouts/firebase-ios-sdk/FirebaseCore/Sources/Public -I/Users/aaronkeen/Library/Developer/Xcode/DerivedData/NutraSafeBeta-awyabywlaekrybetqgpbjphfxefs/SourcePackages/checkouts/firebase-ios-sdk/CoreOnly/Sources -I/Users/aaronkeen/Library/Developer/Xcode/DerivedData/NutraSafeBeta-awyabywlaekrybetqgpbjphfxefs/SourcePackages/checkouts/firebase-ios-sdk/FirebaseAppCheck/Interop/Public -I/Users/aaronkeen/Library/Developer/Xcode/DerivedData/NutraSafeBeta-awyabywlaekrybetqgpbjphfxefs/SourcePackages/checkouts/firebase-ios-sdk/FirebaseFirestoreInternal -I/Users/aaronkeen/Library/Developer/Xcode/DerivedData/NutraSafeBeta-awyabywlaekrybetqgpbjphfxefs/Build/Products/Debug-iphonesimulator/include -I/Users/aaronkeen/Library/Developer/Xcode/DerivedData/NutraSafeBeta-awyabywlaekrybetqgpbjphfxefs/SourcePackages/checkouts/firebase-ios-sdk/SwiftPM-PlatformExclude/FirebaseFirestoreWrap/include -I/Users/aaronkeen/Library/Developer/Xcode/DerivedData/NutraSafeBeta-awyabywlaekrybetqgpbjphfxefs/Build/Intermediates.noindex/Firebase.build/Debug-iphonesimulator/FirebaseFirestoreTarget.build/DerivedSources-normal/arm64 -I/Users/aaronkeen/Library/Developer/Xcode/DerivedData/NutraSafeBeta-awyabywlaekrybetqgpbjphfxefs/Build/Intermediates.noindex/Firebase.build/Debug-iphonesimulator/FirebaseFirestoreTarget.build/DerivedSources/arm64 -I/Users/aaronkeen/Library/Developer/Xcode/DerivedData/NutraSafeBeta-awyabywlaekrybetqgpbjphfxefs/Build/Intermediates.noindex/Firebase.build/Debug-iphonesimulator/FirebaseFirestoreTarget.build/DerivedSources -F/Users/aaronkeen/Library/Developer/Xcode/DerivedData/NutraSafeBeta-awyabywlaekrybetqgpbjphfxefs/Build/Products/Debug-iphonesimulator/PackageFrameworks -F/Users/aaronkeen/Library/Developer/Xcode/DerivedData/NutraSafeBeta-awyabywlaekrybetqgpbjphfxefs/Build/Products/Debug-iphonesimulator/PackageFrameworks -F/Users/aaronkeen/Library/Developer/Xcode/DerivedData/NutraSafeBeta-awyabywlaekrybetqgpbjphfxefs/Build/Products/Debug-iphonesimulator/PackageFrameworks -F/Users/aaronkeen/Library/Developer/Xcode/DerivedData/NutraSafeBeta-awyabywlaekrybetqgpbjphfxefs/Build/Products/Debug-iphonesimulator/PackageFrameworks -F/Users/aaronkeen/Library/Developer/Xcode/DerivedData/NutraSafeBeta-awyabywlaekrybetqgpbjphfxefs/Build/Products/Debug-iphonesimulator/PackageFrameworks -F/Users/aaronkeen/Library/Developer/Xcode/DerivedData/NutraSafeBeta-awyabywlaekrybetqgpbjphfxefs/Build/Products/Debug-iphonesimulator/PackageFrameworks -F/Users/aaronkeen/Library/Developer/Xcode/DerivedData/NutraSafeBeta-awyabywlaekrybetqgpbjphfxefs/Build/Products/Debug-iphonesimulator/PackageFrameworks -F/Users/aaronkeen/Library/Developer/Xcode/DerivedData/NutraSafeBeta-awyabywlaekrybetqgpbjphfxefs/Build/Products/Debug-iphonesimulator/PackageFrameworks -F/Users/aaronkeen/Library/Developer/Xcode/DerivedData/NutraSafeBeta-awyabywlaekrybetqgpbjphfxefs/Build/Products/Debug-iphonesimulator/PackageFrameworks -F/Users/aaronkeen/Library/Developer/Xcode/DerivedData/NutraSafeBeta-awyabywlaekrybetqgpbjphfxefs/Build/Products/Debug-iphonesimulator/PackageFrameworks -F/Users/aaronkeen/Library/Developer/Xcode/DerivedData/NutraSafeBeta-awyabywlaekrybetqgpbjphfxefs/Build/Products/Debug-iphonesimulator/PackageFrameworks -F/Users/aaronkeen/Library/Developer/Xcode/DerivedData/NutraSafeBeta-awyabywlaekrybetqgpbjphfxefs/Build/Products/Debug-iphonesimulator/PackageFrameworks -F/Users/aaronkeen/Library/Developer/Xcode/DerivedData/NutraSafeBeta-awyabywlaekrybetqgpbjphfxefs/Build/Products/Debug-iphonesimulator/PackageFrameworks -F/Users/aaronkeen/Library/Developer/Xcode/DerivedData/NutraSafeBeta-awyabywlaekrybetqgpbjphfxefs/Build/Products/Debug-iphonesimulator/PackageFrameworks -F/Users/aaronkeen/Library/Developer/Xcode/DerivedData/NutraSafeBeta-awyabywlaekrybetqgpbjphfxefs/Build/Products/Debug-iphonesimulator/PackageFrameworks -F/Users/aaronkeen/Library/Developer/Xcode/DerivedData/NutraSafeBeta-awyabywlaekrybetqgpbjphfxefs/Build/Products/Debug-iphonesimulator/PackageFrameworks -F/Users/aaronkeen/Library/Developer/Xcode/DerivedData/NutraSafeBeta-awyabywlaekrybetqgpbjphfxefs/Build/Products/Debug-iphonesimulator/PackageFrameworks -F/Users/aaronkeen/Library/Developer/Xcode/DerivedData/NutraSafeBeta-awyabywlaekrybetqgpbjphfxefs/Build/Products/Debug-iphonesimulator/PackageFrameworks -F/Users/aaronkeen/Library/Developer/Xcode/DerivedData/NutraSafeBeta-awyabywlaekrybetqgpbjphfxefs/Build/Products/Debug-iphonesimulator -iframework /Applications/Xcode.app/Contents/Developer/Platforms/iPhoneSimulator.platform/Developer/Library/Frameworks -iframework /Applications/Xcode.app/Contents/Developer/Platforms/iPhoneSimulator.platform/Developer/SDKs/iPhoneSimulator18.5.sdk/Developer/Library/Frameworks '-fmodule-map-file=/Users/aaronkeen/Library/Developer/Xcode/DerivedData/NutraSafeBeta-awyabywlaekrybetqgpbjphfxefs/Build/Intermediates.noindex/GeneratedModuleMaps-iphonesimulator/GoogleUtilities-NSData.modulemap' '-fmodule-map-file=/Users/aaronkeen/Library/Developer/Xcode/DerivedData/NutraSafeBeta-awyabywlaekrybetqgpbjphfxefs/Build/Intermediates.noindex/GeneratedModuleMaps-iphonesimulator/GoogleUtilities-Environment.modulemap' '-fmodule-map-file=/Users/aaronkeen/Library/Developer/Xcode/DerivedData/NutraSafeBeta-awyabywlaekrybetqgpbjphfxefs/Build/Intermediates.noindex/GeneratedModuleMaps-iphonesimulator/third-party-IsAppEncrypted.modulemap' '-fmodule-map-file=/Users/aaronkeen/Library/Developer/Xcode/DerivedData/NutraSafeBeta-awyabywlaekrybetqgpbjphfxefs/Build/Intermediates.noindex/GeneratedModuleMaps-iphonesimulator/GoogleUtilities-Logger.modulemap' '-fmodule-map-file=/Users/aaronkeen/Library/Developer/Xcode/DerivedData/NutraSafeBeta-awyabywlaekrybetqgpbjphfxefs/Build/Intermediates.noindex/GeneratedModuleMaps-iphonesimulator/abslWrapper.modulemap' '-fmodule-map-file=/Users/aaronkeen/Library/Developer/Xcode/DerivedData/NutraSafeBeta-awyabywlaekrybetqgpbjphfxefs/Build/Intermediates.noindex/GeneratedModuleMaps-iphonesimulator/opensslWrapper.modulemap' '-fmodule-map-file=/Users/aaronkeen/Library/Developer/Xcode/DerivedData/NutraSafeBeta-awyabywlaekrybetqgpbjphfxefs/Build/Intermediates.noindex/GeneratedModuleMaps-iphonesimulator/grpcWrapper.modulemap' '-fmodule-map-file=/Users/aaronkeen/Library/Developer/Xcode/DerivedData/NutraSafeBeta-awyabywlaekrybetqgpbjphfxefs/Build/Intermediates.noindex/GeneratedModuleMaps-iphonesimulator/grpcppWrapper.modulemap' '-fmodule-map-file=/Users/aaronkeen/Library/Developer/Xcode/DerivedData/NutraSafeBeta-awyabywlaekrybetqgpbjphfxefs/Build/Intermediates.noindex/GeneratedModuleMaps-iphonesimulator/nanopb.modulemap' '-fmodule-map-file=/Users/aaronkeen/Library/Developer/Xcode/DerivedData/NutraSafeBeta-awyabywlaekrybetqgpbjphfxefs/Build/Intermediates.noindex/GeneratedModuleMaps-iphonesimulator/leveldb.modulemap' '-fmodule-map-file=/Users/aaronkeen/Library/Developer/Xcode/DerivedData/NutraSafeBeta-awyabywlaekrybetqgpbjphfxefs/Build/Intermediates.noindex/GeneratedModuleMaps-iphonesimulator/FirebaseFirestore.modulemap' '-fmodule-map-file=/Users/aaronkeen/Library/Developer/Xcode/DerivedData/NutraSafeBeta-awyabywlaekrybetqgpbjphfxefs/Build/Intermediates.noindex/GeneratedModuleMaps-iphonesimulator/FirebaseSharedSwift.modulemap' '-fmodule-map-file=/Users/aaronkeen/Library/Developer/Xcode/DerivedData/NutraSafeBeta-awyabywlaekrybetqgpbjphfxefs/Build/Intermediates.noindex/GeneratedModuleMaps-iphonesimulator/FirebaseCoreExtension.modulemap' '-fmodule-map-file=/Users/aaronkeen/Library/Developer/Xcode/DerivedData/NutraSafeBeta-awyabywlaekrybetqgpbjphfxefs/Build/Intermediates.noindex/GeneratedModuleMaps-iphonesimulator/FirebaseCore.modulemap' '-fmodule-map-file=/Users/aaronkeen/Library/Developer/Xcode/DerivedData/NutraSafeBeta-awyabywlaekrybetqgpbjphfxefs/Build/Intermediates.noindex/GeneratedModuleMaps-iphonesimulator/FirebaseCoreInternal.modulemap' '-fmodule-map-file=/Users/aaronkeen/Library/Developer/Xcode/DerivedData/NutraSafeBeta-awyabywlaekrybetqgpbjphfxefs/Build/Intermediates.noindex/GeneratedModuleMaps-iphonesimulator/FirebaseAppCheckInterop.modulemap' '-fmodule-map-file=/Users/aaronkeen/Library/Developer/Xcode/DerivedData/NutraSafeBeta-awyabywlaekrybetqgpbjphfxefs/Build/Intermediates.noindex/GeneratedModuleMaps-iphonesimulator/FirebaseFirestoreInternalWrapper.modulemap' -DXcode

WriteAuxiliaryFile /Users/aaronkeen/Library/Developer/Xcode/DerivedData/NutraSafeBeta-awyabywlaekrybetqgpbjphfxefs/Build/Intermediates.noindex/Firebase.build/Debug-iphonesimulator/FirebaseFirestoreTarget.build/Objects-normal/arm64/FirebaseFirestoreTarget.LinkFileList (in target 'FirebaseFirestoreTarget' from project 'Firebase')
    cd /Users/aaronkeen/Library/Developer/Xcode/DerivedData/NutraSafeBeta-awyabywlaekrybetqgpbjphfxefs/SourcePackages/checkouts/firebase-ios-sdk
    write-file /Users/aaronkeen/Library/Developer/Xcode/DerivedData/NutraSafeBeta-awyabywlaekrybetqgpbjphfxefs/Build/Intermediates.noindex/Firebase.build/Debug-iphonesimulator/FirebaseFirestoreTarget.build/Objects-normal/arm64/FirebaseFirestoreTarget.LinkFileList

WriteAuxiliaryFile /Users/aaronkeen/Library/Developer/Xcode/DerivedData/NutraSafeBeta-awyabywlaekrybetqgpbjphfxefs/Build/Intermediates.noindex/Firebase.build/Debug-iphonesimulator/FirebaseFirestoreTarget.build/FirebaseFirestoreTarget.modulemap (in target 'FirebaseFirestoreTarget' from project 'Firebase')
    cd /Users/aaronkeen/Library/Developer/Xcode/DerivedData/NutraSafeBeta-awyabywlaekrybetqgpbjphfxefs/SourcePackages/checkouts/firebase-ios-sdk
    write-file /Users/aaronkeen/Library/Developer/Xcode/DerivedData/NutraSafeBeta-awyabywlaekrybetqgpbjphfxefs/Build/Intermediates.noindex/Firebase.build/Debug-iphonesimulator/FirebaseFirestoreTarget.build/FirebaseFirestoreTarget.modulemap

WriteAuxiliaryFile /Users/aaronkeen/Library/Developer/Xcode/DerivedData/NutraSafeBeta-awyabywlaekrybetqgpbjphfxefs/Build/Intermediates.noindex/Firebase.build/Debug-iphonesimulator/FirebaseFirestoreTarget.build/FirebaseFirestoreTarget.DependencyStaticMetadataFileList (in target 'FirebaseFirestoreTarget' from project 'Firebase')
    cd /Users/aaronkeen/Library/Developer/Xcode/DerivedData/NutraSafeBeta-awyabywlaekrybetqgpbjphfxefs/SourcePackages/checkouts/firebase-ios-sdk
    write-file /Users/aaronkeen/Library/Developer/Xcode/DerivedData/NutraSafeBeta-awyabywlaekrybetqgpbjphfxefs/Build/Intermediates.noindex/Firebase.build/Debug-iphonesimulator/FirebaseFirestoreTarget.build/FirebaseFirestoreTarget.DependencyStaticMetadataFileList

WriteAuxiliaryFile /Users/aaronkeen/Library/Developer/Xcode/DerivedData/NutraSafeBeta-awyabywlaekrybetqgpbjphfxefs/Build/Intermediates.noindex/Firebase.build/Debug-iphonesimulator/FirebaseFirestoreTarget.build/FirebaseFirestoreTarget.DependencyMetadataFileList (in target 'FirebaseFirestoreTarget' from project 'Firebase')
    cd /Users/aaronkeen/Library/Developer/Xcode/DerivedData/NutraSafeBeta-awyabywlaekrybetqgpbjphfxefs/SourcePackages/checkouts/firebase-ios-sdk
    write-file /Users/aaronkeen/Library/Developer/Xcode/DerivedData/NutraSafeBeta-awyabywlaekrybetqgpbjphfxefs/Build/Intermediates.noindex/Firebase.build/Debug-iphonesimulator/FirebaseFirestoreTarget.build/FirebaseFirestoreTarget.DependencyMetadataFileList

WriteAuxiliaryFile /Users/aaronkeen/Library/Developer/Xcode/DerivedData/NutraSafeBeta-awyabywlaekrybetqgpbjphfxefs/Build/Intermediates.noindex/Firebase.build/Debug-iphonesimulator/FirebaseFirestoreInternalWrapper.build/Objects-normal/arm64/e6072d4f65d7061329687fe24e3d63a7-common-args.resp (in target 'FirebaseFirestoreInternalWrapper' from project 'Firebase')
    cd /Users/aaronkeen/Library/Developer/Xcode/DerivedData/NutraSafeBeta-awyabywlaekrybetqgpbjphfxefs/SourcePackages/checkouts/firebase-ios-sdk
    write-file /Users/aaronkeen/Library/Developer/Xcode/DerivedData/NutraSafeBeta-awyabywlaekrybetqgpbjphfxefs/Build/Intermediates.noindex/Firebase.build/Debug-iphonesimulator/FirebaseFirestoreInternalWrapper.build/Objects-normal/arm64/e6072d4f65d7061329687fe24e3d63a7-common-args.resp
-target arm64-apple-ios15.0-simulator -fobjc-arc -fmodules -gmodules '-fmodules-cache-path=/Users/aaronkeen/Library/Developer/Xcode/DerivedData/ModuleCache.noindex' '-fmodule-name=FirebaseFirestoreInternalWrapper' -fpascal-strings -O0 -DSWIFT_PACKAGE '-DDEBUG=1' '-DOBJC_OLD_DISPATCH_PROTOTYPES=1' -isysroot /Applications/Xcode.app/Contents/Developer/Platforms/iPhoneSimulator.platform/Developer/SDKs/iPhoneSimulator18.5.sdk -g '-fobjc-abi-version=2' -fobjc-legacy-dispatch -I/Users/aaronkeen/Library/Developer/Xcode/DerivedData/NutraSafeBeta-awyabywlaekrybetqgpbjphfxefs/Build/Products/Debug-iphonesimulator/include -I/Users/aaronkeen/Library/Developer/Xcode/DerivedData/NutraSafeBeta-awyabywlaekrybetqgpbjphfxefs/SourcePackages/checkouts/firebase-ios-sdk/FirebaseFirestoreInternal -I/Users/aaronkeen/Library/Developer/Xcode/DerivedData/NutraSafeBeta-awyabywlaekrybetqgpbjphfxefs/Build/Intermediates.noindex/Firebase.build/Debug-iphonesimulator/FirebaseFirestoreInternalWrapper.build/DerivedSources-normal/arm64 -I/Users/aaronkeen/Library/Developer/Xcode/DerivedData/NutraSafeBeta-awyabywlaekrybetqgpbjphfxefs/Build/Intermediates.noindex/Firebase.build/Debug-iphonesimulator/FirebaseFirestoreInternalWrapper.build/DerivedSources/arm64 -I/Users/aaronkeen/Library/Developer/Xcode/DerivedData/NutraSafeBeta-awyabywlaekrybetqgpbjphfxefs/Build/Intermediates.noindex/Firebase.build/Debug-iphonesimulator/FirebaseFirestoreInternalWrapper.build/DerivedSources -F/Users/aaronkeen/Library/Developer/Xcode/DerivedData/NutraSafeBeta-awyabywlaekrybetqgpbjphfxefs/Build/Products/Debug-iphonesimulator -iframework /Applications/Xcode.app/Contents/Developer/Platforms/iPhoneSimulator.platform/Developer/Library/Frameworks -iframework /Applications/Xcode.app/Contents/Developer/Platforms/iPhoneSimulator.platform/Developer/SDKs/iPhoneSimulator18.5.sdk/Developer/Library/Frameworks -DXcode

Copy /Users/aaronkeen/Library/Developer/Xcode/DerivedData/NutraSafeBeta-awyabywlaekrybetqgpbjphfxefs/Build/Intermediates.noindex/GeneratedModuleMaps-iphonesimulator/FirebaseFirestoreTarget.modulemap /Users/aaronkeen/Library/Developer/Xcode/DerivedData/NutraSafeBeta-awyabywlaekrybetqgpbjphfxefs/Build/Intermediates.noindex/Firebase.build/Debug-iphonesimulator/FirebaseFirestoreTarget.build/FirebaseFirestoreTarget.modulemap (in target 'FirebaseFirestoreTarget' from project 'Firebase')
    cd /Users/aaronkeen/Library/Developer/Xcode/DerivedData/NutraSafeBeta-awyabywlaekrybetqgpbjphfxefs/SourcePackages/checkouts/firebase-ios-sdk
    builtin-copy -exclude .DS_Store -exclude CVS -exclude .svn -exclude .git -exclude .hg -resolve-src-symlinks /Users/aaronkeen/Library/Developer/Xcode/DerivedData/NutraSafeBeta-awyabywlaekrybetqgpbjphfxefs/Build/Intermediates.noindex/Firebase.build/Debug-iphonesimulator/FirebaseFirestoreTarget.build/FirebaseFirestoreTarget.modulemap /Users/aaronkeen/Library/Developer/Xcode/DerivedData/NutraSafeBeta-awyabywlaekrybetqgpbjphfxefs/Build/Intermediates.noindex/GeneratedModuleMaps-iphonesimulator

WriteAuxiliaryFile /Users/aaronkeen/Library/Developer/Xcode/DerivedData/NutraSafeBeta-awyabywlaekrybetqgpbjphfxefs/Build/Intermediates.noindex/Firebase.build/Debug-iphonesimulator/FirebaseFirestoreInternalWrapper.build/Objects-normal/arm64/FirebaseFirestoreInternalWrapper.LinkFileList (in target 'FirebaseFirestoreInternalWrapper' from project 'Firebase')
    cd /Users/aaronkeen/Library/Developer/Xcode/DerivedData/NutraSafeBeta-awyabywlaekrybetqgpbjphfxefs/SourcePackages/checkouts/firebase-ios-sdk
    write-file /Users/aaronkeen/Library/Developer/Xcode/DerivedData/NutraSafeBeta-awyabywlaekrybetqgpbjphfxefs/Build/Intermediates.noindex/Firebase.build/Debug-iphonesimulator/FirebaseFirestoreInternalWrapper.build/Objects-normal/arm64/FirebaseFirestoreInternalWrapper.LinkFileList

WriteAuxiliaryFile /Users/aaronkeen/Library/Developer/Xcode/DerivedData/NutraSafeBeta-awyabywlaekrybetqgpbjphfxefs/Build/Intermediates.noindex/Firebase.build/Debug-iphonesimulator/FirebaseFirestoreInternalWrapper.build/FirebaseFirestoreInternalWrapper.DependencyStaticMetadataFileList (in target 'FirebaseFirestoreInternalWrapper' from project 'Firebase')
    cd /Users/aaronkeen/Library/Developer/Xcode/DerivedData/NutraSafeBeta-awyabywlaekrybetqgpbjphfxefs/SourcePackages/checkouts/firebase-ios-sdk
    write-file /Users/aaronkeen/Library/Developer/Xcode/DerivedData/NutraSafeBeta-awyabywlaekrybetqgpbjphfxefs/Build/Intermediates.noindex/Firebase.build/Debug-iphonesimulator/FirebaseFirestoreInternalWrapper.build/FirebaseFirestoreInternalWrapper.DependencyStaticMetadataFileList

WriteAuxiliaryFile /Users/aaronkeen/Library/Developer/Xcode/DerivedData/NutraSafeBeta-awyabywlaekrybetqgpbjphfxefs/Build/Intermediates.noindex/Firebase.build/Debug-iphonesimulator/FirebaseFirestoreInternalWrapper.build/FirebaseFirestoreInternalWrapper.modulemap (in target 'FirebaseFirestoreInternalWrapper' from project 'Firebase')
    cd /Users/aaronkeen/Library/Developer/Xcode/DerivedData/NutraSafeBeta-awyabywlaekrybetqgpbjphfxefs/SourcePackages/checkouts/firebase-ios-sdk
    write-file /Users/aaronkeen/Library/Developer/Xcode/DerivedData/NutraSafeBeta-awyabywlaekrybetqgpbjphfxefs/Build/Intermediates.noindex/Firebase.build/Debug-iphonesimulator/FirebaseFirestoreInternalWrapper.build/FirebaseFirestoreInternalWrapper.modulemap

WriteAuxiliaryFile /Users/aaronkeen/Library/Developer/Xcode/DerivedData/NutraSafeBeta-awyabywlaekrybetqgpbjphfxefs/Build/Intermediates.noindex/Firebase.build/Debug-iphonesimulator/FirebaseFirestoreInternalWrapper.build/FirebaseFirestoreInternalWrapper.DependencyMetadataFileList (in target 'FirebaseFirestoreInternalWrapper' from project 'Firebase')
    cd /Users/aaronkeen/Library/Developer/Xcode/DerivedData/NutraSafeBeta-awyabywlaekrybetqgpbjphfxefs/SourcePackages/checkouts/firebase-ios-sdk
    write-file /Users/aaronkeen/Library/Developer/Xcode/DerivedData/NutraSafeBeta-awyabywlaekrybetqgpbjphfxefs/Build/Intermediates.noindex/Firebase.build/Debug-iphonesimulator/FirebaseFirestoreInternalWrapper.build/FirebaseFirestoreInternalWrapper.DependencyMetadataFileList

WriteAuxiliaryFile /Users/aaronkeen/Library/Developer/Xcode/DerivedData/NutraSafeBeta-awyabywlaekrybetqgpbjphfxefs/Build/Intermediates.noindex/Firebase.build/Debug-iphonesimulator/FirebaseFirestore.build/Objects-normal/arm64/FirebaseFirestore_const_extract_protocols.json (in target 'FirebaseFirestore' from project 'Firebase')
    cd /Users/aaronkeen/Library/Developer/Xcode/DerivedData/NutraSafeBeta-awyabywlaekrybetqgpbjphfxefs/SourcePackages/checkouts/firebase-ios-sdk
    write-file /Users/aaronkeen/Library/Developer/Xcode/DerivedData/NutraSafeBeta-awyabywlaekrybetqgpbjphfxefs/Build/Intermediates.noindex/Firebase.build/Debug-iphonesimulator/FirebaseFirestore.build/Objects-normal/arm64/FirebaseFirestore_const_extract_protocols.json

WriteAuxiliaryFile /Users/aaronkeen/Library/Developer/Xcode/DerivedData/NutraSafeBeta-awyabywlaekrybetqgpbjphfxefs/Build/Intermediates.noindex/Firebase.build/Debug-iphonesimulator/FirebaseFirestore.build/Objects-normal/arm64/FirebaseFirestore.SwiftFileList (in target 'FirebaseFirestore' from project 'Firebase')
    cd /Users/aaronkeen/Library/Developer/Xcode/DerivedData/NutraSafeBeta-awyabywlaekrybetqgpbjphfxefs/SourcePackages/checkouts/firebase-ios-sdk
    write-file /Users/aaronkeen/Library/Developer/Xcode/DerivedData/NutraSafeBeta-awyabywlaekrybetqgpbjphfxefs/Build/Intermediates.noindex/Firebase.build/Debug-iphonesimulator/FirebaseFirestore.build/Objects-normal/arm64/FirebaseFirestore.SwiftFileList

WriteAuxiliaryFile /Users/aaronkeen/Library/Developer/Xcode/DerivedData/NutraSafeBeta-awyabywlaekrybetqgpbjphfxefs/Build/Intermediates.noindex/Firebase.build/Debug-iphonesimulator/FirebaseFirestore.build/Objects-normal/arm64/FirebaseFirestore.SwiftConstValuesFileList (in target 'FirebaseFirestore' from project 'Firebase')
    cd /Users/aaronkeen/Library/Developer/Xcode/DerivedData/NutraSafeBeta-awyabywlaekrybetqgpbjphfxefs/SourcePackages/checkouts/firebase-ios-sdk
    write-file /Users/aaronkeen/Library/Developer/Xcode/DerivedData/NutraSafeBeta-awyabywlaekrybetqgpbjphfxefs/Build/Intermediates.noindex/Firebase.build/Debug-iphonesimulator/FirebaseFirestore.build/Objects-normal/arm64/FirebaseFirestore.SwiftConstValuesFileList

Copy /Users/aaronkeen/Library/Developer/Xcode/DerivedData/NutraSafeBeta-awyabywlaekrybetqgpbjphfxefs/Build/Intermediates.noindex/GeneratedModuleMaps-iphonesimulator/FirebaseFirestoreInternalWrapper.modulemap /Users/aaronkeen/Library/Developer/Xcode/DerivedData/NutraSafeBeta-awyabywlaekrybetqgpbjphfxefs/Build/Intermediates.noindex/Firebase.build/Debug-iphonesimulator/FirebaseFirestoreInternalWrapper.build/FirebaseFirestoreInternalWrapper.modulemap (in target 'FirebaseFirestoreInternalWrapper' from project 'Firebase')
    cd /Users/aaronkeen/Library/Developer/Xcode/DerivedData/NutraSafeBeta-awyabywlaekrybetqgpbjphfxefs/SourcePackages/checkouts/firebase-ios-sdk
    builtin-copy -exclude .DS_Store -exclude CVS -exclude .svn -exclude .git -exclude .hg -resolve-src-symlinks /Users/aaronkeen/Library/Developer/Xcode/DerivedData/NutraSafeBeta-awyabywlaekrybetqgpbjphfxefs/Build/Intermediates.noindex/Firebase.build/Debug-iphonesimulator/FirebaseFirestoreInternalWrapper.build/FirebaseFirestoreInternalWrapper.modulemap /Users/aaronkeen/Library/Developer/Xcode/DerivedData/NutraSafeBeta-awyabywlaekrybetqgpbjphfxefs/Build/Intermediates.noindex/GeneratedModuleMaps-iphonesimulator

WriteAuxiliaryFile /Users/aaronkeen/Library/Developer/Xcode/DerivedData/NutraSafeBeta-awyabywlaekrybetqgpbjphfxefs/Build/Intermediates.noindex/Firebase.build/Debug-iphonesimulator/FirebaseFirestore.build/Objects-normal/arm64/FirebaseFirestore.LinkFileList (in target 'FirebaseFirestore' from project 'Firebase')
    cd /Users/aaronkeen/Library/Developer/Xcode/DerivedData/NutraSafeBeta-awyabywlaekrybetqgpbjphfxefs/SourcePackages/checkouts/firebase-ios-sdk
    write-file /Users/aaronkeen/Library/Developer/Xcode/DerivedData/NutraSafeBeta-awyabywlaekrybetqgpbjphfxefs/Build/Intermediates.noindex/Firebase.build/Debug-iphonesimulator/FirebaseFirestore.build/Objects-normal/arm64/FirebaseFirestore.LinkFileList

WriteAuxiliaryFile /Users/aaronkeen/Library/Developer/Xcode/DerivedData/NutraSafeBeta-awyabywlaekrybetqgpbjphfxefs/Build/Intermediates.noindex/Firebase.build/Debug-iphonesimulator/FirebaseFirestore.build/Objects-normal/arm64/FirebaseFirestore-OutputFileMap.json (in target 'FirebaseFirestore' from project 'Firebase')
    cd /Users/aaronkeen/Library/Developer/Xcode/DerivedData/NutraSafeBeta-awyabywlaekrybetqgpbjphfxefs/SourcePackages/checkouts/firebase-ios-sdk
    write-file /Users/aaronkeen/Library/Developer/Xcode/DerivedData/NutraSafeBeta-awyabywlaekrybetqgpbjphfxefs/Build/Intermediates.noindex/Firebase.build/Debug-iphonesimulator/FirebaseFirestore.build/Objects-normal/arm64/FirebaseFirestore-OutputFileMap.json

WriteAuxiliaryFile /Users/aaronkeen/Library/Developer/Xcode/DerivedData/NutraSafeBeta-awyabywlaekrybetqgpbjphfxefs/Build/Intermediates.noindex/Firebase.build/Debug-iphonesimulator/FirebaseFirestore.build/FirebaseFirestore.modulemap (in target 'FirebaseFirestore' from project 'Firebase')
    cd /Users/aaronkeen/Library/Developer/Xcode/DerivedData/NutraSafeBeta-awyabywlaekrybetqgpbjphfxefs/SourcePackages/checkouts/firebase-ios-sdk
    write-file /Users/aaronkeen/Library/Developer/Xcode/DerivedData/NutraSafeBeta-awyabywlaekrybetqgpbjphfxefs/Build/Intermediates.noindex/Firebase.build/Debug-iphonesimulator/FirebaseFirestore.build/FirebaseFirestore.modulemap

WriteAuxiliaryFile /Users/aaronkeen/Library/Developer/Xcode/DerivedData/NutraSafeBeta-awyabywlaekrybetqgpbjphfxefs/Build/Intermediates.noindex/Firebase.build/Debug-iphonesimulator/FirebaseFirestore.build/FirebaseFirestore.DependencyStaticMetadataFileList (in target 'FirebaseFirestore' from project 'Firebase')
    cd /Users/aaronkeen/Library/Developer/Xcode/DerivedData/NutraSafeBeta-awyabywlaekrybetqgpbjphfxefs/SourcePackages/checkouts/firebase-ios-sdk
    write-file /Users/aaronkeen/Library/Developer/Xcode/DerivedData/NutraSafeBeta-awyabywlaekrybetqgpbjphfxefs/Build/Intermediates.noindex/Firebase.build/Debug-iphonesimulator/FirebaseFirestore.build/FirebaseFirestore.DependencyStaticMetadataFileList

WriteAuxiliaryFile /Users/aaronkeen/Library/Developer/Xcode/DerivedData/NutraSafeBeta-awyabywlaekrybetqgpbjphfxefs/Build/Intermediates.noindex/Firebase.build/Debug-iphonesimulator/FirebaseFirestore.build/FirebaseFirestore.DependencyMetadataFileList (in target 'FirebaseFirestore' from project 'Firebase')
    cd /Users/aaronkeen/Library/Developer/Xcode/DerivedData/NutraSafeBeta-awyabywlaekrybetqgpbjphfxefs/SourcePackages/checkouts/firebase-ios-sdk
    write-file /Users/aaronkeen/Library/Developer/Xcode/DerivedData/NutraSafeBeta-awyabywlaekrybetqgpbjphfxefs/Build/Intermediates.noindex/Firebase.build/Debug-iphonesimulator/FirebaseFirestore.build/FirebaseFirestore.DependencyMetadataFileList

WriteAuxiliaryFile /Users/aaronkeen/Library/Developer/Xcode/DerivedData/NutraSafeBeta-awyabywlaekrybetqgpbjphfxefs/Build/Intermediates.noindex/Firebase.build/Debug-iphonesimulator/FirebaseFirestore.build/DerivedSources/resource_bundle_accessor.swift (in target 'FirebaseFirestore' from project 'Firebase')
    cd /Users/aaronkeen/Library/Developer/Xcode/DerivedData/NutraSafeBeta-awyabywlaekrybetqgpbjphfxefs/SourcePackages/checkouts/firebase-ios-sdk
    write-file /Users/aaronkeen/Library/Developer/Xcode/DerivedData/NutraSafeBeta-awyabywlaekrybetqgpbjphfxefs/Build/Intermediates.noindex/Firebase.build/Debug-iphonesimulator/FirebaseFirestore.build/DerivedSources/resource_bundle_accessor.swift

Copy /Users/aaronkeen/Library/Developer/Xcode/DerivedData/NutraSafeBeta-awyabywlaekrybetqgpbjphfxefs/Build/Intermediates.noindex/GeneratedModuleMaps-iphonesimulator/FirebaseFirestore.modulemap /Users/aaronkeen/Library/Developer/Xcode/DerivedData/NutraSafeBeta-awyabywlaekrybetqgpbjphfxefs/Build/Intermediates.noindex/Firebase.build/Debug-iphonesimulator/FirebaseFirestore.build/FirebaseFirestore.modulemap (in target 'FirebaseFirestore' from project 'Firebase')
    cd /Users/aaronkeen/Library/Developer/Xcode/DerivedData/NutraSafeBeta-awyabywlaekrybetqgpbjphfxefs/SourcePackages/checkouts/firebase-ios-sdk
    builtin-copy -exclude .DS_Store -exclude CVS -exclude .svn -exclude .git -exclude .hg -resolve-src-symlinks /Users/aaronkeen/Library/Developer/Xcode/DerivedData/NutraSafeBeta-awyabywlaekrybetqgpbjphfxefs/Build/Intermediates.noindex/Firebase.build/Debug-iphonesimulator/FirebaseFirestore.build/FirebaseFirestore.modulemap /Users/aaronkeen/Library/Developer/Xcode/DerivedData/NutraSafeBeta-awyabywlaekrybetqgpbjphfxefs/Build/Intermediates.noindex/GeneratedModuleMaps-iphonesimulator

PrecompileModule /Users/aaronkeen/Library/Developer/Xcode/DerivedData/NutraSafeBeta-awyabywlaekrybetqgpbjphfxefs/Build/Intermediates.noindex/ExplicitPrecompiledModules/unistd-EB23205OCMMJ3OLGGZX4RGB6S.scan
    cd /Users/aaronkeen/Documents/My\ Apps/NutraSafe\ Beta/NutraSafeBeta.xcodeproj
    builtin-precompileModule /Users/aaronkeen/Library/Developer/Xcode/DerivedData/NutraSafeBeta-awyabywlaekrybetqgpbjphfxefs/Build/Intermediates.noindex/ExplicitPrecompiledModules/unistd-EB23205OCMMJ3OLGGZX4RGB6S.scan

PrecompileModule /Users/aaronkeen/Library/Developer/Xcode/DerivedData/NutraSafeBeta-awyabywlaekrybetqgpbjphfxefs/Build/Intermediates.noindex/ExplicitPrecompiledModules/_stdlib-CNLNW42SC2TTQ2J2HUVPZFFIG.scan
    cd /Users/aaronkeen/Documents/My\ Apps/NutraSafe\ Beta/NutraSafeBeta.xcodeproj
    builtin-precompileModule /Users/aaronkeen/Library/Developer/Xcode/DerivedData/NutraSafeBeta-awyabywlaekrybetqgpbjphfxefs/Build/Intermediates.noindex/ExplicitPrecompiledModules/_stdlib-CNLNW42SC2TTQ2J2HUVPZFFIG.scan

ScanDependencies /Users/aaronkeen/Library/Developer/Xcode/DerivedData/NutraSafeBeta-awyabywlaekrybetqgpbjphfxefs/Build/Intermediates.noindex/Firebase.build/Debug-iphonesimulator/FirebaseAuthInternal.build/Objects-normal/arm64/FIRAuthProvider.o /Users/aaronkeen/Library/Developer/Xcode/DerivedData/NutraSafeBeta-awyabywlaekrybetqgpbjphfxefs/SourcePackages/checkouts/firebase-ios-sdk/FirebaseAuth/Sources/ObjC/FIRAuthProvider.m normal arm64 objective-c com.apple.compilers.llvm.clang.1_0.compiler (in target 'FirebaseAuthInternal' from project 'Firebase')
    cd /Users/aaronkeen/Documents/My\ Apps/NutraSafe\ Beta/NutraSafeBeta.xcodeproj
    
    Using response file: /Users/aaronkeen/Library/Developer/Xcode/DerivedData/NutraSafeBeta-awyabywlaekrybetqgpbjphfxefs/Build/Intermediates.noindex/Firebase.build/Debug-iphonesimulator/FirebaseAuthInternal.build/Objects-normal/arm64/e6072d4f65d7061329687fe24e3d63a7-common-args.resp
    
    builtin-ScanDependencies -o /Users/aaronkeen/Library/Developer/Xcode/DerivedData/NutraSafeBeta-awyabywlaekrybetqgpbjphfxefs/Build/Intermediates.noindex/Firebase.build/Debug-iphonesimulator/FirebaseAuthInternal.build/Objects-normal/arm64/FIRAuthProvider.o.scan -- /Applications/Xcode.app/Contents/Developer/Toolchains/XcodeDefault.xctoolchain/usr/bin/clang -x objective-c -ivfsstatcache /Users/aaronkeen/Library/Developer/Xcode/DerivedData/SDKStatCaches.noindex/iphonesimulator18.5-22F76-d5fc8ad4295d2ef488fb7d0f804ce0c4.sdkstatcache -fmessage-length\=0 -fdiagnostics-show-note-include-stack -fmacro-backtrace-limit\=0 -fno-color-diagnostics -fmodules-prune-interval\=86400 -fmodules-prune-after\=345600 -fbuild-session-file\=/Users/aaronkeen/Library/Developer/Xcode/DerivedData/ModuleCache.noindex/Session.modulevalidation -fmodules-validate-once-per-build-session -Wnon-modular-include-in-framework-module -Werror\=non-modular-include-in-framework-module -Wno-trigraphs -Wno-missing-field-initializers -Wno-missing-prototypes -Wno-return-type -Wno-implicit-atomic-properties -Wno-objc-interface-ivars -Wno-arc-repeated-use-of-weak -Wno-missing-braces -Wparentheses -Wswitch -Wno-unused-function -Wno-unused-label -Wno-unused-parameter -Wno-unused-variable -Wunused-value -Wno-empty-body -Wno-uninitialized -Wno-unknown-pragmas -w -Wno-shadow -Wno-four-char-constants -Wno-conversion -Wno-constant-conversion -Wno-int-conversion -Wno-bool-conversion -Wno-enum-conversion -Wno-float-conversion -Wno-non-literal-null-conversion -Wno-objc-literal-conversion -Wshorten-64-to-32 -Wpointer-sign -Wno-newline-eof -Wno-selector -Wno-strict-selector-match -Wno-undeclared-selector -Wno-deprecated-implementations -Wno-implicit-fallthrough -fstrict-aliasing -Wprotocol -Wdeprecated-declarations -Wno-sign-conversion -Wno-infinite-recursion -Wno-comma -Wno-block-capture-autoreleasing -Wno-strict-prototypes -Wno-semicolon-before-method-body -index-store-path /Users/aaronkeen/Library/Developer/Xcode/DerivedData/NutraSafeBeta-awyabywlaekrybetqgpbjphfxefs/Index.noindex/DataStore @/Users/aaronkeen/Library/Developer/Xcode/DerivedData/NutraSafeBeta-awyabywlaekrybetqgpbjphfxefs/Build/Intermediates.noindex/Firebase.build/Debug-iphonesimulator/FirebaseAuthInternal.build/Objects-normal/arm64/e6072d4f65d7061329687fe24e3d63a7-common-args.resp -MMD -MT dependencies -MF /Users/aaronkeen/Library/Developer/Xcode/DerivedData/NutraSafeBeta-awyabywlaekrybetqgpbjphfxefs/Build/Intermediates.noindex/Firebase.build/Debug-iphonesimulator/FirebaseAuthInternal.build/Objects-normal/arm64/FIRAuthProvider.d --serialize-diagnostics /Users/aaronkeen/Library/Developer/Xcode/DerivedData/NutraSafeBeta-awyabywlaekrybetqgpbjphfxefs/Build/Intermediates.noindex/Firebase.build/Debug-iphonesimulator/FirebaseAuthInternal.build/Objects-normal/arm64/FIRAuthProvider.dia -c /Users/aaronkeen/Library/Developer/Xcode/DerivedData/NutraSafeBeta-awyabywlaekrybetqgpbjphfxefs/SourcePackages/checkouts/firebase-ios-sdk/FirebaseAuth/Sources/ObjC/FIRAuthProvider.m -o /Users/aaronkeen/Library/Developer/Xcode/DerivedData/NutraSafeBeta-awyabywlaekrybetqgpbjphfxefs/Build/Intermediates.noindex/Firebase.build/Debug-iphonesimulator/FirebaseAuthInternal.build/Objects-normal/arm64/FIRAuthProvider.o -index-unit-output-path /Firebase.build/Debug-iphonesimulator/FirebaseAuthInternal.build/Objects-normal/arm64/FIRAuthProvider.o

ScanDependencies /Users/aaronkeen/Library/Developer/Xcode/DerivedData/NutraSafeBeta-awyabywlaekrybetqgpbjphfxefs/Build/Intermediates.noindex/Firebase.build/Debug-iphonesimulator/FirebaseAuthInternal.build/Objects-normal/arm64/FIRAuthErrorUtils.o /Users/aaronkeen/Library/Developer/Xcode/DerivedData/NutraSafeBeta-awyabywlaekrybetqgpbjphfxefs/SourcePackages/checkouts/firebase-ios-sdk/FirebaseAuth/Sources/ObjC/FIRAuthErrorUtils.m normal arm64 objective-c com.apple.compilers.llvm.clang.1_0.compiler (in target 'FirebaseAuthInternal' from project 'Firebase')
    cd /Users/aaronkeen/Documents/My\ Apps/NutraSafe\ Beta/NutraSafeBeta.xcodeproj
    
    Using response file: /Users/aaronkeen/Library/Developer/Xcode/DerivedData/NutraSafeBeta-awyabywlaekrybetqgpbjphfxefs/Build/Intermediates.noindex/Firebase.build/Debug-iphonesimulator/FirebaseAuthInternal.build/Objects-normal/arm64/e6072d4f65d7061329687fe24e3d63a7-common-args.resp
    
    builtin-ScanDependencies -o /Users/aaronkeen/Library/Developer/Xcode/DerivedData/NutraSafeBeta-awyabywlaekrybetqgpbjphfxefs/Build/Intermediates.noindex/Firebase.build/Debug-iphonesimulator/FirebaseAuthInternal.build/Objects-normal/arm64/FIRAuthErrorUtils.o.scan -- /Applications/Xcode.app/Contents/Developer/Toolchains/XcodeDefault.xctoolchain/usr/bin/clang -x objective-c -ivfsstatcache /Users/aaronkeen/Library/Developer/Xcode/DerivedData/SDKStatCaches.noindex/iphonesimulator18.5-22F76-d5fc8ad4295d2ef488fb7d0f804ce0c4.sdkstatcache -fmessage-length\=0 -fdiagnostics-show-note-include-stack -fmacro-backtrace-limit\=0 -fno-color-diagnostics -fmodules-prune-interval\=86400 -fmodules-prune-after\=345600 -fbuild-session-file\=/Users/aaronkeen/Library/Developer/Xcode/DerivedData/ModuleCache.noindex/Session.modulevalidation -fmodules-validate-once-per-build-session -Wnon-modular-include-in-framework-module -Werror\=non-modular-include-in-framework-module -Wno-trigraphs -Wno-missing-field-initializers -Wno-missing-prototypes -Wno-return-type -Wno-implicit-atomic-properties -Wno-objc-interface-ivars -Wno-arc-repeated-use-of-weak -Wno-missing-braces -Wparentheses -Wswitch -Wno-unused-function -Wno-unused-label -Wno-unused-parameter -Wno-unused-variable -Wunused-value -Wno-empty-body -Wno-uninitialized -Wno-unknown-pragmas -w -Wno-shadow -Wno-four-char-constants -Wno-conversion -Wno-constant-conversion -Wno-int-conversion -Wno-bool-conversion -Wno-enum-conversion -Wno-float-conversion -Wno-non-literal-null-conversion -Wno-objc-literal-conversion -Wshorten-64-to-32 -Wpointer-sign -Wno-newline-eof -Wno-selector -Wno-strict-selector-match -Wno-undeclared-selector -Wno-deprecated-implementations -Wno-implicit-fallthrough -fstrict-aliasing -Wprotocol -Wdeprecated-declarations -Wno-sign-conversion -Wno-infinite-recursion -Wno-comma -Wno-block-capture-autoreleasing -Wno-strict-prototypes -Wno-semicolon-before-method-body -index-store-path /Users/aaronkeen/Library/Developer/Xcode/DerivedData/NutraSafeBeta-awyabywlaekrybetqgpbjphfxefs/Index.noindex/DataStore @/Users/aaronkeen/Library/Developer/Xcode/DerivedData/NutraSafeBeta-awyabywlaekrybetqgpbjphfxefs/Build/Intermediates.noindex/Firebase.build/Debug-iphonesimulator/FirebaseAuthInternal.build/Objects-normal/arm64/e6072d4f65d7061329687fe24e3d63a7-common-args.resp -MMD -MT dependencies -MF /Users/aaronkeen/Library/Developer/Xcode/DerivedData/NutraSafeBeta-awyabywlaekrybetqgpbjphfxefs/Build/Intermediates.noindex/Firebase.build/Debug-iphonesimulator/FirebaseAuthInternal.build/Objects-normal/arm64/FIRAuthErrorUtils.d --serialize-diagnostics /Users/aaronkeen/Library/Developer/Xcode/DerivedData/NutraSafeBeta-awyabywlaekrybetqgpbjphfxefs/Build/Intermediates.noindex/Firebase.build/Debug-iphonesimulator/FirebaseAuthInternal.build/Objects-normal/arm64/FIRAuthErrorUtils.dia -c /Users/aaronkeen/Library/Developer/Xcode/DerivedData/NutraSafeBeta-awyabywlaekrybetqgpbjphfxefs/SourcePackages/checkouts/firebase-ios-sdk/FirebaseAuth/Sources/ObjC/FIRAuthErrorUtils.m -o /Users/aaronkeen/Library/Developer/Xcode/DerivedData/NutraSafeBeta-awyabywlaekrybetqgpbjphfxefs/Build/Intermediates.noindex/Firebase.build/Debug-iphonesimulator/FirebaseAuthInternal.build/Objects-normal/arm64/FIRAuthErrorUtils.o -index-unit-output-path /Firebase.build/Debug-iphonesimulator/FirebaseAuthInternal.build/Objects-normal/arm64/FIRAuthErrorUtils.o

ScanDependencies /Users/aaronkeen/Library/Developer/Xcode/DerivedData/NutraSafeBeta-awyabywlaekrybetqgpbjphfxefs/Build/Intermediates.noindex/Firebase.build/Debug-iphonesimulator/FirebaseAuthInternal.build/Objects-normal/arm64/FIRAuth.o /Users/aaronkeen/Library/Developer/Xcode/DerivedData/NutraSafeBeta-awyabywlaekrybetqgpbjphfxefs/SourcePackages/checkouts/firebase-ios-sdk/FirebaseAuth/Sources/ObjC/FIRAuth.m normal arm64 objective-c com.apple.compilers.llvm.clang.1_0.compiler (in target 'FirebaseAuthInternal' from project 'Firebase')
    cd /Users/aaronkeen/Documents/My\ Apps/NutraSafe\ Beta/NutraSafeBeta.xcodeproj
    
    Using response file: /Users/aaronkeen/Library/Developer/Xcode/DerivedData/NutraSafeBeta-awyabywlaekrybetqgpbjphfxefs/Build/Intermediates.noindex/Firebase.build/Debug-iphonesimulator/FirebaseAuthInternal.build/Objects-normal/arm64/e6072d4f65d7061329687fe24e3d63a7-common-args.resp
    
    builtin-ScanDependencies -o /Users/aaronkeen/Library/Developer/Xcode/DerivedData/NutraSafeBeta-awyabywlaekrybetqgpbjphfxefs/Build/Intermediates.noindex/Firebase.build/Debug-iphonesimulator/FirebaseAuthInternal.build/Objects-normal/arm64/FIRAuth.o.scan -- /Applications/Xcode.app/Contents/Developer/Toolchains/XcodeDefault.xctoolchain/usr/bin/clang -x objective-c -ivfsstatcache /Users/aaronkeen/Library/Developer/Xcode/DerivedData/SDKStatCaches.noindex/iphonesimulator18.5-22F76-d5fc8ad4295d2ef488fb7d0f804ce0c4.sdkstatcache -fmessage-length\=0 -fdiagnostics-show-note-include-stack -fmacro-backtrace-limit\=0 -fno-color-diagnostics -fmodules-prune-interval\=86400 -fmodules-prune-after\=345600 -fbuild-session-file\=/Users/aaronkeen/Library/Developer/Xcode/DerivedData/ModuleCache.noindex/Session.modulevalidation -fmodules-validate-once-per-build-session -Wnon-modular-include-in-framework-module -Werror\=non-modular-include-in-framework-module -Wno-trigraphs -Wno-missing-field-initializers -Wno-missing-prototypes -Wno-return-type -Wno-implicit-atomic-properties -Wno-objc-interface-ivars -Wno-arc-repeated-use-of-weak -Wno-missing-braces -Wparentheses -Wswitch -Wno-unused-function -Wno-unused-label -Wno-unused-parameter -Wno-unused-variable -Wunused-value -Wno-empty-body -Wno-uninitialized -Wno-unknown-pragmas -w -Wno-shadow -Wno-four-char-constants -Wno-conversion -Wno-constant-conversion -Wno-int-conversion -Wno-bool-conversion -Wno-enum-conversion -Wno-float-conversion -Wno-non-literal-null-conversion -Wno-objc-literal-conversion -Wshorten-64-to-32 -Wpointer-sign -Wno-newline-eof -Wno-selector -Wno-strict-selector-match -Wno-undeclared-selector -Wno-deprecated-implementations -Wno-implicit-fallthrough -fstrict-aliasing -Wprotocol -Wdeprecated-declarations -Wno-sign-conversion -Wno-infinite-recursion -Wno-comma -Wno-block-capture-autoreleasing -Wno-strict-prototypes -Wno-semicolon-before-method-body -index-store-path /Users/aaronkeen/Library/Developer/Xcode/DerivedData/NutraSafeBeta-awyabywlaekrybetqgpbjphfxefs/Index.noindex/DataStore @/Users/aaronkeen/Library/Developer/Xcode/DerivedData/NutraSafeBeta-awyabywlaekrybetqgpbjphfxefs/Build/Intermediates.noindex/Firebase.build/Debug-iphonesimulator/FirebaseAuthInternal.build/Objects-normal/arm64/e6072d4f65d7061329687fe24e3d63a7-common-args.resp -MMD -MT dependencies -MF /Users/aaronkeen/Library/Developer/Xcode/DerivedData/NutraSafeBeta-awyabywlaekrybetqgpbjphfxefs/Build/Intermediates.noindex/Firebase.build/Debug-iphonesimulator/FirebaseAuthInternal.build/Objects-normal/arm64/FIRAuth.d --serialize-diagnostics /Users/aaronkeen/Library/Developer/Xcode/DerivedData/NutraSafeBeta-awyabywlaekrybetqgpbjphfxefs/Build/Intermediates.noindex/Firebase.build/Debug-iphonesimulator/FirebaseAuthInternal.build/Objects-normal/arm64/FIRAuth.dia -c /Users/aaronkeen/Library/Developer/Xcode/DerivedData/NutraSafeBeta-awyabywlaekrybetqgpbjphfxefs/SourcePackages/checkouts/firebase-ios-sdk/FirebaseAuth/Sources/ObjC/FIRAuth.m -o /Users/aaronkeen/Library/Developer/Xcode/DerivedData/NutraSafeBeta-awyabywlaekrybetqgpbjphfxefs/Build/Intermediates.noindex/Firebase.build/Debug-iphonesimulator/FirebaseAuthInternal.build/Objects-normal/arm64/FIRAuth.o -index-unit-output-path /Firebase.build/Debug-iphonesimulator/FirebaseAuthInternal.build/Objects-normal/arm64/FIRAuth.o

PrecompileModule /Users/aaronkeen/Library/Developer/Xcode/DerivedData/NutraSafeBeta-awyabywlaekrybetqgpbjphfxefs/Build/Intermediates.noindex/ExplicitPrecompiledModules/Darwin-6TNSK5DM2355RLXCNZI0LJAN7.scan
    cd /Users/aaronkeen/Documents/My\ Apps/NutraSafe\ Beta/NutraSafeBeta.xcodeproj
    builtin-precompileModule /Users/aaronkeen/Library/Developer/Xcode/DerivedData/NutraSafeBeta-awyabywlaekrybetqgpbjphfxefs/Build/Intermediates.noindex/ExplicitPrecompiledModules/Darwin-6TNSK5DM2355RLXCNZI0LJAN7.scan

SwiftDriver FirebaseCoreInternal normal arm64 com.apple.xcode.tools.swift.compiler (in target 'FirebaseCoreInternal' from project 'Firebase')
    cd /Users/aaronkeen/Documents/My\ Apps/NutraSafe\ Beta/NutraSafeBeta.xcodeproj
    builtin-SwiftDriver -- /Applications/Xcode.app/Contents/Developer/Toolchains/XcodeDefault.xctoolchain/usr/bin/swiftc -module-name FirebaseCoreInternal -Onone -enforce-exclusivity\=checked @/Users/aaronkeen/Library/Developer/Xcode/DerivedData/NutraSafeBeta-awyabywlaekrybetqgpbjphfxefs/Build/Intermediates.noindex/Firebase.build/Debug-iphonesimulator/FirebaseCoreInternal.build/Objects-normal/arm64/FirebaseCoreInternal.SwiftFileList -DSWIFT_PACKAGE -DDEBUG -Xcc -fmodule-map-file\=/Users/aaronkeen/Library/Developer/Xcode/DerivedData/NutraSafeBeta-awyabywlaekrybetqgpbjphfxefs/Build/Intermediates.noindex/GeneratedModuleMaps-iphonesimulator/GoogleUtilities-NSData.modulemap -DXcode -plugin-path /Applications/Xcode.app/Contents/Developer/Toolchains/XcodeDefault.xctoolchain/usr/lib/swift/host/plugins/testing -enable-experimental-feature DebugDescriptionMacro -sdk /Applications/Xcode.app/Contents/Developer/Platforms/iPhoneSimulator.platform/Developer/SDKs/iPhoneSimulator18.5.sdk -target arm64-apple-ios15.0-simulator -g -module-cache-path /Users/aaronkeen/Library/Developer/Xcode/DerivedData/ModuleCache.noindex -Xfrontend -serialize-debugging-options -enable-testing -suppress-warnings -index-store-path /Users/aaronkeen/Library/Developer/Xcode/DerivedData/NutraSafeBeta-awyabywlaekrybetqgpbjphfxefs/Index.noindex/DataStore -swift-version 6 -I /Users/aaronkeen/Library/Developer/Xcode/DerivedData/NutraSafeBeta-awyabywlaekrybetqgpbjphfxefs/Build/Products/Debug-iphonesimulator -I /Applications/Xcode.app/Contents/Developer/Platforms/iPhoneSimulator.platform/Developer/usr/lib -F /Users/aaronkeen/Library/Developer/Xcode/DerivedData/NutraSafeBeta-awyabywlaekrybetqgpbjphfxefs/Build/Products/Debug-iphonesimulator/PackageFrameworks -F /Users/aaronkeen/Library/Developer/Xcode/DerivedData/NutraSafeBeta-awyabywlaekrybetqgpbjphfxefs/Build/Products/Debug-iphonesimulator -F /Applications/Xcode.app/Contents/Developer/Platforms/iPhoneSimulator.platform/Developer/Library/Frameworks -F /Applications/Xcode.app/Contents/Developer/Platforms/iPhoneSimulator.platform/Developer/SDKs/iPhoneSimulator18.5.sdk/Developer/Library/Frameworks -c -j14 -enable-batch-mode -incremental -Xcc -ivfsstatcache -Xcc /Users/aaronkeen/Library/Developer/Xcode/DerivedData/SDKStatCaches.noindex/iphonesimulator18.5-22F76-d5fc8ad4295d2ef488fb7d0f804ce0c4.sdkstatcache -output-file-map /Users/aaronkeen/Library/Developer/Xcode/DerivedData/NutraSafeBeta-awyabywlaekrybetqgpbjphfxefs/Build/Intermediates.noindex/Firebase.build/Debug-iphonesimulator/FirebaseCoreInternal.build/Objects-normal/arm64/FirebaseCoreInternal-OutputFileMap.json -use-frontend-parseable-output -save-temps -no-color-diagnostics -serialize-diagnostics -emit-dependencies -emit-module -emit-module-path /Users/aaronkeen/Library/Developer/Xcode/DerivedData/NutraSafeBeta-awyabywlaekrybetqgpbjphfxefs/Build/Intermediates.noindex/Firebase.build/Debug-iphonesimulator/FirebaseCoreInternal.build/Objects-normal/arm64/FirebaseCoreInternal.swiftmodule -user-module-version 12.2.0 -validate-clang-modules-once -clang-build-session-file /Users/aaronkeen/Library/Developer/Xcode/DerivedData/ModuleCache.noindex/Session.modulevalidation -package-name firebase_ios_sdk -Xcc -I/Users/aaronkeen/Library/Developer/Xcode/DerivedData/NutraSafeBeta-awyabywlaekrybetqgpbjphfxefs/Build/Intermediates.noindex/Firebase.build/Debug-iphonesimulator/FirebaseCoreInternal.build/swift-overrides.hmap -emit-const-values -Xfrontend -const-gather-protocols-file -Xfrontend /Users/aaronkeen/Library/Developer/Xcode/DerivedData/NutraSafeBeta-awyabywlaekrybetqgpbjphfxefs/Build/Intermediates.noindex/Firebase.build/Debug-iphonesimulator/FirebaseCoreInternal.build/Objects-normal/arm64/FirebaseCoreInternal_const_extract_protocols.json -Xcc -I/Users/aaronkeen/Library/Developer/Xcode/DerivedData/NutraSafeBeta-awyabywlaekrybetqgpbjphfxefs/SourcePackages/checkouts/GoogleUtilities/GoogleUtilities/NSData+zlib/Public -Xcc -I/Users/aaronkeen/Library/Developer/Xcode/DerivedData/NutraSafeBeta-awyabywlaekrybetqgpbjphfxefs/Build/Products/Debug-iphonesimulator/include -Xcc -I/Users/aaronkeen/Library/Developer/Xcode/DerivedData/NutraSafeBeta-awyabywlaekrybetqgpbjphfxefs/Build/Intermediates.noindex/Firebase.build/Debug-iphonesimulator/FirebaseCoreInternal.build/DerivedSources-normal/arm64 -Xcc -I/Users/aaronkeen/Library/Developer/Xcode/DerivedData/NutraSafeBeta-awyabywlaekrybetqgpbjphfxefs/Build/Intermediates.noindex/Firebase.build/Debug-iphonesimulator/FirebaseCoreInternal.build/DerivedSources/arm64 -Xcc -I/Users/aaronkeen/Library/Developer/Xcode/DerivedData/NutraSafeBeta-awyabywlaekrybetqgpbjphfxefs/Build/Intermediates.noindex/Firebase.build/Debug-iphonesimulator/FirebaseCoreInternal.build/DerivedSources -Xcc -DSWIFT_PACKAGE -Xcc -DDEBUG\=1 -emit-objc-header -emit-objc-header-path /Users/aaronkeen/Library/Developer/Xcode/DerivedData/NutraSafeBeta-awyabywlaekrybetqgpbjphfxefs/Build/Intermediates.noindex/Firebase.build/Debug-iphonesimulator/FirebaseCoreInternal.build/Objects-normal/arm64/FirebaseCoreInternal-Swift.h -working-directory /Users/aaronkeen/Documents/My\ Apps/NutraSafe\ Beta/NutraSafeBeta.xcodeproj -experimental-emit-module-separately -disable-cmo

SwiftEmitModule normal arm64 Emitting\ module\ for\ FirebaseCoreInternal (in target 'FirebaseCoreInternal' from project 'Firebase')

EmitSwiftModule normal arm64 (in target 'FirebaseCoreInternal' from project 'Firebase')
    cd /Users/aaronkeen/Documents/My\ Apps/NutraSafe\ Beta/NutraSafeBeta.xcodeproj
    

ScanDependencies /Users/aaronkeen/Library/Developer/Xcode/DerivedData/NutraSafeBeta-awyabywlaekrybetqgpbjphfxefs/Build/Intermediates.noindex/GoogleUtilities.build/Debug-iphonesimulator/GoogleUtilities-Reachability.build/Objects-normal/arm64/resource_bundle_accessor.o /Users/aaronkeen/Library/Developer/Xcode/DerivedData/NutraSafeBeta-awyabywlaekrybetqgpbjphfxefs/Build/Intermediates.noindex/GoogleUtilities.build/Debug-iphonesimulator/GoogleUtilities-Reachability.build/DerivedSources/resource_bundle_accessor.m normal arm64 objective-c com.apple.compilers.llvm.clang.1_0.compiler (in target 'GoogleUtilities-Reachability' from project 'GoogleUtilities')
    cd /Users/aaronkeen/Documents/My\ Apps/NutraSafe\ Beta/NutraSafeBeta.xcodeproj
    
    Using response file: /Users/aaronkeen/Library/Developer/Xcode/DerivedData/NutraSafeBeta-awyabywlaekrybetqgpbjphfxefs/Build/Intermediates.noindex/GoogleUtilities.build/Debug-iphonesimulator/GoogleUtilities-Reachability.build/Objects-normal/arm64/e6072d4f65d7061329687fe24e3d63a7-common-args.resp
    
    builtin-ScanDependencies -o /Users/aaronkeen/Library/Developer/Xcode/DerivedData/NutraSafeBeta-awyabywlaekrybetqgpbjphfxefs/Build/Intermediates.noindex/GoogleUtilities.build/Debug-iphonesimulator/GoogleUtilities-Reachability.build/Objects-normal/arm64/resource_bundle_accessor.o.scan -- /Applications/Xcode.app/Contents/Developer/Toolchains/XcodeDefault.xctoolchain/usr/bin/clang -x objective-c -ivfsstatcache /Users/aaronkeen/Library/Developer/Xcode/DerivedData/SDKStatCaches.noindex/iphonesimulator18.5-22F76-d5fc8ad4295d2ef488fb7d0f804ce0c4.sdkstatcache -fmessage-length\=0 -fdiagnostics-show-note-include-stack -fmacro-backtrace-limit\=0 -fno-color-diagnostics -fmodules-prune-interval\=86400 -fmodules-prune-after\=345600 -fbuild-session-file\=/Users/aaronkeen/Library/Developer/Xcode/DerivedData/ModuleCache.noindex/Session.modulevalidation -fmodules-validate-once-per-build-session -Wnon-modular-include-in-framework-module -Werror\=non-modular-include-in-framework-module -Wno-trigraphs -Wno-missing-field-initializers -Wno-missing-prototypes -Wno-return-type -Wno-implicit-atomic-properties -Wno-objc-interface-ivars -Wno-arc-repeated-use-of-weak -Wno-missing-braces -Wparentheses -Wswitch -Wno-unused-function -Wno-unused-label -Wno-unused-parameter -Wno-unused-variable -Wunused-value -Wno-empty-body -Wno-uninitialized -Wno-unknown-pragmas -w -Wno-shadow -Wno-four-char-constants -Wno-conversion -Wno-constant-conversion -Wno-int-conversion -Wno-bool-conversion -Wno-enum-conversion -Wno-float-conversion -Wno-non-literal-null-conversion -Wno-objc-literal-conversion -Wshorten-64-to-32 -Wpointer-sign -Wno-newline-eof -Wno-selector -Wno-strict-selector-match -Wno-undeclared-selector -Wno-deprecated-implementations -Wno-implicit-fallthrough -fstrict-aliasing -Wprotocol -Wdeprecated-declarations -Wno-sign-conversion -Wno-infinite-recursion -Wno-comma -Wno-block-capture-autoreleasing -Wno-strict-prototypes -Wno-semicolon-before-method-body -index-store-path /Users/aaronkeen/Library/Developer/Xcode/DerivedData/NutraSafeBeta-awyabywlaekrybetqgpbjphfxefs/Index.noindex/DataStore @/Users/aaronkeen/Library/Developer/Xcode/DerivedData/NutraSafeBeta-awyabywlaekrybetqgpbjphfxefs/Build/Intermediates.noindex/GoogleUtilities.build/Debug-iphonesimulator/GoogleUtilities-Reachability.build/Objects-normal/arm64/e6072d4f65d7061329687fe24e3d63a7-common-args.resp -include /Users/aaronkeen/Library/Developer/Xcode/DerivedData/NutraSafeBeta-awyabywlaekrybetqgpbjphfxefs/Build/Intermediates.noindex/GoogleUtilities.build/Debug-iphonesimulator/GoogleUtilities-Reachability.build/DerivedSources/resource_bundle_accessor.h -MMD -MT dependencies -MF /Users/aaronkeen/Library/Developer/Xcode/DerivedData/NutraSafeBeta-awyabywlaekrybetqgpbjphfxefs/Build/Intermediates.noindex/GoogleUtilities.build/Debug-iphonesimulator/GoogleUtilities-Reachability.build/Objects-normal/arm64/resource_bundle_accessor.d --serialize-diagnostics /Users/aaronkeen/Library/Developer/Xcode/DerivedData/NutraSafeBeta-awyabywlaekrybetqgpbjphfxefs/Build/Intermediates.noindex/GoogleUtilities.build/Debug-iphonesimulator/GoogleUtilities-Reachability.build/Objects-normal/arm64/resource_bundle_accessor.dia -c /Users/aaronkeen/Library/Developer/Xcode/DerivedData/NutraSafeBeta-awyabywlaekrybetqgpbjphfxefs/Build/Intermediates.noindex/GoogleUtilities.build/Debug-iphonesimulator/GoogleUtilities-Reachability.build/DerivedSources/resource_bundle_accessor.m -o /Users/aaronkeen/Library/Developer/Xcode/DerivedData/NutraSafeBeta-awyabywlaekrybetqgpbjphfxefs/Build/Intermediates.noindex/GoogleUtilities.build/Debug-iphonesimulator/GoogleUtilities-Reachability.build/Objects-normal/arm64/resource_bundle_accessor.o -index-unit-output-path /GoogleUtilities.build/Debug-iphonesimulator/GoogleUtilities-Reachability.build/Objects-normal/arm64/resource_bundle_accessor.o

ScanDependencies /Users/aaronkeen/Library/Developer/Xcode/DerivedData/NutraSafeBeta-awyabywlaekrybetqgpbjphfxefs/Build/Intermediates.noindex/GoogleUtilities.build/Debug-iphonesimulator/GoogleUtilities-Reachability.build/Objects-normal/arm64/GULReachabilityChecker.o /Users/aaronkeen/Library/Developer/Xcode/DerivedData/NutraSafeBeta-awyabywlaekrybetqgpbjphfxefs/SourcePackages/checkouts/GoogleUtilities/GoogleUtilities/Reachability/GULReachabilityChecker.m normal arm64 objective-c com.apple.compilers.llvm.clang.1_0.compiler (in target 'GoogleUtilities-Reachability' from project 'GoogleUtilities')
    cd /Users/aaronkeen/Documents/My\ Apps/NutraSafe\ Beta/NutraSafeBeta.xcodeproj
    
    Using response file: /Users/aaronkeen/Library/Developer/Xcode/DerivedData/NutraSafeBeta-awyabywlaekrybetqgpbjphfxefs/Build/Intermediates.noindex/GoogleUtilities.build/Debug-iphonesimulator/GoogleUtilities-Reachability.build/Objects-normal/arm64/e6072d4f65d7061329687fe24e3d63a7-common-args.resp
    
    builtin-ScanDependencies -o /Users/aaronkeen/Library/Developer/Xcode/DerivedData/NutraSafeBeta-awyabywlaekrybetqgpbjphfxefs/Build/Intermediates.noindex/GoogleUtilities.build/Debug-iphonesimulator/GoogleUtilities-Reachability.build/Objects-normal/arm64/GULReachabilityChecker.o.scan -- /Applications/Xcode.app/Contents/Developer/Toolchains/XcodeDefault.xctoolchain/usr/bin/clang -x objective-c -ivfsstatcache /Users/aaronkeen/Library/Developer/Xcode/DerivedData/SDKStatCaches.noindex/iphonesimulator18.5-22F76-d5fc8ad4295d2ef488fb7d0f804ce0c4.sdkstatcache -fmessage-length\=0 -fdiagnostics-show-note-include-stack -fmacro-backtrace-limit\=0 -fno-color-diagnostics -fmodules-prune-interval\=86400 -fmodules-prune-after\=345600 -fbuild-session-file\=/Users/aaronkeen/Library/Developer/Xcode/DerivedData/ModuleCache.noindex/Session.modulevalidation -fmodules-validate-once-per-build-session -Wnon-modular-include-in-framework-module -Werror\=non-modular-include-in-framework-module -Wno-trigraphs -Wno-missing-field-initializers -Wno-missing-prototypes -Wno-return-type -Wno-implicit-atomic-properties -Wno-objc-interface-ivars -Wno-arc-repeated-use-of-weak -Wno-missing-braces -Wparentheses -Wswitch -Wno-unused-function -Wno-unused-label -Wno-unused-parameter -Wno-unused-variable -Wunused-value -Wno-empty-body -Wno-uninitialized -Wno-unknown-pragmas -w -Wno-shadow -Wno-four-char-constants -Wno-conversion -Wno-constant-conversion -Wno-int-conversion -Wno-bool-conversion -Wno-enum-conversion -Wno-float-conversion -Wno-non-literal-null-conversion -Wno-objc-literal-conversion -Wshorten-64-to-32 -Wpointer-sign -Wno-newline-eof -Wno-selector -Wno-strict-selector-match -Wno-undeclared-selector -Wno-deprecated-implementations -Wno-implicit-fallthrough -fstrict-aliasing -Wprotocol -Wdeprecated-declarations -Wno-sign-conversion -Wno-infinite-recursion -Wno-comma -Wno-block-capture-autoreleasing -Wno-strict-prototypes -Wno-semicolon-before-method-body -index-store-path /Users/aaronkeen/Library/Developer/Xcode/DerivedData/NutraSafeBeta-awyabywlaekrybetqgpbjphfxefs/Index.noindex/DataStore @/Users/aaronkeen/Library/Developer/Xcode/DerivedData/NutraSafeBeta-awyabywlaekrybetqgpbjphfxefs/Build/Intermediates.noindex/GoogleUtilities.build/Debug-iphonesimulator/GoogleUtilities-Reachability.build/Objects-normal/arm64/e6072d4f65d7061329687fe24e3d63a7-common-args.resp -include /Users/aaronkeen/Library/Developer/Xcode/DerivedData/NutraSafeBeta-awyabywlaekrybetqgpbjphfxefs/Build/Intermediates.noindex/GoogleUtilities.build/Debug-iphonesimulator/GoogleUtilities-Reachability.build/DerivedSources/resource_bundle_accessor.h -MMD -MT dependencies -MF /Users/aaronkeen/Library/Developer/Xcode/DerivedData/NutraSafeBeta-awyabywlaekrybetqgpbjphfxefs/Build/Intermediates.noindex/GoogleUtilities.build/Debug-iphonesimulator/GoogleUtilities-Reachability.build/Objects-normal/arm64/GULReachabilityChecker.d --serialize-diagnostics /Users/aaronkeen/Library/Developer/Xcode/DerivedData/NutraSafeBeta-awyabywlaekrybetqgpbjphfxefs/Build/Intermediates.noindex/GoogleUtilities.build/Debug-iphonesimulator/GoogleUtilities-Reachability.build/Objects-normal/arm64/GULReachabilityChecker.dia -c /Users/aaronkeen/Library/Developer/Xcode/DerivedData/NutraSafeBeta-awyabywlaekrybetqgpbjphfxefs/SourcePackages/checkouts/GoogleUtilities/GoogleUtilities/Reachability/GULReachabilityChecker.m -o /Users/aaronkeen/Library/Developer/Xcode/DerivedData/NutraSafeBeta-awyabywlaekrybetqgpbjphfxefs/Build/Intermediates.noindex/GoogleUtilities.build/Debug-iphonesimulator/GoogleUtilities-Reachability.build/Objects-normal/arm64/GULReachabilityChecker.o -index-unit-output-path /GoogleUtilities.build/Debug-iphonesimulator/GoogleUtilities-Reachability.build/Objects-normal/arm64/GULReachabilityChecker.o

SwiftCompile normal arm64 Compiling\ _ObjC_HeartbeatsPayload.swift /Users/aaronkeen/Library/Developer/Xcode/DerivedData/NutraSafeBeta-awyabywlaekrybetqgpbjphfxefs/SourcePackages/checkouts/firebase-ios-sdk/FirebaseCore/Internal/Sources/HeartbeatLogging/_ObjC_HeartbeatsPayload.swift (in target 'FirebaseCoreInternal' from project 'Firebase')

SwiftCompile normal arm64 /Users/aaronkeen/Library/Developer/Xcode/DerivedData/NutraSafeBeta-awyabywlaekrybetqgpbjphfxefs/SourcePackages/checkouts/firebase-ios-sdk/FirebaseCore/Internal/Sources/HeartbeatLogging/_ObjC_HeartbeatsPayload.swift (in target 'FirebaseCoreInternal' from project 'Firebase')
    cd /Users/aaronkeen/Documents/My\ Apps/NutraSafe\ Beta/NutraSafeBeta.xcodeproj
    

SwiftCompile normal arm64 Compiling\ StorageFactory.swift /Users/aaronkeen/Library/Developer/Xcode/DerivedData/NutraSafeBeta-awyabywlaekrybetqgpbjphfxefs/SourcePackages/checkouts/firebase-ios-sdk/FirebaseCore/Internal/Sources/HeartbeatLogging/StorageFactory.swift (in target 'FirebaseCoreInternal' from project 'Firebase')

SwiftCompile normal arm64 /Users/aaronkeen/Library/Developer/Xcode/DerivedData/NutraSafeBeta-awyabywlaekrybetqgpbjphfxefs/SourcePackages/checkouts/firebase-ios-sdk/FirebaseCore/Internal/Sources/HeartbeatLogging/StorageFactory.swift (in target 'FirebaseCoreInternal' from project 'Firebase')
    cd /Users/aaronkeen/Documents/My\ Apps/NutraSafe\ Beta/NutraSafeBeta.xcodeproj
    

SwiftCompile normal arm64 Compiling\ Storage.swift /Users/aaronkeen/Library/Developer/Xcode/DerivedData/NutraSafeBeta-awyabywlaekrybetqgpbjphfxefs/SourcePackages/checkouts/firebase-ios-sdk/FirebaseCore/Internal/Sources/HeartbeatLogging/Storage.swift (in target 'FirebaseCoreInternal' from project 'Firebase')

SwiftCompile normal arm64 /Users/aaronkeen/Library/Developer/Xcode/DerivedData/NutraSafeBeta-awyabywlaekrybetqgpbjphfxefs/SourcePackages/checkouts/firebase-ios-sdk/FirebaseCore/Internal/Sources/HeartbeatLogging/Storage.swift (in target 'FirebaseCoreInternal' from project 'Firebase')
    cd /Users/aaronkeen/Documents/My\ Apps/NutraSafe\ Beta/NutraSafeBeta.xcodeproj
    

PrecompileModule /Users/aaronkeen/Library/Developer/Xcode/DerivedData/NutraSafeBeta-awyabywlaekrybetqgpbjphfxefs/Build/Intermediates.noindex/ExplicitPrecompiledModules/ObjectiveC-AO2XPIU7FG9TPVMAZU2J7ZRFK.scan
    cd /Users/aaronkeen/Documents/My\ Apps/NutraSafe\ Beta/NutraSafeBeta.xcodeproj
    builtin-precompileModule /Users/aaronkeen/Library/Developer/Xcode/DerivedData/NutraSafeBeta-awyabywlaekrybetqgpbjphfxefs/Build/Intermediates.noindex/ExplicitPrecompiledModules/ObjectiveC-AO2XPIU7FG9TPVMAZU2J7ZRFK.scan

SwiftCompile normal arm64 Compiling\ WeakContainer.swift /Users/aaronkeen/Library/Developer/Xcode/DerivedData/NutraSafeBeta-awyabywlaekrybetqgpbjphfxefs/SourcePackages/checkouts/firebase-ios-sdk/FirebaseCore/Internal/Sources/HeartbeatLogging/WeakContainer.swift (in target 'FirebaseCoreInternal' from project 'Firebase')

SwiftCompile normal arm64 /Users/aaronkeen/Library/Developer/Xcode/DerivedData/NutraSafeBeta-awyabywlaekrybetqgpbjphfxefs/SourcePackages/checkouts/firebase-ios-sdk/FirebaseCore/Internal/Sources/HeartbeatLogging/WeakContainer.swift (in target 'FirebaseCoreInternal' from project 'Firebase')
    cd /Users/aaronkeen/Documents/My\ Apps/NutraSafe\ Beta/NutraSafeBeta.xcodeproj
    

SwiftCompile normal arm64 Compiling\ HeartbeatsBundle.swift /Users/aaronkeen/Library/Developer/Xcode/DerivedData/NutraSafeBeta-awyabywlaekrybetqgpbjphfxefs/SourcePackages/checkouts/firebase-ios-sdk/FirebaseCore/Internal/Sources/HeartbeatLogging/HeartbeatsBundle.swift (in target 'FirebaseCoreInternal' from project 'Firebase')

SwiftCompile normal arm64 /Users/aaronkeen/Library/Developer/Xcode/DerivedData/NutraSafeBeta-awyabywlaekrybetqgpbjphfxefs/SourcePackages/checkouts/firebase-ios-sdk/FirebaseCore/Internal/Sources/HeartbeatLogging/HeartbeatsBundle.swift (in target 'FirebaseCoreInternal' from project 'Firebase')
    cd /Users/aaronkeen/Documents/My\ Apps/NutraSafe\ Beta/NutraSafeBeta.xcodeproj
    

PrecompileModule /Users/aaronkeen/Library/Developer/Xcode/DerivedData/NutraSafeBeta-awyabywlaekrybetqgpbjphfxefs/Build/Intermediates.noindex/ExplicitPrecompiledModules/ObjectiveC-E7BWTDD24U0SQKPRCNJLHMGDN.scan
    cd /Users/aaronkeen/Documents/My\ Apps/NutraSafe\ Beta/NutraSafeBeta.xcodeproj
    builtin-precompileModule /Users/aaronkeen/Library/Developer/Xcode/DerivedData/NutraSafeBeta-awyabywlaekrybetqgpbjphfxefs/Build/Intermediates.noindex/ExplicitPrecompiledModules/ObjectiveC-E7BWTDD24U0SQKPRCNJLHMGDN.scan

PrecompileModule /Users/aaronkeen/Library/Developer/Xcode/DerivedData/NutraSafeBeta-awyabywlaekrybetqgpbjphfxefs/Build/Intermediates.noindex/ExplicitPrecompiledModules/os_object-6KUXXLG91H472NI1KT38OONRG.scan
    cd /Users/aaronkeen/Documents/My\ Apps/NutraSafe\ Beta/NutraSafeBeta.xcodeproj
    builtin-precompileModule /Users/aaronkeen/Library/Developer/Xcode/DerivedData/NutraSafeBeta-awyabywlaekrybetqgpbjphfxefs/Build/Intermediates.noindex/ExplicitPrecompiledModules/os_object-6KUXXLG91H472NI1KT38OONRG.scan

PrecompileModule /Users/aaronkeen/Library/Developer/Xcode/DerivedData/NutraSafeBeta-awyabywlaekrybetqgpbjphfxefs/Build/Intermediates.noindex/ExplicitPrecompiledModules/ObjectiveC-9J0XUF3YLWO82BWAZK6YQ69EH.scan
    cd /Users/aaronkeen/Documents/My\ Apps/NutraSafe\ Beta/NutraSafeBeta.xcodeproj
    builtin-precompileModule /Users/aaronkeen/Library/Developer/Xcode/DerivedData/NutraSafeBeta-awyabywlaekrybetqgpbjphfxefs/Build/Intermediates.noindex/ExplicitPrecompiledModules/ObjectiveC-9J0XUF3YLWO82BWAZK6YQ69EH.scan

PrecompileModule /Users/aaronkeen/Library/Developer/Xcode/DerivedData/NutraSafeBeta-awyabywlaekrybetqgpbjphfxefs/Build/Intermediates.noindex/ExplicitPrecompiledModules/ObjectiveC-BG3RVDAZKXY8ZDWIIZLTNAPCW.scan
    cd /Users/aaronkeen/Documents/My\ Apps/NutraSafe\ Beta/NutraSafeBeta.xcodeproj
    builtin-precompileModule /Users/aaronkeen/Library/Developer/Xcode/DerivedData/NutraSafeBeta-awyabywlaekrybetqgpbjphfxefs/Build/Intermediates.noindex/ExplicitPrecompiledModules/ObjectiveC-BG3RVDAZKXY8ZDWIIZLTNAPCW.scan

PrecompileModule /Users/aaronkeen/Library/Developer/Xcode/DerivedData/NutraSafeBeta-awyabywlaekrybetqgpbjphfxefs/Build/Intermediates.noindex/ExplicitPrecompiledModules/os_workgroup-CXBVYH2TO5ATYPTNHXWX723GU.scan
    cd /Users/aaronkeen/Documents/My\ Apps/NutraSafe\ Beta/NutraSafeBeta.xcodeproj
    builtin-precompileModule /Users/aaronkeen/Library/Developer/Xcode/DerivedData/NutraSafeBeta-awyabywlaekrybetqgpbjphfxefs/Build/Intermediates.noindex/ExplicitPrecompiledModules/os_workgroup-CXBVYH2TO5ATYPTNHXWX723GU.scan

PrecompileModule /Users/aaronkeen/Library/Developer/Xcode/DerivedData/NutraSafeBeta-awyabywlaekrybetqgpbjphfxefs/Build/Intermediates.noindex/ExplicitPrecompiledModules/os_object-6HMC959AG27ZNY12L45Q4TMKX.scan
    cd /Users/aaronkeen/Documents/My\ Apps/NutraSafe\ Beta/NutraSafeBeta.xcodeproj
    builtin-precompileModule /Users/aaronkeen/Library/Developer/Xcode/DerivedData/NutraSafeBeta-awyabywlaekrybetqgpbjphfxefs/Build/Intermediates.noindex/ExplicitPrecompiledModules/os_object-6HMC959AG27ZNY12L45Q4TMKX.scan

PrecompileModule /Users/aaronkeen/Library/Developer/Xcode/DerivedData/NutraSafeBeta-awyabywlaekrybetqgpbjphfxefs/Build/Intermediates.noindex/ExplicitPrecompiledModules/third_party_IsAppEncrypted-CQF2QKM8B3V2LPPEZWIT3H909.scan
    cd /Users/aaronkeen/Documents/My\ Apps/NutraSafe\ Beta/NutraSafeBeta.xcodeproj
    builtin-precompileModule /Users/aaronkeen/Library/Developer/Xcode/DerivedData/NutraSafeBeta-awyabywlaekrybetqgpbjphfxefs/Build/Intermediates.noindex/ExplicitPrecompiledModules/third_party_IsAppEncrypted-CQF2QKM8B3V2LPPEZWIT3H909.scan

PrecompileModule /Users/aaronkeen/Library/Developer/Xcode/DerivedData/NutraSafeBeta-awyabywlaekrybetqgpbjphfxefs/Build/Intermediates.noindex/ExplicitPrecompiledModules/MachO-C8DVBPL1E3C4FJ81GCKYFZ9V2.scan
    cd /Users/aaronkeen/Documents/My\ Apps/NutraSafe\ Beta/NutraSafeBeta.xcodeproj
    builtin-precompileModule /Users/aaronkeen/Library/Developer/Xcode/DerivedData/NutraSafeBeta-awyabywlaekrybetqgpbjphfxefs/Build/Intermediates.noindex/ExplicitPrecompiledModules/MachO-C8DVBPL1E3C4FJ81GCKYFZ9V2.scan

PrecompileModule /Users/aaronkeen/Library/Developer/Xcode/DerivedData/NutraSafeBeta-awyabywlaekrybetqgpbjphfxefs/Build/Intermediates.noindex/ExplicitPrecompiledModules/os_object-BSI98IZ9RRXRBFU1YQCGNTK89.scan
    cd /Users/aaronkeen/Documents/My\ Apps/NutraSafe\ Beta/NutraSafeBeta.xcodeproj
    builtin-precompileModule /Users/aaronkeen/Library/Developer/Xcode/DerivedData/NutraSafeBeta-awyabywlaekrybetqgpbjphfxefs/Build/Intermediates.noindex/ExplicitPrecompiledModules/os_object-BSI98IZ9RRXRBFU1YQCGNTK89.scan

PrecompileModule /Users/aaronkeen/Library/Developer/Xcode/DerivedData/NutraSafeBeta-awyabywlaekrybetqgpbjphfxefs/Build/Intermediates.noindex/ExplicitPrecompiledModules/Dispatch-AXC2BAQFY3UPNJG2TN7ZN6BR3.scan
    cd /Users/aaronkeen/Documents/My\ Apps/NutraSafe\ Beta/NutraSafeBeta.xcodeproj
    builtin-precompileModule /Users/aaronkeen/Library/Developer/Xcode/DerivedData/NutraSafeBeta-awyabywlaekrybetqgpbjphfxefs/Build/Intermediates.noindex/ExplicitPrecompiledModules/Dispatch-AXC2BAQFY3UPNJG2TN7ZN6BR3.scan

PrecompileModule /Users/aaronkeen/Library/Developer/Xcode/DerivedData/NutraSafeBeta-awyabywlaekrybetqgpbjphfxefs/Build/Intermediates.noindex/ExplicitPrecompiledModules/os_object-BGG2MEKS83UJ1SYF1KN21MI7G.scan
    cd /Users/aaronkeen/Documents/My\ Apps/NutraSafe\ Beta/NutraSafeBeta.xcodeproj
    builtin-precompileModule /Users/aaronkeen/Library/Developer/Xcode/DerivedData/NutraSafeBeta-awyabywlaekrybetqgpbjphfxefs/Build/Intermediates.noindex/ExplicitPrecompiledModules/os_object-BGG2MEKS83UJ1SYF1KN21MI7G.scan

PrecompileModule /Users/aaronkeen/Library/Developer/Xcode/DerivedData/NutraSafeBeta-awyabywlaekrybetqgpbjphfxefs/Build/Intermediates.noindex/ExplicitPrecompiledModules/os_workgroup-67QAVWR1P3VX4X1MCQKZ7OPTA.scan
    cd /Users/aaronkeen/Documents/My\ Apps/NutraSafe\ Beta/NutraSafeBeta.xcodeproj
    builtin-precompileModule /Users/aaronkeen/Library/Developer/Xcode/DerivedData/NutraSafeBeta-awyabywlaekrybetqgpbjphfxefs/Build/Intermediates.noindex/ExplicitPrecompiledModules/os_workgroup-67QAVWR1P3VX4X1MCQKZ7OPTA.scan

PrecompileModule /Users/aaronkeen/Library/Developer/Xcode/DerivedData/NutraSafeBeta-awyabywlaekrybetqgpbjphfxefs/Build/Intermediates.noindex/ExplicitPrecompiledModules/os_workgroup-E7WTFO6MIQABPE1AFMLC8HOM5.scan
    cd /Users/aaronkeen/Documents/My\ Apps/NutraSafe\ Beta/NutraSafeBeta.xcodeproj
    builtin-precompileModule /Users/aaronkeen/Library/Developer/Xcode/DerivedData/NutraSafeBeta-awyabywlaekrybetqgpbjphfxefs/Build/Intermediates.noindex/ExplicitPrecompiledModules/os_workgroup-E7WTFO6MIQABPE1AFMLC8HOM5.scan

SwiftCompile normal arm64 Compiling\ HeartbeatStorage.swift /Users/aaronkeen/Library/Developer/Xcode/DerivedData/NutraSafeBeta-awyabywlaekrybetqgpbjphfxefs/SourcePackages/checkouts/firebase-ios-sdk/FirebaseCore/Internal/Sources/HeartbeatLogging/HeartbeatStorage.swift (in target 'FirebaseCoreInternal' from project 'Firebase')

SwiftCompile normal arm64 /Users/aaronkeen/Library/Developer/Xcode/DerivedData/NutraSafeBeta-awyabywlaekrybetqgpbjphfxefs/SourcePackages/checkouts/firebase-ios-sdk/FirebaseCore/Internal/Sources/HeartbeatLogging/HeartbeatStorage.swift (in target 'FirebaseCoreInternal' from project 'Firebase')
    cd /Users/aaronkeen/Documents/My\ Apps/NutraSafe\ Beta/NutraSafeBeta.xcodeproj
    

WriteAuxiliaryFile /Users/aaronkeen/Library/Developer/Xcode/DerivedData/NutraSafeBeta-awyabywlaekrybetqgpbjphfxefs/Build/Intermediates.noindex/abseil.build/Debug-iphonesimulator/abslWrapper.build/abslWrapper.modulemap (in target 'abslWrapper' from project 'abseil')
    cd /Users/aaronkeen/Library/Developer/Xcode/DerivedData/NutraSafeBeta-awyabywlaekrybetqgpbjphfxefs/SourcePackages/checkouts/abseil-cpp-binary
    write-file /Users/aaronkeen/Library/Developer/Xcode/DerivedData/NutraSafeBeta-awyabywlaekrybetqgpbjphfxefs/Build/Intermediates.noindex/abseil.build/Debug-iphonesimulator/abslWrapper.build/abslWrapper.modulemap

WriteAuxiliaryFile /Users/aaronkeen/Library/Developer/Xcode/DerivedData/NutraSafeBeta-awyabywlaekrybetqgpbjphfxefs/Build/Intermediates.noindex/abseil.build/Debug-iphonesimulator/abslWrapper.build/abslWrapper.DependencyStaticMetadataFileList (in target 'abslWrapper' from project 'abseil')
    cd /Users/aaronkeen/Library/Developer/Xcode/DerivedData/NutraSafeBeta-awyabywlaekrybetqgpbjphfxefs/SourcePackages/checkouts/abseil-cpp-binary
    write-file /Users/aaronkeen/Library/Developer/Xcode/DerivedData/NutraSafeBeta-awyabywlaekrybetqgpbjphfxefs/Build/Intermediates.noindex/abseil.build/Debug-iphonesimulator/abslWrapper.build/abslWrapper.DependencyStaticMetadataFileList

WriteAuxiliaryFile /Users/aaronkeen/Library/Developer/Xcode/DerivedData/NutraSafeBeta-awyabywlaekrybetqgpbjphfxefs/Build/Intermediates.noindex/abseil.build/Debug-iphonesimulator/abslWrapper.build/abslWrapper.DependencyMetadataFileList (in target 'abslWrapper' from project 'abseil')
    cd /Users/aaronkeen/Library/Developer/Xcode/DerivedData/NutraSafeBeta-awyabywlaekrybetqgpbjphfxefs/SourcePackages/checkouts/abseil-cpp-binary
    write-file /Users/aaronkeen/Library/Developer/Xcode/DerivedData/NutraSafeBeta-awyabywlaekrybetqgpbjphfxefs/Build/Intermediates.noindex/abseil.build/Debug-iphonesimulator/abslWrapper.build/abslWrapper.DependencyMetadataFileList

WriteAuxiliaryFile /Users/aaronkeen/Library/Developer/Xcode/DerivedData/NutraSafeBeta-awyabywlaekrybetqgpbjphfxefs/Build/Intermediates.noindex/abseil.build/Debug-iphonesimulator/abslWrapper.build/Objects-normal/arm64/e6072d4f65d7061329687fe24e3d63a7-common-args.resp (in target 'abslWrapper' from project 'abseil')
    cd /Users/aaronkeen/Library/Developer/Xcode/DerivedData/NutraSafeBeta-awyabywlaekrybetqgpbjphfxefs/SourcePackages/checkouts/abseil-cpp-binary
    write-file /Users/aaronkeen/Library/Developer/Xcode/DerivedData/NutraSafeBeta-awyabywlaekrybetqgpbjphfxefs/Build/Intermediates.noindex/abseil.build/Debug-iphonesimulator/abslWrapper.build/Objects-normal/arm64/e6072d4f65d7061329687fe24e3d63a7-common-args.resp
-target arm64-apple-ios12.0-simulator -fobjc-arc -fmodules -gmodules '-fmodules-cache-path=/Users/aaronkeen/Library/Developer/Xcode/DerivedData/ModuleCache.noindex' '-fmodule-name=abslWrapper' -fpascal-strings -O0 -DSWIFT_PACKAGE '-DDEBUG=1' '-DOBJC_OLD_DISPATCH_PROTOTYPES=1' -isysroot /Applications/Xcode.app/Contents/Developer/Platforms/iPhoneSimulator.platform/Developer/SDKs/iPhoneSimulator18.5.sdk -g '-fobjc-abi-version=2' -fobjc-legacy-dispatch -I/Users/aaronkeen/Library/Developer/Xcode/DerivedData/NutraSafeBeta-awyabywlaekrybetqgpbjphfxefs/Build/Products/Debug-iphonesimulator/include -I/Users/aaronkeen/Library/Developer/Xcode/DerivedData/NutraSafeBeta-awyabywlaekrybetqgpbjphfxefs/SourcePackages/checkouts/abseil-cpp-binary/absl-Wrapper/include -I/Users/aaronkeen/Library/Developer/Xcode/DerivedData/NutraSafeBeta-awyabywlaekrybetqgpbjphfxefs/Build/Intermediates.noindex/abseil.build/Debug-iphonesimulator/abslWrapper.build/DerivedSources-normal/arm64 -I/Users/aaronkeen/Library/Developer/Xcode/DerivedData/NutraSafeBeta-awyabywlaekrybetqgpbjphfxefs/Build/Intermediates.noindex/abseil.build/Debug-iphonesimulator/abslWrapper.build/DerivedSources/arm64 -I/Users/aaronkeen/Library/Developer/Xcode/DerivedData/NutraSafeBeta-awyabywlaekrybetqgpbjphfxefs/Build/Intermediates.noindex/abseil.build/Debug-iphonesimulator/abslWrapper.build/DerivedSources -F/Users/aaronkeen/Library/Developer/Xcode/DerivedData/NutraSafeBeta-awyabywlaekrybetqgpbjphfxefs/Build/Products/Debug-iphonesimulator -iframework /Applications/Xcode.app/Contents/Developer/Platforms/iPhoneSimulator.platform/Developer/Library/Frameworks -iframework /Applications/Xcode.app/Contents/Developer/Platforms/iPhoneSimulator.platform/Developer/SDKs/iPhoneSimulator18.5.sdk/Developer/Library/Frameworks -DXcode

WriteAuxiliaryFile /Users/aaronkeen/Library/Developer/Xcode/DerivedData/NutraSafeBeta-awyabywlaekrybetqgpbjphfxefs/Build/Intermediates.noindex/abseil.build/Debug-iphonesimulator/abslWrapper.build/Objects-normal/arm64/abslWrapper.LinkFileList (in target 'abslWrapper' from project 'abseil')
    cd /Users/aaronkeen/Library/Developer/Xcode/DerivedData/NutraSafeBeta-awyabywlaekrybetqgpbjphfxefs/SourcePackages/checkouts/abseil-cpp-binary
    write-file /Users/aaronkeen/Library/Developer/Xcode/DerivedData/NutraSafeBeta-awyabywlaekrybetqgpbjphfxefs/Build/Intermediates.noindex/abseil.build/Debug-iphonesimulator/abslWrapper.build/Objects-normal/arm64/abslWrapper.LinkFileList

WriteAuxiliaryFile /Users/aaronkeen/Library/Developer/Xcode/DerivedData/NutraSafeBeta-awyabywlaekrybetqgpbjphfxefs/Build/Intermediates.noindex/abseil.build/Debug-iphonesimulator/abslWrapper.build/DerivedSources/resource_bundle_accessor.m (in target 'abslWrapper' from project 'abseil')
    cd /Users/aaronkeen/Library/Developer/Xcode/DerivedData/NutraSafeBeta-awyabywlaekrybetqgpbjphfxefs/SourcePackages/checkouts/abseil-cpp-binary
    write-file /Users/aaronkeen/Library/Developer/Xcode/DerivedData/NutraSafeBeta-awyabywlaekrybetqgpbjphfxefs/Build/Intermediates.noindex/abseil.build/Debug-iphonesimulator/abslWrapper.build/DerivedSources/resource_bundle_accessor.m

WriteAuxiliaryFile /Users/aaronkeen/Library/Developer/Xcode/DerivedData/NutraSafeBeta-awyabywlaekrybetqgpbjphfxefs/Build/Intermediates.noindex/abseil.build/Debug-iphonesimulator/abslWrapper.build/DerivedSources/resource_bundle_accessor.h (in target 'abslWrapper' from project 'abseil')
    cd /Users/aaronkeen/Library/Developer/Xcode/DerivedData/NutraSafeBeta-awyabywlaekrybetqgpbjphfxefs/SourcePackages/checkouts/abseil-cpp-binary
    write-file /Users/aaronkeen/Library/Developer/Xcode/DerivedData/NutraSafeBeta-awyabywlaekrybetqgpbjphfxefs/Build/Intermediates.noindex/abseil.build/Debug-iphonesimulator/abslWrapper.build/DerivedSources/resource_bundle_accessor.h

Copy /Users/aaronkeen/Library/Developer/Xcode/DerivedData/NutraSafeBeta-awyabywlaekrybetqgpbjphfxefs/Build/Intermediates.noindex/GeneratedModuleMaps-iphonesimulator/abslWrapper.modulemap /Users/aaronkeen/Library/Developer/Xcode/DerivedData/NutraSafeBeta-awyabywlaekrybetqgpbjphfxefs/Build/Intermediates.noindex/abseil.build/Debug-iphonesimulator/abslWrapper.build/abslWrapper.modulemap (in target 'abslWrapper' from project 'abseil')
    cd /Users/aaronkeen/Library/Developer/Xcode/DerivedData/NutraSafeBeta-awyabywlaekrybetqgpbjphfxefs/SourcePackages/checkouts/abseil-cpp-binary
    builtin-copy -exclude .DS_Store -exclude CVS -exclude .svn -exclude .git -exclude .hg -resolve-src-symlinks /Users/aaronkeen/Library/Developer/Xcode/DerivedData/NutraSafeBeta-awyabywlaekrybetqgpbjphfxefs/Build/Intermediates.noindex/abseil.build/Debug-iphonesimulator/abslWrapper.build/abslWrapper.modulemap /Users/aaronkeen/Library/Developer/Xcode/DerivedData/NutraSafeBeta-awyabywlaekrybetqgpbjphfxefs/Build/Intermediates.noindex/GeneratedModuleMaps-iphonesimulator

CompileC /Users/aaronkeen/Library/Developer/Xcode/DerivedData/NutraSafeBeta-awyabywlaekrybetqgpbjphfxefs/Build/Intermediates.noindex/GoogleUtilities.build/Debug-iphonesimulator/third-party-IsAppEncrypted.build/Objects-normal/arm64/IsAppEncrypted.o /Users/aaronkeen/Library/Developer/Xcode/DerivedData/NutraSafeBeta-awyabywlaekrybetqgpbjphfxefs/SourcePackages/checkouts/GoogleUtilities/third_party/IsAppEncrypted/IsAppEncrypted.m normal arm64 objective-c com.apple.compilers.llvm.clang.1_0.compiler (in target 'third-party-IsAppEncrypted' from project 'GoogleUtilities')
    cd /Users/aaronkeen/Documents/My\ Apps/NutraSafe\ Beta/NutraSafeBeta.xcodeproj
    
    Using response file: /Users/aaronkeen/Library/Developer/Xcode/DerivedData/NutraSafeBeta-awyabywlaekrybetqgpbjphfxefs/Build/Intermediates.noindex/GoogleUtilities.build/Debug-iphonesimulator/third-party-IsAppEncrypted.build/Objects-normal/arm64/e6072d4f65d7061329687fe24e3d63a7-common-args.resp
    
    /Applications/Xcode.app/Contents/Developer/Toolchains/XcodeDefault.xctoolchain/usr/bin/clang -x objective-c -ivfsstatcache /Users/aaronkeen/Library/Developer/Xcode/DerivedData/SDKStatCaches.noindex/iphonesimulator18.5-22F76-d5fc8ad4295d2ef488fb7d0f804ce0c4.sdkstatcache -fmessage-length\=0 -fdiagnostics-show-note-include-stack -fmacro-backtrace-limit\=0 -fno-color-diagnostics -fmodules-prune-interval\=86400 -fmodules-prune-after\=345600 -fbuild-session-file\=/Users/aaronkeen/Library/Developer/Xcode/DerivedData/ModuleCache.noindex/Session.modulevalidation -fmodules-validate-once-per-build-session -Wnon-modular-include-in-framework-module -Werror\=non-modular-include-in-framework-module -Wno-trigraphs -Wno-missing-field-initializers -Wno-missing-prototypes -Wno-return-type -Wno-implicit-atomic-properties -Wno-objc-interface-ivars -Wno-arc-repeated-use-of-weak -Wno-missing-braces -Wparentheses -Wswitch -Wno-unused-function -Wno-unused-label -Wno-unused-parameter -Wno-unused-variable -Wunused-value -Wno-empty-body -Wno-uninitialized -Wno-unknown-pragmas -w -Wno-shadow -Wno-four-char-constants -Wno-conversion -Wno-constant-conversion -Wno-int-conversion -Wno-bool-conversion -Wno-enum-conversion -Wno-float-conversion -Wno-non-literal-null-conversion -Wno-objc-literal-conversion -Wshorten-64-to-32 -Wpointer-sign -Wno-newline-eof -Wno-selector -Wno-strict-selector-match -Wno-undeclared-selector -Wno-deprecated-implementations -Wno-implicit-fallthrough -fstrict-aliasing -Wprotocol -Wdeprecated-declarations -Wno-sign-conversion -Wno-infinite-recursion -Wno-comma -Wno-block-capture-autoreleasing -Wno-strict-prototypes -Wno-semicolon-before-method-body -index-store-path /Users/aaronkeen/Library/Developer/Xcode/DerivedData/NutraSafeBeta-awyabywlaekrybetqgpbjphfxefs/Index.noindex/DataStore @/Users/aaronkeen/Library/Developer/Xcode/DerivedData/NutraSafeBeta-awyabywlaekrybetqgpbjphfxefs/Build/Intermediates.noindex/GoogleUtilities.build/Debug-iphonesimulator/third-party-IsAppEncrypted.build/Objects-normal/arm64/e6072d4f65d7061329687fe24e3d63a7-common-args.resp -MMD -MT dependencies -MF /Users/aaronkeen/Library/Developer/Xcode/DerivedData/NutraSafeBeta-awyabywlaekrybetqgpbjphfxefs/Build/Intermediates.noindex/GoogleUtilities.build/Debug-iphonesimulator/third-party-IsAppEncrypted.build/Objects-normal/arm64/IsAppEncrypted.d --serialize-diagnostics /Users/aaronkeen/Library/Developer/Xcode/DerivedData/NutraSafeBeta-awyabywlaekrybetqgpbjphfxefs/Build/Intermediates.noindex/GoogleUtilities.build/Debug-iphonesimulator/third-party-IsAppEncrypted.build/Objects-normal/arm64/IsAppEncrypted.dia -c /Users/aaronkeen/Library/Developer/Xcode/DerivedData/NutraSafeBeta-awyabywlaekrybetqgpbjphfxefs/SourcePackages/checkouts/GoogleUtilities/third_party/IsAppEncrypted/IsAppEncrypted.m -o /Users/aaronkeen/Library/Developer/Xcode/DerivedData/NutraSafeBeta-awyabywlaekrybetqgpbjphfxefs/Build/Intermediates.noindex/GoogleUtilities.build/Debug-iphonesimulator/third-party-IsAppEncrypted.build/Objects-normal/arm64/IsAppEncrypted.o -index-unit-output-path /GoogleUtilities.build/Debug-iphonesimulator/third-party-IsAppEncrypted.build/Objects-normal/arm64/IsAppEncrypted.o

PrecompileModule /Users/aaronkeen/Library/Developer/Xcode/DerivedData/NutraSafeBeta-awyabywlaekrybetqgpbjphfxefs/Build/Intermediates.noindex/ExplicitPrecompiledModules/Dispatch-AKBFQQOU0Z19R1J3BDTHAOBLX.scan
    cd /Users/aaronkeen/Documents/My\ Apps/NutraSafe\ Beta/NutraSafeBeta.xcodeproj
    builtin-precompileModule /Users/aaronkeen/Library/Developer/Xcode/DerivedData/NutraSafeBeta-awyabywlaekrybetqgpbjphfxefs/Build/Intermediates.noindex/ExplicitPrecompiledModules/Dispatch-AKBFQQOU0Z19R1J3BDTHAOBLX.scan

PrecompileModule /Users/aaronkeen/Library/Developer/Xcode/DerivedData/NutraSafeBeta-awyabywlaekrybetqgpbjphfxefs/Build/Intermediates.noindex/ExplicitPrecompiledModules/CoreFoundation-ANJFSWEEU38BWLZFCMYES1RFE.scan
    cd /Users/aaronkeen/Documents/My\ Apps/NutraSafe\ Beta/NutraSafeBeta.xcodeproj
    builtin-precompileModule /Users/aaronkeen/Library/Developer/Xcode/DerivedData/NutraSafeBeta-awyabywlaekrybetqgpbjphfxefs/Build/Intermediates.noindex/ExplicitPrecompiledModules/CoreFoundation-ANJFSWEEU38BWLZFCMYES1RFE.scan

PrecompileModule /Users/aaronkeen/Library/Developer/Xcode/DerivedData/NutraSafeBeta-awyabywlaekrybetqgpbjphfxefs/Build/Intermediates.noindex/ExplicitPrecompiledModules/Dispatch-5PJDL443YHOELSBVVJPAHNAZ4.scan
    cd /Users/aaronkeen/Documents/My\ Apps/NutraSafe\ Beta/NutraSafeBeta.xcodeproj
    builtin-precompileModule /Users/aaronkeen/Library/Developer/Xcode/DerivedData/NutraSafeBeta-awyabywlaekrybetqgpbjphfxefs/Build/Intermediates.noindex/ExplicitPrecompiledModules/Dispatch-5PJDL443YHOELSBVVJPAHNAZ4.scan

SwiftDriverJobDiscovery normal arm64 Compiling WeakContainer.swift (in target 'FirebaseCoreInternal' from project 'Firebase')

PrecompileModule /Users/aaronkeen/Library/Developer/Xcode/DerivedData/NutraSafeBeta-awyabywlaekrybetqgpbjphfxefs/Build/Intermediates.noindex/ExplicitPrecompiledModules/XPC-3DXRDKI7V9ZDXM04DFAMMFG46.scan
    cd /Users/aaronkeen/Documents/My\ Apps/NutraSafe\ Beta/NutraSafeBeta.xcodeproj
    builtin-precompileModule /Users/aaronkeen/Library/Developer/Xcode/DerivedData/NutraSafeBeta-awyabywlaekrybetqgpbjphfxefs/Build/Intermediates.noindex/ExplicitPrecompiledModules/XPC-3DXRDKI7V9ZDXM04DFAMMFG46.scan

Ld /Users/aaronkeen/Library/Developer/Xcode/DerivedData/NutraSafeBeta-awyabywlaekrybetqgpbjphfxefs/Build/Products/Debug-iphonesimulator/third-party-IsAppEncrypted.o normal (in target 'third-party-IsAppEncrypted' from project 'GoogleUtilities')
    cd /Users/aaronkeen/Library/Developer/Xcode/DerivedData/NutraSafeBeta-awyabywlaekrybetqgpbjphfxefs/SourcePackages/checkouts/GoogleUtilities
    /Applications/Xcode.app/Contents/Developer/Toolchains/XcodeDefault.xctoolchain/usr/bin/clang -Xlinker -reproducible -target arm64-apple-ios12.0-simulator -r -isysroot /Applications/Xcode.app/Contents/Developer/Platforms/iPhoneSimulator.platform/Developer/SDKs/iPhoneSimulator18.5.sdk -O0 -w -L/Users/aaronkeen/Library/Developer/Xcode/DerivedData/NutraSafeBeta-awyabywlaekrybetqgpbjphfxefs/Build/Intermediates.noindex/EagerLinkingTBDs/Debug-iphonesimulator -L/Users/aaronkeen/Library/Developer/Xcode/DerivedData/NutraSafeBeta-awyabywlaekrybetqgpbjphfxefs/Build/Products/Debug-iphonesimulator -L/Applications/Xcode.app/Contents/Developer/Platforms/iPhoneSimulator.platform/Developer/usr/lib -F/Users/aaronkeen/Library/Developer/Xcode/DerivedData/NutraSafeBeta-awyabywlaekrybetqgpbjphfxefs/Build/Intermediates.noindex/EagerLinkingTBDs/Debug-iphonesimulator -F/Users/aaronkeen/Library/Developer/Xcode/DerivedData/NutraSafeBeta-awyabywlaekrybetqgpbjphfxefs/Build/Products/Debug-iphonesimulator -iframework /Applications/Xcode.app/Contents/Developer/Platforms/iPhoneSimulator.platform/Developer/Library/Frameworks -iframework /Applications/Xcode.app/Contents/Developer/Platforms/iPhoneSimulator.platform/Developer/SDKs/iPhoneSimulator18.5.sdk/Developer/Library/Frameworks -filelist /Users/aaronkeen/Library/Developer/Xcode/DerivedData/NutraSafeBeta-awyabywlaekrybetqgpbjphfxefs/Build/Intermediates.noindex/GoogleUtilities.build/Debug-iphonesimulator/third-party-IsAppEncrypted.build/Objects-normal/arm64/third-party-IsAppEncrypted.LinkFileList -nostdlib -Xlinker -object_path_lto -Xlinker /Users/aaronkeen/Library/Developer/Xcode/DerivedData/NutraSafeBeta-awyabywlaekrybetqgpbjphfxefs/Build/Intermediates.noindex/GoogleUtilities.build/Debug-iphonesimulator/third-party-IsAppEncrypted.build/Objects-normal/arm64/third-party-IsAppEncrypted_lto.o -rdynamic -Xlinker -no_deduplicate -Xlinker -objc_abi_version -Xlinker 2 -Xlinker -dependency_info -Xlinker /Users/aaronkeen/Library/Developer/Xcode/DerivedData/NutraSafeBeta-awyabywlaekrybetqgpbjphfxefs/Build/Intermediates.noindex/GoogleUtilities.build/Debug-iphonesimulator/third-party-IsAppEncrypted.build/Objects-normal/arm64/third-party-IsAppEncrypted_dependency_info.dat -fobjc-arc -fobjc-link-runtime -o /Users/aaronkeen/Library/Developer/Xcode/DerivedData/NutraSafeBeta-awyabywlaekrybetqgpbjphfxefs/Build/Products/Debug-iphonesimulator/third-party-IsAppEncrypted.o

PrecompileModule /Users/aaronkeen/Library/Developer/Xcode/DerivedData/NutraSafeBeta-awyabywlaekrybetqgpbjphfxefs/Build/Intermediates.noindex/ExplicitPrecompiledModules/CoreFoundation-F1CTSUW57PAFUY3VZBO3O28AX.scan
    cd /Users/aaronkeen/Documents/My\ Apps/NutraSafe\ Beta/NutraSafeBeta.xcodeproj
    builtin-precompileModule /Users/aaronkeen/Library/Developer/Xcode/DerivedData/NutraSafeBeta-awyabywlaekrybetqgpbjphfxefs/Build/Intermediates.noindex/ExplicitPrecompiledModules/CoreFoundation-F1CTSUW57PAFUY3VZBO3O28AX.scan

PrecompileModule /Users/aaronkeen/Library/Developer/Xcode/DerivedData/NutraSafeBeta-awyabywlaekrybetqgpbjphfxefs/Build/Intermediates.noindex/ExplicitPrecompiledModules/os_workgroup-CKL3TAGBL9E1NEGQHQ8H9N5W4.scan
    cd /Users/aaronkeen/Documents/My\ Apps/NutraSafe\ Beta/NutraSafeBeta.xcodeproj
    builtin-precompileModule /Users/aaronkeen/Library/Developer/Xcode/DerivedData/NutraSafeBeta-awyabywlaekrybetqgpbjphfxefs/Build/Intermediates.noindex/ExplicitPrecompiledModules/os_workgroup-CKL3TAGBL9E1NEGQHQ8H9N5W4.scan

PrecompileModule /Users/aaronkeen/Library/Developer/Xcode/DerivedData/NutraSafeBeta-awyabywlaekrybetqgpbjphfxefs/Build/Intermediates.noindex/ExplicitPrecompiledModules/XPC-3H5G35BW9HGATVXXBO88YZBBA.scan
    cd /Users/aaronkeen/Documents/My\ Apps/NutraSafe\ Beta/NutraSafeBeta.xcodeproj
    builtin-precompileModule /Users/aaronkeen/Library/Developer/Xcode/DerivedData/NutraSafeBeta-awyabywlaekrybetqgpbjphfxefs/Build/Intermediates.noindex/ExplicitPrecompiledModules/XPC-3H5G35BW9HGATVXXBO88YZBBA.scan

PrecompileModule /Users/aaronkeen/Library/Developer/Xcode/DerivedData/NutraSafeBeta-awyabywlaekrybetqgpbjphfxefs/Build/Intermediates.noindex/ExplicitPrecompiledModules/CoreFoundation-391PRDWEKM0MQK32WTP7EFYPC.scan
    cd /Users/aaronkeen/Documents/My\ Apps/NutraSafe\ Beta/NutraSafeBeta.xcodeproj
    builtin-precompileModule /Users/aaronkeen/Library/Developer/Xcode/DerivedData/NutraSafeBeta-awyabywlaekrybetqgpbjphfxefs/Build/Intermediates.noindex/ExplicitPrecompiledModules/CoreFoundation-391PRDWEKM0MQK32WTP7EFYPC.scan

PrecompileModule /Users/aaronkeen/Library/Developer/Xcode/DerivedData/NutraSafeBeta-awyabywlaekrybetqgpbjphfxefs/Build/Intermediates.noindex/ExplicitPrecompiledModules/XPC-8N3V3HM400HS0O0KNEGBCV2DE.scan
    cd /Users/aaronkeen/Documents/My\ Apps/NutraSafe\ Beta/NutraSafeBeta.xcodeproj
    builtin-precompileModule /Users/aaronkeen/Library/Developer/Xcode/DerivedData/NutraSafeBeta-awyabywlaekrybetqgpbjphfxefs/Build/Intermediates.noindex/ExplicitPrecompiledModules/XPC-8N3V3HM400HS0O0KNEGBCV2DE.scan

SwiftDriverJobDiscovery normal arm64 Compiling Storage.swift (in target 'FirebaseCoreInternal' from project 'Firebase')

SwiftCompile normal arm64 Compiling\ resource_bundle_accessor.swift /Users/aaronkeen/Library/Developer/Xcode/DerivedData/NutraSafeBeta-awyabywlaekrybetqgpbjphfxefs/Build/Intermediates.noindex/Firebase.build/Debug-iphonesimulator/FirebaseCoreInternal.build/DerivedSources/resource_bundle_accessor.swift (in target 'FirebaseCoreInternal' from project 'Firebase')

SwiftCompile normal arm64 /Users/aaronkeen/Library/Developer/Xcode/DerivedData/NutraSafeBeta-awyabywlaekrybetqgpbjphfxefs/Build/Intermediates.noindex/Firebase.build/Debug-iphonesimulator/FirebaseCoreInternal.build/DerivedSources/resource_bundle_accessor.swift (in target 'FirebaseCoreInternal' from project 'Firebase')
    cd /Users/aaronkeen/Documents/My\ Apps/NutraSafe\ Beta/NutraSafeBeta.xcodeproj
    

WriteAuxiliaryFile /Users/aaronkeen/Library/Developer/Xcode/DerivedData/NutraSafeBeta-awyabywlaekrybetqgpbjphfxefs/Build/Intermediates.noindex/gRPC.build/Debug-iphonesimulator/opensslWrapper.build/opensslWrapper.modulemap (in target 'opensslWrapper' from project 'gRPC')
    cd /Users/aaronkeen/Library/Developer/Xcode/DerivedData/NutraSafeBeta-awyabywlaekrybetqgpbjphfxefs/SourcePackages/checkouts/grpc-binary
    write-file /Users/aaronkeen/Library/Developer/Xcode/DerivedData/NutraSafeBeta-awyabywlaekrybetqgpbjphfxefs/Build/Intermediates.noindex/gRPC.build/Debug-iphonesimulator/opensslWrapper.build/opensslWrapper.modulemap

WriteAuxiliaryFile /Users/aaronkeen/Library/Developer/Xcode/DerivedData/NutraSafeBeta-awyabywlaekrybetqgpbjphfxefs/Build/Intermediates.noindex/gRPC.build/Debug-iphonesimulator/opensslWrapper.build/opensslWrapper.DependencyStaticMetadataFileList (in target 'opensslWrapper' from project 'gRPC')
    cd /Users/aaronkeen/Library/Developer/Xcode/DerivedData/NutraSafeBeta-awyabywlaekrybetqgpbjphfxefs/SourcePackages/checkouts/grpc-binary
    write-file /Users/aaronkeen/Library/Developer/Xcode/DerivedData/NutraSafeBeta-awyabywlaekrybetqgpbjphfxefs/Build/Intermediates.noindex/gRPC.build/Debug-iphonesimulator/opensslWrapper.build/opensslWrapper.DependencyStaticMetadataFileList

WriteAuxiliaryFile /Users/aaronkeen/Library/Developer/Xcode/DerivedData/NutraSafeBeta-awyabywlaekrybetqgpbjphfxefs/Build/Intermediates.noindex/gRPC.build/Debug-iphonesimulator/opensslWrapper.build/opensslWrapper.DependencyMetadataFileList (in target 'opensslWrapper' from project 'gRPC')
    cd /Users/aaronkeen/Library/Developer/Xcode/DerivedData/NutraSafeBeta-awyabywlaekrybetqgpbjphfxefs/SourcePackages/checkouts/grpc-binary
    write-file /Users/aaronkeen/Library/Developer/Xcode/DerivedData/NutraSafeBeta-awyabywlaekrybetqgpbjphfxefs/Build/Intermediates.noindex/gRPC.build/Debug-iphonesimulator/opensslWrapper.build/opensslWrapper.DependencyMetadataFileList

WriteAuxiliaryFile /Users/aaronkeen/Library/Developer/Xcode/DerivedData/NutraSafeBeta-awyabywlaekrybetqgpbjphfxefs/Build/Intermediates.noindex/gRPC.build/Debug-iphonesimulator/opensslWrapper.build/Objects-normal/arm64/opensslWrapper.LinkFileList (in target 'opensslWrapper' from project 'gRPC')
    cd /Users/aaronkeen/Library/Developer/Xcode/DerivedData/NutraSafeBeta-awyabywlaekrybetqgpbjphfxefs/SourcePackages/checkouts/grpc-binary
    write-file /Users/aaronkeen/Library/Developer/Xcode/DerivedData/NutraSafeBeta-awyabywlaekrybetqgpbjphfxefs/Build/Intermediates.noindex/gRPC.build/Debug-iphonesimulator/opensslWrapper.build/Objects-normal/arm64/opensslWrapper.LinkFileList

WriteAuxiliaryFile /Users/aaronkeen/Library/Developer/Xcode/DerivedData/NutraSafeBeta-awyabywlaekrybetqgpbjphfxefs/Build/Intermediates.noindex/gRPC.build/Debug-iphonesimulator/opensslWrapper.build/Objects-normal/arm64/e6072d4f65d7061329687fe24e3d63a7-common-args.resp (in target 'opensslWrapper' from project 'gRPC')
    cd /Users/aaronkeen/Library/Developer/Xcode/DerivedData/NutraSafeBeta-awyabywlaekrybetqgpbjphfxefs/SourcePackages/checkouts/grpc-binary
    write-file /Users/aaronkeen/Library/Developer/Xcode/DerivedData/NutraSafeBeta-awyabywlaekrybetqgpbjphfxefs/Build/Intermediates.noindex/gRPC.build/Debug-iphonesimulator/opensslWrapper.build/Objects-normal/arm64/e6072d4f65d7061329687fe24e3d63a7-common-args.resp
-target arm64-apple-ios12.0-simulator -fobjc-arc -fmodules -gmodules '-fmodules-cache-path=/Users/aaronkeen/Library/Developer/Xcode/DerivedData/ModuleCache.noindex' '-fmodule-name=opensslWrapper' -fpascal-strings -O0 -DSWIFT_PACKAGE '-DDEBUG=1' '-DOBJC_OLD_DISPATCH_PROTOTYPES=1' -isysroot /Applications/Xcode.app/Contents/Developer/Platforms/iPhoneSimulator.platform/Developer/SDKs/iPhoneSimulator18.5.sdk -g '-fobjc-abi-version=2' -fobjc-legacy-dispatch -I/Users/aaronkeen/Library/Developer/Xcode/DerivedData/NutraSafeBeta-awyabywlaekrybetqgpbjphfxefs/Build/Products/Debug-iphonesimulator/include -I/Users/aaronkeen/Library/Developer/Xcode/DerivedData/NutraSafeBeta-awyabywlaekrybetqgpbjphfxefs/SourcePackages/checkouts/grpc-binary/openssl-grpc-Wrapper/include -I/Users/aaronkeen/Library/Developer/Xcode/DerivedData/NutraSafeBeta-awyabywlaekrybetqgpbjphfxefs/Build/Intermediates.noindex/gRPC.build/Debug-iphonesimulator/opensslWrapper.build/DerivedSources-normal/arm64 -I/Users/aaronkeen/Library/Developer/Xcode/DerivedData/NutraSafeBeta-awyabywlaekrybetqgpbjphfxefs/Build/Intermediates.noindex/gRPC.build/Debug-iphonesimulator/opensslWrapper.build/DerivedSources/arm64 -I/Users/aaronkeen/Library/Developer/Xcode/DerivedData/NutraSafeBeta-awyabywlaekrybetqgpbjphfxefs/Build/Intermediates.noindex/gRPC.build/Debug-iphonesimulator/opensslWrapper.build/DerivedSources -F/Users/aaronkeen/Library/Developer/Xcode/DerivedData/NutraSafeBeta-awyabywlaekrybetqgpbjphfxefs/Build/Products/Debug-iphonesimulator -iframework /Applications/Xcode.app/Contents/Developer/Platforms/iPhoneSimulator.platform/Developer/Library/Frameworks -iframework /Applications/Xcode.app/Contents/Developer/Platforms/iPhoneSimulator.platform/Developer/SDKs/iPhoneSimulator18.5.sdk/Developer/Library/Frameworks -DXcode

WriteAuxiliaryFile /Users/aaronkeen/Library/Developer/Xcode/DerivedData/NutraSafeBeta-awyabywlaekrybetqgpbjphfxefs/Build/Intermediates.noindex/gRPC.build/Debug-iphonesimulator/opensslWrapper.build/DerivedSources/resource_bundle_accessor.m (in target 'opensslWrapper' from project 'gRPC')
    cd /Users/aaronkeen/Library/Developer/Xcode/DerivedData/NutraSafeBeta-awyabywlaekrybetqgpbjphfxefs/SourcePackages/checkouts/grpc-binary
    write-file /Users/aaronkeen/Library/Developer/Xcode/DerivedData/NutraSafeBeta-awyabywlaekrybetqgpbjphfxefs/Build/Intermediates.noindex/gRPC.build/Debug-iphonesimulator/opensslWrapper.build/DerivedSources/resource_bundle_accessor.m

WriteAuxiliaryFile /Users/aaronkeen/Library/Developer/Xcode/DerivedData/NutraSafeBeta-awyabywlaekrybetqgpbjphfxefs/Build/Intermediates.noindex/gRPC.build/Debug-iphonesimulator/opensslWrapper.build/DerivedSources/resource_bundle_accessor.h (in target 'opensslWrapper' from project 'gRPC')
    cd /Users/aaronkeen/Library/Developer/Xcode/DerivedData/NutraSafeBeta-awyabywlaekrybetqgpbjphfxefs/SourcePackages/checkouts/grpc-binary
    write-file /Users/aaronkeen/Library/Developer/Xcode/DerivedData/NutraSafeBeta-awyabywlaekrybetqgpbjphfxefs/Build/Intermediates.noindex/gRPC.build/Debug-iphonesimulator/opensslWrapper.build/DerivedSources/resource_bundle_accessor.h

Copy /Users/aaronkeen/Library/Developer/Xcode/DerivedData/NutraSafeBeta-awyabywlaekrybetqgpbjphfxefs/Build/Intermediates.noindex/GeneratedModuleMaps-iphonesimulator/opensslWrapper.modulemap /Users/aaronkeen/Library/Developer/Xcode/DerivedData/NutraSafeBeta-awyabywlaekrybetqgpbjphfxefs/Build/Intermediates.noindex/gRPC.build/Debug-iphonesimulator/opensslWrapper.build/opensslWrapper.modulemap (in target 'opensslWrapper' from project 'gRPC')
    cd /Users/aaronkeen/Library/Developer/Xcode/DerivedData/NutraSafeBeta-awyabywlaekrybetqgpbjphfxefs/SourcePackages/checkouts/grpc-binary
    builtin-copy -exclude .DS_Store -exclude CVS -exclude .svn -exclude .git -exclude .hg -resolve-src-symlinks /Users/aaronkeen/Library/Developer/Xcode/DerivedData/NutraSafeBeta-awyabywlaekrybetqgpbjphfxefs/Build/Intermediates.noindex/gRPC.build/Debug-iphonesimulator/opensslWrapper.build/opensslWrapper.modulemap /Users/aaronkeen/Library/Developer/Xcode/DerivedData/NutraSafeBeta-awyabywlaekrybetqgpbjphfxefs/Build/Intermediates.noindex/GeneratedModuleMaps-iphonesimulator

PrecompileModule /Users/aaronkeen/Library/Developer/Xcode/DerivedData/NutraSafeBeta-awyabywlaekrybetqgpbjphfxefs/Build/Intermediates.noindex/ExplicitPrecompiledModules/os-3AS74MVXQQMK6LW63NQFT844U.scan
    cd /Users/aaronkeen/Documents/My\ Apps/NutraSafe\ Beta/NutraSafeBeta.xcodeproj
    builtin-precompileModule /Users/aaronkeen/Library/Developer/Xcode/DerivedData/NutraSafeBeta-awyabywlaekrybetqgpbjphfxefs/Build/Intermediates.noindex/ExplicitPrecompiledModules/os-3AS74MVXQQMK6LW63NQFT844U.scan

PrecompileModule /Users/aaronkeen/Library/Developer/Xcode/DerivedData/NutraSafeBeta-awyabywlaekrybetqgpbjphfxefs/Build/Intermediates.noindex/ExplicitPrecompiledModules/Security-5VW7B3L47I1MBPYSKWVQB8UL5.scan
    cd /Users/aaronkeen/Documents/My\ Apps/NutraSafe\ Beta/NutraSafeBeta.xcodeproj
    builtin-precompileModule /Users/aaronkeen/Library/Developer/Xcode/DerivedData/NutraSafeBeta-awyabywlaekrybetqgpbjphfxefs/Build/Intermediates.noindex/ExplicitPrecompiledModules/Security-5VW7B3L47I1MBPYSKWVQB8UL5.scan

PrecompileModule /Users/aaronkeen/Library/Developer/Xcode/DerivedData/NutraSafeBeta-awyabywlaekrybetqgpbjphfxefs/Build/Intermediates.noindex/ExplicitPrecompiledModules/CFNetwork-8JJITDDNP7W18KVBTI1BR09BS.scan
    cd /Users/aaronkeen/Documents/My\ Apps/NutraSafe\ Beta/NutraSafeBeta.xcodeproj
    builtin-precompileModule /Users/aaronkeen/Library/Developer/Xcode/DerivedData/NutraSafeBeta-awyabywlaekrybetqgpbjphfxefs/Build/Intermediates.noindex/ExplicitPrecompiledModules/CFNetwork-8JJITDDNP7W18KVBTI1BR09BS.scan

PrecompileModule /Users/aaronkeen/Library/Developer/Xcode/DerivedData/NutraSafeBeta-awyabywlaekrybetqgpbjphfxefs/Build/Intermediates.noindex/ExplicitPrecompiledModules/CFNetwork-7EH02JZCF9M7Y9FZB4MA6Z4G7.scan
    cd /Users/aaronkeen/Documents/My\ Apps/NutraSafe\ Beta/NutraSafeBeta.xcodeproj
    builtin-precompileModule /Users/aaronkeen/Library/Developer/Xcode/DerivedData/NutraSafeBeta-awyabywlaekrybetqgpbjphfxefs/Build/Intermediates.noindex/ExplicitPrecompiledModules/CFNetwork-7EH02JZCF9M7Y9FZB4MA6Z4G7.scan

SwiftDriverJobDiscovery normal arm64 Compiling StorageFactory.swift (in target 'FirebaseCoreInternal' from project 'Firebase')

PrecompileModule /Users/aaronkeen/Library/Developer/Xcode/DerivedData/NutraSafeBeta-awyabywlaekrybetqgpbjphfxefs/Build/Intermediates.noindex/ExplicitPrecompiledModules/Security-35RGJGXP5WZARFNO1HZ3E2CNJ.scan
    cd /Users/aaronkeen/Documents/My\ Apps/NutraSafe\ Beta/NutraSafeBeta.xcodeproj
    builtin-precompileModule /Users/aaronkeen/Library/Developer/Xcode/DerivedData/NutraSafeBeta-awyabywlaekrybetqgpbjphfxefs/Build/Intermediates.noindex/ExplicitPrecompiledModules/Security-35RGJGXP5WZARFNO1HZ3E2CNJ.scan

PrecompileModule /Users/aaronkeen/Library/Developer/Xcode/DerivedData/NutraSafeBeta-awyabywlaekrybetqgpbjphfxefs/Build/Intermediates.noindex/ExplicitPrecompiledModules/Dispatch-F1F1F1MAC1TQXU2L4ORCWCTDH.scan
    cd /Users/aaronkeen/Documents/My\ Apps/NutraSafe\ Beta/NutraSafeBeta.xcodeproj
    builtin-precompileModule /Users/aaronkeen/Library/Developer/Xcode/DerivedData/NutraSafeBeta-awyabywlaekrybetqgpbjphfxefs/Build/Intermediates.noindex/ExplicitPrecompiledModules/Dispatch-F1F1F1MAC1TQXU2L4ORCWCTDH.scan

SwiftDriverJobDiscovery normal arm64 Emitting module for FirebaseCoreInternal (in target 'FirebaseCoreInternal' from project 'Firebase')

SwiftDriver\ Compilation\ Requirements FirebaseCoreInternal normal arm64 com.apple.xcode.tools.swift.compiler (in target 'FirebaseCoreInternal' from project 'Firebase')
    cd /Users/aaronkeen/Documents/My\ Apps/NutraSafe\ Beta/NutraSafeBeta.xcodeproj
    builtin-Swift-Compilation-Requirements -- /Applications/Xcode.app/Contents/Developer/Toolchains/XcodeDefault.xctoolchain/usr/bin/swiftc -module-name FirebaseCoreInternal -Onone -enforce-exclusivity\=checked @/Users/aaronkeen/Library/Developer/Xcode/DerivedData/NutraSafeBeta-awyabywlaekrybetqgpbjphfxefs/Build/Intermediates.noindex/Firebase.build/Debug-iphonesimulator/FirebaseCoreInternal.build/Objects-normal/arm64/FirebaseCoreInternal.SwiftFileList -DSWIFT_PACKAGE -DDEBUG -Xcc -fmodule-map-file\=/Users/aaronkeen/Library/Developer/Xcode/DerivedData/NutraSafeBeta-awyabywlaekrybetqgpbjphfxefs/Build/Intermediates.noindex/GeneratedModuleMaps-iphonesimulator/GoogleUtilities-NSData.modulemap -DXcode -plugin-path /Applications/Xcode.app/Contents/Developer/Toolchains/XcodeDefault.xctoolchain/usr/lib/swift/host/plugins/testing -enable-experimental-feature DebugDescriptionMacro -sdk /Applications/Xcode.app/Contents/Developer/Platforms/iPhoneSimulator.platform/Developer/SDKs/iPhoneSimulator18.5.sdk -target arm64-apple-ios15.0-simulator -g -module-cache-path /Users/aaronkeen/Library/Developer/Xcode/DerivedData/ModuleCache.noindex -Xfrontend -serialize-debugging-options -enable-testing -suppress-warnings -index-store-path /Users/aaronkeen/Library/Developer/Xcode/DerivedData/NutraSafeBeta-awyabywlaekrybetqgpbjphfxefs/Index.noindex/DataStore -swift-version 6 -I /Users/aaronkeen/Library/Developer/Xcode/DerivedData/NutraSafeBeta-awyabywlaekrybetqgpbjphfxefs/Build/Products/Debug-iphonesimulator -I /Applications/Xcode.app/Contents/Developer/Platforms/iPhoneSimulator.platform/Developer/usr/lib -F /Users/aaronkeen/Library/Developer/Xcode/DerivedData/NutraSafeBeta-awyabywlaekrybetqgpbjphfxefs/Build/Products/Debug-iphonesimulator/PackageFrameworks -F /Users/aaronkeen/Library/Developer/Xcode/DerivedData/NutraSafeBeta-awyabywlaekrybetqgpbjphfxefs/Build/Products/Debug-iphonesimulator -F /Applications/Xcode.app/Contents/Developer/Platforms/iPhoneSimulator.platform/Developer/Library/Frameworks -F /Applications/Xcode.app/Contents/Developer/Platforms/iPhoneSimulator.platform/Developer/SDKs/iPhoneSimulator18.5.sdk/Developer/Library/Frameworks -c -j14 -enable-batch-mode -incremental -Xcc -ivfsstatcache -Xcc /Users/aaronkeen/Library/Developer/Xcode/DerivedData/SDKStatCaches.noindex/iphonesimulator18.5-22F76-d5fc8ad4295d2ef488fb7d0f804ce0c4.sdkstatcache -output-file-map /Users/aaronkeen/Library/Developer/Xcode/DerivedData/NutraSafeBeta-awyabywlaekrybetqgpbjphfxefs/Build/Intermediates.noindex/Firebase.build/Debug-iphonesimulator/FirebaseCoreInternal.build/Objects-normal/arm64/FirebaseCoreInternal-OutputFileMap.json -use-frontend-parseable-output -save-temps -no-color-diagnostics -serialize-diagnostics -emit-dependencies -emit-module -emit-module-path /Users/aaronkeen/Library/Developer/Xcode/DerivedData/NutraSafeBeta-awyabywlaekrybetqgpbjphfxefs/Build/Intermediates.noindex/Firebase.build/Debug-iphonesimulator/FirebaseCoreInternal.build/Objects-normal/arm64/FirebaseCoreInternal.swiftmodule -user-module-version 12.2.0 -validate-clang-modules-once -clang-build-session-file /Users/aaronkeen/Library/Developer/Xcode/DerivedData/ModuleCache.noindex/Session.modulevalidation -package-name firebase_ios_sdk -Xcc -I/Users/aaronkeen/Library/Developer/Xcode/DerivedData/NutraSafeBeta-awyabywlaekrybetqgpbjphfxefs/Build/Intermediates.noindex/Firebase.build/Debug-iphonesimulator/FirebaseCoreInternal.build/swift-overrides.hmap -emit-const-values -Xfrontend -const-gather-protocols-file -Xfrontend /Users/aaronkeen/Library/Developer/Xcode/DerivedData/NutraSafeBeta-awyabywlaekrybetqgpbjphfxefs/Build/Intermediates.noindex/Firebase.build/Debug-iphonesimulator/FirebaseCoreInternal.build/Objects-normal/arm64/FirebaseCoreInternal_const_extract_protocols.json -Xcc -I/Users/aaronkeen/Library/Developer/Xcode/DerivedData/NutraSafeBeta-awyabywlaekrybetqgpbjphfxefs/SourcePackages/checkouts/GoogleUtilities/GoogleUtilities/NSData+zlib/Public -Xcc -I/Users/aaronkeen/Library/Developer/Xcode/DerivedData/NutraSafeBeta-awyabywlaekrybetqgpbjphfxefs/Build/Products/Debug-iphonesimulator/include -Xcc -I/Users/aaronkeen/Library/Developer/Xcode/DerivedData/NutraSafeBeta-awyabywlaekrybetqgpbjphfxefs/Build/Intermediates.noindex/Firebase.build/Debug-iphonesimulator/FirebaseCoreInternal.build/DerivedSources-normal/arm64 -Xcc -I/Users/aaronkeen/Library/Developer/Xcode/DerivedData/NutraSafeBeta-awyabywlaekrybetqgpbjphfxefs/Build/Intermediates.noindex/Firebase.build/Debug-iphonesimulator/FirebaseCoreInternal.build/DerivedSources/arm64 -Xcc -I/Users/aaronkeen/Library/Developer/Xcode/DerivedData/NutraSafeBeta-awyabywlaekrybetqgpbjphfxefs/Build/Intermediates.noindex/Firebase.build/Debug-iphonesimulator/FirebaseCoreInternal.build/DerivedSources -Xcc -DSWIFT_PACKAGE -Xcc -DDEBUG\=1 -emit-objc-header -emit-objc-header-path /Users/aaronkeen/Library/Developer/Xcode/DerivedData/NutraSafeBeta-awyabywlaekrybetqgpbjphfxefs/Build/Intermediates.noindex/Firebase.build/Debug-iphonesimulator/FirebaseCoreInternal.build/Objects-normal/arm64/FirebaseCoreInternal-Swift.h -working-directory /Users/aaronkeen/Documents/My\ Apps/NutraSafe\ Beta/NutraSafeBeta.xcodeproj -experimental-emit-module-separately -disable-cmo

PrecompileModule /Users/aaronkeen/Library/Developer/Xcode/DerivedData/NutraSafeBeta-awyabywlaekrybetqgpbjphfxefs/Build/Intermediates.noindex/ExplicitPrecompiledModules/CFNetwork-52GK173JXZTTIZKDZYCY7MBX0.scan
    cd /Users/aaronkeen/Documents/My\ Apps/NutraSafe\ Beta/NutraSafeBeta.xcodeproj
    builtin-precompileModule /Users/aaronkeen/Library/Developer/Xcode/DerivedData/NutraSafeBeta-awyabywlaekrybetqgpbjphfxefs/Build/Intermediates.noindex/ExplicitPrecompiledModules/CFNetwork-52GK173JXZTTIZKDZYCY7MBX0.scan

SwiftMergeGeneratedHeaders /Users/aaronkeen/Library/Developer/Xcode/DerivedData/NutraSafeBeta-awyabywlaekrybetqgpbjphfxefs/Build/Intermediates.noindex/GeneratedModuleMaps-iphonesimulator/FirebaseCoreInternal-Swift.h /Users/aaronkeen/Library/Developer/Xcode/DerivedData/NutraSafeBeta-awyabywlaekrybetqgpbjphfxefs/Build/Intermediates.noindex/Firebase.build/Debug-iphonesimulator/FirebaseCoreInternal.build/Objects-normal/arm64/FirebaseCoreInternal-Swift.h (in target 'FirebaseCoreInternal' from project 'Firebase')
    cd /Users/aaronkeen/Library/Developer/Xcode/DerivedData/NutraSafeBeta-awyabywlaekrybetqgpbjphfxefs/SourcePackages/checkouts/firebase-ios-sdk
    builtin-swiftHeaderTool -arch arm64 /Users/aaronkeen/Library/Developer/Xcode/DerivedData/NutraSafeBeta-awyabywlaekrybetqgpbjphfxefs/Build/Intermediates.noindex/Firebase.build/Debug-iphonesimulator/FirebaseCoreInternal.build/Objects-normal/arm64/FirebaseCoreInternal-Swift.h -o /Users/aaronkeen/Library/Developer/Xcode/DerivedData/NutraSafeBeta-awyabywlaekrybetqgpbjphfxefs/Build/Intermediates.noindex/GeneratedModuleMaps-iphonesimulator/FirebaseCoreInternal-Swift.h

SwiftDriverJobDiscovery normal arm64 Compiling HeartbeatsBundle.swift (in target 'FirebaseCoreInternal' from project 'Firebase')

Copy /Users/aaronkeen/Library/Developer/Xcode/DerivedData/NutraSafeBeta-awyabywlaekrybetqgpbjphfxefs/Build/Products/Debug-iphonesimulator/FirebaseCoreInternal.swiftmodule/arm64-apple-ios-simulator.swiftmodule /Users/aaronkeen/Library/Developer/Xcode/DerivedData/NutraSafeBeta-awyabywlaekrybetqgpbjphfxefs/Build/Intermediates.noindex/Firebase.build/Debug-iphonesimulator/FirebaseCoreInternal.build/Objects-normal/arm64/FirebaseCoreInternal.swiftmodule (in target 'FirebaseCoreInternal' from project 'Firebase')
    cd /Users/aaronkeen/Library/Developer/Xcode/DerivedData/NutraSafeBeta-awyabywlaekrybetqgpbjphfxefs/SourcePackages/checkouts/firebase-ios-sdk
    builtin-copy -exclude .DS_Store -exclude CVS -exclude .svn -exclude .git -exclude .hg -resolve-src-symlinks -rename /Users/aaronkeen/Library/Developer/Xcode/DerivedData/NutraSafeBeta-awyabywlaekrybetqgpbjphfxefs/Build/Intermediates.noindex/Firebase.build/Debug-iphonesimulator/FirebaseCoreInternal.build/Objects-normal/arm64/FirebaseCoreInternal.swiftmodule /Users/aaronkeen/Library/Developer/Xcode/DerivedData/NutraSafeBeta-awyabywlaekrybetqgpbjphfxefs/Build/Products/Debug-iphonesimulator/FirebaseCoreInternal.swiftmodule/arm64-apple-ios-simulator.swiftmodule

Copy /Users/aaronkeen/Library/Developer/Xcode/DerivedData/NutraSafeBeta-awyabywlaekrybetqgpbjphfxefs/Build/Products/Debug-iphonesimulator/FirebaseCoreInternal.swiftmodule/arm64-apple-ios-simulator.swiftdoc /Users/aaronkeen/Library/Developer/Xcode/DerivedData/NutraSafeBeta-awyabywlaekrybetqgpbjphfxefs/Build/Intermediates.noindex/Firebase.build/Debug-iphonesimulator/FirebaseCoreInternal.build/Objects-normal/arm64/FirebaseCoreInternal.swiftdoc (in target 'FirebaseCoreInternal' from project 'Firebase')
    cd /Users/aaronkeen/Library/Developer/Xcode/DerivedData/NutraSafeBeta-awyabywlaekrybetqgpbjphfxefs/SourcePackages/checkouts/firebase-ios-sdk
    builtin-copy -exclude .DS_Store -exclude CVS -exclude .svn -exclude .git -exclude .hg -resolve-src-symlinks -rename /Users/aaronkeen/Library/Developer/Xcode/DerivedData/NutraSafeBeta-awyabywlaekrybetqgpbjphfxefs/Build/Intermediates.noindex/Firebase.build/Debug-iphonesimulator/FirebaseCoreInternal.build/Objects-normal/arm64/FirebaseCoreInternal.swiftdoc /Users/aaronkeen/Library/Developer/Xcode/DerivedData/NutraSafeBeta-awyabywlaekrybetqgpbjphfxefs/Build/Products/Debug-iphonesimulator/FirebaseCoreInternal.swiftmodule/arm64-apple-ios-simulator.swiftdoc

Copy /Users/aaronkeen/Library/Developer/Xcode/DerivedData/NutraSafeBeta-awyabywlaekrybetqgpbjphfxefs/Build/Products/Debug-iphonesimulator/FirebaseCoreInternal.swiftmodule/arm64-apple-ios-simulator.abi.json /Users/aaronkeen/Library/Developer/Xcode/DerivedData/NutraSafeBeta-awyabywlaekrybetqgpbjphfxefs/Build/Intermediates.noindex/Firebase.build/Debug-iphonesimulator/FirebaseCoreInternal.build/Objects-normal/arm64/FirebaseCoreInternal.abi.json (in target 'FirebaseCoreInternal' from project 'Firebase')
    cd /Users/aaronkeen/Library/Developer/Xcode/DerivedData/NutraSafeBeta-awyabywlaekrybetqgpbjphfxefs/SourcePackages/checkouts/firebase-ios-sdk
    builtin-copy -exclude .DS_Store -exclude CVS -exclude .svn -exclude .git -exclude .hg -resolve-src-symlinks -rename /Users/aaronkeen/Library/Developer/Xcode/DerivedData/NutraSafeBeta-awyabywlaekrybetqgpbjphfxefs/Build/Intermediates.noindex/Firebase.build/Debug-iphonesimulator/FirebaseCoreInternal.build/Objects-normal/arm64/FirebaseCoreInternal.abi.json /Users/aaronkeen/Library/Developer/Xcode/DerivedData/NutraSafeBeta-awyabywlaekrybetqgpbjphfxefs/Build/Products/Debug-iphonesimulator/FirebaseCoreInternal.swiftmodule/arm64-apple-ios-simulator.abi.json

Copy /Users/aaronkeen/Library/Developer/Xcode/DerivedData/NutraSafeBeta-awyabywlaekrybetqgpbjphfxefs/Build/Products/Debug-iphonesimulator/FirebaseCoreInternal.swiftmodule/Project/arm64-apple-ios-simulator.swiftsourceinfo /Users/aaronkeen/Library/Developer/Xcode/DerivedData/NutraSafeBeta-awyabywlaekrybetqgpbjphfxefs/Build/Intermediates.noindex/Firebase.build/Debug-iphonesimulator/FirebaseCoreInternal.build/Objects-normal/arm64/FirebaseCoreInternal.swiftsourceinfo (in target 'FirebaseCoreInternal' from project 'Firebase')
    cd /Users/aaronkeen/Library/Developer/Xcode/DerivedData/NutraSafeBeta-awyabywlaekrybetqgpbjphfxefs/SourcePackages/checkouts/firebase-ios-sdk
    builtin-copy -exclude .DS_Store -exclude CVS -exclude .svn -exclude .git -exclude .hg -resolve-src-symlinks -rename /Users/aaronkeen/Library/Developer/Xcode/DerivedData/NutraSafeBeta-awyabywlaekrybetqgpbjphfxefs/Build/Intermediates.noindex/Firebase.build/Debug-iphonesimulator/FirebaseCoreInternal.build/Objects-normal/arm64/FirebaseCoreInternal.swiftsourceinfo /Users/aaronkeen/Library/Developer/Xcode/DerivedData/NutraSafeBeta-awyabywlaekrybetqgpbjphfxefs/Build/Products/Debug-iphonesimulator/FirebaseCoreInternal.swiftmodule/Project/arm64-apple-ios-simulator.swiftsourceinfo

PrecompileModule /Users/aaronkeen/Library/Developer/Xcode/DerivedData/NutraSafeBeta-awyabywlaekrybetqgpbjphfxefs/Build/Intermediates.noindex/ExplicitPrecompiledModules/Security-917PPOC6URJIUD6U44BRMFG1J.scan
    cd /Users/aaronkeen/Documents/My\ Apps/NutraSafe\ Beta/NutraSafeBeta.xcodeproj
    builtin-precompileModule /Users/aaronkeen/Library/Developer/Xcode/DerivedData/NutraSafeBeta-awyabywlaekrybetqgpbjphfxefs/Build/Intermediates.noindex/ExplicitPrecompiledModules/Security-917PPOC6URJIUD6U44BRMFG1J.scan

PrecompileModule /Users/aaronkeen/Library/Developer/Xcode/DerivedData/NutraSafeBeta-awyabywlaekrybetqgpbjphfxefs/Build/Intermediates.noindex/ExplicitPrecompiledModules/CoreGraphics-B294CB5AY3QC9HQEVPFBTNSNP.scan
    cd /Users/aaronkeen/Documents/My\ Apps/NutraSafe\ Beta/NutraSafeBeta.xcodeproj
    builtin-precompileModule /Users/aaronkeen/Library/Developer/Xcode/DerivedData/NutraSafeBeta-awyabywlaekrybetqgpbjphfxefs/Build/Intermediates.noindex/ExplicitPrecompiledModules/CoreGraphics-B294CB5AY3QC9HQEVPFBTNSNP.scan

PrecompileModule /Users/aaronkeen/Library/Developer/Xcode/DerivedData/NutraSafeBeta-awyabywlaekrybetqgpbjphfxefs/Build/Intermediates.noindex/ExplicitPrecompiledModules/SystemConfiguration-5GNDZPP0K2XY849OASNUJSD9J.scan
    cd /Users/aaronkeen/Documents/My\ Apps/NutraSafe\ Beta/NutraSafeBeta.xcodeproj
    builtin-precompileModule /Users/aaronkeen/Library/Developer/Xcode/DerivedData/NutraSafeBeta-awyabywlaekrybetqgpbjphfxefs/Build/Intermediates.noindex/ExplicitPrecompiledModules/SystemConfiguration-5GNDZPP0K2XY849OASNUJSD9J.scan

SwiftCompile normal arm64 Compiling\ HeartbeatController.swift /Users/aaronkeen/Library/Developer/Xcode/DerivedData/NutraSafeBeta-awyabywlaekrybetqgpbjphfxefs/SourcePackages/checkouts/firebase-ios-sdk/FirebaseCore/Internal/Sources/HeartbeatLogging/HeartbeatController.swift (in target 'FirebaseCoreInternal' from project 'Firebase')

SwiftCompile normal arm64 /Users/aaronkeen/Library/Developer/Xcode/DerivedData/NutraSafeBeta-awyabywlaekrybetqgpbjphfxefs/SourcePackages/checkouts/firebase-ios-sdk/FirebaseCore/Internal/Sources/HeartbeatLogging/HeartbeatController.swift (in target 'FirebaseCoreInternal' from project 'Firebase')
    cd /Users/aaronkeen/Documents/My\ Apps/NutraSafe\ Beta/NutraSafeBeta.xcodeproj
    

SwiftCompile normal arm64 Compiling\ UnfairLock.swift /Users/aaronkeen/Library/Developer/Xcode/DerivedData/NutraSafeBeta-awyabywlaekrybetqgpbjphfxefs/SourcePackages/checkouts/firebase-ios-sdk/FirebaseCore/Internal/Sources/Utilities/UnfairLock.swift (in target 'FirebaseCoreInternal' from project 'Firebase')

SwiftCompile normal arm64 /Users/aaronkeen/Library/Developer/Xcode/DerivedData/NutraSafeBeta-awyabywlaekrybetqgpbjphfxefs/SourcePackages/checkouts/firebase-ios-sdk/FirebaseCore/Internal/Sources/Utilities/UnfairLock.swift (in target 'FirebaseCoreInternal' from project 'Firebase')
    cd /Users/aaronkeen/Documents/My\ Apps/NutraSafe\ Beta/NutraSafeBeta.xcodeproj
    

PrecompileModule /Users/aaronkeen/Library/Developer/Xcode/DerivedData/NutraSafeBeta-awyabywlaekrybetqgpbjphfxefs/Build/Intermediates.noindex/ExplicitPrecompiledModules/CoreFoundation-CH11F8888C37P1H8EK6YQJ3A1.scan
    cd /Users/aaronkeen/Documents/My\ Apps/NutraSafe\ Beta/NutraSafeBeta.xcodeproj
    builtin-precompileModule /Users/aaronkeen/Library/Developer/Xcode/DerivedData/NutraSafeBeta-awyabywlaekrybetqgpbjphfxefs/Build/Intermediates.noindex/ExplicitPrecompiledModules/CoreFoundation-CH11F8888C37P1H8EK6YQJ3A1.scan

PrecompileModule /Users/aaronkeen/Library/Developer/Xcode/DerivedData/NutraSafeBeta-awyabywlaekrybetqgpbjphfxefs/Build/Intermediates.noindex/ExplicitPrecompiledModules/Foundation-C86K7KD3SVZTGIPMD3LHW658H.scan
    cd /Users/aaronkeen/Documents/My\ Apps/NutraSafe\ Beta/NutraSafeBeta.xcodeproj
    builtin-precompileModule /Users/aaronkeen/Library/Developer/Xcode/DerivedData/NutraSafeBeta-awyabywlaekrybetqgpbjphfxefs/Build/Intermediates.noindex/ExplicitPrecompiledModules/Foundation-C86K7KD3SVZTGIPMD3LHW658H.scan

PrecompileModule /Users/aaronkeen/Library/Developer/Xcode/DerivedData/NutraSafeBeta-awyabywlaekrybetqgpbjphfxefs/Build/Intermediates.noindex/ExplicitPrecompiledModules/XPC-4T84Z8VCR78TQETJ1PLBBEDNC.scan
    cd /Users/aaronkeen/Documents/My\ Apps/NutraSafe\ Beta/NutraSafeBeta.xcodeproj
    builtin-precompileModule /Users/aaronkeen/Library/Developer/Xcode/DerivedData/NutraSafeBeta-awyabywlaekrybetqgpbjphfxefs/Build/Intermediates.noindex/ExplicitPrecompiledModules/XPC-4T84Z8VCR78TQETJ1PLBBEDNC.scan

PrecompileModule /Users/aaronkeen/Library/Developer/Xcode/DerivedData/NutraSafeBeta-awyabywlaekrybetqgpbjphfxefs/Build/Intermediates.noindex/ExplicitPrecompiledModules/Foundation-4NV6II22UUT99MNGL2LRXRIED.scan
    cd /Users/aaronkeen/Documents/My\ Apps/NutraSafe\ Beta/NutraSafeBeta.xcodeproj
    builtin-precompileModule /Users/aaronkeen/Library/Developer/Xcode/DerivedData/NutraSafeBeta-awyabywlaekrybetqgpbjphfxefs/Build/Intermediates.noindex/ExplicitPrecompiledModules/Foundation-4NV6II22UUT99MNGL2LRXRIED.scan

SwiftDriverJobDiscovery normal arm64 Compiling _ObjC_HeartbeatsPayload.swift (in target 'FirebaseCoreInternal' from project 'Firebase')

SwiftCompile normal arm64 Compiling\ Heartbeat.swift /Users/aaronkeen/Library/Developer/Xcode/DerivedData/NutraSafeBeta-awyabywlaekrybetqgpbjphfxefs/SourcePackages/checkouts/firebase-ios-sdk/FirebaseCore/Internal/Sources/HeartbeatLogging/Heartbeat.swift (in target 'FirebaseCoreInternal' from project 'Firebase')

SwiftCompile normal arm64 /Users/aaronkeen/Library/Developer/Xcode/DerivedData/NutraSafeBeta-awyabywlaekrybetqgpbjphfxefs/SourcePackages/checkouts/firebase-ios-sdk/FirebaseCore/Internal/Sources/HeartbeatLogging/Heartbeat.swift (in target 'FirebaseCoreInternal' from project 'Firebase')
    cd /Users/aaronkeen/Documents/My\ Apps/NutraSafe\ Beta/NutraSafeBeta.xcodeproj
    

PrecompileModule /Users/aaronkeen/Library/Developer/Xcode/DerivedData/NutraSafeBeta-awyabywlaekrybetqgpbjphfxefs/Build/Intermediates.noindex/ExplicitPrecompiledModules/Foundation-6ZLOC486VAZ6DIVJ9YER7PSU5.scan
    cd /Users/aaronkeen/Documents/My\ Apps/NutraSafe\ Beta/NutraSafeBeta.xcodeproj
    builtin-precompileModule /Users/aaronkeen/Library/Developer/Xcode/DerivedData/NutraSafeBeta-awyabywlaekrybetqgpbjphfxefs/Build/Intermediates.noindex/ExplicitPrecompiledModules/Foundation-6ZLOC486VAZ6DIVJ9YER7PSU5.scan

SwiftCompile normal arm64 Compiling\ HeartbeatLoggingTestUtils.swift /Users/aaronkeen/Library/Developer/Xcode/DerivedData/NutraSafeBeta-awyabywlaekrybetqgpbjphfxefs/SourcePackages/checkouts/firebase-ios-sdk/FirebaseCore/Internal/Sources/HeartbeatLogging/HeartbeatLoggingTestUtils.swift (in target 'FirebaseCoreInternal' from project 'Firebase')

SwiftCompile normal arm64 /Users/aaronkeen/Library/Developer/Xcode/DerivedData/NutraSafeBeta-awyabywlaekrybetqgpbjphfxefs/SourcePackages/checkouts/firebase-ios-sdk/FirebaseCore/Internal/Sources/HeartbeatLogging/HeartbeatLoggingTestUtils.swift (in target 'FirebaseCoreInternal' from project 'Firebase')
    cd /Users/aaronkeen/Documents/My\ Apps/NutraSafe\ Beta/NutraSafeBeta.xcodeproj
    

SwiftCompile normal arm64 Compiling\ RingBuffer.swift /Users/aaronkeen/Library/Developer/Xcode/DerivedData/NutraSafeBeta-awyabywlaekrybetqgpbjphfxefs/SourcePackages/checkouts/firebase-ios-sdk/FirebaseCore/Internal/Sources/HeartbeatLogging/RingBuffer.swift (in target 'FirebaseCoreInternal' from project 'Firebase')

SwiftCompile normal arm64 /Users/aaronkeen/Library/Developer/Xcode/DerivedData/NutraSafeBeta-awyabywlaekrybetqgpbjphfxefs/SourcePackages/checkouts/firebase-ios-sdk/FirebaseCore/Internal/Sources/HeartbeatLogging/RingBuffer.swift (in target 'FirebaseCoreInternal' from project 'Firebase')
    cd /Users/aaronkeen/Documents/My\ Apps/NutraSafe\ Beta/NutraSafeBeta.xcodeproj
    

SwiftDriverJobDiscovery normal arm64 Compiling HeartbeatStorage.swift (in target 'FirebaseCoreInternal' from project 'Firebase')

SwiftCompile normal arm64 Compiling\ HeartbeatsPayload.swift /Users/aaronkeen/Library/Developer/Xcode/DerivedData/NutraSafeBeta-awyabywlaekrybetqgpbjphfxefs/SourcePackages/checkouts/firebase-ios-sdk/FirebaseCore/Internal/Sources/HeartbeatLogging/HeartbeatsPayload.swift (in target 'FirebaseCoreInternal' from project 'Firebase')

SwiftCompile normal arm64 /Users/aaronkeen/Library/Developer/Xcode/DerivedData/NutraSafeBeta-awyabywlaekrybetqgpbjphfxefs/SourcePackages/checkouts/firebase-ios-sdk/FirebaseCore/Internal/Sources/HeartbeatLogging/HeartbeatsPayload.swift (in target 'FirebaseCoreInternal' from project 'Firebase')
    cd /Users/aaronkeen/Documents/My\ Apps/NutraSafe\ Beta/NutraSafeBeta.xcodeproj
    

PrecompileModule /Users/aaronkeen/Library/Developer/Xcode/DerivedData/NutraSafeBeta-awyabywlaekrybetqgpbjphfxefs/Build/Intermediates.noindex/ExplicitPrecompiledModules/ImageIO-B75735GOQS8ZQ0V0NM3L8KSLT.scan
    cd /Users/aaronkeen/Documents/My\ Apps/NutraSafe\ Beta/NutraSafeBeta.xcodeproj
    builtin-precompileModule /Users/aaronkeen/Library/Developer/Xcode/DerivedData/NutraSafeBeta-awyabywlaekrybetqgpbjphfxefs/Build/Intermediates.noindex/ExplicitPrecompiledModules/ImageIO-B75735GOQS8ZQ0V0NM3L8KSLT.scan

PrecompileModule /Users/aaronkeen/Library/Developer/Xcode/DerivedData/NutraSafeBeta-awyabywlaekrybetqgpbjphfxefs/Build/Intermediates.noindex/ExplicitPrecompiledModules/CoreGraphics-AKSIK9WIKM3E9GULC7K9JB5A5.scan
    cd /Users/aaronkeen/Documents/My\ Apps/NutraSafe\ Beta/NutraSafeBeta.xcodeproj
    builtin-precompileModule /Users/aaronkeen/Library/Developer/Xcode/DerivedData/NutraSafeBeta-awyabywlaekrybetqgpbjphfxefs/Build/Intermediates.noindex/ExplicitPrecompiledModules/CoreGraphics-AKSIK9WIKM3E9GULC7K9JB5A5.scan

SwiftDriverJobDiscovery normal arm64 Compiling resource_bundle_accessor.swift (in target 'FirebaseCoreInternal' from project 'Firebase')

PrecompileModule /Users/aaronkeen/Library/Developer/Xcode/DerivedData/NutraSafeBeta-awyabywlaekrybetqgpbjphfxefs/Build/Intermediates.noindex/ExplicitPrecompiledModules/CFNetwork-8LG8PLMB7OE8Y42IP7SC9XGA3.scan
    cd /Users/aaronkeen/Documents/My\ Apps/NutraSafe\ Beta/NutraSafeBeta.xcodeproj
    builtin-precompileModule /Users/aaronkeen/Library/Developer/Xcode/DerivedData/NutraSafeBeta-awyabywlaekrybetqgpbjphfxefs/Build/Intermediates.noindex/ExplicitPrecompiledModules/CFNetwork-8LG8PLMB7OE8Y42IP7SC9XGA3.scan

SwiftDriverJobDiscovery normal arm64 Compiling UnfairLock.swift (in target 'FirebaseCoreInternal' from project 'Firebase')

PrecompileModule /Users/aaronkeen/Library/Developer/Xcode/DerivedData/NutraSafeBeta-awyabywlaekrybetqgpbjphfxefs/Build/Intermediates.noindex/ExplicitPrecompiledModules/CoreText-CZ47H79WU4RXD3WYU4SWHEY61.scan
    cd /Users/aaronkeen/Documents/My\ Apps/NutraSafe\ Beta/NutraSafeBeta.xcodeproj
    builtin-precompileModule /Users/aaronkeen/Library/Developer/Xcode/DerivedData/NutraSafeBeta-awyabywlaekrybetqgpbjphfxefs/Build/Intermediates.noindex/ExplicitPrecompiledModules/CoreText-CZ47H79WU4RXD3WYU4SWHEY61.scan

PrecompileModule /Users/aaronkeen/Library/Developer/Xcode/DerivedData/NutraSafeBeta-awyabywlaekrybetqgpbjphfxefs/Build/Intermediates.noindex/ExplicitPrecompiledModules/Security-13IUUH2G2ZERHQMEW2V7BNX1E.scan
    cd /Users/aaronkeen/Documents/My\ Apps/NutraSafe\ Beta/NutraSafeBeta.xcodeproj
    builtin-precompileModule /Users/aaronkeen/Library/Developer/Xcode/DerivedData/NutraSafeBeta-awyabywlaekrybetqgpbjphfxefs/Build/Intermediates.noindex/ExplicitPrecompiledModules/Security-13IUUH2G2ZERHQMEW2V7BNX1E.scan

PrecompileModule /Users/aaronkeen/Library/Developer/Xcode/DerivedData/NutraSafeBeta-awyabywlaekrybetqgpbjphfxefs/Build/Intermediates.noindex/ExplicitPrecompiledModules/ImageIO-E4DL5QJM5PGGRP5XKXU17GP4C.scan
    cd /Users/aaronkeen/Documents/My\ Apps/NutraSafe\ Beta/NutraSafeBeta.xcodeproj
    builtin-precompileModule /Users/aaronkeen/Library/Developer/Xcode/DerivedData/NutraSafeBeta-awyabywlaekrybetqgpbjphfxefs/Build/Intermediates.noindex/ExplicitPrecompiledModules/ImageIO-E4DL5QJM5PGGRP5XKXU17GP4C.scan

PrecompileModule /Users/aaronkeen/Library/Developer/Xcode/DerivedData/NutraSafeBeta-awyabywlaekrybetqgpbjphfxefs/Build/Intermediates.noindex/ExplicitPrecompiledModules/CoreText-BDK9A3VBQFCCPKIDXF0ZL0K0N.scan
    cd /Users/aaronkeen/Documents/My\ Apps/NutraSafe\ Beta/NutraSafeBeta.xcodeproj
    builtin-precompileModule /Users/aaronkeen/Library/Developer/Xcode/DerivedData/NutraSafeBeta-awyabywlaekrybetqgpbjphfxefs/Build/Intermediates.noindex/ExplicitPrecompiledModules/CoreText-BDK9A3VBQFCCPKIDXF0ZL0K0N.scan

SwiftDriverJobDiscovery normal arm64 Compiling HeartbeatController.swift (in target 'FirebaseCoreInternal' from project 'Firebase')

SwiftCompile normal arm64 Compiling\ _ObjC_HeartbeatController.swift /Users/aaronkeen/Library/Developer/Xcode/DerivedData/NutraSafeBeta-awyabywlaekrybetqgpbjphfxefs/SourcePackages/checkouts/firebase-ios-sdk/FirebaseCore/Internal/Sources/HeartbeatLogging/_ObjC_HeartbeatController.swift (in target 'FirebaseCoreInternal' from project 'Firebase')

SwiftCompile normal arm64 /Users/aaronkeen/Library/Developer/Xcode/DerivedData/NutraSafeBeta-awyabywlaekrybetqgpbjphfxefs/SourcePackages/checkouts/firebase-ios-sdk/FirebaseCore/Internal/Sources/HeartbeatLogging/_ObjC_HeartbeatController.swift (in target 'FirebaseCoreInternal' from project 'Firebase')
    cd /Users/aaronkeen/Documents/My\ Apps/NutraSafe\ Beta/NutraSafeBeta.xcodeproj
    

SwiftDriverJobDiscovery normal arm64 Compiling Heartbeat.swift (in target 'FirebaseCoreInternal' from project 'Firebase')

CompileC /Users/aaronkeen/Library/Developer/Xcode/DerivedData/NutraSafeBeta-awyabywlaekrybetqgpbjphfxefs/Build/Intermediates.noindex/nanopb.build/Debug-iphonesimulator/nanopb.build/Objects-normal/arm64/resource_bundle_accessor.o /Users/aaronkeen/Library/Developer/Xcode/DerivedData/NutraSafeBeta-awyabywlaekrybetqgpbjphfxefs/Build/Intermediates.noindex/nanopb.build/Debug-iphonesimulator/nanopb.build/DerivedSources/resource_bundle_accessor.m normal arm64 objective-c com.apple.compilers.llvm.clang.1_0.compiler (in target 'nanopb' from project 'nanopb')
    cd /Users/aaronkeen/Documents/My\ Apps/NutraSafe\ Beta/NutraSafeBeta.xcodeproj
    
    Using response file: /Users/aaronkeen/Library/Developer/Xcode/DerivedData/NutraSafeBeta-awyabywlaekrybetqgpbjphfxefs/Build/Intermediates.noindex/nanopb.build/Debug-iphonesimulator/nanopb.build/Objects-normal/arm64/e6072d4f65d7061329687fe24e3d63a7-common-args.resp
    
    /Applications/Xcode.app/Contents/Developer/Toolchains/XcodeDefault.xctoolchain/usr/bin/clang -x objective-c -ivfsstatcache /Users/aaronkeen/Library/Developer/Xcode/DerivedData/SDKStatCaches.noindex/iphonesimulator18.5-22F76-d5fc8ad4295d2ef488fb7d0f804ce0c4.sdkstatcache -fmessage-length\=0 -fdiagnostics-show-note-include-stack -fmacro-backtrace-limit\=0 -fno-color-diagnostics -fmodules-prune-interval\=86400 -fmodules-prune-after\=345600 -fbuild-session-file\=/Users/aaronkeen/Library/Developer/Xcode/DerivedData/ModuleCache.noindex/Session.modulevalidation -fmodules-validate-once-per-build-session -Wnon-modular-include-in-framework-module -Werror\=non-modular-include-in-framework-module -Wno-trigraphs -Wno-missing-field-initializers -Wno-missing-prototypes -Wno-return-type -Wno-implicit-atomic-properties -Wno-objc-interface-ivars -Wno-arc-repeated-use-of-weak -Wno-missing-braces -Wparentheses -Wswitch -Wno-unused-function -Wno-unused-label -Wno-unused-parameter -Wno-unused-variable -Wunused-value -Wno-empty-body -Wno-uninitialized -Wno-unknown-pragmas -w -Wno-shadow -Wno-four-char-constants -Wno-conversion -Wno-constant-conversion -Wno-int-conversion -Wno-bool-conversion -Wno-enum-conversion -Wno-float-conversion -Wno-non-literal-null-conversion -Wno-objc-literal-conversion -Wshorten-64-to-32 -Wpointer-sign -Wno-newline-eof -Wno-selector -Wno-strict-selector-match -Wno-undeclared-selector -Wno-deprecated-implementations -Wno-implicit-fallthrough -fstrict-aliasing -Wprotocol -Wdeprecated-declarations -Wno-sign-conversion -Wno-infinite-recursion -Wno-comma -Wno-block-capture-autoreleasing -Wno-strict-prototypes -Wno-semicolon-before-method-body -index-store-path /Users/aaronkeen/Library/Developer/Xcode/DerivedData/NutraSafeBeta-awyabywlaekrybetqgpbjphfxefs/Index.noindex/DataStore @/Users/aaronkeen/Library/Developer/Xcode/DerivedData/NutraSafeBeta-awyabywlaekrybetqgpbjphfxefs/Build/Intermediates.noindex/nanopb.build/Debug-iphonesimulator/nanopb.build/Objects-normal/arm64/e6072d4f65d7061329687fe24e3d63a7-common-args.resp -include /Users/aaronkeen/Library/Developer/Xcode/DerivedData/NutraSafeBeta-awyabywlaekrybetqgpbjphfxefs/Build/Intermediates.noindex/nanopb.build/Debug-iphonesimulator/nanopb.build/DerivedSources/resource_bundle_accessor.h -MMD -MT dependencies -MF /Users/aaronkeen/Library/Developer/Xcode/DerivedData/NutraSafeBeta-awyabywlaekrybetqgpbjphfxefs/Build/Intermediates.noindex/nanopb.build/Debug-iphonesimulator/nanopb.build/Objects-normal/arm64/resource_bundle_accessor.d --serialize-diagnostics /Users/aaronkeen/Library/Developer/Xcode/DerivedData/NutraSafeBeta-awyabywlaekrybetqgpbjphfxefs/Build/Intermediates.noindex/nanopb.build/Debug-iphonesimulator/nanopb.build/Objects-normal/arm64/resource_bundle_accessor.dia -c /Users/aaronkeen/Library/Developer/Xcode/DerivedData/NutraSafeBeta-awyabywlaekrybetqgpbjphfxefs/Build/Intermediates.noindex/nanopb.build/Debug-iphonesimulator/nanopb.build/DerivedSources/resource_bundle_accessor.m -o /Users/aaronkeen/Library/Developer/Xcode/DerivedData/NutraSafeBeta-awyabywlaekrybetqgpbjphfxefs/Build/Intermediates.noindex/nanopb.build/Debug-iphonesimulator/nanopb.build/Objects-normal/arm64/resource_bundle_accessor.o -index-unit-output-path /nanopb.build/Debug-iphonesimulator/nanopb.build/Objects-normal/arm64/resource_bundle_accessor.o

PrecompileModule /Users/aaronkeen/Library/Developer/Xcode/DerivedData/NutraSafeBeta-awyabywlaekrybetqgpbjphfxefs/Build/Intermediates.noindex/ExplicitPrecompiledModules/Foundation-606E4MWLDAX01U502ZRPBGV1N.scan
    cd /Users/aaronkeen/Documents/My\ Apps/NutraSafe\ Beta/NutraSafeBeta.xcodeproj
    builtin-precompileModule /Users/aaronkeen/Library/Developer/Xcode/DerivedData/NutraSafeBeta-awyabywlaekrybetqgpbjphfxefs/Build/Intermediates.noindex/ExplicitPrecompiledModules/Foundation-606E4MWLDAX01U502ZRPBGV1N.scan

CodeSign /Users/aaronkeen/Library/Developer/Xcode/DerivedData/NutraSafeBeta-awyabywlaekrybetqgpbjphfxefs/Build/Products/Debug-iphonesimulator/gRPC_opensslWrapper.bundle (in target 'gRPC_opensslWrapper' from project 'gRPC')
    cd /Users/aaronkeen/Library/Developer/Xcode/DerivedData/NutraSafeBeta-awyabywlaekrybetqgpbjphfxefs/SourcePackages/checkouts/grpc-binary
    
    Signing Identity:     "Sign to Run Locally"
    
    /usr/bin/codesign --force --sign - --timestamp\=none --generate-entitlement-der /Users/aaronkeen/Library/Developer/Xcode/DerivedData/NutraSafeBeta-awyabywlaekrybetqgpbjphfxefs/Build/Products/Debug-iphonesimulator/gRPC_opensslWrapper.bundle

CompileC /Users/aaronkeen/Library/Developer/Xcode/DerivedData/NutraSafeBeta-awyabywlaekrybetqgpbjphfxefs/Build/Intermediates.noindex/GoogleUtilities.build/Debug-iphonesimulator/GoogleUtilities-Reachability.build/Objects-normal/arm64/resource_bundle_accessor.o /Users/aaronkeen/Library/Developer/Xcode/DerivedData/NutraSafeBeta-awyabywlaekrybetqgpbjphfxefs/Build/Intermediates.noindex/GoogleUtilities.build/Debug-iphonesimulator/GoogleUtilities-Reachability.build/DerivedSources/resource_bundle_accessor.m normal arm64 objective-c com.apple.compilers.llvm.clang.1_0.compiler (in target 'GoogleUtilities-Reachability' from project 'GoogleUtilities')
    cd /Users/aaronkeen/Documents/My\ Apps/NutraSafe\ Beta/NutraSafeBeta.xcodeproj
    
    Using response file: /Users/aaronkeen/Library/Developer/Xcode/DerivedData/NutraSafeBeta-awyabywlaekrybetqgpbjphfxefs/Build/Intermediates.noindex/GoogleUtilities.build/Debug-iphonesimulator/GoogleUtilities-Reachability.build/Objects-normal/arm64/e6072d4f65d7061329687fe24e3d63a7-common-args.resp
    
    /Applications/Xcode.app/Contents/Developer/Toolchains/XcodeDefault.xctoolchain/usr/bin/clang -x objective-c -ivfsstatcache /Users/aaronkeen/Library/Developer/Xcode/DerivedData/SDKStatCaches.noindex/iphonesimulator18.5-22F76-d5fc8ad4295d2ef488fb7d0f804ce0c4.sdkstatcache -fmessage-length\=0 -fdiagnostics-show-note-include-stack -fmacro-backtrace-limit\=0 -fno-color-diagnostics -fmodules-prune-interval\=86400 -fmodules-prune-after\=345600 -fbuild-session-file\=/Users/aaronkeen/Library/Developer/Xcode/DerivedData/ModuleCache.noindex/Session.modulevalidation -fmodules-validate-once-per-build-session -Wnon-modular-include-in-framework-module -Werror\=non-modular-include-in-framework-module -Wno-trigraphs -Wno-missing-field-initializers -Wno-missing-prototypes -Wno-return-type -Wno-implicit-atomic-properties -Wno-objc-interface-ivars -Wno-arc-repeated-use-of-weak -Wno-missing-braces -Wparentheses -Wswitch -Wno-unused-function -Wno-unused-label -Wno-unused-parameter -Wno-unused-variable -Wunused-value -Wno-empty-body -Wno-uninitialized -Wno-unknown-pragmas -w -Wno-shadow -Wno-four-char-constants -Wno-conversion -Wno-constant-conversion -Wno-int-conversion -Wno-bool-conversion -Wno-enum-conversion -Wno-float-conversion -Wno-non-literal-null-conversion -Wno-objc-literal-conversion -Wshorten-64-to-32 -Wpointer-sign -Wno-newline-eof -Wno-selector -Wno-strict-selector-match -Wno-undeclared-selector -Wno-deprecated-implementations -Wno-implicit-fallthrough -fstrict-aliasing -Wprotocol -Wdeprecated-declarations -Wno-sign-conversion -Wno-infinite-recursion -Wno-comma -Wno-block-capture-autoreleasing -Wno-strict-prototypes -Wno-semicolon-before-method-body -index-store-path /Users/aaronkeen/Library/Developer/Xcode/DerivedData/NutraSafeBeta-awyabywlaekrybetqgpbjphfxefs/Index.noindex/DataStore @/Users/aaronkeen/Library/Developer/Xcode/DerivedData/NutraSafeBeta-awyabywlaekrybetqgpbjphfxefs/Build/Intermediates.noindex/GoogleUtilities.build/Debug-iphonesimulator/GoogleUtilities-Reachability.build/Objects-normal/arm64/e6072d4f65d7061329687fe24e3d63a7-common-args.resp -include /Users/aaronkeen/Library/Developer/Xcode/DerivedData/NutraSafeBeta-awyabywlaekrybetqgpbjphfxefs/Build/Intermediates.noindex/GoogleUtilities.build/Debug-iphonesimulator/GoogleUtilities-Reachability.build/DerivedSources/resource_bundle_accessor.h -MMD -MT dependencies -MF /Users/aaronkeen/Library/Developer/Xcode/DerivedData/NutraSafeBeta-awyabywlaekrybetqgpbjphfxefs/Build/Intermediates.noindex/GoogleUtilities.build/Debug-iphonesimulator/GoogleUtilities-Reachability.build/Objects-normal/arm64/resource_bundle_accessor.d --serialize-diagnostics /Users/aaronkeen/Library/Developer/Xcode/DerivedData/NutraSafeBeta-awyabywlaekrybetqgpbjphfxefs/Build/Intermediates.noindex/GoogleUtilities.build/Debug-iphonesimulator/GoogleUtilities-Reachability.build/Objects-normal/arm64/resource_bundle_accessor.dia -c /Users/aaronkeen/Library/Developer/Xcode/DerivedData/NutraSafeBeta-awyabywlaekrybetqgpbjphfxefs/Build/Intermediates.noindex/GoogleUtilities.build/Debug-iphonesimulator/GoogleUtilities-Reachability.build/DerivedSources/resource_bundle_accessor.m -o /Users/aaronkeen/Library/Developer/Xcode/DerivedData/NutraSafeBeta-awyabywlaekrybetqgpbjphfxefs/Build/Intermediates.noindex/GoogleUtilities.build/Debug-iphonesimulator/GoogleUtilities-Reachability.build/Objects-normal/arm64/resource_bundle_accessor.o -index-unit-output-path /GoogleUtilities.build/Debug-iphonesimulator/GoogleUtilities-Reachability.build/Objects-normal/arm64/resource_bundle_accessor.o

CompileC /Users/aaronkeen/Library/Developer/Xcode/DerivedData/NutraSafeBeta-awyabywlaekrybetqgpbjphfxefs/Build/Intermediates.noindex/GoogleUtilities.build/Debug-iphonesimulator/GoogleUtilities-NSData.build/Objects-normal/arm64/resource_bundle_accessor.o /Users/aaronkeen/Library/Developer/Xcode/DerivedData/NutraSafeBeta-awyabywlaekrybetqgpbjphfxefs/Build/Intermediates.noindex/GoogleUtilities.build/Debug-iphonesimulator/GoogleUtilities-NSData.build/DerivedSources/resource_bundle_accessor.m normal arm64 objective-c com.apple.compilers.llvm.clang.1_0.compiler (in target 'GoogleUtilities-NSData' from project 'GoogleUtilities')
    cd /Users/aaronkeen/Documents/My\ Apps/NutraSafe\ Beta/NutraSafeBeta.xcodeproj
    
    Using response file: /Users/aaronkeen/Library/Developer/Xcode/DerivedData/NutraSafeBeta-awyabywlaekrybetqgpbjphfxefs/Build/Intermediates.noindex/GoogleUtilities.build/Debug-iphonesimulator/GoogleUtilities-NSData.build/Objects-normal/arm64/e6072d4f65d7061329687fe24e3d63a7-common-args.resp
    
    /Applications/Xcode.app/Contents/Developer/Toolchains/XcodeDefault.xctoolchain/usr/bin/clang -x objective-c -ivfsstatcache /Users/aaronkeen/Library/Developer/Xcode/DerivedData/SDKStatCaches.noindex/iphonesimulator18.5-22F76-d5fc8ad4295d2ef488fb7d0f804ce0c4.sdkstatcache -fmessage-length\=0 -fdiagnostics-show-note-include-stack -fmacro-backtrace-limit\=0 -fno-color-diagnostics -fmodules-prune-interval\=86400 -fmodules-prune-after\=345600 -fbuild-session-file\=/Users/aaronkeen/Library/Developer/Xcode/DerivedData/ModuleCache.noindex/Session.modulevalidation -fmodules-validate-once-per-build-session -Wnon-modular-include-in-framework-module -Werror\=non-modular-include-in-framework-module -Wno-trigraphs -Wno-missing-field-initializers -Wno-missing-prototypes -Wno-return-type -Wno-implicit-atomic-properties -Wno-objc-interface-ivars -Wno-arc-repeated-use-of-weak -Wno-missing-braces -Wparentheses -Wswitch -Wno-unused-function -Wno-unused-label -Wno-unused-parameter -Wno-unused-variable -Wunused-value -Wno-empty-body -Wno-uninitialized -Wno-unknown-pragmas -w -Wno-shadow -Wno-four-char-constants -Wno-conversion -Wno-constant-conversion -Wno-int-conversion -Wno-bool-conversion -Wno-enum-conversion -Wno-float-conversion -Wno-non-literal-null-conversion -Wno-objc-literal-conversion -Wshorten-64-to-32 -Wpointer-sign -Wno-newline-eof -Wno-selector -Wno-strict-selector-match -Wno-undeclared-selector -Wno-deprecated-implementations -Wno-implicit-fallthrough -fstrict-aliasing -Wprotocol -Wdeprecated-declarations -Wno-sign-conversion -Wno-infinite-recursion -Wno-comma -Wno-block-capture-autoreleasing -Wno-strict-prototypes -Wno-semicolon-before-method-body -index-store-path /Users/aaronkeen/Library/Developer/Xcode/DerivedData/NutraSafeBeta-awyabywlaekrybetqgpbjphfxefs/Index.noindex/DataStore @/Users/aaronkeen/Library/Developer/Xcode/DerivedData/NutraSafeBeta-awyabywlaekrybetqgpbjphfxefs/Build/Intermediates.noindex/GoogleUtilities.build/Debug-iphonesimulator/GoogleUtilities-NSData.build/Objects-normal/arm64/e6072d4f65d7061329687fe24e3d63a7-common-args.resp -include /Users/aaronkeen/Library/Developer/Xcode/DerivedData/NutraSafeBeta-awyabywlaekrybetqgpbjphfxefs/Build/Intermediates.noindex/GoogleUtilities.build/Debug-iphonesimulator/GoogleUtilities-NSData.build/DerivedSources/resource_bundle_accessor.h -MMD -MT dependencies -MF /Users/aaronkeen/Library/Developer/Xcode/DerivedData/NutraSafeBeta-awyabywlaekrybetqgpbjphfxefs/Build/Intermediates.noindex/GoogleUtilities.build/Debug-iphonesimulator/GoogleUtilities-NSData.build/Objects-normal/arm64/resource_bundle_accessor.d --serialize-diagnostics /Users/aaronkeen/Library/Developer/Xcode/DerivedData/NutraSafeBeta-awyabywlaekrybetqgpbjphfxefs/Build/Intermediates.noindex/GoogleUtilities.build/Debug-iphonesimulator/GoogleUtilities-NSData.build/Objects-normal/arm64/resource_bundle_accessor.dia -c /Users/aaronkeen/Library/Developer/Xcode/DerivedData/NutraSafeBeta-awyabywlaekrybetqgpbjphfxefs/Build/Intermediates.noindex/GoogleUtilities.build/Debug-iphonesimulator/GoogleUtilities-NSData.build/DerivedSources/resource_bundle_accessor.m -o /Users/aaronkeen/Library/Developer/Xcode/DerivedData/NutraSafeBeta-awyabywlaekrybetqgpbjphfxefs/Build/Intermediates.noindex/GoogleUtilities.build/Debug-iphonesimulator/GoogleUtilities-NSData.build/Objects-normal/arm64/resource_bundle_accessor.o -index-unit-output-path /GoogleUtilities.build/Debug-iphonesimulator/GoogleUtilities-NSData.build/Objects-normal/arm64/resource_bundle_accessor.o

CompileC /Users/aaronkeen/Library/Developer/Xcode/DerivedData/NutraSafeBeta-awyabywlaekrybetqgpbjphfxefs/Build/Intermediates.noindex/leveldb.build/Debug-iphonesimulator/leveldb.build/Objects-normal/arm64/resource_bundle_accessor.o /Users/aaronkeen/Library/Developer/Xcode/DerivedData/NutraSafeBeta-awyabywlaekrybetqgpbjphfxefs/Build/Intermediates.noindex/leveldb.build/Debug-iphonesimulator/leveldb.build/DerivedSources/resource_bundle_accessor.m normal arm64 objective-c com.apple.compilers.llvm.clang.1_0.compiler (in target 'leveldb' from project 'leveldb')
    cd /Users/aaronkeen/Documents/My\ Apps/NutraSafe\ Beta/NutraSafeBeta.xcodeproj
    
    Using response file: /Users/aaronkeen/Library/Developer/Xcode/DerivedData/NutraSafeBeta-awyabywlaekrybetqgpbjphfxefs/Build/Intermediates.noindex/leveldb.build/Debug-iphonesimulator/leveldb.build/Objects-normal/arm64/e6072d4f65d7061329687fe24e3d63a7-common-args.resp
    
    /Applications/Xcode.app/Contents/Developer/Toolchains/XcodeDefault.xctoolchain/usr/bin/clang -x objective-c -ivfsstatcache /Users/aaronkeen/Library/Developer/Xcode/DerivedData/SDKStatCaches.noindex/iphonesimulator18.5-22F76-d5fc8ad4295d2ef488fb7d0f804ce0c4.sdkstatcache -fmessage-length\=0 -fdiagnostics-show-note-include-stack -fmacro-backtrace-limit\=0 -fno-color-diagnostics -fmodules-prune-interval\=86400 -fmodules-prune-after\=345600 -fbuild-session-file\=/Users/aaronkeen/Library/Developer/Xcode/DerivedData/ModuleCache.noindex/Session.modulevalidation -fmodules-validate-once-per-build-session -Wnon-modular-include-in-framework-module -Werror\=non-modular-include-in-framework-module -Wno-trigraphs -Wno-missing-field-initializers -Wno-missing-prototypes -Wno-return-type -Wno-implicit-atomic-properties -Wno-objc-interface-ivars -Wno-arc-repeated-use-of-weak -Wno-missing-braces -Wparentheses -Wswitch -Wno-unused-function -Wno-unused-label -Wno-unused-parameter -Wno-unused-variable -Wunused-value -Wno-empty-body -Wno-uninitialized -Wno-unknown-pragmas -w -Wno-shadow -Wno-four-char-constants -Wno-conversion -Wno-constant-conversion -Wno-int-conversion -Wno-bool-conversion -Wno-enum-conversion -Wno-float-conversion -Wno-non-literal-null-conversion -Wno-objc-literal-conversion -Wshorten-64-to-32 -Wpointer-sign -Wno-newline-eof -Wno-selector -Wno-strict-selector-match -Wno-undeclared-selector -Wno-deprecated-implementations -Wno-implicit-fallthrough -fstrict-aliasing -Wprotocol -Wdeprecated-declarations -Wno-sign-conversion -Wno-infinite-recursion -Wno-comma -Wno-block-capture-autoreleasing -Wno-strict-prototypes -Wno-semicolon-before-method-body -index-store-path /Users/aaronkeen/Library/Developer/Xcode/DerivedData/NutraSafeBeta-awyabywlaekrybetqgpbjphfxefs/Index.noindex/DataStore @/Users/aaronkeen/Library/Developer/Xcode/DerivedData/NutraSafeBeta-awyabywlaekrybetqgpbjphfxefs/Build/Intermediates.noindex/leveldb.build/Debug-iphonesimulator/leveldb.build/Objects-normal/arm64/e6072d4f65d7061329687fe24e3d63a7-common-args.resp -include /Users/aaronkeen/Library/Developer/Xcode/DerivedData/NutraSafeBeta-awyabywlaekrybetqgpbjphfxefs/Build/Intermediates.noindex/leveldb.build/Debug-iphonesimulator/leveldb.build/DerivedSources/resource_bundle_accessor.h -MMD -MT dependencies -MF /Users/aaronkeen/Library/Developer/Xcode/DerivedData/NutraSafeBeta-awyabywlaekrybetqgpbjphfxefs/Build/Intermediates.noindex/leveldb.build/Debug-iphonesimulator/leveldb.build/Objects-normal/arm64/resource_bundle_accessor.d --serialize-diagnostics /Users/aaronkeen/Library/Developer/Xcode/DerivedData/NutraSafeBeta-awyabywlaekrybetqgpbjphfxefs/Build/Intermediates.noindex/leveldb.build/Debug-iphonesimulator/leveldb.build/Objects-normal/arm64/resource_bundle_accessor.dia -c /Users/aaronkeen/Library/Developer/Xcode/DerivedData/NutraSafeBeta-awyabywlaekrybetqgpbjphfxefs/Build/Intermediates.noindex/leveldb.build/Debug-iphonesimulator/leveldb.build/DerivedSources/resource_bundle_accessor.m -o /Users/aaronkeen/Library/Developer/Xcode/DerivedData/NutraSafeBeta-awyabywlaekrybetqgpbjphfxefs/Build/Intermediates.noindex/leveldb.build/Debug-iphonesimulator/leveldb.build/Objects-normal/arm64/resource_bundle_accessor.o -index-unit-output-path /leveldb.build/Debug-iphonesimulator/leveldb.build/Objects-normal/arm64/resource_bundle_accessor.o

CompileC /Users/aaronkeen/Library/Developer/Xcode/DerivedData/NutraSafeBeta-awyabywlaekrybetqgpbjphfxefs/Build/Intermediates.noindex/GoogleUtilities.build/Debug-iphonesimulator/GoogleUtilities-NSData.build/Objects-normal/arm64/GULNSData+zlib.o /Users/aaronkeen/Library/Developer/Xcode/DerivedData/NutraSafeBeta-awyabywlaekrybetqgpbjphfxefs/SourcePackages/checkouts/GoogleUtilities/GoogleUtilities/NSData+zlib/GULNSData+zlib.m normal arm64 objective-c com.apple.compilers.llvm.clang.1_0.compiler (in target 'GoogleUtilities-NSData' from project 'GoogleUtilities')
    cd /Users/aaronkeen/Documents/My\ Apps/NutraSafe\ Beta/NutraSafeBeta.xcodeproj
    
    Using response file: /Users/aaronkeen/Library/Developer/Xcode/DerivedData/NutraSafeBeta-awyabywlaekrybetqgpbjphfxefs/Build/Intermediates.noindex/GoogleUtilities.build/Debug-iphonesimulator/GoogleUtilities-NSData.build/Objects-normal/arm64/e6072d4f65d7061329687fe24e3d63a7-common-args.resp
    
    /Applications/Xcode.app/Contents/Developer/Toolchains/XcodeDefault.xctoolchain/usr/bin/clang -x objective-c -ivfsstatcache /Users/aaronkeen/Library/Developer/Xcode/DerivedData/SDKStatCaches.noindex/iphonesimulator18.5-22F76-d5fc8ad4295d2ef488fb7d0f804ce0c4.sdkstatcache -fmessage-length\=0 -fdiagnostics-show-note-include-stack -fmacro-backtrace-limit\=0 -fno-color-diagnostics -fmodules-prune-interval\=86400 -fmodules-prune-after\=345600 -fbuild-session-file\=/Users/aaronkeen/Library/Developer/Xcode/DerivedData/ModuleCache.noindex/Session.modulevalidation -fmodules-validate-once-per-build-session -Wnon-modular-include-in-framework-module -Werror\=non-modular-include-in-framework-module -Wno-trigraphs -Wno-missing-field-initializers -Wno-missing-prototypes -Wno-return-type -Wno-implicit-atomic-properties -Wno-objc-interface-ivars -Wno-arc-repeated-use-of-weak -Wno-missing-braces -Wparentheses -Wswitch -Wno-unused-function -Wno-unused-label -Wno-unused-parameter -Wno-unused-variable -Wunused-value -Wno-empty-body -Wno-uninitialized -Wno-unknown-pragmas -w -Wno-shadow -Wno-four-char-constants -Wno-conversion -Wno-constant-conversion -Wno-int-conversion -Wno-bool-conversion -Wno-enum-conversion -Wno-float-conversion -Wno-non-literal-null-conversion -Wno-objc-literal-conversion -Wshorten-64-to-32 -Wpointer-sign -Wno-newline-eof -Wno-selector -Wno-strict-selector-match -Wno-undeclared-selector -Wno-deprecated-implementations -Wno-implicit-fallthrough -fstrict-aliasing -Wprotocol -Wdeprecated-declarations -Wno-sign-conversion -Wno-infinite-recursion -Wno-comma -Wno-block-capture-autoreleasing -Wno-strict-prototypes -Wno-semicolon-before-method-body -index-store-path /Users/aaronkeen/Library/Developer/Xcode/DerivedData/NutraSafeBeta-awyabywlaekrybetqgpbjphfxefs/Index.noindex/DataStore @/Users/aaronkeen/Library/Developer/Xcode/DerivedData/NutraSafeBeta-awyabywlaekrybetqgpbjphfxefs/Build/Intermediates.noindex/GoogleUtilities.build/Debug-iphonesimulator/GoogleUtilities-NSData.build/Objects-normal/arm64/e6072d4f65d7061329687fe24e3d63a7-common-args.resp -include /Users/aaronkeen/Library/Developer/Xcode/DerivedData/NutraSafeBeta-awyabywlaekrybetqgpbjphfxefs/Build/Intermediates.noindex/GoogleUtilities.build/Debug-iphonesimulator/GoogleUtilities-NSData.build/DerivedSources/resource_bundle_accessor.h -MMD -MT dependencies -MF /Users/aaronkeen/Library/Developer/Xcode/DerivedData/NutraSafeBeta-awyabywlaekrybetqgpbjphfxefs/Build/Intermediates.noindex/GoogleUtilities.build/Debug-iphonesimulator/GoogleUtilities-NSData.build/Objects-normal/arm64/GULNSData+zlib.d --serialize-diagnostics /Users/aaronkeen/Library/Developer/Xcode/DerivedData/NutraSafeBeta-awyabywlaekrybetqgpbjphfxefs/Build/Intermediates.noindex/GoogleUtilities.build/Debug-iphonesimulator/GoogleUtilities-NSData.build/Objects-normal/arm64/GULNSData+zlib.dia -c /Users/aaronkeen/Library/Developer/Xcode/DerivedData/NutraSafeBeta-awyabywlaekrybetqgpbjphfxefs/SourcePackages/checkouts/GoogleUtilities/GoogleUtilities/NSData+zlib/GULNSData+zlib.m -o /Users/aaronkeen/Library/Developer/Xcode/DerivedData/NutraSafeBeta-awyabywlaekrybetqgpbjphfxefs/Build/Intermediates.noindex/GoogleUtilities.build/Debug-iphonesimulator/GoogleUtilities-NSData.build/Objects-normal/arm64/GULNSData+zlib.o -index-unit-output-path /GoogleUtilities.build/Debug-iphonesimulator/GoogleUtilities-NSData.build/Objects-normal/arm64/GULNSData+zlib.o

CompileC /Users/aaronkeen/Library/Developer/Xcode/DerivedData/NutraSafeBeta-awyabywlaekrybetqgpbjphfxefs/Build/Intermediates.noindex/GoogleUtilities.build/Debug-iphonesimulator/GoogleUtilities-Logger.build/Objects-normal/arm64/resource_bundle_accessor.o /Users/aaronkeen/Library/Developer/Xcode/DerivedData/NutraSafeBeta-awyabywlaekrybetqgpbjphfxefs/Build/Intermediates.noindex/GoogleUtilities.build/Debug-iphonesimulator/GoogleUtilities-Logger.build/DerivedSources/resource_bundle_accessor.m normal arm64 objective-c com.apple.compilers.llvm.clang.1_0.compiler (in target 'GoogleUtilities-Logger' from project 'GoogleUtilities')
    cd /Users/aaronkeen/Documents/My\ Apps/NutraSafe\ Beta/NutraSafeBeta.xcodeproj
    
    Using response file: /Users/aaronkeen/Library/Developer/Xcode/DerivedData/NutraSafeBeta-awyabywlaekrybetqgpbjphfxefs/Build/Intermediates.noindex/GoogleUtilities.build/Debug-iphonesimulator/GoogleUtilities-Logger.build/Objects-normal/arm64/e6072d4f65d7061329687fe24e3d63a7-common-args.resp
    
    /Applications/Xcode.app/Contents/Developer/Toolchains/XcodeDefault.xctoolchain/usr/bin/clang -x objective-c -ivfsstatcache /Users/aaronkeen/Library/Developer/Xcode/DerivedData/SDKStatCaches.noindex/iphonesimulator18.5-22F76-d5fc8ad4295d2ef488fb7d0f804ce0c4.sdkstatcache -fmessage-length\=0 -fdiagnostics-show-note-include-stack -fmacro-backtrace-limit\=0 -fno-color-diagnostics -fmodules-prune-interval\=86400 -fmodules-prune-after\=345600 -fbuild-session-file\=/Users/aaronkeen/Library/Developer/Xcode/DerivedData/ModuleCache.noindex/Session.modulevalidation -fmodules-validate-once-per-build-session -Wnon-modular-include-in-framework-module -Werror\=non-modular-include-in-framework-module -Wno-trigraphs -Wno-missing-field-initializers -Wno-missing-prototypes -Wno-return-type -Wno-implicit-atomic-properties -Wno-objc-interface-ivars -Wno-arc-repeated-use-of-weak -Wno-missing-braces -Wparentheses -Wswitch -Wno-unused-function -Wno-unused-label -Wno-unused-parameter -Wno-unused-variable -Wunused-value -Wno-empty-body -Wno-uninitialized -Wno-unknown-pragmas -w -Wno-shadow -Wno-four-char-constants -Wno-conversion -Wno-constant-conversion -Wno-int-conversion -Wno-bool-conversion -Wno-enum-conversion -Wno-float-conversion -Wno-non-literal-null-conversion -Wno-objc-literal-conversion -Wshorten-64-to-32 -Wpointer-sign -Wno-newline-eof -Wno-selector -Wno-strict-selector-match -Wno-undeclared-selector -Wno-deprecated-implementations -Wno-implicit-fallthrough -fstrict-aliasing -Wprotocol -Wdeprecated-declarations -Wno-sign-conversion -Wno-infinite-recursion -Wno-comma -Wno-block-capture-autoreleasing -Wno-strict-prototypes -Wno-semicolon-before-method-body -index-store-path /Users/aaronkeen/Library/Developer/Xcode/DerivedData/NutraSafeBeta-awyabywlaekrybetqgpbjphfxefs/Index.noindex/DataStore @/Users/aaronkeen/Library/Developer/Xcode/DerivedData/NutraSafeBeta-awyabywlaekrybetqgpbjphfxefs/Build/Intermediates.noindex/GoogleUtilities.build/Debug-iphonesimulator/GoogleUtilities-Logger.build/Objects-normal/arm64/e6072d4f65d7061329687fe24e3d63a7-common-args.resp -include /Users/aaronkeen/Library/Developer/Xcode/DerivedData/NutraSafeBeta-awyabywlaekrybetqgpbjphfxefs/Build/Intermediates.noindex/GoogleUtilities.build/Debug-iphonesimulator/GoogleUtilities-Logger.build/DerivedSources/resource_bundle_accessor.h -MMD -MT dependencies -MF /Users/aaronkeen/Library/Developer/Xcode/DerivedData/NutraSafeBeta-awyabywlaekrybetqgpbjphfxefs/Build/Intermediates.noindex/GoogleUtilities.build/Debug-iphonesimulator/GoogleUtilities-Logger.build/Objects-normal/arm64/resource_bundle_accessor.d --serialize-diagnostics /Users/aaronkeen/Library/Developer/Xcode/DerivedData/NutraSafeBeta-awyabywlaekrybetqgpbjphfxefs/Build/Intermediates.noindex/GoogleUtilities.build/Debug-iphonesimulator/GoogleUtilities-Logger.build/Objects-normal/arm64/resource_bundle_accessor.dia -c /Users/aaronkeen/Library/Developer/Xcode/DerivedData/NutraSafeBeta-awyabywlaekrybetqgpbjphfxefs/Build/Intermediates.noindex/GoogleUtilities.build/Debug-iphonesimulator/GoogleUtilities-Logger.build/DerivedSources/resource_bundle_accessor.m -o /Users/aaronkeen/Library/Developer/Xcode/DerivedData/NutraSafeBeta-awyabywlaekrybetqgpbjphfxefs/Build/Intermediates.noindex/GoogleUtilities.build/Debug-iphonesimulator/GoogleUtilities-Logger.build/Objects-normal/arm64/resource_bundle_accessor.o -index-unit-output-path /GoogleUtilities.build/Debug-iphonesimulator/GoogleUtilities-Logger.build/Objects-normal/arm64/resource_bundle_accessor.o

SwiftDriverJobDiscovery normal arm64 Compiling HeartbeatLoggingTestUtils.swift (in target 'FirebaseCoreInternal' from project 'Firebase')

CompileC /Users/aaronkeen/Library/Developer/Xcode/DerivedData/NutraSafeBeta-awyabywlaekrybetqgpbjphfxefs/Build/Intermediates.noindex/GoogleUtilities.build/Debug-iphonesimulator/GoogleUtilities-Environment.build/Objects-normal/arm64/resource_bundle_accessor.o /Users/aaronkeen/Library/Developer/Xcode/DerivedData/NutraSafeBeta-awyabywlaekrybetqgpbjphfxefs/Build/Intermediates.noindex/GoogleUtilities.build/Debug-iphonesimulator/GoogleUtilities-Environment.build/DerivedSources/resource_bundle_accessor.m normal arm64 objective-c com.apple.compilers.llvm.clang.1_0.compiler (in target 'GoogleUtilities-Environment' from project 'GoogleUtilities')
    cd /Users/aaronkeen/Documents/My\ Apps/NutraSafe\ Beta/NutraSafeBeta.xcodeproj
    
    Using response file: /Users/aaronkeen/Library/Developer/Xcode/DerivedData/NutraSafeBeta-awyabywlaekrybetqgpbjphfxefs/Build/Intermediates.noindex/GoogleUtilities.build/Debug-iphonesimulator/GoogleUtilities-Environment.build/Objects-normal/arm64/e6072d4f65d7061329687fe24e3d63a7-common-args.resp
    
    /Applications/Xcode.app/Contents/Developer/Toolchains/XcodeDefault.xctoolchain/usr/bin/clang -x objective-c -ivfsstatcache /Users/aaronkeen/Library/Developer/Xcode/DerivedData/SDKStatCaches.noindex/iphonesimulator18.5-22F76-d5fc8ad4295d2ef488fb7d0f804ce0c4.sdkstatcache -fmessage-length\=0 -fdiagnostics-show-note-include-stack -fmacro-backtrace-limit\=0 -fno-color-diagnostics -fmodules-prune-interval\=86400 -fmodules-prune-after\=345600 -fbuild-session-file\=/Users/aaronkeen/Library/Developer/Xcode/DerivedData/ModuleCache.noindex/Session.modulevalidation -fmodules-validate-once-per-build-session -Wnon-modular-include-in-framework-module -Werror\=non-modular-include-in-framework-module -Wno-trigraphs -Wno-missing-field-initializers -Wno-missing-prototypes -Wno-return-type -Wno-implicit-atomic-properties -Wno-objc-interface-ivars -Wno-arc-repeated-use-of-weak -Wno-missing-braces -Wparentheses -Wswitch -Wno-unused-function -Wno-unused-label -Wno-unused-parameter -Wno-unused-variable -Wunused-value -Wno-empty-body -Wno-uninitialized -Wno-unknown-pragmas -w -Wno-shadow -Wno-four-char-constants -Wno-conversion -Wno-constant-conversion -Wno-int-conversion -Wno-bool-conversion -Wno-enum-conversion -Wno-float-conversion -Wno-non-literal-null-conversion -Wno-objc-literal-conversion -Wshorten-64-to-32 -Wpointer-sign -Wno-newline-eof -Wno-selector -Wno-strict-selector-match -Wno-undeclared-selector -Wno-deprecated-implementations -Wno-implicit-fallthrough -fstrict-aliasing -Wprotocol -Wdeprecated-declarations -Wno-sign-conversion -Wno-infinite-recursion -Wno-comma -Wno-block-capture-autoreleasing -Wno-strict-prototypes -Wno-semicolon-before-method-body -index-store-path /Users/aaronkeen/Library/Developer/Xcode/DerivedData/NutraSafeBeta-awyabywlaekrybetqgpbjphfxefs/Index.noindex/DataStore @/Users/aaronkeen/Library/Developer/Xcode/DerivedData/NutraSafeBeta-awyabywlaekrybetqgpbjphfxefs/Build/Intermediates.noindex/GoogleUtilities.build/Debug-iphonesimulator/GoogleUtilities-Environment.build/Objects-normal/arm64/e6072d4f65d7061329687fe24e3d63a7-common-args.resp -include /Users/aaronkeen/Library/Developer/Xcode/DerivedData/NutraSafeBeta-awyabywlaekrybetqgpbjphfxefs/Build/Intermediates.noindex/GoogleUtilities.build/Debug-iphonesimulator/GoogleUtilities-Environment.build/DerivedSources/resource_bundle_accessor.h -MMD -MT dependencies -MF /Users/aaronkeen/Library/Developer/Xcode/DerivedData/NutraSafeBeta-awyabywlaekrybetqgpbjphfxefs/Build/Intermediates.noindex/GoogleUtilities.build/Debug-iphonesimulator/GoogleUtilities-Environment.build/Objects-normal/arm64/resource_bundle_accessor.d --serialize-diagnostics /Users/aaronkeen/Library/Developer/Xcode/DerivedData/NutraSafeBeta-awyabywlaekrybetqgpbjphfxefs/Build/Intermediates.noindex/GoogleUtilities.build/Debug-iphonesimulator/GoogleUtilities-Environment.build/Objects-normal/arm64/resource_bundle_accessor.dia -c /Users/aaronkeen/Library/Developer/Xcode/DerivedData/NutraSafeBeta-awyabywlaekrybetqgpbjphfxefs/Build/Intermediates.noindex/GoogleUtilities.build/Debug-iphonesimulator/GoogleUtilities-Environment.build/DerivedSources/resource_bundle_accessor.m -o /Users/aaronkeen/Library/Developer/Xcode/DerivedData/NutraSafeBeta-awyabywlaekrybetqgpbjphfxefs/Build/Intermediates.noindex/GoogleUtilities.build/Debug-iphonesimulator/GoogleUtilities-Environment.build/Objects-normal/arm64/resource_bundle_accessor.o -index-unit-output-path /GoogleUtilities.build/Debug-iphonesimulator/GoogleUtilities-Environment.build/Objects-normal/arm64/resource_bundle_accessor.o

CompileC /Users/aaronkeen/Library/Developer/Xcode/DerivedData/NutraSafeBeta-awyabywlaekrybetqgpbjphfxefs/Build/Intermediates.noindex/GoogleUtilities.build/Debug-iphonesimulator/GoogleUtilities-Environment.build/Objects-normal/arm64/GULKeychainUtils.o /Users/aaronkeen/Library/Developer/Xcode/DerivedData/NutraSafeBeta-awyabywlaekrybetqgpbjphfxefs/SourcePackages/checkouts/GoogleUtilities/GoogleUtilities/Environment/SecureStorage/GULKeychainUtils.m normal arm64 objective-c com.apple.compilers.llvm.clang.1_0.compiler (in target 'GoogleUtilities-Environment' from project 'GoogleUtilities')
    cd /Users/aaronkeen/Documents/My\ Apps/NutraSafe\ Beta/NutraSafeBeta.xcodeproj
    
    Using response file: /Users/aaronkeen/Library/Developer/Xcode/DerivedData/NutraSafeBeta-awyabywlaekrybetqgpbjphfxefs/Build/Intermediates.noindex/GoogleUtilities.build/Debug-iphonesimulator/GoogleUtilities-Environment.build/Objects-normal/arm64/e6072d4f65d7061329687fe24e3d63a7-common-args.resp
    
    /Applications/Xcode.app/Contents/Developer/Toolchains/XcodeDefault.xctoolchain/usr/bin/clang -x objective-c -ivfsstatcache /Users/aaronkeen/Library/Developer/Xcode/DerivedData/SDKStatCaches.noindex/iphonesimulator18.5-22F76-d5fc8ad4295d2ef488fb7d0f804ce0c4.sdkstatcache -fmessage-length\=0 -fdiagnostics-show-note-include-stack -fmacro-backtrace-limit\=0 -fno-color-diagnostics -fmodules-prune-interval\=86400 -fmodules-prune-after\=345600 -fbuild-session-file\=/Users/aaronkeen/Library/Developer/Xcode/DerivedData/ModuleCache.noindex/Session.modulevalidation -fmodules-validate-once-per-build-session -Wnon-modular-include-in-framework-module -Werror\=non-modular-include-in-framework-module -Wno-trigraphs -Wno-missing-field-initializers -Wno-missing-prototypes -Wno-return-type -Wno-implicit-atomic-properties -Wno-objc-interface-ivars -Wno-arc-repeated-use-of-weak -Wno-missing-braces -Wparentheses -Wswitch -Wno-unused-function -Wno-unused-label -Wno-unused-parameter -Wno-unused-variable -Wunused-value -Wno-empty-body -Wno-uninitialized -Wno-unknown-pragmas -w -Wno-shadow -Wno-four-char-constants -Wno-conversion -Wno-constant-conversion -Wno-int-conversion -Wno-bool-conversion -Wno-enum-conversion -Wno-float-conversion -Wno-non-literal-null-conversion -Wno-objc-literal-conversion -Wshorten-64-to-32 -Wpointer-sign -Wno-newline-eof -Wno-selector -Wno-strict-selector-match -Wno-undeclared-selector -Wno-deprecated-implementations -Wno-implicit-fallthrough -fstrict-aliasing -Wprotocol -Wdeprecated-declarations -Wno-sign-conversion -Wno-infinite-recursion -Wno-comma -Wno-block-capture-autoreleasing -Wno-strict-prototypes -Wno-semicolon-before-method-body -index-store-path /Users/aaronkeen/Library/Developer/Xcode/DerivedData/NutraSafeBeta-awyabywlaekrybetqgpbjphfxefs/Index.noindex/DataStore @/Users/aaronkeen/Library/Developer/Xcode/DerivedData/NutraSafeBeta-awyabywlaekrybetqgpbjphfxefs/Build/Intermediates.noindex/GoogleUtilities.build/Debug-iphonesimulator/GoogleUtilities-Environment.build/Objects-normal/arm64/e6072d4f65d7061329687fe24e3d63a7-common-args.resp -include /Users/aaronkeen/Library/Developer/Xcode/DerivedData/NutraSafeBeta-awyabywlaekrybetqgpbjphfxefs/Build/Intermediates.noindex/GoogleUtilities.build/Debug-iphonesimulator/GoogleUtilities-Environment.build/DerivedSources/resource_bundle_accessor.h -MMD -MT dependencies -MF /Users/aaronkeen/Library/Developer/Xcode/DerivedData/NutraSafeBeta-awyabywlaekrybetqgpbjphfxefs/Build/Intermediates.noindex/GoogleUtilities.build/Debug-iphonesimulator/GoogleUtilities-Environment.build/Objects-normal/arm64/GULKeychainUtils.d --serialize-diagnostics /Users/aaronkeen/Library/Developer/Xcode/DerivedData/NutraSafeBeta-awyabywlaekrybetqgpbjphfxefs/Build/Intermediates.noindex/GoogleUtilities.build/Debug-iphonesimulator/GoogleUtilities-Environment.build/Objects-normal/arm64/GULKeychainUtils.dia -c /Users/aaronkeen/Library/Developer/Xcode/DerivedData/NutraSafeBeta-awyabywlaekrybetqgpbjphfxefs/SourcePackages/checkouts/GoogleUtilities/GoogleUtilities/Environment/SecureStorage/GULKeychainUtils.m -o /Users/aaronkeen/Library/Developer/Xcode/DerivedData/NutraSafeBeta-awyabywlaekrybetqgpbjphfxefs/Build/Intermediates.noindex/GoogleUtilities.build/Debug-iphonesimulator/GoogleUtilities-Environment.build/Objects-normal/arm64/GULKeychainUtils.o -index-unit-output-path /GoogleUtilities.build/Debug-iphonesimulator/GoogleUtilities-Environment.build/Objects-normal/arm64/GULKeychainUtils.o

CompileC /Users/aaronkeen/Library/Developer/Xcode/DerivedData/NutraSafeBeta-awyabywlaekrybetqgpbjphfxefs/Build/Intermediates.noindex/GoogleUtilities.build/Debug-iphonesimulator/GoogleUtilities-Environment.build/Objects-normal/arm64/GULKeychainStorage.o /Users/aaronkeen/Library/Developer/Xcode/DerivedData/NutraSafeBeta-awyabywlaekrybetqgpbjphfxefs/SourcePackages/checkouts/GoogleUtilities/GoogleUtilities/Environment/SecureStorage/GULKeychainStorage.m normal arm64 objective-c com.apple.compilers.llvm.clang.1_0.compiler (in target 'GoogleUtilities-Environment' from project 'GoogleUtilities')
    cd /Users/aaronkeen/Documents/My\ Apps/NutraSafe\ Beta/NutraSafeBeta.xcodeproj
    
    Using response file: /Users/aaronkeen/Library/Developer/Xcode/DerivedData/NutraSafeBeta-awyabywlaekrybetqgpbjphfxefs/Build/Intermediates.noindex/GoogleUtilities.build/Debug-iphonesimulator/GoogleUtilities-Environment.build/Objects-normal/arm64/e6072d4f65d7061329687fe24e3d63a7-common-args.resp
    
    /Applications/Xcode.app/Contents/Developer/Toolchains/XcodeDefault.xctoolchain/usr/bin/clang -x objective-c -ivfsstatcache /Users/aaronkeen/Library/Developer/Xcode/DerivedData/SDKStatCaches.noindex/iphonesimulator18.5-22F76-d5fc8ad4295d2ef488fb7d0f804ce0c4.sdkstatcache -fmessage-length\=0 -fdiagnostics-show-note-include-stack -fmacro-backtrace-limit\=0 -fno-color-diagnostics -fmodules-prune-interval\=86400 -fmodules-prune-after\=345600 -fbuild-session-file\=/Users/aaronkeen/Library/Developer/Xcode/DerivedData/ModuleCache.noindex/Session.modulevalidation -fmodules-validate-once-per-build-session -Wnon-modular-include-in-framework-module -Werror\=non-modular-include-in-framework-module -Wno-trigraphs -Wno-missing-field-initializers -Wno-missing-prototypes -Wno-return-type -Wno-implicit-atomic-properties -Wno-objc-interface-ivars -Wno-arc-repeated-use-of-weak -Wno-missing-braces -Wparentheses -Wswitch -Wno-unused-function -Wno-unused-label -Wno-unused-parameter -Wno-unused-variable -Wunused-value -Wno-empty-body -Wno-uninitialized -Wno-unknown-pragmas -w -Wno-shadow -Wno-four-char-constants -Wno-conversion -Wno-constant-conversion -Wno-int-conversion -Wno-bool-conversion -Wno-enum-conversion -Wno-float-conversion -Wno-non-literal-null-conversion -Wno-objc-literal-conversion -Wshorten-64-to-32 -Wpointer-sign -Wno-newline-eof -Wno-selector -Wno-strict-selector-match -Wno-undeclared-selector -Wno-deprecated-implementations -Wno-implicit-fallthrough -fstrict-aliasing -Wprotocol -Wdeprecated-declarations -Wno-sign-conversion -Wno-infinite-recursion -Wno-comma -Wno-block-capture-autoreleasing -Wno-strict-prototypes -Wno-semicolon-before-method-body -index-store-path /Users/aaronkeen/Library/Developer/Xcode/DerivedData/NutraSafeBeta-awyabywlaekrybetqgpbjphfxefs/Index.noindex/DataStore @/Users/aaronkeen/Library/Developer/Xcode/DerivedData/NutraSafeBeta-awyabywlaekrybetqgpbjphfxefs/Build/Intermediates.noindex/GoogleUtilities.build/Debug-iphonesimulator/GoogleUtilities-Environment.build/Objects-normal/arm64/e6072d4f65d7061329687fe24e3d63a7-common-args.resp -include /Users/aaronkeen/Library/Developer/Xcode/DerivedData/NutraSafeBeta-awyabywlaekrybetqgpbjphfxefs/Build/Intermediates.noindex/GoogleUtilities.build/Debug-iphonesimulator/GoogleUtilities-Environment.build/DerivedSources/resource_bundle_accessor.h -MMD -MT dependencies -MF /Users/aaronkeen/Library/Developer/Xcode/DerivedData/NutraSafeBeta-awyabywlaekrybetqgpbjphfxefs/Build/Intermediates.noindex/GoogleUtilities.build/Debug-iphonesimulator/GoogleUtilities-Environment.build/Objects-normal/arm64/GULKeychainStorage.d --serialize-diagnostics /Users/aaronkeen/Library/Developer/Xcode/DerivedData/NutraSafeBeta-awyabywlaekrybetqgpbjphfxefs/Build/Intermediates.noindex/GoogleUtilities.build/Debug-iphonesimulator/GoogleUtilities-Environment.build/Objects-normal/arm64/GULKeychainStorage.dia -c /Users/aaronkeen/Library/Developer/Xcode/DerivedData/NutraSafeBeta-awyabywlaekrybetqgpbjphfxefs/SourcePackages/checkouts/GoogleUtilities/GoogleUtilities/Environment/SecureStorage/GULKeychainStorage.m -o /Users/aaronkeen/Library/Developer/Xcode/DerivedData/NutraSafeBeta-awyabywlaekrybetqgpbjphfxefs/Build/Intermediates.noindex/GoogleUtilities.build/Debug-iphonesimulator/GoogleUtilities-Environment.build/Objects-normal/arm64/GULKeychainStorage.o -index-unit-output-path /GoogleUtilities.build/Debug-iphonesimulator/GoogleUtilities-Environment.build/Objects-normal/arm64/GULKeychainStorage.o

SwiftDriverJobDiscovery normal arm64 Compiling RingBuffer.swift (in target 'FirebaseCoreInternal' from project 'Firebase')

PrecompileModule /Users/aaronkeen/Library/Developer/Xcode/DerivedData/NutraSafeBeta-awyabywlaekrybetqgpbjphfxefs/Build/Intermediates.noindex/ExplicitPrecompiledModules/FileProvider-AWBE54ZLJ4MKZWU3ACR36CK2A.scan
    cd /Users/aaronkeen/Documents/My\ Apps/NutraSafe\ Beta/NutraSafeBeta.xcodeproj
    builtin-precompileModule /Users/aaronkeen/Library/Developer/Xcode/DerivedData/NutraSafeBeta-awyabywlaekrybetqgpbjphfxefs/Build/Intermediates.noindex/ExplicitPrecompiledModules/FileProvider-AWBE54ZLJ4MKZWU3ACR36CK2A.scan

PrecompileModule /Users/aaronkeen/Library/Developer/Xcode/DerivedData/NutraSafeBeta-awyabywlaekrybetqgpbjphfxefs/Build/Intermediates.noindex/ExplicitPrecompiledModules/Symbols-AC222UTM2LDYOMITJFWPRGGEY.scan
    cd /Users/aaronkeen/Documents/My\ Apps/NutraSafe\ Beta/NutraSafeBeta.xcodeproj
    builtin-precompileModule /Users/aaronkeen/Library/Developer/Xcode/DerivedData/NutraSafeBeta-awyabywlaekrybetqgpbjphfxefs/Build/Intermediates.noindex/ExplicitPrecompiledModules/Symbols-AC222UTM2LDYOMITJFWPRGGEY.scan

PrecompileModule /Users/aaronkeen/Library/Developer/Xcode/DerivedData/NutraSafeBeta-awyabywlaekrybetqgpbjphfxefs/Build/Intermediates.noindex/ExplicitPrecompiledModules/IOSurface-4SCO2W78AAHG6YCXAMTA1GLOX.scan
    cd /Users/aaronkeen/Documents/My\ Apps/NutraSafe\ Beta/NutraSafeBeta.xcodeproj
    builtin-precompileModule /Users/aaronkeen/Library/Developer/Xcode/DerivedData/NutraSafeBeta-awyabywlaekrybetqgpbjphfxefs/Build/Intermediates.noindex/ExplicitPrecompiledModules/IOSurface-4SCO2W78AAHG6YCXAMTA1GLOX.scan

PrecompileModule /Users/aaronkeen/Library/Developer/Xcode/DerivedData/NutraSafeBeta-awyabywlaekrybetqgpbjphfxefs/Build/Intermediates.noindex/ExplicitPrecompiledModules/GoogleUtilities_Logger-UC4U8LDTZ24XK0X9ITBXZC9P.scan
    cd /Users/aaronkeen/Documents/My\ Apps/NutraSafe\ Beta/NutraSafeBeta.xcodeproj
    builtin-precompileModule /Users/aaronkeen/Library/Developer/Xcode/DerivedData/NutraSafeBeta-awyabywlaekrybetqgpbjphfxefs/Build/Intermediates.noindex/ExplicitPrecompiledModules/GoogleUtilities_Logger-UC4U8LDTZ24XK0X9ITBXZC9P.scan

PrecompileModule /Users/aaronkeen/Library/Developer/Xcode/DerivedData/NutraSafeBeta-awyabywlaekrybetqgpbjphfxefs/Build/Intermediates.noindex/ExplicitPrecompiledModules/CoreTelephony-2BDPL6ZB8PJABP2BYI9TVZBNG.scan
    cd /Users/aaronkeen/Documents/My\ Apps/NutraSafe\ Beta/NutraSafeBeta.xcodeproj
    builtin-precompileModule /Users/aaronkeen/Library/Developer/Xcode/DerivedData/NutraSafeBeta-awyabywlaekrybetqgpbjphfxefs/Build/Intermediates.noindex/ExplicitPrecompiledModules/CoreTelephony-2BDPL6ZB8PJABP2BYI9TVZBNG.scan

PrecompileModule /Users/aaronkeen/Library/Developer/Xcode/DerivedData/NutraSafeBeta-awyabywlaekrybetqgpbjphfxefs/Build/Intermediates.noindex/ExplicitPrecompiledModules/OpenGLES-8IHPAGY39KHL1LZCH5DV14Y7P.scan
    cd /Users/aaronkeen/Documents/My\ Apps/NutraSafe\ Beta/NutraSafeBeta.xcodeproj
    builtin-precompileModule /Users/aaronkeen/Library/Developer/Xcode/DerivedData/NutraSafeBeta-awyabywlaekrybetqgpbjphfxefs/Build/Intermediates.noindex/ExplicitPrecompiledModules/OpenGLES-8IHPAGY39KHL1LZCH5DV14Y7P.scan

PrecompileModule /Users/aaronkeen/Library/Developer/Xcode/DerivedData/NutraSafeBeta-awyabywlaekrybetqgpbjphfxefs/Build/Intermediates.noindex/ExplicitPrecompiledModules/GoogleUtilities_Environment-2CWCL7JWI7BDSO3GVS2174TNO.scan
    cd /Users/aaronkeen/Documents/My\ Apps/NutraSafe\ Beta/NutraSafeBeta.xcodeproj
    builtin-precompileModule /Users/aaronkeen/Library/Developer/Xcode/DerivedData/NutraSafeBeta-awyabywlaekrybetqgpbjphfxefs/Build/Intermediates.noindex/ExplicitPrecompiledModules/GoogleUtilities_Environment-2CWCL7JWI7BDSO3GVS2174TNO.scan

PrecompileModule /Users/aaronkeen/Library/Developer/Xcode/DerivedData/NutraSafeBeta-awyabywlaekrybetqgpbjphfxefs/Build/Intermediates.noindex/ExplicitPrecompiledModules/UserNotifications-G8HPFPN4CK7Z4I8500K4K7QI.scan
    cd /Users/aaronkeen/Documents/My\ Apps/NutraSafe\ Beta/NutraSafeBeta.xcodeproj
    builtin-precompileModule /Users/aaronkeen/Library/Developer/Xcode/DerivedData/NutraSafeBeta-awyabywlaekrybetqgpbjphfxefs/Build/Intermediates.noindex/ExplicitPrecompiledModules/UserNotifications-G8HPFPN4CK7Z4I8500K4K7QI.scan

CodeSign /Users/aaronkeen/Library/Developer/Xcode/DerivedData/NutraSafeBeta-awyabywlaekrybetqgpbjphfxefs/Build/Products/Debug-iphonesimulator/nanopb_nanopb.bundle (in target 'nanopb_nanopb' from project 'nanopb')
    cd /Users/aaronkeen/Library/Developer/Xcode/DerivedData/NutraSafeBeta-awyabywlaekrybetqgpbjphfxefs/SourcePackages/checkouts/nanopb
    
    Signing Identity:     "Sign to Run Locally"
    
    /usr/bin/codesign --force --sign - --timestamp\=none --generate-entitlement-der /Users/aaronkeen/Library/Developer/Xcode/DerivedData/NutraSafeBeta-awyabywlaekrybetqgpbjphfxefs/Build/Products/Debug-iphonesimulator/nanopb_nanopb.bundle

CodeSign /Users/aaronkeen/Library/Developer/Xcode/DerivedData/NutraSafeBeta-awyabywlaekrybetqgpbjphfxefs/Build/Products/Debug-iphonesimulator/leveldb_leveldb.bundle (in target 'leveldb_leveldb' from project 'leveldb')
    cd /Users/aaronkeen/Library/Developer/Xcode/DerivedData/NutraSafeBeta-awyabywlaekrybetqgpbjphfxefs/SourcePackages/checkouts/leveldb
    
    Signing Identity:     "Sign to Run Locally"
    
    /usr/bin/codesign --force --sign - --timestamp\=none --generate-entitlement-der /Users/aaronkeen/Library/Developer/Xcode/DerivedData/NutraSafeBeta-awyabywlaekrybetqgpbjphfxefs/Build/Products/Debug-iphonesimulator/leveldb_leveldb.bundle

CompileC /Users/aaronkeen/Library/Developer/Xcode/DerivedData/NutraSafeBeta-awyabywlaekrybetqgpbjphfxefs/Build/Intermediates.noindex/GoogleUtilities.build/Debug-iphonesimulator/GoogleUtilities-Reachability.build/Objects-normal/arm64/GULReachabilityChecker.o /Users/aaronkeen/Library/Developer/Xcode/DerivedData/NutraSafeBeta-awyabywlaekrybetqgpbjphfxefs/SourcePackages/checkouts/GoogleUtilities/GoogleUtilities/Reachability/GULReachabilityChecker.m normal arm64 objective-c com.apple.compilers.llvm.clang.1_0.compiler (in target 'GoogleUtilities-Reachability' from project 'GoogleUtilities')
    cd /Users/aaronkeen/Documents/My\ Apps/NutraSafe\ Beta/NutraSafeBeta.xcodeproj
    
    Using response file: /Users/aaronkeen/Library/Developer/Xcode/DerivedData/NutraSafeBeta-awyabywlaekrybetqgpbjphfxefs/Build/Intermediates.noindex/GoogleUtilities.build/Debug-iphonesimulator/GoogleUtilities-Reachability.build/Objects-normal/arm64/e6072d4f65d7061329687fe24e3d63a7-common-args.resp
    
    /Applications/Xcode.app/Contents/Developer/Toolchains/XcodeDefault.xctoolchain/usr/bin/clang -x objective-c -ivfsstatcache /Users/aaronkeen/Library/Developer/Xcode/DerivedData/SDKStatCaches.noindex/iphonesimulator18.5-22F76-d5fc8ad4295d2ef488fb7d0f804ce0c4.sdkstatcache -fmessage-length\=0 -fdiagnostics-show-note-include-stack -fmacro-backtrace-limit\=0 -fno-color-diagnostics -fmodules-prune-interval\=86400 -fmodules-prune-after\=345600 -fbuild-session-file\=/Users/aaronkeen/Library/Developer/Xcode/DerivedData/ModuleCache.noindex/Session.modulevalidation -fmodules-validate-once-per-build-session -Wnon-modular-include-in-framework-module -Werror\=non-modular-include-in-framework-module -Wno-trigraphs -Wno-missing-field-initializers -Wno-missing-prototypes -Wno-return-type -Wno-implicit-atomic-properties -Wno-objc-interface-ivars -Wno-arc-repeated-use-of-weak -Wno-missing-braces -Wparentheses -Wswitch -Wno-unused-function -Wno-unused-label -Wno-unused-parameter -Wno-unused-variable -Wunused-value -Wno-empty-body -Wno-uninitialized -Wno-unknown-pragmas -w -Wno-shadow -Wno-four-char-constants -Wno-conversion -Wno-constant-conversion -Wno-int-conversion -Wno-bool-conversion -Wno-enum-conversion -Wno-float-conversion -Wno-non-literal-null-conversion -Wno-objc-literal-conversion -Wshorten-64-to-32 -Wpointer-sign -Wno-newline-eof -Wno-selector -Wno-strict-selector-match -Wno-undeclared-selector -Wno-deprecated-implementations -Wno-implicit-fallthrough -fstrict-aliasing -Wprotocol -Wdeprecated-declarations -Wno-sign-conversion -Wno-infinite-recursion -Wno-comma -Wno-block-capture-autoreleasing -Wno-strict-prototypes -Wno-semicolon-before-method-body -index-store-path /Users/aaronkeen/Library/Developer/Xcode/DerivedData/NutraSafeBeta-awyabywlaekrybetqgpbjphfxefs/Index.noindex/DataStore @/Users/aaronkeen/Library/Developer/Xcode/DerivedData/NutraSafeBeta-awyabywlaekrybetqgpbjphfxefs/Build/Intermediates.noindex/GoogleUtilities.build/Debug-iphonesimulator/GoogleUtilities-Reachability.build/Objects-normal/arm64/e6072d4f65d7061329687fe24e3d63a7-common-args.resp -include /Users/aaronkeen/Library/Developer/Xcode/DerivedData/NutraSafeBeta-awyabywlaekrybetqgpbjphfxefs/Build/Intermediates.noindex/GoogleUtilities.build/Debug-iphonesimulator/GoogleUtilities-Reachability.build/DerivedSources/resource_bundle_accessor.h -MMD -MT dependencies -MF /Users/aaronkeen/Library/Developer/Xcode/DerivedData/NutraSafeBeta-awyabywlaekrybetqgpbjphfxefs/Build/Intermediates.noindex/GoogleUtilities.build/Debug-iphonesimulator/GoogleUtilities-Reachability.build/Objects-normal/arm64/GULReachabilityChecker.d --serialize-diagnostics /Users/aaronkeen/Library/Developer/Xcode/DerivedData/NutraSafeBeta-awyabywlaekrybetqgpbjphfxefs/Build/Intermediates.noindex/GoogleUtilities.build/Debug-iphonesimulator/GoogleUtilities-Reachability.build/Objects-normal/arm64/GULReachabilityChecker.dia -c /Users/aaronkeen/Library/Developer/Xcode/DerivedData/NutraSafeBeta-awyabywlaekrybetqgpbjphfxefs/SourcePackages/checkouts/GoogleUtilities/GoogleUtilities/Reachability/GULReachabilityChecker.m -o /Users/aaronkeen/Library/Developer/Xcode/DerivedData/NutraSafeBeta-awyabywlaekrybetqgpbjphfxefs/Build/Intermediates.noindex/GoogleUtilities.build/Debug-iphonesimulator/GoogleUtilities-Reachability.build/Objects-normal/arm64/GULReachabilityChecker.o -index-unit-output-path /GoogleUtilities.build/Debug-iphonesimulator/GoogleUtilities-Reachability.build/Objects-normal/arm64/GULReachabilityChecker.o

CodeSign /Users/aaronkeen/Library/Developer/Xcode/DerivedData/NutraSafeBeta-awyabywlaekrybetqgpbjphfxefs/Build/Products/Debug-iphonesimulator/gRPC_grpcppWrapper.bundle (in target 'gRPC_grpcppWrapper' from project 'gRPC')
    cd /Users/aaronkeen/Library/Developer/Xcode/DerivedData/NutraSafeBeta-awyabywlaekrybetqgpbjphfxefs/SourcePackages/checkouts/grpc-binary
    
    Signing Identity:     "Sign to Run Locally"
    
    /usr/bin/codesign --force --sign - --timestamp\=none --generate-entitlement-der /Users/aaronkeen/Library/Developer/Xcode/DerivedData/NutraSafeBeta-awyabywlaekrybetqgpbjphfxefs/Build/Products/Debug-iphonesimulator/gRPC_grpcppWrapper.bundle

PrecompileModule /Users/aaronkeen/Library/Developer/Xcode/DerivedData/NutraSafeBeta-awyabywlaekrybetqgpbjphfxefs/Build/Intermediates.noindex/ExplicitPrecompiledModules/Metal-27KY0ZINEZL4EMMP69TJ8MKGW.scan
    cd /Users/aaronkeen/Documents/My\ Apps/NutraSafe\ Beta/NutraSafeBeta.xcodeproj
    builtin-precompileModule /Users/aaronkeen/Library/Developer/Xcode/DerivedData/NutraSafeBeta-awyabywlaekrybetqgpbjphfxefs/Build/Intermediates.noindex/ExplicitPrecompiledModules/Metal-27KY0ZINEZL4EMMP69TJ8MKGW.scan

CompileC /Users/aaronkeen/Library/Developer/Xcode/DerivedData/NutraSafeBeta-awyabywlaekrybetqgpbjphfxefs/Build/Intermediates.noindex/GoogleUtilities.build/Debug-iphonesimulator/GoogleUtilities-Environment.build/Objects-normal/arm64/GULNetworkInfo.o /Users/aaronkeen/Library/Developer/Xcode/DerivedData/NutraSafeBeta-awyabywlaekrybetqgpbjphfxefs/SourcePackages/checkouts/GoogleUtilities/GoogleUtilities/Environment/NetworkInfo/GULNetworkInfo.m normal arm64 objective-c com.apple.compilers.llvm.clang.1_0.compiler (in target 'GoogleUtilities-Environment' from project 'GoogleUtilities')
    cd /Users/aaronkeen/Documents/My\ Apps/NutraSafe\ Beta/NutraSafeBeta.xcodeproj
    
    Using response file: /Users/aaronkeen/Library/Developer/Xcode/DerivedData/NutraSafeBeta-awyabywlaekrybetqgpbjphfxefs/Build/Intermediates.noindex/GoogleUtilities.build/Debug-iphonesimulator/GoogleUtilities-Environment.build/Objects-normal/arm64/e6072d4f65d7061329687fe24e3d63a7-common-args.resp
    
    /Applications/Xcode.app/Contents/Developer/Toolchains/XcodeDefault.xctoolchain/usr/bin/clang -x objective-c -ivfsstatcache /Users/aaronkeen/Library/Developer/Xcode/DerivedData/SDKStatCaches.noindex/iphonesimulator18.5-22F76-d5fc8ad4295d2ef488fb7d0f804ce0c4.sdkstatcache -fmessage-length\=0 -fdiagnostics-show-note-include-stack -fmacro-backtrace-limit\=0 -fno-color-diagnostics -fmodules-prune-interval\=86400 -fmodules-prune-after\=345600 -fbuild-session-file\=/Users/aaronkeen/Library/Developer/Xcode/DerivedData/ModuleCache.noindex/Session.modulevalidation -fmodules-validate-once-per-build-session -Wnon-modular-include-in-framework-module -Werror\=non-modular-include-in-framework-module -Wno-trigraphs -Wno-missing-field-initializers -Wno-missing-prototypes -Wno-return-type -Wno-implicit-atomic-properties -Wno-objc-interface-ivars -Wno-arc-repeated-use-of-weak -Wno-missing-braces -Wparentheses -Wswitch -Wno-unused-function -Wno-unused-label -Wno-unused-parameter -Wno-unused-variable -Wunused-value -Wno-empty-body -Wno-uninitialized -Wno-unknown-pragmas -w -Wno-shadow -Wno-four-char-constants -Wno-conversion -Wno-constant-conversion -Wno-int-conversion -Wno-bool-conversion -Wno-enum-conversion -Wno-float-conversion -Wno-non-literal-null-conversion -Wno-objc-literal-conversion -Wshorten-64-to-32 -Wpointer-sign -Wno-newline-eof -Wno-selector -Wno-strict-selector-match -Wno-undeclared-selector -Wno-deprecated-implementations -Wno-implicit-fallthrough -fstrict-aliasing -Wprotocol -Wdeprecated-declarations -Wno-sign-conversion -Wno-infinite-recursion -Wno-comma -Wno-block-capture-autoreleasing -Wno-strict-prototypes -Wno-semicolon-before-method-body -index-store-path /Users/aaronkeen/Library/Developer/Xcode/DerivedData/NutraSafeBeta-awyabywlaekrybetqgpbjphfxefs/Index.noindex/DataStore @/Users/aaronkeen/Library/Developer/Xcode/DerivedData/NutraSafeBeta-awyabywlaekrybetqgpbjphfxefs/Build/Intermediates.noindex/GoogleUtilities.build/Debug-iphonesimulator/GoogleUtilities-Environment.build/Objects-normal/arm64/e6072d4f65d7061329687fe24e3d63a7-common-args.resp -include /Users/aaronkeen/Library/Developer/Xcode/DerivedData/NutraSafeBeta-awyabywlaekrybetqgpbjphfxefs/Build/Intermediates.noindex/GoogleUtilities.build/Debug-iphonesimulator/GoogleUtilities-Environment.build/DerivedSources/resource_bundle_accessor.h -MMD -MT dependencies -MF /Users/aaronkeen/Library/Developer/Xcode/DerivedData/NutraSafeBeta-awyabywlaekrybetqgpbjphfxefs/Build/Intermediates.noindex/GoogleUtilities.build/Debug-iphonesimulator/GoogleUtilities-Environment.build/Objects-normal/arm64/GULNetworkInfo.d --serialize-diagnostics /Users/aaronkeen/Library/Developer/Xcode/DerivedData/NutraSafeBeta-awyabywlaekrybetqgpbjphfxefs/Build/Intermediates.noindex/GoogleUtilities.build/Debug-iphonesimulator/GoogleUtilities-Environment.build/Objects-normal/arm64/GULNetworkInfo.dia -c /Users/aaronkeen/Library/Developer/Xcode/DerivedData/NutraSafeBeta-awyabywlaekrybetqgpbjphfxefs/SourcePackages/checkouts/GoogleUtilities/GoogleUtilities/Environment/NetworkInfo/GULNetworkInfo.m -o /Users/aaronkeen/Library/Developer/Xcode/DerivedData/NutraSafeBeta-awyabywlaekrybetqgpbjphfxefs/Build/Intermediates.noindex/GoogleUtilities.build/Debug-iphonesimulator/GoogleUtilities-Environment.build/Objects-normal/arm64/GULNetworkInfo.o -index-unit-output-path /GoogleUtilities.build/Debug-iphonesimulator/GoogleUtilities-Environment.build/Objects-normal/arm64/GULNetworkInfo.o

SwiftDriverJobDiscovery normal arm64 Compiling HeartbeatsPayload.swift (in target 'FirebaseCoreInternal' from project 'Firebase')

CodeSign /Users/aaronkeen/Library/Developer/Xcode/DerivedData/NutraSafeBeta-awyabywlaekrybetqgpbjphfxefs/Build/Products/Debug-iphonesimulator/gRPC_grpcWrapper.bundle (in target 'gRPC_grpcWrapper' from project 'gRPC')
    cd /Users/aaronkeen/Library/Developer/Xcode/DerivedData/NutraSafeBeta-awyabywlaekrybetqgpbjphfxefs/SourcePackages/checkouts/grpc-binary
    
    Signing Identity:     "Sign to Run Locally"
    
    /usr/bin/codesign --force --sign - --timestamp\=none --generate-entitlement-der /Users/aaronkeen/Library/Developer/Xcode/DerivedData/NutraSafeBeta-awyabywlaekrybetqgpbjphfxefs/Build/Products/Debug-iphonesimulator/gRPC_grpcWrapper.bundle

CompileC /Users/aaronkeen/Library/Developer/Xcode/DerivedData/NutraSafeBeta-awyabywlaekrybetqgpbjphfxefs/Build/Intermediates.noindex/GoogleUtilities.build/Debug-iphonesimulator/GoogleUtilities-Logger.build/Objects-normal/arm64/GULLogger.o /Users/aaronkeen/Library/Developer/Xcode/DerivedData/NutraSafeBeta-awyabywlaekrybetqgpbjphfxefs/SourcePackages/checkouts/GoogleUtilities/GoogleUtilities/Logger/GULLogger.m normal arm64 objective-c com.apple.compilers.llvm.clang.1_0.compiler (in target 'GoogleUtilities-Logger' from project 'GoogleUtilities')
    cd /Users/aaronkeen/Documents/My\ Apps/NutraSafe\ Beta/NutraSafeBeta.xcodeproj
    
    Using response file: /Users/aaronkeen/Library/Developer/Xcode/DerivedData/NutraSafeBeta-awyabywlaekrybetqgpbjphfxefs/Build/Intermediates.noindex/GoogleUtilities.build/Debug-iphonesimulator/GoogleUtilities-Logger.build/Objects-normal/arm64/e6072d4f65d7061329687fe24e3d63a7-common-args.resp
    
    /Applications/Xcode.app/Contents/Developer/Toolchains/XcodeDefault.xctoolchain/usr/bin/clang -x objective-c -ivfsstatcache /Users/aaronkeen/Library/Developer/Xcode/DerivedData/SDKStatCaches.noindex/iphonesimulator18.5-22F76-d5fc8ad4295d2ef488fb7d0f804ce0c4.sdkstatcache -fmessage-length\=0 -fdiagnostics-show-note-include-stack -fmacro-backtrace-limit\=0 -fno-color-diagnostics -fmodules-prune-interval\=86400 -fmodules-prune-after\=345600 -fbuild-session-file\=/Users/aaronkeen/Library/Developer/Xcode/DerivedData/ModuleCache.noindex/Session.modulevalidation -fmodules-validate-once-per-build-session -Wnon-modular-include-in-framework-module -Werror\=non-modular-include-in-framework-module -Wno-trigraphs -Wno-missing-field-initializers -Wno-missing-prototypes -Wno-return-type -Wno-implicit-atomic-properties -Wno-objc-interface-ivars -Wno-arc-repeated-use-of-weak -Wno-missing-braces -Wparentheses -Wswitch -Wno-unused-function -Wno-unused-label -Wno-unused-parameter -Wno-unused-variable -Wunused-value -Wno-empty-body -Wno-uninitialized -Wno-unknown-pragmas -w -Wno-shadow -Wno-four-char-constants -Wno-conversion -Wno-constant-conversion -Wno-int-conversion -Wno-bool-conversion -Wno-enum-conversion -Wno-float-conversion -Wno-non-literal-null-conversion -Wno-objc-literal-conversion -Wshorten-64-to-32 -Wpointer-sign -Wno-newline-eof -Wno-selector -Wno-strict-selector-match -Wno-undeclared-selector -Wno-deprecated-implementations -Wno-implicit-fallthrough -fstrict-aliasing -Wprotocol -Wdeprecated-declarations -Wno-sign-conversion -Wno-infinite-recursion -Wno-comma -Wno-block-capture-autoreleasing -Wno-strict-prototypes -Wno-semicolon-before-method-body -index-store-path /Users/aaronkeen/Library/Developer/Xcode/DerivedData/NutraSafeBeta-awyabywlaekrybetqgpbjphfxefs/Index.noindex/DataStore @/Users/aaronkeen/Library/Developer/Xcode/DerivedData/NutraSafeBeta-awyabywlaekrybetqgpbjphfxefs/Build/Intermediates.noindex/GoogleUtilities.build/Debug-iphonesimulator/GoogleUtilities-Logger.build/Objects-normal/arm64/e6072d4f65d7061329687fe24e3d63a7-common-args.resp -include /Users/aaronkeen/Library/Developer/Xcode/DerivedData/NutraSafeBeta-awyabywlaekrybetqgpbjphfxefs/Build/Intermediates.noindex/GoogleUtilities.build/Debug-iphonesimulator/GoogleUtilities-Logger.build/DerivedSources/resource_bundle_accessor.h -MMD -MT dependencies -MF /Users/aaronkeen/Library/Developer/Xcode/DerivedData/NutraSafeBeta-awyabywlaekrybetqgpbjphfxefs/Build/Intermediates.noindex/GoogleUtilities.build/Debug-iphonesimulator/GoogleUtilities-Logger.build/Objects-normal/arm64/GULLogger.d --serialize-diagnostics /Users/aaronkeen/Library/Developer/Xcode/DerivedData/NutraSafeBeta-awyabywlaekrybetqgpbjphfxefs/Build/Intermediates.noindex/GoogleUtilities.build/Debug-iphonesimulator/GoogleUtilities-Logger.build/Objects-normal/arm64/GULLogger.dia -c /Users/aaronkeen/Library/Developer/Xcode/DerivedData/NutraSafeBeta-awyabywlaekrybetqgpbjphfxefs/SourcePackages/checkouts/GoogleUtilities/GoogleUtilities/Logger/GULLogger.m -o /Users/aaronkeen/Library/Developer/Xcode/DerivedData/NutraSafeBeta-awyabywlaekrybetqgpbjphfxefs/Build/Intermediates.noindex/GoogleUtilities.build/Debug-iphonesimulator/GoogleUtilities-Logger.build/Objects-normal/arm64/GULLogger.o -index-unit-output-path /GoogleUtilities.build/Debug-iphonesimulator/GoogleUtilities-Logger.build/Objects-normal/arm64/GULLogger.o

CodeSign /Users/aaronkeen/Library/Developer/Xcode/DerivedData/NutraSafeBeta-awyabywlaekrybetqgpbjphfxefs/Build/Products/Debug-iphonesimulator/abseil_abslWrapper.bundle (in target 'abseil_abslWrapper' from project 'abseil')
    cd /Users/aaronkeen/Library/Developer/Xcode/DerivedData/NutraSafeBeta-awyabywlaekrybetqgpbjphfxefs/SourcePackages/checkouts/abseil-cpp-binary
    
    Signing Identity:     "Sign to Run Locally"
    
    /usr/bin/codesign --force --sign - --timestamp\=none --generate-entitlement-der /Users/aaronkeen/Library/Developer/Xcode/DerivedData/NutraSafeBeta-awyabywlaekrybetqgpbjphfxefs/Build/Products/Debug-iphonesimulator/abseil_abslWrapper.bundle

SwiftDriverJobDiscovery normal arm64 Compiling _ObjC_HeartbeatController.swift (in target 'FirebaseCoreInternal' from project 'Firebase')

CodeSign /Users/aaronkeen/Library/Developer/Xcode/DerivedData/NutraSafeBeta-awyabywlaekrybetqgpbjphfxefs/Build/Products/Debug-iphonesimulator/GoogleUtilities_GoogleUtilities-Reachability.bundle (in target 'GoogleUtilities_GoogleUtilities-Reachability' from project 'GoogleUtilities')
    cd /Users/aaronkeen/Library/Developer/Xcode/DerivedData/NutraSafeBeta-awyabywlaekrybetqgpbjphfxefs/SourcePackages/checkouts/GoogleUtilities
    
    Signing Identity:     "Sign to Run Locally"
    
    /usr/bin/codesign --force --sign - --timestamp\=none --generate-entitlement-der /Users/aaronkeen/Library/Developer/Xcode/DerivedData/NutraSafeBeta-awyabywlaekrybetqgpbjphfxefs/Build/Products/Debug-iphonesimulator/GoogleUtilities_GoogleUtilities-Reachability.bundle

CodeSign /Users/aaronkeen/Library/Developer/Xcode/DerivedData/NutraSafeBeta-awyabywlaekrybetqgpbjphfxefs/Build/Products/Debug-iphonesimulator/GoogleUtilities_GoogleUtilities-Network.bundle (in target 'GoogleUtilities_GoogleUtilities-Network' from project 'GoogleUtilities')
    cd /Users/aaronkeen/Library/Developer/Xcode/DerivedData/NutraSafeBeta-awyabywlaekrybetqgpbjphfxefs/SourcePackages/checkouts/GoogleUtilities
    
    Signing Identity:     "Sign to Run Locally"
    
    /usr/bin/codesign --force --sign - --timestamp\=none --generate-entitlement-der /Users/aaronkeen/Library/Developer/Xcode/DerivedData/NutraSafeBeta-awyabywlaekrybetqgpbjphfxefs/Build/Products/Debug-iphonesimulator/GoogleUtilities_GoogleUtilities-Network.bundle

CodeSign /Users/aaronkeen/Library/Developer/Xcode/DerivedData/NutraSafeBeta-awyabywlaekrybetqgpbjphfxefs/Build/Products/Debug-iphonesimulator/GoogleUtilities_GoogleUtilities-NSData.bundle (in target 'GoogleUtilities_GoogleUtilities-NSData' from project 'GoogleUtilities')
    cd /Users/aaronkeen/Library/Developer/Xcode/DerivedData/NutraSafeBeta-awyabywlaekrybetqgpbjphfxefs/SourcePackages/checkouts/GoogleUtilities
    
    Signing Identity:     "Sign to Run Locally"
    
    /usr/bin/codesign --force --sign - --timestamp\=none --generate-entitlement-der /Users/aaronkeen/Library/Developer/Xcode/DerivedData/NutraSafeBeta-awyabywlaekrybetqgpbjphfxefs/Build/Products/Debug-iphonesimulator/GoogleUtilities_GoogleUtilities-NSData.bundle

CodeSign /Users/aaronkeen/Library/Developer/Xcode/DerivedData/NutraSafeBeta-awyabywlaekrybetqgpbjphfxefs/Build/Products/Debug-iphonesimulator/GoogleUtilities_GoogleUtilities-Logger.bundle (in target 'GoogleUtilities_GoogleUtilities-Logger' from project 'GoogleUtilities')
    cd /Users/aaronkeen/Library/Developer/Xcode/DerivedData/NutraSafeBeta-awyabywlaekrybetqgpbjphfxefs/SourcePackages/checkouts/GoogleUtilities
    
    Signing Identity:     "Sign to Run Locally"
    
    /usr/bin/codesign --force --sign - --timestamp\=none --generate-entitlement-der /Users/aaronkeen/Library/Developer/Xcode/DerivedData/NutraSafeBeta-awyabywlaekrybetqgpbjphfxefs/Build/Products/Debug-iphonesimulator/GoogleUtilities_GoogleUtilities-Logger.bundle

CodeSign /Users/aaronkeen/Library/Developer/Xcode/DerivedData/NutraSafeBeta-awyabywlaekrybetqgpbjphfxefs/Build/Products/Debug-iphonesimulator/GoogleUtilities_GoogleUtilities-Environment.bundle (in target 'GoogleUtilities_GoogleUtilities-Environment' from project 'GoogleUtilities')
    cd /Users/aaronkeen/Library/Developer/Xcode/DerivedData/NutraSafeBeta-awyabywlaekrybetqgpbjphfxefs/SourcePackages/checkouts/GoogleUtilities
    
    Signing Identity:     "Sign to Run Locally"
    
    /usr/bin/codesign --force --sign - --timestamp\=none --generate-entitlement-der /Users/aaronkeen/Library/Developer/Xcode/DerivedData/NutraSafeBeta-awyabywlaekrybetqgpbjphfxefs/Build/Products/Debug-iphonesimulator/GoogleUtilities_GoogleUtilities-Environment.bundle

CodeSign /Users/aaronkeen/Library/Developer/Xcode/DerivedData/NutraSafeBeta-awyabywlaekrybetqgpbjphfxefs/Build/Products/Debug-iphonesimulator/GoogleUtilities_GoogleUtilities-AppDelegateSwizzler.bundle (in target 'GoogleUtilities_GoogleUtilities-AppDelegateSwizzler' from project 'GoogleUtilities')
    cd /Users/aaronkeen/Library/Developer/Xcode/DerivedData/NutraSafeBeta-awyabywlaekrybetqgpbjphfxefs/SourcePackages/checkouts/GoogleUtilities
    
    Signing Identity:     "Sign to Run Locally"
    
    /usr/bin/codesign --force --sign - --timestamp\=none --generate-entitlement-der /Users/aaronkeen/Library/Developer/Xcode/DerivedData/NutraSafeBeta-awyabywlaekrybetqgpbjphfxefs/Build/Products/Debug-iphonesimulator/GoogleUtilities_GoogleUtilities-AppDelegateSwizzler.bundle

ScanDependencies /Users/aaronkeen/Library/Developer/Xcode/DerivedData/NutraSafeBeta-awyabywlaekrybetqgpbjphfxefs/Build/Intermediates.noindex/GoogleUtilities.build/Debug-iphonesimulator/GoogleUtilities-Network.build/Objects-normal/arm64/resource_bundle_accessor.o /Users/aaronkeen/Library/Developer/Xcode/DerivedData/NutraSafeBeta-awyabywlaekrybetqgpbjphfxefs/Build/Intermediates.noindex/GoogleUtilities.build/Debug-iphonesimulator/GoogleUtilities-Network.build/DerivedSources/resource_bundle_accessor.m normal arm64 objective-c com.apple.compilers.llvm.clang.1_0.compiler (in target 'GoogleUtilities-Network' from project 'GoogleUtilities')
    cd /Users/aaronkeen/Documents/My\ Apps/NutraSafe\ Beta/NutraSafeBeta.xcodeproj
    
    Using response file: /Users/aaronkeen/Library/Developer/Xcode/DerivedData/NutraSafeBeta-awyabywlaekrybetqgpbjphfxefs/Build/Intermediates.noindex/GoogleUtilities.build/Debug-iphonesimulator/GoogleUtilities-Network.build/Objects-normal/arm64/e6072d4f65d7061329687fe24e3d63a7-common-args.resp
    
    builtin-ScanDependencies -o /Users/aaronkeen/Library/Developer/Xcode/DerivedData/NutraSafeBeta-awyabywlaekrybetqgpbjphfxefs/Build/Intermediates.noindex/GoogleUtilities.build/Debug-iphonesimulator/GoogleUtilities-Network.build/Objects-normal/arm64/resource_bundle_accessor.o.scan -- /Applications/Xcode.app/Contents/Developer/Toolchains/XcodeDefault.xctoolchain/usr/bin/clang -x objective-c -ivfsstatcache /Users/aaronkeen/Library/Developer/Xcode/DerivedData/SDKStatCaches.noindex/iphonesimulator18.5-22F76-d5fc8ad4295d2ef488fb7d0f804ce0c4.sdkstatcache -fmessage-length\=0 -fdiagnostics-show-note-include-stack -fmacro-backtrace-limit\=0 -fno-color-diagnostics -fmodules-prune-interval\=86400 -fmodules-prune-after\=345600 -fbuild-session-file\=/Users/aaronkeen/Library/Developer/Xcode/DerivedData/ModuleCache.noindex/Session.modulevalidation -fmodules-validate-once-per-build-session -Wnon-modular-include-in-framework-module -Werror\=non-modular-include-in-framework-module -Wno-trigraphs -Wno-missing-field-initializers -Wno-missing-prototypes -Wno-return-type -Wno-implicit-atomic-properties -Wno-objc-interface-ivars -Wno-arc-repeated-use-of-weak -Wno-missing-braces -Wparentheses -Wswitch -Wno-unused-function -Wno-unused-label -Wno-unused-parameter -Wno-unused-variable -Wunused-value -Wno-empty-body -Wno-uninitialized -Wno-unknown-pragmas -w -Wno-shadow -Wno-four-char-constants -Wno-conversion -Wno-constant-conversion -Wno-int-conversion -Wno-bool-conversion -Wno-enum-conversion -Wno-float-conversion -Wno-non-literal-null-conversion -Wno-objc-literal-conversion -Wshorten-64-to-32 -Wpointer-sign -Wno-newline-eof -Wno-selector -Wno-strict-selector-match -Wno-undeclared-selector -Wno-deprecated-implementations -Wno-implicit-fallthrough -fstrict-aliasing -Wprotocol -Wdeprecated-declarations -Wno-sign-conversion -Wno-infinite-recursion -Wno-comma -Wno-block-capture-autoreleasing -Wno-strict-prototypes -Wno-semicolon-before-method-body -index-store-path /Users/aaronkeen/Library/Developer/Xcode/DerivedData/NutraSafeBeta-awyabywlaekrybetqgpbjphfxefs/Index.noindex/DataStore @/Users/aaronkeen/Library/Developer/Xcode/DerivedData/NutraSafeBeta-awyabywlaekrybetqgpbjphfxefs/Build/Intermediates.noindex/GoogleUtilities.build/Debug-iphonesimulator/GoogleUtilities-Network.build/Objects-normal/arm64/e6072d4f65d7061329687fe24e3d63a7-common-args.resp -include /Users/aaronkeen/Library/Developer/Xcode/DerivedData/NutraSafeBeta-awyabywlaekrybetqgpbjphfxefs/Build/Intermediates.noindex/GoogleUtilities.build/Debug-iphonesimulator/GoogleUtilities-Network.build/DerivedSources/resource_bundle_accessor.h -MMD -MT dependencies -MF /Users/aaronkeen/Library/Developer/Xcode/DerivedData/NutraSafeBeta-awyabywlaekrybetqgpbjphfxefs/Build/Intermediates.noindex/GoogleUtilities.build/Debug-iphonesimulator/GoogleUtilities-Network.build/Objects-normal/arm64/resource_bundle_accessor.d --serialize-diagnostics /Users/aaronkeen/Library/Developer/Xcode/DerivedData/NutraSafeBeta-awyabywlaekrybetqgpbjphfxefs/Build/Intermediates.noindex/GoogleUtilities.build/Debug-iphonesimulator/GoogleUtilities-Network.build/Objects-normal/arm64/resource_bundle_accessor.dia -c /Users/aaronkeen/Library/Developer/Xcode/DerivedData/NutraSafeBeta-awyabywlaekrybetqgpbjphfxefs/Build/Intermediates.noindex/GoogleUtilities.build/Debug-iphonesimulator/GoogleUtilities-Network.build/DerivedSources/resource_bundle_accessor.m -o /Users/aaronkeen/Library/Developer/Xcode/DerivedData/NutraSafeBeta-awyabywlaekrybetqgpbjphfxefs/Build/Intermediates.noindex/GoogleUtilities.build/Debug-iphonesimulator/GoogleUtilities-Network.build/Objects-normal/arm64/resource_bundle_accessor.o -index-unit-output-path /GoogleUtilities.build/Debug-iphonesimulator/GoogleUtilities-Network.build/Objects-normal/arm64/resource_bundle_accessor.o

ScanDependencies /Users/aaronkeen/Library/Developer/Xcode/DerivedData/NutraSafeBeta-awyabywlaekrybetqgpbjphfxefs/Build/Intermediates.noindex/GoogleUtilities.build/Debug-iphonesimulator/GoogleUtilities-Network.build/Objects-normal/arm64/GULNetworkURLSession.o /Users/aaronkeen/Library/Developer/Xcode/DerivedData/NutraSafeBeta-awyabywlaekrybetqgpbjphfxefs/SourcePackages/checkouts/GoogleUtilities/GoogleUtilities/Network/GULNetworkURLSession.m normal arm64 objective-c com.apple.compilers.llvm.clang.1_0.compiler (in target 'GoogleUtilities-Network' from project 'GoogleUtilities')
    cd /Users/aaronkeen/Documents/My\ Apps/NutraSafe\ Beta/NutraSafeBeta.xcodeproj
    
    Using response file: /Users/aaronkeen/Library/Developer/Xcode/DerivedData/NutraSafeBeta-awyabywlaekrybetqgpbjphfxefs/Build/Intermediates.noindex/GoogleUtilities.build/Debug-iphonesimulator/GoogleUtilities-Network.build/Objects-normal/arm64/e6072d4f65d7061329687fe24e3d63a7-common-args.resp
    
    builtin-ScanDependencies -o /Users/aaronkeen/Library/Developer/Xcode/DerivedData/NutraSafeBeta-awyabywlaekrybetqgpbjphfxefs/Build/Intermediates.noindex/GoogleUtilities.build/Debug-iphonesimulator/GoogleUtilities-Network.build/Objects-normal/arm64/GULNetworkURLSession.o.scan -- /Applications/Xcode.app/Contents/Developer/Toolchains/XcodeDefault.xctoolchain/usr/bin/clang -x objective-c -ivfsstatcache /Users/aaronkeen/Library/Developer/Xcode/DerivedData/SDKStatCaches.noindex/iphonesimulator18.5-22F76-d5fc8ad4295d2ef488fb7d0f804ce0c4.sdkstatcache -fmessage-length\=0 -fdiagnostics-show-note-include-stack -fmacro-backtrace-limit\=0 -fno-color-diagnostics -fmodules-prune-interval\=86400 -fmodules-prune-after\=345600 -fbuild-session-file\=/Users/aaronkeen/Library/Developer/Xcode/DerivedData/ModuleCache.noindex/Session.modulevalidation -fmodules-validate-once-per-build-session -Wnon-modular-include-in-framework-module -Werror\=non-modular-include-in-framework-module -Wno-trigraphs -Wno-missing-field-initializers -Wno-missing-prototypes -Wno-return-type -Wno-implicit-atomic-properties -Wno-objc-interface-ivars -Wno-arc-repeated-use-of-weak -Wno-missing-braces -Wparentheses -Wswitch -Wno-unused-function -Wno-unused-label -Wno-unused-parameter -Wno-unused-variable -Wunused-value -Wno-empty-body -Wno-uninitialized -Wno-unknown-pragmas -w -Wno-shadow -Wno-four-char-constants -Wno-conversion -Wno-constant-conversion -Wno-int-conversion -Wno-bool-conversion -Wno-enum-conversion -Wno-float-conversion -Wno-non-literal-null-conversion -Wno-objc-literal-conversion -Wshorten-64-to-32 -Wpointer-sign -Wno-newline-eof -Wno-selector -Wno-strict-selector-match -Wno-undeclared-selector -Wno-deprecated-implementations -Wno-implicit-fallthrough -fstrict-aliasing -Wprotocol -Wdeprecated-declarations -Wno-sign-conversion -Wno-infinite-recursion -Wno-comma -Wno-block-capture-autoreleasing -Wno-strict-prototypes -Wno-semicolon-before-method-body -index-store-path /Users/aaronkeen/Library/Developer/Xcode/DerivedData/NutraSafeBeta-awyabywlaekrybetqgpbjphfxefs/Index.noindex/DataStore @/Users/aaronkeen/Library/Developer/Xcode/DerivedData/NutraSafeBeta-awyabywlaekrybetqgpbjphfxefs/Build/Intermediates.noindex/GoogleUtilities.build/Debug-iphonesimulator/GoogleUtilities-Network.build/Objects-normal/arm64/e6072d4f65d7061329687fe24e3d63a7-common-args.resp -include /Users/aaronkeen/Library/Developer/Xcode/DerivedData/NutraSafeBeta-awyabywlaekrybetqgpbjphfxefs/Build/Intermediates.noindex/GoogleUtilities.build/Debug-iphonesimulator/GoogleUtilities-Network.build/DerivedSources/resource_bundle_accessor.h -MMD -MT dependencies -MF /Users/aaronkeen/Library/Developer/Xcode/DerivedData/NutraSafeBeta-awyabywlaekrybetqgpbjphfxefs/Build/Intermediates.noindex/GoogleUtilities.build/Debug-iphonesimulator/GoogleUtilities-Network.build/Objects-normal/arm64/GULNetworkURLSession.d --serialize-diagnostics /Users/aaronkeen/Library/Developer/Xcode/DerivedData/NutraSafeBeta-awyabywlaekrybetqgpbjphfxefs/Build/Intermediates.noindex/GoogleUtilities.build/Debug-iphonesimulator/GoogleUtilities-Network.build/Objects-normal/arm64/GULNetworkURLSession.dia -c /Users/aaronkeen/Library/Developer/Xcode/DerivedData/NutraSafeBeta-awyabywlaekrybetqgpbjphfxefs/SourcePackages/checkouts/GoogleUtilities/GoogleUtilities/Network/GULNetworkURLSession.m -o /Users/aaronkeen/Library/Developer/Xcode/DerivedData/NutraSafeBeta-awyabywlaekrybetqgpbjphfxefs/Build/Intermediates.noindex/GoogleUtilities.build/Debug-iphonesimulator/GoogleUtilities-Network.build/Objects-normal/arm64/GULNetworkURLSession.o -index-unit-output-path /GoogleUtilities.build/Debug-iphonesimulator/GoogleUtilities-Network.build/Objects-normal/arm64/GULNetworkURLSession.o

CompileC /Users/aaronkeen/Library/Developer/Xcode/DerivedData/NutraSafeBeta-awyabywlaekrybetqgpbjphfxefs/Build/Intermediates.noindex/GTMSessionFetcher.build/Debug-iphonesimulator/GTMSessionFetcherCore.build/Objects-normal/arm64/resource_bundle_accessor.o /Users/aaronkeen/Library/Developer/Xcode/DerivedData/NutraSafeBeta-awyabywlaekrybetqgpbjphfxefs/Build/Intermediates.noindex/GTMSessionFetcher.build/Debug-iphonesimulator/GTMSessionFetcherCore.build/DerivedSources/resource_bundle_accessor.m normal arm64 objective-c com.apple.compilers.llvm.clang.1_0.compiler (in target 'GTMSessionFetcherCore' from project 'GTMSessionFetcher')
    cd /Users/aaronkeen/Documents/My\ Apps/NutraSafe\ Beta/NutraSafeBeta.xcodeproj
    
    Using response file: /Users/aaronkeen/Library/Developer/Xcode/DerivedData/NutraSafeBeta-awyabywlaekrybetqgpbjphfxefs/Build/Intermediates.noindex/GTMSessionFetcher.build/Debug-iphonesimulator/GTMSessionFetcherCore.build/Objects-normal/arm64/e6072d4f65d7061329687fe24e3d63a7-common-args.resp
    
    /Applications/Xcode.app/Contents/Developer/Toolchains/XcodeDefault.xctoolchain/usr/bin/clang -x objective-c -ivfsstatcache /Users/aaronkeen/Library/Developer/Xcode/DerivedData/SDKStatCaches.noindex/iphonesimulator18.5-22F76-d5fc8ad4295d2ef488fb7d0f804ce0c4.sdkstatcache -fmessage-length\=0 -fdiagnostics-show-note-include-stack -fmacro-backtrace-limit\=0 -fno-color-diagnostics -fmodules-prune-interval\=86400 -fmodules-prune-after\=345600 -fbuild-session-file\=/Users/aaronkeen/Library/Developer/Xcode/DerivedData/ModuleCache.noindex/Session.modulevalidation -fmodules-validate-once-per-build-session -Wnon-modular-include-in-framework-module -Werror\=non-modular-include-in-framework-module -Wno-trigraphs -Wno-missing-field-initializers -Wno-missing-prototypes -Wno-return-type -Wno-implicit-atomic-properties -Wno-objc-interface-ivars -Wno-arc-repeated-use-of-weak -Wno-missing-braces -Wparentheses -Wswitch -Wno-unused-function -Wno-unused-label -Wno-unused-parameter -Wno-unused-variable -Wunused-value -Wno-empty-body -Wno-uninitialized -Wno-unknown-pragmas -w -Wno-shadow -Wno-four-char-constants -Wno-conversion -Wno-constant-conversion -Wno-int-conversion -Wno-bool-conversion -Wno-enum-conversion -Wno-float-conversion -Wno-non-literal-null-conversion -Wno-objc-literal-conversion -Wshorten-64-to-32 -Wpointer-sign -Wno-newline-eof -Wno-selector -Wno-strict-selector-match -Wno-undeclared-selector -Wno-deprecated-implementations -Wno-implicit-fallthrough -fstrict-aliasing -Wprotocol -Wdeprecated-declarations -Wno-sign-conversion -Wno-infinite-recursion -Wno-comma -Wno-block-capture-autoreleasing -Wno-strict-prototypes -Wno-semicolon-before-method-body -index-store-path /Users/aaronkeen/Library/Developer/Xcode/DerivedData/NutraSafeBeta-awyabywlaekrybetqgpbjphfxefs/Index.noindex/DataStore @/Users/aaronkeen/Library/Developer/Xcode/DerivedData/NutraSafeBeta-awyabywlaekrybetqgpbjphfxefs/Build/Intermediates.noindex/GTMSessionFetcher.build/Debug-iphonesimulator/GTMSessionFetcherCore.build/Objects-normal/arm64/e6072d4f65d7061329687fe24e3d63a7-common-args.resp -include /Users/aaronkeen/Library/Developer/Xcode/DerivedData/NutraSafeBeta-awyabywlaekrybetqgpbjphfxefs/Build/Intermediates.noindex/GTMSessionFetcher.build/Debug-iphonesimulator/GTMSessionFetcherCore.build/DerivedSources/resource_bundle_accessor.h -MMD -MT dependencies -MF /Users/aaronkeen/Library/Developer/Xcode/DerivedData/NutraSafeBeta-awyabywlaekrybetqgpbjphfxefs/Build/Intermediates.noindex/GTMSessionFetcher.build/Debug-iphonesimulator/GTMSessionFetcherCore.build/Objects-normal/arm64/resource_bundle_accessor.d --serialize-diagnostics /Users/aaronkeen/Library/Developer/Xcode/DerivedData/NutraSafeBeta-awyabywlaekrybetqgpbjphfxefs/Build/Intermediates.noindex/GTMSessionFetcher.build/Debug-iphonesimulator/GTMSessionFetcherCore.build/Objects-normal/arm64/resource_bundle_accessor.dia -c /Users/aaronkeen/Library/Developer/Xcode/DerivedData/NutraSafeBeta-awyabywlaekrybetqgpbjphfxefs/Build/Intermediates.noindex/GTMSessionFetcher.build/Debug-iphonesimulator/GTMSessionFetcherCore.build/DerivedSources/resource_bundle_accessor.m -o /Users/aaronkeen/Library/Developer/Xcode/DerivedData/NutraSafeBeta-awyabywlaekrybetqgpbjphfxefs/Build/Intermediates.noindex/GTMSessionFetcher.build/Debug-iphonesimulator/GTMSessionFetcherCore.build/Objects-normal/arm64/resource_bundle_accessor.o -index-unit-output-path /GTMSessionFetcher.build/Debug-iphonesimulator/GTMSessionFetcherCore.build/Objects-normal/arm64/resource_bundle_accessor.o

CompileC /Users/aaronkeen/Library/Developer/Xcode/DerivedData/NutraSafeBeta-awyabywlaekrybetqgpbjphfxefs/Build/Intermediates.noindex/Firebase.build/Debug-iphonesimulator/FirebaseCoreExtension.build/Objects-normal/arm64/resource_bundle_accessor.o /Users/aaronkeen/Library/Developer/Xcode/DerivedData/NutraSafeBeta-awyabywlaekrybetqgpbjphfxefs/Build/Intermediates.noindex/Firebase.build/Debug-iphonesimulator/FirebaseCoreExtension.build/DerivedSources/resource_bundle_accessor.m normal arm64 objective-c com.apple.compilers.llvm.clang.1_0.compiler (in target 'FirebaseCoreExtension' from project 'Firebase')
    cd /Users/aaronkeen/Documents/My\ Apps/NutraSafe\ Beta/NutraSafeBeta.xcodeproj
    
    Using response file: /Users/aaronkeen/Library/Developer/Xcode/DerivedData/NutraSafeBeta-awyabywlaekrybetqgpbjphfxefs/Build/Intermediates.noindex/Firebase.build/Debug-iphonesimulator/FirebaseCoreExtension.build/Objects-normal/arm64/e6072d4f65d7061329687fe24e3d63a7-common-args.resp
    
    /Applications/Xcode.app/Contents/Developer/Toolchains/XcodeDefault.xctoolchain/usr/bin/clang -x objective-c -ivfsstatcache /Users/aaronkeen/Library/Developer/Xcode/DerivedData/SDKStatCaches.noindex/iphonesimulator18.5-22F76-d5fc8ad4295d2ef488fb7d0f804ce0c4.sdkstatcache -fmessage-length\=0 -fdiagnostics-show-note-include-stack -fmacro-backtrace-limit\=0 -fno-color-diagnostics -fmodules-prune-interval\=86400 -fmodules-prune-after\=345600 -fbuild-session-file\=/Users/aaronkeen/Library/Developer/Xcode/DerivedData/ModuleCache.noindex/Session.modulevalidation -fmodules-validate-once-per-build-session -Wnon-modular-include-in-framework-module -Werror\=non-modular-include-in-framework-module -Wno-trigraphs -Wno-missing-field-initializers -Wno-missing-prototypes -Wno-return-type -Wno-implicit-atomic-properties -Wno-objc-interface-ivars -Wno-arc-repeated-use-of-weak -Wno-missing-braces -Wparentheses -Wswitch -Wno-unused-function -Wno-unused-label -Wno-unused-parameter -Wno-unused-variable -Wunused-value -Wno-empty-body -Wno-uninitialized -Wno-unknown-pragmas -w -Wno-shadow -Wno-four-char-constants -Wno-conversion -Wno-constant-conversion -Wno-int-conversion -Wno-bool-conversion -Wno-enum-conversion -Wno-float-conversion -Wno-non-literal-null-conversion -Wno-objc-literal-conversion -Wshorten-64-to-32 -Wpointer-sign -Wno-newline-eof -Wno-selector -Wno-strict-selector-match -Wno-undeclared-selector -Wno-deprecated-implementations -Wno-implicit-fallthrough -fstrict-aliasing -Wprotocol -Wdeprecated-declarations -Wno-sign-conversion -Wno-infinite-recursion -Wno-comma -Wno-block-capture-autoreleasing -Wno-strict-prototypes -Wno-semicolon-before-method-body -index-store-path /Users/aaronkeen/Library/Developer/Xcode/DerivedData/NutraSafeBeta-awyabywlaekrybetqgpbjphfxefs/Index.noindex/DataStore @/Users/aaronkeen/Library/Developer/Xcode/DerivedData/NutraSafeBeta-awyabywlaekrybetqgpbjphfxefs/Build/Intermediates.noindex/Firebase.build/Debug-iphonesimulator/FirebaseCoreExtension.build/Objects-normal/arm64/e6072d4f65d7061329687fe24e3d63a7-common-args.resp -include /Users/aaronkeen/Library/Developer/Xcode/DerivedData/NutraSafeBeta-awyabywlaekrybetqgpbjphfxefs/Build/Intermediates.noindex/Firebase.build/Debug-iphonesimulator/FirebaseCoreExtension.build/DerivedSources/resource_bundle_accessor.h -MMD -MT dependencies -MF /Users/aaronkeen/Library/Developer/Xcode/DerivedData/NutraSafeBeta-awyabywlaekrybetqgpbjphfxefs/Build/Intermediates.noindex/Firebase.build/Debug-iphonesimulator/FirebaseCoreExtension.build/Objects-normal/arm64/resource_bundle_accessor.d --serialize-diagnostics /Users/aaronkeen/Library/Developer/Xcode/DerivedData/NutraSafeBeta-awyabywlaekrybetqgpbjphfxefs/Build/Intermediates.noindex/Firebase.build/Debug-iphonesimulator/FirebaseCoreExtension.build/Objects-normal/arm64/resource_bundle_accessor.dia -c /Users/aaronkeen/Library/Developer/Xcode/DerivedData/NutraSafeBeta-awyabywlaekrybetqgpbjphfxefs/Build/Intermediates.noindex/Firebase.build/Debug-iphonesimulator/FirebaseCoreExtension.build/DerivedSources/resource_bundle_accessor.m -o /Users/aaronkeen/Library/Developer/Xcode/DerivedData/NutraSafeBeta-awyabywlaekrybetqgpbjphfxefs/Build/Intermediates.noindex/Firebase.build/Debug-iphonesimulator/FirebaseCoreExtension.build/Objects-normal/arm64/resource_bundle_accessor.o -index-unit-output-path /Firebase.build/Debug-iphonesimulator/FirebaseCoreExtension.build/Objects-normal/arm64/resource_bundle_accessor.o

CompileC /Users/aaronkeen/Library/Developer/Xcode/DerivedData/NutraSafeBeta-awyabywlaekrybetqgpbjphfxefs/Build/Intermediates.noindex/Firebase.build/Debug-iphonesimulator/FirebaseCoreExtension.build/Objects-normal/arm64/dummy.o /Users/aaronkeen/Library/Developer/Xcode/DerivedData/NutraSafeBeta-awyabywlaekrybetqgpbjphfxefs/SourcePackages/checkouts/firebase-ios-sdk/FirebaseCore/Extension/dummy.m normal arm64 objective-c com.apple.compilers.llvm.clang.1_0.compiler (in target 'FirebaseCoreExtension' from project 'Firebase')
    cd /Users/aaronkeen/Documents/My\ Apps/NutraSafe\ Beta/NutraSafeBeta.xcodeproj
    
    Using response file: /Users/aaronkeen/Library/Developer/Xcode/DerivedData/NutraSafeBeta-awyabywlaekrybetqgpbjphfxefs/Build/Intermediates.noindex/Firebase.build/Debug-iphonesimulator/FirebaseCoreExtension.build/Objects-normal/arm64/e6072d4f65d7061329687fe24e3d63a7-common-args.resp
    
    /Applications/Xcode.app/Contents/Developer/Toolchains/XcodeDefault.xctoolchain/usr/bin/clang -x objective-c -ivfsstatcache /Users/aaronkeen/Library/Developer/Xcode/DerivedData/SDKStatCaches.noindex/iphonesimulator18.5-22F76-d5fc8ad4295d2ef488fb7d0f804ce0c4.sdkstatcache -fmessage-length\=0 -fdiagnostics-show-note-include-stack -fmacro-backtrace-limit\=0 -fno-color-diagnostics -fmodules-prune-interval\=86400 -fmodules-prune-after\=345600 -fbuild-session-file\=/Users/aaronkeen/Library/Developer/Xcode/DerivedData/ModuleCache.noindex/Session.modulevalidation -fmodules-validate-once-per-build-session -Wnon-modular-include-in-framework-module -Werror\=non-modular-include-in-framework-module -Wno-trigraphs -Wno-missing-field-initializers -Wno-missing-prototypes -Wno-return-type -Wno-implicit-atomic-properties -Wno-objc-interface-ivars -Wno-arc-repeated-use-of-weak -Wno-missing-braces -Wparentheses -Wswitch -Wno-unused-function -Wno-unused-label -Wno-unused-parameter -Wno-unused-variable -Wunused-value -Wno-empty-body -Wno-uninitialized -Wno-unknown-pragmas -w -Wno-shadow -Wno-four-char-constants -Wno-conversion -Wno-constant-conversion -Wno-int-conversion -Wno-bool-conversion -Wno-enum-conversion -Wno-float-conversion -Wno-non-literal-null-conversion -Wno-objc-literal-conversion -Wshorten-64-to-32 -Wpointer-sign -Wno-newline-eof -Wno-selector -Wno-strict-selector-match -Wno-undeclared-selector -Wno-deprecated-implementations -Wno-implicit-fallthrough -fstrict-aliasing -Wprotocol -Wdeprecated-declarations -Wno-sign-conversion -Wno-infinite-recursion -Wno-comma -Wno-block-capture-autoreleasing -Wno-strict-prototypes -Wno-semicolon-before-method-body -index-store-path /Users/aaronkeen/Library/Developer/Xcode/DerivedData/NutraSafeBeta-awyabywlaekrybetqgpbjphfxefs/Index.noindex/DataStore @/Users/aaronkeen/Library/Developer/Xcode/DerivedData/NutraSafeBeta-awyabywlaekrybetqgpbjphfxefs/Build/Intermediates.noindex/Firebase.build/Debug-iphonesimulator/FirebaseCoreExtension.build/Objects-normal/arm64/e6072d4f65d7061329687fe24e3d63a7-common-args.resp -include /Users/aaronkeen/Library/Developer/Xcode/DerivedData/NutraSafeBeta-awyabywlaekrybetqgpbjphfxefs/Build/Intermediates.noindex/Firebase.build/Debug-iphonesimulator/FirebaseCoreExtension.build/DerivedSources/resource_bundle_accessor.h -MMD -MT dependencies -MF /Users/aaronkeen/Library/Developer/Xcode/DerivedData/NutraSafeBeta-awyabywlaekrybetqgpbjphfxefs/Build/Intermediates.noindex/Firebase.build/Debug-iphonesimulator/FirebaseCoreExtension.build/Objects-normal/arm64/dummy.d --serialize-diagnostics /Users/aaronkeen/Library/Developer/Xcode/DerivedData/NutraSafeBeta-awyabywlaekrybetqgpbjphfxefs/Build/Intermediates.noindex/Firebase.build/Debug-iphonesimulator/FirebaseCoreExtension.build/Objects-normal/arm64/dummy.dia -c /Users/aaronkeen/Library/Developer/Xcode/DerivedData/NutraSafeBeta-awyabywlaekrybetqgpbjphfxefs/SourcePackages/checkouts/firebase-ios-sdk/FirebaseCore/Extension/dummy.m -o /Users/aaronkeen/Library/Developer/Xcode/DerivedData/NutraSafeBeta-awyabywlaekrybetqgpbjphfxefs/Build/Intermediates.noindex/Firebase.build/Debug-iphonesimulator/FirebaseCoreExtension.build/Objects-normal/arm64/dummy.o -index-unit-output-path /Firebase.build/Debug-iphonesimulator/FirebaseCoreExtension.build/Objects-normal/arm64/dummy.o

CompileC /Users/aaronkeen/Library/Developer/Xcode/DerivedData/NutraSafeBeta-awyabywlaekrybetqgpbjphfxefs/Build/Intermediates.noindex/Firebase.build/Debug-iphonesimulator/FirebaseAuthInternal.build/Objects-normal/arm64/FIRMultiFactorConstants.o /Users/aaronkeen/Library/Developer/Xcode/DerivedData/NutraSafeBeta-awyabywlaekrybetqgpbjphfxefs/SourcePackages/checkouts/firebase-ios-sdk/FirebaseAuth/Sources/ObjC/FIRMultiFactorConstants.m normal arm64 objective-c com.apple.compilers.llvm.clang.1_0.compiler (in target 'FirebaseAuthInternal' from project 'Firebase')
    cd /Users/aaronkeen/Documents/My\ Apps/NutraSafe\ Beta/NutraSafeBeta.xcodeproj
    
    Using response file: /Users/aaronkeen/Library/Developer/Xcode/DerivedData/NutraSafeBeta-awyabywlaekrybetqgpbjphfxefs/Build/Intermediates.noindex/Firebase.build/Debug-iphonesimulator/FirebaseAuthInternal.build/Objects-normal/arm64/e6072d4f65d7061329687fe24e3d63a7-common-args.resp
    
    /Applications/Xcode.app/Contents/Developer/Toolchains/XcodeDefault.xctoolchain/usr/bin/clang -x objective-c -ivfsstatcache /Users/aaronkeen/Library/Developer/Xcode/DerivedData/SDKStatCaches.noindex/iphonesimulator18.5-22F76-d5fc8ad4295d2ef488fb7d0f804ce0c4.sdkstatcache -fmessage-length\=0 -fdiagnostics-show-note-include-stack -fmacro-backtrace-limit\=0 -fno-color-diagnostics -fmodules-prune-interval\=86400 -fmodules-prune-after\=345600 -fbuild-session-file\=/Users/aaronkeen/Library/Developer/Xcode/DerivedData/ModuleCache.noindex/Session.modulevalidation -fmodules-validate-once-per-build-session -Wnon-modular-include-in-framework-module -Werror\=non-modular-include-in-framework-module -Wno-trigraphs -Wno-missing-field-initializers -Wno-missing-prototypes -Wno-return-type -Wno-implicit-atomic-properties -Wno-objc-interface-ivars -Wno-arc-repeated-use-of-weak -Wno-missing-braces -Wparentheses -Wswitch -Wno-unused-function -Wno-unused-label -Wno-unused-parameter -Wno-unused-variable -Wunused-value -Wno-empty-body -Wno-uninitialized -Wno-unknown-pragmas -w -Wno-shadow -Wno-four-char-constants -Wno-conversion -Wno-constant-conversion -Wno-int-conversion -Wno-bool-conversion -Wno-enum-conversion -Wno-float-conversion -Wno-non-literal-null-conversion -Wno-objc-literal-conversion -Wshorten-64-to-32 -Wpointer-sign -Wno-newline-eof -Wno-selector -Wno-strict-selector-match -Wno-undeclared-selector -Wno-deprecated-implementations -Wno-implicit-fallthrough -fstrict-aliasing -Wprotocol -Wdeprecated-declarations -Wno-sign-conversion -Wno-infinite-recursion -Wno-comma -Wno-block-capture-autoreleasing -Wno-strict-prototypes -Wno-semicolon-before-method-body -index-store-path /Users/aaronkeen/Library/Developer/Xcode/DerivedData/NutraSafeBeta-awyabywlaekrybetqgpbjphfxefs/Index.noindex/DataStore @/Users/aaronkeen/Library/Developer/Xcode/DerivedData/NutraSafeBeta-awyabywlaekrybetqgpbjphfxefs/Build/Intermediates.noindex/Firebase.build/Debug-iphonesimulator/FirebaseAuthInternal.build/Objects-normal/arm64/e6072d4f65d7061329687fe24e3d63a7-common-args.resp -MMD -MT dependencies -MF /Users/aaronkeen/Library/Developer/Xcode/DerivedData/NutraSafeBeta-awyabywlaekrybetqgpbjphfxefs/Build/Intermediates.noindex/Firebase.build/Debug-iphonesimulator/FirebaseAuthInternal.build/Objects-normal/arm64/FIRMultiFactorConstants.d --serialize-diagnostics /Users/aaronkeen/Library/Developer/Xcode/DerivedData/NutraSafeBeta-awyabywlaekrybetqgpbjphfxefs/Build/Intermediates.noindex/Firebase.build/Debug-iphonesimulator/FirebaseAuthInternal.build/Objects-normal/arm64/FIRMultiFactorConstants.dia -c /Users/aaronkeen/Library/Developer/Xcode/DerivedData/NutraSafeBeta-awyabywlaekrybetqgpbjphfxefs/SourcePackages/checkouts/firebase-ios-sdk/FirebaseAuth/Sources/ObjC/FIRMultiFactorConstants.m -o /Users/aaronkeen/Library/Developer/Xcode/DerivedData/NutraSafeBeta-awyabywlaekrybetqgpbjphfxefs/Build/Intermediates.noindex/Firebase.build/Debug-iphonesimulator/FirebaseAuthInternal.build/Objects-normal/arm64/FIRMultiFactorConstants.o -index-unit-output-path /Firebase.build/Debug-iphonesimulator/FirebaseAuthInternal.build/Objects-normal/arm64/FIRMultiFactorConstants.o

CompileC /Users/aaronkeen/Library/Developer/Xcode/DerivedData/NutraSafeBeta-awyabywlaekrybetqgpbjphfxefs/Build/Intermediates.noindex/Firebase.build/Debug-iphonesimulator/FirebaseAuthInternal.build/Objects-normal/arm64/FIRAuthProvider.o /Users/aaronkeen/Library/Developer/Xcode/DerivedData/NutraSafeBeta-awyabywlaekrybetqgpbjphfxefs/SourcePackages/checkouts/firebase-ios-sdk/FirebaseAuth/Sources/ObjC/FIRAuthProvider.m normal arm64 objective-c com.apple.compilers.llvm.clang.1_0.compiler (in target 'FirebaseAuthInternal' from project 'Firebase')
    cd /Users/aaronkeen/Documents/My\ Apps/NutraSafe\ Beta/NutraSafeBeta.xcodeproj
    
    Using response file: /Users/aaronkeen/Library/Developer/Xcode/DerivedData/NutraSafeBeta-awyabywlaekrybetqgpbjphfxefs/Build/Intermediates.noindex/Firebase.build/Debug-iphonesimulator/FirebaseAuthInternal.build/Objects-normal/arm64/e6072d4f65d7061329687fe24e3d63a7-common-args.resp
    
    /Applications/Xcode.app/Contents/Developer/Toolchains/XcodeDefault.xctoolchain/usr/bin/clang -x objective-c -ivfsstatcache /Users/aaronkeen/Library/Developer/Xcode/DerivedData/SDKStatCaches.noindex/iphonesimulator18.5-22F76-d5fc8ad4295d2ef488fb7d0f804ce0c4.sdkstatcache -fmessage-length\=0 -fdiagnostics-show-note-include-stack -fmacro-backtrace-limit\=0 -fno-color-diagnostics -fmodules-prune-interval\=86400 -fmodules-prune-after\=345600 -fbuild-session-file\=/Users/aaronkeen/Library/Developer/Xcode/DerivedData/ModuleCache.noindex/Session.modulevalidation -fmodules-validate-once-per-build-session -Wnon-modular-include-in-framework-module -Werror\=non-modular-include-in-framework-module -Wno-trigraphs -Wno-missing-field-initializers -Wno-missing-prototypes -Wno-return-type -Wno-implicit-atomic-properties -Wno-objc-interface-ivars -Wno-arc-repeated-use-of-weak -Wno-missing-braces -Wparentheses -Wswitch -Wno-unused-function -Wno-unused-label -Wno-unused-parameter -Wno-unused-variable -Wunused-value -Wno-empty-body -Wno-uninitialized -Wno-unknown-pragmas -w -Wno-shadow -Wno-four-char-constants -Wno-conversion -Wno-constant-conversion -Wno-int-conversion -Wno-bool-conversion -Wno-enum-conversion -Wno-float-conversion -Wno-non-literal-null-conversion -Wno-objc-literal-conversion -Wshorten-64-to-32 -Wpointer-sign -Wno-newline-eof -Wno-selector -Wno-strict-selector-match -Wno-undeclared-selector -Wno-deprecated-implementations -Wno-implicit-fallthrough -fstrict-aliasing -Wprotocol -Wdeprecated-declarations -Wno-sign-conversion -Wno-infinite-recursion -Wno-comma -Wno-block-capture-autoreleasing -Wno-strict-prototypes -Wno-semicolon-before-method-body -index-store-path /Users/aaronkeen/Library/Developer/Xcode/DerivedData/NutraSafeBeta-awyabywlaekrybetqgpbjphfxefs/Index.noindex/DataStore @/Users/aaronkeen/Library/Developer/Xcode/DerivedData/NutraSafeBeta-awyabywlaekrybetqgpbjphfxefs/Build/Intermediates.noindex/Firebase.build/Debug-iphonesimulator/FirebaseAuthInternal.build/Objects-normal/arm64/e6072d4f65d7061329687fe24e3d63a7-common-args.resp -MMD -MT dependencies -MF /Users/aaronkeen/Library/Developer/Xcode/DerivedData/NutraSafeBeta-awyabywlaekrybetqgpbjphfxefs/Build/Intermediates.noindex/Firebase.build/Debug-iphonesimulator/FirebaseAuthInternal.build/Objects-normal/arm64/FIRAuthProvider.d --serialize-diagnostics /Users/aaronkeen/Library/Developer/Xcode/DerivedData/NutraSafeBeta-awyabywlaekrybetqgpbjphfxefs/Build/Intermediates.noindex/Firebase.build/Debug-iphonesimulator/FirebaseAuthInternal.build/Objects-normal/arm64/FIRAuthProvider.dia -c /Users/aaronkeen/Library/Developer/Xcode/DerivedData/NutraSafeBeta-awyabywlaekrybetqgpbjphfxefs/SourcePackages/checkouts/firebase-ios-sdk/FirebaseAuth/Sources/ObjC/FIRAuthProvider.m -o /Users/aaronkeen/Library/Developer/Xcode/DerivedData/NutraSafeBeta-awyabywlaekrybetqgpbjphfxefs/Build/Intermediates.noindex/Firebase.build/Debug-iphonesimulator/FirebaseAuthInternal.build/Objects-normal/arm64/FIRAuthProvider.o -index-unit-output-path /Firebase.build/Debug-iphonesimulator/FirebaseAuthInternal.build/Objects-normal/arm64/FIRAuthProvider.o

CompileC /Users/aaronkeen/Library/Developer/Xcode/DerivedData/NutraSafeBeta-awyabywlaekrybetqgpbjphfxefs/Build/Intermediates.noindex/Firebase.build/Debug-iphonesimulator/FirebaseAuthInternal.build/Objects-normal/arm64/FIRAuthErrorUtils.o /Users/aaronkeen/Library/Developer/Xcode/DerivedData/NutraSafeBeta-awyabywlaekrybetqgpbjphfxefs/SourcePackages/checkouts/firebase-ios-sdk/FirebaseAuth/Sources/ObjC/FIRAuthErrorUtils.m normal arm64 objective-c com.apple.compilers.llvm.clang.1_0.compiler (in target 'FirebaseAuthInternal' from project 'Firebase')
    cd /Users/aaronkeen/Documents/My\ Apps/NutraSafe\ Beta/NutraSafeBeta.xcodeproj
    
    Using response file: /Users/aaronkeen/Library/Developer/Xcode/DerivedData/NutraSafeBeta-awyabywlaekrybetqgpbjphfxefs/Build/Intermediates.noindex/Firebase.build/Debug-iphonesimulator/FirebaseAuthInternal.build/Objects-normal/arm64/e6072d4f65d7061329687fe24e3d63a7-common-args.resp
    
    /Applications/Xcode.app/Contents/Developer/Toolchains/XcodeDefault.xctoolchain/usr/bin/clang -x objective-c -ivfsstatcache /Users/aaronkeen/Library/Developer/Xcode/DerivedData/SDKStatCaches.noindex/iphonesimulator18.5-22F76-d5fc8ad4295d2ef488fb7d0f804ce0c4.sdkstatcache -fmessage-length\=0 -fdiagnostics-show-note-include-stack -fmacro-backtrace-limit\=0 -fno-color-diagnostics -fmodules-prune-interval\=86400 -fmodules-prune-after\=345600 -fbuild-session-file\=/Users/aaronkeen/Library/Developer/Xcode/DerivedData/ModuleCache.noindex/Session.modulevalidation -fmodules-validate-once-per-build-session -Wnon-modular-include-in-framework-module -Werror\=non-modular-include-in-framework-module -Wno-trigraphs -Wno-missing-field-initializers -Wno-missing-prototypes -Wno-return-type -Wno-implicit-atomic-properties -Wno-objc-interface-ivars -Wno-arc-repeated-use-of-weak -Wno-missing-braces -Wparentheses -Wswitch -Wno-unused-function -Wno-unused-label -Wno-unused-parameter -Wno-unused-variable -Wunused-value -Wno-empty-body -Wno-uninitialized -Wno-unknown-pragmas -w -Wno-shadow -Wno-four-char-constants -Wno-conversion -Wno-constant-conversion -Wno-int-conversion -Wno-bool-conversion -Wno-enum-conversion -Wno-float-conversion -Wno-non-literal-null-conversion -Wno-objc-literal-conversion -Wshorten-64-to-32 -Wpointer-sign -Wno-newline-eof -Wno-selector -Wno-strict-selector-match -Wno-undeclared-selector -Wno-deprecated-implementations -Wno-implicit-fallthrough -fstrict-aliasing -Wprotocol -Wdeprecated-declarations -Wno-sign-conversion -Wno-infinite-recursion -Wno-comma -Wno-block-capture-autoreleasing -Wno-strict-prototypes -Wno-semicolon-before-method-body -index-store-path /Users/aaronkeen/Library/Developer/Xcode/DerivedData/NutraSafeBeta-awyabywlaekrybetqgpbjphfxefs/Index.noindex/DataStore @/Users/aaronkeen/Library/Developer/Xcode/DerivedData/NutraSafeBeta-awyabywlaekrybetqgpbjphfxefs/Build/Intermediates.noindex/Firebase.build/Debug-iphonesimulator/FirebaseAuthInternal.build/Objects-normal/arm64/e6072d4f65d7061329687fe24e3d63a7-common-args.resp -MMD -MT dependencies -MF /Users/aaronkeen/Library/Developer/Xcode/DerivedData/NutraSafeBeta-awyabywlaekrybetqgpbjphfxefs/Build/Intermediates.noindex/Firebase.build/Debug-iphonesimulator/FirebaseAuthInternal.build/Objects-normal/arm64/FIRAuthErrorUtils.d --serialize-diagnostics /Users/aaronkeen/Library/Developer/Xcode/DerivedData/NutraSafeBeta-awyabywlaekrybetqgpbjphfxefs/Build/Intermediates.noindex/Firebase.build/Debug-iphonesimulator/FirebaseAuthInternal.build/Objects-normal/arm64/FIRAuthErrorUtils.dia -c /Users/aaronkeen/Library/Developer/Xcode/DerivedData/NutraSafeBeta-awyabywlaekrybetqgpbjphfxefs/SourcePackages/checkouts/firebase-ios-sdk/FirebaseAuth/Sources/ObjC/FIRAuthErrorUtils.m -o /Users/aaronkeen/Library/Developer/Xcode/DerivedData/NutraSafeBeta-awyabywlaekrybetqgpbjphfxefs/Build/Intermediates.noindex/Firebase.build/Debug-iphonesimulator/FirebaseAuthInternal.build/Objects-normal/arm64/FIRAuthErrorUtils.o -index-unit-output-path /Firebase.build/Debug-iphonesimulator/FirebaseAuthInternal.build/Objects-normal/arm64/FIRAuthErrorUtils.o

CompileC /Users/aaronkeen/Library/Developer/Xcode/DerivedData/NutraSafeBeta-awyabywlaekrybetqgpbjphfxefs/Build/Intermediates.noindex/Firebase.build/Debug-iphonesimulator/FirebaseAuthInternal.build/Objects-normal/arm64/FIRAuth.o /Users/aaronkeen/Library/Developer/Xcode/DerivedData/NutraSafeBeta-awyabywlaekrybetqgpbjphfxefs/SourcePackages/checkouts/firebase-ios-sdk/FirebaseAuth/Sources/ObjC/FIRAuth.m normal arm64 objective-c com.apple.compilers.llvm.clang.1_0.compiler (in target 'FirebaseAuthInternal' from project 'Firebase')
    cd /Users/aaronkeen/Documents/My\ Apps/NutraSafe\ Beta/NutraSafeBeta.xcodeproj
    
    Using response file: /Users/aaronkeen/Library/Developer/Xcode/DerivedData/NutraSafeBeta-awyabywlaekrybetqgpbjphfxefs/Build/Intermediates.noindex/Firebase.build/Debug-iphonesimulator/FirebaseAuthInternal.build/Objects-normal/arm64/e6072d4f65d7061329687fe24e3d63a7-common-args.resp
    
    /Applications/Xcode.app/Contents/Developer/Toolchains/XcodeDefault.xctoolchain/usr/bin/clang -x objective-c -ivfsstatcache /Users/aaronkeen/Library/Developer/Xcode/DerivedData/SDKStatCaches.noindex/iphonesimulator18.5-22F76-d5fc8ad4295d2ef488fb7d0f804ce0c4.sdkstatcache -fmessage-length\=0 -fdiagnostics-show-note-include-stack -fmacro-backtrace-limit\=0 -fno-color-diagnostics -fmodules-prune-interval\=86400 -fmodules-prune-after\=345600 -fbuild-session-file\=/Users/aaronkeen/Library/Developer/Xcode/DerivedData/ModuleCache.noindex/Session.modulevalidation -fmodules-validate-once-per-build-session -Wnon-modular-include-in-framework-module -Werror\=non-modular-include-in-framework-module -Wno-trigraphs -Wno-missing-field-initializers -Wno-missing-prototypes -Wno-return-type -Wno-implicit-atomic-properties -Wno-objc-interface-ivars -Wno-arc-repeated-use-of-weak -Wno-missing-braces -Wparentheses -Wswitch -Wno-unused-function -Wno-unused-label -Wno-unused-parameter -Wno-unused-variable -Wunused-value -Wno-empty-body -Wno-uninitialized -Wno-unknown-pragmas -w -Wno-shadow -Wno-four-char-constants -Wno-conversion -Wno-constant-conversion -Wno-int-conversion -Wno-bool-conversion -Wno-enum-conversion -Wno-float-conversion -Wno-non-literal-null-conversion -Wno-objc-literal-conversion -Wshorten-64-to-32 -Wpointer-sign -Wno-newline-eof -Wno-selector -Wno-strict-selector-match -Wno-undeclared-selector -Wno-deprecated-implementations -Wno-implicit-fallthrough -fstrict-aliasing -Wprotocol -Wdeprecated-declarations -Wno-sign-conversion -Wno-infinite-recursion -Wno-comma -Wno-block-capture-autoreleasing -Wno-strict-prototypes -Wno-semicolon-before-method-body -index-store-path /Users/aaronkeen/Library/Developer/Xcode/DerivedData/NutraSafeBeta-awyabywlaekrybetqgpbjphfxefs/Index.noindex/DataStore @/Users/aaronkeen/Library/Developer/Xcode/DerivedData/NutraSafeBeta-awyabywlaekrybetqgpbjphfxefs/Build/Intermediates.noindex/Firebase.build/Debug-iphonesimulator/FirebaseAuthInternal.build/Objects-normal/arm64/e6072d4f65d7061329687fe24e3d63a7-common-args.resp -MMD -MT dependencies -MF /Users/aaronkeen/Library/Developer/Xcode/DerivedData/NutraSafeBeta-awyabywlaekrybetqgpbjphfxefs/Build/Intermediates.noindex/Firebase.build/Debug-iphonesimulator/FirebaseAuthInternal.build/Objects-normal/arm64/FIRAuth.d --serialize-diagnostics /Users/aaronkeen/Library/Developer/Xcode/DerivedData/NutraSafeBeta-awyabywlaekrybetqgpbjphfxefs/Build/Intermediates.noindex/Firebase.build/Debug-iphonesimulator/FirebaseAuthInternal.build/Objects-normal/arm64/FIRAuth.dia -c /Users/aaronkeen/Library/Developer/Xcode/DerivedData/NutraSafeBeta-awyabywlaekrybetqgpbjphfxefs/SourcePackages/checkouts/firebase-ios-sdk/FirebaseAuth/Sources/ObjC/FIRAuth.m -o /Users/aaronkeen/Library/Developer/Xcode/DerivedData/NutraSafeBeta-awyabywlaekrybetqgpbjphfxefs/Build/Intermediates.noindex/Firebase.build/Debug-iphonesimulator/FirebaseAuthInternal.build/Objects-normal/arm64/FIRAuth.o -index-unit-output-path /Firebase.build/Debug-iphonesimulator/FirebaseAuthInternal.build/Objects-normal/arm64/FIRAuth.o

PrecompileModule /Users/aaronkeen/Library/Developer/Xcode/DerivedData/NutraSafeBeta-awyabywlaekrybetqgpbjphfxefs/Build/Intermediates.noindex/ExplicitPrecompiledModules/UserNotifications-9MV3FIR52DYR8D9MHPXSGUW2N.scan
    cd /Users/aaronkeen/Documents/My\ Apps/NutraSafe\ Beta/NutraSafeBeta.xcodeproj
    builtin-precompileModule /Users/aaronkeen/Library/Developer/Xcode/DerivedData/NutraSafeBeta-awyabywlaekrybetqgpbjphfxefs/Build/Intermediates.noindex/ExplicitPrecompiledModules/UserNotifications-9MV3FIR52DYR8D9MHPXSGUW2N.scan

PrecompileModule /Users/aaronkeen/Library/Developer/Xcode/DerivedData/NutraSafeBeta-awyabywlaekrybetqgpbjphfxefs/Build/Intermediates.noindex/ExplicitPrecompiledModules/FileProvider-AKHDCMWDB8CTJUPZD9C64EH7W.scan
    cd /Users/aaronkeen/Documents/My\ Apps/NutraSafe\ Beta/NutraSafeBeta.xcodeproj
    builtin-precompileModule /Users/aaronkeen/Library/Developer/Xcode/DerivedData/NutraSafeBeta-awyabywlaekrybetqgpbjphfxefs/Build/Intermediates.noindex/ExplicitPrecompiledModules/FileProvider-AKHDCMWDB8CTJUPZD9C64EH7W.scan

PrecompileModule /Users/aaronkeen/Library/Developer/Xcode/DerivedData/NutraSafeBeta-awyabywlaekrybetqgpbjphfxefs/Build/Intermediates.noindex/ExplicitPrecompiledModules/OpenGLES-8K482DA8NBXJWI6A11EEEE1MG.scan
    cd /Users/aaronkeen/Documents/My\ Apps/NutraSafe\ Beta/NutraSafeBeta.xcodeproj
    builtin-precompileModule /Users/aaronkeen/Library/Developer/Xcode/DerivedData/NutraSafeBeta-awyabywlaekrybetqgpbjphfxefs/Build/Intermediates.noindex/ExplicitPrecompiledModules/OpenGLES-8K482DA8NBXJWI6A11EEEE1MG.scan

PrecompileModule /Users/aaronkeen/Library/Developer/Xcode/DerivedData/NutraSafeBeta-awyabywlaekrybetqgpbjphfxefs/Build/Intermediates.noindex/ExplicitPrecompiledModules/Symbols-A4EE9OHNSBFAISOZLESLK9QZ5.scan
    cd /Users/aaronkeen/Documents/My\ Apps/NutraSafe\ Beta/NutraSafeBeta.xcodeproj
    builtin-precompileModule /Users/aaronkeen/Library/Developer/Xcode/DerivedData/NutraSafeBeta-awyabywlaekrybetqgpbjphfxefs/Build/Intermediates.noindex/ExplicitPrecompiledModules/Symbols-A4EE9OHNSBFAISOZLESLK9QZ5.scan

PrecompileModule /Users/aaronkeen/Library/Developer/Xcode/DerivedData/NutraSafeBeta-awyabywlaekrybetqgpbjphfxefs/Build/Intermediates.noindex/ExplicitPrecompiledModules/IOSurface-A1A6EHFIHB08JXCVUK8ED4XZQ.scan
    cd /Users/aaronkeen/Documents/My\ Apps/NutraSafe\ Beta/NutraSafeBeta.xcodeproj
    builtin-precompileModule /Users/aaronkeen/Library/Developer/Xcode/DerivedData/NutraSafeBeta-awyabywlaekrybetqgpbjphfxefs/Build/Intermediates.noindex/ExplicitPrecompiledModules/IOSurface-A1A6EHFIHB08JXCVUK8ED4XZQ.scan

ScanDependencies /Users/aaronkeen/Library/Developer/Xcode/DerivedData/NutraSafeBeta-awyabywlaekrybetqgpbjphfxefs/Build/Intermediates.noindex/GoogleUtilities.build/Debug-iphonesimulator/GoogleUtilities-Network.build/Objects-normal/arm64/GULNetworkConstants.o /Users/aaronkeen/Library/Developer/Xcode/DerivedData/NutraSafeBeta-awyabywlaekrybetqgpbjphfxefs/SourcePackages/checkouts/GoogleUtilities/GoogleUtilities/Network/GULNetworkConstants.m normal arm64 objective-c com.apple.compilers.llvm.clang.1_0.compiler (in target 'GoogleUtilities-Network' from project 'GoogleUtilities')
    cd /Users/aaronkeen/Documents/My\ Apps/NutraSafe\ Beta/NutraSafeBeta.xcodeproj
    
    Using response file: /Users/aaronkeen/Library/Developer/Xcode/DerivedData/NutraSafeBeta-awyabywlaekrybetqgpbjphfxefs/Build/Intermediates.noindex/GoogleUtilities.build/Debug-iphonesimulator/GoogleUtilities-Network.build/Objects-normal/arm64/e6072d4f65d7061329687fe24e3d63a7-common-args.resp
    
    builtin-ScanDependencies -o /Users/aaronkeen/Library/Developer/Xcode/DerivedData/NutraSafeBeta-awyabywlaekrybetqgpbjphfxefs/Build/Intermediates.noindex/GoogleUtilities.build/Debug-iphonesimulator/GoogleUtilities-Network.build/Objects-normal/arm64/GULNetworkConstants.o.scan -- /Applications/Xcode.app/Contents/Developer/Toolchains/XcodeDefault.xctoolchain/usr/bin/clang -x objective-c -ivfsstatcache /Users/aaronkeen/Library/Developer/Xcode/DerivedData/SDKStatCaches.noindex/iphonesimulator18.5-22F76-d5fc8ad4295d2ef488fb7d0f804ce0c4.sdkstatcache -fmessage-length\=0 -fdiagnostics-show-note-include-stack -fmacro-backtrace-limit\=0 -fno-color-diagnostics -fmodules-prune-interval\=86400 -fmodules-prune-after\=345600 -fbuild-session-file\=/Users/aaronkeen/Library/Developer/Xcode/DerivedData/ModuleCache.noindex/Session.modulevalidation -fmodules-validate-once-per-build-session -Wnon-modular-include-in-framework-module -Werror\=non-modular-include-in-framework-module -Wno-trigraphs -Wno-missing-field-initializers -Wno-missing-prototypes -Wno-return-type -Wno-implicit-atomic-properties -Wno-objc-interface-ivars -Wno-arc-repeated-use-of-weak -Wno-missing-braces -Wparentheses -Wswitch -Wno-unused-function -Wno-unused-label -Wno-unused-parameter -Wno-unused-variable -Wunused-value -Wno-empty-body -Wno-uninitialized -Wno-unknown-pragmas -w -Wno-shadow -Wno-four-char-constants -Wno-conversion -Wno-constant-conversion -Wno-int-conversion -Wno-bool-conversion -Wno-enum-conversion -Wno-float-conversion -Wno-non-literal-null-conversion -Wno-objc-literal-conversion -Wshorten-64-to-32 -Wpointer-sign -Wno-newline-eof -Wno-selector -Wno-strict-selector-match -Wno-undeclared-selector -Wno-deprecated-implementations -Wno-implicit-fallthrough -fstrict-aliasing -Wprotocol -Wdeprecated-declarations -Wno-sign-conversion -Wno-infinite-recursion -Wno-comma -Wno-block-capture-autoreleasing -Wno-strict-prototypes -Wno-semicolon-before-method-body -index-store-path /Users/aaronkeen/Library/Developer/Xcode/DerivedData/NutraSafeBeta-awyabywlaekrybetqgpbjphfxefs/Index.noindex/DataStore @/Users/aaronkeen/Library/Developer/Xcode/DerivedData/NutraSafeBeta-awyabywlaekrybetqgpbjphfxefs/Build/Intermediates.noindex/GoogleUtilities.build/Debug-iphonesimulator/GoogleUtilities-Network.build/Objects-normal/arm64/e6072d4f65d7061329687fe24e3d63a7-common-args.resp -include /Users/aaronkeen/Library/Developer/Xcode/DerivedData/NutraSafeBeta-awyabywlaekrybetqgpbjphfxefs/Build/Intermediates.noindex/GoogleUtilities.build/Debug-iphonesimulator/GoogleUtilities-Network.build/DerivedSources/resource_bundle_accessor.h -MMD -MT dependencies -MF /Users/aaronkeen/Library/Developer/Xcode/DerivedData/NutraSafeBeta-awyabywlaekrybetqgpbjphfxefs/Build/Intermediates.noindex/GoogleUtilities.build/Debug-iphonesimulator/GoogleUtilities-Network.build/Objects-normal/arm64/GULNetworkConstants.d --serialize-diagnostics /Users/aaronkeen/Library/Developer/Xcode/DerivedData/NutraSafeBeta-awyabywlaekrybetqgpbjphfxefs/Build/Intermediates.noindex/GoogleUtilities.build/Debug-iphonesimulator/GoogleUtilities-Network.build/Objects-normal/arm64/GULNetworkConstants.dia -c /Users/aaronkeen/Library/Developer/Xcode/DerivedData/NutraSafeBeta-awyabywlaekrybetqgpbjphfxefs/SourcePackages/checkouts/GoogleUtilities/GoogleUtilities/Network/GULNetworkConstants.m -o /Users/aaronkeen/Library/Developer/Xcode/DerivedData/NutraSafeBeta-awyabywlaekrybetqgpbjphfxefs/Build/Intermediates.noindex/GoogleUtilities.build/Debug-iphonesimulator/GoogleUtilities-Network.build/Objects-normal/arm64/GULNetworkConstants.o -index-unit-output-path /GoogleUtilities.build/Debug-iphonesimulator/GoogleUtilities-Network.build/Objects-normal/arm64/GULNetworkConstants.o

ScanDependencies /Users/aaronkeen/Library/Developer/Xcode/DerivedData/NutraSafeBeta-awyabywlaekrybetqgpbjphfxefs/Build/Intermediates.noindex/GoogleUtilities.build/Debug-iphonesimulator/GoogleUtilities-Network.build/Objects-normal/arm64/GULNetwork.o /Users/aaronkeen/Library/Developer/Xcode/DerivedData/NutraSafeBeta-awyabywlaekrybetqgpbjphfxefs/SourcePackages/checkouts/GoogleUtilities/GoogleUtilities/Network/GULNetwork.m normal arm64 objective-c com.apple.compilers.llvm.clang.1_0.compiler (in target 'GoogleUtilities-Network' from project 'GoogleUtilities')
    cd /Users/aaronkeen/Documents/My\ Apps/NutraSafe\ Beta/NutraSafeBeta.xcodeproj
    
    Using response file: /Users/aaronkeen/Library/Developer/Xcode/DerivedData/NutraSafeBeta-awyabywlaekrybetqgpbjphfxefs/Build/Intermediates.noindex/GoogleUtilities.build/Debug-iphonesimulator/GoogleUtilities-Network.build/Objects-normal/arm64/e6072d4f65d7061329687fe24e3d63a7-common-args.resp
    
    builtin-ScanDependencies -o /Users/aaronkeen/Library/Developer/Xcode/DerivedData/NutraSafeBeta-awyabywlaekrybetqgpbjphfxefs/Build/Intermediates.noindex/GoogleUtilities.build/Debug-iphonesimulator/GoogleUtilities-Network.build/Objects-normal/arm64/GULNetwork.o.scan -- /Applications/Xcode.app/Contents/Developer/Toolchains/XcodeDefault.xctoolchain/usr/bin/clang -x objective-c -ivfsstatcache /Users/aaronkeen/Library/Developer/Xcode/DerivedData/SDKStatCaches.noindex/iphonesimulator18.5-22F76-d5fc8ad4295d2ef488fb7d0f804ce0c4.sdkstatcache -fmessage-length\=0 -fdiagnostics-show-note-include-stack -fmacro-backtrace-limit\=0 -fno-color-diagnostics -fmodules-prune-interval\=86400 -fmodules-prune-after\=345600 -fbuild-session-file\=/Users/aaronkeen/Library/Developer/Xcode/DerivedData/ModuleCache.noindex/Session.modulevalidation -fmodules-validate-once-per-build-session -Wnon-modular-include-in-framework-module -Werror\=non-modular-include-in-framework-module -Wno-trigraphs -Wno-missing-field-initializers -Wno-missing-prototypes -Wno-return-type -Wno-implicit-atomic-properties -Wno-objc-interface-ivars -Wno-arc-repeated-use-of-weak -Wno-missing-braces -Wparentheses -Wswitch -Wno-unused-function -Wno-unused-label -Wno-unused-parameter -Wno-unused-variable -Wunused-value -Wno-empty-body -Wno-uninitialized -Wno-unknown-pragmas -w -Wno-shadow -Wno-four-char-constants -Wno-conversion -Wno-constant-conversion -Wno-int-conversion -Wno-bool-conversion -Wno-enum-conversion -Wno-float-conversion -Wno-non-literal-null-conversion -Wno-objc-literal-conversion -Wshorten-64-to-32 -Wpointer-sign -Wno-newline-eof -Wno-selector -Wno-strict-selector-match -Wno-undeclared-selector -Wno-deprecated-implementations -Wno-implicit-fallthrough -fstrict-aliasing -Wprotocol -Wdeprecated-declarations -Wno-sign-conversion -Wno-infinite-recursion -Wno-comma -Wno-block-capture-autoreleasing -Wno-strict-prototypes -Wno-semicolon-before-method-body -index-store-path /Users/aaronkeen/Library/Developer/Xcode/DerivedData/NutraSafeBeta-awyabywlaekrybetqgpbjphfxefs/Index.noindex/DataStore @/Users/aaronkeen/Library/Developer/Xcode/DerivedData/NutraSafeBeta-awyabywlaekrybetqgpbjphfxefs/Build/Intermediates.noindex/GoogleUtilities.build/Debug-iphonesimulator/GoogleUtilities-Network.build/Objects-normal/arm64/e6072d4f65d7061329687fe24e3d63a7-common-args.resp -include /Users/aaronkeen/Library/Developer/Xcode/DerivedData/NutraSafeBeta-awyabywlaekrybetqgpbjphfxefs/Build/Intermediates.noindex/GoogleUtilities.build/Debug-iphonesimulator/GoogleUtilities-Network.build/DerivedSources/resource_bundle_accessor.h -MMD -MT dependencies -MF /Users/aaronkeen/Library/Developer/Xcode/DerivedData/NutraSafeBeta-awyabywlaekrybetqgpbjphfxefs/Build/Intermediates.noindex/GoogleUtilities.build/Debug-iphonesimulator/GoogleUtilities-Network.build/Objects-normal/arm64/GULNetwork.d --serialize-diagnostics /Users/aaronkeen/Library/Developer/Xcode/DerivedData/NutraSafeBeta-awyabywlaekrybetqgpbjphfxefs/Build/Intermediates.noindex/GoogleUtilities.build/Debug-iphonesimulator/GoogleUtilities-Network.build/Objects-normal/arm64/GULNetwork.dia -c /Users/aaronkeen/Library/Developer/Xcode/DerivedData/NutraSafeBeta-awyabywlaekrybetqgpbjphfxefs/SourcePackages/checkouts/GoogleUtilities/GoogleUtilities/Network/GULNetwork.m -o /Users/aaronkeen/Library/Developer/Xcode/DerivedData/NutraSafeBeta-awyabywlaekrybetqgpbjphfxefs/Build/Intermediates.noindex/GoogleUtilities.build/Debug-iphonesimulator/GoogleUtilities-Network.build/Objects-normal/arm64/GULNetwork.o -index-unit-output-path /GoogleUtilities.build/Debug-iphonesimulator/GoogleUtilities-Network.build/Objects-normal/arm64/GULNetwork.o

ScanDependencies /Users/aaronkeen/Library/Developer/Xcode/DerivedData/NutraSafeBeta-awyabywlaekrybetqgpbjphfxefs/Build/Intermediates.noindex/GoogleUtilities.build/Debug-iphonesimulator/GoogleUtilities-Network.build/Objects-normal/arm64/GULMutableDictionary.o /Users/aaronkeen/Library/Developer/Xcode/DerivedData/NutraSafeBeta-awyabywlaekrybetqgpbjphfxefs/SourcePackages/checkouts/GoogleUtilities/GoogleUtilities/Network/GULMutableDictionary.m normal arm64 objective-c com.apple.compilers.llvm.clang.1_0.compiler (in target 'GoogleUtilities-Network' from project 'GoogleUtilities')
    cd /Users/aaronkeen/Documents/My\ Apps/NutraSafe\ Beta/NutraSafeBeta.xcodeproj
    
    Using response file: /Users/aaronkeen/Library/Developer/Xcode/DerivedData/NutraSafeBeta-awyabywlaekrybetqgpbjphfxefs/Build/Intermediates.noindex/GoogleUtilities.build/Debug-iphonesimulator/GoogleUtilities-Network.build/Objects-normal/arm64/e6072d4f65d7061329687fe24e3d63a7-common-args.resp
    
    builtin-ScanDependencies -o /Users/aaronkeen/Library/Developer/Xcode/DerivedData/NutraSafeBeta-awyabywlaekrybetqgpbjphfxefs/Build/Intermediates.noindex/GoogleUtilities.build/Debug-iphonesimulator/GoogleUtilities-Network.build/Objects-normal/arm64/GULMutableDictionary.o.scan -- /Applications/Xcode.app/Contents/Developer/Toolchains/XcodeDefault.xctoolchain/usr/bin/clang -x objective-c -ivfsstatcache /Users/aaronkeen/Library/Developer/Xcode/DerivedData/SDKStatCaches.noindex/iphonesimulator18.5-22F76-d5fc8ad4295d2ef488fb7d0f804ce0c4.sdkstatcache -fmessage-length\=0 -fdiagnostics-show-note-include-stack -fmacro-backtrace-limit\=0 -fno-color-diagnostics -fmodules-prune-interval\=86400 -fmodules-prune-after\=345600 -fbuild-session-file\=/Users/aaronkeen/Library/Developer/Xcode/DerivedData/ModuleCache.noindex/Session.modulevalidation -fmodules-validate-once-per-build-session -Wnon-modular-include-in-framework-module -Werror\=non-modular-include-in-framework-module -Wno-trigraphs -Wno-missing-field-initializers -Wno-missing-prototypes -Wno-return-type -Wno-implicit-atomic-properties -Wno-objc-interface-ivars -Wno-arc-repeated-use-of-weak -Wno-missing-braces -Wparentheses -Wswitch -Wno-unused-function -Wno-unused-label -Wno-unused-parameter -Wno-unused-variable -Wunused-value -Wno-empty-body -Wno-uninitialized -Wno-unknown-pragmas -w -Wno-shadow -Wno-four-char-constants -Wno-conversion -Wno-constant-conversion -Wno-int-conversion -Wno-bool-conversion -Wno-enum-conversion -Wno-float-conversion -Wno-non-literal-null-conversion -Wno-objc-literal-conversion -Wshorten-64-to-32 -Wpointer-sign -Wno-newline-eof -Wno-selector -Wno-strict-selector-match -Wno-undeclared-selector -Wno-deprecated-implementations -Wno-implicit-fallthrough -fstrict-aliasing -Wprotocol -Wdeprecated-declarations -Wno-sign-conversion -Wno-infinite-recursion -Wno-comma -Wno-block-capture-autoreleasing -Wno-strict-prototypes -Wno-semicolon-before-method-body -index-store-path /Users/aaronkeen/Library/Developer/Xcode/DerivedData/NutraSafeBeta-awyabywlaekrybetqgpbjphfxefs/Index.noindex/DataStore @/Users/aaronkeen/Library/Developer/Xcode/DerivedData/NutraSafeBeta-awyabywlaekrybetqgpbjphfxefs/Build/Intermediates.noindex/GoogleUtilities.build/Debug-iphonesimulator/GoogleUtilities-Network.build/Objects-normal/arm64/e6072d4f65d7061329687fe24e3d63a7-common-args.resp -include /Users/aaronkeen/Library/Developer/Xcode/DerivedData/NutraSafeBeta-awyabywlaekrybetqgpbjphfxefs/Build/Intermediates.noindex/GoogleUtilities.build/Debug-iphonesimulator/GoogleUtilities-Network.build/DerivedSources/resource_bundle_accessor.h -MMD -MT dependencies -MF /Users/aaronkeen/Library/Developer/Xcode/DerivedData/NutraSafeBeta-awyabywlaekrybetqgpbjphfxefs/Build/Intermediates.noindex/GoogleUtilities.build/Debug-iphonesimulator/GoogleUtilities-Network.build/Objects-normal/arm64/GULMutableDictionary.d --serialize-diagnostics /Users/aaronkeen/Library/Developer/Xcode/DerivedData/NutraSafeBeta-awyabywlaekrybetqgpbjphfxefs/Build/Intermediates.noindex/GoogleUtilities.build/Debug-iphonesimulator/GoogleUtilities-Network.build/Objects-normal/arm64/GULMutableDictionary.dia -c /Users/aaronkeen/Library/Developer/Xcode/DerivedData/NutraSafeBeta-awyabywlaekrybetqgpbjphfxefs/SourcePackages/checkouts/GoogleUtilities/GoogleUtilities/Network/GULMutableDictionary.m -o /Users/aaronkeen/Library/Developer/Xcode/DerivedData/NutraSafeBeta-awyabywlaekrybetqgpbjphfxefs/Build/Intermediates.noindex/GoogleUtilities.build/Debug-iphonesimulator/GoogleUtilities-Network.build/Objects-normal/arm64/GULMutableDictionary.o -index-unit-output-path /GoogleUtilities.build/Debug-iphonesimulator/GoogleUtilities-Network.build/Objects-normal/arm64/GULMutableDictionary.o

CodeSign /Users/aaronkeen/Library/Developer/Xcode/DerivedData/NutraSafeBeta-awyabywlaekrybetqgpbjphfxefs/Build/Products/Debug-iphonesimulator/GTMSessionFetcher_GTMSessionFetcherCore.bundle (in target 'GTMSessionFetcher_GTMSessionFetcherCore' from project 'GTMSessionFetcher')
    cd /Users/aaronkeen/Library/Developer/Xcode/DerivedData/NutraSafeBeta-awyabywlaekrybetqgpbjphfxefs/SourcePackages/checkouts/gtm-session-fetcher
    
    Signing Identity:     "Sign to Run Locally"
    
    /usr/bin/codesign --force --sign - --timestamp\=none --generate-entitlement-der /Users/aaronkeen/Library/Developer/Xcode/DerivedData/NutraSafeBeta-awyabywlaekrybetqgpbjphfxefs/Build/Products/Debug-iphonesimulator/GTMSessionFetcher_GTMSessionFetcherCore.bundle

SwiftDriver\ Compilation FirebaseCoreInternal normal arm64 com.apple.xcode.tools.swift.compiler (in target 'FirebaseCoreInternal' from project 'Firebase')
    cd /Users/aaronkeen/Documents/My\ Apps/NutraSafe\ Beta/NutraSafeBeta.xcodeproj
    builtin-Swift-Compilation -- /Applications/Xcode.app/Contents/Developer/Toolchains/XcodeDefault.xctoolchain/usr/bin/swiftc -module-name FirebaseCoreInternal -Onone -enforce-exclusivity\=checked @/Users/aaronkeen/Library/Developer/Xcode/DerivedData/NutraSafeBeta-awyabywlaekrybetqgpbjphfxefs/Build/Intermediates.noindex/Firebase.build/Debug-iphonesimulator/FirebaseCoreInternal.build/Objects-normal/arm64/FirebaseCoreInternal.SwiftFileList -DSWIFT_PACKAGE -DDEBUG -Xcc -fmodule-map-file\=/Users/aaronkeen/Library/Developer/Xcode/DerivedData/NutraSafeBeta-awyabywlaekrybetqgpbjphfxefs/Build/Intermediates.noindex/GeneratedModuleMaps-iphonesimulator/GoogleUtilities-NSData.modulemap -DXcode -plugin-path /Applications/Xcode.app/Contents/Developer/Toolchains/XcodeDefault.xctoolchain/usr/lib/swift/host/plugins/testing -enable-experimental-feature DebugDescriptionMacro -sdk /Applications/Xcode.app/Contents/Developer/Platforms/iPhoneSimulator.platform/Developer/SDKs/iPhoneSimulator18.5.sdk -target arm64-apple-ios15.0-simulator -g -module-cache-path /Users/aaronkeen/Library/Developer/Xcode/DerivedData/ModuleCache.noindex -Xfrontend -serialize-debugging-options -enable-testing -suppress-warnings -index-store-path /Users/aaronkeen/Library/Developer/Xcode/DerivedData/NutraSafeBeta-awyabywlaekrybetqgpbjphfxefs/Index.noindex/DataStore -swift-version 6 -I /Users/aaronkeen/Library/Developer/Xcode/DerivedData/NutraSafeBeta-awyabywlaekrybetqgpbjphfxefs/Build/Products/Debug-iphonesimulator -I /Applications/Xcode.app/Contents/Developer/Platforms/iPhoneSimulator.platform/Developer/usr/lib -F /Users/aaronkeen/Library/Developer/Xcode/DerivedData/NutraSafeBeta-awyabywlaekrybetqgpbjphfxefs/Build/Products/Debug-iphonesimulator/PackageFrameworks -F /Users/aaronkeen/Library/Developer/Xcode/DerivedData/NutraSafeBeta-awyabywlaekrybetqgpbjphfxefs/Build/Products/Debug-iphonesimulator -F /Applications/Xcode.app/Contents/Developer/Platforms/iPhoneSimulator.platform/Developer/Library/Frameworks -F /Applications/Xcode.app/Contents/Developer/Platforms/iPhoneSimulator.platform/Developer/SDKs/iPhoneSimulator18.5.sdk/Developer/Library/Frameworks -c -j14 -enable-batch-mode -incremental -Xcc -ivfsstatcache -Xcc /Users/aaronkeen/Library/Developer/Xcode/DerivedData/SDKStatCaches.noindex/iphonesimulator18.5-22F76-d5fc8ad4295d2ef488fb7d0f804ce0c4.sdkstatcache -output-file-map /Users/aaronkeen/Library/Developer/Xcode/DerivedData/NutraSafeBeta-awyabywlaekrybetqgpbjphfxefs/Build/Intermediates.noindex/Firebase.build/Debug-iphonesimulator/FirebaseCoreInternal.build/Objects-normal/arm64/FirebaseCoreInternal-OutputFileMap.json -use-frontend-parseable-output -save-temps -no-color-diagnostics -serialize-diagnostics -emit-dependencies -emit-module -emit-module-path /Users/aaronkeen/Library/Developer/Xcode/DerivedData/NutraSafeBeta-awyabywlaekrybetqgpbjphfxefs/Build/Intermediates.noindex/Firebase.build/Debug-iphonesimulator/FirebaseCoreInternal.build/Objects-normal/arm64/FirebaseCoreInternal.swiftmodule -user-module-version 12.2.0 -validate-clang-modules-once -clang-build-session-file /Users/aaronkeen/Library/Developer/Xcode/DerivedData/ModuleCache.noindex/Session.modulevalidation -package-name firebase_ios_sdk -Xcc -I/Users/aaronkeen/Library/Developer/Xcode/DerivedData/NutraSafeBeta-awyabywlaekrybetqgpbjphfxefs/Build/Intermediates.noindex/Firebase.build/Debug-iphonesimulator/FirebaseCoreInternal.build/swift-overrides.hmap -emit-const-values -Xfrontend -const-gather-protocols-file -Xfrontend /Users/aaronkeen/Library/Developer/Xcode/DerivedData/NutraSafeBeta-awyabywlaekrybetqgpbjphfxefs/Build/Intermediates.noindex/Firebase.build/Debug-iphonesimulator/FirebaseCoreInternal.build/Objects-normal/arm64/FirebaseCoreInternal_const_extract_protocols.json -Xcc -I/Users/aaronkeen/Library/Developer/Xcode/DerivedData/NutraSafeBeta-awyabywlaekrybetqgpbjphfxefs/SourcePackages/checkouts/GoogleUtilities/GoogleUtilities/NSData+zlib/Public -Xcc -I/Users/aaronkeen/Library/Developer/Xcode/DerivedData/NutraSafeBeta-awyabywlaekrybetqgpbjphfxefs/Build/Products/Debug-iphonesimulator/include -Xcc -I/Users/aaronkeen/Library/Developer/Xcode/DerivedData/NutraSafeBeta-awyabywlaekrybetqgpbjphfxefs/Build/Intermediates.noindex/Firebase.build/Debug-iphonesimulator/FirebaseCoreInternal.build/DerivedSources-normal/arm64 -Xcc -I/Users/aaronkeen/Library/Developer/Xcode/DerivedData/NutraSafeBeta-awyabywlaekrybetqgpbjphfxefs/Build/Intermediates.noindex/Firebase.build/Debug-iphonesimulator/FirebaseCoreInternal.build/DerivedSources/arm64 -Xcc -I/Users/aaronkeen/Library/Developer/Xcode/DerivedData/NutraSafeBeta-awyabywlaekrybetqgpbjphfxefs/Build/Intermediates.noindex/Firebase.build/Debug-iphonesimulator/FirebaseCoreInternal.build/DerivedSources -Xcc -DSWIFT_PACKAGE -Xcc -DDEBUG\=1 -emit-objc-header -emit-objc-header-path /Users/aaronkeen/Library/Developer/Xcode/DerivedData/NutraSafeBeta-awyabywlaekrybetqgpbjphfxefs/Build/Intermediates.noindex/Firebase.build/Debug-iphonesimulator/FirebaseCoreInternal.build/Objects-normal/arm64/FirebaseCoreInternal-Swift.h -working-directory /Users/aaronkeen/Documents/My\ Apps/NutraSafe\ Beta/NutraSafeBeta.xcodeproj -experimental-emit-module-separately -disable-cmo

RegisterExecutionPolicyException /Users/aaronkeen/Library/Developer/Xcode/DerivedData/NutraSafeBeta-awyabywlaekrybetqgpbjphfxefs/Build/Products/Debug-iphonesimulator/nanopb_nanopb.bundle (in target 'nanopb_nanopb' from project 'nanopb')
    cd /Users/aaronkeen/Library/Developer/Xcode/DerivedData/NutraSafeBeta-awyabywlaekrybetqgpbjphfxefs/SourcePackages/checkouts/nanopb
    builtin-RegisterExecutionPolicyException /Users/aaronkeen/Library/Developer/Xcode/DerivedData/NutraSafeBeta-awyabywlaekrybetqgpbjphfxefs/Build/Products/Debug-iphonesimulator/nanopb_nanopb.bundle

RegisterExecutionPolicyException /Users/aaronkeen/Library/Developer/Xcode/DerivedData/NutraSafeBeta-awyabywlaekrybetqgpbjphfxefs/Build/Products/Debug-iphonesimulator/leveldb_leveldb.bundle (in target 'leveldb_leveldb' from project 'leveldb')
    cd /Users/aaronkeen/Library/Developer/Xcode/DerivedData/NutraSafeBeta-awyabywlaekrybetqgpbjphfxefs/SourcePackages/checkouts/leveldb
    builtin-RegisterExecutionPolicyException /Users/aaronkeen/Library/Developer/Xcode/DerivedData/NutraSafeBeta-awyabywlaekrybetqgpbjphfxefs/Build/Products/Debug-iphonesimulator/leveldb_leveldb.bundle

PrecompileModule /Users/aaronkeen/Library/Developer/Xcode/DerivedData/NutraSafeBeta-awyabywlaekrybetqgpbjphfxefs/Build/Intermediates.noindex/ExplicitPrecompiledModules/Metal-37XHTNA8BM1LHZM95UPWQ4NZX.scan
    cd /Users/aaronkeen/Documents/My\ Apps/NutraSafe\ Beta/NutraSafeBeta.xcodeproj
    builtin-precompileModule /Users/aaronkeen/Library/Developer/Xcode/DerivedData/NutraSafeBeta-awyabywlaekrybetqgpbjphfxefs/Build/Intermediates.noindex/ExplicitPrecompiledModules/Metal-37XHTNA8BM1LHZM95UPWQ4NZX.scan

CompileC /Users/aaronkeen/Library/Developer/Xcode/DerivedData/NutraSafeBeta-awyabywlaekrybetqgpbjphfxefs/Build/Intermediates.noindex/GoogleUtilities.build/Debug-iphonesimulator/GoogleUtilities-Network.build/Objects-normal/arm64/GULMutableDictionary.o /Users/aaronkeen/Library/Developer/Xcode/DerivedData/NutraSafeBeta-awyabywlaekrybetqgpbjphfxefs/SourcePackages/checkouts/GoogleUtilities/GoogleUtilities/Network/GULMutableDictionary.m normal arm64 objective-c com.apple.compilers.llvm.clang.1_0.compiler (in target 'GoogleUtilities-Network' from project 'GoogleUtilities')
    cd /Users/aaronkeen/Documents/My\ Apps/NutraSafe\ Beta/NutraSafeBeta.xcodeproj
    
    Using response file: /Users/aaronkeen/Library/Developer/Xcode/DerivedData/NutraSafeBeta-awyabywlaekrybetqgpbjphfxefs/Build/Intermediates.noindex/GoogleUtilities.build/Debug-iphonesimulator/GoogleUtilities-Network.build/Objects-normal/arm64/e6072d4f65d7061329687fe24e3d63a7-common-args.resp
    
    /Applications/Xcode.app/Contents/Developer/Toolchains/XcodeDefault.xctoolchain/usr/bin/clang -x objective-c -ivfsstatcache /Users/aaronkeen/Library/Developer/Xcode/DerivedData/SDKStatCaches.noindex/iphonesimulator18.5-22F76-d5fc8ad4295d2ef488fb7d0f804ce0c4.sdkstatcache -fmessage-length\=0 -fdiagnostics-show-note-include-stack -fmacro-backtrace-limit\=0 -fno-color-diagnostics -fmodules-prune-interval\=86400 -fmodules-prune-after\=345600 -fbuild-session-file\=/Users/aaronkeen/Library/Developer/Xcode/DerivedData/ModuleCache.noindex/Session.modulevalidation -fmodules-validate-once-per-build-session -Wnon-modular-include-in-framework-module -Werror\=non-modular-include-in-framework-module -Wno-trigraphs -Wno-missing-field-initializers -Wno-missing-prototypes -Wno-return-type -Wno-implicit-atomic-properties -Wno-objc-interface-ivars -Wno-arc-repeated-use-of-weak -Wno-missing-braces -Wparentheses -Wswitch -Wno-unused-function -Wno-unused-label -Wno-unused-parameter -Wno-unused-variable -Wunused-value -Wno-empty-body -Wno-uninitialized -Wno-unknown-pragmas -w -Wno-shadow -Wno-four-char-constants -Wno-conversion -Wno-constant-conversion -Wno-int-conversion -Wno-bool-conversion -Wno-enum-conversion -Wno-float-conversion -Wno-non-literal-null-conversion -Wno-objc-literal-conversion -Wshorten-64-to-32 -Wpointer-sign -Wno-newline-eof -Wno-selector -Wno-strict-selector-match -Wno-undeclared-selector -Wno-deprecated-implementations -Wno-implicit-fallthrough -fstrict-aliasing -Wprotocol -Wdeprecated-declarations -Wno-sign-conversion -Wno-infinite-recursion -Wno-comma -Wno-block-capture-autoreleasing -Wno-strict-prototypes -Wno-semicolon-before-method-body -index-store-path /Users/aaronkeen/Library/Developer/Xcode/DerivedData/NutraSafeBeta-awyabywlaekrybetqgpbjphfxefs/Index.noindex/DataStore @/Users/aaronkeen/Library/Developer/Xcode/DerivedData/NutraSafeBeta-awyabywlaekrybetqgpbjphfxefs/Build/Intermediates.noindex/GoogleUtilities.build/Debug-iphonesimulator/GoogleUtilities-Network.build/Objects-normal/arm64/e6072d4f65d7061329687fe24e3d63a7-common-args.resp -include /Users/aaronkeen/Library/Developer/Xcode/DerivedData/NutraSafeBeta-awyabywlaekrybetqgpbjphfxefs/Build/Intermediates.noindex/GoogleUtilities.build/Debug-iphonesimulator/GoogleUtilities-Network.build/DerivedSources/resource_bundle_accessor.h -MMD -MT dependencies -MF /Users/aaronkeen/Library/Developer/Xcode/DerivedData/NutraSafeBeta-awyabywlaekrybetqgpbjphfxefs/Build/Intermediates.noindex/GoogleUtilities.build/Debug-iphonesimulator/GoogleUtilities-Network.build/Objects-normal/arm64/GULMutableDictionary.d --serialize-diagnostics /Users/aaronkeen/Library/Developer/Xcode/DerivedData/NutraSafeBeta-awyabywlaekrybetqgpbjphfxefs/Build/Intermediates.noindex/GoogleUtilities.build/Debug-iphonesimulator/GoogleUtilities-Network.build/Objects-normal/arm64/GULMutableDictionary.dia -c /Users/aaronkeen/Library/Developer/Xcode/DerivedData/NutraSafeBeta-awyabywlaekrybetqgpbjphfxefs/SourcePackages/checkouts/GoogleUtilities/GoogleUtilities/Network/GULMutableDictionary.m -o /Users/aaronkeen/Library/Developer/Xcode/DerivedData/NutraSafeBeta-awyabywlaekrybetqgpbjphfxefs/Build/Intermediates.noindex/GoogleUtilities.build/Debug-iphonesimulator/GoogleUtilities-Network.build/Objects-normal/arm64/GULMutableDictionary.o -index-unit-output-path /GoogleUtilities.build/Debug-iphonesimulator/GoogleUtilities-Network.build/Objects-normal/arm64/GULMutableDictionary.o

RegisterExecutionPolicyException /Users/aaronkeen/Library/Developer/Xcode/DerivedData/NutraSafeBeta-awyabywlaekrybetqgpbjphfxefs/Build/Products/Debug-iphonesimulator/gRPC_opensslWrapper.bundle (in target 'gRPC_opensslWrapper' from project 'gRPC')
    cd /Users/aaronkeen/Library/Developer/Xcode/DerivedData/NutraSafeBeta-awyabywlaekrybetqgpbjphfxefs/SourcePackages/checkouts/grpc-binary
    builtin-RegisterExecutionPolicyException /Users/aaronkeen/Library/Developer/Xcode/DerivedData/NutraSafeBeta-awyabywlaekrybetqgpbjphfxefs/Build/Products/Debug-iphonesimulator/gRPC_opensslWrapper.bundle

CompileC /Users/aaronkeen/Library/Developer/Xcode/DerivedData/NutraSafeBeta-awyabywlaekrybetqgpbjphfxefs/Build/Intermediates.noindex/GoogleUtilities.build/Debug-iphonesimulator/GoogleUtilities-Network.build/Objects-normal/arm64/resource_bundle_accessor.o /Users/aaronkeen/Library/Developer/Xcode/DerivedData/NutraSafeBeta-awyabywlaekrybetqgpbjphfxefs/Build/Intermediates.noindex/GoogleUtilities.build/Debug-iphonesimulator/GoogleUtilities-Network.build/DerivedSources/resource_bundle_accessor.m normal arm64 objective-c com.apple.compilers.llvm.clang.1_0.compiler (in target 'GoogleUtilities-Network' from project 'GoogleUtilities')
    cd /Users/aaronkeen/Documents/My\ Apps/NutraSafe\ Beta/NutraSafeBeta.xcodeproj
    
    Using response file: /Users/aaronkeen/Library/Developer/Xcode/DerivedData/NutraSafeBeta-awyabywlaekrybetqgpbjphfxefs/Build/Intermediates.noindex/GoogleUtilities.build/Debug-iphonesimulator/GoogleUtilities-Network.build/Objects-normal/arm64/e6072d4f65d7061329687fe24e3d63a7-common-args.resp
    
    /Applications/Xcode.app/Contents/Developer/Toolchains/XcodeDefault.xctoolchain/usr/bin/clang -x objective-c -ivfsstatcache /Users/aaronkeen/Library/Developer/Xcode/DerivedData/SDKStatCaches.noindex/iphonesimulator18.5-22F76-d5fc8ad4295d2ef488fb7d0f804ce0c4.sdkstatcache -fmessage-length\=0 -fdiagnostics-show-note-include-stack -fmacro-backtrace-limit\=0 -fno-color-diagnostics -fmodules-prune-interval\=86400 -fmodules-prune-after\=345600 -fbuild-session-file\=/Users/aaronkeen/Library/Developer/Xcode/DerivedData/ModuleCache.noindex/Session.modulevalidation -fmodules-validate-once-per-build-session -Wnon-modular-include-in-framework-module -Werror\=non-modular-include-in-framework-module -Wno-trigraphs -Wno-missing-field-initializers -Wno-missing-prototypes -Wno-return-type -Wno-implicit-atomic-properties -Wno-objc-interface-ivars -Wno-arc-repeated-use-of-weak -Wno-missing-braces -Wparentheses -Wswitch -Wno-unused-function -Wno-unused-label -Wno-unused-parameter -Wno-unused-variable -Wunused-value -Wno-empty-body -Wno-uninitialized -Wno-unknown-pragmas -w -Wno-shadow -Wno-four-char-constants -Wno-conversion -Wno-constant-conversion -Wno-int-conversion -Wno-bool-conversion -Wno-enum-conversion -Wno-float-conversion -Wno-non-literal-null-conversion -Wno-objc-literal-conversion -Wshorten-64-to-32 -Wpointer-sign -Wno-newline-eof -Wno-selector -Wno-strict-selector-match -Wno-undeclared-selector -Wno-deprecated-implementations -Wno-implicit-fallthrough -fstrict-aliasing -Wprotocol -Wdeprecated-declarations -Wno-sign-conversion -Wno-infinite-recursion -Wno-comma -Wno-block-capture-autoreleasing -Wno-strict-prototypes -Wno-semicolon-before-method-body -index-store-path /Users/aaronkeen/Library/Developer/Xcode/DerivedData/NutraSafeBeta-awyabywlaekrybetqgpbjphfxefs/Index.noindex/DataStore @/Users/aaronkeen/Library/Developer/Xcode/DerivedData/NutraSafeBeta-awyabywlaekrybetqgpbjphfxefs/Build/Intermediates.noindex/GoogleUtilities.build/Debug-iphonesimulator/GoogleUtilities-Network.build/Objects-normal/arm64/e6072d4f65d7061329687fe24e3d63a7-common-args.resp -include /Users/aaronkeen/Library/Developer/Xcode/DerivedData/NutraSafeBeta-awyabywlaekrybetqgpbjphfxefs/Build/Intermediates.noindex/GoogleUtilities.build/Debug-iphonesimulator/GoogleUtilities-Network.build/DerivedSources/resource_bundle_accessor.h -MMD -MT dependencies -MF /Users/aaronkeen/Library/Developer/Xcode/DerivedData/NutraSafeBeta-awyabywlaekrybetqgpbjphfxefs/Build/Intermediates.noindex/GoogleUtilities.build/Debug-iphonesimulator/GoogleUtilities-Network.build/Objects-normal/arm64/resource_bundle_accessor.d --serialize-diagnostics /Users/aaronkeen/Library/Developer/Xcode/DerivedData/NutraSafeBeta-awyabywlaekrybetqgpbjphfxefs/Build/Intermediates.noindex/GoogleUtilities.build/Debug-iphonesimulator/GoogleUtilities-Network.build/Objects-normal/arm64/resource_bundle_accessor.dia -c /Users/aaronkeen/Library/Developer/Xcode/DerivedData/NutraSafeBeta-awyabywlaekrybetqgpbjphfxefs/Build/Intermediates.noindex/GoogleUtilities.build/Debug-iphonesimulator/GoogleUtilities-Network.build/DerivedSources/resource_bundle_accessor.m -o /Users/aaronkeen/Library/Developer/Xcode/DerivedData/NutraSafeBeta-awyabywlaekrybetqgpbjphfxefs/Build/Intermediates.noindex/GoogleUtilities.build/Debug-iphonesimulator/GoogleUtilities-Network.build/Objects-normal/arm64/resource_bundle_accessor.o -index-unit-output-path /GoogleUtilities.build/Debug-iphonesimulator/GoogleUtilities-Network.build/Objects-normal/arm64/resource_bundle_accessor.o

RegisterExecutionPolicyException /Users/aaronkeen/Library/Developer/Xcode/DerivedData/NutraSafeBeta-awyabywlaekrybetqgpbjphfxefs/Build/Products/Debug-iphonesimulator/gRPC_grpcppWrapper.bundle (in target 'gRPC_grpcppWrapper' from project 'gRPC')
    cd /Users/aaronkeen/Library/Developer/Xcode/DerivedData/NutraSafeBeta-awyabywlaekrybetqgpbjphfxefs/SourcePackages/checkouts/grpc-binary
    builtin-RegisterExecutionPolicyException /Users/aaronkeen/Library/Developer/Xcode/DerivedData/NutraSafeBeta-awyabywlaekrybetqgpbjphfxefs/Build/Products/Debug-iphonesimulator/gRPC_grpcppWrapper.bundle

RegisterExecutionPolicyException /Users/aaronkeen/Library/Developer/Xcode/DerivedData/NutraSafeBeta-awyabywlaekrybetqgpbjphfxefs/Build/Products/Debug-iphonesimulator/gRPC_grpcWrapper.bundle (in target 'gRPC_grpcWrapper' from project 'gRPC')
    cd /Users/aaronkeen/Library/Developer/Xcode/DerivedData/NutraSafeBeta-awyabywlaekrybetqgpbjphfxefs/SourcePackages/checkouts/grpc-binary
    builtin-RegisterExecutionPolicyException /Users/aaronkeen/Library/Developer/Xcode/DerivedData/NutraSafeBeta-awyabywlaekrybetqgpbjphfxefs/Build/Products/Debug-iphonesimulator/gRPC_grpcWrapper.bundle

RegisterExecutionPolicyException /Users/aaronkeen/Library/Developer/Xcode/DerivedData/NutraSafeBeta-awyabywlaekrybetqgpbjphfxefs/Build/Products/Debug-iphonesimulator/abseil_abslWrapper.bundle (in target 'abseil_abslWrapper' from project 'abseil')
    cd /Users/aaronkeen/Library/Developer/Xcode/DerivedData/NutraSafeBeta-awyabywlaekrybetqgpbjphfxefs/SourcePackages/checkouts/abseil-cpp-binary
    builtin-RegisterExecutionPolicyException /Users/aaronkeen/Library/Developer/Xcode/DerivedData/NutraSafeBeta-awyabywlaekrybetqgpbjphfxefs/Build/Products/Debug-iphonesimulator/abseil_abslWrapper.bundle

RegisterExecutionPolicyException /Users/aaronkeen/Library/Developer/Xcode/DerivedData/NutraSafeBeta-awyabywlaekrybetqgpbjphfxefs/Build/Products/Debug-iphonesimulator/GoogleUtilities_GoogleUtilities-Reachability.bundle (in target 'GoogleUtilities_GoogleUtilities-Reachability' from project 'GoogleUtilities')
    cd /Users/aaronkeen/Library/Developer/Xcode/DerivedData/NutraSafeBeta-awyabywlaekrybetqgpbjphfxefs/SourcePackages/checkouts/GoogleUtilities
    builtin-RegisterExecutionPolicyException /Users/aaronkeen/Library/Developer/Xcode/DerivedData/NutraSafeBeta-awyabywlaekrybetqgpbjphfxefs/Build/Products/Debug-iphonesimulator/GoogleUtilities_GoogleUtilities-Reachability.bundle

PrecompileModule /Users/aaronkeen/Library/Developer/Xcode/DerivedData/NutraSafeBeta-awyabywlaekrybetqgpbjphfxefs/Build/Intermediates.noindex/ExplicitPrecompiledModules/CoreVideo-9E8Q859KFXBB9F1DUHHBD5ZSB.scan
    cd /Users/aaronkeen/Documents/My\ Apps/NutraSafe\ Beta/NutraSafeBeta.xcodeproj
    builtin-precompileModule /Users/aaronkeen/Library/Developer/Xcode/DerivedData/NutraSafeBeta-awyabywlaekrybetqgpbjphfxefs/Build/Intermediates.noindex/ExplicitPrecompiledModules/CoreVideo-9E8Q859KFXBB9F1DUHHBD5ZSB.scan

RegisterExecutionPolicyException /Users/aaronkeen/Library/Developer/Xcode/DerivedData/NutraSafeBeta-awyabywlaekrybetqgpbjphfxefs/Build/Products/Debug-iphonesimulator/GoogleUtilities_GoogleUtilities-Network.bundle (in target 'GoogleUtilities_GoogleUtilities-Network' from project 'GoogleUtilities')
    cd /Users/aaronkeen/Library/Developer/Xcode/DerivedData/NutraSafeBeta-awyabywlaekrybetqgpbjphfxefs/SourcePackages/checkouts/GoogleUtilities
    builtin-RegisterExecutionPolicyException /Users/aaronkeen/Library/Developer/Xcode/DerivedData/NutraSafeBeta-awyabywlaekrybetqgpbjphfxefs/Build/Products/Debug-iphonesimulator/GoogleUtilities_GoogleUtilities-Network.bundle

RegisterExecutionPolicyException /Users/aaronkeen/Library/Developer/Xcode/DerivedData/NutraSafeBeta-awyabywlaekrybetqgpbjphfxefs/Build/Products/Debug-iphonesimulator/GoogleUtilities_GoogleUtilities-NSData.bundle (in target 'GoogleUtilities_GoogleUtilities-NSData' from project 'GoogleUtilities')
    cd /Users/aaronkeen/Library/Developer/Xcode/DerivedData/NutraSafeBeta-awyabywlaekrybetqgpbjphfxefs/SourcePackages/checkouts/GoogleUtilities
    builtin-RegisterExecutionPolicyException /Users/aaronkeen/Library/Developer/Xcode/DerivedData/NutraSafeBeta-awyabywlaekrybetqgpbjphfxefs/Build/Products/Debug-iphonesimulator/GoogleUtilities_GoogleUtilities-NSData.bundle

RegisterExecutionPolicyException /Users/aaronkeen/Library/Developer/Xcode/DerivedData/NutraSafeBeta-awyabywlaekrybetqgpbjphfxefs/Build/Products/Debug-iphonesimulator/GoogleUtilities_GoogleUtilities-Logger.bundle (in target 'GoogleUtilities_GoogleUtilities-Logger' from project 'GoogleUtilities')
    cd /Users/aaronkeen/Library/Developer/Xcode/DerivedData/NutraSafeBeta-awyabywlaekrybetqgpbjphfxefs/SourcePackages/checkouts/GoogleUtilities
    builtin-RegisterExecutionPolicyException /Users/aaronkeen/Library/Developer/Xcode/DerivedData/NutraSafeBeta-awyabywlaekrybetqgpbjphfxefs/Build/Products/Debug-iphonesimulator/GoogleUtilities_GoogleUtilities-Logger.bundle

RegisterExecutionPolicyException /Users/aaronkeen/Library/Developer/Xcode/DerivedData/NutraSafeBeta-awyabywlaekrybetqgpbjphfxefs/Build/Products/Debug-iphonesimulator/GoogleUtilities_GoogleUtilities-Environment.bundle (in target 'GoogleUtilities_GoogleUtilities-Environment' from project 'GoogleUtilities')
    cd /Users/aaronkeen/Library/Developer/Xcode/DerivedData/NutraSafeBeta-awyabywlaekrybetqgpbjphfxefs/SourcePackages/checkouts/GoogleUtilities
    builtin-RegisterExecutionPolicyException /Users/aaronkeen/Library/Developer/Xcode/DerivedData/NutraSafeBeta-awyabywlaekrybetqgpbjphfxefs/Build/Products/Debug-iphonesimulator/GoogleUtilities_GoogleUtilities-Environment.bundle

CompileC /Users/aaronkeen/Library/Developer/Xcode/DerivedData/NutraSafeBeta-awyabywlaekrybetqgpbjphfxefs/Build/Intermediates.noindex/GoogleUtilities.build/Debug-iphonesimulator/GoogleUtilities-Network.build/Objects-normal/arm64/GULNetworkConstants.o /Users/aaronkeen/Library/Developer/Xcode/DerivedData/NutraSafeBeta-awyabywlaekrybetqgpbjphfxefs/SourcePackages/checkouts/GoogleUtilities/GoogleUtilities/Network/GULNetworkConstants.m normal arm64 objective-c com.apple.compilers.llvm.clang.1_0.compiler (in target 'GoogleUtilities-Network' from project 'GoogleUtilities')
    cd /Users/aaronkeen/Documents/My\ Apps/NutraSafe\ Beta/NutraSafeBeta.xcodeproj
    
    Using response file: /Users/aaronkeen/Library/Developer/Xcode/DerivedData/NutraSafeBeta-awyabywlaekrybetqgpbjphfxefs/Build/Intermediates.noindex/GoogleUtilities.build/Debug-iphonesimulator/GoogleUtilities-Network.build/Objects-normal/arm64/e6072d4f65d7061329687fe24e3d63a7-common-args.resp
    
    /Applications/Xcode.app/Contents/Developer/Toolchains/XcodeDefault.xctoolchain/usr/bin/clang -x objective-c -ivfsstatcache /Users/aaronkeen/Library/Developer/Xcode/DerivedData/SDKStatCaches.noindex/iphonesimulator18.5-22F76-d5fc8ad4295d2ef488fb7d0f804ce0c4.sdkstatcache -fmessage-length\=0 -fdiagnostics-show-note-include-stack -fmacro-backtrace-limit\=0 -fno-color-diagnostics -fmodules-prune-interval\=86400 -fmodules-prune-after\=345600 -fbuild-session-file\=/Users/aaronkeen/Library/Developer/Xcode/DerivedData/ModuleCache.noindex/Session.modulevalidation -fmodules-validate-once-per-build-session -Wnon-modular-include-in-framework-module -Werror\=non-modular-include-in-framework-module -Wno-trigraphs -Wno-missing-field-initializers -Wno-missing-prototypes -Wno-return-type -Wno-implicit-atomic-properties -Wno-objc-interface-ivars -Wno-arc-repeated-use-of-weak -Wno-missing-braces -Wparentheses -Wswitch -Wno-unused-function -Wno-unused-label -Wno-unused-parameter -Wno-unused-variable -Wunused-value -Wno-empty-body -Wno-uninitialized -Wno-unknown-pragmas -w -Wno-shadow -Wno-four-char-constants -Wno-conversion -Wno-constant-conversion -Wno-int-conversion -Wno-bool-conversion -Wno-enum-conversion -Wno-float-conversion -Wno-non-literal-null-conversion -Wno-objc-literal-conversion -Wshorten-64-to-32 -Wpointer-sign -Wno-newline-eof -Wno-selector -Wno-strict-selector-match -Wno-undeclared-selector -Wno-deprecated-implementations -Wno-implicit-fallthrough -fstrict-aliasing -Wprotocol -Wdeprecated-declarations -Wno-sign-conversion -Wno-infinite-recursion -Wno-comma -Wno-block-capture-autoreleasing -Wno-strict-prototypes -Wno-semicolon-before-method-body -index-store-path /Users/aaronkeen/Library/Developer/Xcode/DerivedData/NutraSafeBeta-awyabywlaekrybetqgpbjphfxefs/Index.noindex/DataStore @/Users/aaronkeen/Library/Developer/Xcode/DerivedData/NutraSafeBeta-awyabywlaekrybetqgpbjphfxefs/Build/Intermediates.noindex/GoogleUtilities.build/Debug-iphonesimulator/GoogleUtilities-Network.build/Objects-normal/arm64/e6072d4f65d7061329687fe24e3d63a7-common-args.resp -include /Users/aaronkeen/Library/Developer/Xcode/DerivedData/NutraSafeBeta-awyabywlaekrybetqgpbjphfxefs/Build/Intermediates.noindex/GoogleUtilities.build/Debug-iphonesimulator/GoogleUtilities-Network.build/DerivedSources/resource_bundle_accessor.h -MMD -MT dependencies -MF /Users/aaronkeen/Library/Developer/Xcode/DerivedData/NutraSafeBeta-awyabywlaekrybetqgpbjphfxefs/Build/Intermediates.noindex/GoogleUtilities.build/Debug-iphonesimulator/GoogleUtilities-Network.build/Objects-normal/arm64/GULNetworkConstants.d --serialize-diagnostics /Users/aaronkeen/Library/Developer/Xcode/DerivedData/NutraSafeBeta-awyabywlaekrybetqgpbjphfxefs/Build/Intermediates.noindex/GoogleUtilities.build/Debug-iphonesimulator/GoogleUtilities-Network.build/Objects-normal/arm64/GULNetworkConstants.dia -c /Users/aaronkeen/Library/Developer/Xcode/DerivedData/NutraSafeBeta-awyabywlaekrybetqgpbjphfxefs/SourcePackages/checkouts/GoogleUtilities/GoogleUtilities/Network/GULNetworkConstants.m -o /Users/aaronkeen/Library/Developer/Xcode/DerivedData/NutraSafeBeta-awyabywlaekrybetqgpbjphfxefs/Build/Intermediates.noindex/GoogleUtilities.build/Debug-iphonesimulator/GoogleUtilities-Network.build/Objects-normal/arm64/GULNetworkConstants.o -index-unit-output-path /GoogleUtilities.build/Debug-iphonesimulator/GoogleUtilities-Network.build/Objects-normal/arm64/GULNetworkConstants.o

RegisterExecutionPolicyException /Users/aaronkeen/Library/Developer/Xcode/DerivedData/NutraSafeBeta-awyabywlaekrybetqgpbjphfxefs/Build/Products/Debug-iphonesimulator/GoogleUtilities_GoogleUtilities-AppDelegateSwizzler.bundle (in target 'GoogleUtilities_GoogleUtilities-AppDelegateSwizzler' from project 'GoogleUtilities')
    cd /Users/aaronkeen/Library/Developer/Xcode/DerivedData/NutraSafeBeta-awyabywlaekrybetqgpbjphfxefs/SourcePackages/checkouts/GoogleUtilities
    builtin-RegisterExecutionPolicyException /Users/aaronkeen/Library/Developer/Xcode/DerivedData/NutraSafeBeta-awyabywlaekrybetqgpbjphfxefs/Build/Products/Debug-iphonesimulator/GoogleUtilities_GoogleUtilities-AppDelegateSwizzler.bundle

ScanDependencies /Users/aaronkeen/Library/Developer/Xcode/DerivedData/NutraSafeBeta-awyabywlaekrybetqgpbjphfxefs/Build/Intermediates.noindex/GoogleUtilities.build/Debug-iphonesimulator/GoogleUtilities-AppDelegateSwizzler.build/Objects-normal/arm64/resource_bundle_accessor.o /Users/aaronkeen/Library/Developer/Xcode/DerivedData/NutraSafeBeta-awyabywlaekrybetqgpbjphfxefs/Build/Intermediates.noindex/GoogleUtilities.build/Debug-iphonesimulator/GoogleUtilities-AppDelegateSwizzler.build/DerivedSources/resource_bundle_accessor.m normal arm64 objective-c com.apple.compilers.llvm.clang.1_0.compiler (in target 'GoogleUtilities-AppDelegateSwizzler' from project 'GoogleUtilities')
    cd /Users/aaronkeen/Documents/My\ Apps/NutraSafe\ Beta/NutraSafeBeta.xcodeproj
    
    Using response file: /Users/aaronkeen/Library/Developer/Xcode/DerivedData/NutraSafeBeta-awyabywlaekrybetqgpbjphfxefs/Build/Intermediates.noindex/GoogleUtilities.build/Debug-iphonesimulator/GoogleUtilities-AppDelegateSwizzler.build/Objects-normal/arm64/e6072d4f65d7061329687fe24e3d63a7-common-args.resp
    
    builtin-ScanDependencies -o /Users/aaronkeen/Library/Developer/Xcode/DerivedData/NutraSafeBeta-awyabywlaekrybetqgpbjphfxefs/Build/Intermediates.noindex/GoogleUtilities.build/Debug-iphonesimulator/GoogleUtilities-AppDelegateSwizzler.build/Objects-normal/arm64/resource_bundle_accessor.o.scan -- /Applications/Xcode.app/Contents/Developer/Toolchains/XcodeDefault.xctoolchain/usr/bin/clang -x objective-c -ivfsstatcache /Users/aaronkeen/Library/Developer/Xcode/DerivedData/SDKStatCaches.noindex/iphonesimulator18.5-22F76-d5fc8ad4295d2ef488fb7d0f804ce0c4.sdkstatcache -fmessage-length\=0 -fdiagnostics-show-note-include-stack -fmacro-backtrace-limit\=0 -fno-color-diagnostics -fmodules-prune-interval\=86400 -fmodules-prune-after\=345600 -fbuild-session-file\=/Users/aaronkeen/Library/Developer/Xcode/DerivedData/ModuleCache.noindex/Session.modulevalidation -fmodules-validate-once-per-build-session -Wnon-modular-include-in-framework-module -Werror\=non-modular-include-in-framework-module -Wno-trigraphs -Wno-missing-field-initializers -Wno-missing-prototypes -Wno-return-type -Wno-implicit-atomic-properties -Wno-objc-interface-ivars -Wno-arc-repeated-use-of-weak -Wno-missing-braces -Wparentheses -Wswitch -Wno-unused-function -Wno-unused-label -Wno-unused-parameter -Wno-unused-variable -Wunused-value -Wno-empty-body -Wno-uninitialized -Wno-unknown-pragmas -w -Wno-shadow -Wno-four-char-constants -Wno-conversion -Wno-constant-conversion -Wno-int-conversion -Wno-bool-conversion -Wno-enum-conversion -Wno-float-conversion -Wno-non-literal-null-conversion -Wno-objc-literal-conversion -Wshorten-64-to-32 -Wpointer-sign -Wno-newline-eof -Wno-selector -Wno-strict-selector-match -Wno-undeclared-selector -Wno-deprecated-implementations -Wno-implicit-fallthrough -fstrict-aliasing -Wprotocol -Wdeprecated-declarations -Wno-sign-conversion -Wno-infinite-recursion -Wno-comma -Wno-block-capture-autoreleasing -Wno-strict-prototypes -Wno-semicolon-before-method-body -index-store-path /Users/aaronkeen/Library/Developer/Xcode/DerivedData/NutraSafeBeta-awyabywlaekrybetqgpbjphfxefs/Index.noindex/DataStore @/Users/aaronkeen/Library/Developer/Xcode/DerivedData/NutraSafeBeta-awyabywlaekrybetqgpbjphfxefs/Build/Intermediates.noindex/GoogleUtilities.build/Debug-iphonesimulator/GoogleUtilities-AppDelegateSwizzler.build/Objects-normal/arm64/e6072d4f65d7061329687fe24e3d63a7-common-args.resp -include /Users/aaronkeen/Library/Developer/Xcode/DerivedData/NutraSafeBeta-awyabywlaekrybetqgpbjphfxefs/Build/Intermediates.noindex/GoogleUtilities.build/Debug-iphonesimulator/GoogleUtilities-AppDelegateSwizzler.build/DerivedSources/resource_bundle_accessor.h -MMD -MT dependencies -MF /Users/aaronkeen/Library/Developer/Xcode/DerivedData/NutraSafeBeta-awyabywlaekrybetqgpbjphfxefs/Build/Intermediates.noindex/GoogleUtilities.build/Debug-iphonesimulator/GoogleUtilities-AppDelegateSwizzler.build/Objects-normal/arm64/resource_bundle_accessor.d --serialize-diagnostics /Users/aaronkeen/Library/Developer/Xcode/DerivedData/NutraSafeBeta-awyabywlaekrybetqgpbjphfxefs/Build/Intermediates.noindex/GoogleUtilities.build/Debug-iphonesimulator/GoogleUtilities-AppDelegateSwizzler.build/Objects-normal/arm64/resource_bundle_accessor.dia -c /Users/aaronkeen/Library/Developer/Xcode/DerivedData/NutraSafeBeta-awyabywlaekrybetqgpbjphfxefs/Build/Intermediates.noindex/GoogleUtilities.build/Debug-iphonesimulator/GoogleUtilities-AppDelegateSwizzler.build/DerivedSources/resource_bundle_accessor.m -o /Users/aaronkeen/Library/Developer/Xcode/DerivedData/NutraSafeBeta-awyabywlaekrybetqgpbjphfxefs/Build/Intermediates.noindex/GoogleUtilities.build/Debug-iphonesimulator/GoogleUtilities-AppDelegateSwizzler.build/Objects-normal/arm64/resource_bundle_accessor.o -index-unit-output-path /GoogleUtilities.build/Debug-iphonesimulator/GoogleUtilities-AppDelegateSwizzler.build/Objects-normal/arm64/resource_bundle_accessor.o

ScanDependencies /Users/aaronkeen/Library/Developer/Xcode/DerivedData/NutraSafeBeta-awyabywlaekrybetqgpbjphfxefs/Build/Intermediates.noindex/GoogleUtilities.build/Debug-iphonesimulator/GoogleUtilities-AppDelegateSwizzler.build/Objects-normal/arm64/GULSceneDelegateSwizzler.o /Users/aaronkeen/Library/Developer/Xcode/DerivedData/NutraSafeBeta-awyabywlaekrybetqgpbjphfxefs/SourcePackages/checkouts/GoogleUtilities/GoogleUtilities/AppDelegateSwizzler/GULSceneDelegateSwizzler.m normal arm64 objective-c com.apple.compilers.llvm.clang.1_0.compiler (in target 'GoogleUtilities-AppDelegateSwizzler' from project 'GoogleUtilities')
    cd /Users/aaronkeen/Documents/My\ Apps/NutraSafe\ Beta/NutraSafeBeta.xcodeproj
    
    Using response file: /Users/aaronkeen/Library/Developer/Xcode/DerivedData/NutraSafeBeta-awyabywlaekrybetqgpbjphfxefs/Build/Intermediates.noindex/GoogleUtilities.build/Debug-iphonesimulator/GoogleUtilities-AppDelegateSwizzler.build/Objects-normal/arm64/e6072d4f65d7061329687fe24e3d63a7-common-args.resp
    
    builtin-ScanDependencies -o /Users/aaronkeen/Library/Developer/Xcode/DerivedData/NutraSafeBeta-awyabywlaekrybetqgpbjphfxefs/Build/Intermediates.noindex/GoogleUtilities.build/Debug-iphonesimulator/GoogleUtilities-AppDelegateSwizzler.build/Objects-normal/arm64/GULSceneDelegateSwizzler.o.scan -- /Applications/Xcode.app/Contents/Developer/Toolchains/XcodeDefault.xctoolchain/usr/bin/clang -x objective-c -ivfsstatcache /Users/aaronkeen/Library/Developer/Xcode/DerivedData/SDKStatCaches.noindex/iphonesimulator18.5-22F76-d5fc8ad4295d2ef488fb7d0f804ce0c4.sdkstatcache -fmessage-length\=0 -fdiagnostics-show-note-include-stack -fmacro-backtrace-limit\=0 -fno-color-diagnostics -fmodules-prune-interval\=86400 -fmodules-prune-after\=345600 -fbuild-session-file\=/Users/aaronkeen/Library/Developer/Xcode/DerivedData/ModuleCache.noindex/Session.modulevalidation -fmodules-validate-once-per-build-session -Wnon-modular-include-in-framework-module -Werror\=non-modular-include-in-framework-module -Wno-trigraphs -Wno-missing-field-initializers -Wno-missing-prototypes -Wno-return-type -Wno-implicit-atomic-properties -Wno-objc-interface-ivars -Wno-arc-repeated-use-of-weak -Wno-missing-braces -Wparentheses -Wswitch -Wno-unused-function -Wno-unused-label -Wno-unused-parameter -Wno-unused-variable -Wunused-value -Wno-empty-body -Wno-uninitialized -Wno-unknown-pragmas -w -Wno-shadow -Wno-four-char-constants -Wno-conversion -Wno-constant-conversion -Wno-int-conversion -Wno-bool-conversion -Wno-enum-conversion -Wno-float-conversion -Wno-non-literal-null-conversion -Wno-objc-literal-conversion -Wshorten-64-to-32 -Wpointer-sign -Wno-newline-eof -Wno-selector -Wno-strict-selector-match -Wno-undeclared-selector -Wno-deprecated-implementations -Wno-implicit-fallthrough -fstrict-aliasing -Wprotocol -Wdeprecated-declarations -Wno-sign-conversion -Wno-infinite-recursion -Wno-comma -Wno-block-capture-autoreleasing -Wno-strict-prototypes -Wno-semicolon-before-method-body -index-store-path /Users/aaronkeen/Library/Developer/Xcode/DerivedData/NutraSafeBeta-awyabywlaekrybetqgpbjphfxefs/Index.noindex/DataStore @/Users/aaronkeen/Library/Developer/Xcode/DerivedData/NutraSafeBeta-awyabywlaekrybetqgpbjphfxefs/Build/Intermediates.noindex/GoogleUtilities.build/Debug-iphonesimulator/GoogleUtilities-AppDelegateSwizzler.build/Objects-normal/arm64/e6072d4f65d7061329687fe24e3d63a7-common-args.resp -include /Users/aaronkeen/Library/Developer/Xcode/DerivedData/NutraSafeBeta-awyabywlaekrybetqgpbjphfxefs/Build/Intermediates.noindex/GoogleUtilities.build/Debug-iphonesimulator/GoogleUtilities-AppDelegateSwizzler.build/DerivedSources/resource_bundle_accessor.h -MMD -MT dependencies -MF /Users/aaronkeen/Library/Developer/Xcode/DerivedData/NutraSafeBeta-awyabywlaekrybetqgpbjphfxefs/Build/Intermediates.noindex/GoogleUtilities.build/Debug-iphonesimulator/GoogleUtilities-AppDelegateSwizzler.build/Objects-normal/arm64/GULSceneDelegateSwizzler.d --serialize-diagnostics /Users/aaronkeen/Library/Developer/Xcode/DerivedData/NutraSafeBeta-awyabywlaekrybetqgpbjphfxefs/Build/Intermediates.noindex/GoogleUtilities.build/Debug-iphonesimulator/GoogleUtilities-AppDelegateSwizzler.build/Objects-normal/arm64/GULSceneDelegateSwizzler.dia -c /Users/aaronkeen/Library/Developer/Xcode/DerivedData/NutraSafeBeta-awyabywlaekrybetqgpbjphfxefs/SourcePackages/checkouts/GoogleUtilities/GoogleUtilities/AppDelegateSwizzler/GULSceneDelegateSwizzler.m -o /Users/aaronkeen/Library/Developer/Xcode/DerivedData/NutraSafeBeta-awyabywlaekrybetqgpbjphfxefs/Build/Intermediates.noindex/GoogleUtilities.build/Debug-iphonesimulator/GoogleUtilities-AppDelegateSwizzler.build/Objects-normal/arm64/GULSceneDelegateSwizzler.o -index-unit-output-path /GoogleUtilities.build/Debug-iphonesimulator/GoogleUtilities-AppDelegateSwizzler.build/Objects-normal/arm64/GULSceneDelegateSwizzler.o

ScanDependencies /Users/aaronkeen/Library/Developer/Xcode/DerivedData/NutraSafeBeta-awyabywlaekrybetqgpbjphfxefs/Build/Intermediates.noindex/GoogleUtilities.build/Debug-iphonesimulator/GoogleUtilities-AppDelegateSwizzler.build/Objects-normal/arm64/GULAppDelegateSwizzler.o /Users/aaronkeen/Library/Developer/Xcode/DerivedData/NutraSafeBeta-awyabywlaekrybetqgpbjphfxefs/SourcePackages/checkouts/GoogleUtilities/GoogleUtilities/AppDelegateSwizzler/GULAppDelegateSwizzler.m normal arm64 objective-c com.apple.compilers.llvm.clang.1_0.compiler (in target 'GoogleUtilities-AppDelegateSwizzler' from project 'GoogleUtilities')
    cd /Users/aaronkeen/Documents/My\ Apps/NutraSafe\ Beta/NutraSafeBeta.xcodeproj
    
    Using response file: /Users/aaronkeen/Library/Developer/Xcode/DerivedData/NutraSafeBeta-awyabywlaekrybetqgpbjphfxefs/Build/Intermediates.noindex/GoogleUtilities.build/Debug-iphonesimulator/GoogleUtilities-AppDelegateSwizzler.build/Objects-normal/arm64/e6072d4f65d7061329687fe24e3d63a7-common-args.resp
    
    builtin-ScanDependencies -o /Users/aaronkeen/Library/Developer/Xcode/DerivedData/NutraSafeBeta-awyabywlaekrybetqgpbjphfxefs/Build/Intermediates.noindex/GoogleUtilities.build/Debug-iphonesimulator/GoogleUtilities-AppDelegateSwizzler.build/Objects-normal/arm64/GULAppDelegateSwizzler.o.scan -- /Applications/Xcode.app/Contents/Developer/Toolchains/XcodeDefault.xctoolchain/usr/bin/clang -x objective-c -ivfsstatcache /Users/aaronkeen/Library/Developer/Xcode/DerivedData/SDKStatCaches.noindex/iphonesimulator18.5-22F76-d5fc8ad4295d2ef488fb7d0f804ce0c4.sdkstatcache -fmessage-length\=0 -fdiagnostics-show-note-include-stack -fmacro-backtrace-limit\=0 -fno-color-diagnostics -fmodules-prune-interval\=86400 -fmodules-prune-after\=345600 -fbuild-session-file\=/Users/aaronkeen/Library/Developer/Xcode/DerivedData/ModuleCache.noindex/Session.modulevalidation -fmodules-validate-once-per-build-session -Wnon-modular-include-in-framework-module -Werror\=non-modular-include-in-framework-module -Wno-trigraphs -Wno-missing-field-initializers -Wno-missing-prototypes -Wno-return-type -Wno-implicit-atomic-properties -Wno-objc-interface-ivars -Wno-arc-repeated-use-of-weak -Wno-missing-braces -Wparentheses -Wswitch -Wno-unused-function -Wno-unused-label -Wno-unused-parameter -Wno-unused-variable -Wunused-value -Wno-empty-body -Wno-uninitialized -Wno-unknown-pragmas -w -Wno-shadow -Wno-four-char-constants -Wno-conversion -Wno-constant-conversion -Wno-int-conversion -Wno-bool-conversion -Wno-enum-conversion -Wno-float-conversion -Wno-non-literal-null-conversion -Wno-objc-literal-conversion -Wshorten-64-to-32 -Wpointer-sign -Wno-newline-eof -Wno-selector -Wno-strict-selector-match -Wno-undeclared-selector -Wno-deprecated-implementations -Wno-implicit-fallthrough -fstrict-aliasing -Wprotocol -Wdeprecated-declarations -Wno-sign-conversion -Wno-infinite-recursion -Wno-comma -Wno-block-capture-autoreleasing -Wno-strict-prototypes -Wno-semicolon-before-method-body -index-store-path /Users/aaronkeen/Library/Developer/Xcode/DerivedData/NutraSafeBeta-awyabywlaekrybetqgpbjphfxefs/Index.noindex/DataStore @/Users/aaronkeen/Library/Developer/Xcode/DerivedData/NutraSafeBeta-awyabywlaekrybetqgpbjphfxefs/Build/Intermediates.noindex/GoogleUtilities.build/Debug-iphonesimulator/GoogleUtilities-AppDelegateSwizzler.build/Objects-normal/arm64/e6072d4f65d7061329687fe24e3d63a7-common-args.resp -include /Users/aaronkeen/Library/Developer/Xcode/DerivedData/NutraSafeBeta-awyabywlaekrybetqgpbjphfxefs/Build/Intermediates.noindex/GoogleUtilities.build/Debug-iphonesimulator/GoogleUtilities-AppDelegateSwizzler.build/DerivedSources/resource_bundle_accessor.h -MMD -MT dependencies -MF /Users/aaronkeen/Library/Developer/Xcode/DerivedData/NutraSafeBeta-awyabywlaekrybetqgpbjphfxefs/Build/Intermediates.noindex/GoogleUtilities.build/Debug-iphonesimulator/GoogleUtilities-AppDelegateSwizzler.build/Objects-normal/arm64/GULAppDelegateSwizzler.d --serialize-diagnostics /Users/aaronkeen/Library/Developer/Xcode/DerivedData/NutraSafeBeta-awyabywlaekrybetqgpbjphfxefs/Build/Intermediates.noindex/GoogleUtilities.build/Debug-iphonesimulator/GoogleUtilities-AppDelegateSwizzler.build/Objects-normal/arm64/GULAppDelegateSwizzler.dia -c /Users/aaronkeen/Library/Developer/Xcode/DerivedData/NutraSafeBeta-awyabywlaekrybetqgpbjphfxefs/SourcePackages/checkouts/GoogleUtilities/GoogleUtilities/AppDelegateSwizzler/GULAppDelegateSwizzler.m -o /Users/aaronkeen/Library/Developer/Xcode/DerivedData/NutraSafeBeta-awyabywlaekrybetqgpbjphfxefs/Build/Intermediates.noindex/GoogleUtilities.build/Debug-iphonesimulator/GoogleUtilities-AppDelegateSwizzler.build/Objects-normal/arm64/GULAppDelegateSwizzler.o -index-unit-output-path /GoogleUtilities.build/Debug-iphonesimulator/GoogleUtilities-AppDelegateSwizzler.build/Objects-normal/arm64/GULAppDelegateSwizzler.o

RegisterExecutionPolicyException /Users/aaronkeen/Library/Developer/Xcode/DerivedData/NutraSafeBeta-awyabywlaekrybetqgpbjphfxefs/Build/Products/Debug-iphonesimulator/GTMSessionFetcher_GTMSessionFetcherCore.bundle (in target 'GTMSessionFetcher_GTMSessionFetcherCore' from project 'GTMSessionFetcher')
    cd /Users/aaronkeen/Library/Developer/Xcode/DerivedData/NutraSafeBeta-awyabywlaekrybetqgpbjphfxefs/SourcePackages/checkouts/gtm-session-fetcher
    builtin-RegisterExecutionPolicyException /Users/aaronkeen/Library/Developer/Xcode/DerivedData/NutraSafeBeta-awyabywlaekrybetqgpbjphfxefs/Build/Products/Debug-iphonesimulator/GTMSessionFetcher_GTMSessionFetcherCore.bundle

CodeSign /Users/aaronkeen/Library/Developer/Xcode/DerivedData/NutraSafeBeta-awyabywlaekrybetqgpbjphfxefs/Build/Products/Debug-iphonesimulator/Firebase_FirebaseFirestore.bundle (in target 'Firebase_FirebaseFirestore' from project 'Firebase')
    cd /Users/aaronkeen/Library/Developer/Xcode/DerivedData/NutraSafeBeta-awyabywlaekrybetqgpbjphfxefs/SourcePackages/checkouts/firebase-ios-sdk
    
    Signing Identity:     "Sign to Run Locally"
    
    /usr/bin/codesign --force --sign - --timestamp\=none --generate-entitlement-der /Users/aaronkeen/Library/Developer/Xcode/DerivedData/NutraSafeBeta-awyabywlaekrybetqgpbjphfxefs/Build/Products/Debug-iphonesimulator/Firebase_FirebaseFirestore.bundle

CodeSign /Users/aaronkeen/Library/Developer/Xcode/DerivedData/NutraSafeBeta-awyabywlaekrybetqgpbjphfxefs/Build/Products/Debug-iphonesimulator/Firebase_FirebaseCoreInternal.bundle (in target 'Firebase_FirebaseCoreInternal' from project 'Firebase')
    cd /Users/aaronkeen/Library/Developer/Xcode/DerivedData/NutraSafeBeta-awyabywlaekrybetqgpbjphfxefs/SourcePackages/checkouts/firebase-ios-sdk
    
    Signing Identity:     "Sign to Run Locally"
    
    /usr/bin/codesign --force --sign - --timestamp\=none --generate-entitlement-der /Users/aaronkeen/Library/Developer/Xcode/DerivedData/NutraSafeBeta-awyabywlaekrybetqgpbjphfxefs/Build/Products/Debug-iphonesimulator/Firebase_FirebaseCoreInternal.bundle

CodeSign /Users/aaronkeen/Library/Developer/Xcode/DerivedData/NutraSafeBeta-awyabywlaekrybetqgpbjphfxefs/Build/Products/Debug-iphonesimulator/Firebase_FirebaseCoreExtension.bundle (in target 'Firebase_FirebaseCoreExtension' from project 'Firebase')
    cd /Users/aaronkeen/Library/Developer/Xcode/DerivedData/NutraSafeBeta-awyabywlaekrybetqgpbjphfxefs/SourcePackages/checkouts/firebase-ios-sdk
    
    Signing Identity:     "Sign to Run Locally"
    
    /usr/bin/codesign --force --sign - --timestamp\=none --generate-entitlement-der /Users/aaronkeen/Library/Developer/Xcode/DerivedData/NutraSafeBeta-awyabywlaekrybetqgpbjphfxefs/Build/Products/Debug-iphonesimulator/Firebase_FirebaseCoreExtension.bundle

CodeSign /Users/aaronkeen/Library/Developer/Xcode/DerivedData/NutraSafeBeta-awyabywlaekrybetqgpbjphfxefs/Build/Products/Debug-iphonesimulator/Firebase_FirebaseCore.bundle (in target 'Firebase_FirebaseCore' from project 'Firebase')
    cd /Users/aaronkeen/Library/Developer/Xcode/DerivedData/NutraSafeBeta-awyabywlaekrybetqgpbjphfxefs/SourcePackages/checkouts/firebase-ios-sdk
    
    Signing Identity:     "Sign to Run Locally"
    
    /usr/bin/codesign --force --sign - --timestamp\=none --generate-entitlement-der /Users/aaronkeen/Library/Developer/Xcode/DerivedData/NutraSafeBeta-awyabywlaekrybetqgpbjphfxefs/Build/Products/Debug-iphonesimulator/Firebase_FirebaseCore.bundle

CodeSign /Users/aaronkeen/Library/Developer/Xcode/DerivedData/NutraSafeBeta-awyabywlaekrybetqgpbjphfxefs/Build/Products/Debug-iphonesimulator/Firebase_FirebaseAuth.bundle (in target 'Firebase_FirebaseAuth' from project 'Firebase')
    cd /Users/aaronkeen/Library/Developer/Xcode/DerivedData/NutraSafeBeta-awyabywlaekrybetqgpbjphfxefs/SourcePackages/checkouts/firebase-ios-sdk
    
    Signing Identity:     "Sign to Run Locally"
    
    /usr/bin/codesign --force --sign - --timestamp\=none --generate-entitlement-der /Users/aaronkeen/Library/Developer/Xcode/DerivedData/NutraSafeBeta-awyabywlaekrybetqgpbjphfxefs/Build/Products/Debug-iphonesimulator/Firebase_FirebaseAuth.bundle

ScanDependencies /Users/aaronkeen/Library/Developer/Xcode/DerivedData/NutraSafeBeta-awyabywlaekrybetqgpbjphfxefs/Build/Intermediates.noindex/Firebase.build/Debug-iphonesimulator/FirebaseFirestoreInternalWrapper.build/Objects-normal/arm64/dummy.o /Users/aaronkeen/Library/Developer/Xcode/DerivedData/NutraSafeBeta-awyabywlaekrybetqgpbjphfxefs/SourcePackages/checkouts/firebase-ios-sdk/FirebaseFirestoreInternal/dummy.m normal arm64 objective-c com.apple.compilers.llvm.clang.1_0.compiler (in target 'FirebaseFirestoreInternalWrapper' from project 'Firebase')
    cd /Users/aaronkeen/Documents/My\ Apps/NutraSafe\ Beta/NutraSafeBeta.xcodeproj
    
    Using response file: /Users/aaronkeen/Library/Developer/Xcode/DerivedData/NutraSafeBeta-awyabywlaekrybetqgpbjphfxefs/Build/Intermediates.noindex/Firebase.build/Debug-iphonesimulator/FirebaseFirestoreInternalWrapper.build/Objects-normal/arm64/e6072d4f65d7061329687fe24e3d63a7-common-args.resp
    
    builtin-ScanDependencies -o /Users/aaronkeen/Library/Developer/Xcode/DerivedData/NutraSafeBeta-awyabywlaekrybetqgpbjphfxefs/Build/Intermediates.noindex/Firebase.build/Debug-iphonesimulator/FirebaseFirestoreInternalWrapper.build/Objects-normal/arm64/dummy.o.scan -- /Applications/Xcode.app/Contents/Developer/Toolchains/XcodeDefault.xctoolchain/usr/bin/clang -x objective-c -ivfsstatcache /Users/aaronkeen/Library/Developer/Xcode/DerivedData/SDKStatCaches.noindex/iphonesimulator18.5-22F76-d5fc8ad4295d2ef488fb7d0f804ce0c4.sdkstatcache -fmessage-length\=0 -fdiagnostics-show-note-include-stack -fmacro-backtrace-limit\=0 -fno-color-diagnostics -fmodules-prune-interval\=86400 -fmodules-prune-after\=345600 -fbuild-session-file\=/Users/aaronkeen/Library/Developer/Xcode/DerivedData/ModuleCache.noindex/Session.modulevalidation -fmodules-validate-once-per-build-session -Wnon-modular-include-in-framework-module -Werror\=non-modular-include-in-framework-module -Wno-trigraphs -Wno-missing-field-initializers -Wno-missing-prototypes -Wno-return-type -Wno-implicit-atomic-properties -Wno-objc-interface-ivars -Wno-arc-repeated-use-of-weak -Wno-missing-braces -Wparentheses -Wswitch -Wno-unused-function -Wno-unused-label -Wno-unused-parameter -Wno-unused-variable -Wunused-value -Wno-empty-body -Wno-uninitialized -Wno-unknown-pragmas -w -Wno-shadow -Wno-four-char-constants -Wno-conversion -Wno-constant-conversion -Wno-int-conversion -Wno-bool-conversion -Wno-enum-conversion -Wno-float-conversion -Wno-non-literal-null-conversion -Wno-objc-literal-conversion -Wshorten-64-to-32 -Wpointer-sign -Wno-newline-eof -Wno-selector -Wno-strict-selector-match -Wno-undeclared-selector -Wno-deprecated-implementations -Wno-implicit-fallthrough -fstrict-aliasing -Wprotocol -Wdeprecated-declarations -Wno-sign-conversion -Wno-infinite-recursion -Wno-comma -Wno-block-capture-autoreleasing -Wno-strict-prototypes -Wno-semicolon-before-method-body -index-store-path /Users/aaronkeen/Library/Developer/Xcode/DerivedData/NutraSafeBeta-awyabywlaekrybetqgpbjphfxefs/Index.noindex/DataStore @/Users/aaronkeen/Library/Developer/Xcode/DerivedData/NutraSafeBeta-awyabywlaekrybetqgpbjphfxefs/Build/Intermediates.noindex/Firebase.build/Debug-iphonesimulator/FirebaseFirestoreInternalWrapper.build/Objects-normal/arm64/e6072d4f65d7061329687fe24e3d63a7-common-args.resp -MMD -MT dependencies -MF /Users/aaronkeen/Library/Developer/Xcode/DerivedData/NutraSafeBeta-awyabywlaekrybetqgpbjphfxefs/Build/Intermediates.noindex/Firebase.build/Debug-iphonesimulator/FirebaseFirestoreInternalWrapper.build/Objects-normal/arm64/dummy.d --serialize-diagnostics /Users/aaronkeen/Library/Developer/Xcode/DerivedData/NutraSafeBeta-awyabywlaekrybetqgpbjphfxefs/Build/Intermediates.noindex/Firebase.build/Debug-iphonesimulator/FirebaseFirestoreInternalWrapper.build/Objects-normal/arm64/dummy.dia -c /Users/aaronkeen/Library/Developer/Xcode/DerivedData/NutraSafeBeta-awyabywlaekrybetqgpbjphfxefs/SourcePackages/checkouts/firebase-ios-sdk/FirebaseFirestoreInternal/dummy.m -o /Users/aaronkeen/Library/Developer/Xcode/DerivedData/NutraSafeBeta-awyabywlaekrybetqgpbjphfxefs/Build/Intermediates.noindex/Firebase.build/Debug-iphonesimulator/FirebaseFirestoreInternalWrapper.build/Objects-normal/arm64/dummy.o -index-unit-output-path /Firebase.build/Debug-iphonesimulator/FirebaseFirestoreInternalWrapper.build/Objects-normal/arm64/dummy.o

PrecompileModule /Users/aaronkeen/Library/Developer/Xcode/DerivedData/NutraSafeBeta-awyabywlaekrybetqgpbjphfxefs/Build/Intermediates.noindex/ExplicitPrecompiledModules/CoreVideo-VSZXOUKDPJETCQ6N6AN2QWHO.scan
    cd /Users/aaronkeen/Documents/My\ Apps/NutraSafe\ Beta/NutraSafeBeta.xcodeproj
    builtin-precompileModule /Users/aaronkeen/Library/Developer/Xcode/DerivedData/NutraSafeBeta-awyabywlaekrybetqgpbjphfxefs/Build/Intermediates.noindex/ExplicitPrecompiledModules/CoreVideo-VSZXOUKDPJETCQ6N6AN2QWHO.scan

PrecompileModule /Users/aaronkeen/Library/Developer/Xcode/DerivedData/NutraSafeBeta-awyabywlaekrybetqgpbjphfxefs/Build/Intermediates.noindex/ExplicitPrecompiledModules/QuartzCore-BWYBVN30RCWVR5W1LJA7YAJFD.scan
    cd /Users/aaronkeen/Documents/My\ Apps/NutraSafe\ Beta/NutraSafeBeta.xcodeproj
    builtin-precompileModule /Users/aaronkeen/Library/Developer/Xcode/DerivedData/NutraSafeBeta-awyabywlaekrybetqgpbjphfxefs/Build/Intermediates.noindex/ExplicitPrecompiledModules/QuartzCore-BWYBVN30RCWVR5W1LJA7YAJFD.scan

CompileC /Users/aaronkeen/Library/Developer/Xcode/DerivedData/NutraSafeBeta-awyabywlaekrybetqgpbjphfxefs/Build/Intermediates.noindex/Firebase.build/Debug-iphonesimulator/FirebaseFirestoreInternalWrapper.build/Objects-normal/arm64/dummy.o /Users/aaronkeen/Library/Developer/Xcode/DerivedData/NutraSafeBeta-awyabywlaekrybetqgpbjphfxefs/SourcePackages/checkouts/firebase-ios-sdk/FirebaseFirestoreInternal/dummy.m normal arm64 objective-c com.apple.compilers.llvm.clang.1_0.compiler (in target 'FirebaseFirestoreInternalWrapper' from project 'Firebase')
    cd /Users/aaronkeen/Documents/My\ Apps/NutraSafe\ Beta/NutraSafeBeta.xcodeproj
    
    Using response file: /Users/aaronkeen/Library/Developer/Xcode/DerivedData/NutraSafeBeta-awyabywlaekrybetqgpbjphfxefs/Build/Intermediates.noindex/Firebase.build/Debug-iphonesimulator/FirebaseFirestoreInternalWrapper.build/Objects-normal/arm64/e6072d4f65d7061329687fe24e3d63a7-common-args.resp
    
    /Applications/Xcode.app/Contents/Developer/Toolchains/XcodeDefault.xctoolchain/usr/bin/clang -x objective-c -ivfsstatcache /Users/aaronkeen/Library/Developer/Xcode/DerivedData/SDKStatCaches.noindex/iphonesimulator18.5-22F76-d5fc8ad4295d2ef488fb7d0f804ce0c4.sdkstatcache -fmessage-length\=0 -fdiagnostics-show-note-include-stack -fmacro-backtrace-limit\=0 -fno-color-diagnostics -fmodules-prune-interval\=86400 -fmodules-prune-after\=345600 -fbuild-session-file\=/Users/aaronkeen/Library/Developer/Xcode/DerivedData/ModuleCache.noindex/Session.modulevalidation -fmodules-validate-once-per-build-session -Wnon-modular-include-in-framework-module -Werror\=non-modular-include-in-framework-module -Wno-trigraphs -Wno-missing-field-initializers -Wno-missing-prototypes -Wno-return-type -Wno-implicit-atomic-properties -Wno-objc-interface-ivars -Wno-arc-repeated-use-of-weak -Wno-missing-braces -Wparentheses -Wswitch -Wno-unused-function -Wno-unused-label -Wno-unused-parameter -Wno-unused-variable -Wunused-value -Wno-empty-body -Wno-uninitialized -Wno-unknown-pragmas -w -Wno-shadow -Wno-four-char-constants -Wno-conversion -Wno-constant-conversion -Wno-int-conversion -Wno-bool-conversion -Wno-enum-conversion -Wno-float-conversion -Wno-non-literal-null-conversion -Wno-objc-literal-conversion -Wshorten-64-to-32 -Wpointer-sign -Wno-newline-eof -Wno-selector -Wno-strict-selector-match -Wno-undeclared-selector -Wno-deprecated-implementations -Wno-implicit-fallthrough -fstrict-aliasing -Wprotocol -Wdeprecated-declarations -Wno-sign-conversion -Wno-infinite-recursion -Wno-comma -Wno-block-capture-autoreleasing -Wno-strict-prototypes -Wno-semicolon-before-method-body -index-store-path /Users/aaronkeen/Library/Developer/Xcode/DerivedData/NutraSafeBeta-awyabywlaekrybetqgpbjphfxefs/Index.noindex/DataStore @/Users/aaronkeen/Library/Developer/Xcode/DerivedData/NutraSafeBeta-awyabywlaekrybetqgpbjphfxefs/Build/Intermediates.noindex/Firebase.build/Debug-iphonesimulator/FirebaseFirestoreInternalWrapper.build/Objects-normal/arm64/e6072d4f65d7061329687fe24e3d63a7-common-args.resp -MMD -MT dependencies -MF /Users/aaronkeen/Library/Developer/Xcode/DerivedData/NutraSafeBeta-awyabywlaekrybetqgpbjphfxefs/Build/Intermediates.noindex/Firebase.build/Debug-iphonesimulator/FirebaseFirestoreInternalWrapper.build/Objects-normal/arm64/dummy.d --serialize-diagnostics /Users/aaronkeen/Library/Developer/Xcode/DerivedData/NutraSafeBeta-awyabywlaekrybetqgpbjphfxefs/Build/Intermediates.noindex/Firebase.build/Debug-iphonesimulator/FirebaseFirestoreInternalWrapper.build/Objects-normal/arm64/dummy.dia -c /Users/aaronkeen/Library/Developer/Xcode/DerivedData/NutraSafeBeta-awyabywlaekrybetqgpbjphfxefs/SourcePackages/checkouts/firebase-ios-sdk/FirebaseFirestoreInternal/dummy.m -o /Users/aaronkeen/Library/Developer/Xcode/DerivedData/NutraSafeBeta-awyabywlaekrybetqgpbjphfxefs/Build/Intermediates.noindex/Firebase.build/Debug-iphonesimulator/FirebaseFirestoreInternalWrapper.build/Objects-normal/arm64/dummy.o -index-unit-output-path /Firebase.build/Debug-iphonesimulator/FirebaseFirestoreInternalWrapper.build/Objects-normal/arm64/dummy.o

PrecompileModule /Users/aaronkeen/Library/Developer/Xcode/DerivedData/NutraSafeBeta-awyabywlaekrybetqgpbjphfxefs/Build/Intermediates.noindex/ExplicitPrecompiledModules/CoreImage-4B4KNSFZW7J5XRL0X5ZPPSERU.scan
    cd /Users/aaronkeen/Documents/My\ Apps/NutraSafe\ Beta/NutraSafeBeta.xcodeproj
    builtin-precompileModule /Users/aaronkeen/Library/Developer/Xcode/DerivedData/NutraSafeBeta-awyabywlaekrybetqgpbjphfxefs/Build/Intermediates.noindex/ExplicitPrecompiledModules/CoreImage-4B4KNSFZW7J5XRL0X5ZPPSERU.scan

Touch /Users/aaronkeen/Library/Developer/Xcode/DerivedData/NutraSafeBeta-awyabywlaekrybetqgpbjphfxefs/Build/Products/Debug-iphonesimulator/nanopb_nanopb.bundle (in target 'nanopb_nanopb' from project 'nanopb')
    cd /Users/aaronkeen/Library/Developer/Xcode/DerivedData/NutraSafeBeta-awyabywlaekrybetqgpbjphfxefs/SourcePackages/checkouts/nanopb
    /usr/bin/touch -c /Users/aaronkeen/Library/Developer/Xcode/DerivedData/NutraSafeBeta-awyabywlaekrybetqgpbjphfxefs/Build/Products/Debug-iphonesimulator/nanopb_nanopb.bundle

Touch /Users/aaronkeen/Library/Developer/Xcode/DerivedData/NutraSafeBeta-awyabywlaekrybetqgpbjphfxefs/Build/Products/Debug-iphonesimulator/leveldb_leveldb.bundle (in target 'leveldb_leveldb' from project 'leveldb')
    cd /Users/aaronkeen/Library/Developer/Xcode/DerivedData/NutraSafeBeta-awyabywlaekrybetqgpbjphfxefs/SourcePackages/checkouts/leveldb
    /usr/bin/touch -c /Users/aaronkeen/Library/Developer/Xcode/DerivedData/NutraSafeBeta-awyabywlaekrybetqgpbjphfxefs/Build/Products/Debug-iphonesimulator/leveldb_leveldb.bundle

Touch /Users/aaronkeen/Library/Developer/Xcode/DerivedData/NutraSafeBeta-awyabywlaekrybetqgpbjphfxefs/Build/Products/Debug-iphonesimulator/gRPC_opensslWrapper.bundle (in target 'gRPC_opensslWrapper' from project 'gRPC')
    cd /Users/aaronkeen/Library/Developer/Xcode/DerivedData/NutraSafeBeta-awyabywlaekrybetqgpbjphfxefs/SourcePackages/checkouts/grpc-binary
    /usr/bin/touch -c /Users/aaronkeen/Library/Developer/Xcode/DerivedData/NutraSafeBeta-awyabywlaekrybetqgpbjphfxefs/Build/Products/Debug-iphonesimulator/gRPC_opensslWrapper.bundle

Touch /Users/aaronkeen/Library/Developer/Xcode/DerivedData/NutraSafeBeta-awyabywlaekrybetqgpbjphfxefs/Build/Products/Debug-iphonesimulator/gRPC_grpcppWrapper.bundle (in target 'gRPC_grpcppWrapper' from project 'gRPC')
    cd /Users/aaronkeen/Library/Developer/Xcode/DerivedData/NutraSafeBeta-awyabywlaekrybetqgpbjphfxefs/SourcePackages/checkouts/grpc-binary
    /usr/bin/touch -c /Users/aaronkeen/Library/Developer/Xcode/DerivedData/NutraSafeBeta-awyabywlaekrybetqgpbjphfxefs/Build/Products/Debug-iphonesimulator/gRPC_grpcppWrapper.bundle

Touch /Users/aaronkeen/Library/Developer/Xcode/DerivedData/NutraSafeBeta-awyabywlaekrybetqgpbjphfxefs/Build/Products/Debug-iphonesimulator/gRPC_grpcWrapper.bundle (in target 'gRPC_grpcWrapper' from project 'gRPC')
    cd /Users/aaronkeen/Library/Developer/Xcode/DerivedData/NutraSafeBeta-awyabywlaekrybetqgpbjphfxefs/SourcePackages/checkouts/grpc-binary
    /usr/bin/touch -c /Users/aaronkeen/Library/Developer/Xcode/DerivedData/NutraSafeBeta-awyabywlaekrybetqgpbjphfxefs/Build/Products/Debug-iphonesimulator/gRPC_grpcWrapper.bundle

PrecompileModule /Users/aaronkeen/Library/Developer/Xcode/DerivedData/NutraSafeBeta-awyabywlaekrybetqgpbjphfxefs/Build/Intermediates.noindex/ExplicitPrecompiledModules/GoogleUtilities_Reachability-44D3HXB1LKQK4JLWZ52WBKY6Z.scan
    cd /Users/aaronkeen/Documents/My\ Apps/NutraSafe\ Beta/NutraSafeBeta.xcodeproj
    builtin-precompileModule /Users/aaronkeen/Library/Developer/Xcode/DerivedData/NutraSafeBeta-awyabywlaekrybetqgpbjphfxefs/Build/Intermediates.noindex/ExplicitPrecompiledModules/GoogleUtilities_Reachability-44D3HXB1LKQK4JLWZ52WBKY6Z.scan

PrecompileModule /Users/aaronkeen/Library/Developer/Xcode/DerivedData/NutraSafeBeta-awyabywlaekrybetqgpbjphfxefs/Build/Intermediates.noindex/ExplicitPrecompiledModules/GoogleUtilities_NSData-3EA9VSTU5R7CAXGQQ2NJ6NYT9.scan
    cd /Users/aaronkeen/Documents/My\ Apps/NutraSafe\ Beta/NutraSafeBeta.xcodeproj
    builtin-precompileModule /Users/aaronkeen/Library/Developer/Xcode/DerivedData/NutraSafeBeta-awyabywlaekrybetqgpbjphfxefs/Build/Intermediates.noindex/ExplicitPrecompiledModules/GoogleUtilities_NSData-3EA9VSTU5R7CAXGQQ2NJ6NYT9.scan

Touch /Users/aaronkeen/Library/Developer/Xcode/DerivedData/NutraSafeBeta-awyabywlaekrybetqgpbjphfxefs/Build/Products/Debug-iphonesimulator/abseil_abslWrapper.bundle (in target 'abseil_abslWrapper' from project 'abseil')
    cd /Users/aaronkeen/Library/Developer/Xcode/DerivedData/NutraSafeBeta-awyabywlaekrybetqgpbjphfxefs/SourcePackages/checkouts/abseil-cpp-binary
    /usr/bin/touch -c /Users/aaronkeen/Library/Developer/Xcode/DerivedData/NutraSafeBeta-awyabywlaekrybetqgpbjphfxefs/Build/Products/Debug-iphonesimulator/abseil_abslWrapper.bundle

Ld /Users/aaronkeen/Library/Developer/Xcode/DerivedData/NutraSafeBeta-awyabywlaekrybetqgpbjphfxefs/Build/Products/Debug-iphonesimulator/FirebaseFirestoreInternalWrapper.o normal (in target 'FirebaseFirestoreInternalWrapper' from project 'Firebase')
    cd /Users/aaronkeen/Library/Developer/Xcode/DerivedData/NutraSafeBeta-awyabywlaekrybetqgpbjphfxefs/SourcePackages/checkouts/firebase-ios-sdk
    /Applications/Xcode.app/Contents/Developer/Toolchains/XcodeDefault.xctoolchain/usr/bin/clang -Xlinker -reproducible -target arm64-apple-ios15.0-simulator -r -isysroot /Applications/Xcode.app/Contents/Developer/Platforms/iPhoneSimulator.platform/Developer/SDKs/iPhoneSimulator18.5.sdk -O0 -w -L/Users/aaronkeen/Library/Developer/Xcode/DerivedData/NutraSafeBeta-awyabywlaekrybetqgpbjphfxefs/Build/Intermediates.noindex/EagerLinkingTBDs/Debug-iphonesimulator -L/Users/aaronkeen/Library/Developer/Xcode/DerivedData/NutraSafeBeta-awyabywlaekrybetqgpbjphfxefs/Build/Products/Debug-iphonesimulator -L/Applications/Xcode.app/Contents/Developer/Platforms/iPhoneSimulator.platform/Developer/usr/lib -F/Users/aaronkeen/Library/Developer/Xcode/DerivedData/NutraSafeBeta-awyabywlaekrybetqgpbjphfxefs/Build/Intermediates.noindex/EagerLinkingTBDs/Debug-iphonesimulator -F/Users/aaronkeen/Library/Developer/Xcode/DerivedData/NutraSafeBeta-awyabywlaekrybetqgpbjphfxefs/Build/Products/Debug-iphonesimulator -iframework /Applications/Xcode.app/Contents/Developer/Platforms/iPhoneSimulator.platform/Developer/Library/Frameworks -iframework /Applications/Xcode.app/Contents/Developer/Platforms/iPhoneSimulator.platform/Developer/SDKs/iPhoneSimulator18.5.sdk/Developer/Library/Frameworks -filelist /Users/aaronkeen/Library/Developer/Xcode/DerivedData/NutraSafeBeta-awyabywlaekrybetqgpbjphfxefs/Build/Intermediates.noindex/Firebase.build/Debug-iphonesimulator/FirebaseFirestoreInternalWrapper.build/Objects-normal/arm64/FirebaseFirestoreInternalWrapper.LinkFileList -nostdlib -Xlinker -object_path_lto -Xlinker /Users/aaronkeen/Library/Developer/Xcode/DerivedData/NutraSafeBeta-awyabywlaekrybetqgpbjphfxefs/Build/Intermediates.noindex/Firebase.build/Debug-iphonesimulator/FirebaseFirestoreInternalWrapper.build/Objects-normal/arm64/FirebaseFirestoreInternalWrapper_lto.o -rdynamic -Xlinker -no_deduplicate -Xlinker -objc_abi_version -Xlinker 2 -Xlinker -dependency_info -Xlinker /Users/aaronkeen/Library/Developer/Xcode/DerivedData/NutraSafeBeta-awyabywlaekrybetqgpbjphfxefs/Build/Intermediates.noindex/Firebase.build/Debug-iphonesimulator/FirebaseFirestoreInternalWrapper.build/Objects-normal/arm64/FirebaseFirestoreInternalWrapper_dependency_info.dat -fobjc-arc -fobjc-link-runtime -o /Users/aaronkeen/Library/Developer/Xcode/DerivedData/NutraSafeBeta-awyabywlaekrybetqgpbjphfxefs/Build/Products/Debug-iphonesimulator/FirebaseFirestoreInternalWrapper.o

Touch /Users/aaronkeen/Library/Developer/Xcode/DerivedData/NutraSafeBeta-awyabywlaekrybetqgpbjphfxefs/Build/Products/Debug-iphonesimulator/GoogleUtilities_GoogleUtilities-Reachability.bundle (in target 'GoogleUtilities_GoogleUtilities-Reachability' from project 'GoogleUtilities')
    cd /Users/aaronkeen/Library/Developer/Xcode/DerivedData/NutraSafeBeta-awyabywlaekrybetqgpbjphfxefs/SourcePackages/checkouts/GoogleUtilities
    /usr/bin/touch -c /Users/aaronkeen/Library/Developer/Xcode/DerivedData/NutraSafeBeta-awyabywlaekrybetqgpbjphfxefs/Build/Products/Debug-iphonesimulator/GoogleUtilities_GoogleUtilities-Reachability.bundle

Touch /Users/aaronkeen/Library/Developer/Xcode/DerivedData/NutraSafeBeta-awyabywlaekrybetqgpbjphfxefs/Build/Products/Debug-iphonesimulator/GoogleUtilities_GoogleUtilities-Network.bundle (in target 'GoogleUtilities_GoogleUtilities-Network' from project 'GoogleUtilities')
    cd /Users/aaronkeen/Library/Developer/Xcode/DerivedData/NutraSafeBeta-awyabywlaekrybetqgpbjphfxefs/SourcePackages/checkouts/GoogleUtilities
    /usr/bin/touch -c /Users/aaronkeen/Library/Developer/Xcode/DerivedData/NutraSafeBeta-awyabywlaekrybetqgpbjphfxefs/Build/Products/Debug-iphonesimulator/GoogleUtilities_GoogleUtilities-Network.bundle

CompileC /Users/aaronkeen/Library/Developer/Xcode/DerivedData/NutraSafeBeta-awyabywlaekrybetqgpbjphfxefs/Build/Intermediates.noindex/GoogleUtilities.build/Debug-iphonesimulator/GoogleUtilities-Network.build/Objects-normal/arm64/GULNetworkURLSession.o /Users/aaronkeen/Library/Developer/Xcode/DerivedData/NutraSafeBeta-awyabywlaekrybetqgpbjphfxefs/SourcePackages/checkouts/GoogleUtilities/GoogleUtilities/Network/GULNetworkURLSession.m normal arm64 objective-c com.apple.compilers.llvm.clang.1_0.compiler (in target 'GoogleUtilities-Network' from project 'GoogleUtilities')
    cd /Users/aaronkeen/Documents/My\ Apps/NutraSafe\ Beta/NutraSafeBeta.xcodeproj
    
    Using response file: /Users/aaronkeen/Library/Developer/Xcode/DerivedData/NutraSafeBeta-awyabywlaekrybetqgpbjphfxefs/Build/Intermediates.noindex/GoogleUtilities.build/Debug-iphonesimulator/GoogleUtilities-Network.build/Objects-normal/arm64/e6072d4f65d7061329687fe24e3d63a7-common-args.resp
    
    /Applications/Xcode.app/Contents/Developer/Toolchains/XcodeDefault.xctoolchain/usr/bin/clang -x objective-c -ivfsstatcache /Users/aaronkeen/Library/Developer/Xcode/DerivedData/SDKStatCaches.noindex/iphonesimulator18.5-22F76-d5fc8ad4295d2ef488fb7d0f804ce0c4.sdkstatcache -fmessage-length\=0 -fdiagnostics-show-note-include-stack -fmacro-backtrace-limit\=0 -fno-color-diagnostics -fmodules-prune-interval\=86400 -fmodules-prune-after\=345600 -fbuild-session-file\=/Users/aaronkeen/Library/Developer/Xcode/DerivedData/ModuleCache.noindex/Session.modulevalidation -fmodules-validate-once-per-build-session -Wnon-modular-include-in-framework-module -Werror\=non-modular-include-in-framework-module -Wno-trigraphs -Wno-missing-field-initializers -Wno-missing-prototypes -Wno-return-type -Wno-implicit-atomic-properties -Wno-objc-interface-ivars -Wno-arc-repeated-use-of-weak -Wno-missing-braces -Wparentheses -Wswitch -Wno-unused-function -Wno-unused-label -Wno-unused-parameter -Wno-unused-variable -Wunused-value -Wno-empty-body -Wno-uninitialized -Wno-unknown-pragmas -w -Wno-shadow -Wno-four-char-constants -Wno-conversion -Wno-constant-conversion -Wno-int-conversion -Wno-bool-conversion -Wno-enum-conversion -Wno-float-conversion -Wno-non-literal-null-conversion -Wno-objc-literal-conversion -Wshorten-64-to-32 -Wpointer-sign -Wno-newline-eof -Wno-selector -Wno-strict-selector-match -Wno-undeclared-selector -Wno-deprecated-implementations -Wno-implicit-fallthrough -fstrict-aliasing -Wprotocol -Wdeprecated-declarations -Wno-sign-conversion -Wno-infinite-recursion -Wno-comma -Wno-block-capture-autoreleasing -Wno-strict-prototypes -Wno-semicolon-before-method-body -index-store-path /Users/aaronkeen/Library/Developer/Xcode/DerivedData/NutraSafeBeta-awyabywlaekrybetqgpbjphfxefs/Index.noindex/DataStore @/Users/aaronkeen/Library/Developer/Xcode/DerivedData/NutraSafeBeta-awyabywlaekrybetqgpbjphfxefs/Build/Intermediates.noindex/GoogleUtilities.build/Debug-iphonesimulator/GoogleUtilities-Network.build/Objects-normal/arm64/e6072d4f65d7061329687fe24e3d63a7-common-args.resp -include /Users/aaronkeen/Library/Developer/Xcode/DerivedData/NutraSafeBeta-awyabywlaekrybetqgpbjphfxefs/Build/Intermediates.noindex/GoogleUtilities.build/Debug-iphonesimulator/GoogleUtilities-Network.build/DerivedSources/resource_bundle_accessor.h -MMD -MT dependencies -MF /Users/aaronkeen/Library/Developer/Xcode/DerivedData/NutraSafeBeta-awyabywlaekrybetqgpbjphfxefs/Build/Intermediates.noindex/GoogleUtilities.build/Debug-iphonesimulator/GoogleUtilities-Network.build/Objects-normal/arm64/GULNetworkURLSession.d --serialize-diagnostics /Users/aaronkeen/Library/Developer/Xcode/DerivedData/NutraSafeBeta-awyabywlaekrybetqgpbjphfxefs/Build/Intermediates.noindex/GoogleUtilities.build/Debug-iphonesimulator/GoogleUtilities-Network.build/Objects-normal/arm64/GULNetworkURLSession.dia -c /Users/aaronkeen/Library/Developer/Xcode/DerivedData/NutraSafeBeta-awyabywlaekrybetqgpbjphfxefs/SourcePackages/checkouts/GoogleUtilities/GoogleUtilities/Network/GULNetworkURLSession.m -o /Users/aaronkeen/Library/Developer/Xcode/DerivedData/NutraSafeBeta-awyabywlaekrybetqgpbjphfxefs/Build/Intermediates.noindex/GoogleUtilities.build/Debug-iphonesimulator/GoogleUtilities-Network.build/Objects-normal/arm64/GULNetworkURLSession.o -index-unit-output-path /GoogleUtilities.build/Debug-iphonesimulator/GoogleUtilities-Network.build/Objects-normal/arm64/GULNetworkURLSession.o

Touch /Users/aaronkeen/Library/Developer/Xcode/DerivedData/NutraSafeBeta-awyabywlaekrybetqgpbjphfxefs/Build/Products/Debug-iphonesimulator/GoogleUtilities_GoogleUtilities-NSData.bundle (in target 'GoogleUtilities_GoogleUtilities-NSData' from project 'GoogleUtilities')
    cd /Users/aaronkeen/Library/Developer/Xcode/DerivedData/NutraSafeBeta-awyabywlaekrybetqgpbjphfxefs/SourcePackages/checkouts/GoogleUtilities
    /usr/bin/touch -c /Users/aaronkeen/Library/Developer/Xcode/DerivedData/NutraSafeBeta-awyabywlaekrybetqgpbjphfxefs/Build/Products/Debug-iphonesimulator/GoogleUtilities_GoogleUtilities-NSData.bundle

RegisterExecutionPolicyException /Users/aaronkeen/Library/Developer/Xcode/DerivedData/NutraSafeBeta-awyabywlaekrybetqgpbjphfxefs/Build/Products/Debug-iphonesimulator/Firebase_FirebaseFirestore.bundle (in target 'Firebase_FirebaseFirestore' from project 'Firebase')
    cd /Users/aaronkeen/Library/Developer/Xcode/DerivedData/NutraSafeBeta-awyabywlaekrybetqgpbjphfxefs/SourcePackages/checkouts/firebase-ios-sdk
    builtin-RegisterExecutionPolicyException /Users/aaronkeen/Library/Developer/Xcode/DerivedData/NutraSafeBeta-awyabywlaekrybetqgpbjphfxefs/Build/Products/Debug-iphonesimulator/Firebase_FirebaseFirestore.bundle

RegisterExecutionPolicyException /Users/aaronkeen/Library/Developer/Xcode/DerivedData/NutraSafeBeta-awyabywlaekrybetqgpbjphfxefs/Build/Products/Debug-iphonesimulator/Firebase_FirebaseCoreInternal.bundle (in target 'Firebase_FirebaseCoreInternal' from project 'Firebase')
    cd /Users/aaronkeen/Library/Developer/Xcode/DerivedData/NutraSafeBeta-awyabywlaekrybetqgpbjphfxefs/SourcePackages/checkouts/firebase-ios-sdk
    builtin-RegisterExecutionPolicyException /Users/aaronkeen/Library/Developer/Xcode/DerivedData/NutraSafeBeta-awyabywlaekrybetqgpbjphfxefs/Build/Products/Debug-iphonesimulator/Firebase_FirebaseCoreInternal.bundle

RegisterExecutionPolicyException /Users/aaronkeen/Library/Developer/Xcode/DerivedData/NutraSafeBeta-awyabywlaekrybetqgpbjphfxefs/Build/Products/Debug-iphonesimulator/Firebase_FirebaseCoreExtension.bundle (in target 'Firebase_FirebaseCoreExtension' from project 'Firebase')
    cd /Users/aaronkeen/Library/Developer/Xcode/DerivedData/NutraSafeBeta-awyabywlaekrybetqgpbjphfxefs/SourcePackages/checkouts/firebase-ios-sdk
    builtin-RegisterExecutionPolicyException /Users/aaronkeen/Library/Developer/Xcode/DerivedData/NutraSafeBeta-awyabywlaekrybetqgpbjphfxefs/Build/Products/Debug-iphonesimulator/Firebase_FirebaseCoreExtension.bundle

CompileC /Users/aaronkeen/Library/Developer/Xcode/DerivedData/NutraSafeBeta-awyabywlaekrybetqgpbjphfxefs/Build/Intermediates.noindex/GoogleUtilities.build/Debug-iphonesimulator/GoogleUtilities-AppDelegateSwizzler.build/Objects-normal/arm64/resource_bundle_accessor.o /Users/aaronkeen/Library/Developer/Xcode/DerivedData/NutraSafeBeta-awyabywlaekrybetqgpbjphfxefs/Build/Intermediates.noindex/GoogleUtilities.build/Debug-iphonesimulator/GoogleUtilities-AppDelegateSwizzler.build/DerivedSources/resource_bundle_accessor.m normal arm64 objective-c com.apple.compilers.llvm.clang.1_0.compiler (in target 'GoogleUtilities-AppDelegateSwizzler' from project 'GoogleUtilities')
    cd /Users/aaronkeen/Documents/My\ Apps/NutraSafe\ Beta/NutraSafeBeta.xcodeproj
    
    Using response file: /Users/aaronkeen/Library/Developer/Xcode/DerivedData/NutraSafeBeta-awyabywlaekrybetqgpbjphfxefs/Build/Intermediates.noindex/GoogleUtilities.build/Debug-iphonesimulator/GoogleUtilities-AppDelegateSwizzler.build/Objects-normal/arm64/e6072d4f65d7061329687fe24e3d63a7-common-args.resp
    
    /Applications/Xcode.app/Contents/Developer/Toolchains/XcodeDefault.xctoolchain/usr/bin/clang -x objective-c -ivfsstatcache /Users/aaronkeen/Library/Developer/Xcode/DerivedData/SDKStatCaches.noindex/iphonesimulator18.5-22F76-d5fc8ad4295d2ef488fb7d0f804ce0c4.sdkstatcache -fmessage-length\=0 -fdiagnostics-show-note-include-stack -fmacro-backtrace-limit\=0 -fno-color-diagnostics -fmodules-prune-interval\=86400 -fmodules-prune-after\=345600 -fbuild-session-file\=/Users/aaronkeen/Library/Developer/Xcode/DerivedData/ModuleCache.noindex/Session.modulevalidation -fmodules-validate-once-per-build-session -Wnon-modular-include-in-framework-module -Werror\=non-modular-include-in-framework-module -Wno-trigraphs -Wno-missing-field-initializers -Wno-missing-prototypes -Wno-return-type -Wno-implicit-atomic-properties -Wno-objc-interface-ivars -Wno-arc-repeated-use-of-weak -Wno-missing-braces -Wparentheses -Wswitch -Wno-unused-function -Wno-unused-label -Wno-unused-parameter -Wno-unused-variable -Wunused-value -Wno-empty-body -Wno-uninitialized -Wno-unknown-pragmas -w -Wno-shadow -Wno-four-char-constants -Wno-conversion -Wno-constant-conversion -Wno-int-conversion -Wno-bool-conversion -Wno-enum-conversion -Wno-float-conversion -Wno-non-literal-null-conversion -Wno-objc-literal-conversion -Wshorten-64-to-32 -Wpointer-sign -Wno-newline-eof -Wno-selector -Wno-strict-selector-match -Wno-undeclared-selector -Wno-deprecated-implementations -Wno-implicit-fallthrough -fstrict-aliasing -Wprotocol -Wdeprecated-declarations -Wno-sign-conversion -Wno-infinite-recursion -Wno-comma -Wno-block-capture-autoreleasing -Wno-strict-prototypes -Wno-semicolon-before-method-body -index-store-path /Users/aaronkeen/Library/Developer/Xcode/DerivedData/NutraSafeBeta-awyabywlaekrybetqgpbjphfxefs/Index.noindex/DataStore @/Users/aaronkeen/Library/Developer/Xcode/DerivedData/NutraSafeBeta-awyabywlaekrybetqgpbjphfxefs/Build/Intermediates.noindex/GoogleUtilities.build/Debug-iphonesimulator/GoogleUtilities-AppDelegateSwizzler.build/Objects-normal/arm64/e6072d4f65d7061329687fe24e3d63a7-common-args.resp -include /Users/aaronkeen/Library/Developer/Xcode/DerivedData/NutraSafeBeta-awyabywlaekrybetqgpbjphfxefs/Build/Intermediates.noindex/GoogleUtilities.build/Debug-iphonesimulator/GoogleUtilities-AppDelegateSwizzler.build/DerivedSources/resource_bundle_accessor.h -MMD -MT dependencies -MF /Users/aaronkeen/Library/Developer/Xcode/DerivedData/NutraSafeBeta-awyabywlaekrybetqgpbjphfxefs/Build/Intermediates.noindex/GoogleUtilities.build/Debug-iphonesimulator/GoogleUtilities-AppDelegateSwizzler.build/Objects-normal/arm64/resource_bundle_accessor.d --serialize-diagnostics /Users/aaronkeen/Library/Developer/Xcode/DerivedData/NutraSafeBeta-awyabywlaekrybetqgpbjphfxefs/Build/Intermediates.noindex/GoogleUtilities.build/Debug-iphonesimulator/GoogleUtilities-AppDelegateSwizzler.build/Objects-normal/arm64/resource_bundle_accessor.dia -c /Users/aaronkeen/Library/Developer/Xcode/DerivedData/NutraSafeBeta-awyabywlaekrybetqgpbjphfxefs/Build/Intermediates.noindex/GoogleUtilities.build/Debug-iphonesimulator/GoogleUtilities-AppDelegateSwizzler.build/DerivedSources/resource_bundle_accessor.m -o /Users/aaronkeen/Library/Developer/Xcode/DerivedData/NutraSafeBeta-awyabywlaekrybetqgpbjphfxefs/Build/Intermediates.noindex/GoogleUtilities.build/Debug-iphonesimulator/GoogleUtilities-AppDelegateSwizzler.build/Objects-normal/arm64/resource_bundle_accessor.o -index-unit-output-path /GoogleUtilities.build/Debug-iphonesimulator/GoogleUtilities-AppDelegateSwizzler.build/Objects-normal/arm64/resource_bundle_accessor.o

ScanDependencies /Users/aaronkeen/Library/Developer/Xcode/DerivedData/NutraSafeBeta-awyabywlaekrybetqgpbjphfxefs/Build/Intermediates.noindex/gRPC.build/Debug-iphonesimulator/opensslWrapper.build/Objects-normal/arm64/resource_bundle_accessor.o /Users/aaronkeen/Library/Developer/Xcode/DerivedData/NutraSafeBeta-awyabywlaekrybetqgpbjphfxefs/Build/Intermediates.noindex/gRPC.build/Debug-iphonesimulator/opensslWrapper.build/DerivedSources/resource_bundle_accessor.m normal arm64 objective-c com.apple.compilers.llvm.clang.1_0.compiler (in target 'opensslWrapper' from project 'gRPC')
    cd /Users/aaronkeen/Documents/My\ Apps/NutraSafe\ Beta/NutraSafeBeta.xcodeproj
    
    Using response file: /Users/aaronkeen/Library/Developer/Xcode/DerivedData/NutraSafeBeta-awyabywlaekrybetqgpbjphfxefs/Build/Intermediates.noindex/gRPC.build/Debug-iphonesimulator/opensslWrapper.build/Objects-normal/arm64/e6072d4f65d7061329687fe24e3d63a7-common-args.resp
    
    builtin-ScanDependencies -o /Users/aaronkeen/Library/Developer/Xcode/DerivedData/NutraSafeBeta-awyabywlaekrybetqgpbjphfxefs/Build/Intermediates.noindex/gRPC.build/Debug-iphonesimulator/opensslWrapper.build/Objects-normal/arm64/resource_bundle_accessor.o.scan -- /Applications/Xcode.app/Contents/Developer/Toolchains/XcodeDefault.xctoolchain/usr/bin/clang -x objective-c -ivfsstatcache /Users/aaronkeen/Library/Developer/Xcode/DerivedData/SDKStatCaches.noindex/iphonesimulator18.5-22F76-d5fc8ad4295d2ef488fb7d0f804ce0c4.sdkstatcache -fmessage-length\=0 -fdiagnostics-show-note-include-stack -fmacro-backtrace-limit\=0 -fno-color-diagnostics -fmodules-prune-interval\=86400 -fmodules-prune-after\=345600 -fbuild-session-file\=/Users/aaronkeen/Library/Developer/Xcode/DerivedData/ModuleCache.noindex/Session.modulevalidation -fmodules-validate-once-per-build-session -Wnon-modular-include-in-framework-module -Werror\=non-modular-include-in-framework-module -Wno-trigraphs -Wno-missing-field-initializers -Wno-missing-prototypes -Wno-return-type -Wno-implicit-atomic-properties -Wno-objc-interface-ivars -Wno-arc-repeated-use-of-weak -Wno-missing-braces -Wparentheses -Wswitch -Wno-unused-function -Wno-unused-label -Wno-unused-parameter -Wno-unused-variable -Wunused-value -Wno-empty-body -Wno-uninitialized -Wno-unknown-pragmas -w -Wno-shadow -Wno-four-char-constants -Wno-conversion -Wno-constant-conversion -Wno-int-conversion -Wno-bool-conversion -Wno-enum-conversion -Wno-float-conversion -Wno-non-literal-null-conversion -Wno-objc-literal-conversion -Wshorten-64-to-32 -Wpointer-sign -Wno-newline-eof -Wno-selector -Wno-strict-selector-match -Wno-undeclared-selector -Wno-deprecated-implementations -Wno-implicit-fallthrough -fstrict-aliasing -Wprotocol -Wdeprecated-declarations -Wno-sign-conversion -Wno-infinite-recursion -Wno-comma -Wno-block-capture-autoreleasing -Wno-strict-prototypes -Wno-semicolon-before-method-body -index-store-path /Users/aaronkeen/Library/Developer/Xcode/DerivedData/NutraSafeBeta-awyabywlaekrybetqgpbjphfxefs/Index.noindex/DataStore @/Users/aaronkeen/Library/Developer/Xcode/DerivedData/NutraSafeBeta-awyabywlaekrybetqgpbjphfxefs/Build/Intermediates.noindex/gRPC.build/Debug-iphonesimulator/opensslWrapper.build/Objects-normal/arm64/e6072d4f65d7061329687fe24e3d63a7-common-args.resp -include /Users/aaronkeen/Library/Developer/Xcode/DerivedData/NutraSafeBeta-awyabywlaekrybetqgpbjphfxefs/Build/Intermediates.noindex/gRPC.build/Debug-iphonesimulator/opensslWrapper.build/DerivedSources/resource_bundle_accessor.h -MMD -MT dependencies -MF /Users/aaronkeen/Library/Developer/Xcode/DerivedData/NutraSafeBeta-awyabywlaekrybetqgpbjphfxefs/Build/Intermediates.noindex/gRPC.build/Debug-iphonesimulator/opensslWrapper.build/Objects-normal/arm64/resource_bundle_accessor.d --serialize-diagnostics /Users/aaronkeen/Library/Developer/Xcode/DerivedData/NutraSafeBeta-awyabywlaekrybetqgpbjphfxefs/Build/Intermediates.noindex/gRPC.build/Debug-iphonesimulator/opensslWrapper.build/Objects-normal/arm64/resource_bundle_accessor.dia -c /Users/aaronkeen/Library/Developer/Xcode/DerivedData/NutraSafeBeta-awyabywlaekrybetqgpbjphfxefs/Build/Intermediates.noindex/gRPC.build/Debug-iphonesimulator/opensslWrapper.build/DerivedSources/resource_bundle_accessor.m -o /Users/aaronkeen/Library/Developer/Xcode/DerivedData/NutraSafeBeta-awyabywlaekrybetqgpbjphfxefs/Build/Intermediates.noindex/gRPC.build/Debug-iphonesimulator/opensslWrapper.build/Objects-normal/arm64/resource_bundle_accessor.o -index-unit-output-path /gRPC.build/Debug-iphonesimulator/opensslWrapper.build/Objects-normal/arm64/resource_bundle_accessor.o

ScanDependencies /Users/aaronkeen/Library/Developer/Xcode/DerivedData/NutraSafeBeta-awyabywlaekrybetqgpbjphfxefs/Build/Intermediates.noindex/gRPC.build/Debug-iphonesimulator/opensslWrapper.build/Objects-normal/arm64/empty.o /Users/aaronkeen/Library/Developer/Xcode/DerivedData/NutraSafeBeta-awyabywlaekrybetqgpbjphfxefs/SourcePackages/checkouts/grpc-binary/openssl-grpc-Wrapper/empty.m normal arm64 objective-c com.apple.compilers.llvm.clang.1_0.compiler (in target 'opensslWrapper' from project 'gRPC')
    cd /Users/aaronkeen/Documents/My\ Apps/NutraSafe\ Beta/NutraSafeBeta.xcodeproj
    
    Using response file: /Users/aaronkeen/Library/Developer/Xcode/DerivedData/NutraSafeBeta-awyabywlaekrybetqgpbjphfxefs/Build/Intermediates.noindex/gRPC.build/Debug-iphonesimulator/opensslWrapper.build/Objects-normal/arm64/e6072d4f65d7061329687fe24e3d63a7-common-args.resp
    
    builtin-ScanDependencies -o /Users/aaronkeen/Library/Developer/Xcode/DerivedData/NutraSafeBeta-awyabywlaekrybetqgpbjphfxefs/Build/Intermediates.noindex/gRPC.build/Debug-iphonesimulator/opensslWrapper.build/Objects-normal/arm64/empty.o.scan -- /Applications/Xcode.app/Contents/Developer/Toolchains/XcodeDefault.xctoolchain/usr/bin/clang -x objective-c -ivfsstatcache /Users/aaronkeen/Library/Developer/Xcode/DerivedData/SDKStatCaches.noindex/iphonesimulator18.5-22F76-d5fc8ad4295d2ef488fb7d0f804ce0c4.sdkstatcache -fmessage-length\=0 -fdiagnostics-show-note-include-stack -fmacro-backtrace-limit\=0 -fno-color-diagnostics -fmodules-prune-interval\=86400 -fmodules-prune-after\=345600 -fbuild-session-file\=/Users/aaronkeen/Library/Developer/Xcode/DerivedData/ModuleCache.noindex/Session.modulevalidation -fmodules-validate-once-per-build-session -Wnon-modular-include-in-framework-module -Werror\=non-modular-include-in-framework-module -Wno-trigraphs -Wno-missing-field-initializers -Wno-missing-prototypes -Wno-return-type -Wno-implicit-atomic-properties -Wno-objc-interface-ivars -Wno-arc-repeated-use-of-weak -Wno-missing-braces -Wparentheses -Wswitch -Wno-unused-function -Wno-unused-label -Wno-unused-parameter -Wno-unused-variable -Wunused-value -Wno-empty-body -Wno-uninitialized -Wno-unknown-pragmas -w -Wno-shadow -Wno-four-char-constants -Wno-conversion -Wno-constant-conversion -Wno-int-conversion -Wno-bool-conversion -Wno-enum-conversion -Wno-float-conversion -Wno-non-literal-null-conversion -Wno-objc-literal-conversion -Wshorten-64-to-32 -Wpointer-sign -Wno-newline-eof -Wno-selector -Wno-strict-selector-match -Wno-undeclared-selector -Wno-deprecated-implementations -Wno-implicit-fallthrough -fstrict-aliasing -Wprotocol -Wdeprecated-declarations -Wno-sign-conversion -Wno-infinite-recursion -Wno-comma -Wno-block-capture-autoreleasing -Wno-strict-prototypes -Wno-semicolon-before-method-body -index-store-path /Users/aaronkeen/Library/Developer/Xcode/DerivedData/NutraSafeBeta-awyabywlaekrybetqgpbjphfxefs/Index.noindex/DataStore @/Users/aaronkeen/Library/Developer/Xcode/DerivedData/NutraSafeBeta-awyabywlaekrybetqgpbjphfxefs/Build/Intermediates.noindex/gRPC.build/Debug-iphonesimulator/opensslWrapper.build/Objects-normal/arm64/e6072d4f65d7061329687fe24e3d63a7-common-args.resp -include /Users/aaronkeen/Library/Developer/Xcode/DerivedData/NutraSafeBeta-awyabywlaekrybetqgpbjphfxefs/Build/Intermediates.noindex/gRPC.build/Debug-iphonesimulator/opensslWrapper.build/DerivedSources/resource_bundle_accessor.h -MMD -MT dependencies -MF /Users/aaronkeen/Library/Developer/Xcode/DerivedData/NutraSafeBeta-awyabywlaekrybetqgpbjphfxefs/Build/Intermediates.noindex/gRPC.build/Debug-iphonesimulator/opensslWrapper.build/Objects-normal/arm64/empty.d --serialize-diagnostics /Users/aaronkeen/Library/Developer/Xcode/DerivedData/NutraSafeBeta-awyabywlaekrybetqgpbjphfxefs/Build/Intermediates.noindex/gRPC.build/Debug-iphonesimulator/opensslWrapper.build/Objects-normal/arm64/empty.dia -c /Users/aaronkeen/Library/Developer/Xcode/DerivedData/NutraSafeBeta-awyabywlaekrybetqgpbjphfxefs/SourcePackages/checkouts/grpc-binary/openssl-grpc-Wrapper/empty.m -o /Users/aaronkeen/Library/Developer/Xcode/DerivedData/NutraSafeBeta-awyabywlaekrybetqgpbjphfxefs/Build/Intermediates.noindex/gRPC.build/Debug-iphonesimulator/opensslWrapper.build/Objects-normal/arm64/empty.o -index-unit-output-path /gRPC.build/Debug-iphonesimulator/opensslWrapper.build/Objects-normal/arm64/empty.o

PrecompileModule /Users/aaronkeen/Library/Developer/Xcode/DerivedData/NutraSafeBeta-awyabywlaekrybetqgpbjphfxefs/Build/Intermediates.noindex/ExplicitPrecompiledModules/QuartzCore-7IHQEQ77WV53F2TH6IYB85L65.scan
    cd /Users/aaronkeen/Documents/My\ Apps/NutraSafe\ Beta/NutraSafeBeta.xcodeproj
    builtin-precompileModule /Users/aaronkeen/Library/Developer/Xcode/DerivedData/NutraSafeBeta-awyabywlaekrybetqgpbjphfxefs/Build/Intermediates.noindex/ExplicitPrecompiledModules/QuartzCore-7IHQEQ77WV53F2TH6IYB85L65.scan

PrecompileModule /Users/aaronkeen/Library/Developer/Xcode/DerivedData/NutraSafeBeta-awyabywlaekrybetqgpbjphfxefs/Build/Intermediates.noindex/ExplicitPrecompiledModules/CoreImage-BGPA26HD87KTXUZ6K4TRZF62Z.scan
    cd /Users/aaronkeen/Documents/My\ Apps/NutraSafe\ Beta/NutraSafeBeta.xcodeproj
    builtin-precompileModule /Users/aaronkeen/Library/Developer/Xcode/DerivedData/NutraSafeBeta-awyabywlaekrybetqgpbjphfxefs/Build/Intermediates.noindex/ExplicitPrecompiledModules/CoreImage-BGPA26HD87KTXUZ6K4TRZF62Z.scan

CompileC /Users/aaronkeen/Library/Developer/Xcode/DerivedData/NutraSafeBeta-awyabywlaekrybetqgpbjphfxefs/Build/Intermediates.noindex/GoogleUtilities.build/Debug-iphonesimulator/GoogleUtilities-Network.build/Objects-normal/arm64/GULNetwork.o /Users/aaronkeen/Library/Developer/Xcode/DerivedData/NutraSafeBeta-awyabywlaekrybetqgpbjphfxefs/SourcePackages/checkouts/GoogleUtilities/GoogleUtilities/Network/GULNetwork.m normal arm64 objective-c com.apple.compilers.llvm.clang.1_0.compiler (in target 'GoogleUtilities-Network' from project 'GoogleUtilities')
    cd /Users/aaronkeen/Documents/My\ Apps/NutraSafe\ Beta/NutraSafeBeta.xcodeproj
    
    Using response file: /Users/aaronkeen/Library/Developer/Xcode/DerivedData/NutraSafeBeta-awyabywlaekrybetqgpbjphfxefs/Build/Intermediates.noindex/GoogleUtilities.build/Debug-iphonesimulator/GoogleUtilities-Network.build/Objects-normal/arm64/e6072d4f65d7061329687fe24e3d63a7-common-args.resp
    
    /Applications/Xcode.app/Contents/Developer/Toolchains/XcodeDefault.xctoolchain/usr/bin/clang -x objective-c -ivfsstatcache /Users/aaronkeen/Library/Developer/Xcode/DerivedData/SDKStatCaches.noindex/iphonesimulator18.5-22F76-d5fc8ad4295d2ef488fb7d0f804ce0c4.sdkstatcache -fmessage-length\=0 -fdiagnostics-show-note-include-stack -fmacro-backtrace-limit\=0 -fno-color-diagnostics -fmodules-prune-interval\=86400 -fmodules-prune-after\=345600 -fbuild-session-file\=/Users/aaronkeen/Library/Developer/Xcode/DerivedData/ModuleCache.noindex/Session.modulevalidation -fmodules-validate-once-per-build-session -Wnon-modular-include-in-framework-module -Werror\=non-modular-include-in-framework-module -Wno-trigraphs -Wno-missing-field-initializers -Wno-missing-prototypes -Wno-return-type -Wno-implicit-atomic-properties -Wno-objc-interface-ivars -Wno-arc-repeated-use-of-weak -Wno-missing-braces -Wparentheses -Wswitch -Wno-unused-function -Wno-unused-label -Wno-unused-parameter -Wno-unused-variable -Wunused-value -Wno-empty-body -Wno-uninitialized -Wno-unknown-pragmas -w -Wno-shadow -Wno-four-char-constants -Wno-conversion -Wno-constant-conversion -Wno-int-conversion -Wno-bool-conversion -Wno-enum-conversion -Wno-float-conversion -Wno-non-literal-null-conversion -Wno-objc-literal-conversion -Wshorten-64-to-32 -Wpointer-sign -Wno-newline-eof -Wno-selector -Wno-strict-selector-match -Wno-undeclared-selector -Wno-deprecated-implementations -Wno-implicit-fallthrough -fstrict-aliasing -Wprotocol -Wdeprecated-declarations -Wno-sign-conversion -Wno-infinite-recursion -Wno-comma -Wno-block-capture-autoreleasing -Wno-strict-prototypes -Wno-semicolon-before-method-body -index-store-path /Users/aaronkeen/Library/Developer/Xcode/DerivedData/NutraSafeBeta-awyabywlaekrybetqgpbjphfxefs/Index.noindex/DataStore @/Users/aaronkeen/Library/Developer/Xcode/DerivedData/NutraSafeBeta-awyabywlaekrybetqgpbjphfxefs/Build/Intermediates.noindex/GoogleUtilities.build/Debug-iphonesimulator/GoogleUtilities-Network.build/Objects-normal/arm64/e6072d4f65d7061329687fe24e3d63a7-common-args.resp -include /Users/aaronkeen/Library/Developer/Xcode/DerivedData/NutraSafeBeta-awyabywlaekrybetqgpbjphfxefs/Build/Intermediates.noindex/GoogleUtilities.build/Debug-iphonesimulator/GoogleUtilities-Network.build/DerivedSources/resource_bundle_accessor.h -MMD -MT dependencies -MF /Users/aaronkeen/Library/Developer/Xcode/DerivedData/NutraSafeBeta-awyabywlaekrybetqgpbjphfxefs/Build/Intermediates.noindex/GoogleUtilities.build/Debug-iphonesimulator/GoogleUtilities-Network.build/Objects-normal/arm64/GULNetwork.d --serialize-diagnostics /Users/aaronkeen/Library/Developer/Xcode/DerivedData/NutraSafeBeta-awyabywlaekrybetqgpbjphfxefs/Build/Intermediates.noindex/GoogleUtilities.build/Debug-iphonesimulator/GoogleUtilities-Network.build/Objects-normal/arm64/GULNetwork.dia -c /Users/aaronkeen/Library/Developer/Xcode/DerivedData/NutraSafeBeta-awyabywlaekrybetqgpbjphfxefs/SourcePackages/checkouts/GoogleUtilities/GoogleUtilities/Network/GULNetwork.m -o /Users/aaronkeen/Library/Developer/Xcode/DerivedData/NutraSafeBeta-awyabywlaekrybetqgpbjphfxefs/Build/Intermediates.noindex/GoogleUtilities.build/Debug-iphonesimulator/GoogleUtilities-Network.build/Objects-normal/arm64/GULNetwork.o -index-unit-output-path /GoogleUtilities.build/Debug-iphonesimulator/GoogleUtilities-Network.build/Objects-normal/arm64/GULNetwork.o

ScanDependencies /Users/aaronkeen/Library/Developer/Xcode/DerivedData/NutraSafeBeta-awyabywlaekrybetqgpbjphfxefs/Build/Intermediates.noindex/abseil.build/Debug-iphonesimulator/abslWrapper.build/Objects-normal/arm64/resource_bundle_accessor.o /Users/aaronkeen/Library/Developer/Xcode/DerivedData/NutraSafeBeta-awyabywlaekrybetqgpbjphfxefs/Build/Intermediates.noindex/abseil.build/Debug-iphonesimulator/abslWrapper.build/DerivedSources/resource_bundle_accessor.m normal arm64 objective-c com.apple.compilers.llvm.clang.1_0.compiler (in target 'abslWrapper' from project 'abseil')
    cd /Users/aaronkeen/Documents/My\ Apps/NutraSafe\ Beta/NutraSafeBeta.xcodeproj
    
    Using response file: /Users/aaronkeen/Library/Developer/Xcode/DerivedData/NutraSafeBeta-awyabywlaekrybetqgpbjphfxefs/Build/Intermediates.noindex/abseil.build/Debug-iphonesimulator/abslWrapper.build/Objects-normal/arm64/e6072d4f65d7061329687fe24e3d63a7-common-args.resp
    
    builtin-ScanDependencies -o /Users/aaronkeen/Library/Developer/Xcode/DerivedData/NutraSafeBeta-awyabywlaekrybetqgpbjphfxefs/Build/Intermediates.noindex/abseil.build/Debug-iphonesimulator/abslWrapper.build/Objects-normal/arm64/resource_bundle_accessor.o.scan -- /Applications/Xcode.app/Contents/Developer/Toolchains/XcodeDefault.xctoolchain/usr/bin/clang -x objective-c -ivfsstatcache /Users/aaronkeen/Library/Developer/Xcode/DerivedData/SDKStatCaches.noindex/iphonesimulator18.5-22F76-d5fc8ad4295d2ef488fb7d0f804ce0c4.sdkstatcache -fmessage-length\=0 -fdiagnostics-show-note-include-stack -fmacro-backtrace-limit\=0 -fno-color-diagnostics -fmodules-prune-interval\=86400 -fmodules-prune-after\=345600 -fbuild-session-file\=/Users/aaronkeen/Library/Developer/Xcode/DerivedData/ModuleCache.noindex/Session.modulevalidation -fmodules-validate-once-per-build-session -Wnon-modular-include-in-framework-module -Werror\=non-modular-include-in-framework-module -Wno-trigraphs -Wno-missing-field-initializers -Wno-missing-prototypes -Wno-return-type -Wno-implicit-atomic-properties -Wno-objc-interface-ivars -Wno-arc-repeated-use-of-weak -Wno-missing-braces -Wparentheses -Wswitch -Wno-unused-function -Wno-unused-label -Wno-unused-parameter -Wno-unused-variable -Wunused-value -Wno-empty-body -Wno-uninitialized -Wno-unknown-pragmas -w -Wno-shadow -Wno-four-char-constants -Wno-conversion -Wno-constant-conversion -Wno-int-conversion -Wno-bool-conversion -Wno-enum-conversion -Wno-float-conversion -Wno-non-literal-null-conversion -Wno-objc-literal-conversion -Wshorten-64-to-32 -Wpointer-sign -Wno-newline-eof -Wno-selector -Wno-strict-selector-match -Wno-undeclared-selector -Wno-deprecated-implementations -Wno-implicit-fallthrough -fstrict-aliasing -Wprotocol -Wdeprecated-declarations -Wno-sign-conversion -Wno-infinite-recursion -Wno-comma -Wno-block-capture-autoreleasing -Wno-strict-prototypes -Wno-semicolon-before-method-body -index-store-path /Users/aaronkeen/Library/Developer/Xcode/DerivedData/NutraSafeBeta-awyabywlaekrybetqgpbjphfxefs/Index.noindex/DataStore @/Users/aaronkeen/Library/Developer/Xcode/DerivedData/NutraSafeBeta-awyabywlaekrybetqgpbjphfxefs/Build/Intermediates.noindex/abseil.build/Debug-iphonesimulator/abslWrapper.build/Objects-normal/arm64/e6072d4f65d7061329687fe24e3d63a7-common-args.resp -include /Users/aaronkeen/Library/Developer/Xcode/DerivedData/NutraSafeBeta-awyabywlaekrybetqgpbjphfxefs/Build/Intermediates.noindex/abseil.build/Debug-iphonesimulator/abslWrapper.build/DerivedSources/resource_bundle_accessor.h -MMD -MT dependencies -MF /Users/aaronkeen/Library/Developer/Xcode/DerivedData/NutraSafeBeta-awyabywlaekrybetqgpbjphfxefs/Build/Intermediates.noindex/abseil.build/Debug-iphonesimulator/abslWrapper.build/Objects-normal/arm64/resource_bundle_accessor.d --serialize-diagnostics /Users/aaronkeen/Library/Developer/Xcode/DerivedData/NutraSafeBeta-awyabywlaekrybetqgpbjphfxefs/Build/Intermediates.noindex/abseil.build/Debug-iphonesimulator/abslWrapper.build/Objects-normal/arm64/resource_bundle_accessor.dia -c /Users/aaronkeen/Library/Developer/Xcode/DerivedData/NutraSafeBeta-awyabywlaekrybetqgpbjphfxefs/Build/Intermediates.noindex/abseil.build/Debug-iphonesimulator/abslWrapper.build/DerivedSources/resource_bundle_accessor.m -o /Users/aaronkeen/Library/Developer/Xcode/DerivedData/NutraSafeBeta-awyabywlaekrybetqgpbjphfxefs/Build/Intermediates.noindex/abseil.build/Debug-iphonesimulator/abslWrapper.build/Objects-normal/arm64/resource_bundle_accessor.o -index-unit-output-path /abseil.build/Debug-iphonesimulator/abslWrapper.build/Objects-normal/arm64/resource_bundle_accessor.o

SwiftDriverJobDiscovery normal arm64 Compiling FirebaseDataEncoder.swift (in target 'FirebaseSharedSwift' from project 'Firebase')

Ld /Users/aaronkeen/Library/Developer/Xcode/DerivedData/NutraSafeBeta-awyabywlaekrybetqgpbjphfxefs/Build/Products/Debug-iphonesimulator/nanopb.o normal (in target 'nanopb' from project 'nanopb')
    cd /Users/aaronkeen/Library/Developer/Xcode/DerivedData/NutraSafeBeta-awyabywlaekrybetqgpbjphfxefs/SourcePackages/checkouts/nanopb
    /Applications/Xcode.app/Contents/Developer/Toolchains/XcodeDefault.xctoolchain/usr/bin/clang -Xlinker -reproducible -target arm64-apple-ios12.0-simulator -r -isysroot /Applications/Xcode.app/Contents/Developer/Platforms/iPhoneSimulator.platform/Developer/SDKs/iPhoneSimulator18.5.sdk -O0 -w -L/Users/aaronkeen/Library/Developer/Xcode/DerivedData/NutraSafeBeta-awyabywlaekrybetqgpbjphfxefs/Build/Intermediates.noindex/EagerLinkingTBDs/Debug-iphonesimulator -L/Users/aaronkeen/Library/Developer/Xcode/DerivedData/NutraSafeBeta-awyabywlaekrybetqgpbjphfxefs/Build/Products/Debug-iphonesimulator -L/Applications/Xcode.app/Contents/Developer/Platforms/iPhoneSimulator.platform/Developer/usr/lib -F/Users/aaronkeen/Library/Developer/Xcode/DerivedData/NutraSafeBeta-awyabywlaekrybetqgpbjphfxefs/Build/Intermediates.noindex/EagerLinkingTBDs/Debug-iphonesimulator -F/Users/aaronkeen/Library/Developer/Xcode/DerivedData/NutraSafeBeta-awyabywlaekrybetqgpbjphfxefs/Build/Products/Debug-iphonesimulator -iframework /Applications/Xcode.app/Contents/Developer/Platforms/iPhoneSimulator.platform/Developer/Library/Frameworks -iframework /Applications/Xcode.app/Contents/Developer/Platforms/iPhoneSimulator.platform/Developer/SDKs/iPhoneSimulator18.5.sdk/Developer/Library/Frameworks -filelist /Users/aaronkeen/Library/Developer/Xcode/DerivedData/NutraSafeBeta-awyabywlaekrybetqgpbjphfxefs/Build/Intermediates.noindex/nanopb.build/Debug-iphonesimulator/nanopb.build/Objects-normal/arm64/nanopb.LinkFileList -nostdlib -Xlinker -object_path_lto -Xlinker /Users/aaronkeen/Library/Developer/Xcode/DerivedData/NutraSafeBeta-awyabywlaekrybetqgpbjphfxefs/Build/Intermediates.noindex/nanopb.build/Debug-iphonesimulator/nanopb.build/Objects-normal/arm64/nanopb_lto.o -rdynamic -Xlinker -no_deduplicate -Xlinker -objc_abi_version -Xlinker 2 -Xlinker -dependency_info -Xlinker /Users/aaronkeen/Library/Developer/Xcode/DerivedData/NutraSafeBeta-awyabywlaekrybetqgpbjphfxefs/Build/Intermediates.noindex/nanopb.build/Debug-iphonesimulator/nanopb.build/Objects-normal/arm64/nanopb_dependency_info.dat -fobjc-arc -fobjc-link-runtime -o /Users/aaronkeen/Library/Developer/Xcode/DerivedData/NutraSafeBeta-awyabywlaekrybetqgpbjphfxefs/Build/Products/Debug-iphonesimulator/nanopb.o

ScanDependencies /Users/aaronkeen/Library/Developer/Xcode/DerivedData/NutraSafeBeta-awyabywlaekrybetqgpbjphfxefs/Build/Intermediates.noindex/abseil.build/Debug-iphonesimulator/abslWrapper.build/Objects-normal/arm64/empty.o /Users/aaronkeen/Library/Developer/Xcode/DerivedData/NutraSafeBeta-awyabywlaekrybetqgpbjphfxefs/SourcePackages/checkouts/abseil-cpp-binary/absl-Wrapper/empty.m normal arm64 objective-c com.apple.compilers.llvm.clang.1_0.compiler (in target 'abslWrapper' from project 'abseil')
    cd /Users/aaronkeen/Documents/My\ Apps/NutraSafe\ Beta/NutraSafeBeta.xcodeproj
    
    Using response file: /Users/aaronkeen/Library/Developer/Xcode/DerivedData/NutraSafeBeta-awyabywlaekrybetqgpbjphfxefs/Build/Intermediates.noindex/abseil.build/Debug-iphonesimulator/abslWrapper.build/Objects-normal/arm64/e6072d4f65d7061329687fe24e3d63a7-common-args.resp
    
    builtin-ScanDependencies -o /Users/aaronkeen/Library/Developer/Xcode/DerivedData/NutraSafeBeta-awyabywlaekrybetqgpbjphfxefs/Build/Intermediates.noindex/abseil.build/Debug-iphonesimulator/abslWrapper.build/Objects-normal/arm64/empty.o.scan -- /Applications/Xcode.app/Contents/Developer/Toolchains/XcodeDefault.xctoolchain/usr/bin/clang -x objective-c -ivfsstatcache /Users/aaronkeen/Library/Developer/Xcode/DerivedData/SDKStatCaches.noindex/iphonesimulator18.5-22F76-d5fc8ad4295d2ef488fb7d0f804ce0c4.sdkstatcache -fmessage-length\=0 -fdiagnostics-show-note-include-stack -fmacro-backtrace-limit\=0 -fno-color-diagnostics -fmodules-prune-interval\=86400 -fmodules-prune-after\=345600 -fbuild-session-file\=/Users/aaronkeen/Library/Developer/Xcode/DerivedData/ModuleCache.noindex/Session.modulevalidation -fmodules-validate-once-per-build-session -Wnon-modular-include-in-framework-module -Werror\=non-modular-include-in-framework-module -Wno-trigraphs -Wno-missing-field-initializers -Wno-missing-prototypes -Wno-return-type -Wno-implicit-atomic-properties -Wno-objc-interface-ivars -Wno-arc-repeated-use-of-weak -Wno-missing-braces -Wparentheses -Wswitch -Wno-unused-function -Wno-unused-label -Wno-unused-parameter -Wno-unused-variable -Wunused-value -Wno-empty-body -Wno-uninitialized -Wno-unknown-pragmas -w -Wno-shadow -Wno-four-char-constants -Wno-conversion -Wno-constant-conversion -Wno-int-conversion -Wno-bool-conversion -Wno-enum-conversion -Wno-float-conversion -Wno-non-literal-null-conversion -Wno-objc-literal-conversion -Wshorten-64-to-32 -Wpointer-sign -Wno-newline-eof -Wno-selector -Wno-strict-selector-match -Wno-undeclared-selector -Wno-deprecated-implementations -Wno-implicit-fallthrough -fstrict-aliasing -Wprotocol -Wdeprecated-declarations -Wno-sign-conversion -Wno-infinite-recursion -Wno-comma -Wno-block-capture-autoreleasing -Wno-strict-prototypes -Wno-semicolon-before-method-body -index-store-path /Users/aaronkeen/Library/Developer/Xcode/DerivedData/NutraSafeBeta-awyabywlaekrybetqgpbjphfxefs/Index.noindex/DataStore @/Users/aaronkeen/Library/Developer/Xcode/DerivedData/NutraSafeBeta-awyabywlaekrybetqgpbjphfxefs/Build/Intermediates.noindex/abseil.build/Debug-iphonesimulator/abslWrapper.build/Objects-normal/arm64/e6072d4f65d7061329687fe24e3d63a7-common-args.resp -include /Users/aaronkeen/Library/Developer/Xcode/DerivedData/NutraSafeBeta-awyabywlaekrybetqgpbjphfxefs/Build/Intermediates.noindex/abseil.build/Debug-iphonesimulator/abslWrapper.build/DerivedSources/resource_bundle_accessor.h -MMD -MT dependencies -MF /Users/aaronkeen/Library/Developer/Xcode/DerivedData/NutraSafeBeta-awyabywlaekrybetqgpbjphfxefs/Build/Intermediates.noindex/abseil.build/Debug-iphonesimulator/abslWrapper.build/Objects-normal/arm64/empty.d --serialize-diagnostics /Users/aaronkeen/Library/Developer/Xcode/DerivedData/NutraSafeBeta-awyabywlaekrybetqgpbjphfxefs/Build/Intermediates.noindex/abseil.build/Debug-iphonesimulator/abslWrapper.build/Objects-normal/arm64/empty.dia -c /Users/aaronkeen/Library/Developer/Xcode/DerivedData/NutraSafeBeta-awyabywlaekrybetqgpbjphfxefs/SourcePackages/checkouts/abseil-cpp-binary/absl-Wrapper/empty.m -o /Users/aaronkeen/Library/Developer/Xcode/DerivedData/NutraSafeBeta-awyabywlaekrybetqgpbjphfxefs/Build/Intermediates.noindex/abseil.build/Debug-iphonesimulator/abslWrapper.build/Objects-normal/arm64/empty.o -index-unit-output-path /abseil.build/Debug-iphonesimulator/abslWrapper.build/Objects-normal/arm64/empty.o

Ld /Users/aaronkeen/Library/Developer/Xcode/DerivedData/NutraSafeBeta-awyabywlaekrybetqgpbjphfxefs/Build/Products/Debug-iphonesimulator/leveldb.o normal (in target 'leveldb' from project 'leveldb')
    cd /Users/aaronkeen/Library/Developer/Xcode/DerivedData/NutraSafeBeta-awyabywlaekrybetqgpbjphfxefs/SourcePackages/checkouts/leveldb
    /Applications/Xcode.app/Contents/Developer/Toolchains/XcodeDefault.xctoolchain/usr/bin/clang++ -Xlinker -reproducible -target arm64-apple-ios12.0-simulator -r -isysroot /Applications/Xcode.app/Contents/Developer/Platforms/iPhoneSimulator.platform/Developer/SDKs/iPhoneSimulator18.5.sdk -O0 -w -L/Users/aaronkeen/Library/Developer/Xcode/DerivedData/NutraSafeBeta-awyabywlaekrybetqgpbjphfxefs/Build/Intermediates.noindex/EagerLinkingTBDs/Debug-iphonesimulator -L/Users/aaronkeen/Library/Developer/Xcode/DerivedData/NutraSafeBeta-awyabywlaekrybetqgpbjphfxefs/Build/Products/Debug-iphonesimulator -L/Applications/Xcode.app/Contents/Developer/Platforms/iPhoneSimulator.platform/Developer/usr/lib -F/Users/aaronkeen/Library/Developer/Xcode/DerivedData/NutraSafeBeta-awyabywlaekrybetqgpbjphfxefs/Build/Intermediates.noindex/EagerLinkingTBDs/Debug-iphonesimulator -F/Users/aaronkeen/Library/Developer/Xcode/DerivedData/NutraSafeBeta-awyabywlaekrybetqgpbjphfxefs/Build/Products/Debug-iphonesimulator -iframework /Applications/Xcode.app/Contents/Developer/Platforms/iPhoneSimulator.platform/Developer/Library/Frameworks -iframework /Applications/Xcode.app/Contents/Developer/Platforms/iPhoneSimulator.platform/Developer/SDKs/iPhoneSimulator18.5.sdk/Developer/Library/Frameworks -filelist /Users/aaronkeen/Library/Developer/Xcode/DerivedData/NutraSafeBeta-awyabywlaekrybetqgpbjphfxefs/Build/Intermediates.noindex/leveldb.build/Debug-iphonesimulator/leveldb.build/Objects-normal/arm64/leveldb.LinkFileList -nostdlib -Xlinker -object_path_lto -Xlinker /Users/aaronkeen/Library/Developer/Xcode/DerivedData/NutraSafeBeta-awyabywlaekrybetqgpbjphfxefs/Build/Intermediates.noindex/leveldb.build/Debug-iphonesimulator/leveldb.build/Objects-normal/arm64/leveldb_lto.o -rdynamic -Xlinker -no_deduplicate -Xlinker -objc_abi_version -Xlinker 2 -Xlinker -dependency_info -Xlinker /Users/aaronkeen/Library/Developer/Xcode/DerivedData/NutraSafeBeta-awyabywlaekrybetqgpbjphfxefs/Build/Intermediates.noindex/leveldb.build/Debug-iphonesimulator/leveldb.build/Objects-normal/arm64/leveldb_dependency_info.dat -fobjc-arc -fobjc-link-runtime -o /Users/aaronkeen/Library/Developer/Xcode/DerivedData/NutraSafeBeta-awyabywlaekrybetqgpbjphfxefs/Build/Products/Debug-iphonesimulator/leveldb.o

PrecompileModule /Users/aaronkeen/Library/Developer/Xcode/DerivedData/NutraSafeBeta-awyabywlaekrybetqgpbjphfxefs/Build/Intermediates.noindex/ExplicitPrecompiledModules/UIKit-54Y9CCGKWMWMKT3IBIX16UAMY.scan
    cd /Users/aaronkeen/Documents/My\ Apps/NutraSafe\ Beta/NutraSafeBeta.xcodeproj
    builtin-precompileModule /Users/aaronkeen/Library/Developer/Xcode/DerivedData/NutraSafeBeta-awyabywlaekrybetqgpbjphfxefs/Build/Intermediates.noindex/ExplicitPrecompiledModules/UIKit-54Y9CCGKWMWMKT3IBIX16UAMY.scan

Touch /Users/aaronkeen/Library/Developer/Xcode/DerivedData/NutraSafeBeta-awyabywlaekrybetqgpbjphfxefs/Build/Products/Debug-iphonesimulator/GoogleUtilities_GoogleUtilities-Logger.bundle (in target 'GoogleUtilities_GoogleUtilities-Logger' from project 'GoogleUtilities')
    cd /Users/aaronkeen/Library/Developer/Xcode/DerivedData/NutraSafeBeta-awyabywlaekrybetqgpbjphfxefs/SourcePackages/checkouts/GoogleUtilities
    /usr/bin/touch -c /Users/aaronkeen/Library/Developer/Xcode/DerivedData/NutraSafeBeta-awyabywlaekrybetqgpbjphfxefs/Build/Products/Debug-iphonesimulator/GoogleUtilities_GoogleUtilities-Logger.bundle

Touch /Users/aaronkeen/Library/Developer/Xcode/DerivedData/NutraSafeBeta-awyabywlaekrybetqgpbjphfxefs/Build/Products/Debug-iphonesimulator/GoogleUtilities_GoogleUtilities-Environment.bundle (in target 'GoogleUtilities_GoogleUtilities-Environment' from project 'GoogleUtilities')
    cd /Users/aaronkeen/Library/Developer/Xcode/DerivedData/NutraSafeBeta-awyabywlaekrybetqgpbjphfxefs/SourcePackages/checkouts/GoogleUtilities
    /usr/bin/touch -c /Users/aaronkeen/Library/Developer/Xcode/DerivedData/NutraSafeBeta-awyabywlaekrybetqgpbjphfxefs/Build/Products/Debug-iphonesimulator/GoogleUtilities_GoogleUtilities-Environment.bundle

Touch /Users/aaronkeen/Library/Developer/Xcode/DerivedData/NutraSafeBeta-awyabywlaekrybetqgpbjphfxefs/Build/Products/Debug-iphonesimulator/GoogleUtilities_GoogleUtilities-AppDelegateSwizzler.bundle (in target 'GoogleUtilities_GoogleUtilities-AppDelegateSwizzler' from project 'GoogleUtilities')
    cd /Users/aaronkeen/Library/Developer/Xcode/DerivedData/NutraSafeBeta-awyabywlaekrybetqgpbjphfxefs/SourcePackages/checkouts/GoogleUtilities
    /usr/bin/touch -c /Users/aaronkeen/Library/Developer/Xcode/DerivedData/NutraSafeBeta-awyabywlaekrybetqgpbjphfxefs/Build/Products/Debug-iphonesimulator/GoogleUtilities_GoogleUtilities-AppDelegateSwizzler.bundle

Touch /Users/aaronkeen/Library/Developer/Xcode/DerivedData/NutraSafeBeta-awyabywlaekrybetqgpbjphfxefs/Build/Products/Debug-iphonesimulator/GTMSessionFetcher_GTMSessionFetcherCore.bundle (in target 'GTMSessionFetcher_GTMSessionFetcherCore' from project 'GTMSessionFetcher')
    cd /Users/aaronkeen/Library/Developer/Xcode/DerivedData/NutraSafeBeta-awyabywlaekrybetqgpbjphfxefs/SourcePackages/checkouts/gtm-session-fetcher
    /usr/bin/touch -c /Users/aaronkeen/Library/Developer/Xcode/DerivedData/NutraSafeBeta-awyabywlaekrybetqgpbjphfxefs/Build/Products/Debug-iphonesimulator/GTMSessionFetcher_GTMSessionFetcherCore.bundle

Ld /Users/aaronkeen/Library/Developer/Xcode/DerivedData/NutraSafeBeta-awyabywlaekrybetqgpbjphfxefs/Build/Products/Debug-iphonesimulator/GoogleUtilities-NSData.o normal (in target 'GoogleUtilities-NSData' from project 'GoogleUtilities')
    cd /Users/aaronkeen/Library/Developer/Xcode/DerivedData/NutraSafeBeta-awyabywlaekrybetqgpbjphfxefs/SourcePackages/checkouts/GoogleUtilities
    /Applications/Xcode.app/Contents/Developer/Toolchains/XcodeDefault.xctoolchain/usr/bin/clang -Xlinker -reproducible -target arm64-apple-ios12.0-simulator -r -isysroot /Applications/Xcode.app/Contents/Developer/Platforms/iPhoneSimulator.platform/Developer/SDKs/iPhoneSimulator18.5.sdk -O0 -w -L/Users/aaronkeen/Library/Developer/Xcode/DerivedData/NutraSafeBeta-awyabywlaekrybetqgpbjphfxefs/Build/Intermediates.noindex/EagerLinkingTBDs/Debug-iphonesimulator -L/Users/aaronkeen/Library/Developer/Xcode/DerivedData/NutraSafeBeta-awyabywlaekrybetqgpbjphfxefs/Build/Products/Debug-iphonesimulator -L/Applications/Xcode.app/Contents/Developer/Platforms/iPhoneSimulator.platform/Developer/usr/lib -F/Users/aaronkeen/Library/Developer/Xcode/DerivedData/NutraSafeBeta-awyabywlaekrybetqgpbjphfxefs/Build/Intermediates.noindex/EagerLinkingTBDs/Debug-iphonesimulator -F/Users/aaronkeen/Library/Developer/Xcode/DerivedData/NutraSafeBeta-awyabywlaekrybetqgpbjphfxefs/Build/Products/Debug-iphonesimulator -iframework /Applications/Xcode.app/Contents/Developer/Platforms/iPhoneSimulator.platform/Developer/Library/Frameworks -iframework /Applications/Xcode.app/Contents/Developer/Platforms/iPhoneSimulator.platform/Developer/SDKs/iPhoneSimulator18.5.sdk/Developer/Library/Frameworks -filelist /Users/aaronkeen/Library/Developer/Xcode/DerivedData/NutraSafeBeta-awyabywlaekrybetqgpbjphfxefs/Build/Intermediates.noindex/GoogleUtilities.build/Debug-iphonesimulator/GoogleUtilities-NSData.build/Objects-normal/arm64/GoogleUtilities-NSData.LinkFileList -nostdlib -Xlinker -object_path_lto -Xlinker /Users/aaronkeen/Library/Developer/Xcode/DerivedData/NutraSafeBeta-awyabywlaekrybetqgpbjphfxefs/Build/Intermediates.noindex/GoogleUtilities.build/Debug-iphonesimulator/GoogleUtilities-NSData.build/Objects-normal/arm64/GoogleUtilities-NSData_lto.o -rdynamic -Xlinker -no_deduplicate -Xlinker -objc_abi_version -Xlinker 2 -Xlinker -dependency_info -Xlinker /Users/aaronkeen/Library/Developer/Xcode/DerivedData/NutraSafeBeta-awyabywlaekrybetqgpbjphfxefs/Build/Intermediates.noindex/GoogleUtilities.build/Debug-iphonesimulator/GoogleUtilities-NSData.build/Objects-normal/arm64/GoogleUtilities-NSData_dependency_info.dat -fobjc-arc -fobjc-link-runtime -o /Users/aaronkeen/Library/Developer/Xcode/DerivedData/NutraSafeBeta-awyabywlaekrybetqgpbjphfxefs/Build/Products/Debug-iphonesimulator/GoogleUtilities-NSData.o

RegisterExecutionPolicyException /Users/aaronkeen/Library/Developer/Xcode/DerivedData/NutraSafeBeta-awyabywlaekrybetqgpbjphfxefs/Build/Products/Debug-iphonesimulator/Firebase_FirebaseCore.bundle (in target 'Firebase_FirebaseCore' from project 'Firebase')
    cd /Users/aaronkeen/Library/Developer/Xcode/DerivedData/NutraSafeBeta-awyabywlaekrybetqgpbjphfxefs/SourcePackages/checkouts/firebase-ios-sdk
    builtin-RegisterExecutionPolicyException /Users/aaronkeen/Library/Developer/Xcode/DerivedData/NutraSafeBeta-awyabywlaekrybetqgpbjphfxefs/Build/Products/Debug-iphonesimulator/Firebase_FirebaseCore.bundle

RegisterExecutionPolicyException /Users/aaronkeen/Library/Developer/Xcode/DerivedData/NutraSafeBeta-awyabywlaekrybetqgpbjphfxefs/Build/Products/Debug-iphonesimulator/Firebase_FirebaseAuth.bundle (in target 'Firebase_FirebaseAuth' from project 'Firebase')
    cd /Users/aaronkeen/Library/Developer/Xcode/DerivedData/NutraSafeBeta-awyabywlaekrybetqgpbjphfxefs/SourcePackages/checkouts/firebase-ios-sdk
    builtin-RegisterExecutionPolicyException /Users/aaronkeen/Library/Developer/Xcode/DerivedData/NutraSafeBeta-awyabywlaekrybetqgpbjphfxefs/Build/Products/Debug-iphonesimulator/Firebase_FirebaseAuth.bundle

SwiftDriver\ Compilation FirebaseSharedSwift normal arm64 com.apple.xcode.tools.swift.compiler (in target 'FirebaseSharedSwift' from project 'Firebase')
    cd /Users/aaronkeen/Documents/My\ Apps/NutraSafe\ Beta/NutraSafeBeta.xcodeproj
    builtin-Swift-Compilation -- /Applications/Xcode.app/Contents/Developer/Toolchains/XcodeDefault.xctoolchain/usr/bin/swiftc -module-name FirebaseSharedSwift -Onone -enforce-exclusivity\=checked @/Users/aaronkeen/Library/Developer/Xcode/DerivedData/NutraSafeBeta-awyabywlaekrybetqgpbjphfxefs/Build/Intermediates.noindex/Firebase.build/Debug-iphonesimulator/FirebaseSharedSwift.build/Objects-normal/arm64/FirebaseSharedSwift.SwiftFileList -DSWIFT_PACKAGE -DDEBUG -DXcode -plugin-path /Applications/Xcode.app/Contents/Developer/Toolchains/XcodeDefault.xctoolchain/usr/lib/swift/host/plugins/testing -enable-experimental-feature DebugDescriptionMacro -sdk /Applications/Xcode.app/Contents/Developer/Platforms/iPhoneSimulator.platform/Developer/SDKs/iPhoneSimulator18.5.sdk -target arm64-apple-ios15.0-simulator -g -module-cache-path /Users/aaronkeen/Library/Developer/Xcode/DerivedData/ModuleCache.noindex -Xfrontend -serialize-debugging-options -enable-testing -suppress-warnings -index-store-path /Users/aaronkeen/Library/Developer/Xcode/DerivedData/NutraSafeBeta-awyabywlaekrybetqgpbjphfxefs/Index.noindex/DataStore -swift-version 5 -I /Users/aaronkeen/Library/Developer/Xcode/DerivedData/NutraSafeBeta-awyabywlaekrybetqgpbjphfxefs/Build/Products/Debug-iphonesimulator -I /Applications/Xcode.app/Contents/Developer/Platforms/iPhoneSimulator.platform/Developer/usr/lib -F /Users/aaronkeen/Library/Developer/Xcode/DerivedData/NutraSafeBeta-awyabywlaekrybetqgpbjphfxefs/Build/Products/Debug-iphonesimulator -F /Applications/Xcode.app/Contents/Developer/Platforms/iPhoneSimulator.platform/Developer/Library/Frameworks -F /Applications/Xcode.app/Contents/Developer/Platforms/iPhoneSimulator.platform/Developer/SDKs/iPhoneSimulator18.5.sdk/Developer/Library/Frameworks -c -j14 -enable-batch-mode -incremental -Xcc -ivfsstatcache -Xcc /Users/aaronkeen/Library/Developer/Xcode/DerivedData/SDKStatCaches.noindex/iphonesimulator18.5-22F76-d5fc8ad4295d2ef488fb7d0f804ce0c4.sdkstatcache -output-file-map /Users/aaronkeen/Library/Developer/Xcode/DerivedData/NutraSafeBeta-awyabywlaekrybetqgpbjphfxefs/Build/Intermediates.noindex/Firebase.build/Debug-iphonesimulator/FirebaseSharedSwift.build/Objects-normal/arm64/FirebaseSharedSwift-OutputFileMap.json -use-frontend-parseable-output -save-temps -no-color-diagnostics -serialize-diagnostics -emit-dependencies -emit-module -emit-module-path /Users/aaronkeen/Library/Developer/Xcode/DerivedData/NutraSafeBeta-awyabywlaekrybetqgpbjphfxefs/Build/Intermediates.noindex/Firebase.build/Debug-iphonesimulator/FirebaseSharedSwift.build/Objects-normal/arm64/FirebaseSharedSwift.swiftmodule -user-module-version 12.2.0 -validate-clang-modules-once -clang-build-session-file /Users/aaronkeen/Library/Developer/Xcode/DerivedData/ModuleCache.noindex/Session.modulevalidation -package-name firebase_ios_sdk -Xcc -I/Users/aaronkeen/Library/Developer/Xcode/DerivedData/NutraSafeBeta-awyabywlaekrybetqgpbjphfxefs/Build/Intermediates.noindex/Firebase.build/Debug-iphonesimulator/FirebaseSharedSwift.build/swift-overrides.hmap -emit-const-values -Xfrontend -const-gather-protocols-file -Xfrontend /Users/aaronkeen/Library/Developer/Xcode/DerivedData/NutraSafeBeta-awyabywlaekrybetqgpbjphfxefs/Build/Intermediates.noindex/Firebase.build/Debug-iphonesimulator/FirebaseSharedSwift.build/Objects-normal/arm64/FirebaseSharedSwift_const_extract_protocols.json -Xcc -I/Users/aaronkeen/Library/Developer/Xcode/DerivedData/NutraSafeBeta-awyabywlaekrybetqgpbjphfxefs/Build/Products/Debug-iphonesimulator/include -Xcc -I/Users/aaronkeen/Library/Developer/Xcode/DerivedData/NutraSafeBeta-awyabywlaekrybetqgpbjphfxefs/Build/Intermediates.noindex/Firebase.build/Debug-iphonesimulator/FirebaseSharedSwift.build/DerivedSources-normal/arm64 -Xcc -I/Users/aaronkeen/Library/Developer/Xcode/DerivedData/NutraSafeBeta-awyabywlaekrybetqgpbjphfxefs/Build/Intermediates.noindex/Firebase.build/Debug-iphonesimulator/FirebaseSharedSwift.build/DerivedSources/arm64 -Xcc -I/Users/aaronkeen/Library/Developer/Xcode/DerivedData/NutraSafeBeta-awyabywlaekrybetqgpbjphfxefs/Build/Intermediates.noindex/Firebase.build/Debug-iphonesimulator/FirebaseSharedSwift.build/DerivedSources -Xcc -DSWIFT_PACKAGE -Xcc -DDEBUG\=1 -emit-objc-header -emit-objc-header-path /Users/aaronkeen/Library/Developer/Xcode/DerivedData/NutraSafeBeta-awyabywlaekrybetqgpbjphfxefs/Build/Intermediates.noindex/Firebase.build/Debug-iphonesimulator/FirebaseSharedSwift.build/Objects-normal/arm64/FirebaseSharedSwift-Swift.h -working-directory /Users/aaronkeen/Documents/My\ Apps/NutraSafe\ Beta/NutraSafeBeta.xcodeproj -experimental-emit-module-separately -disable-cmo

Ld /Users/aaronkeen/Library/Developer/Xcode/DerivedData/NutraSafeBeta-awyabywlaekrybetqgpbjphfxefs/Build/Products/Debug-iphonesimulator/FirebaseSharedSwift.o normal (in target 'FirebaseSharedSwift' from project 'Firebase')
    cd /Users/aaronkeen/Library/Developer/Xcode/DerivedData/NutraSafeBeta-awyabywlaekrybetqgpbjphfxefs/SourcePackages/checkouts/firebase-ios-sdk
    /Applications/Xcode.app/Contents/Developer/Toolchains/XcodeDefault.xctoolchain/usr/bin/clang -Xlinker -reproducible -target arm64-apple-ios15.0-simulator -r -isysroot /Applications/Xcode.app/Contents/Developer/Platforms/iPhoneSimulator.platform/Developer/SDKs/iPhoneSimulator18.5.sdk -O0 -w -L/Users/aaronkeen/Library/Developer/Xcode/DerivedData/NutraSafeBeta-awyabywlaekrybetqgpbjphfxefs/Build/Intermediates.noindex/EagerLinkingTBDs/Debug-iphonesimulator -L/Users/aaronkeen/Library/Developer/Xcode/DerivedData/NutraSafeBeta-awyabywlaekrybetqgpbjphfxefs/Build/Products/Debug-iphonesimulator -L/Applications/Xcode.app/Contents/Developer/Platforms/iPhoneSimulator.platform/Developer/usr/lib -F/Users/aaronkeen/Library/Developer/Xcode/DerivedData/NutraSafeBeta-awyabywlaekrybetqgpbjphfxefs/Build/Intermediates.noindex/EagerLinkingTBDs/Debug-iphonesimulator -F/Users/aaronkeen/Library/Developer/Xcode/DerivedData/NutraSafeBeta-awyabywlaekrybetqgpbjphfxefs/Build/Products/Debug-iphonesimulator -iframework /Applications/Xcode.app/Contents/Developer/Platforms/iPhoneSimulator.platform/Developer/Library/Frameworks -iframework /Applications/Xcode.app/Contents/Developer/Platforms/iPhoneSimulator.platform/Developer/SDKs/iPhoneSimulator18.5.sdk/Developer/Library/Frameworks -filelist /Users/aaronkeen/Library/Developer/Xcode/DerivedData/NutraSafeBeta-awyabywlaekrybetqgpbjphfxefs/Build/Intermediates.noindex/Firebase.build/Debug-iphonesimulator/FirebaseSharedSwift.build/Objects-normal/arm64/FirebaseSharedSwift.LinkFileList -nostdlib -Xlinker -object_path_lto -Xlinker /Users/aaronkeen/Library/Developer/Xcode/DerivedData/NutraSafeBeta-awyabywlaekrybetqgpbjphfxefs/Build/Intermediates.noindex/Firebase.build/Debug-iphonesimulator/FirebaseSharedSwift.build/Objects-normal/arm64/FirebaseSharedSwift_lto.o -rdynamic -Xlinker -no_deduplicate -Xlinker -objc_abi_version -Xlinker 2 -Xlinker -dependency_info -Xlinker /Users/aaronkeen/Library/Developer/Xcode/DerivedData/NutraSafeBeta-awyabywlaekrybetqgpbjphfxefs/Build/Intermediates.noindex/Firebase.build/Debug-iphonesimulator/FirebaseSharedSwift.build/Objects-normal/arm64/FirebaseSharedSwift_dependency_info.dat -fobjc-link-runtime -L/Applications/Xcode.app/Contents/Developer/Toolchains/XcodeDefault.xctoolchain/usr/lib/swift/iphonesimulator -L/usr/lib/swift -Xlinker -add_ast_path -Xlinker /Users/aaronkeen/Library/Developer/Xcode/DerivedData/NutraSafeBeta-awyabywlaekrybetqgpbjphfxefs/Build/Intermediates.noindex/Firebase.build/Debug-iphonesimulator/FirebaseSharedSwift.build/Objects-normal/arm64/FirebaseSharedSwift.swiftmodule -o /Users/aaronkeen/Library/Developer/Xcode/DerivedData/NutraSafeBeta-awyabywlaekrybetqgpbjphfxefs/Build/Products/Debug-iphonesimulator/FirebaseSharedSwift.o

RegisterExecutionPolicyException /Users/aaronkeen/Library/Developer/Xcode/DerivedData/NutraSafeBeta-awyabywlaekrybetqgpbjphfxefs/Build/Products/Debug-iphonesimulator/RecaptchaInterop.o (in target 'RecaptchaInterop' from project 'InteropForGoogle')
    cd /Users/aaronkeen/Library/Developer/Xcode/DerivedData/NutraSafeBeta-awyabywlaekrybetqgpbjphfxefs/SourcePackages/checkouts/interop-ios-for-google-sdks
    builtin-RegisterExecutionPolicyException /Users/aaronkeen/Library/Developer/Xcode/DerivedData/NutraSafeBeta-awyabywlaekrybetqgpbjphfxefs/Build/Products/Debug-iphonesimulator/RecaptchaInterop.o

Touch /Users/aaronkeen/Library/Developer/Xcode/DerivedData/NutraSafeBeta-awyabywlaekrybetqgpbjphfxefs/Build/Products/Debug-iphonesimulator/Firebase_FirebaseFirestore.bundle (in target 'Firebase_FirebaseFirestore' from project 'Firebase')
    cd /Users/aaronkeen/Library/Developer/Xcode/DerivedData/NutraSafeBeta-awyabywlaekrybetqgpbjphfxefs/SourcePackages/checkouts/firebase-ios-sdk
    /usr/bin/touch -c /Users/aaronkeen/Library/Developer/Xcode/DerivedData/NutraSafeBeta-awyabywlaekrybetqgpbjphfxefs/Build/Products/Debug-iphonesimulator/Firebase_FirebaseFirestore.bundle

ScanDependencies /Users/aaronkeen/Library/Developer/Xcode/DerivedData/NutraSafeBeta-awyabywlaekrybetqgpbjphfxefs/Build/Intermediates.noindex/Firebase.build/Debug-iphonesimulator/FirebaseCore.build/Objects-normal/arm64/resource_bundle_accessor.o /Users/aaronkeen/Library/Developer/Xcode/DerivedData/NutraSafeBeta-awyabywlaekrybetqgpbjphfxefs/Build/Intermediates.noindex/Firebase.build/Debug-iphonesimulator/FirebaseCore.build/DerivedSources/resource_bundle_accessor.m normal arm64 objective-c com.apple.compilers.llvm.clang.1_0.compiler (in target 'FirebaseCore' from project 'Firebase')
    cd /Users/aaronkeen/Documents/My\ Apps/NutraSafe\ Beta/NutraSafeBeta.xcodeproj
    
    Using response file: /Users/aaronkeen/Library/Developer/Xcode/DerivedData/NutraSafeBeta-awyabywlaekrybetqgpbjphfxefs/Build/Intermediates.noindex/Firebase.build/Debug-iphonesimulator/FirebaseCore.build/Objects-normal/arm64/e6072d4f65d7061329687fe24e3d63a7-common-args.resp
    
    builtin-ScanDependencies -o /Users/aaronkeen/Library/Developer/Xcode/DerivedData/NutraSafeBeta-awyabywlaekrybetqgpbjphfxefs/Build/Intermediates.noindex/Firebase.build/Debug-iphonesimulator/FirebaseCore.build/Objects-normal/arm64/resource_bundle_accessor.o.scan -- /Applications/Xcode.app/Contents/Developer/Toolchains/XcodeDefault.xctoolchain/usr/bin/clang -x objective-c -ivfsstatcache /Users/aaronkeen/Library/Developer/Xcode/DerivedData/SDKStatCaches.noindex/iphonesimulator18.5-22F76-d5fc8ad4295d2ef488fb7d0f804ce0c4.sdkstatcache -fmessage-length\=0 -fdiagnostics-show-note-include-stack -fmacro-backtrace-limit\=0 -fno-color-diagnostics -fmodules-prune-interval\=86400 -fmodules-prune-after\=345600 -fbuild-session-file\=/Users/aaronkeen/Library/Developer/Xcode/DerivedData/ModuleCache.noindex/Session.modulevalidation -fmodules-validate-once-per-build-session -Wnon-modular-include-in-framework-module -Werror\=non-modular-include-in-framework-module -Wno-trigraphs -Wno-missing-field-initializers -Wno-missing-prototypes -Wno-return-type -Wno-implicit-atomic-properties -Wno-objc-interface-ivars -Wno-arc-repeated-use-of-weak -Wno-missing-braces -Wparentheses -Wswitch -Wno-unused-function -Wno-unused-label -Wno-unused-parameter -Wno-unused-variable -Wunused-value -Wno-empty-body -Wno-uninitialized -Wno-unknown-pragmas -w -Wno-shadow -Wno-four-char-constants -Wno-conversion -Wno-constant-conversion -Wno-int-conversion -Wno-bool-conversion -Wno-enum-conversion -Wno-float-conversion -Wno-non-literal-null-conversion -Wno-objc-literal-conversion -Wshorten-64-to-32 -Wpointer-sign -Wno-newline-eof -Wno-selector -Wno-strict-selector-match -Wno-undeclared-selector -Wno-deprecated-implementations -Wno-implicit-fallthrough -fstrict-aliasing -Wprotocol -Wdeprecated-declarations -Wno-sign-conversion -Wno-infinite-recursion -Wno-comma -Wno-block-capture-autoreleasing -Wno-strict-prototypes -Wno-semicolon-before-method-body -index-store-path /Users/aaronkeen/Library/Developer/Xcode/DerivedData/NutraSafeBeta-awyabywlaekrybetqgpbjphfxefs/Index.noindex/DataStore @/Users/aaronkeen/Library/Developer/Xcode/DerivedData/NutraSafeBeta-awyabywlaekrybetqgpbjphfxefs/Build/Intermediates.noindex/Firebase.build/Debug-iphonesimulator/FirebaseCore.build/Objects-normal/arm64/e6072d4f65d7061329687fe24e3d63a7-common-args.resp -include /Users/aaronkeen/Library/Developer/Xcode/DerivedData/NutraSafeBeta-awyabywlaekrybetqgpbjphfxefs/Build/Intermediates.noindex/Firebase.build/Debug-iphonesimulator/FirebaseCore.build/DerivedSources/resource_bundle_accessor.h -MMD -MT dependencies -MF /Users/aaronkeen/Library/Developer/Xcode/DerivedData/NutraSafeBeta-awyabywlaekrybetqgpbjphfxefs/Build/Intermediates.noindex/Firebase.build/Debug-iphonesimulator/FirebaseCore.build/Objects-normal/arm64/resource_bundle_accessor.d --serialize-diagnostics /Users/aaronkeen/Library/Developer/Xcode/DerivedData/NutraSafeBeta-awyabywlaekrybetqgpbjphfxefs/Build/Intermediates.noindex/Firebase.build/Debug-iphonesimulator/FirebaseCore.build/Objects-normal/arm64/resource_bundle_accessor.dia -c /Users/aaronkeen/Library/Developer/Xcode/DerivedData/NutraSafeBeta-awyabywlaekrybetqgpbjphfxefs/Build/Intermediates.noindex/Firebase.build/Debug-iphonesimulator/FirebaseCore.build/DerivedSources/resource_bundle_accessor.m -o /Users/aaronkeen/Library/Developer/Xcode/DerivedData/NutraSafeBeta-awyabywlaekrybetqgpbjphfxefs/Build/Intermediates.noindex/Firebase.build/Debug-iphonesimulator/FirebaseCore.build/Objects-normal/arm64/resource_bundle_accessor.o -index-unit-output-path /Firebase.build/Debug-iphonesimulator/FirebaseCore.build/Objects-normal/arm64/resource_bundle_accessor.o

ScanDependencies /Users/aaronkeen/Library/Developer/Xcode/DerivedData/NutraSafeBeta-awyabywlaekrybetqgpbjphfxefs/Build/Intermediates.noindex/Firebase.build/Debug-iphonesimulator/FirebaseCore.build/Objects-normal/arm64/FIRVersion.o /Users/aaronkeen/Library/Developer/Xcode/DerivedData/NutraSafeBeta-awyabywlaekrybetqgpbjphfxefs/SourcePackages/checkouts/firebase-ios-sdk/FirebaseCore/Sources/FIRVersion.m normal arm64 objective-c com.apple.compilers.llvm.clang.1_0.compiler (in target 'FirebaseCore' from project 'Firebase')
    cd /Users/aaronkeen/Documents/My\ Apps/NutraSafe\ Beta/NutraSafeBeta.xcodeproj
    
    Using response file: /Users/aaronkeen/Library/Developer/Xcode/DerivedData/NutraSafeBeta-awyabywlaekrybetqgpbjphfxefs/Build/Intermediates.noindex/Firebase.build/Debug-iphonesimulator/FirebaseCore.build/Objects-normal/arm64/e6072d4f65d7061329687fe24e3d63a7-common-args.resp
    
    builtin-ScanDependencies -o /Users/aaronkeen/Library/Developer/Xcode/DerivedData/NutraSafeBeta-awyabywlaekrybetqgpbjphfxefs/Build/Intermediates.noindex/Firebase.build/Debug-iphonesimulator/FirebaseCore.build/Objects-normal/arm64/FIRVersion.o.scan -- /Applications/Xcode.app/Contents/Developer/Toolchains/XcodeDefault.xctoolchain/usr/bin/clang -x objective-c -ivfsstatcache /Users/aaronkeen/Library/Developer/Xcode/DerivedData/SDKStatCaches.noindex/iphonesimulator18.5-22F76-d5fc8ad4295d2ef488fb7d0f804ce0c4.sdkstatcache -fmessage-length\=0 -fdiagnostics-show-note-include-stack -fmacro-backtrace-limit\=0 -fno-color-diagnostics -fmodules-prune-interval\=86400 -fmodules-prune-after\=345600 -fbuild-session-file\=/Users/aaronkeen/Library/Developer/Xcode/DerivedData/ModuleCache.noindex/Session.modulevalidation -fmodules-validate-once-per-build-session -Wnon-modular-include-in-framework-module -Werror\=non-modular-include-in-framework-module -Wno-trigraphs -Wno-missing-field-initializers -Wno-missing-prototypes -Wno-return-type -Wno-implicit-atomic-properties -Wno-objc-interface-ivars -Wno-arc-repeated-use-of-weak -Wno-missing-braces -Wparentheses -Wswitch -Wno-unused-function -Wno-unused-label -Wno-unused-parameter -Wno-unused-variable -Wunused-value -Wno-empty-body -Wno-uninitialized -Wno-unknown-pragmas -w -Wno-shadow -Wno-four-char-constants -Wno-conversion -Wno-constant-conversion -Wno-int-conversion -Wno-bool-conversion -Wno-enum-conversion -Wno-float-conversion -Wno-non-literal-null-conversion -Wno-objc-literal-conversion -Wshorten-64-to-32 -Wpointer-sign -Wno-newline-eof -Wno-selector -Wno-strict-selector-match -Wno-undeclared-selector -Wno-deprecated-implementations -Wno-implicit-fallthrough -fstrict-aliasing -Wprotocol -Wdeprecated-declarations -Wno-sign-conversion -Wno-infinite-recursion -Wno-comma -Wno-block-capture-autoreleasing -Wno-strict-prototypes -Wno-semicolon-before-method-body -index-store-path /Users/aaronkeen/Library/Developer/Xcode/DerivedData/NutraSafeBeta-awyabywlaekrybetqgpbjphfxefs/Index.noindex/DataStore @/Users/aaronkeen/Library/Developer/Xcode/DerivedData/NutraSafeBeta-awyabywlaekrybetqgpbjphfxefs/Build/Intermediates.noindex/Firebase.build/Debug-iphonesimulator/FirebaseCore.build/Objects-normal/arm64/e6072d4f65d7061329687fe24e3d63a7-common-args.resp -include /Users/aaronkeen/Library/Developer/Xcode/DerivedData/NutraSafeBeta-awyabywlaekrybetqgpbjphfxefs/Build/Intermediates.noindex/Firebase.build/Debug-iphonesimulator/FirebaseCore.build/DerivedSources/resource_bundle_accessor.h -MMD -MT dependencies -MF /Users/aaronkeen/Library/Developer/Xcode/DerivedData/NutraSafeBeta-awyabywlaekrybetqgpbjphfxefs/Build/Intermediates.noindex/Firebase.build/Debug-iphonesimulator/FirebaseCore.build/Objects-normal/arm64/FIRVersion.d --serialize-diagnostics /Users/aaronkeen/Library/Developer/Xcode/DerivedData/NutraSafeBeta-awyabywlaekrybetqgpbjphfxefs/Build/Intermediates.noindex/Firebase.build/Debug-iphonesimulator/FirebaseCore.build/Objects-normal/arm64/FIRVersion.dia -c /Users/aaronkeen/Library/Developer/Xcode/DerivedData/NutraSafeBeta-awyabywlaekrybetqgpbjphfxefs/SourcePackages/checkouts/firebase-ios-sdk/FirebaseCore/Sources/FIRVersion.m -o /Users/aaronkeen/Library/Developer/Xcode/DerivedData/NutraSafeBeta-awyabywlaekrybetqgpbjphfxefs/Build/Intermediates.noindex/Firebase.build/Debug-iphonesimulator/FirebaseCore.build/Objects-normal/arm64/FIRVersion.o -index-unit-output-path /Firebase.build/Debug-iphonesimulator/FirebaseCore.build/Objects-normal/arm64/FIRVersion.o

ScanDependencies /Users/aaronkeen/Library/Developer/Xcode/DerivedData/NutraSafeBeta-awyabywlaekrybetqgpbjphfxefs/Build/Intermediates.noindex/Firebase.build/Debug-iphonesimulator/FirebaseCore.build/Objects-normal/arm64/FIRTimestamp.o /Users/aaronkeen/Library/Developer/Xcode/DerivedData/NutraSafeBeta-awyabywlaekrybetqgpbjphfxefs/SourcePackages/checkouts/firebase-ios-sdk/FirebaseCore/Sources/FIRTimestamp.m normal arm64 objective-c com.apple.compilers.llvm.clang.1_0.compiler (in target 'FirebaseCore' from project 'Firebase')
    cd /Users/aaronkeen/Documents/My\ Apps/NutraSafe\ Beta/NutraSafeBeta.xcodeproj
    
    Using response file: /Users/aaronkeen/Library/Developer/Xcode/DerivedData/NutraSafeBeta-awyabywlaekrybetqgpbjphfxefs/Build/Intermediates.noindex/Firebase.build/Debug-iphonesimulator/FirebaseCore.build/Objects-normal/arm64/e6072d4f65d7061329687fe24e3d63a7-common-args.resp
    
    builtin-ScanDependencies -o /Users/aaronkeen/Library/Developer/Xcode/DerivedData/NutraSafeBeta-awyabywlaekrybetqgpbjphfxefs/Build/Intermediates.noindex/Firebase.build/Debug-iphonesimulator/FirebaseCore.build/Objects-normal/arm64/FIRTimestamp.o.scan -- /Applications/Xcode.app/Contents/Developer/Toolchains/XcodeDefault.xctoolchain/usr/bin/clang -x objective-c -ivfsstatcache /Users/aaronkeen/Library/Developer/Xcode/DerivedData/SDKStatCaches.noindex/iphonesimulator18.5-22F76-d5fc8ad4295d2ef488fb7d0f804ce0c4.sdkstatcache -fmessage-length\=0 -fdiagnostics-show-note-include-stack -fmacro-backtrace-limit\=0 -fno-color-diagnostics -fmodules-prune-interval\=86400 -fmodules-prune-after\=345600 -fbuild-session-file\=/Users/aaronkeen/Library/Developer/Xcode/DerivedData/ModuleCache.noindex/Session.modulevalidation -fmodules-validate-once-per-build-session -Wnon-modular-include-in-framework-module -Werror\=non-modular-include-in-framework-module -Wno-trigraphs -Wno-missing-field-initializers -Wno-missing-prototypes -Wno-return-type -Wno-implicit-atomic-properties -Wno-objc-interface-ivars -Wno-arc-repeated-use-of-weak -Wno-missing-braces -Wparentheses -Wswitch -Wno-unused-function -Wno-unused-label -Wno-unused-parameter -Wno-unused-variable -Wunused-value -Wno-empty-body -Wno-uninitialized -Wno-unknown-pragmas -w -Wno-shadow -Wno-four-char-constants -Wno-conversion -Wno-constant-conversion -Wno-int-conversion -Wno-bool-conversion -Wno-enum-conversion -Wno-float-conversion -Wno-non-literal-null-conversion -Wno-objc-literal-conversion -Wshorten-64-to-32 -Wpointer-sign -Wno-newline-eof -Wno-selector -Wno-strict-selector-match -Wno-undeclared-selector -Wno-deprecated-implementations -Wno-implicit-fallthrough -fstrict-aliasing -Wprotocol -Wdeprecated-declarations -Wno-sign-conversion -Wno-infinite-recursion -Wno-comma -Wno-block-capture-autoreleasing -Wno-strict-prototypes -Wno-semicolon-before-method-body -index-store-path /Users/aaronkeen/Library/Developer/Xcode/DerivedData/NutraSafeBeta-awyabywlaekrybetqgpbjphfxefs/Index.noindex/DataStore @/Users/aaronkeen/Library/Developer/Xcode/DerivedData/NutraSafeBeta-awyabywlaekrybetqgpbjphfxefs/Build/Intermediates.noindex/Firebase.build/Debug-iphonesimulator/FirebaseCore.build/Objects-normal/arm64/e6072d4f65d7061329687fe24e3d63a7-common-args.resp -include /Users/aaronkeen/Library/Developer/Xcode/DerivedData/NutraSafeBeta-awyabywlaekrybetqgpbjphfxefs/Build/Intermediates.noindex/Firebase.build/Debug-iphonesimulator/FirebaseCore.build/DerivedSources/resource_bundle_accessor.h -MMD -MT dependencies -MF /Users/aaronkeen/Library/Developer/Xcode/DerivedData/NutraSafeBeta-awyabywlaekrybetqgpbjphfxefs/Build/Intermediates.noindex/Firebase.build/Debug-iphonesimulator/FirebaseCore.build/Objects-normal/arm64/FIRTimestamp.d --serialize-diagnostics /Users/aaronkeen/Library/Developer/Xcode/DerivedData/NutraSafeBeta-awyabywlaekrybetqgpbjphfxefs/Build/Intermediates.noindex/Firebase.build/Debug-iphonesimulator/FirebaseCore.build/Objects-normal/arm64/FIRTimestamp.dia -c /Users/aaronkeen/Library/Developer/Xcode/DerivedData/NutraSafeBeta-awyabywlaekrybetqgpbjphfxefs/SourcePackages/checkouts/firebase-ios-sdk/FirebaseCore/Sources/FIRTimestamp.m -o /Users/aaronkeen/Library/Developer/Xcode/DerivedData/NutraSafeBeta-awyabywlaekrybetqgpbjphfxefs/Build/Intermediates.noindex/Firebase.build/Debug-iphonesimulator/FirebaseCore.build/Objects-normal/arm64/FIRTimestamp.o -index-unit-output-path /Firebase.build/Debug-iphonesimulator/FirebaseCore.build/Objects-normal/arm64/FIRTimestamp.o

PrecompileModule /Users/aaronkeen/Library/Developer/Xcode/DerivedData/NutraSafeBeta-awyabywlaekrybetqgpbjphfxefs/Build/Intermediates.noindex/ExplicitPrecompiledModules/GoogleUtilities_Network-EJXVQ2BJEWBMN113BP9SZELB4.scan
    cd /Users/aaronkeen/Documents/My\ Apps/NutraSafe\ Beta/NutraSafeBeta.xcodeproj
    builtin-precompileModule /Users/aaronkeen/Library/Developer/Xcode/DerivedData/NutraSafeBeta-awyabywlaekrybetqgpbjphfxefs/Build/Intermediates.noindex/ExplicitPrecompiledModules/GoogleUtilities_Network-EJXVQ2BJEWBMN113BP9SZELB4.scan

ScanDependencies /Users/aaronkeen/Library/Developer/Xcode/DerivedData/NutraSafeBeta-awyabywlaekrybetqgpbjphfxefs/Build/Intermediates.noindex/Firebase.build/Debug-iphonesimulator/FirebaseCore.build/Objects-normal/arm64/FIROptions.o /Users/aaronkeen/Library/Developer/Xcode/DerivedData/NutraSafeBeta-awyabywlaekrybetqgpbjphfxefs/SourcePackages/checkouts/firebase-ios-sdk/FirebaseCore/Sources/FIROptions.m normal arm64 objective-c com.apple.compilers.llvm.clang.1_0.compiler (in target 'FirebaseCore' from project 'Firebase')
    cd /Users/aaronkeen/Documents/My\ Apps/NutraSafe\ Beta/NutraSafeBeta.xcodeproj
    
    Using response file: /Users/aaronkeen/Library/Developer/Xcode/DerivedData/NutraSafeBeta-awyabywlaekrybetqgpbjphfxefs/Build/Intermediates.noindex/Firebase.build/Debug-iphonesimulator/FirebaseCore.build/Objects-normal/arm64/e6072d4f65d7061329687fe24e3d63a7-common-args.resp
    
    builtin-ScanDependencies -o /Users/aaronkeen/Library/Developer/Xcode/DerivedData/NutraSafeBeta-awyabywlaekrybetqgpbjphfxefs/Build/Intermediates.noindex/Firebase.build/Debug-iphonesimulator/FirebaseCore.build/Objects-normal/arm64/FIROptions.o.scan -- /Applications/Xcode.app/Contents/Developer/Toolchains/XcodeDefault.xctoolchain/usr/bin/clang -x objective-c -ivfsstatcache /Users/aaronkeen/Library/Developer/Xcode/DerivedData/SDKStatCaches.noindex/iphonesimulator18.5-22F76-d5fc8ad4295d2ef488fb7d0f804ce0c4.sdkstatcache -fmessage-length\=0 -fdiagnostics-show-note-include-stack -fmacro-backtrace-limit\=0 -fno-color-diagnostics -fmodules-prune-interval\=86400 -fmodules-prune-after\=345600 -fbuild-session-file\=/Users/aaronkeen/Library/Developer/Xcode/DerivedData/ModuleCache.noindex/Session.modulevalidation -fmodules-validate-once-per-build-session -Wnon-modular-include-in-framework-module -Werror\=non-modular-include-in-framework-module -Wno-trigraphs -Wno-missing-field-initializers -Wno-missing-prototypes -Wno-return-type -Wno-implicit-atomic-properties -Wno-objc-interface-ivars -Wno-arc-repeated-use-of-weak -Wno-missing-braces -Wparentheses -Wswitch -Wno-unused-function -Wno-unused-label -Wno-unused-parameter -Wno-unused-variable -Wunused-value -Wno-empty-body -Wno-uninitialized -Wno-unknown-pragmas -w -Wno-shadow -Wno-four-char-constants -Wno-conversion -Wno-constant-conversion -Wno-int-conversion -Wno-bool-conversion -Wno-enum-conversion -Wno-float-conversion -Wno-non-literal-null-conversion -Wno-objc-literal-conversion -Wshorten-64-to-32 -Wpointer-sign -Wno-newline-eof -Wno-selector -Wno-strict-selector-match -Wno-undeclared-selector -Wno-deprecated-implementations -Wno-implicit-fallthrough -fstrict-aliasing -Wprotocol -Wdeprecated-declarations -Wno-sign-conversion -Wno-infinite-recursion -Wno-comma -Wno-block-capture-autoreleasing -Wno-strict-prototypes -Wno-semicolon-before-method-body -index-store-path /Users/aaronkeen/Library/Developer/Xcode/DerivedData/NutraSafeBeta-awyabywlaekrybetqgpbjphfxefs/Index.noindex/DataStore @/Users/aaronkeen/Library/Developer/Xcode/DerivedData/NutraSafeBeta-awyabywlaekrybetqgpbjphfxefs/Build/Intermediates.noindex/Firebase.build/Debug-iphonesimulator/FirebaseCore.build/Objects-normal/arm64/e6072d4f65d7061329687fe24e3d63a7-common-args.resp -include /Users/aaronkeen/Library/Developer/Xcode/DerivedData/NutraSafeBeta-awyabywlaekrybetqgpbjphfxefs/Build/Intermediates.noindex/Firebase.build/Debug-iphonesimulator/FirebaseCore.build/DerivedSources/resource_bundle_accessor.h -MMD -MT dependencies -MF /Users/aaronkeen/Library/Developer/Xcode/DerivedData/NutraSafeBeta-awyabywlaekrybetqgpbjphfxefs/Build/Intermediates.noindex/Firebase.build/Debug-iphonesimulator/FirebaseCore.build/Objects-normal/arm64/FIROptions.d --serialize-diagnostics /Users/aaronkeen/Library/Developer/Xcode/DerivedData/NutraSafeBeta-awyabywlaekrybetqgpbjphfxefs/Build/Intermediates.noindex/Firebase.build/Debug-iphonesimulator/FirebaseCore.build/Objects-normal/arm64/FIROptions.dia -c /Users/aaronkeen/Library/Developer/Xcode/DerivedData/NutraSafeBeta-awyabywlaekrybetqgpbjphfxefs/SourcePackages/checkouts/firebase-ios-sdk/FirebaseCore/Sources/FIROptions.m -o /Users/aaronkeen/Library/Developer/Xcode/DerivedData/NutraSafeBeta-awyabywlaekrybetqgpbjphfxefs/Build/Intermediates.noindex/Firebase.build/Debug-iphonesimulator/FirebaseCore.build/Objects-normal/arm64/FIROptions.o -index-unit-output-path /Firebase.build/Debug-iphonesimulator/FirebaseCore.build/Objects-normal/arm64/FIROptions.o

ScanDependencies /Users/aaronkeen/Library/Developer/Xcode/DerivedData/NutraSafeBeta-awyabywlaekrybetqgpbjphfxefs/Build/Intermediates.noindex/Firebase.build/Debug-iphonesimulator/FirebaseCore.build/Objects-normal/arm64/FIRLogger.o /Users/aaronkeen/Library/Developer/Xcode/DerivedData/NutraSafeBeta-awyabywlaekrybetqgpbjphfxefs/SourcePackages/checkouts/firebase-ios-sdk/FirebaseCore/Sources/FIRLogger.m normal arm64 objective-c com.apple.compilers.llvm.clang.1_0.compiler (in target 'FirebaseCore' from project 'Firebase')
    cd /Users/aaronkeen/Documents/My\ Apps/NutraSafe\ Beta/NutraSafeBeta.xcodeproj
    
    Using response file: /Users/aaronkeen/Library/Developer/Xcode/DerivedData/NutraSafeBeta-awyabywlaekrybetqgpbjphfxefs/Build/Intermediates.noindex/Firebase.build/Debug-iphonesimulator/FirebaseCore.build/Objects-normal/arm64/e6072d4f65d7061329687fe24e3d63a7-common-args.resp
    
    builtin-ScanDependencies -o /Users/aaronkeen/Library/Developer/Xcode/DerivedData/NutraSafeBeta-awyabywlaekrybetqgpbjphfxefs/Build/Intermediates.noindex/Firebase.build/Debug-iphonesimulator/FirebaseCore.build/Objects-normal/arm64/FIRLogger.o.scan -- /Applications/Xcode.app/Contents/Developer/Toolchains/XcodeDefault.xctoolchain/usr/bin/clang -x objective-c -ivfsstatcache /Users/aaronkeen/Library/Developer/Xcode/DerivedData/SDKStatCaches.noindex/iphonesimulator18.5-22F76-d5fc8ad4295d2ef488fb7d0f804ce0c4.sdkstatcache -fmessage-length\=0 -fdiagnostics-show-note-include-stack -fmacro-backtrace-limit\=0 -fno-color-diagnostics -fmodules-prune-interval\=86400 -fmodules-prune-after\=345600 -fbuild-session-file\=/Users/aaronkeen/Library/Developer/Xcode/DerivedData/ModuleCache.noindex/Session.modulevalidation -fmodules-validate-once-per-build-session -Wnon-modular-include-in-framework-module -Werror\=non-modular-include-in-framework-module -Wno-trigraphs -Wno-missing-field-initializers -Wno-missing-prototypes -Wno-return-type -Wno-implicit-atomic-properties -Wno-objc-interface-ivars -Wno-arc-repeated-use-of-weak -Wno-missing-braces -Wparentheses -Wswitch -Wno-unused-function -Wno-unused-label -Wno-unused-parameter -Wno-unused-variable -Wunused-value -Wno-empty-body -Wno-uninitialized -Wno-unknown-pragmas -w -Wno-shadow -Wno-four-char-constants -Wno-conversion -Wno-constant-conversion -Wno-int-conversion -Wno-bool-conversion -Wno-enum-conversion -Wno-float-conversion -Wno-non-literal-null-conversion -Wno-objc-literal-conversion -Wshorten-64-to-32 -Wpointer-sign -Wno-newline-eof -Wno-selector -Wno-strict-selector-match -Wno-undeclared-selector -Wno-deprecated-implementations -Wno-implicit-fallthrough -fstrict-aliasing -Wprotocol -Wdeprecated-declarations -Wno-sign-conversion -Wno-infinite-recursion -Wno-comma -Wno-block-capture-autoreleasing -Wno-strict-prototypes -Wno-semicolon-before-method-body -index-store-path /Users/aaronkeen/Library/Developer/Xcode/DerivedData/NutraSafeBeta-awyabywlaekrybetqgpbjphfxefs/Index.noindex/DataStore @/Users/aaronkeen/Library/Developer/Xcode/DerivedData/NutraSafeBeta-awyabywlaekrybetqgpbjphfxefs/Build/Intermediates.noindex/Firebase.build/Debug-iphonesimulator/FirebaseCore.build/Objects-normal/arm64/e6072d4f65d7061329687fe24e3d63a7-common-args.resp -include /Users/aaronkeen/Library/Developer/Xcode/DerivedData/NutraSafeBeta-awyabywlaekrybetqgpbjphfxefs/Build/Intermediates.noindex/Firebase.build/Debug-iphonesimulator/FirebaseCore.build/DerivedSources/resource_bundle_accessor.h -MMD -MT dependencies -MF /Users/aaronkeen/Library/Developer/Xcode/DerivedData/NutraSafeBeta-awyabywlaekrybetqgpbjphfxefs/Build/Intermediates.noindex/Firebase.build/Debug-iphonesimulator/FirebaseCore.build/Objects-normal/arm64/FIRLogger.d --serialize-diagnostics /Users/aaronkeen/Library/Developer/Xcode/DerivedData/NutraSafeBeta-awyabywlaekrybetqgpbjphfxefs/Build/Intermediates.noindex/Firebase.build/Debug-iphonesimulator/FirebaseCore.build/Objects-normal/arm64/FIRLogger.dia -c /Users/aaronkeen/Library/Developer/Xcode/DerivedData/NutraSafeBeta-awyabywlaekrybetqgpbjphfxefs/SourcePackages/checkouts/firebase-ios-sdk/FirebaseCore/Sources/FIRLogger.m -o /Users/aaronkeen/Library/Developer/Xcode/DerivedData/NutraSafeBeta-awyabywlaekrybetqgpbjphfxefs/Build/Intermediates.noindex/Firebase.build/Debug-iphonesimulator/FirebaseCore.build/Objects-normal/arm64/FIRLogger.o -index-unit-output-path /Firebase.build/Debug-iphonesimulator/FirebaseCore.build/Objects-normal/arm64/FIRLogger.o

PrecompileModule /Users/aaronkeen/Library/Developer/Xcode/DerivedData/NutraSafeBeta-awyabywlaekrybetqgpbjphfxefs/Build/Intermediates.noindex/ExplicitPrecompiledModules/UIKit-DL4PNUB4SY1B2IJGZ69CDXJOO.scan
    cd /Users/aaronkeen/Documents/My\ Apps/NutraSafe\ Beta/NutraSafeBeta.xcodeproj
    builtin-precompileModule /Users/aaronkeen/Library/Developer/Xcode/DerivedData/NutraSafeBeta-awyabywlaekrybetqgpbjphfxefs/Build/Intermediates.noindex/ExplicitPrecompiledModules/UIKit-DL4PNUB4SY1B2IJGZ69CDXJOO.scan

ScanDependencies /Users/aaronkeen/Library/Developer/Xcode/DerivedData/NutraSafeBeta-awyabywlaekrybetqgpbjphfxefs/Build/Intermediates.noindex/Firebase.build/Debug-iphonesimulator/FirebaseCore.build/Objects-normal/arm64/FIRHeartbeatLogger.o /Users/aaronkeen/Library/Developer/Xcode/DerivedData/NutraSafeBeta-awyabywlaekrybetqgpbjphfxefs/SourcePackages/checkouts/firebase-ios-sdk/FirebaseCore/Sources/FIRHeartbeatLogger.m normal arm64 objective-c com.apple.compilers.llvm.clang.1_0.compiler (in target 'FirebaseCore' from project 'Firebase')
    cd /Users/aaronkeen/Documents/My\ Apps/NutraSafe\ Beta/NutraSafeBeta.xcodeproj
    
    Using response file: /Users/aaronkeen/Library/Developer/Xcode/DerivedData/NutraSafeBeta-awyabywlaekrybetqgpbjphfxefs/Build/Intermediates.noindex/Firebase.build/Debug-iphonesimulator/FirebaseCore.build/Objects-normal/arm64/e6072d4f65d7061329687fe24e3d63a7-common-args.resp
    
    builtin-ScanDependencies -o /Users/aaronkeen/Library/Developer/Xcode/DerivedData/NutraSafeBeta-awyabywlaekrybetqgpbjphfxefs/Build/Intermediates.noindex/Firebase.build/Debug-iphonesimulator/FirebaseCore.build/Objects-normal/arm64/FIRHeartbeatLogger.o.scan -- /Applications/Xcode.app/Contents/Developer/Toolchains/XcodeDefault.xctoolchain/usr/bin/clang -x objective-c -ivfsstatcache /Users/aaronkeen/Library/Developer/Xcode/DerivedData/SDKStatCaches.noindex/iphonesimulator18.5-22F76-d5fc8ad4295d2ef488fb7d0f804ce0c4.sdkstatcache -fmessage-length\=0 -fdiagnostics-show-note-include-stack -fmacro-backtrace-limit\=0 -fno-color-diagnostics -fmodules-prune-interval\=86400 -fmodules-prune-after\=345600 -fbuild-session-file\=/Users/aaronkeen/Library/Developer/Xcode/DerivedData/ModuleCache.noindex/Session.modulevalidation -fmodules-validate-once-per-build-session -Wnon-modular-include-in-framework-module -Werror\=non-modular-include-in-framework-module -Wno-trigraphs -Wno-missing-field-initializers -Wno-missing-prototypes -Wno-return-type -Wno-implicit-atomic-properties -Wno-objc-interface-ivars -Wno-arc-repeated-use-of-weak -Wno-missing-braces -Wparentheses -Wswitch -Wno-unused-function -Wno-unused-label -Wno-unused-parameter -Wno-unused-variable -Wunused-value -Wno-empty-body -Wno-uninitialized -Wno-unknown-pragmas -w -Wno-shadow -Wno-four-char-constants -Wno-conversion -Wno-constant-conversion -Wno-int-conversion -Wno-bool-conversion -Wno-enum-conversion -Wno-float-conversion -Wno-non-literal-null-conversion -Wno-objc-literal-conversion -Wshorten-64-to-32 -Wpointer-sign -Wno-newline-eof -Wno-selector -Wno-strict-selector-match -Wno-undeclared-selector -Wno-deprecated-implementations -Wno-implicit-fallthrough -fstrict-aliasing -Wprotocol -Wdeprecated-declarations -Wno-sign-conversion -Wno-infinite-recursion -Wno-comma -Wno-block-capture-autoreleasing -Wno-strict-prototypes -Wno-semicolon-before-method-body -index-store-path /Users/aaronkeen/Library/Developer/Xcode/DerivedData/NutraSafeBeta-awyabywlaekrybetqgpbjphfxefs/Index.noindex/DataStore @/Users/aaronkeen/Library/Developer/Xcode/DerivedData/NutraSafeBeta-awyabywlaekrybetqgpbjphfxefs/Build/Intermediates.noindex/Firebase.build/Debug-iphonesimulator/FirebaseCore.build/Objects-normal/arm64/e6072d4f65d7061329687fe24e3d63a7-common-args.resp -include /Users/aaronkeen/Library/Developer/Xcode/DerivedData/NutraSafeBeta-awyabywlaekrybetqgpbjphfxefs/Build/Intermediates.noindex/Firebase.build/Debug-iphonesimulator/FirebaseCore.build/DerivedSources/resource_bundle_accessor.h -MMD -MT dependencies -MF /Users/aaronkeen/Library/Developer/Xcode/DerivedData/NutraSafeBeta-awyabywlaekrybetqgpbjphfxefs/Build/Intermediates.noindex/Firebase.build/Debug-iphonesimulator/FirebaseCore.build/Objects-normal/arm64/FIRHeartbeatLogger.d --serialize-diagnostics /Users/aaronkeen/Library/Developer/Xcode/DerivedData/NutraSafeBeta-awyabywlaekrybetqgpbjphfxefs/Build/Intermediates.noindex/Firebase.build/Debug-iphonesimulator/FirebaseCore.build/Objects-normal/arm64/FIRHeartbeatLogger.dia -c /Users/aaronkeen/Library/Developer/Xcode/DerivedData/NutraSafeBeta-awyabywlaekrybetqgpbjphfxefs/SourcePackages/checkouts/firebase-ios-sdk/FirebaseCore/Sources/FIRHeartbeatLogger.m -o /Users/aaronkeen/Library/Developer/Xcode/DerivedData/NutraSafeBeta-awyabywlaekrybetqgpbjphfxefs/Build/Intermediates.noindex/Firebase.build/Debug-iphonesimulator/FirebaseCore.build/Objects-normal/arm64/FIRHeartbeatLogger.o -index-unit-output-path /Firebase.build/Debug-iphonesimulator/FirebaseCore.build/Objects-normal/arm64/FIRHeartbeatLogger.o

ScanDependencies /Users/aaronkeen/Library/Developer/Xcode/DerivedData/NutraSafeBeta-awyabywlaekrybetqgpbjphfxefs/Build/Intermediates.noindex/Firebase.build/Debug-iphonesimulator/FirebaseCore.build/Objects-normal/arm64/FIRFirebaseUserAgent.o /Users/aaronkeen/Library/Developer/Xcode/DerivedData/NutraSafeBeta-awyabywlaekrybetqgpbjphfxefs/SourcePackages/checkouts/firebase-ios-sdk/FirebaseCore/Sources/FIRFirebaseUserAgent.m normal arm64 objective-c com.apple.compilers.llvm.clang.1_0.compiler (in target 'FirebaseCore' from project 'Firebase')
    cd /Users/aaronkeen/Documents/My\ Apps/NutraSafe\ Beta/NutraSafeBeta.xcodeproj
    
    Using response file: /Users/aaronkeen/Library/Developer/Xcode/DerivedData/NutraSafeBeta-awyabywlaekrybetqgpbjphfxefs/Build/Intermediates.noindex/Firebase.build/Debug-iphonesimulator/FirebaseCore.build/Objects-normal/arm64/e6072d4f65d7061329687fe24e3d63a7-common-args.resp
    
    builtin-ScanDependencies -o /Users/aaronkeen/Library/Developer/Xcode/DerivedData/NutraSafeBeta-awyabywlaekrybetqgpbjphfxefs/Build/Intermediates.noindex/Firebase.build/Debug-iphonesimulator/FirebaseCore.build/Objects-normal/arm64/FIRFirebaseUserAgent.o.scan -- /Applications/Xcode.app/Contents/Developer/Toolchains/XcodeDefault.xctoolchain/usr/bin/clang -x objective-c -ivfsstatcache /Users/aaronkeen/Library/Developer/Xcode/DerivedData/SDKStatCaches.noindex/iphonesimulator18.5-22F76-d5fc8ad4295d2ef488fb7d0f804ce0c4.sdkstatcache -fmessage-length\=0 -fdiagnostics-show-note-include-stack -fmacro-backtrace-limit\=0 -fno-color-diagnostics -fmodules-prune-interval\=86400 -fmodules-prune-after\=345600 -fbuild-session-file\=/Users/aaronkeen/Library/Developer/Xcode/DerivedData/ModuleCache.noindex/Session.modulevalidation -fmodules-validate-once-per-build-session -Wnon-modular-include-in-framework-module -Werror\=non-modular-include-in-framework-module -Wno-trigraphs -Wno-missing-field-initializers -Wno-missing-prototypes -Wno-return-type -Wno-implicit-atomic-properties -Wno-objc-interface-ivars -Wno-arc-repeated-use-of-weak -Wno-missing-braces -Wparentheses -Wswitch -Wno-unused-function -Wno-unused-label -Wno-unused-parameter -Wno-unused-variable -Wunused-value -Wno-empty-body -Wno-uninitialized -Wno-unknown-pragmas -w -Wno-shadow -Wno-four-char-constants -Wno-conversion -Wno-constant-conversion -Wno-int-conversion -Wno-bool-conversion -Wno-enum-conversion -Wno-float-conversion -Wno-non-literal-null-conversion -Wno-objc-literal-conversion -Wshorten-64-to-32 -Wpointer-sign -Wno-newline-eof -Wno-selector -Wno-strict-selector-match -Wno-undeclared-selector -Wno-deprecated-implementations -Wno-implicit-fallthrough -fstrict-aliasing -Wprotocol -Wdeprecated-declarations -Wno-sign-conversion -Wno-infinite-recursion -Wno-comma -Wno-block-capture-autoreleasing -Wno-strict-prototypes -Wno-semicolon-before-method-body -index-store-path /Users/aaronkeen/Library/Developer/Xcode/DerivedData/NutraSafeBeta-awyabywlaekrybetqgpbjphfxefs/Index.noindex/DataStore @/Users/aaronkeen/Library/Developer/Xcode/DerivedData/NutraSafeBeta-awyabywlaekrybetqgpbjphfxefs/Build/Intermediates.noindex/Firebase.build/Debug-iphonesimulator/FirebaseCore.build/Objects-normal/arm64/e6072d4f65d7061329687fe24e3d63a7-common-args.resp -include /Users/aaronkeen/Library/Developer/Xcode/DerivedData/NutraSafeBeta-awyabywlaekrybetqgpbjphfxefs/Build/Intermediates.noindex/Firebase.build/Debug-iphonesimulator/FirebaseCore.build/DerivedSources/resource_bundle_accessor.h -MMD -MT dependencies -MF /Users/aaronkeen/Library/Developer/Xcode/DerivedData/NutraSafeBeta-awyabywlaekrybetqgpbjphfxefs/Build/Intermediates.noindex/Firebase.build/Debug-iphonesimulator/FirebaseCore.build/Objects-normal/arm64/FIRFirebaseUserAgent.d --serialize-diagnostics /Users/aaronkeen/Library/Developer/Xcode/DerivedData/NutraSafeBeta-awyabywlaekrybetqgpbjphfxefs/Build/Intermediates.noindex/Firebase.build/Debug-iphonesimulator/FirebaseCore.build/Objects-normal/arm64/FIRFirebaseUserAgent.dia -c /Users/aaronkeen/Library/Developer/Xcode/DerivedData/NutraSafeBeta-awyabywlaekrybetqgpbjphfxefs/SourcePackages/checkouts/firebase-ios-sdk/FirebaseCore/Sources/FIRFirebaseUserAgent.m -o /Users/aaronkeen/Library/Developer/Xcode/DerivedData/NutraSafeBeta-awyabywlaekrybetqgpbjphfxefs/Build/Intermediates.noindex/Firebase.build/Debug-iphonesimulator/FirebaseCore.build/Objects-normal/arm64/FIRFirebaseUserAgent.o -index-unit-output-path /Firebase.build/Debug-iphonesimulator/FirebaseCore.build/Objects-normal/arm64/FIRFirebaseUserAgent.o

ScanDependencies /Users/aaronkeen/Library/Developer/Xcode/DerivedData/NutraSafeBeta-awyabywlaekrybetqgpbjphfxefs/Build/Intermediates.noindex/Firebase.build/Debug-iphonesimulator/FirebaseCore.build/Objects-normal/arm64/FIRConfiguration.o /Users/aaronkeen/Library/Developer/Xcode/DerivedData/NutraSafeBeta-awyabywlaekrybetqgpbjphfxefs/SourcePackages/checkouts/firebase-ios-sdk/FirebaseCore/Sources/FIRConfiguration.m normal arm64 objective-c com.apple.compilers.llvm.clang.1_0.compiler (in target 'FirebaseCore' from project 'Firebase')
    cd /Users/aaronkeen/Documents/My\ Apps/NutraSafe\ Beta/NutraSafeBeta.xcodeproj
    
    Using response file: /Users/aaronkeen/Library/Developer/Xcode/DerivedData/NutraSafeBeta-awyabywlaekrybetqgpbjphfxefs/Build/Intermediates.noindex/Firebase.build/Debug-iphonesimulator/FirebaseCore.build/Objects-normal/arm64/e6072d4f65d7061329687fe24e3d63a7-common-args.resp
    
    builtin-ScanDependencies -o /Users/aaronkeen/Library/Developer/Xcode/DerivedData/NutraSafeBeta-awyabywlaekrybetqgpbjphfxefs/Build/Intermediates.noindex/Firebase.build/Debug-iphonesimulator/FirebaseCore.build/Objects-normal/arm64/FIRConfiguration.o.scan -- /Applications/Xcode.app/Contents/Developer/Toolchains/XcodeDefault.xctoolchain/usr/bin/clang -x objective-c -ivfsstatcache /Users/aaronkeen/Library/Developer/Xcode/DerivedData/SDKStatCaches.noindex/iphonesimulator18.5-22F76-d5fc8ad4295d2ef488fb7d0f804ce0c4.sdkstatcache -fmessage-length\=0 -fdiagnostics-show-note-include-stack -fmacro-backtrace-limit\=0 -fno-color-diagnostics -fmodules-prune-interval\=86400 -fmodules-prune-after\=345600 -fbuild-session-file\=/Users/aaronkeen/Library/Developer/Xcode/DerivedData/ModuleCache.noindex/Session.modulevalidation -fmodules-validate-once-per-build-session -Wnon-modular-include-in-framework-module -Werror\=non-modular-include-in-framework-module -Wno-trigraphs -Wno-missing-field-initializers -Wno-missing-prototypes -Wno-return-type -Wno-implicit-atomic-properties -Wno-objc-interface-ivars -Wno-arc-repeated-use-of-weak -Wno-missing-braces -Wparentheses -Wswitch -Wno-unused-function -Wno-unused-label -Wno-unused-parameter -Wno-unused-variable -Wunused-value -Wno-empty-body -Wno-uninitialized -Wno-unknown-pragmas -w -Wno-shadow -Wno-four-char-constants -Wno-conversion -Wno-constant-conversion -Wno-int-conversion -Wno-bool-conversion -Wno-enum-conversion -Wno-float-conversion -Wno-non-literal-null-conversion -Wno-objc-literal-conversion -Wshorten-64-to-32 -Wpointer-sign -Wno-newline-eof -Wno-selector -Wno-strict-selector-match -Wno-undeclared-selector -Wno-deprecated-implementations -Wno-implicit-fallthrough -fstrict-aliasing -Wprotocol -Wdeprecated-declarations -Wno-sign-conversion -Wno-infinite-recursion -Wno-comma -Wno-block-capture-autoreleasing -Wno-strict-prototypes -Wno-semicolon-before-method-body -index-store-path /Users/aaronkeen/Library/Developer/Xcode/DerivedData/NutraSafeBeta-awyabywlaekrybetqgpbjphfxefs/Index.noindex/DataStore @/Users/aaronkeen/Library/Developer/Xcode/DerivedData/NutraSafeBeta-awyabywlaekrybetqgpbjphfxefs/Build/Intermediates.noindex/Firebase.build/Debug-iphonesimulator/FirebaseCore.build/Objects-normal/arm64/e6072d4f65d7061329687fe24e3d63a7-common-args.resp -include /Users/aaronkeen/Library/Developer/Xcode/DerivedData/NutraSafeBeta-awyabywlaekrybetqgpbjphfxefs/Build/Intermediates.noindex/Firebase.build/Debug-iphonesimulator/FirebaseCore.build/DerivedSources/resource_bundle_accessor.h -MMD -MT dependencies -MF /Users/aaronkeen/Library/Developer/Xcode/DerivedData/NutraSafeBeta-awyabywlaekrybetqgpbjphfxefs/Build/Intermediates.noindex/Firebase.build/Debug-iphonesimulator/FirebaseCore.build/Objects-normal/arm64/FIRConfiguration.d --serialize-diagnostics /Users/aaronkeen/Library/Developer/Xcode/DerivedData/NutraSafeBeta-awyabywlaekrybetqgpbjphfxefs/Build/Intermediates.noindex/Firebase.build/Debug-iphonesimulator/FirebaseCore.build/Objects-normal/arm64/FIRConfiguration.dia -c /Users/aaronkeen/Library/Developer/Xcode/DerivedData/NutraSafeBeta-awyabywlaekrybetqgpbjphfxefs/SourcePackages/checkouts/firebase-ios-sdk/FirebaseCore/Sources/FIRConfiguration.m -o /Users/aaronkeen/Library/Developer/Xcode/DerivedData/NutraSafeBeta-awyabywlaekrybetqgpbjphfxefs/Build/Intermediates.noindex/Firebase.build/Debug-iphonesimulator/FirebaseCore.build/Objects-normal/arm64/FIRConfiguration.o -index-unit-output-path /Firebase.build/Debug-iphonesimulator/FirebaseCore.build/Objects-normal/arm64/FIRConfiguration.o

ScanDependencies /Users/aaronkeen/Library/Developer/Xcode/DerivedData/NutraSafeBeta-awyabywlaekrybetqgpbjphfxefs/Build/Intermediates.noindex/Firebase.build/Debug-iphonesimulator/FirebaseCore.build/Objects-normal/arm64/FIRComponentType.o /Users/aaronkeen/Library/Developer/Xcode/DerivedData/NutraSafeBeta-awyabywlaekrybetqgpbjphfxefs/SourcePackages/checkouts/firebase-ios-sdk/FirebaseCore/Sources/FIRComponentType.m normal arm64 objective-c com.apple.compilers.llvm.clang.1_0.compiler (in target 'FirebaseCore' from project 'Firebase')
    cd /Users/aaronkeen/Documents/My\ Apps/NutraSafe\ Beta/NutraSafeBeta.xcodeproj
    
    Using response file: /Users/aaronkeen/Library/Developer/Xcode/DerivedData/NutraSafeBeta-awyabywlaekrybetqgpbjphfxefs/Build/Intermediates.noindex/Firebase.build/Debug-iphonesimulator/FirebaseCore.build/Objects-normal/arm64/e6072d4f65d7061329687fe24e3d63a7-common-args.resp
    
    builtin-ScanDependencies -o /Users/aaronkeen/Library/Developer/Xcode/DerivedData/NutraSafeBeta-awyabywlaekrybetqgpbjphfxefs/Build/Intermediates.noindex/Firebase.build/Debug-iphonesimulator/FirebaseCore.build/Objects-normal/arm64/FIRComponentType.o.scan -- /Applications/Xcode.app/Contents/Developer/Toolchains/XcodeDefault.xctoolchain/usr/bin/clang -x objective-c -ivfsstatcache /Users/aaronkeen/Library/Developer/Xcode/DerivedData/SDKStatCaches.noindex/iphonesimulator18.5-22F76-d5fc8ad4295d2ef488fb7d0f804ce0c4.sdkstatcache -fmessage-length\=0 -fdiagnostics-show-note-include-stack -fmacro-backtrace-limit\=0 -fno-color-diagnostics -fmodules-prune-interval\=86400 -fmodules-prune-after\=345600 -fbuild-session-file\=/Users/aaronkeen/Library/Developer/Xcode/DerivedData/ModuleCache.noindex/Session.modulevalidation -fmodules-validate-once-per-build-session -Wnon-modular-include-in-framework-module -Werror\=non-modular-include-in-framework-module -Wno-trigraphs -Wno-missing-field-initializers -Wno-missing-prototypes -Wno-return-type -Wno-implicit-atomic-properties -Wno-objc-interface-ivars -Wno-arc-repeated-use-of-weak -Wno-missing-braces -Wparentheses -Wswitch -Wno-unused-function -Wno-unused-label -Wno-unused-parameter -Wno-unused-variable -Wunused-value -Wno-empty-body -Wno-uninitialized -Wno-unknown-pragmas -w -Wno-shadow -Wno-four-char-constants -Wno-conversion -Wno-constant-conversion -Wno-int-conversion -Wno-bool-conversion -Wno-enum-conversion -Wno-float-conversion -Wno-non-literal-null-conversion -Wno-objc-literal-conversion -Wshorten-64-to-32 -Wpointer-sign -Wno-newline-eof -Wno-selector -Wno-strict-selector-match -Wno-undeclared-selector -Wno-deprecated-implementations -Wno-implicit-fallthrough -fstrict-aliasing -Wprotocol -Wdeprecated-declarations -Wno-sign-conversion -Wno-infinite-recursion -Wno-comma -Wno-block-capture-autoreleasing -Wno-strict-prototypes -Wno-semicolon-before-method-body -index-store-path /Users/aaronkeen/Library/Developer/Xcode/DerivedData/NutraSafeBeta-awyabywlaekrybetqgpbjphfxefs/Index.noindex/DataStore @/Users/aaronkeen/Library/Developer/Xcode/DerivedData/NutraSafeBeta-awyabywlaekrybetqgpbjphfxefs/Build/Intermediates.noindex/Firebase.build/Debug-iphonesimulator/FirebaseCore.build/Objects-normal/arm64/e6072d4f65d7061329687fe24e3d63a7-common-args.resp -include /Users/aaronkeen/Library/Developer/Xcode/DerivedData/NutraSafeBeta-awyabywlaekrybetqgpbjphfxefs/Build/Intermediates.noindex/Firebase.build/Debug-iphonesimulator/FirebaseCore.build/DerivedSources/resource_bundle_accessor.h -MMD -MT dependencies -MF /Users/aaronkeen/Library/Developer/Xcode/DerivedData/NutraSafeBeta-awyabywlaekrybetqgpbjphfxefs/Build/Intermediates.noindex/Firebase.build/Debug-iphonesimulator/FirebaseCore.build/Objects-normal/arm64/FIRComponentType.d --serialize-diagnostics /Users/aaronkeen/Library/Developer/Xcode/DerivedData/NutraSafeBeta-awyabywlaekrybetqgpbjphfxefs/Build/Intermediates.noindex/Firebase.build/Debug-iphonesimulator/FirebaseCore.build/Objects-normal/arm64/FIRComponentType.dia -c /Users/aaronkeen/Library/Developer/Xcode/DerivedData/NutraSafeBeta-awyabywlaekrybetqgpbjphfxefs/SourcePackages/checkouts/firebase-ios-sdk/FirebaseCore/Sources/FIRComponentType.m -o /Users/aaronkeen/Library/Developer/Xcode/DerivedData/NutraSafeBeta-awyabywlaekrybetqgpbjphfxefs/Build/Intermediates.noindex/Firebase.build/Debug-iphonesimulator/FirebaseCore.build/Objects-normal/arm64/FIRComponentType.o -index-unit-output-path /Firebase.build/Debug-iphonesimulator/FirebaseCore.build/Objects-normal/arm64/FIRComponentType.o

ScanDependencies /Users/aaronkeen/Library/Developer/Xcode/DerivedData/NutraSafeBeta-awyabywlaekrybetqgpbjphfxefs/Build/Intermediates.noindex/Firebase.build/Debug-iphonesimulator/FirebaseCore.build/Objects-normal/arm64/FIRComponentContainer.o /Users/aaronkeen/Library/Developer/Xcode/DerivedData/NutraSafeBeta-awyabywlaekrybetqgpbjphfxefs/SourcePackages/checkouts/firebase-ios-sdk/FirebaseCore/Sources/FIRComponentContainer.m normal arm64 objective-c com.apple.compilers.llvm.clang.1_0.compiler (in target 'FirebaseCore' from project 'Firebase')
    cd /Users/aaronkeen/Documents/My\ Apps/NutraSafe\ Beta/NutraSafeBeta.xcodeproj
    
    Using response file: /Users/aaronkeen/Library/Developer/Xcode/DerivedData/NutraSafeBeta-awyabywlaekrybetqgpbjphfxefs/Build/Intermediates.noindex/Firebase.build/Debug-iphonesimulator/FirebaseCore.build/Objects-normal/arm64/e6072d4f65d7061329687fe24e3d63a7-common-args.resp
    
    builtin-ScanDependencies -o /Users/aaronkeen/Library/Developer/Xcode/DerivedData/NutraSafeBeta-awyabywlaekrybetqgpbjphfxefs/Build/Intermediates.noindex/Firebase.build/Debug-iphonesimulator/FirebaseCore.build/Objects-normal/arm64/FIRComponentContainer.o.scan -- /Applications/Xcode.app/Contents/Developer/Toolchains/XcodeDefault.xctoolchain/usr/bin/clang -x objective-c -ivfsstatcache /Users/aaronkeen/Library/Developer/Xcode/DerivedData/SDKStatCaches.noindex/iphonesimulator18.5-22F76-d5fc8ad4295d2ef488fb7d0f804ce0c4.sdkstatcache -fmessage-length\=0 -fdiagnostics-show-note-include-stack -fmacro-backtrace-limit\=0 -fno-color-diagnostics -fmodules-prune-interval\=86400 -fmodules-prune-after\=345600 -fbuild-session-file\=/Users/aaronkeen/Library/Developer/Xcode/DerivedData/ModuleCache.noindex/Session.modulevalidation -fmodules-validate-once-per-build-session -Wnon-modular-include-in-framework-module -Werror\=non-modular-include-in-framework-module -Wno-trigraphs -Wno-missing-field-initializers -Wno-missing-prototypes -Wno-return-type -Wno-implicit-atomic-properties -Wno-objc-interface-ivars -Wno-arc-repeated-use-of-weak -Wno-missing-braces -Wparentheses -Wswitch -Wno-unused-function -Wno-unused-label -Wno-unused-parameter -Wno-unused-variable -Wunused-value -Wno-empty-body -Wno-uninitialized -Wno-unknown-pragmas -w -Wno-shadow -Wno-four-char-constants -Wno-conversion -Wno-constant-conversion -Wno-int-conversion -Wno-bool-conversion -Wno-enum-conversion -Wno-float-conversion -Wno-non-literal-null-conversion -Wno-objc-literal-conversion -Wshorten-64-to-32 -Wpointer-sign -Wno-newline-eof -Wno-selector -Wno-strict-selector-match -Wno-undeclared-selector -Wno-deprecated-implementations -Wno-implicit-fallthrough -fstrict-aliasing -Wprotocol -Wdeprecated-declarations -Wno-sign-conversion -Wno-infinite-recursion -Wno-comma -Wno-block-capture-autoreleasing -Wno-strict-prototypes -Wno-semicolon-before-method-body -index-store-path /Users/aaronkeen/Library/Developer/Xcode/DerivedData/NutraSafeBeta-awyabywlaekrybetqgpbjphfxefs/Index.noindex/DataStore @/Users/aaronkeen/Library/Developer/Xcode/DerivedData/NutraSafeBeta-awyabywlaekrybetqgpbjphfxefs/Build/Intermediates.noindex/Firebase.build/Debug-iphonesimulator/FirebaseCore.build/Objects-normal/arm64/e6072d4f65d7061329687fe24e3d63a7-common-args.resp -include /Users/aaronkeen/Library/Developer/Xcode/DerivedData/NutraSafeBeta-awyabywlaekrybetqgpbjphfxefs/Build/Intermediates.noindex/Firebase.build/Debug-iphonesimulator/FirebaseCore.build/DerivedSources/resource_bundle_accessor.h -MMD -MT dependencies -MF /Users/aaronkeen/Library/Developer/Xcode/DerivedData/NutraSafeBeta-awyabywlaekrybetqgpbjphfxefs/Build/Intermediates.noindex/Firebase.build/Debug-iphonesimulator/FirebaseCore.build/Objects-normal/arm64/FIRComponentContainer.d --serialize-diagnostics /Users/aaronkeen/Library/Developer/Xcode/DerivedData/NutraSafeBeta-awyabywlaekrybetqgpbjphfxefs/Build/Intermediates.noindex/Firebase.build/Debug-iphonesimulator/FirebaseCore.build/Objects-normal/arm64/FIRComponentContainer.dia -c /Users/aaronkeen/Library/Developer/Xcode/DerivedData/NutraSafeBeta-awyabywlaekrybetqgpbjphfxefs/SourcePackages/checkouts/firebase-ios-sdk/FirebaseCore/Sources/FIRComponentContainer.m -o /Users/aaronkeen/Library/Developer/Xcode/DerivedData/NutraSafeBeta-awyabywlaekrybetqgpbjphfxefs/Build/Intermediates.noindex/Firebase.build/Debug-iphonesimulator/FirebaseCore.build/Objects-normal/arm64/FIRComponentContainer.o -index-unit-output-path /Firebase.build/Debug-iphonesimulator/FirebaseCore.build/Objects-normal/arm64/FIRComponentContainer.o

PrecompileModule /Users/aaronkeen/Library/Developer/Xcode/DerivedData/NutraSafeBeta-awyabywlaekrybetqgpbjphfxefs/Build/Intermediates.noindex/ExplicitPrecompiledModules/_Builtin_stdbool-S5P3PL2F3PS26PQF7MECE3MN.scan
    cd /Users/aaronkeen/Documents/My\ Apps/NutraSafe\ Beta/NutraSafeBeta.xcodeproj
    builtin-precompileModule /Users/aaronkeen/Library/Developer/Xcode/DerivedData/NutraSafeBeta-awyabywlaekrybetqgpbjphfxefs/Build/Intermediates.noindex/ExplicitPrecompiledModules/_Builtin_stdbool-S5P3PL2F3PS26PQF7MECE3MN.scan

PrecompileModule /Users/aaronkeen/Library/Developer/Xcode/DerivedData/NutraSafeBeta-awyabywlaekrybetqgpbjphfxefs/Build/Intermediates.noindex/ExplicitPrecompiledModules/_Builtin_stddef-AB08ZRHJT3A0WL10L2IBZAO9O.scan
    cd /Users/aaronkeen/Documents/My\ Apps/NutraSafe\ Beta/NutraSafeBeta.xcodeproj
    builtin-precompileModule /Users/aaronkeen/Library/Developer/Xcode/DerivedData/NutraSafeBeta-awyabywlaekrybetqgpbjphfxefs/Build/Intermediates.noindex/ExplicitPrecompiledModules/_Builtin_stddef-AB08ZRHJT3A0WL10L2IBZAO9O.scan

PrecompileModule /Users/aaronkeen/Library/Developer/Xcode/DerivedData/NutraSafeBeta-awyabywlaekrybetqgpbjphfxefs/Build/Intermediates.noindex/ExplicitPrecompiledModules/_Builtin_iso646-7Q0WEEHWKVISMY5HKYDJ6BBAE.scan
    cd /Users/aaronkeen/Documents/My\ Apps/NutraSafe\ Beta/NutraSafeBeta.xcodeproj
    builtin-precompileModule /Users/aaronkeen/Library/Developer/Xcode/DerivedData/NutraSafeBeta-awyabywlaekrybetqgpbjphfxefs/Build/Intermediates.noindex/ExplicitPrecompiledModules/_Builtin_iso646-7Q0WEEHWKVISMY5HKYDJ6BBAE.scan

PrecompileModule /Users/aaronkeen/Library/Developer/Xcode/DerivedData/NutraSafeBeta-awyabywlaekrybetqgpbjphfxefs/Build/Intermediates.noindex/ExplicitPrecompiledModules/os_availability_internal-764NSN29OB5TTJO5CRCDSC3VN.scan
    cd /Users/aaronkeen/Documents/My\ Apps/NutraSafe\ Beta/NutraSafeBeta.xcodeproj
    builtin-precompileModule /Users/aaronkeen/Library/Developer/Xcode/DerivedData/NutraSafeBeta-awyabywlaekrybetqgpbjphfxefs/Build/Intermediates.noindex/ExplicitPrecompiledModules/os_availability_internal-764NSN29OB5TTJO5CRCDSC3VN.scan

PrecompileModule /Users/aaronkeen/Library/Developer/Xcode/DerivedData/NutraSafeBeta-awyabywlaekrybetqgpbjphfxefs/Build/Intermediates.noindex/ExplicitPrecompiledModules/ptrcheck-A3DM01ZECTN59M8KPKJ5A91T2.scan
    cd /Users/aaronkeen/Documents/My\ Apps/NutraSafe\ Beta/NutraSafeBeta.xcodeproj
    builtin-precompileModule /Users/aaronkeen/Library/Developer/Xcode/DerivedData/NutraSafeBeta-awyabywlaekrybetqgpbjphfxefs/Build/Intermediates.noindex/ExplicitPrecompiledModules/ptrcheck-A3DM01ZECTN59M8KPKJ5A91T2.scan

PrecompileModule /Users/aaronkeen/Library/Developer/Xcode/DerivedData/NutraSafeBeta-awyabywlaekrybetqgpbjphfxefs/Build/Intermediates.noindex/ExplicitPrecompiledModules/TargetConditionals-D1SLKFFY4BXRNSMEB1WQ0J3R8.scan
    cd /Users/aaronkeen/Documents/My\ Apps/NutraSafe\ Beta/NutraSafeBeta.xcodeproj
    builtin-precompileModule /Users/aaronkeen/Library/Developer/Xcode/DerivedData/NutraSafeBeta-awyabywlaekrybetqgpbjphfxefs/Build/Intermediates.noindex/ExplicitPrecompiledModules/TargetConditionals-D1SLKFFY4BXRNSMEB1WQ0J3R8.scan

PrecompileModule /Users/aaronkeen/Library/Developer/Xcode/DerivedData/NutraSafeBeta-awyabywlaekrybetqgpbjphfxefs/Build/Intermediates.noindex/ExplicitPrecompiledModules/_Builtin_stdarg-3EAT991C1GXX2B9P8G9Q7D1TN.scan
    cd /Users/aaronkeen/Documents/My\ Apps/NutraSafe\ Beta/NutraSafeBeta.xcodeproj
    builtin-precompileModule /Users/aaronkeen/Library/Developer/Xcode/DerivedData/NutraSafeBeta-awyabywlaekrybetqgpbjphfxefs/Build/Intermediates.noindex/ExplicitPrecompiledModules/_Builtin_stdarg-3EAT991C1GXX2B9P8G9Q7D1TN.scan

PrecompileModule /Users/aaronkeen/Library/Developer/Xcode/DerivedData/NutraSafeBeta-awyabywlaekrybetqgpbjphfxefs/Build/Intermediates.noindex/ExplicitPrecompiledModules/ptrauth-9TQ43SZABUV494YZ7FKYTYZWO.scan
    cd /Users/aaronkeen/Documents/My\ Apps/NutraSafe\ Beta/NutraSafeBeta.xcodeproj
    builtin-precompileModule /Users/aaronkeen/Library/Developer/Xcode/DerivedData/NutraSafeBeta-awyabywlaekrybetqgpbjphfxefs/Build/Intermediates.noindex/ExplicitPrecompiledModules/ptrauth-9TQ43SZABUV494YZ7FKYTYZWO.scan

PrecompileModule /Users/aaronkeen/Library/Developer/Xcode/DerivedData/NutraSafeBeta-awyabywlaekrybetqgpbjphfxefs/Build/Intermediates.noindex/ExplicitPrecompiledModules/_fenv-4V5A3HMCSIY7OW98IWO83DI4J.scan
    cd /Users/aaronkeen/Documents/My\ Apps/NutraSafe\ Beta/NutraSafeBeta.xcodeproj
    builtin-precompileModule /Users/aaronkeen/Library/Developer/Xcode/DerivedData/NutraSafeBeta-awyabywlaekrybetqgpbjphfxefs/Build/Intermediates.noindex/ExplicitPrecompiledModules/_fenv-4V5A3HMCSIY7OW98IWO83DI4J.scan

PrecompileModule /Users/aaronkeen/Library/Developer/Xcode/DerivedData/NutraSafeBeta-awyabywlaekrybetqgpbjphfxefs/Build/Intermediates.noindex/ExplicitPrecompiledModules/_float-AR075PR131KNYQDJKBZYN7CK2.scan
    cd /Users/aaronkeen/Documents/My\ Apps/NutraSafe\ Beta/NutraSafeBeta.xcodeproj
    builtin-precompileModule /Users/aaronkeen/Library/Developer/Xcode/DerivedData/NutraSafeBeta-awyabywlaekrybetqgpbjphfxefs/Build/Intermediates.noindex/ExplicitPrecompiledModules/_float-AR075PR131KNYQDJKBZYN7CK2.scan

PrecompileModule /Users/aaronkeen/Library/Developer/Xcode/DerivedData/NutraSafeBeta-awyabywlaekrybetqgpbjphfxefs/Build/Intermediates.noindex/ExplicitPrecompiledModules/_Builtin_iso646-EE9JOBJMHB4DKJZHTV9SVQSOX.scan
    cd /Users/aaronkeen/Documents/My\ Apps/NutraSafe\ Beta/NutraSafeBeta.xcodeproj
    builtin-precompileModule /Users/aaronkeen/Library/Developer/Xcode/DerivedData/NutraSafeBeta-awyabywlaekrybetqgpbjphfxefs/Build/Intermediates.noindex/ExplicitPrecompiledModules/_Builtin_iso646-EE9JOBJMHB4DKJZHTV9SVQSOX.scan

PrecompileModule /Users/aaronkeen/Library/Developer/Xcode/DerivedData/NutraSafeBeta-awyabywlaekrybetqgpbjphfxefs/Build/Intermediates.noindex/ExplicitPrecompiledModules/ptrauth-ETZLQI08DMA1YUY9R8174TJRS.scan
    cd /Users/aaronkeen/Documents/My\ Apps/NutraSafe\ Beta/NutraSafeBeta.xcodeproj
    builtin-precompileModule /Users/aaronkeen/Library/Developer/Xcode/DerivedData/NutraSafeBeta-awyabywlaekrybetqgpbjphfxefs/Build/Intermediates.noindex/ExplicitPrecompiledModules/ptrauth-ETZLQI08DMA1YUY9R8174TJRS.scan

PrecompileModule /Users/aaronkeen/Library/Developer/Xcode/DerivedData/NutraSafeBeta-awyabywlaekrybetqgpbjphfxefs/Build/Intermediates.noindex/ExplicitPrecompiledModules/_fenv-CKZ0VOVYS510IDMI478D2WHCV.scan
    cd /Users/aaronkeen/Documents/My\ Apps/NutraSafe\ Beta/NutraSafeBeta.xcodeproj
    builtin-precompileModule /Users/aaronkeen/Library/Developer/Xcode/DerivedData/NutraSafeBeta-awyabywlaekrybetqgpbjphfxefs/Build/Intermediates.noindex/ExplicitPrecompiledModules/_fenv-CKZ0VOVYS510IDMI478D2WHCV.scan

PrecompileModule /Users/aaronkeen/Library/Developer/Xcode/DerivedData/NutraSafeBeta-awyabywlaekrybetqgpbjphfxefs/Build/Intermediates.noindex/ExplicitPrecompiledModules/os_availability_internal-3AWI0TDJUTSHSPWNE8DQTEOTD.scan
    cd /Users/aaronkeen/Documents/My\ Apps/NutraSafe\ Beta/NutraSafeBeta.xcodeproj
    builtin-precompileModule /Users/aaronkeen/Library/Developer/Xcode/DerivedData/NutraSafeBeta-awyabywlaekrybetqgpbjphfxefs/Build/Intermediates.noindex/ExplicitPrecompiledModules/os_availability_internal-3AWI0TDJUTSHSPWNE8DQTEOTD.scan

PrecompileModule /Users/aaronkeen/Library/Developer/Xcode/DerivedData/NutraSafeBeta-awyabywlaekrybetqgpbjphfxefs/Build/Intermediates.noindex/ExplicitPrecompiledModules/TargetConditionals-EOAOJTZWDN3N6DSLV47CN5M5Q.scan
    cd /Users/aaronkeen/Documents/My\ Apps/NutraSafe\ Beta/NutraSafeBeta.xcodeproj
    builtin-precompileModule /Users/aaronkeen/Library/Developer/Xcode/DerivedData/NutraSafeBeta-awyabywlaekrybetqgpbjphfxefs/Build/Intermediates.noindex/ExplicitPrecompiledModules/TargetConditionals-EOAOJTZWDN3N6DSLV47CN5M5Q.scan

PrecompileModule /Users/aaronkeen/Library/Developer/Xcode/DerivedData/NutraSafeBeta-awyabywlaekrybetqgpbjphfxefs/Build/Intermediates.noindex/ExplicitPrecompiledModules/_Builtin_stddef-6RLBWXSDZW8RVD33IC5RMCZXB.scan
    cd /Users/aaronkeen/Documents/My\ Apps/NutraSafe\ Beta/NutraSafeBeta.xcodeproj
    builtin-precompileModule /Users/aaronkeen/Library/Developer/Xcode/DerivedData/NutraSafeBeta-awyabywlaekrybetqgpbjphfxefs/Build/Intermediates.noindex/ExplicitPrecompiledModules/_Builtin_stddef-6RLBWXSDZW8RVD33IC5RMCZXB.scan

PrecompileModule /Users/aaronkeen/Library/Developer/Xcode/DerivedData/NutraSafeBeta-awyabywlaekrybetqgpbjphfxefs/Build/Intermediates.noindex/ExplicitPrecompiledModules/_float-DM0JPPTDOU4HK1RK3FGFNY06D.scan
    cd /Users/aaronkeen/Documents/My\ Apps/NutraSafe\ Beta/NutraSafeBeta.xcodeproj
    builtin-precompileModule /Users/aaronkeen/Library/Developer/Xcode/DerivedData/NutraSafeBeta-awyabywlaekrybetqgpbjphfxefs/Build/Intermediates.noindex/ExplicitPrecompiledModules/_float-DM0JPPTDOU4HK1RK3FGFNY06D.scan

PrecompileModule /Users/aaronkeen/Library/Developer/Xcode/DerivedData/NutraSafeBeta-awyabywlaekrybetqgpbjphfxefs/Build/Intermediates.noindex/ExplicitPrecompiledModules/_Builtin_stdarg-7K6MKMX6NI62089E79FOCGNRB.scan
    cd /Users/aaronkeen/Documents/My\ Apps/NutraSafe\ Beta/NutraSafeBeta.xcodeproj
    builtin-precompileModule /Users/aaronkeen/Library/Developer/Xcode/DerivedData/NutraSafeBeta-awyabywlaekrybetqgpbjphfxefs/Build/Intermediates.noindex/ExplicitPrecompiledModules/_Builtin_stdarg-7K6MKMX6NI62089E79FOCGNRB.scan

PrecompileModule /Users/aaronkeen/Library/Developer/Xcode/DerivedData/NutraSafeBeta-awyabywlaekrybetqgpbjphfxefs/Build/Intermediates.noindex/ExplicitPrecompiledModules/_Builtin_stdbool-14LZOCQ9OI9DN55TO47I6W1IB.scan
    cd /Users/aaronkeen/Documents/My\ Apps/NutraSafe\ Beta/NutraSafeBeta.xcodeproj
    builtin-precompileModule /Users/aaronkeen/Library/Developer/Xcode/DerivedData/NutraSafeBeta-awyabywlaekrybetqgpbjphfxefs/Build/Intermediates.noindex/ExplicitPrecompiledModules/_Builtin_stdbool-14LZOCQ9OI9DN55TO47I6W1IB.scan

PrecompileModule /Users/aaronkeen/Library/Developer/Xcode/DerivedData/NutraSafeBeta-awyabywlaekrybetqgpbjphfxefs/Build/Intermediates.noindex/ExplicitPrecompiledModules/os_availability-DY2K8AULOKQ693TC7BCFOK4SR.scan
    cd /Users/aaronkeen/Documents/My\ Apps/NutraSafe\ Beta/NutraSafeBeta.xcodeproj
    builtin-precompileModule /Users/aaronkeen/Library/Developer/Xcode/DerivedData/NutraSafeBeta-awyabywlaekrybetqgpbjphfxefs/Build/Intermediates.noindex/ExplicitPrecompiledModules/os_availability-DY2K8AULOKQ693TC7BCFOK4SR.scan

PrecompileModule /Users/aaronkeen/Library/Developer/Xcode/DerivedData/NutraSafeBeta-awyabywlaekrybetqgpbjphfxefs/Build/Intermediates.noindex/ExplicitPrecompiledModules/ptrcheck-2LMPL32KZ9ZB57DUY5UUKZA38.scan
    cd /Users/aaronkeen/Documents/My\ Apps/NutraSafe\ Beta/NutraSafeBeta.xcodeproj
    builtin-precompileModule /Users/aaronkeen/Library/Developer/Xcode/DerivedData/NutraSafeBeta-awyabywlaekrybetqgpbjphfxefs/Build/Intermediates.noindex/ExplicitPrecompiledModules/ptrcheck-2LMPL32KZ9ZB57DUY5UUKZA38.scan

PrecompileModule /Users/aaronkeen/Library/Developer/Xcode/DerivedData/NutraSafeBeta-awyabywlaekrybetqgpbjphfxefs/Build/Intermediates.noindex/ExplicitPrecompiledModules/_Builtin_float-3ZD47PA5O72CJCNFT4AHSK4VI.scan
    cd /Users/aaronkeen/Documents/My\ Apps/NutraSafe\ Beta/NutraSafeBeta.xcodeproj
    builtin-precompileModule /Users/aaronkeen/Library/Developer/Xcode/DerivedData/NutraSafeBeta-awyabywlaekrybetqgpbjphfxefs/Build/Intermediates.noindex/ExplicitPrecompiledModules/_Builtin_float-3ZD47PA5O72CJCNFT4AHSK4VI.scan

ScanDependencies /Users/aaronkeen/Library/Developer/Xcode/DerivedData/NutraSafeBeta-awyabywlaekrybetqgpbjphfxefs/Build/Intermediates.noindex/Firebase.build/Debug-iphonesimulator/FirebaseCore.build/Objects-normal/arm64/FIRComponent.o /Users/aaronkeen/Library/Developer/Xcode/DerivedData/NutraSafeBeta-awyabywlaekrybetqgpbjphfxefs/SourcePackages/checkouts/firebase-ios-sdk/FirebaseCore/Sources/FIRComponent.m normal arm64 objective-c com.apple.compilers.llvm.clang.1_0.compiler (in target 'FirebaseCore' from project 'Firebase')
    cd /Users/aaronkeen/Documents/My\ Apps/NutraSafe\ Beta/NutraSafeBeta.xcodeproj
    
    Using response file: /Users/aaronkeen/Library/Developer/Xcode/DerivedData/NutraSafeBeta-awyabywlaekrybetqgpbjphfxefs/Build/Intermediates.noindex/Firebase.build/Debug-iphonesimulator/FirebaseCore.build/Objects-normal/arm64/e6072d4f65d7061329687fe24e3d63a7-common-args.resp
    
    builtin-ScanDependencies -o /Users/aaronkeen/Library/Developer/Xcode/DerivedData/NutraSafeBeta-awyabywlaekrybetqgpbjphfxefs/Build/Intermediates.noindex/Firebase.build/Debug-iphonesimulator/FirebaseCore.build/Objects-normal/arm64/FIRComponent.o.scan -- /Applications/Xcode.app/Contents/Developer/Toolchains/XcodeDefault.xctoolchain/usr/bin/clang -x objective-c -ivfsstatcache /Users/aaronkeen/Library/Developer/Xcode/DerivedData/SDKStatCaches.noindex/iphonesimulator18.5-22F76-d5fc8ad4295d2ef488fb7d0f804ce0c4.sdkstatcache -fmessage-length\=0 -fdiagnostics-show-note-include-stack -fmacro-backtrace-limit\=0 -fno-color-diagnostics -fmodules-prune-interval\=86400 -fmodules-prune-after\=345600 -fbuild-session-file\=/Users/aaronkeen/Library/Developer/Xcode/DerivedData/ModuleCache.noindex/Session.modulevalidation -fmodules-validate-once-per-build-session -Wnon-modular-include-in-framework-module -Werror\=non-modular-include-in-framework-module -Wno-trigraphs -Wno-missing-field-initializers -Wno-missing-prototypes -Wno-return-type -Wno-implicit-atomic-properties -Wno-objc-interface-ivars -Wno-arc-repeated-use-of-weak -Wno-missing-braces -Wparentheses -Wswitch -Wno-unused-function -Wno-unused-label -Wno-unused-parameter -Wno-unused-variable -Wunused-value -Wno-empty-body -Wno-uninitialized -Wno-unknown-pragmas -w -Wno-shadow -Wno-four-char-constants -Wno-conversion -Wno-constant-conversion -Wno-int-conversion -Wno-bool-conversion -Wno-enum-conversion -Wno-float-conversion -Wno-non-literal-null-conversion -Wno-objc-literal-conversion -Wshorten-64-to-32 -Wpointer-sign -Wno-newline-eof -Wno-selector -Wno-strict-selector-match -Wno-undeclared-selector -Wno-deprecated-implementations -Wno-implicit-fallthrough -fstrict-aliasing -Wprotocol -Wdeprecated-declarations -Wno-sign-conversion -Wno-infinite-recursion -Wno-comma -Wno-block-capture-autoreleasing -Wno-strict-prototypes -Wno-semicolon-before-method-body -index-store-path /Users/aaronkeen/Library/Developer/Xcode/DerivedData/NutraSafeBeta-awyabywlaekrybetqgpbjphfxefs/Index.noindex/DataStore @/Users/aaronkeen/Library/Developer/Xcode/DerivedData/NutraSafeBeta-awyabywlaekrybetqgpbjphfxefs/Build/Intermediates.noindex/Firebase.build/Debug-iphonesimulator/FirebaseCore.build/Objects-normal/arm64/e6072d4f65d7061329687fe24e3d63a7-common-args.resp -include /Users/aaronkeen/Library/Developer/Xcode/DerivedData/NutraSafeBeta-awyabywlaekrybetqgpbjphfxefs/Build/Intermediates.noindex/Firebase.build/Debug-iphonesimulator/FirebaseCore.build/DerivedSources/resource_bundle_accessor.h -MMD -MT dependencies -MF /Users/aaronkeen/Library/Developer/Xcode/DerivedData/NutraSafeBeta-awyabywlaekrybetqgpbjphfxefs/Build/Intermediates.noindex/Firebase.build/Debug-iphonesimulator/FirebaseCore.build/Objects-normal/arm64/FIRComponent.d --serialize-diagnostics /Users/aaronkeen/Library/Developer/Xcode/DerivedData/NutraSafeBeta-awyabywlaekrybetqgpbjphfxefs/Build/Intermediates.noindex/Firebase.build/Debug-iphonesimulator/FirebaseCore.build/Objects-normal/arm64/FIRComponent.dia -c /Users/aaronkeen/Library/Developer/Xcode/DerivedData/NutraSafeBeta-awyabywlaekrybetqgpbjphfxefs/SourcePackages/checkouts/firebase-ios-sdk/FirebaseCore/Sources/FIRComponent.m -o /Users/aaronkeen/Library/Developer/Xcode/DerivedData/NutraSafeBeta-awyabywlaekrybetqgpbjphfxefs/Build/Intermediates.noindex/Firebase.build/Debug-iphonesimulator/FirebaseCore.build/Objects-normal/arm64/FIRComponent.o -index-unit-output-path /Firebase.build/Debug-iphonesimulator/FirebaseCore.build/Objects-normal/arm64/FIRComponent.o

ScanDependencies /Users/aaronkeen/Library/Developer/Xcode/DerivedData/NutraSafeBeta-awyabywlaekrybetqgpbjphfxefs/Build/Intermediates.noindex/Firebase.build/Debug-iphonesimulator/FirebaseCore.build/Objects-normal/arm64/FIRApp.o /Users/aaronkeen/Library/Developer/Xcode/DerivedData/NutraSafeBeta-awyabywlaekrybetqgpbjphfxefs/SourcePackages/checkouts/firebase-ios-sdk/FirebaseCore/Sources/FIRApp.m normal arm64 objective-c com.apple.compilers.llvm.clang.1_0.compiler (in target 'FirebaseCore' from project 'Firebase')
    cd /Users/aaronkeen/Documents/My\ Apps/NutraSafe\ Beta/NutraSafeBeta.xcodeproj
    
    Using response file: /Users/aaronkeen/Library/Developer/Xcode/DerivedData/NutraSafeBeta-awyabywlaekrybetqgpbjphfxefs/Build/Intermediates.noindex/Firebase.build/Debug-iphonesimulator/FirebaseCore.build/Objects-normal/arm64/e6072d4f65d7061329687fe24e3d63a7-common-args.resp
    
    builtin-ScanDependencies -o /Users/aaronkeen/Library/Developer/Xcode/DerivedData/NutraSafeBeta-awyabywlaekrybetqgpbjphfxefs/Build/Intermediates.noindex/Firebase.build/Debug-iphonesimulator/FirebaseCore.build/Objects-normal/arm64/FIRApp.o.scan -- /Applications/Xcode.app/Contents/Developer/Toolchains/XcodeDefault.xctoolchain/usr/bin/clang -x objective-c -ivfsstatcache /Users/aaronkeen/Library/Developer/Xcode/DerivedData/SDKStatCaches.noindex/iphonesimulator18.5-22F76-d5fc8ad4295d2ef488fb7d0f804ce0c4.sdkstatcache -fmessage-length\=0 -fdiagnostics-show-note-include-stack -fmacro-backtrace-limit\=0 -fno-color-diagnostics -fmodules-prune-interval\=86400 -fmodules-prune-after\=345600 -fbuild-session-file\=/Users/aaronkeen/Library/Developer/Xcode/DerivedData/ModuleCache.noindex/Session.modulevalidation -fmodules-validate-once-per-build-session -Wnon-modular-include-in-framework-module -Werror\=non-modular-include-in-framework-module -Wno-trigraphs -Wno-missing-field-initializers -Wno-missing-prototypes -Wno-return-type -Wno-implicit-atomic-properties -Wno-objc-interface-ivars -Wno-arc-repeated-use-of-weak -Wno-missing-braces -Wparentheses -Wswitch -Wno-unused-function -Wno-unused-label -Wno-unused-parameter -Wno-unused-variable -Wunused-value -Wno-empty-body -Wno-uninitialized -Wno-unknown-pragmas -w -Wno-shadow -Wno-four-char-constants -Wno-conversion -Wno-constant-conversion -Wno-int-conversion -Wno-bool-conversion -Wno-enum-conversion -Wno-float-conversion -Wno-non-literal-null-conversion -Wno-objc-literal-conversion -Wshorten-64-to-32 -Wpointer-sign -Wno-newline-eof -Wno-selector -Wno-strict-selector-match -Wno-undeclared-selector -Wno-deprecated-implementations -Wno-implicit-fallthrough -fstrict-aliasing -Wprotocol -Wdeprecated-declarations -Wno-sign-conversion -Wno-infinite-recursion -Wno-comma -Wno-block-capture-autoreleasing -Wno-strict-prototypes -Wno-semicolon-before-method-body -index-store-path /Users/aaronkeen/Library/Developer/Xcode/DerivedData/NutraSafeBeta-awyabywlaekrybetqgpbjphfxefs/Index.noindex/DataStore @/Users/aaronkeen/Library/Developer/Xcode/DerivedData/NutraSafeBeta-awyabywlaekrybetqgpbjphfxefs/Build/Intermediates.noindex/Firebase.build/Debug-iphonesimulator/FirebaseCore.build/Objects-normal/arm64/e6072d4f65d7061329687fe24e3d63a7-common-args.resp -include /Users/aaronkeen/Library/Developer/Xcode/DerivedData/NutraSafeBeta-awyabywlaekrybetqgpbjphfxefs/Build/Intermediates.noindex/Firebase.build/Debug-iphonesimulator/FirebaseCore.build/DerivedSources/resource_bundle_accessor.h -MMD -MT dependencies -MF /Users/aaronkeen/Library/Developer/Xcode/DerivedData/NutraSafeBeta-awyabywlaekrybetqgpbjphfxefs/Build/Intermediates.noindex/Firebase.build/Debug-iphonesimulator/FirebaseCore.build/Objects-normal/arm64/FIRApp.d --serialize-diagnostics /Users/aaronkeen/Library/Developer/Xcode/DerivedData/NutraSafeBeta-awyabywlaekrybetqgpbjphfxefs/Build/Intermediates.noindex/Firebase.build/Debug-iphonesimulator/FirebaseCore.build/Objects-normal/arm64/FIRApp.dia -c /Users/aaronkeen/Library/Developer/Xcode/DerivedData/NutraSafeBeta-awyabywlaekrybetqgpbjphfxefs/SourcePackages/checkouts/firebase-ios-sdk/FirebaseCore/Sources/FIRApp.m -o /Users/aaronkeen/Library/Developer/Xcode/DerivedData/NutraSafeBeta-awyabywlaekrybetqgpbjphfxefs/Build/Intermediates.noindex/Firebase.build/Debug-iphonesimulator/FirebaseCore.build/Objects-normal/arm64/FIRApp.o -index-unit-output-path /Firebase.build/Debug-iphonesimulator/FirebaseCore.build/Objects-normal/arm64/FIRApp.o

ScanDependencies /Users/aaronkeen/Library/Developer/Xcode/DerivedData/NutraSafeBeta-awyabywlaekrybetqgpbjphfxefs/Build/Intermediates.noindex/Firebase.build/Debug-iphonesimulator/FirebaseCore.build/Objects-normal/arm64/FIRBundleUtil.o /Users/aaronkeen/Library/Developer/Xcode/DerivedData/NutraSafeBeta-awyabywlaekrybetqgpbjphfxefs/SourcePackages/checkouts/firebase-ios-sdk/FirebaseCore/Sources/FIRBundleUtil.m normal arm64 objective-c com.apple.compilers.llvm.clang.1_0.compiler (in target 'FirebaseCore' from project 'Firebase')
    cd /Users/aaronkeen/Documents/My\ Apps/NutraSafe\ Beta/NutraSafeBeta.xcodeproj
    
    Using response file: /Users/aaronkeen/Library/Developer/Xcode/DerivedData/NutraSafeBeta-awyabywlaekrybetqgpbjphfxefs/Build/Intermediates.noindex/Firebase.build/Debug-iphonesimulator/FirebaseCore.build/Objects-normal/arm64/e6072d4f65d7061329687fe24e3d63a7-common-args.resp
    
    builtin-ScanDependencies -o /Users/aaronkeen/Library/Developer/Xcode/DerivedData/NutraSafeBeta-awyabywlaekrybetqgpbjphfxefs/Build/Intermediates.noindex/Firebase.build/Debug-iphonesimulator/FirebaseCore.build/Objects-normal/arm64/FIRBundleUtil.o.scan -- /Applications/Xcode.app/Contents/Developer/Toolchains/XcodeDefault.xctoolchain/usr/bin/clang -x objective-c -ivfsstatcache /Users/aaronkeen/Library/Developer/Xcode/DerivedData/SDKStatCaches.noindex/iphonesimulator18.5-22F76-d5fc8ad4295d2ef488fb7d0f804ce0c4.sdkstatcache -fmessage-length\=0 -fdiagnostics-show-note-include-stack -fmacro-backtrace-limit\=0 -fno-color-diagnostics -fmodules-prune-interval\=86400 -fmodules-prune-after\=345600 -fbuild-session-file\=/Users/aaronkeen/Library/Developer/Xcode/DerivedData/ModuleCache.noindex/Session.modulevalidation -fmodules-validate-once-per-build-session -Wnon-modular-include-in-framework-module -Werror\=non-modular-include-in-framework-module -Wno-trigraphs -Wno-missing-field-initializers -Wno-missing-prototypes -Wno-return-type -Wno-implicit-atomic-properties -Wno-objc-interface-ivars -Wno-arc-repeated-use-of-weak -Wno-missing-braces -Wparentheses -Wswitch -Wno-unused-function -Wno-unused-label -Wno-unused-parameter -Wno-unused-variable -Wunused-value -Wno-empty-body -Wno-uninitialized -Wno-unknown-pragmas -w -Wno-shadow -Wno-four-char-constants -Wno-conversion -Wno-constant-conversion -Wno-int-conversion -Wno-bool-conversion -Wno-enum-conversion -Wno-float-conversion -Wno-non-literal-null-conversion -Wno-objc-literal-conversion -Wshorten-64-to-32 -Wpointer-sign -Wno-newline-eof -Wno-selector -Wno-strict-selector-match -Wno-undeclared-selector -Wno-deprecated-implementations -Wno-implicit-fallthrough -fstrict-aliasing -Wprotocol -Wdeprecated-declarations -Wno-sign-conversion -Wno-infinite-recursion -Wno-comma -Wno-block-capture-autoreleasing -Wno-strict-prototypes -Wno-semicolon-before-method-body -index-store-path /Users/aaronkeen/Library/Developer/Xcode/DerivedData/NutraSafeBeta-awyabywlaekrybetqgpbjphfxefs/Index.noindex/DataStore @/Users/aaronkeen/Library/Developer/Xcode/DerivedData/NutraSafeBeta-awyabywlaekrybetqgpbjphfxefs/Build/Intermediates.noindex/Firebase.build/Debug-iphonesimulator/FirebaseCore.build/Objects-normal/arm64/e6072d4f65d7061329687fe24e3d63a7-common-args.resp -include /Users/aaronkeen/Library/Developer/Xcode/DerivedData/NutraSafeBeta-awyabywlaekrybetqgpbjphfxefs/Build/Intermediates.noindex/Firebase.build/Debug-iphonesimulator/FirebaseCore.build/DerivedSources/resource_bundle_accessor.h -MMD -MT dependencies -MF /Users/aaronkeen/Library/Developer/Xcode/DerivedData/NutraSafeBeta-awyabywlaekrybetqgpbjphfxefs/Build/Intermediates.noindex/Firebase.build/Debug-iphonesimulator/FirebaseCore.build/Objects-normal/arm64/FIRBundleUtil.d --serialize-diagnostics /Users/aaronkeen/Library/Developer/Xcode/DerivedData/NutraSafeBeta-awyabywlaekrybetqgpbjphfxefs/Build/Intermediates.noindex/Firebase.build/Debug-iphonesimulator/FirebaseCore.build/Objects-normal/arm64/FIRBundleUtil.dia -c /Users/aaronkeen/Library/Developer/Xcode/DerivedData/NutraSafeBeta-awyabywlaekrybetqgpbjphfxefs/SourcePackages/checkouts/firebase-ios-sdk/FirebaseCore/Sources/FIRBundleUtil.m -o /Users/aaronkeen/Library/Developer/Xcode/DerivedData/NutraSafeBeta-awyabywlaekrybetqgpbjphfxefs/Build/Intermediates.noindex/Firebase.build/Debug-iphonesimulator/FirebaseCore.build/Objects-normal/arm64/FIRBundleUtil.o -index-unit-output-path /Firebase.build/Debug-iphonesimulator/FirebaseCore.build/Objects-normal/arm64/FIRBundleUtil.o

ScanDependencies /Users/aaronkeen/Library/Developer/Xcode/DerivedData/NutraSafeBeta-awyabywlaekrybetqgpbjphfxefs/Build/Intermediates.noindex/Firebase.build/Debug-iphonesimulator/FirebaseCore.build/Objects-normal/arm64/FIRAnalyticsConfiguration.o /Users/aaronkeen/Library/Developer/Xcode/DerivedData/NutraSafeBeta-awyabywlaekrybetqgpbjphfxefs/SourcePackages/checkouts/firebase-ios-sdk/FirebaseCore/Sources/FIRAnalyticsConfiguration.m normal arm64 objective-c com.apple.compilers.llvm.clang.1_0.compiler (in target 'FirebaseCore' from project 'Firebase')
    cd /Users/aaronkeen/Documents/My\ Apps/NutraSafe\ Beta/NutraSafeBeta.xcodeproj
    
    Using response file: /Users/aaronkeen/Library/Developer/Xcode/DerivedData/NutraSafeBeta-awyabywlaekrybetqgpbjphfxefs/Build/Intermediates.noindex/Firebase.build/Debug-iphonesimulator/FirebaseCore.build/Objects-normal/arm64/e6072d4f65d7061329687fe24e3d63a7-common-args.resp
    
    builtin-ScanDependencies -o /Users/aaronkeen/Library/Developer/Xcode/DerivedData/NutraSafeBeta-awyabywlaekrybetqgpbjphfxefs/Build/Intermediates.noindex/Firebase.build/Debug-iphonesimulator/FirebaseCore.build/Objects-normal/arm64/FIRAnalyticsConfiguration.o.scan -- /Applications/Xcode.app/Contents/Developer/Toolchains/XcodeDefault.xctoolchain/usr/bin/clang -x objective-c -ivfsstatcache /Users/aaronkeen/Library/Developer/Xcode/DerivedData/SDKStatCaches.noindex/iphonesimulator18.5-22F76-d5fc8ad4295d2ef488fb7d0f804ce0c4.sdkstatcache -fmessage-length\=0 -fdiagnostics-show-note-include-stack -fmacro-backtrace-limit\=0 -fno-color-diagnostics -fmodules-prune-interval\=86400 -fmodules-prune-after\=345600 -fbuild-session-file\=/Users/aaronkeen/Library/Developer/Xcode/DerivedData/ModuleCache.noindex/Session.modulevalidation -fmodules-validate-once-per-build-session -Wnon-modular-include-in-framework-module -Werror\=non-modular-include-in-framework-module -Wno-trigraphs -Wno-missing-field-initializers -Wno-missing-prototypes -Wno-return-type -Wno-implicit-atomic-properties -Wno-objc-interface-ivars -Wno-arc-repeated-use-of-weak -Wno-missing-braces -Wparentheses -Wswitch -Wno-unused-function -Wno-unused-label -Wno-unused-parameter -Wno-unused-variable -Wunused-value -Wno-empty-body -Wno-uninitialized -Wno-unknown-pragmas -w -Wno-shadow -Wno-four-char-constants -Wno-conversion -Wno-constant-conversion -Wno-int-conversion -Wno-bool-conversion -Wno-enum-conversion -Wno-float-conversion -Wno-non-literal-null-conversion -Wno-objc-literal-conversion -Wshorten-64-to-32 -Wpointer-sign -Wno-newline-eof -Wno-selector -Wno-strict-selector-match -Wno-undeclared-selector -Wno-deprecated-implementations -Wno-implicit-fallthrough -fstrict-aliasing -Wprotocol -Wdeprecated-declarations -Wno-sign-conversion -Wno-infinite-recursion -Wno-comma -Wno-block-capture-autoreleasing -Wno-strict-prototypes -Wno-semicolon-before-method-body -index-store-path /Users/aaronkeen/Library/Developer/Xcode/DerivedData/NutraSafeBeta-awyabywlaekrybetqgpbjphfxefs/Index.noindex/DataStore @/Users/aaronkeen/Library/Developer/Xcode/DerivedData/NutraSafeBeta-awyabywlaekrybetqgpbjphfxefs/Build/Intermediates.noindex/Firebase.build/Debug-iphonesimulator/FirebaseCore.build/Objects-normal/arm64/e6072d4f65d7061329687fe24e3d63a7-common-args.resp -include /Users/aaronkeen/Library/Developer/Xcode/DerivedData/NutraSafeBeta-awyabywlaekrybetqgpbjphfxefs/Build/Intermediates.noindex/Firebase.build/Debug-iphonesimulator/FirebaseCore.build/DerivedSources/resource_bundle_accessor.h -MMD -MT dependencies -MF /Users/aaronkeen/Library/Developer/Xcode/DerivedData/NutraSafeBeta-awyabywlaekrybetqgpbjphfxefs/Build/Intermediates.noindex/Firebase.build/Debug-iphonesimulator/FirebaseCore.build/Objects-normal/arm64/FIRAnalyticsConfiguration.d --serialize-diagnostics /Users/aaronkeen/Library/Developer/Xcode/DerivedData/NutraSafeBeta-awyabywlaekrybetqgpbjphfxefs/Build/Intermediates.noindex/Firebase.build/Debug-iphonesimulator/FirebaseCore.build/Objects-normal/arm64/FIRAnalyticsConfiguration.dia -c /Users/aaronkeen/Library/Developer/Xcode/DerivedData/NutraSafeBeta-awyabywlaekrybetqgpbjphfxefs/SourcePackages/checkouts/firebase-ios-sdk/FirebaseCore/Sources/FIRAnalyticsConfiguration.m -o /Users/aaronkeen/Library/Developer/Xcode/DerivedData/NutraSafeBeta-awyabywlaekrybetqgpbjphfxefs/Build/Intermediates.noindex/Firebase.build/Debug-iphonesimulator/FirebaseCore.build/Objects-normal/arm64/FIRAnalyticsConfiguration.o -index-unit-output-path /Firebase.build/Debug-iphonesimulator/FirebaseCore.build/Objects-normal/arm64/FIRAnalyticsConfiguration.o

PrecompileModule /Users/aaronkeen/Library/Developer/Xcode/DerivedData/NutraSafeBeta-awyabywlaekrybetqgpbjphfxefs/Build/Intermediates.noindex/ExplicitPrecompiledModules/_Builtin_float-2FLUDLYWEDEA3L7WE07VU362I.scan
    cd /Users/aaronkeen/Documents/My\ Apps/NutraSafe\ Beta/NutraSafeBeta.xcodeproj
    builtin-precompileModule /Users/aaronkeen/Library/Developer/Xcode/DerivedData/NutraSafeBeta-awyabywlaekrybetqgpbjphfxefs/Build/Intermediates.noindex/ExplicitPrecompiledModules/_Builtin_float-2FLUDLYWEDEA3L7WE07VU362I.scan

PrecompileModule /Users/aaronkeen/Library/Developer/Xcode/DerivedData/NutraSafeBeta-awyabywlaekrybetqgpbjphfxefs/Build/Intermediates.noindex/ExplicitPrecompiledModules/os_availability-8QZYSOMH6BBK8F7GA86INAPQF.scan
    cd /Users/aaronkeen/Documents/My\ Apps/NutraSafe\ Beta/NutraSafeBeta.xcodeproj
    builtin-precompileModule /Users/aaronkeen/Library/Developer/Xcode/DerivedData/NutraSafeBeta-awyabywlaekrybetqgpbjphfxefs/Build/Intermediates.noindex/ExplicitPrecompiledModules/os_availability-8QZYSOMH6BBK8F7GA86INAPQF.scan

RegisterExecutionPolicyException /Users/aaronkeen/Library/Developer/Xcode/DerivedData/NutraSafeBeta-awyabywlaekrybetqgpbjphfxefs/Build/Products/Debug-iphonesimulator/third-party-IsAppEncrypted.o (in target 'third-party-IsAppEncrypted' from project 'GoogleUtilities')
    cd /Users/aaronkeen/Library/Developer/Xcode/DerivedData/NutraSafeBeta-awyabywlaekrybetqgpbjphfxefs/SourcePackages/checkouts/GoogleUtilities
    builtin-RegisterExecutionPolicyException /Users/aaronkeen/Library/Developer/Xcode/DerivedData/NutraSafeBeta-awyabywlaekrybetqgpbjphfxefs/Build/Products/Debug-iphonesimulator/third-party-IsAppEncrypted.o

Touch /Users/aaronkeen/Library/Developer/Xcode/DerivedData/NutraSafeBeta-awyabywlaekrybetqgpbjphfxefs/Build/Products/Debug-iphonesimulator/Firebase_FirebaseCoreInternal.bundle (in target 'Firebase_FirebaseCoreInternal' from project 'Firebase')
    cd /Users/aaronkeen/Library/Developer/Xcode/DerivedData/NutraSafeBeta-awyabywlaekrybetqgpbjphfxefs/SourcePackages/checkouts/firebase-ios-sdk
    /usr/bin/touch -c /Users/aaronkeen/Library/Developer/Xcode/DerivedData/NutraSafeBeta-awyabywlaekrybetqgpbjphfxefs/Build/Products/Debug-iphonesimulator/Firebase_FirebaseCoreInternal.bundle

PrecompileModule /Users/aaronkeen/Library/Developer/Xcode/DerivedData/NutraSafeBeta-awyabywlaekrybetqgpbjphfxefs/Build/Intermediates.noindex/ExplicitPrecompiledModules/AvailabilityMacros-3DN5U6QM63KRILOLWVW3BP61T.scan
    cd /Users/aaronkeen/Documents/My\ Apps/NutraSafe\ Beta/NutraSafeBeta.xcodeproj
    builtin-precompileModule /Users/aaronkeen/Library/Developer/Xcode/DerivedData/NutraSafeBeta-awyabywlaekrybetqgpbjphfxefs/Build/Intermediates.noindex/ExplicitPrecompiledModules/AvailabilityMacros-3DN5U6QM63KRILOLWVW3BP61T.scan

PrecompileModule /Users/aaronkeen/Library/Developer/Xcode/DerivedData/NutraSafeBeta-awyabywlaekrybetqgpbjphfxefs/Build/Intermediates.noindex/ExplicitPrecompiledModules/DarwinFoundation-9V0PZ79QTLMV1HG307Y4Q4RZ2.scan
    cd /Users/aaronkeen/Documents/My\ Apps/NutraSafe\ Beta/NutraSafeBeta.xcodeproj
    builtin-precompileModule /Users/aaronkeen/Library/Developer/Xcode/DerivedData/NutraSafeBeta-awyabywlaekrybetqgpbjphfxefs/Build/Intermediates.noindex/ExplicitPrecompiledModules/DarwinFoundation-9V0PZ79QTLMV1HG307Y4Q4RZ2.scan

Touch /Users/aaronkeen/Library/Developer/Xcode/DerivedData/NutraSafeBeta-awyabywlaekrybetqgpbjphfxefs/Build/Products/Debug-iphonesimulator/Firebase_FirebaseCoreExtension.bundle (in target 'Firebase_FirebaseCoreExtension' from project 'Firebase')
    cd /Users/aaronkeen/Library/Developer/Xcode/DerivedData/NutraSafeBeta-awyabywlaekrybetqgpbjphfxefs/SourcePackages/checkouts/firebase-ios-sdk
    /usr/bin/touch -c /Users/aaronkeen/Library/Developer/Xcode/DerivedData/NutraSafeBeta-awyabywlaekrybetqgpbjphfxefs/Build/Products/Debug-iphonesimulator/Firebase_FirebaseCoreExtension.bundle

ExtractAppIntentsMetadata (in target 'FirebaseSharedSwift' from project 'Firebase')
    cd /Users/aaronkeen/Library/Developer/Xcode/DerivedData/NutraSafeBeta-awyabywlaekrybetqgpbjphfxefs/SourcePackages/checkouts/firebase-ios-sdk
    /Applications/Xcode.app/Contents/Developer/Toolchains/XcodeDefault.xctoolchain/usr/bin/appintentsmetadataprocessor --toolchain-dir /Applications/Xcode.app/Contents/Developer/Toolchains/XcodeDefault.xctoolchain --module-name FirebaseSharedSwift --sdk-root /Applications/Xcode.app/Contents/Developer/Platforms/iPhoneSimulator.platform/Developer/SDKs/iPhoneSimulator18.5.sdk --xcode-version 16F6 --platform-family iOS --deployment-target 15.0 --bundle-identifier firebase-ios-sdk.FirebaseSharedSwift --output /Users/aaronkeen/Library/Developer/Xcode/DerivedData/NutraSafeBeta-awyabywlaekrybetqgpbjphfxefs/Build/Products/Debug-iphonesimulator/FirebaseSharedSwift.appintents --target-triple arm64-apple-ios15.0-simulator --binary-file /Users/aaronkeen/Library/Developer/Xcode/DerivedData/NutraSafeBeta-awyabywlaekrybetqgpbjphfxefs/Build/Products/Debug-iphonesimulator/FirebaseSharedSwift.o --dependency-file /Users/aaronkeen/Library/Developer/Xcode/DerivedData/NutraSafeBeta-awyabywlaekrybetqgpbjphfxefs/Build/Intermediates.noindex/Firebase.build/Debug-iphonesimulator/FirebaseSharedSwift.build/Objects-normal/arm64/FirebaseSharedSwift_dependency_info.dat --stringsdata-file /Users/aaronkeen/Library/Developer/Xcode/DerivedData/NutraSafeBeta-awyabywlaekrybetqgpbjphfxefs/Build/Intermediates.noindex/Firebase.build/Debug-iphonesimulator/FirebaseSharedSwift.build/Objects-normal/arm64/ExtractedAppShortcutsMetadata.stringsdata --source-file-list /Users/aaronkeen/Library/Developer/Xcode/DerivedData/NutraSafeBeta-awyabywlaekrybetqgpbjphfxefs/Build/Intermediates.noindex/Firebase.build/Debug-iphonesimulator/FirebaseSharedSwift.build/Objects-normal/arm64/FirebaseSharedSwift.SwiftFileList --metadata-file-list /Users/aaronkeen/Library/Developer/Xcode/DerivedData/NutraSafeBeta-awyabywlaekrybetqgpbjphfxefs/Build/Intermediates.noindex/Firebase.build/Debug-iphonesimulator/FirebaseSharedSwift.build/FirebaseSharedSwift.DependencyMetadataFileList --static-metadata-file-list /Users/aaronkeen/Library/Developer/Xcode/DerivedData/NutraSafeBeta-awyabywlaekrybetqgpbjphfxefs/Build/Intermediates.noindex/Firebase.build/Debug-iphonesimulator/FirebaseSharedSwift.build/FirebaseSharedSwift.DependencyStaticMetadataFileList --swift-const-vals-list /Users/aaronkeen/Library/Developer/Xcode/DerivedData/NutraSafeBeta-awyabywlaekrybetqgpbjphfxefs/Build/Intermediates.noindex/Firebase.build/Debug-iphonesimulator/FirebaseSharedSwift.build/Objects-normal/arm64/FirebaseSharedSwift.SwiftConstValuesFileList --force --compile-time-extraction --deployment-aware-processing --validate-assistant-intents --no-app-shortcuts-localization
2025-09-25 23:39:20.501 appintentsmetadataprocessor[69554:27216627] Starting appintentsmetadataprocessor export
2025-09-25 23:39:20.530 appintentsmetadataprocessor[69554:27216627] Extracted no relevant App Intents symbols, skipping writing output

PrecompileModule /Users/aaronkeen/Library/Developer/Xcode/DerivedData/NutraSafeBeta-awyabywlaekrybetqgpbjphfxefs/Build/Intermediates.noindex/ExplicitPrecompiledModules/DarwinFoundation-73R8L4UXIJPVDJUBYOKKBJ1TI.scan
    cd /Users/aaronkeen/Documents/My\ Apps/NutraSafe\ Beta/NutraSafeBeta.xcodeproj
    builtin-precompileModule /Users/aaronkeen/Library/Developer/Xcode/DerivedData/NutraSafeBeta-awyabywlaekrybetqgpbjphfxefs/Build/Intermediates.noindex/ExplicitPrecompiledModules/DarwinFoundation-73R8L4UXIJPVDJUBYOKKBJ1TI.scan

PrecompileModule /Users/aaronkeen/Library/Developer/Xcode/DerivedData/NutraSafeBeta-awyabywlaekrybetqgpbjphfxefs/Build/Intermediates.noindex/ExplicitPrecompiledModules/AvailabilityMacros-7KLOUQF01E2R1S0JCKDKMWLE2.scan
    cd /Users/aaronkeen/Documents/My\ Apps/NutraSafe\ Beta/NutraSafeBeta.xcodeproj
    builtin-precompileModule /Users/aaronkeen/Library/Developer/Xcode/DerivedData/NutraSafeBeta-awyabywlaekrybetqgpbjphfxefs/Build/Intermediates.noindex/ExplicitPrecompiledModules/AvailabilityMacros-7KLOUQF01E2R1S0JCKDKMWLE2.scan

Touch /Users/aaronkeen/Library/Developer/Xcode/DerivedData/NutraSafeBeta-awyabywlaekrybetqgpbjphfxefs/Build/Products/Debug-iphonesimulator/Firebase_FirebaseCore.bundle (in target 'Firebase_FirebaseCore' from project 'Firebase')
    cd /Users/aaronkeen/Library/Developer/Xcode/DerivedData/NutraSafeBeta-awyabywlaekrybetqgpbjphfxefs/SourcePackages/checkouts/firebase-ios-sdk
    /usr/bin/touch -c /Users/aaronkeen/Library/Developer/Xcode/DerivedData/NutraSafeBeta-awyabywlaekrybetqgpbjphfxefs/Build/Products/Debug-iphonesimulator/Firebase_FirebaseCore.bundle

SwiftDriver FirebaseAuth normal arm64 com.apple.xcode.tools.swift.compiler (in target 'FirebaseAuth' from project 'Firebase')
    cd /Users/aaronkeen/Documents/My\ Apps/NutraSafe\ Beta/NutraSafeBeta.xcodeproj
    builtin-SwiftDriver -- /Applications/Xcode.app/Contents/Developer/Toolchains/XcodeDefault.xctoolchain/usr/bin/swiftc -module-name FirebaseAuth -Onone -enforce-exclusivity\=checked @/Users/aaronkeen/Library/Developer/Xcode/DerivedData/NutraSafeBeta-awyabywlaekrybetqgpbjphfxefs/Build/Intermediates.noindex/Firebase.build/Debug-iphonesimulator/FirebaseAuth.build/Objects-normal/arm64/FirebaseAuth.SwiftFileList -DSWIFT_PACKAGE -DDEBUG -Xcc -fmodule-map-file\=/Users/aaronkeen/Library/Developer/Xcode/DerivedData/NutraSafeBeta-awyabywlaekrybetqgpbjphfxefs/Build/Intermediates.noindex/GeneratedModuleMaps-iphonesimulator/RecaptchaInterop.modulemap -Xcc -fmodule-map-file\=/Users/aaronkeen/Library/Developer/Xcode/DerivedData/NutraSafeBeta-awyabywlaekrybetqgpbjphfxefs/Build/Intermediates.noindex/GeneratedModuleMaps-iphonesimulator/GoogleUtilities-Network.modulemap -Xcc -fmodule-map-file\=/Users/aaronkeen/Library/Developer/Xcode/DerivedData/NutraSafeBeta-awyabywlaekrybetqgpbjphfxefs/Build/Intermediates.noindex/GeneratedModuleMaps-iphonesimulator/GoogleUtilities-Reachability.modulemap -Xcc -fmodule-map-file\=/Users/aaronkeen/Library/Developer/Xcode/DerivedData/NutraSafeBeta-awyabywlaekrybetqgpbjphfxefs/Build/Intermediates.noindex/GeneratedModuleMaps-iphonesimulator/GoogleUtilities-NSData.modulemap -Xcc -fmodule-map-file\=/Users/aaronkeen/Library/Developer/Xcode/DerivedData/NutraSafeBeta-awyabywlaekrybetqgpbjphfxefs/Build/Intermediates.noindex/GeneratedModuleMaps-iphonesimulator/GoogleUtilities-Logger.modulemap -Xcc -fmodule-map-file\=/Users/aaronkeen/Library/Developer/Xcode/DerivedData/NutraSafeBeta-awyabywlaekrybetqgpbjphfxefs/Build/Intermediates.noindex/GeneratedModuleMaps-iphonesimulator/GoogleUtilities-Environment.modulemap -Xcc -fmodule-map-file\=/Users/aaronkeen/Library/Developer/Xcode/DerivedData/NutraSafeBeta-awyabywlaekrybetqgpbjphfxefs/Build/Intermediates.noindex/GeneratedModuleMaps-iphonesimulator/third-party-IsAppEncrypted.modulemap -Xcc -fmodule-map-file\=/Users/aaronkeen/Library/Developer/Xcode/DerivedData/NutraSafeBeta-awyabywlaekrybetqgpbjphfxefs/Build/Intermediates.noindex/GeneratedModuleMaps-iphonesimulator/GoogleUtilities-AppDelegateSwizzler.modulemap -Xcc -fmodule-map-file\=/Users/aaronkeen/Library/Developer/Xcode/DerivedData/NutraSafeBeta-awyabywlaekrybetqgpbjphfxefs/Build/Intermediates.noindex/GeneratedModuleMaps-iphonesimulator/GTMSessionFetcherCore.modulemap -Xcc -fmodule-map-file\=/Users/aaronkeen/Library/Developer/Xcode/DerivedData/NutraSafeBeta-awyabywlaekrybetqgpbjphfxefs/Build/Intermediates.noindex/GeneratedModuleMaps-iphonesimulator/FirebaseCoreExtension.modulemap -Xcc -fmodule-map-file\=/Users/aaronkeen/Library/Developer/Xcode/DerivedData/NutraSafeBeta-awyabywlaekrybetqgpbjphfxefs/Build/Intermediates.noindex/GeneratedModuleMaps-iphonesimulator/FirebaseCore.modulemap -Xcc -fmodule-map-file\=/Users/aaronkeen/Library/Developer/Xcode/DerivedData/NutraSafeBeta-awyabywlaekrybetqgpbjphfxefs/Build/Intermediates.noindex/GeneratedModuleMaps-iphonesimulator/FirebaseAuthInternal.modulemap -Xcc -fmodule-map-file\=/Users/aaronkeen/Library/Developer/Xcode/DerivedData/NutraSafeBeta-awyabywlaekrybetqgpbjphfxefs/Build/Intermediates.noindex/GeneratedModuleMaps-iphonesimulator/FirebaseAuthInterop.modulemap -Xcc -fmodule-map-file\=/Users/aaronkeen/Library/Developer/Xcode/DerivedData/NutraSafeBeta-awyabywlaekrybetqgpbjphfxefs/Build/Intermediates.noindex/GeneratedModuleMaps-iphonesimulator/FirebaseAppCheckInterop.modulemap -DXcode -plugin-path /Applications/Xcode.app/Contents/Developer/Toolchains/XcodeDefault.xctoolchain/usr/lib/swift/host/plugins/testing -enable-experimental-feature DebugDescriptionMacro -sdk /Applications/Xcode.app/Contents/Developer/Platforms/iPhoneSimulator.platform/Developer/SDKs/iPhoneSimulator18.5.sdk -target arm64-apple-ios15.0-simulator -g -module-cache-path /Users/aaronkeen/Library/Developer/Xcode/DerivedData/ModuleCache.noindex -Xfrontend -serialize-debugging-options -enable-testing -suppress-warnings -index-store-path /Users/aaronkeen/Library/Developer/Xcode/DerivedData/NutraSafeBeta-awyabywlaekrybetqgpbjphfxefs/Index.noindex/DataStore -swift-version 5 -I /Users/aaronkeen/Library/Developer/Xcode/DerivedData/NutraSafeBeta-awyabywlaekrybetqgpbjphfxefs/Build/Products/Debug-iphonesimulator -I /Applications/Xcode.app/Contents/Developer/Platforms/iPhoneSimulator.platform/Developer/usr/lib -F /Users/aaronkeen/Library/Developer/Xcode/DerivedData/NutraSafeBeta-awyabywlaekrybetqgpbjphfxefs/Build/Products/Debug-iphonesimulator/PackageFrameworks -F /Users/aaronkeen/Library/Developer/Xcode/DerivedData/NutraSafeBeta-awyabywlaekrybetqgpbjphfxefs/Build/Products/Debug-iphonesimulator/PackageFrameworks -F /Users/aaronkeen/Library/Developer/Xcode/DerivedData/NutraSafeBeta-awyabywlaekrybetqgpbjphfxefs/Build/Products/Debug-iphonesimulator/PackageFrameworks -F /Users/aaronkeen/Library/Developer/Xcode/DerivedData/NutraSafeBeta-awyabywlaekrybetqgpbjphfxefs/Build/Products/Debug-iphonesimulator/PackageFrameworks -F /Users/aaronkeen/Library/Developer/Xcode/DerivedData/NutraSafeBeta-awyabywlaekrybetqgpbjphfxefs/Build/Products/Debug-iphonesimulator/PackageFrameworks -F /Users/aaronkeen/Library/Developer/Xcode/DerivedData/NutraSafeBeta-awyabywlaekrybetqgpbjphfxefs/Build/Products/Debug-iphonesimulator/PackageFrameworks -F /Users/aaronkeen/Library/Developer/Xcode/DerivedData/NutraSafeBeta-awyabywlaekrybetqgpbjphfxefs/Build/Products/Debug-iphonesimulator/PackageFrameworks -F /Users/aaronkeen/Library/Developer/Xcode/DerivedData/NutraSafeBeta-awyabywlaekrybetqgpbjphfxefs/Build/Products/Debug-iphonesimulator/PackageFrameworks -F /Users/aaronkeen/Library/Developer/Xcode/DerivedData/NutraSafeBeta-awyabywlaekrybetqgpbjphfxefs/Build/Products/Debug-iphonesimulator/PackageFrameworks -F /Users/aaronkeen/Library/Developer/Xcode/DerivedData/NutraSafeBeta-awyabywlaekrybetqgpbjphfxefs/Build/Products/Debug-iphonesimulator/PackageFrameworks -F /Users/aaronkeen/Library/Developer/Xcode/DerivedData/NutraSafeBeta-awyabywlaekrybetqgpbjphfxefs/Build/Products/Debug-iphonesimulator/PackageFrameworks -F /Users/aaronkeen/Library/Developer/Xcode/DerivedData/NutraSafeBeta-awyabywlaekrybetqgpbjphfxefs/Build/Products/Debug-iphonesimulator/PackageFrameworks -F /Users/aaronkeen/Library/Developer/Xcode/DerivedData/NutraSafeBeta-awyabywlaekrybetqgpbjphfxefs/Build/Products/Debug-iphonesimulator/PackageFrameworks -F /Users/aaronkeen/Library/Developer/Xcode/DerivedData/NutraSafeBeta-awyabywlaekrybetqgpbjphfxefs/Build/Products/Debug-iphonesimulator/PackageFrameworks -F /Users/aaronkeen/Library/Developer/Xcode/DerivedData/NutraSafeBeta-awyabywlaekrybetqgpbjphfxefs/Build/Products/Debug-iphonesimulator/PackageFrameworks -F /Users/aaronkeen/Library/Developer/Xcode/DerivedData/NutraSafeBeta-awyabywlaekrybetqgpbjphfxefs/Build/Products/Debug-iphonesimulator/PackageFrameworks -F /Users/aaronkeen/Library/Developer/Xcode/DerivedData/NutraSafeBeta-awyabywlaekrybetqgpbjphfxefs/Build/Products/Debug-iphonesimulator -F /Applications/Xcode.app/Contents/Developer/Platforms/iPhoneSimulator.platform/Developer/Library/Frameworks -F /Applications/Xcode.app/Contents/Developer/Platforms/iPhoneSimulator.platform/Developer/SDKs/iPhoneSimulator18.5.sdk/Developer/Library/Frameworks -c -j14 -enable-batch-mode -incremental -Xcc -ivfsstatcache -Xcc /Users/aaronkeen/Library/Developer/Xcode/DerivedData/SDKStatCaches.noindex/iphonesimulator18.5-22F76-d5fc8ad4295d2ef488fb7d0f804ce0c4.sdkstatcache -output-file-map /Users/aaronkeen/Library/Developer/Xcode/DerivedData/NutraSafeBeta-awyabywlaekrybetqgpbjphfxefs/Build/Intermediates.noindex/Firebase.build/Debug-iphonesimulator/FirebaseAuth.build/Objects-normal/arm64/FirebaseAuth-OutputFileMap.json -use-frontend-parseable-output -save-temps -no-color-diagnostics -serialize-diagnostics -emit-dependencies -emit-module -emit-module-path /Users/aaronkeen/Library/Developer/Xcode/DerivedData/NutraSafeBeta-awyabywlaekrybetqgpbjphfxefs/Build/Intermediates.noindex/Firebase.build/Debug-iphonesimulator/FirebaseAuth.build/Objects-normal/arm64/FirebaseAuth.swiftmodule -user-module-version 12.2.0 -validate-clang-modules-once -clang-build-session-file /Users/aaronkeen/Library/Developer/Xcode/DerivedData/ModuleCache.noindex/Session.modulevalidation -package-name firebase_ios_sdk -Xcc -I/Users/aaronkeen/Library/Developer/Xcode/DerivedData/NutraSafeBeta-awyabywlaekrybetqgpbjphfxefs/Build/Intermediates.noindex/Firebase.build/Debug-iphonesimulator/FirebaseAuth.build/swift-overrides.hmap -emit-const-values -Xfrontend -const-gather-protocols-file -Xfrontend /Users/aaronkeen/Library/Developer/Xcode/DerivedData/NutraSafeBeta-awyabywlaekrybetqgpbjphfxefs/Build/Intermediates.noindex/Firebase.build/Debug-iphonesimulator/FirebaseAuth.build/Objects-normal/arm64/FirebaseAuth_const_extract_protocols.json -Xcc -I/Users/aaronkeen/Library/Developer/Xcode/DerivedData/NutraSafeBeta-awyabywlaekrybetqgpbjphfxefs/SourcePackages/checkouts/interop-ios-for-google-sdks/RecaptchaEnterprise/RecaptchaInterop/Public -Xcc -I/Users/aaronkeen/Library/Developer/Xcode/DerivedData/NutraSafeBeta-awyabywlaekrybetqgpbjphfxefs/SourcePackages/checkouts/GoogleUtilities/GoogleUtilities/Network/Public -Xcc -I/Users/aaronkeen/Library/Developer/Xcode/DerivedData/NutraSafeBeta-awyabywlaekrybetqgpbjphfxefs/SourcePackages/checkouts/GoogleUtilities/GoogleUtilities/Reachability/Public -Xcc -I/Users/aaronkeen/Library/Developer/Xcode/DerivedData/NutraSafeBeta-awyabywlaekrybetqgpbjphfxefs/SourcePackages/checkouts/GoogleUtilities/GoogleUtilities/NSData+zlib/Public -Xcc -I/Users/aaronkeen/Library/Developer/Xcode/DerivedData/NutraSafeBeta-awyabywlaekrybetqgpbjphfxefs/SourcePackages/checkouts/GoogleUtilities/GoogleUtilities/Logger/Public -Xcc -I/Users/aaronkeen/Library/Developer/Xcode/DerivedData/NutraSafeBeta-awyabywlaekrybetqgpbjphfxefs/SourcePackages/checkouts/GoogleUtilities/GoogleUtilities/Environment/Public -Xcc -I/Users/aaronkeen/Library/Developer/Xcode/DerivedData/NutraSafeBeta-awyabywlaekrybetqgpbjphfxefs/SourcePackages/checkouts/GoogleUtilities/third_party/IsAppEncrypted/Public -Xcc -I/Users/aaronkeen/Library/Developer/Xcode/DerivedData/NutraSafeBeta-awyabywlaekrybetqgpbjphfxefs/SourcePackages/checkouts/GoogleUtilities/GoogleUtilities/AppDelegateSwizzler/Public -Xcc -I/Users/aaronkeen/Library/Developer/Xcode/DerivedData/NutraSafeBeta-awyabywlaekrybetqgpbjphfxefs/SourcePackages/checkouts/gtm-session-fetcher/Sources/Core/Public -Xcc -I/Users/aaronkeen/Library/Developer/Xcode/DerivedData/NutraSafeBeta-awyabywlaekrybetqgpbjphfxefs/SourcePackages/checkouts/firebase-ios-sdk/FirebaseCore/Extension -Xcc -I/Users/aaronkeen/Library/Developer/Xcode/DerivedData/NutraSafeBeta-awyabywlaekrybetqgpbjphfxefs/SourcePackages/checkouts/firebase-ios-sdk/FirebaseCore/Sources/Public -Xcc -I/Users/aaronkeen/Library/Developer/Xcode/DerivedData/NutraSafeBeta-awyabywlaekrybetqgpbjphfxefs/SourcePackages/checkouts/firebase-ios-sdk/CoreOnly/Sources -Xcc -I/Users/aaronkeen/Library/Developer/Xcode/DerivedData/NutraSafeBeta-awyabywlaekrybetqgpbjphfxefs/SourcePackages/checkouts/firebase-ios-sdk/FirebaseAuth/Sources/Public -Xcc -I/Users/aaronkeen/Library/Developer/Xcode/DerivedData/NutraSafeBeta-awyabywlaekrybetqgpbjphfxefs/SourcePackages/checkouts/firebase-ios-sdk/FirebaseAuth/Interop/Public -Xcc -I/Users/aaronkeen/Library/Developer/Xcode/DerivedData/NutraSafeBeta-awyabywlaekrybetqgpbjphfxefs/SourcePackages/checkouts/firebase-ios-sdk/FirebaseAppCheck/Interop/Public -Xcc -I/Users/aaronkeen/Library/Developer/Xcode/DerivedData/NutraSafeBeta-awyabywlaekrybetqgpbjphfxefs/Build/Products/Debug-iphonesimulator/include -Xcc -I/Users/aaronkeen/Library/Developer/Xcode/DerivedData/NutraSafeBeta-awyabywlaekrybetqgpbjphfxefs/Build/Intermediates.noindex/Firebase.build/Debug-iphonesimulator/FirebaseAuth.build/DerivedSources-normal/arm64 -Xcc -I/Users/aaronkeen/Library/Developer/Xcode/DerivedData/NutraSafeBeta-awyabywlaekrybetqgpbjphfxefs/Build/Intermediates.noindex/Firebase.build/Debug-iphonesimulator/FirebaseAuth.build/DerivedSources/arm64 -Xcc -I/Users/aaronkeen/Library/Developer/Xcode/DerivedData/NutraSafeBeta-awyabywlaekrybetqgpbjphfxefs/Build/Intermediates.noindex/Firebase.build/Debug-iphonesimulator/FirebaseAuth.build/DerivedSources -Xcc -DSWIFT_PACKAGE -Xcc -DDEBUG\=1 -emit-objc-header -emit-objc-header-path /Users/aaronkeen/Library/Developer/Xcode/DerivedData/NutraSafeBeta-awyabywlaekrybetqgpbjphfxefs/Build/Intermediates.noindex/Firebase.build/Debug-iphonesimulator/FirebaseAuth.build/Objects-normal/arm64/FirebaseAuth-Swift.h -working-directory /Users/aaronkeen/Documents/My\ Apps/NutraSafe\ Beta/NutraSafeBeta.xcodeproj -experimental-emit-module-separately -disable-cmo

Touch /Users/aaronkeen/Library/Developer/Xcode/DerivedData/NutraSafeBeta-awyabywlaekrybetqgpbjphfxefs/Build/Products/Debug-iphonesimulator/Firebase_FirebaseAuth.bundle (in target 'Firebase_FirebaseAuth' from project 'Firebase')
    cd /Users/aaronkeen/Library/Developer/Xcode/DerivedData/NutraSafeBeta-awyabywlaekrybetqgpbjphfxefs/SourcePackages/checkouts/firebase-ios-sdk
    /usr/bin/touch -c /Users/aaronkeen/Library/Developer/Xcode/DerivedData/NutraSafeBeta-awyabywlaekrybetqgpbjphfxefs/Build/Products/Debug-iphonesimulator/Firebase_FirebaseAuth.bundle

RegisterExecutionPolicyException /Users/aaronkeen/Library/Developer/Xcode/DerivedData/NutraSafeBeta-awyabywlaekrybetqgpbjphfxefs/Build/Products/Debug-iphonesimulator/FirebaseAuthInterop.o (in target 'FirebaseAuthInterop' from project 'Firebase')
    cd /Users/aaronkeen/Library/Developer/Xcode/DerivedData/NutraSafeBeta-awyabywlaekrybetqgpbjphfxefs/SourcePackages/checkouts/firebase-ios-sdk
    builtin-RegisterExecutionPolicyException /Users/aaronkeen/Library/Developer/Xcode/DerivedData/NutraSafeBeta-awyabywlaekrybetqgpbjphfxefs/Build/Products/Debug-iphonesimulator/FirebaseAuthInterop.o

RegisterExecutionPolicyException /Users/aaronkeen/Library/Developer/Xcode/DerivedData/NutraSafeBeta-awyabywlaekrybetqgpbjphfxefs/Build/Products/Debug-iphonesimulator/FirebaseAppCheckInterop.o (in target 'FirebaseAppCheckInterop' from project 'Firebase')
    cd /Users/aaronkeen/Library/Developer/Xcode/DerivedData/NutraSafeBeta-awyabywlaekrybetqgpbjphfxefs/SourcePackages/checkouts/firebase-ios-sdk
    builtin-RegisterExecutionPolicyException /Users/aaronkeen/Library/Developer/Xcode/DerivedData/NutraSafeBeta-awyabywlaekrybetqgpbjphfxefs/Build/Products/Debug-iphonesimulator/FirebaseAppCheckInterop.o

RegisterExecutionPolicyException /Users/aaronkeen/Library/Developer/Xcode/DerivedData/NutraSafeBeta-awyabywlaekrybetqgpbjphfxefs/Build/Products/Debug-iphonesimulator/Firebase.o (in target 'Firebase' from project 'Firebase')
    cd /Users/aaronkeen/Library/Developer/Xcode/DerivedData/NutraSafeBeta-awyabywlaekrybetqgpbjphfxefs/SourcePackages/checkouts/firebase-ios-sdk
    builtin-RegisterExecutionPolicyException /Users/aaronkeen/Library/Developer/Xcode/DerivedData/NutraSafeBeta-awyabywlaekrybetqgpbjphfxefs/Build/Products/Debug-iphonesimulator/Firebase.o

PrecompileModule /Users/aaronkeen/Library/Developer/Xcode/DerivedData/NutraSafeBeta-awyabywlaekrybetqgpbjphfxefs/Build/Intermediates.noindex/ExplicitPrecompiledModules/_complex-7QCXIOH89ZMV20I3FY6BRX6VS.scan
    cd /Users/aaronkeen/Documents/My\ Apps/NutraSafe\ Beta/NutraSafeBeta.xcodeproj
    builtin-precompileModule /Users/aaronkeen/Library/Developer/Xcode/DerivedData/NutraSafeBeta-awyabywlaekrybetqgpbjphfxefs/Build/Intermediates.noindex/ExplicitPrecompiledModules/_complex-7QCXIOH89ZMV20I3FY6BRX6VS.scan

PrecompileModule /Users/aaronkeen/Library/Developer/Xcode/DerivedData/NutraSafeBeta-awyabywlaekrybetqgpbjphfxefs/Build/Intermediates.noindex/ExplicitPrecompiledModules/sys_time-AW5D3KRI8BGFFSNMVFL15L9PG.scan
    cd /Users/aaronkeen/Documents/My\ Apps/NutraSafe\ Beta/NutraSafeBeta.xcodeproj
    builtin-precompileModule /Users/aaronkeen/Library/Developer/Xcode/DerivedData/NutraSafeBeta-awyabywlaekrybetqgpbjphfxefs/Build/Intermediates.noindex/ExplicitPrecompiledModules/sys_time-AW5D3KRI8BGFFSNMVFL15L9PG.scan

PrecompileModule /Users/aaronkeen/Library/Developer/Xcode/DerivedData/NutraSafeBeta-awyabywlaekrybetqgpbjphfxefs/Build/Intermediates.noindex/ExplicitPrecompiledModules/_setjmp-6IRQTJFK23DMH928CBUUSFVHP.scan
    cd /Users/aaronkeen/Documents/My\ Apps/NutraSafe\ Beta/NutraSafeBeta.xcodeproj
    builtin-precompileModule /Users/aaronkeen/Library/Developer/Xcode/DerivedData/NutraSafeBeta-awyabywlaekrybetqgpbjphfxefs/Build/Intermediates.noindex/ExplicitPrecompiledModules/_setjmp-6IRQTJFK23DMH928CBUUSFVHP.scan

PrecompileModule /Users/aaronkeen/Library/Developer/Xcode/DerivedData/NutraSafeBeta-awyabywlaekrybetqgpbjphfxefs/Build/Intermediates.noindex/ExplicitPrecompiledModules/_strings-BWDEB2O0OJTIUUWEEYUBO5PAM.scan
    cd /Users/aaronkeen/Documents/My\ Apps/NutraSafe\ Beta/NutraSafeBeta.xcodeproj
    builtin-precompileModule /Users/aaronkeen/Library/Developer/Xcode/DerivedData/NutraSafeBeta-awyabywlaekrybetqgpbjphfxefs/Build/Intermediates.noindex/ExplicitPrecompiledModules/_strings-BWDEB2O0OJTIUUWEEYUBO5PAM.scan

PrecompileModule /Users/aaronkeen/Library/Developer/Xcode/DerivedData/NutraSafeBeta-awyabywlaekrybetqgpbjphfxefs/Build/Intermediates.noindex/ExplicitPrecompiledModules/_errno-4T0S86UAJ6KN5LGR7897XQXZ6.scan
    cd /Users/aaronkeen/Documents/My\ Apps/NutraSafe\ Beta/NutraSafeBeta.xcodeproj
    builtin-precompileModule /Users/aaronkeen/Library/Developer/Xcode/DerivedData/NutraSafeBeta-awyabywlaekrybetqgpbjphfxefs/Build/Intermediates.noindex/ExplicitPrecompiledModules/_errno-4T0S86UAJ6KN5LGR7897XQXZ6.scan

PrecompileModule /Users/aaronkeen/Library/Developer/Xcode/DerivedData/NutraSafeBeta-awyabywlaekrybetqgpbjphfxefs/Build/Intermediates.noindex/ExplicitPrecompiledModules/alloca-9TAGHFKGBNX23NPO1AFR12ZBF.scan
    cd /Users/aaronkeen/Documents/My\ Apps/NutraSafe\ Beta/NutraSafeBeta.xcodeproj
    builtin-precompileModule /Users/aaronkeen/Library/Developer/Xcode/DerivedData/NutraSafeBeta-awyabywlaekrybetqgpbjphfxefs/Build/Intermediates.noindex/ExplicitPrecompiledModules/alloca-9TAGHFKGBNX23NPO1AFR12ZBF.scan

PrecompileModule /Users/aaronkeen/Library/Developer/Xcode/DerivedData/NutraSafeBeta-awyabywlaekrybetqgpbjphfxefs/Build/Intermediates.noindex/ExplicitPrecompiledModules/_locale-8Z18D6V6QA1OFEG19R0MF2WMO.scan
    cd /Users/aaronkeen/Documents/My\ Apps/NutraSafe\ Beta/NutraSafeBeta.xcodeproj
    builtin-precompileModule /Users/aaronkeen/Library/Developer/Xcode/DerivedData/NutraSafeBeta-awyabywlaekrybetqgpbjphfxefs/Build/Intermediates.noindex/ExplicitPrecompiledModules/_locale-8Z18D6V6QA1OFEG19R0MF2WMO.scan

PrecompileModule /Users/aaronkeen/Library/Developer/Xcode/DerivedData/NutraSafeBeta-awyabywlaekrybetqgpbjphfxefs/Build/Intermediates.noindex/ExplicitPrecompiledModules/_errno-2KROCYG9QBGW5Q6IBRQQCOPJO.scan
    cd /Users/aaronkeen/Documents/My\ Apps/NutraSafe\ Beta/NutraSafeBeta.xcodeproj
    builtin-precompileModule /Users/aaronkeen/Library/Developer/Xcode/DerivedData/NutraSafeBeta-awyabywlaekrybetqgpbjphfxefs/Build/Intermediates.noindex/ExplicitPrecompiledModules/_errno-2KROCYG9QBGW5Q6IBRQQCOPJO.scan

PrecompileModule /Users/aaronkeen/Library/Developer/Xcode/DerivedData/NutraSafeBeta-awyabywlaekrybetqgpbjphfxefs/Build/Intermediates.noindex/ExplicitPrecompiledModules/_stdint-EN545KP55EZR7HFCPOZAPKX0W.scan
    cd /Users/aaronkeen/Documents/My\ Apps/NutraSafe\ Beta/NutraSafeBeta.xcodeproj
    builtin-precompileModule /Users/aaronkeen/Library/Developer/Xcode/DerivedData/NutraSafeBeta-awyabywlaekrybetqgpbjphfxefs/Build/Intermediates.noindex/ExplicitPrecompiledModules/_stdint-EN545KP55EZR7HFCPOZAPKX0W.scan

PrecompileModule /Users/aaronkeen/Library/Developer/Xcode/DerivedData/NutraSafeBeta-awyabywlaekrybetqgpbjphfxefs/Build/Intermediates.noindex/ExplicitPrecompiledModules/netinet_in-CHR730ADUZBYYLE1QHCZF3KLM.scan
    cd /Users/aaronkeen/Documents/My\ Apps/NutraSafe\ Beta/NutraSafeBeta.xcodeproj
    builtin-precompileModule /Users/aaronkeen/Library/Developer/Xcode/DerivedData/NutraSafeBeta-awyabywlaekrybetqgpbjphfxefs/Build/Intermediates.noindex/ExplicitPrecompiledModules/netinet_in-CHR730ADUZBYYLE1QHCZF3KLM.scan

PrecompileModule /Users/aaronkeen/Library/Developer/Xcode/DerivedData/NutraSafeBeta-awyabywlaekrybetqgpbjphfxefs/Build/Intermediates.noindex/ExplicitPrecompiledModules/mach-31IMJC635AOICBSUBHBBHBXMG.scan
    cd /Users/aaronkeen/Documents/My\ Apps/NutraSafe\ Beta/NutraSafeBeta.xcodeproj
    builtin-precompileModule /Users/aaronkeen/Library/Developer/Xcode/DerivedData/NutraSafeBeta-awyabywlaekrybetqgpbjphfxefs/Build/Intermediates.noindex/ExplicitPrecompiledModules/mach-31IMJC635AOICBSUBHBBHBXMG.scan

PrecompileModule /Users/aaronkeen/Library/Developer/Xcode/DerivedData/NutraSafeBeta-awyabywlaekrybetqgpbjphfxefs/Build/Intermediates.noindex/ExplicitPrecompiledModules/_complex-3SCNYSXKRT6C2D6FXXFLH50WK.scan
    cd /Users/aaronkeen/Documents/My\ Apps/NutraSafe\ Beta/NutraSafeBeta.xcodeproj
    builtin-precompileModule /Users/aaronkeen/Library/Developer/Xcode/DerivedData/NutraSafeBeta-awyabywlaekrybetqgpbjphfxefs/Build/Intermediates.noindex/ExplicitPrecompiledModules/_complex-3SCNYSXKRT6C2D6FXXFLH50WK.scan

PrecompileModule /Users/aaronkeen/Library/Developer/Xcode/DerivedData/NutraSafeBeta-awyabywlaekrybetqgpbjphfxefs/Build/Intermediates.noindex/ExplicitPrecompiledModules/mach-6PPIGVUVU2GQ7VOEJKQWOOI6W.scan
    cd /Users/aaronkeen/Documents/My\ Apps/NutraSafe\ Beta/NutraSafeBeta.xcodeproj
    builtin-precompileModule /Users/aaronkeen/Library/Developer/Xcode/DerivedData/NutraSafeBeta-awyabywlaekrybetqgpbjphfxefs/Build/Intermediates.noindex/ExplicitPrecompiledModules/mach-6PPIGVUVU2GQ7VOEJKQWOOI6W.scan

PrecompileModule /Users/aaronkeen/Library/Developer/Xcode/DerivedData/NutraSafeBeta-awyabywlaekrybetqgpbjphfxefs/Build/Intermediates.noindex/ExplicitPrecompiledModules/_sys_select-8IAHD8NACWNJ3D6VIK6DCNA77.scan
    cd /Users/aaronkeen/Documents/My\ Apps/NutraSafe\ Beta/NutraSafeBeta.xcodeproj
    builtin-precompileModule /Users/aaronkeen/Library/Developer/Xcode/DerivedData/NutraSafeBeta-awyabywlaekrybetqgpbjphfxefs/Build/Intermediates.noindex/ExplicitPrecompiledModules/_sys_select-8IAHD8NACWNJ3D6VIK6DCNA77.scan

PrecompileModule /Users/aaronkeen/Library/Developer/Xcode/DerivedData/NutraSafeBeta-awyabywlaekrybetqgpbjphfxefs/Build/Intermediates.noindex/ExplicitPrecompiledModules/_locale-7GJCY868MDB09GIUV3Z70TGS4.scan
    cd /Users/aaronkeen/Documents/My\ Apps/NutraSafe\ Beta/NutraSafeBeta.xcodeproj
    builtin-precompileModule /Users/aaronkeen/Library/Developer/Xcode/DerivedData/NutraSafeBeta-awyabywlaekrybetqgpbjphfxefs/Build/Intermediates.noindex/ExplicitPrecompiledModules/_locale-7GJCY868MDB09GIUV3Z70TGS4.scan

PrecompileModule /Users/aaronkeen/Library/Developer/Xcode/DerivedData/NutraSafeBeta-awyabywlaekrybetqgpbjphfxefs/Build/Intermediates.noindex/ExplicitPrecompiledModules/uuid-EE2O4IPLJVPY6EI8WQ4KYE00P.scan
    cd /Users/aaronkeen/Documents/My\ Apps/NutraSafe\ Beta/NutraSafeBeta.xcodeproj
    builtin-precompileModule /Users/aaronkeen/Library/Developer/Xcode/DerivedData/NutraSafeBeta-awyabywlaekrybetqgpbjphfxefs/Build/Intermediates.noindex/ExplicitPrecompiledModules/uuid-EE2O4IPLJVPY6EI8WQ4KYE00P.scan

PrecompileModule /Users/aaronkeen/Library/Developer/Xcode/DerivedData/NutraSafeBeta-awyabywlaekrybetqgpbjphfxefs/Build/Intermediates.noindex/ExplicitPrecompiledModules/_strings-4N0VWNW3DFSCCXVDMPZPIK6PE.scan
    cd /Users/aaronkeen/Documents/My\ Apps/NutraSafe\ Beta/NutraSafeBeta.xcodeproj
    builtin-precompileModule /Users/aaronkeen/Library/Developer/Xcode/DerivedData/NutraSafeBeta-awyabywlaekrybetqgpbjphfxefs/Build/Intermediates.noindex/ExplicitPrecompiledModules/_strings-4N0VWNW3DFSCCXVDMPZPIK6PE.scan

PrecompileModule /Users/aaronkeen/Library/Developer/Xcode/DerivedData/NutraSafeBeta-awyabywlaekrybetqgpbjphfxefs/Build/Intermediates.noindex/ExplicitPrecompiledModules/_limits-XP5HAWVHUTWB34K2GWEMSEWD.scan
    cd /Users/aaronkeen/Documents/My\ Apps/NutraSafe\ Beta/NutraSafeBeta.xcodeproj
    builtin-precompileModule /Users/aaronkeen/Library/Developer/Xcode/DerivedData/NutraSafeBeta-awyabywlaekrybetqgpbjphfxefs/Build/Intermediates.noindex/ExplicitPrecompiledModules/_limits-XP5HAWVHUTWB34K2GWEMSEWD.scan

SwiftEmitModule normal arm64 Emitting\ module\ for\ FirebaseAuth (in target 'FirebaseAuth' from project 'Firebase')
EmitSwiftModule normal arm64 (in target 'FirebaseAuth' from project 'Firebase')
    cd /Users/aaronkeen/Documents/My\ Apps/NutraSafe\ Beta/NutraSafeBeta.xcodeproj
    

PrecompileModule /Users/aaronkeen/Library/Developer/Xcode/DerivedData/NutraSafeBeta-awyabywlaekrybetqgpbjphfxefs/Build/Intermediates.noindex/ExplicitPrecompiledModules/runetype-78BNMKE8WHK0AYVJ43YD3PH.scan
    cd /Users/aaronkeen/Documents/My\ Apps/NutraSafe\ Beta/NutraSafeBeta.xcodeproj
    builtin-precompileModule /Users/aaronkeen/Library/Developer/Xcode/DerivedData/NutraSafeBeta-awyabywlaekrybetqgpbjphfxefs/Build/Intermediates.noindex/ExplicitPrecompiledModules/runetype-78BNMKE8WHK0AYVJ43YD3PH.scan

PrecompileModule /Users/aaronkeen/Library/Developer/Xcode/DerivedData/NutraSafeBeta-awyabywlaekrybetqgpbjphfxefs/Build/Intermediates.noindex/ExplicitPrecompiledModules/_assert-C4TVRM2PZ2XWH1ZS56A8MMY9T.scan
    cd /Users/aaronkeen/Documents/My\ Apps/NutraSafe\ Beta/NutraSafeBeta.xcodeproj
    builtin-precompileModule /Users/aaronkeen/Library/Developer/Xcode/DerivedData/NutraSafeBeta-awyabywlaekrybetqgpbjphfxefs/Build/Intermediates.noindex/ExplicitPrecompiledModules/_assert-C4TVRM2PZ2XWH1ZS56A8MMY9T.scan

PrecompileModule /Users/aaronkeen/Library/Developer/Xcode/DerivedData/NutraSafeBeta-awyabywlaekrybetqgpbjphfxefs/Build/Intermediates.noindex/ExplicitPrecompiledModules/uuid-D30AYPN8DPHUS9T7D6NSU6JD4.scan
    cd /Users/aaronkeen/Documents/My\ Apps/NutraSafe\ Beta/NutraSafeBeta.xcodeproj
    builtin-precompileModule /Users/aaronkeen/Library/Developer/Xcode/DerivedData/NutraSafeBeta-awyabywlaekrybetqgpbjphfxefs/Build/Intermediates.noindex/ExplicitPrecompiledModules/uuid-D30AYPN8DPHUS9T7D6NSU6JD4.scan

PrecompileModule /Users/aaronkeen/Library/Developer/Xcode/DerivedData/NutraSafeBeta-awyabywlaekrybetqgpbjphfxefs/Build/Intermediates.noindex/ExplicitPrecompiledModules/runetype-37JGTBWSI9WHMIJMDHIFN9M7R.scan
    cd /Users/aaronkeen/Documents/My\ Apps/NutraSafe\ Beta/NutraSafeBeta.xcodeproj
    builtin-precompileModule /Users/aaronkeen/Library/Developer/Xcode/DerivedData/NutraSafeBeta-awyabywlaekrybetqgpbjphfxefs/Build/Intermediates.noindex/ExplicitPrecompiledModules/runetype-37JGTBWSI9WHMIJMDHIFN9M7R.scan

PrecompileModule /Users/aaronkeen/Library/Developer/Xcode/DerivedData/NutraSafeBeta-awyabywlaekrybetqgpbjphfxefs/Build/Intermediates.noindex/ExplicitPrecompiledModules/_math-5BARSRWMJ4Z69DX8DMXGOONTQ.scan
    cd /Users/aaronkeen/Documents/My\ Apps/NutraSafe\ Beta/NutraSafeBeta.xcodeproj
    builtin-precompileModule /Users/aaronkeen/Library/Developer/Xcode/DerivedData/NutraSafeBeta-awyabywlaekrybetqgpbjphfxefs/Build/Intermediates.noindex/ExplicitPrecompiledModules/_math-5BARSRWMJ4Z69DX8DMXGOONTQ.scan

PrecompileModule /Users/aaronkeen/Library/Developer/Xcode/DerivedData/NutraSafeBeta-awyabywlaekrybetqgpbjphfxefs/Build/Intermediates.noindex/ExplicitPrecompiledModules/xlocale-7HJREQMK8966H2SSZTHWV3S0H.scan
    cd /Users/aaronkeen/Documents/My\ Apps/NutraSafe\ Beta/NutraSafeBeta.xcodeproj
    builtin-precompileModule /Users/aaronkeen/Library/Developer/Xcode/DerivedData/NutraSafeBeta-awyabywlaekrybetqgpbjphfxefs/Build/Intermediates.noindex/ExplicitPrecompiledModules/xlocale-7HJREQMK8966H2SSZTHWV3S0H.scan

PrecompileModule /Users/aaronkeen/Library/Developer/Xcode/DerivedData/NutraSafeBeta-awyabywlaekrybetqgpbjphfxefs/Build/Intermediates.noindex/ExplicitPrecompiledModules/_math-8717Y3UB5E7Z6XXLCHICRF2C4.scan
    cd /Users/aaronkeen/Documents/My\ Apps/NutraSafe\ Beta/NutraSafeBeta.xcodeproj
    builtin-precompileModule /Users/aaronkeen/Library/Developer/Xcode/DerivedData/NutraSafeBeta-awyabywlaekrybetqgpbjphfxefs/Build/Intermediates.noindex/ExplicitPrecompiledModules/_math-8717Y3UB5E7Z6XXLCHICRF2C4.scan

PrecompileModule /Users/aaronkeen/Library/Developer/Xcode/DerivedData/NutraSafeBeta-awyabywlaekrybetqgpbjphfxefs/Build/Intermediates.noindex/ExplicitPrecompiledModules/_limits-4C5KH0SUM33GCYNODV9JX4B1C.scan
    cd /Users/aaronkeen/Documents/My\ Apps/NutraSafe\ Beta/NutraSafeBeta.xcodeproj
    builtin-precompileModule /Users/aaronkeen/Library/Developer/Xcode/DerivedData/NutraSafeBeta-awyabywlaekrybetqgpbjphfxefs/Build/Intermediates.noindex/ExplicitPrecompiledModules/_limits-4C5KH0SUM33GCYNODV9JX4B1C.scan

PrecompileModule /Users/aaronkeen/Library/Developer/Xcode/DerivedData/NutraSafeBeta-awyabywlaekrybetqgpbjphfxefs/Build/Intermediates.noindex/ExplicitPrecompiledModules/_useconds_t-E5ZKKZ1JTC70EMI0O41C749EC.scan
    cd /Users/aaronkeen/Documents/My\ Apps/NutraSafe\ Beta/NutraSafeBeta.xcodeproj
    builtin-precompileModule /Users/aaronkeen/Library/Developer/Xcode/DerivedData/NutraSafeBeta-awyabywlaekrybetqgpbjphfxefs/Build/Intermediates.noindex/ExplicitPrecompiledModules/_useconds_t-E5ZKKZ1JTC70EMI0O41C749EC.scan

PrecompileModule /Users/aaronkeen/Library/Developer/Xcode/DerivedData/NutraSafeBeta-awyabywlaekrybetqgpbjphfxefs/Build/Intermediates.noindex/ExplicitPrecompiledModules/_useconds_t-8S4E5QJB8A9C436AARO4D0VM8.scan
    cd /Users/aaronkeen/Documents/My\ Apps/NutraSafe\ Beta/NutraSafeBeta.xcodeproj
    builtin-precompileModule /Users/aaronkeen/Library/Developer/Xcode/DerivedData/NutraSafeBeta-awyabywlaekrybetqgpbjphfxefs/Build/Intermediates.noindex/ExplicitPrecompiledModules/_useconds_t-8S4E5QJB8A9C436AARO4D0VM8.scan

PrecompileModule /Users/aaronkeen/Library/Developer/Xcode/DerivedData/NutraSafeBeta-awyabywlaekrybetqgpbjphfxefs/Build/Intermediates.noindex/ExplicitPrecompiledModules/_stdint-EEH37RY4VF4CJYI9AM7C2U3Z2.scan
    cd /Users/aaronkeen/Documents/My\ Apps/NutraSafe\ Beta/NutraSafeBeta.xcodeproj
    builtin-precompileModule /Users/aaronkeen/Library/Developer/Xcode/DerivedData/NutraSafeBeta-awyabywlaekrybetqgpbjphfxefs/Build/Intermediates.noindex/ExplicitPrecompiledModules/_stdint-EEH37RY4VF4CJYI9AM7C2U3Z2.scan

PrecompileModule /Users/aaronkeen/Library/Developer/Xcode/DerivedData/NutraSafeBeta-awyabywlaekrybetqgpbjphfxefs/Build/Intermediates.noindex/ExplicitPrecompiledModules/_sys_select-DIFN7C2VBP3SL6WI6I7SA3KGX.scan
    cd /Users/aaronkeen/Documents/My\ Apps/NutraSafe\ Beta/NutraSafeBeta.xcodeproj
    builtin-precompileModule /Users/aaronkeen/Library/Developer/Xcode/DerivedData/NutraSafeBeta-awyabywlaekrybetqgpbjphfxefs/Build/Intermediates.noindex/ExplicitPrecompiledModules/_sys_select-DIFN7C2VBP3SL6WI6I7SA3KGX.scan

PrecompileModule /Users/aaronkeen/Library/Developer/Xcode/DerivedData/NutraSafeBeta-awyabywlaekrybetqgpbjphfxefs/Build/Intermediates.noindex/ExplicitPrecompiledModules/_ctype-ADCDQVO3XLZM2022MSP68JHSX.scan
    cd /Users/aaronkeen/Documents/My\ Apps/NutraSafe\ Beta/NutraSafeBeta.xcodeproj
    builtin-precompileModule /Users/aaronkeen/Library/Developer/Xcode/DerivedData/NutraSafeBeta-awyabywlaekrybetqgpbjphfxefs/Build/Intermediates.noindex/ExplicitPrecompiledModules/_ctype-ADCDQVO3XLZM2022MSP68JHSX.scan

PrecompileModule /Users/aaronkeen/Library/Developer/Xcode/DerivedData/NutraSafeBeta-awyabywlaekrybetqgpbjphfxefs/Build/Intermediates.noindex/ExplicitPrecompiledModules/alloca-4UY7JZA2SHABXNM4Z1A00UKTY.scan
    cd /Users/aaronkeen/Documents/My\ Apps/NutraSafe\ Beta/NutraSafeBeta.xcodeproj
    builtin-precompileModule /Users/aaronkeen/Library/Developer/Xcode/DerivedData/NutraSafeBeta-awyabywlaekrybetqgpbjphfxefs/Build/Intermediates.noindex/ExplicitPrecompiledModules/alloca-4UY7JZA2SHABXNM4Z1A00UKTY.scan

PrecompileModule /Users/aaronkeen/Library/Developer/Xcode/DerivedData/NutraSafeBeta-awyabywlaekrybetqgpbjphfxefs/Build/Intermediates.noindex/ExplicitPrecompiledModules/_tgmath-58HVGZSVX0CU5IFML633A56BQ.scan
    cd /Users/aaronkeen/Documents/My\ Apps/NutraSafe\ Beta/NutraSafeBeta.xcodeproj
    builtin-precompileModule /Users/aaronkeen/Library/Developer/Xcode/DerivedData/NutraSafeBeta-awyabywlaekrybetqgpbjphfxefs/Build/Intermediates.noindex/ExplicitPrecompiledModules/_tgmath-58HVGZSVX0CU5IFML633A56BQ.scan

PrecompileModule /Users/aaronkeen/Library/Developer/Xcode/DerivedData/NutraSafeBeta-awyabywlaekrybetqgpbjphfxefs/Build/Intermediates.noindex/ExplicitPrecompiledModules/_Builtin_stdint-3OJUT3TRIJMOCDAC93ZEZJKQ3.scan
    cd /Users/aaronkeen/Documents/My\ Apps/NutraSafe\ Beta/NutraSafeBeta.xcodeproj
    builtin-precompileModule /Users/aaronkeen/Library/Developer/Xcode/DerivedData/NutraSafeBeta-awyabywlaekrybetqgpbjphfxefs/Build/Intermediates.noindex/ExplicitPrecompiledModules/_Builtin_stdint-3OJUT3TRIJMOCDAC93ZEZJKQ3.scan

PrecompileModule /Users/aaronkeen/Library/Developer/Xcode/DerivedData/NutraSafeBeta-awyabywlaekrybetqgpbjphfxefs/Build/Intermediates.noindex/ExplicitPrecompiledModules/_Builtin_limits-DKTX6R56FUJIHHYZZNENGR8NO.scan
    cd /Users/aaronkeen/Documents/My\ Apps/NutraSafe\ Beta/NutraSafeBeta.xcodeproj
    builtin-precompileModule /Users/aaronkeen/Library/Developer/Xcode/DerivedData/NutraSafeBeta-awyabywlaekrybetqgpbjphfxefs/Build/Intermediates.noindex/ExplicitPrecompiledModules/_Builtin_limits-DKTX6R56FUJIHHYZZNENGR8NO.scan

PrecompileModule /Users/aaronkeen/Library/Developer/Xcode/DerivedData/NutraSafeBeta-awyabywlaekrybetqgpbjphfxefs/Build/Intermediates.noindex/ExplicitPrecompiledModules/_tgmath-EYHZH3DY7FFB2MCFQKRRD9FQ2.scan
    cd /Users/aaronkeen/Documents/My\ Apps/NutraSafe\ Beta/NutraSafeBeta.xcodeproj
    builtin-precompileModule /Users/aaronkeen/Library/Developer/Xcode/DerivedData/NutraSafeBeta-awyabywlaekrybetqgpbjphfxefs/Build/Intermediates.noindex/ExplicitPrecompiledModules/_tgmath-EYHZH3DY7FFB2MCFQKRRD9FQ2.scan

PrecompileModule /Users/aaronkeen/Library/Developer/Xcode/DerivedData/NutraSafeBeta-awyabywlaekrybetqgpbjphfxefs/Build/Intermediates.noindex/ExplicitPrecompiledModules/_ctype-2JB3SP6Z7CA2IIIPLYJ50CGBN.scan
    cd /Users/aaronkeen/Documents/My\ Apps/NutraSafe\ Beta/NutraSafeBeta.xcodeproj
    builtin-precompileModule /Users/aaronkeen/Library/Developer/Xcode/DerivedData/NutraSafeBeta-awyabywlaekrybetqgpbjphfxefs/Build/Intermediates.noindex/ExplicitPrecompiledModules/_ctype-2JB3SP6Z7CA2IIIPLYJ50CGBN.scan

PrecompileModule /Users/aaronkeen/Library/Developer/Xcode/DerivedData/NutraSafeBeta-awyabywlaekrybetqgpbjphfxefs/Build/Intermediates.noindex/ExplicitPrecompiledModules/xlocale-DGT47HEBPNFVUAFG9SRHK8WGF.scan
    cd /Users/aaronkeen/Documents/My\ Apps/NutraSafe\ Beta/NutraSafeBeta.xcodeproj
    builtin-precompileModule /Users/aaronkeen/Library/Developer/Xcode/DerivedData/NutraSafeBeta-awyabywlaekrybetqgpbjphfxefs/Build/Intermediates.noindex/ExplicitPrecompiledModules/xlocale-DGT47HEBPNFVUAFG9SRHK8WGF.scan

PrecompileModule /Users/aaronkeen/Library/Developer/Xcode/DerivedData/NutraSafeBeta-awyabywlaekrybetqgpbjphfxefs/Build/Intermediates.noindex/ExplicitPrecompiledModules/_Builtin_stdint-EWWZOUA94CB6ANI2L58EXINWI.scan
    cd /Users/aaronkeen/Documents/My\ Apps/NutraSafe\ Beta/NutraSafeBeta.xcodeproj
    builtin-precompileModule /Users/aaronkeen/Library/Developer/Xcode/DerivedData/NutraSafeBeta-awyabywlaekrybetqgpbjphfxefs/Build/Intermediates.noindex/ExplicitPrecompiledModules/_Builtin_stdint-EWWZOUA94CB6ANI2L58EXINWI.scan

PrecompileModule /Users/aaronkeen/Library/Developer/Xcode/DerivedData/NutraSafeBeta-awyabywlaekrybetqgpbjphfxefs/Build/Intermediates.noindex/ExplicitPrecompiledModules/sys_types-53UFBJXSJRF1UV3PE0EFFYCCD.scan
    cd /Users/aaronkeen/Documents/My\ Apps/NutraSafe\ Beta/NutraSafeBeta.xcodeproj
    builtin-precompileModule /Users/aaronkeen/Library/Developer/Xcode/DerivedData/NutraSafeBeta-awyabywlaekrybetqgpbjphfxefs/Build/Intermediates.noindex/ExplicitPrecompiledModules/sys_types-53UFBJXSJRF1UV3PE0EFFYCCD.scan

PrecompileModule /Users/aaronkeen/Library/Developer/Xcode/DerivedData/NutraSafeBeta-awyabywlaekrybetqgpbjphfxefs/Build/Intermediates.noindex/ExplicitPrecompiledModules/_assert-2X1UDMTFZKF0FS5F0TX0A7GIR.scan
    cd /Users/aaronkeen/Documents/My\ Apps/NutraSafe\ Beta/NutraSafeBeta.xcodeproj
    builtin-precompileModule /Users/aaronkeen/Library/Developer/Xcode/DerivedData/NutraSafeBeta-awyabywlaekrybetqgpbjphfxefs/Build/Intermediates.noindex/ExplicitPrecompiledModules/_assert-2X1UDMTFZKF0FS5F0TX0A7GIR.scan

PrecompileModule /Users/aaronkeen/Library/Developer/Xcode/DerivedData/NutraSafeBeta-awyabywlaekrybetqgpbjphfxefs/Build/Intermediates.noindex/ExplicitPrecompiledModules/__wctype-ADRDJX4YON2X030ENWSNVPZC0.scan
    cd /Users/aaronkeen/Documents/My\ Apps/NutraSafe\ Beta/NutraSafeBeta.xcodeproj
    builtin-precompileModule /Users/aaronkeen/Library/Developer/Xcode/DerivedData/NutraSafeBeta-awyabywlaekrybetqgpbjphfxefs/Build/Intermediates.noindex/ExplicitPrecompiledModules/__wctype-ADRDJX4YON2X030ENWSNVPZC0.scan

PrecompileModule /Users/aaronkeen/Library/Developer/Xcode/DerivedData/NutraSafeBeta-awyabywlaekrybetqgpbjphfxefs/Build/Intermediates.noindex/ExplicitPrecompiledModules/_Builtin_limits-L7VWSK3W4MBI5HXTCWIFY73Q.scan
    cd /Users/aaronkeen/Documents/My\ Apps/NutraSafe\ Beta/NutraSafeBeta.xcodeproj
    builtin-precompileModule /Users/aaronkeen/Library/Developer/Xcode/DerivedData/NutraSafeBeta-awyabywlaekrybetqgpbjphfxefs/Build/Intermediates.noindex/ExplicitPrecompiledModules/_Builtin_limits-L7VWSK3W4MBI5HXTCWIFY73Q.scan

PrecompileModule /Users/aaronkeen/Library/Developer/Xcode/DerivedData/NutraSafeBeta-awyabywlaekrybetqgpbjphfxefs/Build/Intermediates.noindex/ExplicitPrecompiledModules/_setjmp-9MBX198V9X9GUHVNOJI4SVBOC.scan
    cd /Users/aaronkeen/Documents/My\ Apps/NutraSafe\ Beta/NutraSafeBeta.xcodeproj
    builtin-precompileModule /Users/aaronkeen/Library/Developer/Xcode/DerivedData/NutraSafeBeta-awyabywlaekrybetqgpbjphfxefs/Build/Intermediates.noindex/ExplicitPrecompiledModules/_setjmp-9MBX198V9X9GUHVNOJI4SVBOC.scan

PrecompileModule /Users/aaronkeen/Library/Developer/Xcode/DerivedData/NutraSafeBeta-awyabywlaekrybetqgpbjphfxefs/Build/Intermediates.noindex/ExplicitPrecompiledModules/_Builtin_tgmath-DRXL2K5AD4IPRJ3Y6DN016K5I.scan
    cd /Users/aaronkeen/Documents/My\ Apps/NutraSafe\ Beta/NutraSafeBeta.xcodeproj
    builtin-precompileModule /Users/aaronkeen/Library/Developer/Xcode/DerivedData/NutraSafeBeta-awyabywlaekrybetqgpbjphfxefs/Build/Intermediates.noindex/ExplicitPrecompiledModules/_Builtin_tgmath-DRXL2K5AD4IPRJ3Y6DN016K5I.scan

PrecompileModule /Users/aaronkeen/Library/Developer/Xcode/DerivedData/NutraSafeBeta-awyabywlaekrybetqgpbjphfxefs/Build/Intermediates.noindex/ExplicitPrecompiledModules/_Builtin_stdatomic-5KKJ4M9D4MOYQ23OR3MBCUVZR.scan
    cd /Users/aaronkeen/Documents/My\ Apps/NutraSafe\ Beta/NutraSafeBeta.xcodeproj
    builtin-precompileModule /Users/aaronkeen/Library/Developer/Xcode/DerivedData/NutraSafeBeta-awyabywlaekrybetqgpbjphfxefs/Build/Intermediates.noindex/ExplicitPrecompiledModules/_Builtin_stdatomic-5KKJ4M9D4MOYQ23OR3MBCUVZR.scan

PrecompileModule /Users/aaronkeen/Library/Developer/Xcode/DerivedData/NutraSafeBeta-awyabywlaekrybetqgpbjphfxefs/Build/Intermediates.noindex/ExplicitPrecompiledModules/__wctype-1J2NWN8PDLJI2FZFHD8R5AGIP.scan
    cd /Users/aaronkeen/Documents/My\ Apps/NutraSafe\ Beta/NutraSafeBeta.xcodeproj
    builtin-precompileModule /Users/aaronkeen/Library/Developer/Xcode/DerivedData/NutraSafeBeta-awyabywlaekrybetqgpbjphfxefs/Build/Intermediates.noindex/ExplicitPrecompiledModules/__wctype-1J2NWN8PDLJI2FZFHD8R5AGIP.scan

PrecompileModule /Users/aaronkeen/Library/Developer/Xcode/DerivedData/NutraSafeBeta-awyabywlaekrybetqgpbjphfxefs/Build/Intermediates.noindex/ExplicitPrecompiledModules/_inttypes-20NQ2IGTIRBYCRR2K5JKQINHN.scan
    cd /Users/aaronkeen/Documents/My\ Apps/NutraSafe\ Beta/NutraSafeBeta.xcodeproj
    builtin-precompileModule /Users/aaronkeen/Library/Developer/Xcode/DerivedData/NutraSafeBeta-awyabywlaekrybetqgpbjphfxefs/Build/Intermediates.noindex/ExplicitPrecompiledModules/_inttypes-20NQ2IGTIRBYCRR2K5JKQINHN.scan

PrecompileModule /Users/aaronkeen/Library/Developer/Xcode/DerivedData/NutraSafeBeta-awyabywlaekrybetqgpbjphfxefs/Build/Intermediates.noindex/ExplicitPrecompiledModules/_inttypes-E7OC77VELPQL6Y1C2V06ZBRKJ.scan
    cd /Users/aaronkeen/Documents/My\ Apps/NutraSafe\ Beta/NutraSafeBeta.xcodeproj
    builtin-precompileModule /Users/aaronkeen/Library/Developer/Xcode/DerivedData/NutraSafeBeta-awyabywlaekrybetqgpbjphfxefs/Build/Intermediates.noindex/ExplicitPrecompiledModules/_inttypes-E7OC77VELPQL6Y1C2V06ZBRKJ.scan

PrecompileModule /Users/aaronkeen/Library/Developer/Xcode/DerivedData/NutraSafeBeta-awyabywlaekrybetqgpbjphfxefs/Build/Intermediates.noindex/ExplicitPrecompiledModules/_Builtin_tgmath-3CPBM82W2CM783AJEWX1OES04.scan
    cd /Users/aaronkeen/Documents/My\ Apps/NutraSafe\ Beta/NutraSafeBeta.xcodeproj
    builtin-precompileModule /Users/aaronkeen/Library/Developer/Xcode/DerivedData/NutraSafeBeta-awyabywlaekrybetqgpbjphfxefs/Build/Intermediates.noindex/ExplicitPrecompiledModules/_Builtin_tgmath-3CPBM82W2CM783AJEWX1OES04.scan

PrecompileModule /Users/aaronkeen/Library/Developer/Xcode/DerivedData/NutraSafeBeta-awyabywlaekrybetqgpbjphfxefs/Build/Intermediates.noindex/ExplicitPrecompiledModules/_time-23Y83JAB1RKCT2T3C61EVXQGS.scan
    cd /Users/aaronkeen/Documents/My\ Apps/NutraSafe\ Beta/NutraSafeBeta.xcodeproj
    builtin-precompileModule /Users/aaronkeen/Library/Developer/Xcode/DerivedData/NutraSafeBeta-awyabywlaekrybetqgpbjphfxefs/Build/Intermediates.noindex/ExplicitPrecompiledModules/_time-23Y83JAB1RKCT2T3C61EVXQGS.scan

PrecompileModule /Users/aaronkeen/Library/Developer/Xcode/DerivedData/NutraSafeBeta-awyabywlaekrybetqgpbjphfxefs/Build/Intermediates.noindex/ExplicitPrecompiledModules/_string-34G1MEMTSUWNEJ5458159LKSV.scan
    cd /Users/aaronkeen/Documents/My\ Apps/NutraSafe\ Beta/NutraSafeBeta.xcodeproj
    builtin-precompileModule /Users/aaronkeen/Library/Developer/Xcode/DerivedData/NutraSafeBeta-awyabywlaekrybetqgpbjphfxefs/Build/Intermediates.noindex/ExplicitPrecompiledModules/_string-34G1MEMTSUWNEJ5458159LKSV.scan

PrecompileModule /Users/aaronkeen/Library/Developer/Xcode/DerivedData/NutraSafeBeta-awyabywlaekrybetqgpbjphfxefs/Build/Intermediates.noindex/ExplicitPrecompiledModules/_wctype-DGL4JYDZK24GXF47ISV1R80LS.scan
    cd /Users/aaronkeen/Documents/My\ Apps/NutraSafe\ Beta/NutraSafeBeta.xcodeproj
    builtin-precompileModule /Users/aaronkeen/Library/Developer/Xcode/DerivedData/NutraSafeBeta-awyabywlaekrybetqgpbjphfxefs/Build/Intermediates.noindex/ExplicitPrecompiledModules/_wctype-DGL4JYDZK24GXF47ISV1R80LS.scan

PrecompileModule /Users/aaronkeen/Library/Developer/Xcode/DerivedData/NutraSafeBeta-awyabywlaekrybetqgpbjphfxefs/Build/Intermediates.noindex/ExplicitPrecompiledModules/nl_types-3W6GYJO2QR28XQKJRP27CAXGK.scan
    cd /Users/aaronkeen/Documents/My\ Apps/NutraSafe\ Beta/NutraSafeBeta.xcodeproj
    builtin-precompileModule /Users/aaronkeen/Library/Developer/Xcode/DerivedData/NutraSafeBeta-awyabywlaekrybetqgpbjphfxefs/Build/Intermediates.noindex/ExplicitPrecompiledModules/nl_types-3W6GYJO2QR28XQKJRP27CAXGK.scan

PrecompileModule /Users/aaronkeen/Library/Developer/Xcode/DerivedData/NutraSafeBeta-awyabywlaekrybetqgpbjphfxefs/Build/Intermediates.noindex/ExplicitPrecompiledModules/_stdio-7BZHHYH2NHWUC5Z0RDDFVWBQ7.scan
    cd /Users/aaronkeen/Documents/My\ Apps/NutraSafe\ Beta/NutraSafeBeta.xcodeproj
    builtin-precompileModule /Users/aaronkeen/Library/Developer/Xcode/DerivedData/NutraSafeBeta-awyabywlaekrybetqgpbjphfxefs/Build/Intermediates.noindex/ExplicitPrecompiledModules/_stdio-7BZHHYH2NHWUC5Z0RDDFVWBQ7.scan

PrecompileModule /Users/aaronkeen/Library/Developer/Xcode/DerivedData/NutraSafeBeta-awyabywlaekrybetqgpbjphfxefs/Build/Intermediates.noindex/ExplicitPrecompiledModules/_wctype-1N1HX8ZUNVF98VUMKA470R953.scan
    cd /Users/aaronkeen/Documents/My\ Apps/NutraSafe\ Beta/NutraSafeBeta.xcodeproj
    builtin-precompileModule /Users/aaronkeen/Library/Developer/Xcode/DerivedData/NutraSafeBeta-awyabywlaekrybetqgpbjphfxefs/Build/Intermediates.noindex/ExplicitPrecompiledModules/_wctype-1N1HX8ZUNVF98VUMKA470R953.scan

PrecompileModule /Users/aaronkeen/Library/Developer/Xcode/DerivedData/NutraSafeBeta-awyabywlaekrybetqgpbjphfxefs/Build/Intermediates.noindex/ExplicitPrecompiledModules/_signal-4SN8N1KM3DVM3GD9IHP36WNCD.scan
    cd /Users/aaronkeen/Documents/My\ Apps/NutraSafe\ Beta/NutraSafeBeta.xcodeproj
    builtin-precompileModule /Users/aaronkeen/Library/Developer/Xcode/DerivedData/NutraSafeBeta-awyabywlaekrybetqgpbjphfxefs/Build/Intermediates.noindex/ExplicitPrecompiledModules/_signal-4SN8N1KM3DVM3GD9IHP36WNCD.scan

PrecompileModule /Users/aaronkeen/Library/Developer/Xcode/DerivedData/NutraSafeBeta-awyabywlaekrybetqgpbjphfxefs/Build/Intermediates.noindex/ExplicitPrecompiledModules/_Builtin_inttypes-3JZ2FJSMY8TE53BGL3H26EC20.scan
    cd /Users/aaronkeen/Documents/My\ Apps/NutraSafe\ Beta/NutraSafeBeta.xcodeproj
    builtin-precompileModule /Users/aaronkeen/Library/Developer/Xcode/DerivedData/NutraSafeBeta-awyabywlaekrybetqgpbjphfxefs/Build/Intermediates.noindex/ExplicitPrecompiledModules/_Builtin_inttypes-3JZ2FJSMY8TE53BGL3H26EC20.scan

PrecompileModule /Users/aaronkeen/Library/Developer/Xcode/DerivedData/NutraSafeBeta-awyabywlaekrybetqgpbjphfxefs/Build/Intermediates.noindex/ExplicitPrecompiledModules/sys_time-24MA59T5EJ4FB1MGEG1U64CWV.scan
    cd /Users/aaronkeen/Documents/My\ Apps/NutraSafe\ Beta/NutraSafeBeta.xcodeproj
    builtin-precompileModule /Users/aaronkeen/Library/Developer/Xcode/DerivedData/NutraSafeBeta-awyabywlaekrybetqgpbjphfxefs/Build/Intermediates.noindex/ExplicitPrecompiledModules/sys_time-24MA59T5EJ4FB1MGEG1U64CWV.scan

PrecompileModule /Users/aaronkeen/Library/Developer/Xcode/DerivedData/NutraSafeBeta-awyabywlaekrybetqgpbjphfxefs/Build/Intermediates.noindex/ExplicitPrecompiledModules/_Builtin_inttypes-60WP1H4E0CJVPL27UXTRS716D.scan
    cd /Users/aaronkeen/Documents/My\ Apps/NutraSafe\ Beta/NutraSafeBeta.xcodeproj
    builtin-precompileModule /Users/aaronkeen/Library/Developer/Xcode/DerivedData/NutraSafeBeta-awyabywlaekrybetqgpbjphfxefs/Build/Intermediates.noindex/ExplicitPrecompiledModules/_Builtin_inttypes-60WP1H4E0CJVPL27UXTRS716D.scan

PrecompileModule /Users/aaronkeen/Library/Developer/Xcode/DerivedData/NutraSafeBeta-awyabywlaekrybetqgpbjphfxefs/Build/Intermediates.noindex/ExplicitPrecompiledModules/netinet_in-5HF444NZQ0AKPW8WXQWHIAS9K.scan
    cd /Users/aaronkeen/Documents/My\ Apps/NutraSafe\ Beta/NutraSafeBeta.xcodeproj
    builtin-precompileModule /Users/aaronkeen/Library/Developer/Xcode/DerivedData/NutraSafeBeta-awyabywlaekrybetqgpbjphfxefs/Build/Intermediates.noindex/ExplicitPrecompiledModules/netinet_in-5HF444NZQ0AKPW8WXQWHIAS9K.scan

PrecompileModule /Users/aaronkeen/Library/Developer/Xcode/DerivedData/NutraSafeBeta-awyabywlaekrybetqgpbjphfxefs/Build/Intermediates.noindex/ExplicitPrecompiledModules/gethostuuid-2U3O8GRPRELAB1ZDHDZK6JA7V.scan
    cd /Users/aaronkeen/Documents/My\ Apps/NutraSafe\ Beta/NutraSafeBeta.xcodeproj
    builtin-precompileModule /Users/aaronkeen/Library/Developer/Xcode/DerivedData/NutraSafeBeta-awyabywlaekrybetqgpbjphfxefs/Build/Intermediates.noindex/ExplicitPrecompiledModules/gethostuuid-2U3O8GRPRELAB1ZDHDZK6JA7V.scan

PrecompileModule /Users/aaronkeen/Library/Developer/Xcode/DerivedData/NutraSafeBeta-awyabywlaekrybetqgpbjphfxefs/Build/Intermediates.noindex/ExplicitPrecompiledModules/_Builtin_stdatomic-BNG279QY7M0OHAW7F6FU48U5Z.scan
    cd /Users/aaronkeen/Documents/My\ Apps/NutraSafe\ Beta/NutraSafeBeta.xcodeproj
    builtin-precompileModule /Users/aaronkeen/Library/Developer/Xcode/DerivedData/NutraSafeBeta-awyabywlaekrybetqgpbjphfxefs/Build/Intermediates.noindex/ExplicitPrecompiledModules/_Builtin_stdatomic-BNG279QY7M0OHAW7F6FU48U5Z.scan

SwiftCompile normal arm64 Compiling\ StartMFAEnrollmentResponse.swift,\ FinalizeMFASignInRequest.swift,\ FinalizeMFASignInResponse.swift,\ StartMFASignInRequest.swift,\ StartMFASignInResponse.swift,\ WithdrawMFARequest.swift,\ WithdrawMFAResponse.swift,\ AuthProto.swift,\ AuthProtoMFAEnrollment.swift,\ AuthProtoFinalizeMFAPhoneRequestInfo.swift /Users/aaronkeen/Library/Developer/Xcode/DerivedData/NutraSafeBeta-awyabywlaekrybetqgpbjphfxefs/SourcePackages/checkouts/firebase-ios-sdk/FirebaseAuth/Sources/Swift/Backend/RPC/MultiFactor/Enroll/StartMFAEnrollmentResponse.swift /Users/aaronkeen/Library/Developer/Xcode/DerivedData/NutraSafeBeta-awyabywlaekrybetqgpbjphfxefs/SourcePackages/checkouts/firebase-ios-sdk/FirebaseAuth/Sources/Swift/Backend/RPC/MultiFactor/SignIn/FinalizeMFASignInRequest.swift /Users/aaronkeen/Library/Developer/Xcode/DerivedData/NutraSafeBeta-awyabywlaekrybetqgpbjphfxefs/SourcePackages/checkouts/firebase-ios-sdk/FirebaseAuth/Sources/Swift/Backend/RPC/MultiFactor/SignIn/FinalizeMFASignInResponse.swift /Users/aaronkeen/Library/Developer/Xcode/DerivedData/NutraSafeBeta-awyabywlaekrybetqgpbjphfxefs/SourcePackages/checkouts/firebase-ios-sdk/FirebaseAuth/Sources/Swift/Backend/RPC/MultiFactor/SignIn/StartMFASignInRequest.swift /Users/aaronkeen/Library/Developer/Xcode/DerivedData/NutraSafeBeta-awyabywlaekrybetqgpbjphfxefs/SourcePackages/checkouts/firebase-ios-sdk/FirebaseAuth/Sources/Swift/Backend/RPC/MultiFactor/SignIn/StartMFASignInResponse.swift /Users/aaronkeen/Library/Developer/Xcode/DerivedData/NutraSafeBeta-awyabywlaekrybetqgpbjphfxefs/SourcePackages/checkouts/firebase-ios-sdk/FirebaseAuth/Sources/Swift/Backend/RPC/MultiFactor/Unenroll/WithdrawMFARequest.swift /Users/aaronkeen/Library/Developer/Xcode/DerivedData/NutraSafeBeta-awyabywlaekrybetqgpbjphfxefs/SourcePackages/checkouts/firebase-ios-sdk/FirebaseAuth/Sources/Swift/Backend/RPC/MultiFactor/Unenroll/WithdrawMFAResponse.swift /Users/aaronkeen/Library/Developer/Xcode/DerivedData/NutraSafeBeta-awyabywlaekrybetqgpbjphfxefs/SourcePackages/checkouts/firebase-ios-sdk/FirebaseAuth/Sources/Swift/Backend/RPC/Proto/AuthProto.swift /Users/aaronkeen/Library/Developer/Xcode/DerivedData/NutraSafeBeta-awyabywlaekrybetqgpbjphfxefs/SourcePackages/checkouts/firebase-ios-sdk/FirebaseAuth/Sources/Swift/Backend/RPC/Proto/AuthProtoMFAEnrollment.swift /Users/aaronkeen/Library/Developer/Xcode/DerivedData/NutraSafeBeta-awyabywlaekrybetqgpbjphfxefs/SourcePackages/checkouts/firebase-ios-sdk/FirebaseAuth/Sources/Swift/Backend/RPC/Proto/Phone/AuthProtoFinalizeMFAPhoneRequestInfo.swift (in target 'FirebaseAuth' from project 'Firebase')

SwiftCompile normal arm64 /Users/aaronkeen/Library/Developer/Xcode/DerivedData/NutraSafeBeta-awyabywlaekrybetqgpbjphfxefs/SourcePackages/checkouts/firebase-ios-sdk/FirebaseAuth/Sources/Swift/Backend/RPC/MultiFactor/Enroll/StartMFAEnrollmentResponse.swift (in target 'FirebaseAuth' from project 'Firebase')
    cd /Users/aaronkeen/Documents/My\ Apps/NutraSafe\ Beta/NutraSafeBeta.xcodeproj
    

SwiftCompile normal arm64 /Users/aaronkeen/Library/Developer/Xcode/DerivedData/NutraSafeBeta-awyabywlaekrybetqgpbjphfxefs/SourcePackages/checkouts/firebase-ios-sdk/FirebaseAuth/Sources/Swift/Backend/RPC/MultiFactor/SignIn/FinalizeMFASignInRequest.swift (in target 'FirebaseAuth' from project 'Firebase')
    cd /Users/aaronkeen/Documents/My\ Apps/NutraSafe\ Beta/NutraSafeBeta.xcodeproj
    

SwiftCompile normal arm64 /Users/aaronkeen/Library/Developer/Xcode/DerivedData/NutraSafeBeta-awyabywlaekrybetqgpbjphfxefs/SourcePackages/checkouts/firebase-ios-sdk/FirebaseAuth/Sources/Swift/Backend/RPC/MultiFactor/SignIn/FinalizeMFASignInResponse.swift (in target 'FirebaseAuth' from project 'Firebase')
    cd /Users/aaronkeen/Documents/My\ Apps/NutraSafe\ Beta/NutraSafeBeta.xcodeproj
    

SwiftCompile normal arm64 /Users/aaronkeen/Library/Developer/Xcode/DerivedData/NutraSafeBeta-awyabywlaekrybetqgpbjphfxefs/SourcePackages/checkouts/firebase-ios-sdk/FirebaseAuth/Sources/Swift/Backend/RPC/MultiFactor/SignIn/StartMFASignInRequest.swift (in target 'FirebaseAuth' from project 'Firebase')
    cd /Users/aaronkeen/Documents/My\ Apps/NutraSafe\ Beta/NutraSafeBeta.xcodeproj
    

SwiftCompile normal arm64 /Users/aaronkeen/Library/Developer/Xcode/DerivedData/NutraSafeBeta-awyabywlaekrybetqgpbjphfxefs/SourcePackages/checkouts/firebase-ios-sdk/FirebaseAuth/Sources/Swift/Backend/RPC/MultiFactor/SignIn/StartMFASignInResponse.swift (in target 'FirebaseAuth' from project 'Firebase')
    cd /Users/aaronkeen/Documents/My\ Apps/NutraSafe\ Beta/NutraSafeBeta.xcodeproj
    

SwiftCompile normal arm64 /Users/aaronkeen/Library/Developer/Xcode/DerivedData/NutraSafeBeta-awyabywlaekrybetqgpbjphfxefs/SourcePackages/checkouts/firebase-ios-sdk/FirebaseAuth/Sources/Swift/Backend/RPC/MultiFactor/Unenroll/WithdrawMFARequest.swift (in target 'FirebaseAuth' from project 'Firebase')
    cd /Users/aaronkeen/Documents/My\ Apps/NutraSafe\ Beta/NutraSafeBeta.xcodeproj
    

SwiftCompile normal arm64 /Users/aaronkeen/Library/Developer/Xcode/DerivedData/NutraSafeBeta-awyabywlaekrybetqgpbjphfxefs/SourcePackages/checkouts/firebase-ios-sdk/FirebaseAuth/Sources/Swift/Backend/RPC/MultiFactor/Unenroll/WithdrawMFAResponse.swift (in target 'FirebaseAuth' from project 'Firebase')
    cd /Users/aaronkeen/Documents/My\ Apps/NutraSafe\ Beta/NutraSafeBeta.xcodeproj
    

SwiftCompile normal arm64 /Users/aaronkeen/Library/Developer/Xcode/DerivedData/NutraSafeBeta-awyabywlaekrybetqgpbjphfxefs/SourcePackages/checkouts/firebase-ios-sdk/FirebaseAuth/Sources/Swift/Backend/RPC/Proto/AuthProto.swift (in target 'FirebaseAuth' from project 'Firebase')
    cd /Users/aaronkeen/Documents/My\ Apps/NutraSafe\ Beta/NutraSafeBeta.xcodeproj
    

SwiftCompile normal arm64 /Users/aaronkeen/Library/Developer/Xcode/DerivedData/NutraSafeBeta-awyabywlaekrybetqgpbjphfxefs/SourcePackages/checkouts/firebase-ios-sdk/FirebaseAuth/Sources/Swift/Backend/RPC/Proto/AuthProtoMFAEnrollment.swift (in target 'FirebaseAuth' from project 'Firebase')
    cd /Users/aaronkeen/Documents/My\ Apps/NutraSafe\ Beta/NutraSafeBeta.xcodeproj
    

SwiftCompile normal arm64 /Users/aaronkeen/Library/Developer/Xcode/DerivedData/NutraSafeBeta-awyabywlaekrybetqgpbjphfxefs/SourcePackages/checkouts/firebase-ios-sdk/FirebaseAuth/Sources/Swift/Backend/RPC/Proto/Phone/AuthProtoFinalizeMFAPhoneRequestInfo.swift (in target 'FirebaseAuth' from project 'Firebase')
    cd /Users/aaronkeen/Documents/My\ Apps/NutraSafe\ Beta/NutraSafeBeta.xcodeproj
    

SwiftCompile normal arm64 Compiling\ resource_bundle_accessor.swift,\ ActionCodeInfo.swift,\ ActionCodeOperation.swift,\ ActionCodeSettings.swift,\ ActionCodeURL.swift,\ Auth.swift,\ AuthComponent.swift,\ AuthDataResult.swift,\ AuthDispatcher.swift,\ AuthGlobalWorkQueue.swift /Users/aaronkeen/Library/Developer/Xcode/DerivedData/NutraSafeBeta-awyabywlaekrybetqgpbjphfxefs/Build/Intermediates.noindex/Firebase.build/Debug-iphonesimulator/FirebaseAuth.build/DerivedSources/resource_bundle_accessor.swift /Users/aaronkeen/Library/Developer/Xcode/DerivedData/NutraSafeBeta-awyabywlaekrybetqgpbjphfxefs/SourcePackages/checkouts/firebase-ios-sdk/FirebaseAuth/Sources/Swift/ActionCode/ActionCodeInfo.swift /Users/aaronkeen/Library/Developer/Xcode/DerivedData/NutraSafeBeta-awyabywlaekrybetqgpbjphfxefs/SourcePackages/checkouts/firebase-ios-sdk/FirebaseAuth/Sources/Swift/ActionCode/ActionCodeOperation.swift /Users/aaronkeen/Library/Developer/Xcode/DerivedData/NutraSafeBeta-awyabywlaekrybetqgpbjphfxefs/SourcePackages/checkouts/firebase-ios-sdk/FirebaseAuth/Sources/Swift/ActionCode/ActionCodeSettings.swift /Users/aaronkeen/Library/Developer/Xcode/DerivedData/NutraSafeBeta-awyabywlaekrybetqgpbjphfxefs/SourcePackages/checkouts/firebase-ios-sdk/FirebaseAuth/Sources/Swift/ActionCode/ActionCodeURL.swift /Users/aaronkeen/Library/Developer/Xcode/DerivedData/NutraSafeBeta-awyabywlaekrybetqgpbjphfxefs/SourcePackages/checkouts/firebase-ios-sdk/FirebaseAuth/Sources/Swift/Auth/Auth.swift /Users/aaronkeen/Library/Developer/Xcode/DerivedData/NutraSafeBeta-awyabywlaekrybetqgpbjphfxefs/SourcePackages/checkouts/firebase-ios-sdk/FirebaseAuth/Sources/Swift/Auth/AuthComponent.swift /Users/aaronkeen/Library/Developer/Xcode/DerivedData/NutraSafeBeta-awyabywlaekrybetqgpbjphfxefs/SourcePackages/checkouts/firebase-ios-sdk/FirebaseAuth/Sources/Swift/Auth/AuthDataResult.swift /Users/aaronkeen/Library/Developer/Xcode/DerivedData/NutraSafeBeta-awyabywlaekrybetqgpbjphfxefs/SourcePackages/checkouts/firebase-ios-sdk/FirebaseAuth/Sources/Swift/Auth/AuthDispatcher.swift /Users/aaronkeen/Library/Developer/Xcode/DerivedData/NutraSafeBeta-awyabywlaekrybetqgpbjphfxefs/SourcePackages/checkouts/firebase-ios-sdk/FirebaseAuth/Sources/Swift/Auth/AuthGlobalWorkQueue.swift (in target 'FirebaseAuth' from project 'Firebase')
SwiftCompile normal arm64 /Users/aaronkeen/Library/Developer/Xcode/DerivedData/NutraSafeBeta-awyabywlaekrybetqgpbjphfxefs/Build/Intermediates.noindex/Firebase.build/Debug-iphonesimulator/FirebaseAuth.build/DerivedSources/resource_bundle_accessor.swift (in target 'FirebaseAuth' from project 'Firebase')
    cd /Users/aaronkeen/Documents/My\ Apps/NutraSafe\ Beta/NutraSafeBeta.xcodeproj
    

SwiftCompile normal arm64 /Users/aaronkeen/Library/Developer/Xcode/DerivedData/NutraSafeBeta-awyabywlaekrybetqgpbjphfxefs/SourcePackages/checkouts/firebase-ios-sdk/FirebaseAuth/Sources/Swift/ActionCode/ActionCodeInfo.swift (in target 'FirebaseAuth' from project 'Firebase')
    cd /Users/aaronkeen/Documents/My\ Apps/NutraSafe\ Beta/NutraSafeBeta.xcodeproj
    

SwiftCompile normal arm64 /Users/aaronkeen/Library/Developer/Xcode/DerivedData/NutraSafeBeta-awyabywlaekrybetqgpbjphfxefs/SourcePackages/checkouts/firebase-ios-sdk/FirebaseAuth/Sources/Swift/ActionCode/ActionCodeOperation.swift (in target 'FirebaseAuth' from project 'Firebase')
    cd /Users/aaronkeen/Documents/My\ Apps/NutraSafe\ Beta/NutraSafeBeta.xcodeproj
    

SwiftCompile normal arm64 /Users/aaronkeen/Library/Developer/Xcode/DerivedData/NutraSafeBeta-awyabywlaekrybetqgpbjphfxefs/SourcePackages/checkouts/firebase-ios-sdk/FirebaseAuth/Sources/Swift/ActionCode/ActionCodeSettings.swift (in target 'FirebaseAuth' from project 'Firebase')
    cd /Users/aaronkeen/Documents/My\ Apps/NutraSafe\ Beta/NutraSafeBeta.xcodeproj
    

SwiftCompile normal arm64 /Users/aaronkeen/Library/Developer/Xcode/DerivedData/NutraSafeBeta-awyabywlaekrybetqgpbjphfxefs/SourcePackages/checkouts/firebase-ios-sdk/FirebaseAuth/Sources/Swift/ActionCode/ActionCodeURL.swift (in target 'FirebaseAuth' from project 'Firebase')
    cd /Users/aaronkeen/Documents/My\ Apps/NutraSafe\ Beta/NutraSafeBeta.xcodeproj
    

SwiftCompile normal arm64 /Users/aaronkeen/Library/Developer/Xcode/DerivedData/NutraSafeBeta-awyabywlaekrybetqgpbjphfxefs/SourcePackages/checkouts/firebase-ios-sdk/FirebaseAuth/Sources/Swift/Auth/Auth.swift (in target 'FirebaseAuth' from project 'Firebase')
    cd /Users/aaronkeen/Documents/My\ Apps/NutraSafe\ Beta/NutraSafeBeta.xcodeproj
    

SwiftCompile normal arm64 /Users/aaronkeen/Library/Developer/Xcode/DerivedData/NutraSafeBeta-awyabywlaekrybetqgpbjphfxefs/SourcePackages/checkouts/firebase-ios-sdk/FirebaseAuth/Sources/Swift/Auth/AuthComponent.swift (in target 'FirebaseAuth' from project 'Firebase')
    cd /Users/aaronkeen/Documents/My\ Apps/NutraSafe\ Beta/NutraSafeBeta.xcodeproj
    

SwiftCompile normal arm64 /Users/aaronkeen/Library/Developer/Xcode/DerivedData/NutraSafeBeta-awyabywlaekrybetqgpbjphfxefs/SourcePackages/checkouts/firebase-ios-sdk/FirebaseAuth/Sources/Swift/Auth/AuthDataResult.swift (in target 'FirebaseAuth' from project 'Firebase')
    cd /Users/aaronkeen/Documents/My\ Apps/NutraSafe\ Beta/NutraSafeBeta.xcodeproj
    

SwiftCompile normal arm64 /Users/aaronkeen/Library/Developer/Xcode/DerivedData/NutraSafeBeta-awyabywlaekrybetqgpbjphfxefs/SourcePackages/checkouts/firebase-ios-sdk/FirebaseAuth/Sources/Swift/Auth/AuthDispatcher.swift (in target 'FirebaseAuth' from project 'Firebase')
    cd /Users/aaronkeen/Documents/My\ Apps/NutraSafe\ Beta/NutraSafeBeta.xcodeproj
    

SwiftCompile normal arm64 /Users/aaronkeen/Library/Developer/Xcode/DerivedData/NutraSafeBeta-awyabywlaekrybetqgpbjphfxefs/SourcePackages/checkouts/firebase-ios-sdk/FirebaseAuth/Sources/Swift/Auth/AuthGlobalWorkQueue.swift (in target 'FirebaseAuth' from project 'Firebase')
    cd /Users/aaronkeen/Documents/My\ Apps/NutraSafe\ Beta/NutraSafeBeta.xcodeproj
    

Ld /Users/aaronkeen/Library/Developer/Xcode/DerivedData/NutraSafeBeta-awyabywlaekrybetqgpbjphfxefs/Build/Products/Debug-iphonesimulator/FirebaseCoreExtension.o normal (in target 'FirebaseCoreExtension' from project 'Firebase')
    cd /Users/aaronkeen/Library/Developer/Xcode/DerivedData/NutraSafeBeta-awyabywlaekrybetqgpbjphfxefs/SourcePackages/checkouts/firebase-ios-sdk
    /Applications/Xcode.app/Contents/Developer/Toolchains/XcodeDefault.xctoolchain/usr/bin/clang -Xlinker -reproducible -target arm64-apple-ios15.0-simulator -r -isysroot /Applications/Xcode.app/Contents/Developer/Platforms/iPhoneSimulator.platform/Developer/SDKs/iPhoneSimulator18.5.sdk -O0 -w -L/Users/aaronkeen/Library/Developer/Xcode/DerivedData/NutraSafeBeta-awyabywlaekrybetqgpbjphfxefs/Build/Intermediates.noindex/EagerLinkingTBDs/Debug-iphonesimulator -L/Users/aaronkeen/Library/Developer/Xcode/DerivedData/NutraSafeBeta-awyabywlaekrybetqgpbjphfxefs/Build/Products/Debug-iphonesimulator -L/Applications/Xcode.app/Contents/Developer/Platforms/iPhoneSimulator.platform/Developer/usr/lib -F/Users/aaronkeen/Library/Developer/Xcode/DerivedData/NutraSafeBeta-awyabywlaekrybetqgpbjphfxefs/Build/Intermediates.noindex/EagerLinkingTBDs/Debug-iphonesimulator -F/Users/aaronkeen/Library/Developer/Xcode/DerivedData/NutraSafeBeta-awyabywlaekrybetqgpbjphfxefs/Build/Products/Debug-iphonesimulator -iframework /Applications/Xcode.app/Contents/Developer/Platforms/iPhoneSimulator.platform/Developer/Library/Frameworks -iframework /Applications/Xcode.app/Contents/Developer/Platforms/iPhoneSimulator.platform/Developer/SDKs/iPhoneSimulator18.5.sdk/Developer/Library/Frameworks -filelist /Users/aaronkeen/Library/Developer/Xcode/DerivedData/NutraSafeBeta-awyabywlaekrybetqgpbjphfxefs/Build/Intermediates.noindex/Firebase.build/Debug-iphonesimulator/FirebaseCoreExtension.build/Objects-normal/arm64/FirebaseCoreExtension.LinkFileList -nostdlib -Xlinker -object_path_lto -Xlinker /Users/aaronkeen/Library/Developer/Xcode/DerivedData/NutraSafeBeta-awyabywlaekrybetqgpbjphfxefs/Build/Intermediates.noindex/Firebase.build/Debug-iphonesimulator/FirebaseCoreExtension.build/Objects-normal/arm64/FirebaseCoreExtension_lto.o -rdynamic -Xlinker -no_deduplicate -Xlinker -objc_abi_version -Xlinker 2 -Xlinker -dependency_info -Xlinker /Users/aaronkeen/Library/Developer/Xcode/DerivedData/NutraSafeBeta-awyabywlaekrybetqgpbjphfxefs/Build/Intermediates.noindex/Firebase.build/Debug-iphonesimulator/FirebaseCoreExtension.build/Objects-normal/arm64/FirebaseCoreExtension_dependency_info.dat -fobjc-arc -fobjc-link-runtime -o /Users/aaronkeen/Library/Developer/Xcode/DerivedData/NutraSafeBeta-awyabywlaekrybetqgpbjphfxefs/Build/Products/Debug-iphonesimulator/FirebaseCoreExtension.o

PrecompileModule /Users/aaronkeen/Library/Developer/Xcode/DerivedData/NutraSafeBeta-awyabywlaekrybetqgpbjphfxefs/Build/Intermediates.noindex/ExplicitPrecompiledModules/_wchar-EQBX501HG80KWN1WDZXRCKC2P.scan
    cd /Users/aaronkeen/Documents/My\ Apps/NutraSafe\ Beta/NutraSafeBeta.xcodeproj
    builtin-precompileModule /Users/aaronkeen/Library/Developer/Xcode/DerivedData/NutraSafeBeta-awyabywlaekrybetqgpbjphfxefs/Build/Intermediates.noindex/ExplicitPrecompiledModules/_wchar-EQBX501HG80KWN1WDZXRCKC2P.scan

PrecompileModule /Users/aaronkeen/Library/Developer/Xcode/DerivedData/NutraSafeBeta-awyabywlaekrybetqgpbjphfxefs/Build/Intermediates.noindex/ExplicitPrecompiledModules/pthread-5T7FLJ110ADWQ8DMBM36FIMDO.scan
    cd /Users/aaronkeen/Documents/My\ Apps/NutraSafe\ Beta/NutraSafeBeta.xcodeproj
    builtin-precompileModule /Users/aaronkeen/Library/Developer/Xcode/DerivedData/NutraSafeBeta-awyabywlaekrybetqgpbjphfxefs/Build/Intermediates.noindex/ExplicitPrecompiledModules/pthread-5T7FLJ110ADWQ8DMBM36FIMDO.scan

PrecompileModule /Users/aaronkeen/Library/Developer/Xcode/DerivedData/NutraSafeBeta-awyabywlaekrybetqgpbjphfxefs/Build/Intermediates.noindex/ExplicitPrecompiledModules/sys_select-8KWC29IX5YUAOA14LRMJH2EYN.scan
    cd /Users/aaronkeen/Documents/My\ Apps/NutraSafe\ Beta/NutraSafeBeta.xcodeproj
    builtin-precompileModule /Users/aaronkeen/Library/Developer/Xcode/DerivedData/NutraSafeBeta-awyabywlaekrybetqgpbjphfxefs/Build/Intermediates.noindex/ExplicitPrecompiledModules/sys_select-8KWC29IX5YUAOA14LRMJH2EYN.scan

PrecompileModule /Users/aaronkeen/Library/Developer/Xcode/DerivedData/NutraSafeBeta-awyabywlaekrybetqgpbjphfxefs/Build/Intermediates.noindex/ExplicitPrecompiledModules/sys_resource-97MX7SU9WO3S9XZAY8TSQO0KT.scan
    cd /Users/aaronkeen/Documents/My\ Apps/NutraSafe\ Beta/NutraSafeBeta.xcodeproj
    builtin-precompileModule /Users/aaronkeen/Library/Developer/Xcode/DerivedData/NutraSafeBeta-awyabywlaekrybetqgpbjphfxefs/Build/Intermediates.noindex/ExplicitPrecompiledModules/sys_resource-97MX7SU9WO3S9XZAY8TSQO0KT.scan

PrecompileModule /Users/aaronkeen/Library/Developer/Xcode/DerivedData/NutraSafeBeta-awyabywlaekrybetqgpbjphfxefs/Build/Intermediates.noindex/ExplicitPrecompiledModules/sys_types-EPUVNUOFSRQ70V3J4QGD44Y8Z.scan
    cd /Users/aaronkeen/Documents/My\ Apps/NutraSafe\ Beta/NutraSafeBeta.xcodeproj
    builtin-precompileModule /Users/aaronkeen/Library/Developer/Xcode/DerivedData/NutraSafeBeta-awyabywlaekrybetqgpbjphfxefs/Build/Intermediates.noindex/ExplicitPrecompiledModules/sys_types-EPUVNUOFSRQ70V3J4QGD44Y8Z.scan

SwiftCompile normal arm64 Compiling\ GoogleAuthProvider.swift,\ OAuthCredential.swift,\ OAuthProvider.swift,\ PhoneAuthCredential.swift,\ PhoneAuthProvider.swift,\ TwitterAuthProvider.swift,\ AuthBackend.swift,\ AuthBackendRPCIssuer.swift,\ AuthRPCRequest.swift,\ AuthRPCResponse.swift /Users/aaronkeen/Library/Developer/Xcode/DerivedData/NutraSafeBeta-awyabywlaekrybetqgpbjphfxefs/SourcePackages/checkouts/firebase-ios-sdk/FirebaseAuth/Sources/Swift/AuthProvider/GoogleAuthProvider.swift /Users/aaronkeen/Library/Developer/Xcode/DerivedData/NutraSafeBeta-awyabywlaekrybetqgpbjphfxefs/SourcePackages/checkouts/firebase-ios-sdk/FirebaseAuth/Sources/Swift/AuthProvider/OAuthCredential.swift /Users/aaronkeen/Library/Developer/Xcode/DerivedData/NutraSafeBeta-awyabywlaekrybetqgpbjphfxefs/SourcePackages/checkouts/firebase-ios-sdk/FirebaseAuth/Sources/Swift/AuthProvider/OAuthProvider.swift /Users/aaronkeen/Library/Developer/Xcode/DerivedData/NutraSafeBeta-awyabywlaekrybetqgpbjphfxefs/SourcePackages/checkouts/firebase-ios-sdk/FirebaseAuth/Sources/Swift/AuthProvider/PhoneAuthCredential.swift /Users/aaronkeen/Library/Developer/Xcode/DerivedData/NutraSafeBeta-awyabywlaekrybetqgpbjphfxefs/SourcePackages/checkouts/firebase-ios-sdk/FirebaseAuth/Sources/Swift/AuthProvider/PhoneAuthProvider.swift /Users/aaronkeen/Library/Developer/Xcode/DerivedData/NutraSafeBeta-awyabywlaekrybetqgpbjphfxefs/SourcePackages/checkouts/firebase-ios-sdk/FirebaseAuth/Sources/Swift/AuthProvider/TwitterAuthProvider.swift /Users/aaronkeen/Library/Developer/Xcode/DerivedData/NutraSafeBeta-awyabywlaekrybetqgpbjphfxefs/SourcePackages/checkouts/firebase-ios-sdk/FirebaseAuth/Sources/Swift/Backend/AuthBackend.swift /Users/aaronkeen/Library/Developer/Xcode/DerivedData/NutraSafeBeta-awyabywlaekrybetqgpbjphfxefs/SourcePackages/checkouts/firebase-ios-sdk/FirebaseAuth/Sources/Swift/Backend/AuthBackendRPCIssuer.swift /Users/aaronkeen/Library/Developer/Xcode/DerivedData/NutraSafeBeta-awyabywlaekrybetqgpbjphfxefs/SourcePackages/checkouts/firebase-ios-sdk/FirebaseAuth/Sources/Swift/Backend/AuthRPCRequest.swift /Users/aaronkeen/Library/Developer/Xcode/DerivedData/NutraSafeBeta-awyabywlaekrybetqgpbjphfxefs/SourcePackages/checkouts/firebase-ios-sdk/FirebaseAuth/Sources/Swift/Backend/AuthRPCResponse.swift (in target 'FirebaseAuth' from project 'Firebase')

SwiftCompile normal arm64 /Users/aaronkeen/Library/Developer/Xcode/DerivedData/NutraSafeBeta-awyabywlaekrybetqgpbjphfxefs/SourcePackages/checkouts/firebase-ios-sdk/FirebaseAuth/Sources/Swift/AuthProvider/GoogleAuthProvider.swift (in target 'FirebaseAuth' from project 'Firebase')
    cd /Users/aaronkeen/Documents/My\ Apps/NutraSafe\ Beta/NutraSafeBeta.xcodeproj
    

SwiftCompile normal arm64 /Users/aaronkeen/Library/Developer/Xcode/DerivedData/NutraSafeBeta-awyabywlaekrybetqgpbjphfxefs/SourcePackages/checkouts/firebase-ios-sdk/FirebaseAuth/Sources/Swift/AuthProvider/OAuthCredential.swift (in target 'FirebaseAuth' from project 'Firebase')
    cd /Users/aaronkeen/Documents/My\ Apps/NutraSafe\ Beta/NutraSafeBeta.xcodeproj
    

SwiftCompile normal arm64 /Users/aaronkeen/Library/Developer/Xcode/DerivedData/NutraSafeBeta-awyabywlaekrybetqgpbjphfxefs/SourcePackages/checkouts/firebase-ios-sdk/FirebaseAuth/Sources/Swift/AuthProvider/OAuthProvider.swift (in target 'FirebaseAuth' from project 'Firebase')
    cd /Users/aaronkeen/Documents/My\ Apps/NutraSafe\ Beta/NutraSafeBeta.xcodeproj
    

SwiftCompile normal arm64 /Users/aaronkeen/Library/Developer/Xcode/DerivedData/NutraSafeBeta-awyabywlaekrybetqgpbjphfxefs/SourcePackages/checkouts/firebase-ios-sdk/FirebaseAuth/Sources/Swift/AuthProvider/PhoneAuthCredential.swift (in target 'FirebaseAuth' from project 'Firebase')
    cd /Users/aaronkeen/Documents/My\ Apps/NutraSafe\ Beta/NutraSafeBeta.xcodeproj
    

SwiftCompile normal arm64 /Users/aaronkeen/Library/Developer/Xcode/DerivedData/NutraSafeBeta-awyabywlaekrybetqgpbjphfxefs/SourcePackages/checkouts/firebase-ios-sdk/FirebaseAuth/Sources/Swift/AuthProvider/PhoneAuthProvider.swift (in target 'FirebaseAuth' from project 'Firebase')
    cd /Users/aaronkeen/Documents/My\ Apps/NutraSafe\ Beta/NutraSafeBeta.xcodeproj
    

SwiftCompile normal arm64 /Users/aaronkeen/Library/Developer/Xcode/DerivedData/NutraSafeBeta-awyabywlaekrybetqgpbjphfxefs/SourcePackages/checkouts/firebase-ios-sdk/FirebaseAuth/Sources/Swift/AuthProvider/TwitterAuthProvider.swift (in target 'FirebaseAuth' from project 'Firebase')
    cd /Users/aaronkeen/Documents/My\ Apps/NutraSafe\ Beta/NutraSafeBeta.xcodeproj
    

SwiftCompile normal arm64 /Users/aaronkeen/Library/Developer/Xcode/DerivedData/NutraSafeBeta-awyabywlaekrybetqgpbjphfxefs/SourcePackages/checkouts/firebase-ios-sdk/FirebaseAuth/Sources/Swift/Backend/AuthBackend.swift (in target 'FirebaseAuth' from project 'Firebase')
    cd /Users/aaronkeen/Documents/My\ Apps/NutraSafe\ Beta/NutraSafeBeta.xcodeproj
    

SwiftCompile normal arm64 /Users/aaronkeen/Library/Developer/Xcode/DerivedData/NutraSafeBeta-awyabywlaekrybetqgpbjphfxefs/SourcePackages/checkouts/firebase-ios-sdk/FirebaseAuth/Sources/Swift/Backend/AuthBackendRPCIssuer.swift (in target 'FirebaseAuth' from project 'Firebase')
    cd /Users/aaronkeen/Documents/My\ Apps/NutraSafe\ Beta/NutraSafeBeta.xcodeproj
    

SwiftCompile normal arm64 /Users/aaronkeen/Library/Developer/Xcode/DerivedData/NutraSafeBeta-awyabywlaekrybetqgpbjphfxefs/SourcePackages/checkouts/firebase-ios-sdk/FirebaseAuth/Sources/Swift/Backend/AuthRPCRequest.swift (in target 'FirebaseAuth' from project 'Firebase')
    cd /Users/aaronkeen/Documents/My\ Apps/NutraSafe\ Beta/NutraSafeBeta.xcodeproj
    

SwiftCompile normal arm64 /Users/aaronkeen/Library/Developer/Xcode/DerivedData/NutraSafeBeta-awyabywlaekrybetqgpbjphfxefs/SourcePackages/checkouts/firebase-ios-sdk/FirebaseAuth/Sources/Swift/Backend/AuthRPCResponse.swift (in target 'FirebaseAuth' from project 'Firebase')
    cd /Users/aaronkeen/Documents/My\ Apps/NutraSafe\ Beta/NutraSafeBeta.xcodeproj
    

SwiftCompile normal arm64 Compiling\ SignUpNewUserRequest.swift,\ SignUpNewUserResponse.swift,\ VerifyAssertionRequest.swift,\ VerifyAssertionResponse.swift,\ VerifyCustomTokenRequest.swift,\ VerifyCustomTokenResponse.swift,\ VerifyPasswordRequest.swift,\ VerifyPasswordResponse.swift,\ VerifyPhoneNumberRequest.swift,\ VerifyPhoneNumberResponse.swift /Users/aaronkeen/Library/Developer/Xcode/DerivedData/NutraSafeBeta-awyabywlaekrybetqgpbjphfxefs/SourcePackages/checkouts/firebase-ios-sdk/FirebaseAuth/Sources/Swift/Backend/RPC/SignUpNewUserRequest.swift /Users/aaronkeen/Library/Developer/Xcode/DerivedData/NutraSafeBeta-awyabywlaekrybetqgpbjphfxefs/SourcePackages/checkouts/firebase-ios-sdk/FirebaseAuth/Sources/Swift/Backend/RPC/SignUpNewUserResponse.swift /Users/aaronkeen/Library/Developer/Xcode/DerivedData/NutraSafeBeta-awyabywlaekrybetqgpbjphfxefs/SourcePackages/checkouts/firebase-ios-sdk/FirebaseAuth/Sources/Swift/Backend/RPC/VerifyAssertionRequest.swift /Users/aaronkeen/Library/Developer/Xcode/DerivedData/NutraSafeBeta-awyabywlaekrybetqgpbjphfxefs/SourcePackages/checkouts/firebase-ios-sdk/FirebaseAuth/Sources/Swift/Backend/RPC/VerifyAssertionResponse.swift /Users/aaronkeen/Library/Developer/Xcode/DerivedData/NutraSafeBeta-awyabywlaekrybetqgpbjphfxefs/SourcePackages/checkouts/firebase-ios-sdk/FirebaseAuth/Sources/Swift/Backend/RPC/VerifyCustomTokenRequest.swift /Users/aaronkeen/Library/Developer/Xcode/DerivedData/NutraSafeBeta-awyabywlaekrybetqgpbjphfxefs/SourcePackages/checkouts/firebase-ios-sdk/FirebaseAuth/Sources/Swift/Backend/RPC/VerifyCustomTokenResponse.swift /Users/aaronkeen/Library/Developer/Xcode/DerivedData/NutraSafeBeta-awyabywlaekrybetqgpbjphfxefs/SourcePackages/checkouts/firebase-ios-sdk/FirebaseAuth/Sources/Swift/Backend/RPC/VerifyPasswordRequest.swift /Users/aaronkeen/Library/Developer/Xcode/DerivedData/NutraSafeBeta-awyabywlaekrybetqgpbjphfxefs/SourcePackages/checkouts/firebase-ios-sdk/FirebaseAuth/Sources/Swift/Backend/RPC/VerifyPasswordResponse.swift /Users/aaronkeen/Library/Developer/Xcode/DerivedData/NutraSafeBeta-awyabywlaekrybetqgpbjphfxefs/SourcePackages/checkouts/firebase-ios-sdk/FirebaseAuth/Sources/Swift/Backend/RPC/VerifyPhoneNumberRequest.swift /Users/aaronkeen/Library/Developer/Xcode/DerivedData/NutraSafeBeta-awyabywlaekrybetqgpbjphfxefs/SourcePackages/checkouts/firebase-ios-sdk/FirebaseAuth/Sources/Swift/Backend/RPC/VerifyPhoneNumberResponse.swift (in target 'FirebaseAuth' from project 'Firebase')

SwiftCompile normal arm64 /Users/aaronkeen/Library/Developer/Xcode/DerivedData/NutraSafeBeta-awyabywlaekrybetqgpbjphfxefs/SourcePackages/checkouts/firebase-ios-sdk/FirebaseAuth/Sources/Swift/Backend/RPC/SignUpNewUserRequest.swift (in target 'FirebaseAuth' from project 'Firebase')
    cd /Users/aaronkeen/Documents/My\ Apps/NutraSafe\ Beta/NutraSafeBeta.xcodeproj
    

SwiftCompile normal arm64 /Users/aaronkeen/Library/Developer/Xcode/DerivedData/NutraSafeBeta-awyabywlaekrybetqgpbjphfxefs/SourcePackages/checkouts/firebase-ios-sdk/FirebaseAuth/Sources/Swift/Backend/RPC/SignUpNewUserResponse.swift (in target 'FirebaseAuth' from project 'Firebase')
    cd /Users/aaronkeen/Documents/My\ Apps/NutraSafe\ Beta/NutraSafeBeta.xcodeproj
    

SwiftCompile normal arm64 /Users/aaronkeen/Library/Developer/Xcode/DerivedData/NutraSafeBeta-awyabywlaekrybetqgpbjphfxefs/SourcePackages/checkouts/firebase-ios-sdk/FirebaseAuth/Sources/Swift/Backend/RPC/VerifyAssertionRequest.swift (in target 'FirebaseAuth' from project 'Firebase')
    cd /Users/aaronkeen/Documents/My\ Apps/NutraSafe\ Beta/NutraSafeBeta.xcodeproj
    

SwiftCompile normal arm64 /Users/aaronkeen/Library/Developer/Xcode/DerivedData/NutraSafeBeta-awyabywlaekrybetqgpbjphfxefs/SourcePackages/checkouts/firebase-ios-sdk/FirebaseAuth/Sources/Swift/Backend/RPC/VerifyAssertionResponse.swift (in target 'FirebaseAuth' from project 'Firebase')
    cd /Users/aaronkeen/Documents/My\ Apps/NutraSafe\ Beta/NutraSafeBeta.xcodeproj
    

SwiftCompile normal arm64 /Users/aaronkeen/Library/Developer/Xcode/DerivedData/NutraSafeBeta-awyabywlaekrybetqgpbjphfxefs/SourcePackages/checkouts/firebase-ios-sdk/FirebaseAuth/Sources/Swift/Backend/RPC/VerifyCustomTokenRequest.swift (in target 'FirebaseAuth' from project 'Firebase')
    cd /Users/aaronkeen/Documents/My\ Apps/NutraSafe\ Beta/NutraSafeBeta.xcodeproj
    

SwiftCompile normal arm64 /Users/aaronkeen/Library/Developer/Xcode/DerivedData/NutraSafeBeta-awyabywlaekrybetqgpbjphfxefs/SourcePackages/checkouts/firebase-ios-sdk/FirebaseAuth/Sources/Swift/Backend/RPC/VerifyCustomTokenResponse.swift (in target 'FirebaseAuth' from project 'Firebase')
    cd /Users/aaronkeen/Documents/My\ Apps/NutraSafe\ Beta/NutraSafeBeta.xcodeproj
    

SwiftCompile normal arm64 /Users/aaronkeen/Library/Developer/Xcode/DerivedData/NutraSafeBeta-awyabywlaekrybetqgpbjphfxefs/SourcePackages/checkouts/firebase-ios-sdk/FirebaseAuth/Sources/Swift/Backend/RPC/VerifyPasswordRequest.swift (in target 'FirebaseAuth' from project 'Firebase')
    cd /Users/aaronkeen/Documents/My\ Apps/NutraSafe\ Beta/NutraSafeBeta.xcodeproj
    

SwiftCompile normal arm64 /Users/aaronkeen/Library/Developer/Xcode/DerivedData/NutraSafeBeta-awyabywlaekrybetqgpbjphfxefs/SourcePackages/checkouts/firebase-ios-sdk/FirebaseAuth/Sources/Swift/Backend/RPC/VerifyPasswordResponse.swift (in target 'FirebaseAuth' from project 'Firebase')
    cd /Users/aaronkeen/Documents/My\ Apps/NutraSafe\ Beta/NutraSafeBeta.xcodeproj
    

SwiftCompile normal arm64 /Users/aaronkeen/Library/Developer/Xcode/DerivedData/NutraSafeBeta-awyabywlaekrybetqgpbjphfxefs/SourcePackages/checkouts/firebase-ios-sdk/FirebaseAuth/Sources/Swift/Backend/RPC/VerifyPhoneNumberRequest.swift (in target 'FirebaseAuth' from project 'Firebase')
    cd /Users/aaronkeen/Documents/My\ Apps/NutraSafe\ Beta/NutraSafeBeta.xcodeproj
    

SwiftCompile normal arm64 /Users/aaronkeen/Library/Developer/Xcode/DerivedData/NutraSafeBeta-awyabywlaekrybetqgpbjphfxefs/SourcePackages/checkouts/firebase-ios-sdk/FirebaseAuth/Sources/Swift/Backend/RPC/VerifyPhoneNumberResponse.swift (in target 'FirebaseAuth' from project 'Firebase')
    cd /Users/aaronkeen/Documents/My\ Apps/NutraSafe\ Beta/NutraSafeBeta.xcodeproj
    

SwiftCompile normal arm64 Compiling\ AuthOperationType.swift,\ AuthSettings.swift,\ AuthTokenResult.swift,\ AuthCredential.swift,\ AuthProviderID.swift,\ EmailAuthProvider.swift,\ FacebookAuthProvider.swift,\ FederatedAuthProvider.swift,\ GameCenterAuthProvider.swift,\ GitHubAuthProvider.swift /Users/aaronkeen/Library/Developer/Xcode/DerivedData/NutraSafeBeta-awyabywlaekrybetqgpbjphfxefs/SourcePackages/checkouts/firebase-ios-sdk/FirebaseAuth/Sources/Swift/Auth/AuthOperationType.swift /Users/aaronkeen/Library/Developer/Xcode/DerivedData/NutraSafeBeta-awyabywlaekrybetqgpbjphfxefs/SourcePackages/checkouts/firebase-ios-sdk/FirebaseAuth/Sources/Swift/Auth/AuthSettings.swift /Users/aaronkeen/Library/Developer/Xcode/DerivedData/NutraSafeBeta-awyabywlaekrybetqgpbjphfxefs/SourcePackages/checkouts/firebase-ios-sdk/FirebaseAuth/Sources/Swift/Auth/AuthTokenResult.swift /Users/aaronkeen/Library/Developer/Xcode/DerivedData/NutraSafeBeta-awyabywlaekrybetqgpbjphfxefs/SourcePackages/checkouts/firebase-ios-sdk/FirebaseAuth/Sources/Swift/AuthProvider/AuthCredential.swift /Users/aaronkeen/Library/Developer/Xcode/DerivedData/NutraSafeBeta-awyabywlaekrybetqgpbjphfxefs/SourcePackages/checkouts/firebase-ios-sdk/FirebaseAuth/Sources/Swift/AuthProvider/AuthProviderID.swift /Users/aaronkeen/Library/Developer/Xcode/DerivedData/NutraSafeBeta-awyabywlaekrybetqgpbjphfxefs/SourcePackages/checkouts/firebase-ios-sdk/FirebaseAuth/Sources/Swift/AuthProvider/EmailAuthProvider.swift /Users/aaronkeen/Library/Developer/Xcode/DerivedData/NutraSafeBeta-awyabywlaekrybetqgpbjphfxefs/SourcePackages/checkouts/firebase-ios-sdk/FirebaseAuth/Sources/Swift/AuthProvider/FacebookAuthProvider.swift /Users/aaronkeen/Library/Developer/Xcode/DerivedData/NutraSafeBeta-awyabywlaekrybetqgpbjphfxefs/SourcePackages/checkouts/firebase-ios-sdk/FirebaseAuth/Sources/Swift/AuthProvider/FederatedAuthProvider.swift /Users/aaronkeen/Library/Developer/Xcode/DerivedData/NutraSafeBeta-awyabywlaekrybetqgpbjphfxefs/SourcePackages/checkouts/firebase-ios-sdk/FirebaseAuth/Sources/Swift/AuthProvider/GameCenterAuthProvider.swift /Users/aaronkeen/Library/Developer/Xcode/DerivedData/NutraSafeBeta-awyabywlaekrybetqgpbjphfxefs/SourcePackages/checkouts/firebase-ios-sdk/FirebaseAuth/Sources/Swift/AuthProvider/GitHubAuthProvider.swift (in target 'FirebaseAuth' from project 'Firebase')

SwiftCompile normal arm64 /Users/aaronkeen/Library/Developer/Xcode/DerivedData/NutraSafeBeta-awyabywlaekrybetqgpbjphfxefs/SourcePackages/checkouts/firebase-ios-sdk/FirebaseAuth/Sources/Swift/Auth/AuthOperationType.swift (in target 'FirebaseAuth' from project 'Firebase')
    cd /Users/aaronkeen/Documents/My\ Apps/NutraSafe\ Beta/NutraSafeBeta.xcodeproj
    

SwiftCompile normal arm64 /Users/aaronkeen/Library/Developer/Xcode/DerivedData/NutraSafeBeta-awyabywlaekrybetqgpbjphfxefs/SourcePackages/checkouts/firebase-ios-sdk/FirebaseAuth/Sources/Swift/Auth/AuthSettings.swift (in target 'FirebaseAuth' from project 'Firebase')
    cd /Users/aaronkeen/Documents/My\ Apps/NutraSafe\ Beta/NutraSafeBeta.xcodeproj
    

SwiftCompile normal arm64 /Users/aaronkeen/Library/Developer/Xcode/DerivedData/NutraSafeBeta-awyabywlaekrybetqgpbjphfxefs/SourcePackages/checkouts/firebase-ios-sdk/FirebaseAuth/Sources/Swift/Auth/AuthTokenResult.swift (in target 'FirebaseAuth' from project 'Firebase')
    cd /Users/aaronkeen/Documents/My\ Apps/NutraSafe\ Beta/NutraSafeBeta.xcodeproj
    

SwiftCompile normal arm64 /Users/aaronkeen/Library/Developer/Xcode/DerivedData/NutraSafeBeta-awyabywlaekrybetqgpbjphfxefs/SourcePackages/checkouts/firebase-ios-sdk/FirebaseAuth/Sources/Swift/AuthProvider/AuthCredential.swift (in target 'FirebaseAuth' from project 'Firebase')
    cd /Users/aaronkeen/Documents/My\ Apps/NutraSafe\ Beta/NutraSafeBeta.xcodeproj
    

SwiftCompile normal arm64 /Users/aaronkeen/Library/Developer/Xcode/DerivedData/NutraSafeBeta-awyabywlaekrybetqgpbjphfxefs/SourcePackages/checkouts/firebase-ios-sdk/FirebaseAuth/Sources/Swift/AuthProvider/AuthProviderID.swift (in target 'FirebaseAuth' from project 'Firebase')
    cd /Users/aaronkeen/Documents/My\ Apps/NutraSafe\ Beta/NutraSafeBeta.xcodeproj
    

SwiftCompile normal arm64 /Users/aaronkeen/Library/Developer/Xcode/DerivedData/NutraSafeBeta-awyabywlaekrybetqgpbjphfxefs/SourcePackages/checkouts/firebase-ios-sdk/FirebaseAuth/Sources/Swift/AuthProvider/EmailAuthProvider.swift (in target 'FirebaseAuth' from project 'Firebase')
    cd /Users/aaronkeen/Documents/My\ Apps/NutraSafe\ Beta/NutraSafeBeta.xcodeproj
    

SwiftCompile normal arm64 /Users/aaronkeen/Library/Developer/Xcode/DerivedData/NutraSafeBeta-awyabywlaekrybetqgpbjphfxefs/SourcePackages/checkouts/firebase-ios-sdk/FirebaseAuth/Sources/Swift/AuthProvider/FacebookAuthProvider.swift (in target 'FirebaseAuth' from project 'Firebase')
    cd /Users/aaronkeen/Documents/My\ Apps/NutraSafe\ Beta/NutraSafeBeta.xcodeproj
    

SwiftCompile normal arm64 /Users/aaronkeen/Library/Developer/Xcode/DerivedData/NutraSafeBeta-awyabywlaekrybetqgpbjphfxefs/SourcePackages/checkouts/firebase-ios-sdk/FirebaseAuth/Sources/Swift/AuthProvider/FederatedAuthProvider.swift (in target 'FirebaseAuth' from project 'Firebase')
    cd /Users/aaronkeen/Documents/My\ Apps/NutraSafe\ Beta/NutraSafeBeta.xcodeproj
    

SwiftCompile normal arm64 /Users/aaronkeen/Library/Developer/Xcode/DerivedData/NutraSafeBeta-awyabywlaekrybetqgpbjphfxefs/SourcePackages/checkouts/firebase-ios-sdk/FirebaseAuth/Sources/Swift/AuthProvider/GameCenterAuthProvider.swift (in target 'FirebaseAuth' from project 'Firebase')
    cd /Users/aaronkeen/Documents/My\ Apps/NutraSafe\ Beta/NutraSafeBeta.xcodeproj
    

SwiftCompile normal arm64 /Users/aaronkeen/Library/Developer/Xcode/DerivedData/NutraSafeBeta-awyabywlaekrybetqgpbjphfxefs/SourcePackages/checkouts/firebase-ios-sdk/FirebaseAuth/Sources/Swift/AuthProvider/GitHubAuthProvider.swift (in target 'FirebaseAuth' from project 'Firebase')
    cd /Users/aaronkeen/Documents/My\ Apps/NutraSafe\ Beta/NutraSafeBeta.xcodeproj
    

CompileC /Users/aaronkeen/Library/Developer/Xcode/DerivedData/NutraSafeBeta-awyabywlaekrybetqgpbjphfxefs/Build/Intermediates.noindex/GoogleUtilities.build/Debug-iphonesimulator/GoogleUtilities-Environment.build/Objects-normal/arm64/GULAppEnvironmentUtil.o /Users/aaronkeen/Library/Developer/Xcode/DerivedData/NutraSafeBeta-awyabywlaekrybetqgpbjphfxefs/SourcePackages/checkouts/GoogleUtilities/GoogleUtilities/Environment/GULAppEnvironmentUtil.m normal arm64 objective-c com.apple.compilers.llvm.clang.1_0.compiler (in target 'GoogleUtilities-Environment' from project 'GoogleUtilities')
    cd /Users/aaronkeen/Documents/My\ Apps/NutraSafe\ Beta/NutraSafeBeta.xcodeproj
    
    Using response file: /Users/aaronkeen/Library/Developer/Xcode/DerivedData/NutraSafeBeta-awyabywlaekrybetqgpbjphfxefs/Build/Intermediates.noindex/GoogleUtilities.build/Debug-iphonesimulator/GoogleUtilities-Environment.build/Objects-normal/arm64/e6072d4f65d7061329687fe24e3d63a7-common-args.resp
    
    /Applications/Xcode.app/Contents/Developer/Toolchains/XcodeDefault.xctoolchain/usr/bin/clang -x objective-c -ivfsstatcache /Users/aaronkeen/Library/Developer/Xcode/DerivedData/SDKStatCaches.noindex/iphonesimulator18.5-22F76-d5fc8ad4295d2ef488fb7d0f804ce0c4.sdkstatcache -fmessage-length\=0 -fdiagnostics-show-note-include-stack -fmacro-backtrace-limit\=0 -fno-color-diagnostics -fmodules-prune-interval\=86400 -fmodules-prune-after\=345600 -fbuild-session-file\=/Users/aaronkeen/Library/Developer/Xcode/DerivedData/ModuleCache.noindex/Session.modulevalidation -fmodules-validate-once-per-build-session -Wnon-modular-include-in-framework-module -Werror\=non-modular-include-in-framework-module -Wno-trigraphs -Wno-missing-field-initializers -Wno-missing-prototypes -Wno-return-type -Wno-implicit-atomic-properties -Wno-objc-interface-ivars -Wno-arc-repeated-use-of-weak -Wno-missing-braces -Wparentheses -Wswitch -Wno-unused-function -Wno-unused-label -Wno-unused-parameter -Wno-unused-variable -Wunused-value -Wno-empty-body -Wno-uninitialized -Wno-unknown-pragmas -w -Wno-shadow -Wno-four-char-constants -Wno-conversion -Wno-constant-conversion -Wno-int-conversion -Wno-bool-conversion -Wno-enum-conversion -Wno-float-conversion -Wno-non-literal-null-conversion -Wno-objc-literal-conversion -Wshorten-64-to-32 -Wpointer-sign -Wno-newline-eof -Wno-selector -Wno-strict-selector-match -Wno-undeclared-selector -Wno-deprecated-implementations -Wno-implicit-fallthrough -fstrict-aliasing -Wprotocol -Wdeprecated-declarations -Wno-sign-conversion -Wno-infinite-recursion -Wno-comma -Wno-block-capture-autoreleasing -Wno-strict-prototypes -Wno-semicolon-before-method-body -index-store-path /Users/aaronkeen/Library/Developer/Xcode/DerivedData/NutraSafeBeta-awyabywlaekrybetqgpbjphfxefs/Index.noindex/DataStore @/Users/aaronkeen/Library/Developer/Xcode/DerivedData/NutraSafeBeta-awyabywlaekrybetqgpbjphfxefs/Build/Intermediates.noindex/GoogleUtilities.build/Debug-iphonesimulator/GoogleUtilities-Environment.build/Objects-normal/arm64/e6072d4f65d7061329687fe24e3d63a7-common-args.resp -include /Users/aaronkeen/Library/Developer/Xcode/DerivedData/NutraSafeBeta-awyabywlaekrybetqgpbjphfxefs/Build/Intermediates.noindex/GoogleUtilities.build/Debug-iphonesimulator/GoogleUtilities-Environment.build/DerivedSources/resource_bundle_accessor.h -MMD -MT dependencies -MF /Users/aaronkeen/Library/Developer/Xcode/DerivedData/NutraSafeBeta-awyabywlaekrybetqgpbjphfxefs/Build/Intermediates.noindex/GoogleUtilities.build/Debug-iphonesimulator/GoogleUtilities-Environment.build/Objects-normal/arm64/GULAppEnvironmentUtil.d --serialize-diagnostics /Users/aaronkeen/Library/Developer/Xcode/DerivedData/NutraSafeBeta-awyabywlaekrybetqgpbjphfxefs/Build/Intermediates.noindex/GoogleUtilities.build/Debug-iphonesimulator/GoogleUtilities-Environment.build/Objects-normal/arm64/GULAppEnvironmentUtil.dia -c /Users/aaronkeen/Library/Developer/Xcode/DerivedData/NutraSafeBeta-awyabywlaekrybetqgpbjphfxefs/SourcePackages/checkouts/GoogleUtilities/GoogleUtilities/Environment/GULAppEnvironmentUtil.m -o /Users/aaronkeen/Library/Developer/Xcode/DerivedData/NutraSafeBeta-awyabywlaekrybetqgpbjphfxefs/Build/Intermediates.noindex/GoogleUtilities.build/Debug-iphonesimulator/GoogleUtilities-Environment.build/Objects-normal/arm64/GULAppEnvironmentUtil.o -index-unit-output-path /GoogleUtilities.build/Debug-iphonesimulator/GoogleUtilities-Environment.build/Objects-normal/arm64/GULAppEnvironmentUtil.o

CompileC /Users/aaronkeen/Library/Developer/Xcode/DerivedData/NutraSafeBeta-awyabywlaekrybetqgpbjphfxefs/Build/Intermediates.noindex/GoogleUtilities.build/Debug-iphonesimulator/GoogleUtilities-AppDelegateSwizzler.build/Objects-normal/arm64/GULSceneDelegateSwizzler.o /Users/aaronkeen/Library/Developer/Xcode/DerivedData/NutraSafeBeta-awyabywlaekrybetqgpbjphfxefs/SourcePackages/checkouts/GoogleUtilities/GoogleUtilities/AppDelegateSwizzler/GULSceneDelegateSwizzler.m normal arm64 objective-c com.apple.compilers.llvm.clang.1_0.compiler (in target 'GoogleUtilities-AppDelegateSwizzler' from project 'GoogleUtilities')
    cd /Users/aaronkeen/Documents/My\ Apps/NutraSafe\ Beta/NutraSafeBeta.xcodeproj
    
    Using response file: /Users/aaronkeen/Library/Developer/Xcode/DerivedData/NutraSafeBeta-awyabywlaekrybetqgpbjphfxefs/Build/Intermediates.noindex/GoogleUtilities.build/Debug-iphonesimulator/GoogleUtilities-AppDelegateSwizzler.build/Objects-normal/arm64/e6072d4f65d7061329687fe24e3d63a7-common-args.resp
    
    /Applications/Xcode.app/Contents/Developer/Toolchains/XcodeDefault.xctoolchain/usr/bin/clang -x objective-c -ivfsstatcache /Users/aaronkeen/Library/Developer/Xcode/DerivedData/SDKStatCaches.noindex/iphonesimulator18.5-22F76-d5fc8ad4295d2ef488fb7d0f804ce0c4.sdkstatcache -fmessage-length\=0 -fdiagnostics-show-note-include-stack -fmacro-backtrace-limit\=0 -fno-color-diagnostics -fmodules-prune-interval\=86400 -fmodules-prune-after\=345600 -fbuild-session-file\=/Users/aaronkeen/Library/Developer/Xcode/DerivedData/ModuleCache.noindex/Session.modulevalidation -fmodules-validate-once-per-build-session -Wnon-modular-include-in-framework-module -Werror\=non-modular-include-in-framework-module -Wno-trigraphs -Wno-missing-field-initializers -Wno-missing-prototypes -Wno-return-type -Wno-implicit-atomic-properties -Wno-objc-interface-ivars -Wno-arc-repeated-use-of-weak -Wno-missing-braces -Wparentheses -Wswitch -Wno-unused-function -Wno-unused-label -Wno-unused-parameter -Wno-unused-variable -Wunused-value -Wno-empty-body -Wno-uninitialized -Wno-unknown-pragmas -w -Wno-shadow -Wno-four-char-constants -Wno-conversion -Wno-constant-conversion -Wno-int-conversion -Wno-bool-conversion -Wno-enum-conversion -Wno-float-conversion -Wno-non-literal-null-conversion -Wno-objc-literal-conversion -Wshorten-64-to-32 -Wpointer-sign -Wno-newline-eof -Wno-selector -Wno-strict-selector-match -Wno-undeclared-selector -Wno-deprecated-implementations -Wno-implicit-fallthrough -fstrict-aliasing -Wprotocol -Wdeprecated-declarations -Wno-sign-conversion -Wno-infinite-recursion -Wno-comma -Wno-block-capture-autoreleasing -Wno-strict-prototypes -Wno-semicolon-before-method-body -index-store-path /Users/aaronkeen/Library/Developer/Xcode/DerivedData/NutraSafeBeta-awyabywlaekrybetqgpbjphfxefs/Index.noindex/DataStore @/Users/aaronkeen/Library/Developer/Xcode/DerivedData/NutraSafeBeta-awyabywlaekrybetqgpbjphfxefs/Build/Intermediates.noindex/GoogleUtilities.build/Debug-iphonesimulator/GoogleUtilities-AppDelegateSwizzler.build/Objects-normal/arm64/e6072d4f65d7061329687fe24e3d63a7-common-args.resp -include /Users/aaronkeen/Library/Developer/Xcode/DerivedData/NutraSafeBeta-awyabywlaekrybetqgpbjphfxefs/Build/Intermediates.noindex/GoogleUtilities.build/Debug-iphonesimulator/GoogleUtilities-AppDelegateSwizzler.build/DerivedSources/resource_bundle_accessor.h -MMD -MT dependencies -MF /Users/aaronkeen/Library/Developer/Xcode/DerivedData/NutraSafeBeta-awyabywlaekrybetqgpbjphfxefs/Build/Intermediates.noindex/GoogleUtilities.build/Debug-iphonesimulator/GoogleUtilities-AppDelegateSwizzler.build/Objects-normal/arm64/GULSceneDelegateSwizzler.d --serialize-diagnostics /Users/aaronkeen/Library/Developer/Xcode/DerivedData/NutraSafeBeta-awyabywlaekrybetqgpbjphfxefs/Build/Intermediates.noindex/GoogleUtilities.build/Debug-iphonesimulator/GoogleUtilities-AppDelegateSwizzler.build/Objects-normal/arm64/GULSceneDelegateSwizzler.dia -c /Users/aaronkeen/Library/Developer/Xcode/DerivedData/NutraSafeBeta-awyabywlaekrybetqgpbjphfxefs/SourcePackages/checkouts/GoogleUtilities/GoogleUtilities/AppDelegateSwizzler/GULSceneDelegateSwizzler.m -o /Users/aaronkeen/Library/Developer/Xcode/DerivedData/NutraSafeBeta-awyabywlaekrybetqgpbjphfxefs/Build/Intermediates.noindex/GoogleUtilities.build/Debug-iphonesimulator/GoogleUtilities-AppDelegateSwizzler.build/Objects-normal/arm64/GULSceneDelegateSwizzler.o -index-unit-output-path /GoogleUtilities.build/Debug-iphonesimulator/GoogleUtilities-AppDelegateSwizzler.build/Objects-normal/arm64/GULSceneDelegateSwizzler.o

CompileC /Users/aaronkeen/Library/Developer/Xcode/DerivedData/NutraSafeBeta-awyabywlaekrybetqgpbjphfxefs/Build/Intermediates.noindex/GoogleUtilities.build/Debug-iphonesimulator/GoogleUtilities-AppDelegateSwizzler.build/Objects-normal/arm64/GULAppDelegateSwizzler.o /Users/aaronkeen/Library/Developer/Xcode/DerivedData/NutraSafeBeta-awyabywlaekrybetqgpbjphfxefs/SourcePackages/checkouts/GoogleUtilities/GoogleUtilities/AppDelegateSwizzler/GULAppDelegateSwizzler.m normal arm64 objective-c com.apple.compilers.llvm.clang.1_0.compiler (in target 'GoogleUtilities-AppDelegateSwizzler' from project 'GoogleUtilities')
    cd /Users/aaronkeen/Documents/My\ Apps/NutraSafe\ Beta/NutraSafeBeta.xcodeproj
    
    Using response file: /Users/aaronkeen/Library/Developer/Xcode/DerivedData/NutraSafeBeta-awyabywlaekrybetqgpbjphfxefs/Build/Intermediates.noindex/GoogleUtilities.build/Debug-iphonesimulator/GoogleUtilities-AppDelegateSwizzler.build/Objects-normal/arm64/e6072d4f65d7061329687fe24e3d63a7-common-args.resp
    
    /Applications/Xcode.app/Contents/Developer/Toolchains/XcodeDefault.xctoolchain/usr/bin/clang -x objective-c -ivfsstatcache /Users/aaronkeen/Library/Developer/Xcode/DerivedData/SDKStatCaches.noindex/iphonesimulator18.5-22F76-d5fc8ad4295d2ef488fb7d0f804ce0c4.sdkstatcache -fmessage-length\=0 -fdiagnostics-show-note-include-stack -fmacro-backtrace-limit\=0 -fno-color-diagnostics -fmodules-prune-interval\=86400 -fmodules-prune-after\=345600 -fbuild-session-file\=/Users/aaronkeen/Library/Developer/Xcode/DerivedData/ModuleCache.noindex/Session.modulevalidation -fmodules-validate-once-per-build-session -Wnon-modular-include-in-framework-module -Werror\=non-modular-include-in-framework-module -Wno-trigraphs -Wno-missing-field-initializers -Wno-missing-prototypes -Wno-return-type -Wno-implicit-atomic-properties -Wno-objc-interface-ivars -Wno-arc-repeated-use-of-weak -Wno-missing-braces -Wparentheses -Wswitch -Wno-unused-function -Wno-unused-label -Wno-unused-parameter -Wno-unused-variable -Wunused-value -Wno-empty-body -Wno-uninitialized -Wno-unknown-pragmas -w -Wno-shadow -Wno-four-char-constants -Wno-conversion -Wno-constant-conversion -Wno-int-conversion -Wno-bool-conversion -Wno-enum-conversion -Wno-float-conversion -Wno-non-literal-null-conversion -Wno-objc-literal-conversion -Wshorten-64-to-32 -Wpointer-sign -Wno-newline-eof -Wno-selector -Wno-strict-selector-match -Wno-undeclared-selector -Wno-deprecated-implementations -Wno-implicit-fallthrough -fstrict-aliasing -Wprotocol -Wdeprecated-declarations -Wno-sign-conversion -Wno-infinite-recursion -Wno-comma -Wno-block-capture-autoreleasing -Wno-strict-prototypes -Wno-semicolon-before-method-body -index-store-path /Users/aaronkeen/Library/Developer/Xcode/DerivedData/NutraSafeBeta-awyabywlaekrybetqgpbjphfxefs/Index.noindex/DataStore @/Users/aaronkeen/Library/Developer/Xcode/DerivedData/NutraSafeBeta-awyabywlaekrybetqgpbjphfxefs/Build/Intermediates.noindex/GoogleUtilities.build/Debug-iphonesimulator/GoogleUtilities-AppDelegateSwizzler.build/Objects-normal/arm64/e6072d4f65d7061329687fe24e3d63a7-common-args.resp -include /Users/aaronkeen/Library/Developer/Xcode/DerivedData/NutraSafeBeta-awyabywlaekrybetqgpbjphfxefs/Build/Intermediates.noindex/GoogleUtilities.build/Debug-iphonesimulator/GoogleUtilities-AppDelegateSwizzler.build/DerivedSources/resource_bundle_accessor.h -MMD -MT dependencies -MF /Users/aaronkeen/Library/Developer/Xcode/DerivedData/NutraSafeBeta-awyabywlaekrybetqgpbjphfxefs/Build/Intermediates.noindex/GoogleUtilities.build/Debug-iphonesimulator/GoogleUtilities-AppDelegateSwizzler.build/Objects-normal/arm64/GULAppDelegateSwizzler.d --serialize-diagnostics /Users/aaronkeen/Library/Developer/Xcode/DerivedData/NutraSafeBeta-awyabywlaekrybetqgpbjphfxefs/Build/Intermediates.noindex/GoogleUtilities.build/Debug-iphonesimulator/GoogleUtilities-AppDelegateSwizzler.build/Objects-normal/arm64/GULAppDelegateSwizzler.dia -c /Users/aaronkeen/Library/Developer/Xcode/DerivedData/NutraSafeBeta-awyabywlaekrybetqgpbjphfxefs/SourcePackages/checkouts/GoogleUtilities/GoogleUtilities/AppDelegateSwizzler/GULAppDelegateSwizzler.m -o /Users/aaronkeen/Library/Developer/Xcode/DerivedData/NutraSafeBeta-awyabywlaekrybetqgpbjphfxefs/Build/Intermediates.noindex/GoogleUtilities.build/Debug-iphonesimulator/GoogleUtilities-AppDelegateSwizzler.build/Objects-normal/arm64/GULAppDelegateSwizzler.o -index-unit-output-path /GoogleUtilities.build/Debug-iphonesimulator/GoogleUtilities-AppDelegateSwizzler.build/Objects-normal/arm64/GULAppDelegateSwizzler.o

CompileC /Users/aaronkeen/Library/Developer/Xcode/DerivedData/NutraSafeBeta-awyabywlaekrybetqgpbjphfxefs/Build/Intermediates.noindex/GTMSessionFetcher.build/Debug-iphonesimulator/GTMSessionFetcherCore.build/Objects-normal/arm64/GTMSessionUploadFetcher.o /Users/aaronkeen/Library/Developer/Xcode/DerivedData/NutraSafeBeta-awyabywlaekrybetqgpbjphfxefs/SourcePackages/checkouts/gtm-session-fetcher/Sources/Core/GTMSessionUploadFetcher.m normal arm64 objective-c com.apple.compilers.llvm.clang.1_0.compiler (in target 'GTMSessionFetcherCore' from project 'GTMSessionFetcher')
    cd /Users/aaronkeen/Documents/My\ Apps/NutraSafe\ Beta/NutraSafeBeta.xcodeproj
    
    Using response file: /Users/aaronkeen/Library/Developer/Xcode/DerivedData/NutraSafeBeta-awyabywlaekrybetqgpbjphfxefs/Build/Intermediates.noindex/GTMSessionFetcher.build/Debug-iphonesimulator/GTMSessionFetcherCore.build/Objects-normal/arm64/e6072d4f65d7061329687fe24e3d63a7-common-args.resp
    
    /Applications/Xcode.app/Contents/Developer/Toolchains/XcodeDefault.xctoolchain/usr/bin/clang -x objective-c -ivfsstatcache /Users/aaronkeen/Library/Developer/Xcode/DerivedData/SDKStatCaches.noindex/iphonesimulator18.5-22F76-d5fc8ad4295d2ef488fb7d0f804ce0c4.sdkstatcache -fmessage-length\=0 -fdiagnostics-show-note-include-stack -fmacro-backtrace-limit\=0 -fno-color-diagnostics -fmodules-prune-interval\=86400 -fmodules-prune-after\=345600 -fbuild-session-file\=/Users/aaronkeen/Library/Developer/Xcode/DerivedData/ModuleCache.noindex/Session.modulevalidation -fmodules-validate-once-per-build-session -Wnon-modular-include-in-framework-module -Werror\=non-modular-include-in-framework-module -Wno-trigraphs -Wno-missing-field-initializers -Wno-missing-prototypes -Wno-return-type -Wno-implicit-atomic-properties -Wno-objc-interface-ivars -Wno-arc-repeated-use-of-weak -Wno-missing-braces -Wparentheses -Wswitch -Wno-unused-function -Wno-unused-label -Wno-unused-parameter -Wno-unused-variable -Wunused-value -Wno-empty-body -Wno-uninitialized -Wno-unknown-pragmas -w -Wno-shadow -Wno-four-char-constants -Wno-conversion -Wno-constant-conversion -Wno-int-conversion -Wno-bool-conversion -Wno-enum-conversion -Wno-float-conversion -Wno-non-literal-null-conversion -Wno-objc-literal-conversion -Wshorten-64-to-32 -Wpointer-sign -Wno-newline-eof -Wno-selector -Wno-strict-selector-match -Wno-undeclared-selector -Wno-deprecated-implementations -Wno-implicit-fallthrough -fstrict-aliasing -Wprotocol -Wdeprecated-declarations -Wno-sign-conversion -Wno-infinite-recursion -Wno-comma -Wno-block-capture-autoreleasing -Wno-strict-prototypes -Wno-semicolon-before-method-body -index-store-path /Users/aaronkeen/Library/Developer/Xcode/DerivedData/NutraSafeBeta-awyabywlaekrybetqgpbjphfxefs/Index.noindex/DataStore @/Users/aaronkeen/Library/Developer/Xcode/DerivedData/NutraSafeBeta-awyabywlaekrybetqgpbjphfxefs/Build/Intermediates.noindex/GTMSessionFetcher.build/Debug-iphonesimulator/GTMSessionFetcherCore.build/Objects-normal/arm64/e6072d4f65d7061329687fe24e3d63a7-common-args.resp -include /Users/aaronkeen/Library/Developer/Xcode/DerivedData/NutraSafeBeta-awyabywlaekrybetqgpbjphfxefs/Build/Intermediates.noindex/GTMSessionFetcher.build/Debug-iphonesimulator/GTMSessionFetcherCore.build/DerivedSources/resource_bundle_accessor.h -MMD -MT dependencies -MF /Users/aaronkeen/Library/Developer/Xcode/DerivedData/NutraSafeBeta-awyabywlaekrybetqgpbjphfxefs/Build/Intermediates.noindex/GTMSessionFetcher.build/Debug-iphonesimulator/GTMSessionFetcherCore.build/Objects-normal/arm64/GTMSessionUploadFetcher.d --serialize-diagnostics /Users/aaronkeen/Library/Developer/Xcode/DerivedData/NutraSafeBeta-awyabywlaekrybetqgpbjphfxefs/Build/Intermediates.noindex/GTMSessionFetcher.build/Debug-iphonesimulator/GTMSessionFetcherCore.build/Objects-normal/arm64/GTMSessionUploadFetcher.dia -c /Users/aaronkeen/Library/Developer/Xcode/DerivedData/NutraSafeBeta-awyabywlaekrybetqgpbjphfxefs/SourcePackages/checkouts/gtm-session-fetcher/Sources/Core/GTMSessionUploadFetcher.m -o /Users/aaronkeen/Library/Developer/Xcode/DerivedData/NutraSafeBeta-awyabywlaekrybetqgpbjphfxefs/Build/Intermediates.noindex/GTMSessionFetcher.build/Debug-iphonesimulator/GTMSessionFetcherCore.build/Objects-normal/arm64/GTMSessionUploadFetcher.o -index-unit-output-path /GTMSessionFetcher.build/Debug-iphonesimulator/GTMSessionFetcherCore.build/Objects-normal/arm64/GTMSessionUploadFetcher.o

CompileC /Users/aaronkeen/Library/Developer/Xcode/DerivedData/NutraSafeBeta-awyabywlaekrybetqgpbjphfxefs/Build/Intermediates.noindex/GTMSessionFetcher.build/Debug-iphonesimulator/GTMSessionFetcherCore.build/Objects-normal/arm64/GTMSessionFetcherService.o /Users/aaronkeen/Library/Developer/Xcode/DerivedData/NutraSafeBeta-awyabywlaekrybetqgpbjphfxefs/SourcePackages/checkouts/gtm-session-fetcher/Sources/Core/GTMSessionFetcherService.m normal arm64 objective-c com.apple.compilers.llvm.clang.1_0.compiler (in target 'GTMSessionFetcherCore' from project 'GTMSessionFetcher')
    cd /Users/aaronkeen/Documents/My\ Apps/NutraSafe\ Beta/NutraSafeBeta.xcodeproj
    
    Using response file: /Users/aaronkeen/Library/Developer/Xcode/DerivedData/NutraSafeBeta-awyabywlaekrybetqgpbjphfxefs/Build/Intermediates.noindex/GTMSessionFetcher.build/Debug-iphonesimulator/GTMSessionFetcherCore.build/Objects-normal/arm64/e6072d4f65d7061329687fe24e3d63a7-common-args.resp
    
    /Applications/Xcode.app/Contents/Developer/Toolchains/XcodeDefault.xctoolchain/usr/bin/clang -x objective-c -ivfsstatcache /Users/aaronkeen/Library/Developer/Xcode/DerivedData/SDKStatCaches.noindex/iphonesimulator18.5-22F76-d5fc8ad4295d2ef488fb7d0f804ce0c4.sdkstatcache -fmessage-length\=0 -fdiagnostics-show-note-include-stack -fmacro-backtrace-limit\=0 -fno-color-diagnostics -fmodules-prune-interval\=86400 -fmodules-prune-after\=345600 -fbuild-session-file\=/Users/aaronkeen/Library/Developer/Xcode/DerivedData/ModuleCache.noindex/Session.modulevalidation -fmodules-validate-once-per-build-session -Wnon-modular-include-in-framework-module -Werror\=non-modular-include-in-framework-module -Wno-trigraphs -Wno-missing-field-initializers -Wno-missing-prototypes -Wno-return-type -Wno-implicit-atomic-properties -Wno-objc-interface-ivars -Wno-arc-repeated-use-of-weak -Wno-missing-braces -Wparentheses -Wswitch -Wno-unused-function -Wno-unused-label -Wno-unused-parameter -Wno-unused-variable -Wunused-value -Wno-empty-body -Wno-uninitialized -Wno-unknown-pragmas -w -Wno-shadow -Wno-four-char-constants -Wno-conversion -Wno-constant-conversion -Wno-int-conversion -Wno-bool-conversion -Wno-enum-conversion -Wno-float-conversion -Wno-non-literal-null-conversion -Wno-objc-literal-conversion -Wshorten-64-to-32 -Wpointer-sign -Wno-newline-eof -Wno-selector -Wno-strict-selector-match -Wno-undeclared-selector -Wno-deprecated-implementations -Wno-implicit-fallthrough -fstrict-aliasing -Wprotocol -Wdeprecated-declarations -Wno-sign-conversion -Wno-infinite-recursion -Wno-comma -Wno-block-capture-autoreleasing -Wno-strict-prototypes -Wno-semicolon-before-method-body -index-store-path /Users/aaronkeen/Library/Developer/Xcode/DerivedData/NutraSafeBeta-awyabywlaekrybetqgpbjphfxefs/Index.noindex/DataStore @/Users/aaronkeen/Library/Developer/Xcode/DerivedData/NutraSafeBeta-awyabywlaekrybetqgpbjphfxefs/Build/Intermediates.noindex/GTMSessionFetcher.build/Debug-iphonesimulator/GTMSessionFetcherCore.build/Objects-normal/arm64/e6072d4f65d7061329687fe24e3d63a7-common-args.resp -include /Users/aaronkeen/Library/Developer/Xcode/DerivedData/NutraSafeBeta-awyabywlaekrybetqgpbjphfxefs/Build/Intermediates.noindex/GTMSessionFetcher.build/Debug-iphonesimulator/GTMSessionFetcherCore.build/DerivedSources/resource_bundle_accessor.h -MMD -MT dependencies -MF /Users/aaronkeen/Library/Developer/Xcode/DerivedData/NutraSafeBeta-awyabywlaekrybetqgpbjphfxefs/Build/Intermediates.noindex/GTMSessionFetcher.build/Debug-iphonesimulator/GTMSessionFetcherCore.build/Objects-normal/arm64/GTMSessionFetcherService.d --serialize-diagnostics /Users/aaronkeen/Library/Developer/Xcode/DerivedData/NutraSafeBeta-awyabywlaekrybetqgpbjphfxefs/Build/Intermediates.noindex/GTMSessionFetcher.build/Debug-iphonesimulator/GTMSessionFetcherCore.build/Objects-normal/arm64/GTMSessionFetcherService.dia -c /Users/aaronkeen/Library/Developer/Xcode/DerivedData/NutraSafeBeta-awyabywlaekrybetqgpbjphfxefs/SourcePackages/checkouts/gtm-session-fetcher/Sources/Core/GTMSessionFetcherService.m -o /Users/aaronkeen/Library/Developer/Xcode/DerivedData/NutraSafeBeta-awyabywlaekrybetqgpbjphfxefs/Build/Intermediates.noindex/GTMSessionFetcher.build/Debug-iphonesimulator/GTMSessionFetcherCore.build/Objects-normal/arm64/GTMSessionFetcherService.o -index-unit-output-path /GTMSessionFetcher.build/Debug-iphonesimulator/GTMSessionFetcherCore.build/Objects-normal/arm64/GTMSessionFetcherService.o

CompileC /Users/aaronkeen/Library/Developer/Xcode/DerivedData/NutraSafeBeta-awyabywlaekrybetqgpbjphfxefs/Build/Intermediates.noindex/GTMSessionFetcher.build/Debug-iphonesimulator/GTMSessionFetcherCore.build/Objects-normal/arm64/GTMSessionFetcherLogging.o /Users/aaronkeen/Library/Developer/Xcode/DerivedData/NutraSafeBeta-awyabywlaekrybetqgpbjphfxefs/SourcePackages/checkouts/gtm-session-fetcher/Sources/Core/GTMSessionFetcherLogging.m normal arm64 objective-c com.apple.compilers.llvm.clang.1_0.compiler (in target 'GTMSessionFetcherCore' from project 'GTMSessionFetcher')
    cd /Users/aaronkeen/Documents/My\ Apps/NutraSafe\ Beta/NutraSafeBeta.xcodeproj
    
    Using response file: /Users/aaronkeen/Library/Developer/Xcode/DerivedData/NutraSafeBeta-awyabywlaekrybetqgpbjphfxefs/Build/Intermediates.noindex/GTMSessionFetcher.build/Debug-iphonesimulator/GTMSessionFetcherCore.build/Objects-normal/arm64/e6072d4f65d7061329687fe24e3d63a7-common-args.resp
    
    /Applications/Xcode.app/Contents/Developer/Toolchains/XcodeDefault.xctoolchain/usr/bin/clang -x objective-c -ivfsstatcache /Users/aaronkeen/Library/Developer/Xcode/DerivedData/SDKStatCaches.noindex/iphonesimulator18.5-22F76-d5fc8ad4295d2ef488fb7d0f804ce0c4.sdkstatcache -fmessage-length\=0 -fdiagnostics-show-note-include-stack -fmacro-backtrace-limit\=0 -fno-color-diagnostics -fmodules-prune-interval\=86400 -fmodules-prune-after\=345600 -fbuild-session-file\=/Users/aaronkeen/Library/Developer/Xcode/DerivedData/ModuleCache.noindex/Session.modulevalidation -fmodules-validate-once-per-build-session -Wnon-modular-include-in-framework-module -Werror\=non-modular-include-in-framework-module -Wno-trigraphs -Wno-missing-field-initializers -Wno-missing-prototypes -Wno-return-type -Wno-implicit-atomic-properties -Wno-objc-interface-ivars -Wno-arc-repeated-use-of-weak -Wno-missing-braces -Wparentheses -Wswitch -Wno-unused-function -Wno-unused-label -Wno-unused-parameter -Wno-unused-variable -Wunused-value -Wno-empty-body -Wno-uninitialized -Wno-unknown-pragmas -w -Wno-shadow -Wno-four-char-constants -Wno-conversion -Wno-constant-conversion -Wno-int-conversion -Wno-bool-conversion -Wno-enum-conversion -Wno-float-conversion -Wno-non-literal-null-conversion -Wno-objc-literal-conversion -Wshorten-64-to-32 -Wpointer-sign -Wno-newline-eof -Wno-selector -Wno-strict-selector-match -Wno-undeclared-selector -Wno-deprecated-implementations -Wno-implicit-fallthrough -fstrict-aliasing -Wprotocol -Wdeprecated-declarations -Wno-sign-conversion -Wno-infinite-recursion -Wno-comma -Wno-block-capture-autoreleasing -Wno-strict-prototypes -Wno-semicolon-before-method-body -index-store-path /Users/aaronkeen/Library/Developer/Xcode/DerivedData/NutraSafeBeta-awyabywlaekrybetqgpbjphfxefs/Index.noindex/DataStore @/Users/aaronkeen/Library/Developer/Xcode/DerivedData/NutraSafeBeta-awyabywlaekrybetqgpbjphfxefs/Build/Intermediates.noindex/GTMSessionFetcher.build/Debug-iphonesimulator/GTMSessionFetcherCore.build/Objects-normal/arm64/e6072d4f65d7061329687fe24e3d63a7-common-args.resp -include /Users/aaronkeen/Library/Developer/Xcode/DerivedData/NutraSafeBeta-awyabywlaekrybetqgpbjphfxefs/Build/Intermediates.noindex/GTMSessionFetcher.build/Debug-iphonesimulator/GTMSessionFetcherCore.build/DerivedSources/resource_bundle_accessor.h -MMD -MT dependencies -MF /Users/aaronkeen/Library/Developer/Xcode/DerivedData/NutraSafeBeta-awyabywlaekrybetqgpbjphfxefs/Build/Intermediates.noindex/GTMSessionFetcher.build/Debug-iphonesimulator/GTMSessionFetcherCore.build/Objects-normal/arm64/GTMSessionFetcherLogging.d --serialize-diagnostics /Users/aaronkeen/Library/Developer/Xcode/DerivedData/NutraSafeBeta-awyabywlaekrybetqgpbjphfxefs/Build/Intermediates.noindex/GTMSessionFetcher.build/Debug-iphonesimulator/GTMSessionFetcherCore.build/Objects-normal/arm64/GTMSessionFetcherLogging.dia -c /Users/aaronkeen/Library/Developer/Xcode/DerivedData/NutraSafeBeta-awyabywlaekrybetqgpbjphfxefs/SourcePackages/checkouts/gtm-session-fetcher/Sources/Core/GTMSessionFetcherLogging.m -o /Users/aaronkeen/Library/Developer/Xcode/DerivedData/NutraSafeBeta-awyabywlaekrybetqgpbjphfxefs/Build/Intermediates.noindex/GTMSessionFetcher.build/Debug-iphonesimulator/GTMSessionFetcherCore.build/Objects-normal/arm64/GTMSessionFetcherLogging.o -index-unit-output-path /GTMSessionFetcher.build/Debug-iphonesimulator/GTMSessionFetcherCore.build/Objects-normal/arm64/GTMSessionFetcherLogging.o

CompileC /Users/aaronkeen/Library/Developer/Xcode/DerivedData/NutraSafeBeta-awyabywlaekrybetqgpbjphfxefs/Build/Intermediates.noindex/GTMSessionFetcher.build/Debug-iphonesimulator/GTMSessionFetcherCore.build/Objects-normal/arm64/GTMSessionFetcher.o /Users/aaronkeen/Library/Developer/Xcode/DerivedData/NutraSafeBeta-awyabywlaekrybetqgpbjphfxefs/SourcePackages/checkouts/gtm-session-fetcher/Sources/Core/GTMSessionFetcher.m normal arm64 objective-c com.apple.compilers.llvm.clang.1_0.compiler (in target 'GTMSessionFetcherCore' from project 'GTMSessionFetcher')
    cd /Users/aaronkeen/Documents/My\ Apps/NutraSafe\ Beta/NutraSafeBeta.xcodeproj
    
    Using response file: /Users/aaronkeen/Library/Developer/Xcode/DerivedData/NutraSafeBeta-awyabywlaekrybetqgpbjphfxefs/Build/Intermediates.noindex/GTMSessionFetcher.build/Debug-iphonesimulator/GTMSessionFetcherCore.build/Objects-normal/arm64/e6072d4f65d7061329687fe24e3d63a7-common-args.resp
    
    /Applications/Xcode.app/Contents/Developer/Toolchains/XcodeDefault.xctoolchain/usr/bin/clang -x objective-c -ivfsstatcache /Users/aaronkeen/Library/Developer/Xcode/DerivedData/SDKStatCaches.noindex/iphonesimulator18.5-22F76-d5fc8ad4295d2ef488fb7d0f804ce0c4.sdkstatcache -fmessage-length\=0 -fdiagnostics-show-note-include-stack -fmacro-backtrace-limit\=0 -fno-color-diagnostics -fmodules-prune-interval\=86400 -fmodules-prune-after\=345600 -fbuild-session-file\=/Users/aaronkeen/Library/Developer/Xcode/DerivedData/ModuleCache.noindex/Session.modulevalidation -fmodules-validate-once-per-build-session -Wnon-modular-include-in-framework-module -Werror\=non-modular-include-in-framework-module -Wno-trigraphs -Wno-missing-field-initializers -Wno-missing-prototypes -Wno-return-type -Wno-implicit-atomic-properties -Wno-objc-interface-ivars -Wno-arc-repeated-use-of-weak -Wno-missing-braces -Wparentheses -Wswitch -Wno-unused-function -Wno-unused-label -Wno-unused-parameter -Wno-unused-variable -Wunused-value -Wno-empty-body -Wno-uninitialized -Wno-unknown-pragmas -w -Wno-shadow -Wno-four-char-constants -Wno-conversion -Wno-constant-conversion -Wno-int-conversion -Wno-bool-conversion -Wno-enum-conversion -Wno-float-conversion -Wno-non-literal-null-conversion -Wno-objc-literal-conversion -Wshorten-64-to-32 -Wpointer-sign -Wno-newline-eof -Wno-selector -Wno-strict-selector-match -Wno-undeclared-selector -Wno-deprecated-implementations -Wno-implicit-fallthrough -fstrict-aliasing -Wprotocol -Wdeprecated-declarations -Wno-sign-conversion -Wno-infinite-recursion -Wno-comma -Wno-block-capture-autoreleasing -Wno-strict-prototypes -Wno-semicolon-before-method-body -index-store-path /Users/aaronkeen/Library/Developer/Xcode/DerivedData/NutraSafeBeta-awyabywlaekrybetqgpbjphfxefs/Index.noindex/DataStore @/Users/aaronkeen/Library/Developer/Xcode/DerivedData/NutraSafeBeta-awyabywlaekrybetqgpbjphfxefs/Build/Intermediates.noindex/GTMSessionFetcher.build/Debug-iphonesimulator/GTMSessionFetcherCore.build/Objects-normal/arm64/e6072d4f65d7061329687fe24e3d63a7-common-args.resp -include /Users/aaronkeen/Library/Developer/Xcode/DerivedData/NutraSafeBeta-awyabywlaekrybetqgpbjphfxefs/Build/Intermediates.noindex/GTMSessionFetcher.build/Debug-iphonesimulator/GTMSessionFetcherCore.build/DerivedSources/resource_bundle_accessor.h -MMD -MT dependencies -MF /Users/aaronkeen/Library/Developer/Xcode/DerivedData/NutraSafeBeta-awyabywlaekrybetqgpbjphfxefs/Build/Intermediates.noindex/GTMSessionFetcher.build/Debug-iphonesimulator/GTMSessionFetcherCore.build/Objects-normal/arm64/GTMSessionFetcher.d --serialize-diagnostics /Users/aaronkeen/Library/Developer/Xcode/DerivedData/NutraSafeBeta-awyabywlaekrybetqgpbjphfxefs/Build/Intermediates.noindex/GTMSessionFetcher.build/Debug-iphonesimulator/GTMSessionFetcherCore.build/Objects-normal/arm64/GTMSessionFetcher.dia -c /Users/aaronkeen/Library/Developer/Xcode/DerivedData/NutraSafeBeta-awyabywlaekrybetqgpbjphfxefs/SourcePackages/checkouts/gtm-session-fetcher/Sources/Core/GTMSessionFetcher.m -o /Users/aaronkeen/Library/Developer/Xcode/DerivedData/NutraSafeBeta-awyabywlaekrybetqgpbjphfxefs/Build/Intermediates.noindex/GTMSessionFetcher.build/Debug-iphonesimulator/GTMSessionFetcherCore.build/Objects-normal/arm64/GTMSessionFetcher.o -index-unit-output-path /GTMSessionFetcher.build/Debug-iphonesimulator/GTMSessionFetcherCore.build/Objects-normal/arm64/GTMSessionFetcher.o

PrecompileModule /Users/aaronkeen/Library/Developer/Xcode/DerivedData/NutraSafeBeta-awyabywlaekrybetqgpbjphfxefs/Build/Intermediates.noindex/ExplicitPrecompiledModules/_stdio-AFWH3ZAI0EKPAF32S3U2CCFVO.scan
    cd /Users/aaronkeen/Documents/My\ Apps/NutraSafe\ Beta/NutraSafeBeta.xcodeproj
    builtin-precompileModule /Users/aaronkeen/Library/Developer/Xcode/DerivedData/NutraSafeBeta-awyabywlaekrybetqgpbjphfxefs/Build/Intermediates.noindex/ExplicitPrecompiledModules/_stdio-AFWH3ZAI0EKPAF32S3U2CCFVO.scan

PrecompileModule /Users/aaronkeen/Library/Developer/Xcode/DerivedData/NutraSafeBeta-awyabywlaekrybetqgpbjphfxefs/Build/Intermediates.noindex/ExplicitPrecompiledModules/unistd-7LVKUVA20ZLA2YQCZ3IZKQEH2.scan
    cd /Users/aaronkeen/Documents/My\ Apps/NutraSafe\ Beta/NutraSafeBeta.xcodeproj
    builtin-precompileModule /Users/aaronkeen/Library/Developer/Xcode/DerivedData/NutraSafeBeta-awyabywlaekrybetqgpbjphfxefs/Build/Intermediates.noindex/ExplicitPrecompiledModules/unistd-7LVKUVA20ZLA2YQCZ3IZKQEH2.scan

PrecompileModule /Users/aaronkeen/Library/Developer/Xcode/DerivedData/NutraSafeBeta-awyabywlaekrybetqgpbjphfxefs/Build/Intermediates.noindex/ExplicitPrecompiledModules/_signal-1MR0B1LOP8HKSWPWL9LJ8A6VJ.scan
    cd /Users/aaronkeen/Documents/My\ Apps/NutraSafe\ Beta/NutraSafeBeta.xcodeproj
    builtin-precompileModule /Users/aaronkeen/Library/Developer/Xcode/DerivedData/NutraSafeBeta-awyabywlaekrybetqgpbjphfxefs/Build/Intermediates.noindex/ExplicitPrecompiledModules/_signal-1MR0B1LOP8HKSWPWL9LJ8A6VJ.scan

PrecompileModule /Users/aaronkeen/Library/Developer/Xcode/DerivedData/NutraSafeBeta-awyabywlaekrybetqgpbjphfxefs/Build/Intermediates.noindex/ExplicitPrecompiledModules/_time-4KMYRW34YPUGISTK0ILVHAFEV.scan
    cd /Users/aaronkeen/Documents/My\ Apps/NutraSafe\ Beta/NutraSafeBeta.xcodeproj
    builtin-precompileModule /Users/aaronkeen/Library/Developer/Xcode/DerivedData/NutraSafeBeta-awyabywlaekrybetqgpbjphfxefs/Build/Intermediates.noindex/ExplicitPrecompiledModules/_time-4KMYRW34YPUGISTK0ILVHAFEV.scan

PrecompileModule /Users/aaronkeen/Library/Developer/Xcode/DerivedData/NutraSafeBeta-awyabywlaekrybetqgpbjphfxefs/Build/Intermediates.noindex/ExplicitPrecompiledModules/sys_resource-EEWHV0CZ5AFZKPKAU86SDJJXL.scan
    cd /Users/aaronkeen/Documents/My\ Apps/NutraSafe\ Beta/NutraSafeBeta.xcodeproj
    builtin-precompileModule /Users/aaronkeen/Library/Developer/Xcode/DerivedData/NutraSafeBeta-awyabywlaekrybetqgpbjphfxefs/Build/Intermediates.noindex/ExplicitPrecompiledModules/sys_resource-EEWHV0CZ5AFZKPKAU86SDJJXL.scan

PrecompileModule /Users/aaronkeen/Library/Developer/Xcode/DerivedData/NutraSafeBeta-awyabywlaekrybetqgpbjphfxefs/Build/Intermediates.noindex/ExplicitPrecompiledModules/nl_types-69OK6F4GMTWUCN9COL4BCGKHV.scan
    cd /Users/aaronkeen/Documents/My\ Apps/NutraSafe\ Beta/NutraSafeBeta.xcodeproj
    builtin-precompileModule /Users/aaronkeen/Library/Developer/Xcode/DerivedData/NutraSafeBeta-awyabywlaekrybetqgpbjphfxefs/Build/Intermediates.noindex/ExplicitPrecompiledModules/nl_types-69OK6F4GMTWUCN9COL4BCGKHV.scan

PrecompileModule /Users/aaronkeen/Library/Developer/Xcode/DerivedData/NutraSafeBeta-awyabywlaekrybetqgpbjphfxefs/Build/Intermediates.noindex/ExplicitPrecompiledModules/sys_wait-9SJUW74FRFIGESI5LX6AQY44E.scan
    cd /Users/aaronkeen/Documents/My\ Apps/NutraSafe\ Beta/NutraSafeBeta.xcodeproj
    builtin-precompileModule /Users/aaronkeen/Library/Developer/Xcode/DerivedData/NutraSafeBeta-awyabywlaekrybetqgpbjphfxefs/Build/Intermediates.noindex/ExplicitPrecompiledModules/sys_wait-9SJUW74FRFIGESI5LX6AQY44E.scan

PrecompileModule /Users/aaronkeen/Library/Developer/Xcode/DerivedData/NutraSafeBeta-awyabywlaekrybetqgpbjphfxefs/Build/Intermediates.noindex/ExplicitPrecompiledModules/_string-9EMM4EXL1IDZM6YGGS5X1A7CL.scan
    cd /Users/aaronkeen/Documents/My\ Apps/NutraSafe\ Beta/NutraSafeBeta.xcodeproj
    builtin-precompileModule /Users/aaronkeen/Library/Developer/Xcode/DerivedData/NutraSafeBeta-awyabywlaekrybetqgpbjphfxefs/Build/Intermediates.noindex/ExplicitPrecompiledModules/_string-9EMM4EXL1IDZM6YGGS5X1A7CL.scan

SwiftCompile normal arm64 Compiling\ GetAccountInfoResponse.swift,\ GetOOBConfirmationCodeRequest.swift,\ GetOOBConfirmationCodeResponse.swift,\ GetProjectConfigRequest.swift,\ GetProjectConfigResponse.swift,\ GetRecaptchaConfigRequest.swift,\ GetRecaptchaConfigResponse.swift,\ FinalizeMFAEnrollmentRequest.swift,\ FinalizeMFAEnrollmentResponse.swift,\ StartMFAEnrollmentRequest.swift /Users/aaronkeen/Library/Developer/Xcode/DerivedData/NutraSafeBeta-awyabywlaekrybetqgpbjphfxefs/SourcePackages/checkouts/firebase-ios-sdk/FirebaseAuth/Sources/Swift/Backend/RPC/GetAccountInfoResponse.swift /Users/aaronkeen/Library/Developer/Xcode/DerivedData/NutraSafeBeta-awyabywlaekrybetqgpbjphfxefs/SourcePackages/checkouts/firebase-ios-sdk/FirebaseAuth/Sources/Swift/Backend/RPC/GetOOBConfirmationCodeRequest.swift /Users/aaronkeen/Library/Developer/Xcode/DerivedData/NutraSafeBeta-awyabywlaekrybetqgpbjphfxefs/SourcePackages/checkouts/firebase-ios-sdk/FirebaseAuth/Sources/Swift/Backend/RPC/GetOOBConfirmationCodeResponse.swift /Users/aaronkeen/Library/Developer/Xcode/DerivedData/NutraSafeBeta-awyabywlaekrybetqgpbjphfxefs/SourcePackages/checkouts/firebase-ios-sdk/FirebaseAuth/Sources/Swift/Backend/RPC/GetProjectConfigRequest.swift /Users/aaronkeen/Library/Developer/Xcode/DerivedData/NutraSafeBeta-awyabywlaekrybetqgpbjphfxefs/SourcePackages/checkouts/firebase-ios-sdk/FirebaseAuth/Sources/Swift/Backend/RPC/GetProjectConfigResponse.swift /Users/aaronkeen/Library/Developer/Xcode/DerivedData/NutraSafeBeta-awyabywlaekrybetqgpbjphfxefs/SourcePackages/checkouts/firebase-ios-sdk/FirebaseAuth/Sources/Swift/Backend/RPC/GetRecaptchaConfigRequest.swift /Users/aaronkeen/Library/Developer/Xcode/DerivedData/NutraSafeBeta-awyabywlaekrybetqgpbjphfxefs/SourcePackages/checkouts/firebase-ios-sdk/FirebaseAuth/Sources/Swift/Backend/RPC/GetRecaptchaConfigResponse.swift /Users/aaronkeen/Library/Developer/Xcode/DerivedData/NutraSafeBeta-awyabywlaekrybetqgpbjphfxefs/SourcePackages/checkouts/firebase-ios-sdk/FirebaseAuth/Sources/Swift/Backend/RPC/MultiFactor/Enroll/FinalizeMFAEnrollmentRequest.swift /Users/aaronkeen/Library/Developer/Xcode/DerivedData/NutraSafeBeta-awyabywlaekrybetqgpbjphfxefs/SourcePackages/checkouts/firebase-ios-sdk/FirebaseAuth/Sources/Swift/Backend/RPC/MultiFactor/Enroll/FinalizeMFAEnrollmentResponse.swift /Users/aaronkeen/Library/Developer/Xcode/DerivedData/NutraSafeBeta-awyabywlaekrybetqgpbjphfxefs/SourcePackages/checkouts/firebase-ios-sdk/FirebaseAuth/Sources/Swift/Backend/RPC/MultiFactor/Enroll/StartMFAEnrollmentRequest.swift (in target 'FirebaseAuth' from project 'Firebase')

SwiftCompile normal arm64 /Users/aaronkeen/Library/Developer/Xcode/DerivedData/NutraSafeBeta-awyabywlaekrybetqgpbjphfxefs/SourcePackages/checkouts/firebase-ios-sdk/FirebaseAuth/Sources/Swift/Backend/RPC/GetAccountInfoResponse.swift (in target 'FirebaseAuth' from project 'Firebase')
    cd /Users/aaronkeen/Documents/My\ Apps/NutraSafe\ Beta/NutraSafeBeta.xcodeproj
    

SwiftCompile normal arm64 /Users/aaronkeen/Library/Developer/Xcode/DerivedData/NutraSafeBeta-awyabywlaekrybetqgpbjphfxefs/SourcePackages/checkouts/firebase-ios-sdk/FirebaseAuth/Sources/Swift/Backend/RPC/GetOOBConfirmationCodeRequest.swift (in target 'FirebaseAuth' from project 'Firebase')
    cd /Users/aaronkeen/Documents/My\ Apps/NutraSafe\ Beta/NutraSafeBeta.xcodeproj
    

SwiftCompile normal arm64 /Users/aaronkeen/Library/Developer/Xcode/DerivedData/NutraSafeBeta-awyabywlaekrybetqgpbjphfxefs/SourcePackages/checkouts/firebase-ios-sdk/FirebaseAuth/Sources/Swift/Backend/RPC/GetOOBConfirmationCodeResponse.swift (in target 'FirebaseAuth' from project 'Firebase')
    cd /Users/aaronkeen/Documents/My\ Apps/NutraSafe\ Beta/NutraSafeBeta.xcodeproj
    

SwiftCompile normal arm64 /Users/aaronkeen/Library/Developer/Xcode/DerivedData/NutraSafeBeta-awyabywlaekrybetqgpbjphfxefs/SourcePackages/checkouts/firebase-ios-sdk/FirebaseAuth/Sources/Swift/Backend/RPC/GetProjectConfigRequest.swift (in target 'FirebaseAuth' from project 'Firebase')
    cd /Users/aaronkeen/Documents/My\ Apps/NutraSafe\ Beta/NutraSafeBeta.xcodeproj
    

SwiftCompile normal arm64 /Users/aaronkeen/Library/Developer/Xcode/DerivedData/NutraSafeBeta-awyabywlaekrybetqgpbjphfxefs/SourcePackages/checkouts/firebase-ios-sdk/FirebaseAuth/Sources/Swift/Backend/RPC/GetProjectConfigResponse.swift (in target 'FirebaseAuth' from project 'Firebase')
    cd /Users/aaronkeen/Documents/My\ Apps/NutraSafe\ Beta/NutraSafeBeta.xcodeproj
    

SwiftCompile normal arm64 /Users/aaronkeen/Library/Developer/Xcode/DerivedData/NutraSafeBeta-awyabywlaekrybetqgpbjphfxefs/SourcePackages/checkouts/firebase-ios-sdk/FirebaseAuth/Sources/Swift/Backend/RPC/GetRecaptchaConfigRequest.swift (in target 'FirebaseAuth' from project 'Firebase')
    cd /Users/aaronkeen/Documents/My\ Apps/NutraSafe\ Beta/NutraSafeBeta.xcodeproj
    

SwiftCompile normal arm64 /Users/aaronkeen/Library/Developer/Xcode/DerivedData/NutraSafeBeta-awyabywlaekrybetqgpbjphfxefs/SourcePackages/checkouts/firebase-ios-sdk/FirebaseAuth/Sources/Swift/Backend/RPC/GetRecaptchaConfigResponse.swift (in target 'FirebaseAuth' from project 'Firebase')
    cd /Users/aaronkeen/Documents/My\ Apps/NutraSafe\ Beta/NutraSafeBeta.xcodeproj
    

SwiftCompile normal arm64 /Users/aaronkeen/Library/Developer/Xcode/DerivedData/NutraSafeBeta-awyabywlaekrybetqgpbjphfxefs/SourcePackages/checkouts/firebase-ios-sdk/FirebaseAuth/Sources/Swift/Backend/RPC/MultiFactor/Enroll/FinalizeMFAEnrollmentRequest.swift (in target 'FirebaseAuth' from project 'Firebase')
    cd /Users/aaronkeen/Documents/My\ Apps/NutraSafe\ Beta/NutraSafeBeta.xcodeproj
    

SwiftCompile normal arm64 /Users/aaronkeen/Library/Developer/Xcode/DerivedData/NutraSafeBeta-awyabywlaekrybetqgpbjphfxefs/SourcePackages/checkouts/firebase-ios-sdk/FirebaseAuth/Sources/Swift/Backend/RPC/MultiFactor/Enroll/FinalizeMFAEnrollmentResponse.swift (in target 'FirebaseAuth' from project 'Firebase')
    cd /Users/aaronkeen/Documents/My\ Apps/NutraSafe\ Beta/NutraSafeBeta.xcodeproj
    

SwiftCompile normal arm64 /Users/aaronkeen/Library/Developer/Xcode/DerivedData/NutraSafeBeta-awyabywlaekrybetqgpbjphfxefs/SourcePackages/checkouts/firebase-ios-sdk/FirebaseAuth/Sources/Swift/Backend/RPC/MultiFactor/Enroll/StartMFAEnrollmentRequest.swift (in target 'FirebaseAuth' from project 'Firebase')
    cd /Users/aaronkeen/Documents/My\ Apps/NutraSafe\ Beta/NutraSafeBeta.xcodeproj
    

Ld /Users/aaronkeen/Library/Developer/Xcode/DerivedData/NutraSafeBeta-awyabywlaekrybetqgpbjphfxefs/Build/Products/Debug-iphonesimulator/FirebaseAuthInternal.o normal (in target 'FirebaseAuthInternal' from project 'Firebase')
    cd /Users/aaronkeen/Library/Developer/Xcode/DerivedData/NutraSafeBeta-awyabywlaekrybetqgpbjphfxefs/SourcePackages/checkouts/firebase-ios-sdk
    /Applications/Xcode.app/Contents/Developer/Toolchains/XcodeDefault.xctoolchain/usr/bin/clang -Xlinker -reproducible -target arm64-apple-ios15.0-simulator -r -isysroot /Applications/Xcode.app/Contents/Developer/Platforms/iPhoneSimulator.platform/Developer/SDKs/iPhoneSimulator18.5.sdk -O0 -w -L/Users/aaronkeen/Library/Developer/Xcode/DerivedData/NutraSafeBeta-awyabywlaekrybetqgpbjphfxefs/Build/Intermediates.noindex/EagerLinkingTBDs/Debug-iphonesimulator -L/Users/aaronkeen/Library/Developer/Xcode/DerivedData/NutraSafeBeta-awyabywlaekrybetqgpbjphfxefs/Build/Products/Debug-iphonesimulator -L/Applications/Xcode.app/Contents/Developer/Platforms/iPhoneSimulator.platform/Developer/usr/lib -F/Users/aaronkeen/Library/Developer/Xcode/DerivedData/NutraSafeBeta-awyabywlaekrybetqgpbjphfxefs/Build/Intermediates.noindex/EagerLinkingTBDs/Debug-iphonesimulator -F/Users/aaronkeen/Library/Developer/Xcode/DerivedData/NutraSafeBeta-awyabywlaekrybetqgpbjphfxefs/Build/Products/Debug-iphonesimulator/PackageFrameworks -F/Users/aaronkeen/Library/Developer/Xcode/DerivedData/NutraSafeBeta-awyabywlaekrybetqgpbjphfxefs/Build/Products/Debug-iphonesimulator -iframework /Applications/Xcode.app/Contents/Developer/Platforms/iPhoneSimulator.platform/Developer/Library/Frameworks -iframework /Applications/Xcode.app/Contents/Developer/Platforms/iPhoneSimulator.platform/Developer/SDKs/iPhoneSimulator18.5.sdk/Developer/Library/Frameworks -filelist /Users/aaronkeen/Library/Developer/Xcode/DerivedData/NutraSafeBeta-awyabywlaekrybetqgpbjphfxefs/Build/Intermediates.noindex/Firebase.build/Debug-iphonesimulator/FirebaseAuthInternal.build/Objects-normal/arm64/FirebaseAuthInternal.LinkFileList -nostdlib -Xlinker -object_path_lto -Xlinker /Users/aaronkeen/Library/Developer/Xcode/DerivedData/NutraSafeBeta-awyabywlaekrybetqgpbjphfxefs/Build/Intermediates.noindex/Firebase.build/Debug-iphonesimulator/FirebaseAuthInternal.build/Objects-normal/arm64/FirebaseAuthInternal_lto.o -rdynamic -Xlinker -no_deduplicate -Xlinker -objc_abi_version -Xlinker 2 -Xlinker -dependency_info -Xlinker /Users/aaronkeen/Library/Developer/Xcode/DerivedData/NutraSafeBeta-awyabywlaekrybetqgpbjphfxefs/Build/Intermediates.noindex/Firebase.build/Debug-iphonesimulator/FirebaseAuthInternal.build/Objects-normal/arm64/FirebaseAuthInternal_dependency_info.dat -fobjc-arc -fobjc-link-runtime -o /Users/aaronkeen/Library/Developer/Xcode/DerivedData/NutraSafeBeta-awyabywlaekrybetqgpbjphfxefs/Build/Products/Debug-iphonesimulator/FirebaseAuthInternal.o

PrecompileModule /Users/aaronkeen/Library/Developer/Xcode/DerivedData/NutraSafeBeta-awyabywlaekrybetqgpbjphfxefs/Build/Intermediates.noindex/ExplicitPrecompiledModules/pthread-11RYUU8410H25L59GXLC3VX4J.scan
    cd /Users/aaronkeen/Documents/My\ Apps/NutraSafe\ Beta/NutraSafeBeta.xcodeproj
    builtin-precompileModule /Users/aaronkeen/Library/Developer/Xcode/DerivedData/NutraSafeBeta-awyabywlaekrybetqgpbjphfxefs/Build/Intermediates.noindex/ExplicitPrecompiledModules/pthread-11RYUU8410H25L59GXLC3VX4J.scan

PrecompileModule /Users/aaronkeen/Library/Developer/Xcode/DerivedData/NutraSafeBeta-awyabywlaekrybetqgpbjphfxefs/Build/Intermediates.noindex/ExplicitPrecompiledModules/sys_wait-217BB35WG8TZWKWI44MFGXY5G.scan
    cd /Users/aaronkeen/Documents/My\ Apps/NutraSafe\ Beta/NutraSafeBeta.xcodeproj
    builtin-precompileModule /Users/aaronkeen/Library/Developer/Xcode/DerivedData/NutraSafeBeta-awyabywlaekrybetqgpbjphfxefs/Build/Intermediates.noindex/ExplicitPrecompiledModules/sys_wait-217BB35WG8TZWKWI44MFGXY5G.scan

PrecompileModule /Users/aaronkeen/Library/Developer/Xcode/DerivedData/NutraSafeBeta-awyabywlaekrybetqgpbjphfxefs/Build/Intermediates.noindex/ExplicitPrecompiledModules/_stdlib-9BXB3GMZDSL0QLDYIY1VM58US.scan
    cd /Users/aaronkeen/Documents/My\ Apps/NutraSafe\ Beta/NutraSafeBeta.xcodeproj
    builtin-precompileModule /Users/aaronkeen/Library/Developer/Xcode/DerivedData/NutraSafeBeta-awyabywlaekrybetqgpbjphfxefs/Build/Intermediates.noindex/ExplicitPrecompiledModules/_stdlib-9BXB3GMZDSL0QLDYIY1VM58US.scan

PrecompileModule /Users/aaronkeen/Library/Developer/Xcode/DerivedData/NutraSafeBeta-awyabywlaekrybetqgpbjphfxefs/Build/Intermediates.noindex/ExplicitPrecompiledModules/_wchar-88S5JNP8I82DEC4TWZ24LF838.scan
    cd /Users/aaronkeen/Documents/My\ Apps/NutraSafe\ Beta/NutraSafeBeta.xcodeproj
    builtin-precompileModule /Users/aaronkeen/Library/Developer/Xcode/DerivedData/NutraSafeBeta-awyabywlaekrybetqgpbjphfxefs/Build/Intermediates.noindex/ExplicitPrecompiledModules/_wchar-88S5JNP8I82DEC4TWZ24LF838.scan

PrecompileModule /Users/aaronkeen/Library/Developer/Xcode/DerivedData/NutraSafeBeta-awyabywlaekrybetqgpbjphfxefs/Build/Intermediates.noindex/ExplicitPrecompiledModules/sys_select-2WJF2OA7I6A9TFSRQ1LX4B8AS.scan
    cd /Users/aaronkeen/Documents/My\ Apps/NutraSafe\ Beta/NutraSafeBeta.xcodeproj
    builtin-precompileModule /Users/aaronkeen/Library/Developer/Xcode/DerivedData/NutraSafeBeta-awyabywlaekrybetqgpbjphfxefs/Build/Intermediates.noindex/ExplicitPrecompiledModules/sys_select-2WJF2OA7I6A9TFSRQ1LX4B8AS.scan

PrecompileModule /Users/aaronkeen/Library/Developer/Xcode/DerivedData/NutraSafeBeta-awyabywlaekrybetqgpbjphfxefs/Build/Intermediates.noindex/ExplicitPrecompiledModules/_stdlib-A03LXTATOI4EAGICRR1KK8W8F.scan
    cd /Users/aaronkeen/Documents/My\ Apps/NutraSafe\ Beta/NutraSafeBeta.xcodeproj
    builtin-precompileModule /Users/aaronkeen/Library/Developer/Xcode/DerivedData/NutraSafeBeta-awyabywlaekrybetqgpbjphfxefs/Build/Intermediates.noindex/ExplicitPrecompiledModules/_stdlib-A03LXTATOI4EAGICRR1KK8W8F.scan

PrecompileModule /Users/aaronkeen/Library/Developer/Xcode/DerivedData/NutraSafeBeta-awyabywlaekrybetqgpbjphfxefs/Build/Intermediates.noindex/ExplicitPrecompiledModules/gethostuuid-C6OF3UDQCKRGBCC0B9PGY3IQ1.scan
    cd /Users/aaronkeen/Documents/My\ Apps/NutraSafe\ Beta/NutraSafeBeta.xcodeproj
    builtin-precompileModule /Users/aaronkeen/Library/Developer/Xcode/DerivedData/NutraSafeBeta-awyabywlaekrybetqgpbjphfxefs/Build/Intermediates.noindex/ExplicitPrecompiledModules/gethostuuid-C6OF3UDQCKRGBCC0B9PGY3IQ1.scan

PrecompileModule /Users/aaronkeen/Library/Developer/Xcode/DerivedData/NutraSafeBeta-awyabywlaekrybetqgpbjphfxefs/Build/Intermediates.noindex/ExplicitPrecompiledModules/Darwin-8Q5WXVN70UNHQFD5SNZHOHEJU.scan
    cd /Users/aaronkeen/Documents/My\ Apps/NutraSafe\ Beta/NutraSafeBeta.xcodeproj
    builtin-precompileModule /Users/aaronkeen/Library/Developer/Xcode/DerivedData/NutraSafeBeta-awyabywlaekrybetqgpbjphfxefs/Build/Intermediates.noindex/ExplicitPrecompiledModules/Darwin-8Q5WXVN70UNHQFD5SNZHOHEJU.scan

SwiftCompile normal arm64 Compiling\ RevokeTokenRequest.swift,\ RevokeTokenResponse.swift,\ SecureTokenRequest.swift,\ SecureTokenResponse.swift,\ SendVerificationTokenRequest.swift,\ SendVerificationTokenResponse.swift,\ SetAccountInfoRequest.swift,\ SetAccountInfoResponse.swift,\ SignInWithGameCenterRequest.swift,\ SignInWithGameCenterResponse.swift /Users/aaronkeen/Library/Developer/Xcode/DerivedData/NutraSafeBeta-awyabywlaekrybetqgpbjphfxefs/SourcePackages/checkouts/firebase-ios-sdk/FirebaseAuth/Sources/Swift/Backend/RPC/RevokeTokenRequest.swift /Users/aaronkeen/Library/Developer/Xcode/DerivedData/NutraSafeBeta-awyabywlaekrybetqgpbjphfxefs/SourcePackages/checkouts/firebase-ios-sdk/FirebaseAuth/Sources/Swift/Backend/RPC/RevokeTokenResponse.swift /Users/aaronkeen/Library/Developer/Xcode/DerivedData/NutraSafeBeta-awyabywlaekrybetqgpbjphfxefs/SourcePackages/checkouts/firebase-ios-sdk/FirebaseAuth/Sources/Swift/Backend/RPC/SecureTokenRequest.swift /Users/aaronkeen/Library/Developer/Xcode/DerivedData/NutraSafeBeta-awyabywlaekrybetqgpbjphfxefs/SourcePackages/checkouts/firebase-ios-sdk/FirebaseAuth/Sources/Swift/Backend/RPC/SecureTokenResponse.swift /Users/aaronkeen/Library/Developer/Xcode/DerivedData/NutraSafeBeta-awyabywlaekrybetqgpbjphfxefs/SourcePackages/checkouts/firebase-ios-sdk/FirebaseAuth/Sources/Swift/Backend/RPC/SendVerificationTokenRequest.swift /Users/aaronkeen/Library/Developer/Xcode/DerivedData/NutraSafeBeta-awyabywlaekrybetqgpbjphfxefs/SourcePackages/checkouts/firebase-ios-sdk/FirebaseAuth/Sources/Swift/Backend/RPC/SendVerificationTokenResponse.swift /Users/aaronkeen/Library/Developer/Xcode/DerivedData/NutraSafeBeta-awyabywlaekrybetqgpbjphfxefs/SourcePackages/checkouts/firebase-ios-sdk/FirebaseAuth/Sources/Swift/Backend/RPC/SetAccountInfoRequest.swift /Users/aaronkeen/Library/Developer/Xcode/DerivedData/NutraSafeBeta-awyabywlaekrybetqgpbjphfxefs/SourcePackages/checkouts/firebase-ios-sdk/FirebaseAuth/Sources/Swift/Backend/RPC/SetAccountInfoResponse.swift /Users/aaronkeen/Library/Developer/Xcode/DerivedData/NutraSafeBeta-awyabywlaekrybetqgpbjphfxefs/SourcePackages/checkouts/firebase-ios-sdk/FirebaseAuth/Sources/Swift/Backend/RPC/SignInWithGameCenterRequest.swift /Users/aaronkeen/Library/Developer/Xcode/DerivedData/NutraSafeBeta-awyabywlaekrybetqgpbjphfxefs/SourcePackages/checkouts/firebase-ios-sdk/FirebaseAuth/Sources/Swift/Backend/RPC/SignInWithGameCenterResponse.swift (in target 'FirebaseAuth' from project 'Firebase')

SwiftCompile normal arm64 /Users/aaronkeen/Library/Developer/Xcode/DerivedData/NutraSafeBeta-awyabywlaekrybetqgpbjphfxefs/SourcePackages/checkouts/firebase-ios-sdk/FirebaseAuth/Sources/Swift/Backend/RPC/RevokeTokenRequest.swift (in target 'FirebaseAuth' from project 'Firebase')
    cd /Users/aaronkeen/Documents/My\ Apps/NutraSafe\ Beta/NutraSafeBeta.xcodeproj
    

SwiftCompile normal arm64 /Users/aaronkeen/Library/Developer/Xcode/DerivedData/NutraSafeBeta-awyabywlaekrybetqgpbjphfxefs/SourcePackages/checkouts/firebase-ios-sdk/FirebaseAuth/Sources/Swift/Backend/RPC/RevokeTokenResponse.swift (in target 'FirebaseAuth' from project 'Firebase')
    cd /Users/aaronkeen/Documents/My\ Apps/NutraSafe\ Beta/NutraSafeBeta.xcodeproj
    

SwiftCompile normal arm64 /Users/aaronkeen/Library/Developer/Xcode/DerivedData/NutraSafeBeta-awyabywlaekrybetqgpbjphfxefs/SourcePackages/checkouts/firebase-ios-sdk/FirebaseAuth/Sources/Swift/Backend/RPC/SecureTokenRequest.swift (in target 'FirebaseAuth' from project 'Firebase')
    cd /Users/aaronkeen/Documents/My\ Apps/NutraSafe\ Beta/NutraSafeBeta.xcodeproj
    

SwiftCompile normal arm64 /Users/aaronkeen/Library/Developer/Xcode/DerivedData/NutraSafeBeta-awyabywlaekrybetqgpbjphfxefs/SourcePackages/checkouts/firebase-ios-sdk/FirebaseAuth/Sources/Swift/Backend/RPC/SecureTokenResponse.swift (in target 'FirebaseAuth' from project 'Firebase')
    cd /Users/aaronkeen/Documents/My\ Apps/NutraSafe\ Beta/NutraSafeBeta.xcodeproj
    

SwiftCompile normal arm64 /Users/aaronkeen/Library/Developer/Xcode/DerivedData/NutraSafeBeta-awyabywlaekrybetqgpbjphfxefs/SourcePackages/checkouts/firebase-ios-sdk/FirebaseAuth/Sources/Swift/Backend/RPC/SendVerificationTokenRequest.swift (in target 'FirebaseAuth' from project 'Firebase')
    cd /Users/aaronkeen/Documents/My\ Apps/NutraSafe\ Beta/NutraSafeBeta.xcodeproj
    

SwiftCompile normal arm64 /Users/aaronkeen/Library/Developer/Xcode/DerivedData/NutraSafeBeta-awyabywlaekrybetqgpbjphfxefs/SourcePackages/checkouts/firebase-ios-sdk/FirebaseAuth/Sources/Swift/Backend/RPC/SendVerificationTokenResponse.swift (in target 'FirebaseAuth' from project 'Firebase')
    cd /Users/aaronkeen/Documents/My\ Apps/NutraSafe\ Beta/NutraSafeBeta.xcodeproj
    

SwiftCompile normal arm64 /Users/aaronkeen/Library/Developer/Xcode/DerivedData/NutraSafeBeta-awyabywlaekrybetqgpbjphfxefs/SourcePackages/checkouts/firebase-ios-sdk/FirebaseAuth/Sources/Swift/Backend/RPC/SetAccountInfoRequest.swift (in target 'FirebaseAuth' from project 'Firebase')
    cd /Users/aaronkeen/Documents/My\ Apps/NutraSafe\ Beta/NutraSafeBeta.xcodeproj
    

SwiftCompile normal arm64 /Users/aaronkeen/Library/Developer/Xcode/DerivedData/NutraSafeBeta-awyabywlaekrybetqgpbjphfxefs/SourcePackages/checkouts/firebase-ios-sdk/FirebaseAuth/Sources/Swift/Backend/RPC/SetAccountInfoResponse.swift (in target 'FirebaseAuth' from project 'Firebase')
    cd /Users/aaronkeen/Documents/My\ Apps/NutraSafe\ Beta/NutraSafeBeta.xcodeproj
    

SwiftCompile normal arm64 /Users/aaronkeen/Library/Developer/Xcode/DerivedData/NutraSafeBeta-awyabywlaekrybetqgpbjphfxefs/SourcePackages/checkouts/firebase-ios-sdk/FirebaseAuth/Sources/Swift/Backend/RPC/SignInWithGameCenterRequest.swift (in target 'FirebaseAuth' from project 'Firebase')
    cd /Users/aaronkeen/Documents/My\ Apps/NutraSafe\ Beta/NutraSafeBeta.xcodeproj
    

SwiftCompile normal arm64 /Users/aaronkeen/Library/Developer/Xcode/DerivedData/NutraSafeBeta-awyabywlaekrybetqgpbjphfxefs/SourcePackages/checkouts/firebase-ios-sdk/FirebaseAuth/Sources/Swift/Backend/RPC/SignInWithGameCenterResponse.swift (in target 'FirebaseAuth' from project 'Firebase')
    cd /Users/aaronkeen/Documents/My\ Apps/NutraSafe\ Beta/NutraSafeBeta.xcodeproj
    

SwiftCompile normal arm64 Compiling\ User.swift,\ UserInfo.swift,\ UserInfoImpl.swift,\ UserMetadata.swift,\ UserProfileChangeRequest.swift,\ UserProfileUpdate.swift,\ AuthCondition.swift,\ AuthDefaultUIDelegate.swift,\ AuthErrorUtils.swift /Users/aaronkeen/Library/Developer/Xcode/DerivedData/NutraSafeBeta-awyabywlaekrybetqgpbjphfxefs/SourcePackages/checkouts/firebase-ios-sdk/FirebaseAuth/Sources/Swift/User/User.swift /Users/aaronkeen/Library/Developer/Xcode/DerivedData/NutraSafeBeta-awyabywlaekrybetqgpbjphfxefs/SourcePackages/checkouts/firebase-ios-sdk/FirebaseAuth/Sources/Swift/User/UserInfo.swift /Users/aaronkeen/Library/Developer/Xcode/DerivedData/NutraSafeBeta-awyabywlaekrybetqgpbjphfxefs/SourcePackages/checkouts/firebase-ios-sdk/FirebaseAuth/Sources/Swift/User/UserInfoImpl.swift /Users/aaronkeen/Library/Developer/Xcode/DerivedData/NutraSafeBeta-awyabywlaekrybetqgpbjphfxefs/SourcePackages/checkouts/firebase-ios-sdk/FirebaseAuth/Sources/Swift/User/UserMetadata.swift /Users/aaronkeen/Library/Developer/Xcode/DerivedData/NutraSafeBeta-awyabywlaekrybetqgpbjphfxefs/SourcePackages/checkouts/firebase-ios-sdk/FirebaseAuth/Sources/Swift/User/UserProfileChangeRequest.swift /Users/aaronkeen/Library/Developer/Xcode/DerivedData/NutraSafeBeta-awyabywlaekrybetqgpbjphfxefs/SourcePackages/checkouts/firebase-ios-sdk/FirebaseAuth/Sources/Swift/User/UserProfileUpdate.swift /Users/aaronkeen/Library/Developer/Xcode/DerivedData/NutraSafeBeta-awyabywlaekrybetqgpbjphfxefs/SourcePackages/checkouts/firebase-ios-sdk/FirebaseAuth/Sources/Swift/Utilities/AuthCondition.swift /Users/aaronkeen/Library/Developer/Xcode/DerivedData/NutraSafeBeta-awyabywlaekrybetqgpbjphfxefs/SourcePackages/checkouts/firebase-ios-sdk/FirebaseAuth/Sources/Swift/Utilities/AuthDefaultUIDelegate.swift /Users/aaronkeen/Library/Developer/Xcode/DerivedData/NutraSafeBeta-awyabywlaekrybetqgpbjphfxefs/SourcePackages/checkouts/firebase-ios-sdk/FirebaseAuth/Sources/Swift/Utilities/AuthErrorUtils.swift (in target 'FirebaseAuth' from project 'Firebase')

SwiftCompile normal arm64 /Users/aaronkeen/Library/Developer/Xcode/DerivedData/NutraSafeBeta-awyabywlaekrybetqgpbjphfxefs/SourcePackages/checkouts/firebase-ios-sdk/FirebaseAuth/Sources/Swift/User/User.swift (in target 'FirebaseAuth' from project 'Firebase')
    cd /Users/aaronkeen/Documents/My\ Apps/NutraSafe\ Beta/NutraSafeBeta.xcodeproj
    

SwiftCompile normal arm64 /Users/aaronkeen/Library/Developer/Xcode/DerivedData/NutraSafeBeta-awyabywlaekrybetqgpbjphfxefs/SourcePackages/checkouts/firebase-ios-sdk/FirebaseAuth/Sources/Swift/User/UserInfo.swift (in target 'FirebaseAuth' from project 'Firebase')
    cd /Users/aaronkeen/Documents/My\ Apps/NutraSafe\ Beta/NutraSafeBeta.xcodeproj
    

SwiftCompile normal arm64 /Users/aaronkeen/Library/Developer/Xcode/DerivedData/NutraSafeBeta-awyabywlaekrybetqgpbjphfxefs/SourcePackages/checkouts/firebase-ios-sdk/FirebaseAuth/Sources/Swift/User/UserInfoImpl.swift (in target 'FirebaseAuth' from project 'Firebase')
    cd /Users/aaronkeen/Documents/My\ Apps/NutraSafe\ Beta/NutraSafeBeta.xcodeproj
    

SwiftCompile normal arm64 /Users/aaronkeen/Library/Developer/Xcode/DerivedData/NutraSafeBeta-awyabywlaekrybetqgpbjphfxefs/SourcePackages/checkouts/firebase-ios-sdk/FirebaseAuth/Sources/Swift/User/UserMetadata.swift (in target 'FirebaseAuth' from project 'Firebase')
    cd /Users/aaronkeen/Documents/My\ Apps/NutraSafe\ Beta/NutraSafeBeta.xcodeproj
    

SwiftCompile normal arm64 /Users/aaronkeen/Library/Developer/Xcode/DerivedData/NutraSafeBeta-awyabywlaekrybetqgpbjphfxefs/SourcePackages/checkouts/firebase-ios-sdk/FirebaseAuth/Sources/Swift/User/UserProfileChangeRequest.swift (in target 'FirebaseAuth' from project 'Firebase')
    cd /Users/aaronkeen/Documents/My\ Apps/NutraSafe\ Beta/NutraSafeBeta.xcodeproj
    

SwiftCompile normal arm64 /Users/aaronkeen/Library/Developer/Xcode/DerivedData/NutraSafeBeta-awyabywlaekrybetqgpbjphfxefs/SourcePackages/checkouts/firebase-ios-sdk/FirebaseAuth/Sources/Swift/User/UserProfileUpdate.swift (in target 'FirebaseAuth' from project 'Firebase')
    cd /Users/aaronkeen/Documents/My\ Apps/NutraSafe\ Beta/NutraSafeBeta.xcodeproj
    

SwiftCompile normal arm64 /Users/aaronkeen/Library/Developer/Xcode/DerivedData/NutraSafeBeta-awyabywlaekrybetqgpbjphfxefs/SourcePackages/checkouts/firebase-ios-sdk/FirebaseAuth/Sources/Swift/Utilities/AuthCondition.swift (in target 'FirebaseAuth' from project 'Firebase')
    cd /Users/aaronkeen/Documents/My\ Apps/NutraSafe\ Beta/NutraSafeBeta.xcodeproj
    

SwiftCompile normal arm64 /Users/aaronkeen/Library/Developer/Xcode/DerivedData/NutraSafeBeta-awyabywlaekrybetqgpbjphfxefs/SourcePackages/checkouts/firebase-ios-sdk/FirebaseAuth/Sources/Swift/Utilities/AuthDefaultUIDelegate.swift (in target 'FirebaseAuth' from project 'Firebase')
    cd /Users/aaronkeen/Documents/My\ Apps/NutraSafe\ Beta/NutraSafeBeta.xcodeproj
    

SwiftCompile normal arm64 /Users/aaronkeen/Library/Developer/Xcode/DerivedData/NutraSafeBeta-awyabywlaekrybetqgpbjphfxefs/SourcePackages/checkouts/firebase-ios-sdk/FirebaseAuth/Sources/Swift/Utilities/AuthErrorUtils.swift (in target 'FirebaseAuth' from project 'Firebase')
    cd /Users/aaronkeen/Documents/My\ Apps/NutraSafe\ Beta/NutraSafeBeta.xcodeproj
    

PrecompileModule /Users/aaronkeen/Library/Developer/Xcode/DerivedData/NutraSafeBeta-awyabywlaekrybetqgpbjphfxefs/Build/Intermediates.noindex/ExplicitPrecompiledModules/unistd-5PGL8MZ1VGJIC9H80OO0104I6.scan
    cd /Users/aaronkeen/Documents/My\ Apps/NutraSafe\ Beta/NutraSafeBeta.xcodeproj
    builtin-precompileModule /Users/aaronkeen/Library/Developer/Xcode/DerivedData/NutraSafeBeta-awyabywlaekrybetqgpbjphfxefs/Build/Intermediates.noindex/ExplicitPrecompiledModules/unistd-5PGL8MZ1VGJIC9H80OO0104I6.scan

SwiftCompile normal arm64 Compiling\ VerifyClientRequest.swift,\ VerifyClientResponse.swift,\ Base64URLEncodedStringExtension.swift,\ MultiFactor.swift,\ MultiFactorAssertion.swift,\ MultiFactorInfo.swift,\ MultiFactorResolver.swift,\ MultiFactorSession.swift,\ PhoneMultiFactorAssertion.swift,\ PhoneMultiFactorGenerator.swift /Users/aaronkeen/Library/Developer/Xcode/DerivedData/NutraSafeBeta-awyabywlaekrybetqgpbjphfxefs/SourcePackages/checkouts/firebase-ios-sdk/FirebaseAuth/Sources/Swift/Backend/VerifyClientRequest.swift /Users/aaronkeen/Library/Developer/Xcode/DerivedData/NutraSafeBeta-awyabywlaekrybetqgpbjphfxefs/SourcePackages/checkouts/firebase-ios-sdk/FirebaseAuth/Sources/Swift/Backend/VerifyClientResponse.swift /Users/aaronkeen/Library/Developer/Xcode/DerivedData/NutraSafeBeta-awyabywlaekrybetqgpbjphfxefs/SourcePackages/checkouts/firebase-ios-sdk/FirebaseAuth/Sources/Swift/Base64URLEncodedStringExtension.swift /Users/aaronkeen/Library/Developer/Xcode/DerivedData/NutraSafeBeta-awyabywlaekrybetqgpbjphfxefs/SourcePackages/checkouts/firebase-ios-sdk/FirebaseAuth/Sources/Swift/MultiFactor/MultiFactor.swift /Users/aaronkeen/Library/Developer/Xcode/DerivedData/NutraSafeBeta-awyabywlaekrybetqgpbjphfxefs/SourcePackages/checkouts/firebase-ios-sdk/FirebaseAuth/Sources/Swift/MultiFactor/MultiFactorAssertion.swift /Users/aaronkeen/Library/Developer/Xcode/DerivedData/NutraSafeBeta-awyabywlaekrybetqgpbjphfxefs/SourcePackages/checkouts/firebase-ios-sdk/FirebaseAuth/Sources/Swift/MultiFactor/MultiFactorInfo.swift /Users/aaronkeen/Library/Developer/Xcode/DerivedData/NutraSafeBeta-awyabywlaekrybetqgpbjphfxefs/SourcePackages/checkouts/firebase-ios-sdk/FirebaseAuth/Sources/Swift/MultiFactor/MultiFactorResolver.swift /Users/aaronkeen/Library/Developer/Xcode/DerivedData/NutraSafeBeta-awyabywlaekrybetqgpbjphfxefs/SourcePackages/checkouts/firebase-ios-sdk/FirebaseAuth/Sources/Swift/MultiFactor/MultiFactorSession.swift /Users/aaronkeen/Library/Developer/Xcode/DerivedData/NutraSafeBeta-awyabywlaekrybetqgpbjphfxefs/SourcePackages/checkouts/firebase-ios-sdk/FirebaseAuth/Sources/Swift/MultiFactor/Phone/PhoneMultiFactorAssertion.swift /Users/aaronkeen/Library/Developer/Xcode/DerivedData/NutraSafeBeta-awyabywlaekrybetqgpbjphfxefs/SourcePackages/checkouts/firebase-ios-sdk/FirebaseAuth/Sources/Swift/MultiFactor/Phone/PhoneMultiFactorGenerator.swift (in target 'FirebaseAuth' from project 'Firebase')

SwiftCompile normal arm64 /Users/aaronkeen/Library/Developer/Xcode/DerivedData/NutraSafeBeta-awyabywlaekrybetqgpbjphfxefs/SourcePackages/checkouts/firebase-ios-sdk/FirebaseAuth/Sources/Swift/Backend/VerifyClientRequest.swift (in target 'FirebaseAuth' from project 'Firebase')
    cd /Users/aaronkeen/Documents/My\ Apps/NutraSafe\ Beta/NutraSafeBeta.xcodeproj
    

SwiftCompile normal arm64 /Users/aaronkeen/Library/Developer/Xcode/DerivedData/NutraSafeBeta-awyabywlaekrybetqgpbjphfxefs/SourcePackages/checkouts/firebase-ios-sdk/FirebaseAuth/Sources/Swift/Backend/VerifyClientResponse.swift (in target 'FirebaseAuth' from project 'Firebase')
    cd /Users/aaronkeen/Documents/My\ Apps/NutraSafe\ Beta/NutraSafeBeta.xcodeproj
    

SwiftCompile normal arm64 /Users/aaronkeen/Library/Developer/Xcode/DerivedData/NutraSafeBeta-awyabywlaekrybetqgpbjphfxefs/SourcePackages/checkouts/firebase-ios-sdk/FirebaseAuth/Sources/Swift/Base64URLEncodedStringExtension.swift (in target 'FirebaseAuth' from project 'Firebase')
    cd /Users/aaronkeen/Documents/My\ Apps/NutraSafe\ Beta/NutraSafeBeta.xcodeproj
    

SwiftCompile normal arm64 /Users/aaronkeen/Library/Developer/Xcode/DerivedData/NutraSafeBeta-awyabywlaekrybetqgpbjphfxefs/SourcePackages/checkouts/firebase-ios-sdk/FirebaseAuth/Sources/Swift/MultiFactor/MultiFactor.swift (in target 'FirebaseAuth' from project 'Firebase')
    cd /Users/aaronkeen/Documents/My\ Apps/NutraSafe\ Beta/NutraSafeBeta.xcodeproj
    

SwiftCompile normal arm64 /Users/aaronkeen/Library/Developer/Xcode/DerivedData/NutraSafeBeta-awyabywlaekrybetqgpbjphfxefs/SourcePackages/checkouts/firebase-ios-sdk/FirebaseAuth/Sources/Swift/MultiFactor/MultiFactorAssertion.swift (in target 'FirebaseAuth' from project 'Firebase')
    cd /Users/aaronkeen/Documents/My\ Apps/NutraSafe\ Beta/NutraSafeBeta.xcodeproj
    

SwiftCompile normal arm64 /Users/aaronkeen/Library/Developer/Xcode/DerivedData/NutraSafeBeta-awyabywlaekrybetqgpbjphfxefs/SourcePackages/checkouts/firebase-ios-sdk/FirebaseAuth/Sources/Swift/MultiFactor/MultiFactorInfo.swift (in target 'FirebaseAuth' from project 'Firebase')
    cd /Users/aaronkeen/Documents/My\ Apps/NutraSafe\ Beta/NutraSafeBeta.xcodeproj
    

SwiftCompile normal arm64 /Users/aaronkeen/Library/Developer/Xcode/DerivedData/NutraSafeBeta-awyabywlaekrybetqgpbjphfxefs/SourcePackages/checkouts/firebase-ios-sdk/FirebaseAuth/Sources/Swift/MultiFactor/MultiFactorResolver.swift (in target 'FirebaseAuth' from project 'Firebase')
    cd /Users/aaronkeen/Documents/My\ Apps/NutraSafe\ Beta/NutraSafeBeta.xcodeproj
    

SwiftCompile normal arm64 /Users/aaronkeen/Library/Developer/Xcode/DerivedData/NutraSafeBeta-awyabywlaekrybetqgpbjphfxefs/SourcePackages/checkouts/firebase-ios-sdk/FirebaseAuth/Sources/Swift/MultiFactor/MultiFactorSession.swift (in target 'FirebaseAuth' from project 'Firebase')
    cd /Users/aaronkeen/Documents/My\ Apps/NutraSafe\ Beta/NutraSafeBeta.xcodeproj
    

SwiftCompile normal arm64 /Users/aaronkeen/Library/Developer/Xcode/DerivedData/NutraSafeBeta-awyabywlaekrybetqgpbjphfxefs/SourcePackages/checkouts/firebase-ios-sdk/FirebaseAuth/Sources/Swift/MultiFactor/Phone/PhoneMultiFactorAssertion.swift (in target 'FirebaseAuth' from project 'Firebase')
    cd /Users/aaronkeen/Documents/My\ Apps/NutraSafe\ Beta/NutraSafeBeta.xcodeproj
    

SwiftCompile normal arm64 /Users/aaronkeen/Library/Developer/Xcode/DerivedData/NutraSafeBeta-awyabywlaekrybetqgpbjphfxefs/SourcePackages/checkouts/firebase-ios-sdk/FirebaseAuth/Sources/Swift/MultiFactor/Phone/PhoneMultiFactorGenerator.swift (in target 'FirebaseAuth' from project 'Firebase')
    cd /Users/aaronkeen/Documents/My\ Apps/NutraSafe\ Beta/NutraSafeBeta.xcodeproj
    

PrecompileModule /Users/aaronkeen/Library/Developer/Xcode/DerivedData/NutraSafeBeta-awyabywlaekrybetqgpbjphfxefs/Build/Intermediates.noindex/ExplicitPrecompiledModules/Darwin-218XOO75NVSDNKOP3US1TGHDM.scan
    cd /Users/aaronkeen/Documents/My\ Apps/NutraSafe\ Beta/NutraSafeBeta.xcodeproj
    builtin-precompileModule /Users/aaronkeen/Library/Developer/Xcode/DerivedData/NutraSafeBeta-awyabywlaekrybetqgpbjphfxefs/Build/Intermediates.noindex/ExplicitPrecompiledModules/Darwin-218XOO75NVSDNKOP3US1TGHDM.scan

Ld /Users/aaronkeen/Library/Developer/Xcode/DerivedData/NutraSafeBeta-awyabywlaekrybetqgpbjphfxefs/Build/Products/Debug-iphonesimulator/GTMSessionFetcherCore.o normal (in target 'GTMSessionFetcherCore' from project 'GTMSessionFetcher')
    cd /Users/aaronkeen/Library/Developer/Xcode/DerivedData/NutraSafeBeta-awyabywlaekrybetqgpbjphfxefs/SourcePackages/checkouts/gtm-session-fetcher
    /Applications/Xcode.app/Contents/Developer/Toolchains/XcodeDefault.xctoolchain/usr/bin/clang -Xlinker -reproducible -target arm64-apple-ios15.0-simulator -r -isysroot /Applications/Xcode.app/Contents/Developer/Platforms/iPhoneSimulator.platform/Developer/SDKs/iPhoneSimulator18.5.sdk -O0 -w -L/Users/aaronkeen/Library/Developer/Xcode/DerivedData/NutraSafeBeta-awyabywlaekrybetqgpbjphfxefs/Build/Intermediates.noindex/EagerLinkingTBDs/Debug-iphonesimulator -L/Users/aaronkeen/Library/Developer/Xcode/DerivedData/NutraSafeBeta-awyabywlaekrybetqgpbjphfxefs/Build/Products/Debug-iphonesimulator -L/Applications/Xcode.app/Contents/Developer/Platforms/iPhoneSimulator.platform/Developer/usr/lib -F/Users/aaronkeen/Library/Developer/Xcode/DerivedData/NutraSafeBeta-awyabywlaekrybetqgpbjphfxefs/Build/Intermediates.noindex/EagerLinkingTBDs/Debug-iphonesimulator -F/Users/aaronkeen/Library/Developer/Xcode/DerivedData/NutraSafeBeta-awyabywlaekrybetqgpbjphfxefs/Build/Products/Debug-iphonesimulator -iframework /Applications/Xcode.app/Contents/Developer/Platforms/iPhoneSimulator.platform/Developer/Library/Frameworks -iframework /Applications/Xcode.app/Contents/Developer/Platforms/iPhoneSimulator.platform/Developer/SDKs/iPhoneSimulator18.5.sdk/Developer/Library/Frameworks -filelist /Users/aaronkeen/Library/Developer/Xcode/DerivedData/NutraSafeBeta-awyabywlaekrybetqgpbjphfxefs/Build/Intermediates.noindex/GTMSessionFetcher.build/Debug-iphonesimulator/GTMSessionFetcherCore.build/Objects-normal/arm64/GTMSessionFetcherCore.LinkFileList -nostdlib -Xlinker -object_path_lto -Xlinker /Users/aaronkeen/Library/Developer/Xcode/DerivedData/NutraSafeBeta-awyabywlaekrybetqgpbjphfxefs/Build/Intermediates.noindex/GTMSessionFetcher.build/Debug-iphonesimulator/GTMSessionFetcherCore.build/Objects-normal/arm64/GTMSessionFetcherCore_lto.o -rdynamic -Xlinker -no_deduplicate -Xlinker -objc_abi_version -Xlinker 2 -Xlinker -dependency_info -Xlinker /Users/aaronkeen/Library/Developer/Xcode/DerivedData/NutraSafeBeta-awyabywlaekrybetqgpbjphfxefs/Build/Intermediates.noindex/GTMSessionFetcher.build/Debug-iphonesimulator/GTMSessionFetcherCore.build/Objects-normal/arm64/GTMSessionFetcherCore_dependency_info.dat -fobjc-arc -fobjc-link-runtime -o /Users/aaronkeen/Library/Developer/Xcode/DerivedData/NutraSafeBeta-awyabywlaekrybetqgpbjphfxefs/Build/Products/Debug-iphonesimulator/GTMSessionFetcherCore.o

PrecompileModule /Users/aaronkeen/Library/Developer/Xcode/DerivedData/NutraSafeBeta-awyabywlaekrybetqgpbjphfxefs/Build/Intermediates.noindex/ExplicitPrecompiledModules/ObjectiveC-8RBVKV9Z76TQ2AT9561NV7SNX.scan
    cd /Users/aaronkeen/Documents/My\ Apps/NutraSafe\ Beta/NutraSafeBeta.xcodeproj
    builtin-precompileModule /Users/aaronkeen/Library/Developer/Xcode/DerivedData/NutraSafeBeta-awyabywlaekrybetqgpbjphfxefs/Build/Intermediates.noindex/ExplicitPrecompiledModules/ObjectiveC-8RBVKV9Z76TQ2AT9561NV7SNX.scan

SwiftCompile normal arm64 Compiling\ AuthAPNSToken.swift,\ AuthAPNSTokenManager.swift,\ AuthAPNSTokenType.swift,\ AuthAppCredential.swift,\ AuthAppCredentialManager.swift,\ AuthNotificationManager.swift,\ AuthStoredUserManager.swift,\ SecureTokenService.swift,\ AdditionalUserInfo.swift /Users/aaronkeen/Library/Developer/Xcode/DerivedData/NutraSafeBeta-awyabywlaekrybetqgpbjphfxefs/SourcePackages/checkouts/firebase-ios-sdk/FirebaseAuth/Sources/Swift/SystemService/AuthAPNSToken.swift /Users/aaronkeen/Library/Developer/Xcode/DerivedData/NutraSafeBeta-awyabywlaekrybetqgpbjphfxefs/SourcePackages/checkouts/firebase-ios-sdk/FirebaseAuth/Sources/Swift/SystemService/AuthAPNSTokenManager.swift /Users/aaronkeen/Library/Developer/Xcode/DerivedData/NutraSafeBeta-awyabywlaekrybetqgpbjphfxefs/SourcePackages/checkouts/firebase-ios-sdk/FirebaseAuth/Sources/Swift/SystemService/AuthAPNSTokenType.swift /Users/aaronkeen/Library/Developer/Xcode/DerivedData/NutraSafeBeta-awyabywlaekrybetqgpbjphfxefs/SourcePackages/checkouts/firebase-ios-sdk/FirebaseAuth/Sources/Swift/SystemService/AuthAppCredential.swift /Users/aaronkeen/Library/Developer/Xcode/DerivedData/NutraSafeBeta-awyabywlaekrybetqgpbjphfxefs/SourcePackages/checkouts/firebase-ios-sdk/FirebaseAuth/Sources/Swift/SystemService/AuthAppCredentialManager.swift /Users/aaronkeen/Library/Developer/Xcode/DerivedData/NutraSafeBeta-awyabywlaekrybetqgpbjphfxefs/SourcePackages/checkouts/firebase-ios-sdk/FirebaseAuth/Sources/Swift/SystemService/AuthNotificationManager.swift /Users/aaronkeen/Library/Developer/Xcode/DerivedData/NutraSafeBeta-awyabywlaekrybetqgpbjphfxefs/SourcePackages/checkouts/firebase-ios-sdk/FirebaseAuth/Sources/Swift/SystemService/AuthStoredUserManager.swift /Users/aaronkeen/Library/Developer/Xcode/DerivedData/NutraSafeBeta-awyabywlaekrybetqgpbjphfxefs/SourcePackages/checkouts/firebase-ios-sdk/FirebaseAuth/Sources/Swift/SystemService/SecureTokenService.swift /Users/aaronkeen/Library/Developer/Xcode/DerivedData/NutraSafeBeta-awyabywlaekrybetqgpbjphfxefs/SourcePackages/checkouts/firebase-ios-sdk/FirebaseAuth/Sources/Swift/User/AdditionalUserInfo.swift (in target 'FirebaseAuth' from project 'Firebase')

SwiftCompile normal arm64 /Users/aaronkeen/Library/Developer/Xcode/DerivedData/NutraSafeBeta-awyabywlaekrybetqgpbjphfxefs/SourcePackages/checkouts/firebase-ios-sdk/FirebaseAuth/Sources/Swift/SystemService/AuthAPNSToken.swift (in target 'FirebaseAuth' from project 'Firebase')
    cd /Users/aaronkeen/Documents/My\ Apps/NutraSafe\ Beta/NutraSafeBeta.xcodeproj
    

SwiftCompile normal arm64 /Users/aaronkeen/Library/Developer/Xcode/DerivedData/NutraSafeBeta-awyabywlaekrybetqgpbjphfxefs/SourcePackages/checkouts/firebase-ios-sdk/FirebaseAuth/Sources/Swift/SystemService/AuthAPNSTokenManager.swift (in target 'FirebaseAuth' from project 'Firebase')
    cd /Users/aaronkeen/Documents/My\ Apps/NutraSafe\ Beta/NutraSafeBeta.xcodeproj
    

SwiftCompile normal arm64 /Users/aaronkeen/Library/Developer/Xcode/DerivedData/NutraSafeBeta-awyabywlaekrybetqgpbjphfxefs/SourcePackages/checkouts/firebase-ios-sdk/FirebaseAuth/Sources/Swift/SystemService/AuthAPNSTokenType.swift (in target 'FirebaseAuth' from project 'Firebase')
    cd /Users/aaronkeen/Documents/My\ Apps/NutraSafe\ Beta/NutraSafeBeta.xcodeproj
    

SwiftCompile normal arm64 /Users/aaronkeen/Library/Developer/Xcode/DerivedData/NutraSafeBeta-awyabywlaekrybetqgpbjphfxefs/SourcePackages/checkouts/firebase-ios-sdk/FirebaseAuth/Sources/Swift/SystemService/AuthAppCredential.swift (in target 'FirebaseAuth' from project 'Firebase')
    cd /Users/aaronkeen/Documents/My\ Apps/NutraSafe\ Beta/NutraSafeBeta.xcodeproj
    

SwiftCompile normal arm64 /Users/aaronkeen/Library/Developer/Xcode/DerivedData/NutraSafeBeta-awyabywlaekrybetqgpbjphfxefs/SourcePackages/checkouts/firebase-ios-sdk/FirebaseAuth/Sources/Swift/SystemService/AuthAppCredentialManager.swift (in target 'FirebaseAuth' from project 'Firebase')
    cd /Users/aaronkeen/Documents/My\ Apps/NutraSafe\ Beta/NutraSafeBeta.xcodeproj
    

SwiftCompile normal arm64 /Users/aaronkeen/Library/Developer/Xcode/DerivedData/NutraSafeBeta-awyabywlaekrybetqgpbjphfxefs/SourcePackages/checkouts/firebase-ios-sdk/FirebaseAuth/Sources/Swift/SystemService/AuthNotificationManager.swift (in target 'FirebaseAuth' from project 'Firebase')
    cd /Users/aaronkeen/Documents/My\ Apps/NutraSafe\ Beta/NutraSafeBeta.xcodeproj
    

SwiftCompile normal arm64 /Users/aaronkeen/Library/Developer/Xcode/DerivedData/NutraSafeBeta-awyabywlaekrybetqgpbjphfxefs/SourcePackages/checkouts/firebase-ios-sdk/FirebaseAuth/Sources/Swift/SystemService/AuthStoredUserManager.swift (in target 'FirebaseAuth' from project 'Firebase')
    cd /Users/aaronkeen/Documents/My\ Apps/NutraSafe\ Beta/NutraSafeBeta.xcodeproj
    

SwiftCompile normal arm64 /Users/aaronkeen/Library/Developer/Xcode/DerivedData/NutraSafeBeta-awyabywlaekrybetqgpbjphfxefs/SourcePackages/checkouts/firebase-ios-sdk/FirebaseAuth/Sources/Swift/SystemService/SecureTokenService.swift (in target 'FirebaseAuth' from project 'Firebase')
    cd /Users/aaronkeen/Documents/My\ Apps/NutraSafe\ Beta/NutraSafeBeta.xcodeproj
    

SwiftCompile normal arm64 /Users/aaronkeen/Library/Developer/Xcode/DerivedData/NutraSafeBeta-awyabywlaekrybetqgpbjphfxefs/SourcePackages/checkouts/firebase-ios-sdk/FirebaseAuth/Sources/Swift/User/AdditionalUserInfo.swift (in target 'FirebaseAuth' from project 'Firebase')
    cd /Users/aaronkeen/Documents/My\ Apps/NutraSafe\ Beta/NutraSafeBeta.xcodeproj
    

PrecompileModule /Users/aaronkeen/Library/Developer/Xcode/DerivedData/NutraSafeBeta-awyabywlaekrybetqgpbjphfxefs/Build/Intermediates.noindex/ExplicitPrecompiledModules/os_object-BLSVDTDMXY97FRNUKJM5S1GXQ.scan
    cd /Users/aaronkeen/Documents/My\ Apps/NutraSafe\ Beta/NutraSafeBeta.xcodeproj
    builtin-precompileModule /Users/aaronkeen/Library/Developer/Xcode/DerivedData/NutraSafeBeta-awyabywlaekrybetqgpbjphfxefs/Build/Intermediates.noindex/ExplicitPrecompiledModules/os_object-BLSVDTDMXY97FRNUKJM5S1GXQ.scan

PrecompileModule /Users/aaronkeen/Library/Developer/Xcode/DerivedData/NutraSafeBeta-awyabywlaekrybetqgpbjphfxefs/Build/Intermediates.noindex/ExplicitPrecompiledModules/ObjectiveC-AN8K6UJ4Y91MF6F5G4X60K3BC.scan
    cd /Users/aaronkeen/Documents/My\ Apps/NutraSafe\ Beta/NutraSafeBeta.xcodeproj
    builtin-precompileModule /Users/aaronkeen/Library/Developer/Xcode/DerivedData/NutraSafeBeta-awyabywlaekrybetqgpbjphfxefs/Build/Intermediates.noindex/ExplicitPrecompiledModules/ObjectiveC-AN8K6UJ4Y91MF6F5G4X60K3BC.scan

PrecompileModule /Users/aaronkeen/Library/Developer/Xcode/DerivedData/NutraSafeBeta-awyabywlaekrybetqgpbjphfxefs/Build/Intermediates.noindex/ExplicitPrecompiledModules/os_workgroup-4S86FD93NW92GPP1Y5OK8Q1ZR.scan
    cd /Users/aaronkeen/Documents/My\ Apps/NutraSafe\ Beta/NutraSafeBeta.xcodeproj
    builtin-precompileModule /Users/aaronkeen/Library/Developer/Xcode/DerivedData/NutraSafeBeta-awyabywlaekrybetqgpbjphfxefs/Build/Intermediates.noindex/ExplicitPrecompiledModules/os_workgroup-4S86FD93NW92GPP1Y5OK8Q1ZR.scan

SwiftCompile normal arm64 Compiling\ AuthErrors.swift,\ AuthInternalErrors.swift,\ AuthLog.swift,\ AuthRecaptchaVerifier.swift,\ AuthUIDelegate.swift,\ AuthURLPresenter.swift,\ AuthWebUtils.swift,\ AuthWebView.swift,\ AuthWebViewController.swift /Users/aaronkeen/Library/Developer/Xcode/DerivedData/NutraSafeBeta-awyabywlaekrybetqgpbjphfxefs/SourcePackages/checkouts/firebase-ios-sdk/FirebaseAuth/Sources/Swift/Utilities/AuthErrors.swift /Users/aaronkeen/Library/Developer/Xcode/DerivedData/NutraSafeBeta-awyabywlaekrybetqgpbjphfxefs/SourcePackages/checkouts/firebase-ios-sdk/FirebaseAuth/Sources/Swift/Utilities/AuthInternalErrors.swift /Users/aaronkeen/Library/Developer/Xcode/DerivedData/NutraSafeBeta-awyabywlaekrybetqgpbjphfxefs/SourcePackages/checkouts/firebase-ios-sdk/FirebaseAuth/Sources/Swift/Utilities/AuthLog.swift /Users/aaronkeen/Library/Developer/Xcode/DerivedData/NutraSafeBeta-awyabywlaekrybetqgpbjphfxefs/SourcePackages/checkouts/firebase-ios-sdk/FirebaseAuth/Sources/Swift/Utilities/AuthRecaptchaVerifier.swift /Users/aaronkeen/Library/Developer/Xcode/DerivedData/NutraSafeBeta-awyabywlaekrybetqgpbjphfxefs/SourcePackages/checkouts/firebase-ios-sdk/FirebaseAuth/Sources/Swift/Utilities/AuthUIDelegate.swift /Users/aaronkeen/Library/Developer/Xcode/DerivedData/NutraSafeBeta-awyabywlaekrybetqgpbjphfxefs/SourcePackages/checkouts/firebase-ios-sdk/FirebaseAuth/Sources/Swift/Utilities/AuthURLPresenter.swift /Users/aaronkeen/Library/Developer/Xcode/DerivedData/NutraSafeBeta-awyabywlaekrybetqgpbjphfxefs/SourcePackages/checkouts/firebase-ios-sdk/FirebaseAuth/Sources/Swift/Utilities/AuthWebUtils.swift /Users/aaronkeen/Library/Developer/Xcode/DerivedData/NutraSafeBeta-awyabywlaekrybetqgpbjphfxefs/SourcePackages/checkouts/firebase-ios-sdk/FirebaseAuth/Sources/Swift/Utilities/AuthWebView.swift /Users/aaronkeen/Library/Developer/Xcode/DerivedData/NutraSafeBeta-awyabywlaekrybetqgpbjphfxefs/SourcePackages/checkouts/firebase-ios-sdk/FirebaseAuth/Sources/Swift/Utilities/AuthWebViewController.swift (in target 'FirebaseAuth' from project 'Firebase')

SwiftCompile normal arm64 /Users/aaronkeen/Library/Developer/Xcode/DerivedData/NutraSafeBeta-awyabywlaekrybetqgpbjphfxefs/SourcePackages/checkouts/firebase-ios-sdk/FirebaseAuth/Sources/Swift/Utilities/AuthErrors.swift (in target 'FirebaseAuth' from project 'Firebase')
    cd /Users/aaronkeen/Documents/My\ Apps/NutraSafe\ Beta/NutraSafeBeta.xcodeproj
    

SwiftCompile normal arm64 /Users/aaronkeen/Library/Developer/Xcode/DerivedData/NutraSafeBeta-awyabywlaekrybetqgpbjphfxefs/SourcePackages/checkouts/firebase-ios-sdk/FirebaseAuth/Sources/Swift/Utilities/AuthInternalErrors.swift (in target 'FirebaseAuth' from project 'Firebase')
    cd /Users/aaronkeen/Documents/My\ Apps/NutraSafe\ Beta/NutraSafeBeta.xcodeproj
    

SwiftCompile normal arm64 /Users/aaronkeen/Library/Developer/Xcode/DerivedData/NutraSafeBeta-awyabywlaekrybetqgpbjphfxefs/SourcePackages/checkouts/firebase-ios-sdk/FirebaseAuth/Sources/Swift/Utilities/AuthLog.swift (in target 'FirebaseAuth' from project 'Firebase')
    cd /Users/aaronkeen/Documents/My\ Apps/NutraSafe\ Beta/NutraSafeBeta.xcodeproj
    

SwiftCompile normal arm64 /Users/aaronkeen/Library/Developer/Xcode/DerivedData/NutraSafeBeta-awyabywlaekrybetqgpbjphfxefs/SourcePackages/checkouts/firebase-ios-sdk/FirebaseAuth/Sources/Swift/Utilities/AuthRecaptchaVerifier.swift (in target 'FirebaseAuth' from project 'Firebase')
    cd /Users/aaronkeen/Documents/My\ Apps/NutraSafe\ Beta/NutraSafeBeta.xcodeproj
    

SwiftCompile normal arm64 /Users/aaronkeen/Library/Developer/Xcode/DerivedData/NutraSafeBeta-awyabywlaekrybetqgpbjphfxefs/SourcePackages/checkouts/firebase-ios-sdk/FirebaseAuth/Sources/Swift/Utilities/AuthUIDelegate.swift (in target 'FirebaseAuth' from project 'Firebase')
    cd /Users/aaronkeen/Documents/My\ Apps/NutraSafe\ Beta/NutraSafeBeta.xcodeproj
    

SwiftCompile normal arm64 /Users/aaronkeen/Library/Developer/Xcode/DerivedData/NutraSafeBeta-awyabywlaekrybetqgpbjphfxefs/SourcePackages/checkouts/firebase-ios-sdk/FirebaseAuth/Sources/Swift/Utilities/AuthURLPresenter.swift (in target 'FirebaseAuth' from project 'Firebase')
    cd /Users/aaronkeen/Documents/My\ Apps/NutraSafe\ Beta/NutraSafeBeta.xcodeproj
    

SwiftCompile normal arm64 /Users/aaronkeen/Library/Developer/Xcode/DerivedData/NutraSafeBeta-awyabywlaekrybetqgpbjphfxefs/SourcePackages/checkouts/firebase-ios-sdk/FirebaseAuth/Sources/Swift/Utilities/AuthWebUtils.swift (in target 'FirebaseAuth' from project 'Firebase')
    cd /Users/aaronkeen/Documents/My\ Apps/NutraSafe\ Beta/NutraSafeBeta.xcodeproj
    

SwiftCompile normal arm64 /Users/aaronkeen/Library/Developer/Xcode/DerivedData/NutraSafeBeta-awyabywlaekrybetqgpbjphfxefs/SourcePackages/checkouts/firebase-ios-sdk/FirebaseAuth/Sources/Swift/Utilities/AuthWebView.swift (in target 'FirebaseAuth' from project 'Firebase')
    cd /Users/aaronkeen/Documents/My\ Apps/NutraSafe\ Beta/NutraSafeBeta.xcodeproj
    

SwiftCompile normal arm64 /Users/aaronkeen/Library/Developer/Xcode/DerivedData/NutraSafeBeta-awyabywlaekrybetqgpbjphfxefs/SourcePackages/checkouts/firebase-ios-sdk/FirebaseAuth/Sources/Swift/Utilities/AuthWebViewController.swift (in target 'FirebaseAuth' from project 'Firebase')
    cd /Users/aaronkeen/Documents/My\ Apps/NutraSafe\ Beta/NutraSafeBeta.xcodeproj
    

SwiftCompile normal arm64 Compiling\ AuthRequestConfiguration.swift,\ IdentityToolkitRequest.swift,\ AuthMFAResponse.swift,\ CreateAuthURIRequest.swift,\ CreateAuthURIResponse.swift,\ DeleteAccountRequest.swift,\ DeleteAccountResponse.swift,\ EmailLinkSignInRequest.swift,\ EmailLinkSignInResponse.swift,\ GetAccountInfoRequest.swift /Users/aaronkeen/Library/Developer/Xcode/DerivedData/NutraSafeBeta-awyabywlaekrybetqgpbjphfxefs/SourcePackages/checkouts/firebase-ios-sdk/FirebaseAuth/Sources/Swift/Backend/AuthRequestConfiguration.swift /Users/aaronkeen/Library/Developer/Xcode/DerivedData/NutraSafeBeta-awyabywlaekrybetqgpbjphfxefs/SourcePackages/checkouts/firebase-ios-sdk/FirebaseAuth/Sources/Swift/Backend/IdentityToolkitRequest.swift /Users/aaronkeen/Library/Developer/Xcode/DerivedData/NutraSafeBeta-awyabywlaekrybetqgpbjphfxefs/SourcePackages/checkouts/firebase-ios-sdk/FirebaseAuth/Sources/Swift/Backend/RPC/AuthMFAResponse.swift /Users/aaronkeen/Library/Developer/Xcode/DerivedData/NutraSafeBeta-awyabywlaekrybetqgpbjphfxefs/SourcePackages/checkouts/firebase-ios-sdk/FirebaseAuth/Sources/Swift/Backend/RPC/CreateAuthURIRequest.swift /Users/aaronkeen/Library/Developer/Xcode/DerivedData/NutraSafeBeta-awyabywlaekrybetqgpbjphfxefs/SourcePackages/checkouts/firebase-ios-sdk/FirebaseAuth/Sources/Swift/Backend/RPC/CreateAuthURIResponse.swift /Users/aaronkeen/Library/Developer/Xcode/DerivedData/NutraSafeBeta-awyabywlaekrybetqgpbjphfxefs/SourcePackages/checkouts/firebase-ios-sdk/FirebaseAuth/Sources/Swift/Backend/RPC/DeleteAccountRequest.swift /Users/aaronkeen/Library/Developer/Xcode/DerivedData/NutraSafeBeta-awyabywlaekrybetqgpbjphfxefs/SourcePackages/checkouts/firebase-ios-sdk/FirebaseAuth/Sources/Swift/Backend/RPC/DeleteAccountResponse.swift /Users/aaronkeen/Library/Developer/Xcode/DerivedData/NutraSafeBeta-awyabywlaekrybetqgpbjphfxefs/SourcePackages/checkouts/firebase-ios-sdk/FirebaseAuth/Sources/Swift/Backend/RPC/EmailLinkSignInRequest.swift /Users/aaronkeen/Library/Developer/Xcode/DerivedData/NutraSafeBeta-awyabywlaekrybetqgpbjphfxefs/SourcePackages/checkouts/firebase-ios-sdk/FirebaseAuth/Sources/Swift/Backend/RPC/EmailLinkSignInResponse.swift /Users/aaronkeen/Library/Developer/Xcode/DerivedData/NutraSafeBeta-awyabywlaekrybetqgpbjphfxefs/SourcePackages/checkouts/firebase-ios-sdk/FirebaseAuth/Sources/Swift/Backend/RPC/GetAccountInfoRequest.swift (in target 'FirebaseAuth' from project 'Firebase')

SwiftCompile normal arm64 /Users/aaronkeen/Library/Developer/Xcode/DerivedData/NutraSafeBeta-awyabywlaekrybetqgpbjphfxefs/SourcePackages/checkouts/firebase-ios-sdk/FirebaseAuth/Sources/Swift/Backend/AuthRequestConfiguration.swift (in target 'FirebaseAuth' from project 'Firebase')
    cd /Users/aaronkeen/Documents/My\ Apps/NutraSafe\ Beta/NutraSafeBeta.xcodeproj
    

SwiftCompile normal arm64 /Users/aaronkeen/Library/Developer/Xcode/DerivedData/NutraSafeBeta-awyabywlaekrybetqgpbjphfxefs/SourcePackages/checkouts/firebase-ios-sdk/FirebaseAuth/Sources/Swift/Backend/IdentityToolkitRequest.swift (in target 'FirebaseAuth' from project 'Firebase')
    cd /Users/aaronkeen/Documents/My\ Apps/NutraSafe\ Beta/NutraSafeBeta.xcodeproj
    

SwiftCompile normal arm64 /Users/aaronkeen/Library/Developer/Xcode/DerivedData/NutraSafeBeta-awyabywlaekrybetqgpbjphfxefs/SourcePackages/checkouts/firebase-ios-sdk/FirebaseAuth/Sources/Swift/Backend/RPC/AuthMFAResponse.swift (in target 'FirebaseAuth' from project 'Firebase')
    cd /Users/aaronkeen/Documents/My\ Apps/NutraSafe\ Beta/NutraSafeBeta.xcodeproj
    

SwiftCompile normal arm64 /Users/aaronkeen/Library/Developer/Xcode/DerivedData/NutraSafeBeta-awyabywlaekrybetqgpbjphfxefs/SourcePackages/checkouts/firebase-ios-sdk/FirebaseAuth/Sources/Swift/Backend/RPC/CreateAuthURIRequest.swift (in target 'FirebaseAuth' from project 'Firebase')
    cd /Users/aaronkeen/Documents/My\ Apps/NutraSafe\ Beta/NutraSafeBeta.xcodeproj
    

SwiftCompile normal arm64 /Users/aaronkeen/Library/Developer/Xcode/DerivedData/NutraSafeBeta-awyabywlaekrybetqgpbjphfxefs/SourcePackages/checkouts/firebase-ios-sdk/FirebaseAuth/Sources/Swift/Backend/RPC/CreateAuthURIResponse.swift (in target 'FirebaseAuth' from project 'Firebase')
    cd /Users/aaronkeen/Documents/My\ Apps/NutraSafe\ Beta/NutraSafeBeta.xcodeproj
    

SwiftCompile normal arm64 /Users/aaronkeen/Library/Developer/Xcode/DerivedData/NutraSafeBeta-awyabywlaekrybetqgpbjphfxefs/SourcePackages/checkouts/firebase-ios-sdk/FirebaseAuth/Sources/Swift/Backend/RPC/DeleteAccountRequest.swift (in target 'FirebaseAuth' from project 'Firebase')
    cd /Users/aaronkeen/Documents/My\ Apps/NutraSafe\ Beta/NutraSafeBeta.xcodeproj
    

SwiftCompile normal arm64 /Users/aaronkeen/Library/Developer/Xcode/DerivedData/NutraSafeBeta-awyabywlaekrybetqgpbjphfxefs/SourcePackages/checkouts/firebase-ios-sdk/FirebaseAuth/Sources/Swift/Backend/RPC/DeleteAccountResponse.swift (in target 'FirebaseAuth' from project 'Firebase')
    cd /Users/aaronkeen/Documents/My\ Apps/NutraSafe\ Beta/NutraSafeBeta.xcodeproj
    

SwiftCompile normal arm64 /Users/aaronkeen/Library/Developer/Xcode/DerivedData/NutraSafeBeta-awyabywlaekrybetqgpbjphfxefs/SourcePackages/checkouts/firebase-ios-sdk/FirebaseAuth/Sources/Swift/Backend/RPC/EmailLinkSignInRequest.swift (in target 'FirebaseAuth' from project 'Firebase')
    cd /Users/aaronkeen/Documents/My\ Apps/NutraSafe\ Beta/NutraSafeBeta.xcodeproj
    

SwiftCompile normal arm64 /Users/aaronkeen/Library/Developer/Xcode/DerivedData/NutraSafeBeta-awyabywlaekrybetqgpbjphfxefs/SourcePackages/checkouts/firebase-ios-sdk/FirebaseAuth/Sources/Swift/Backend/RPC/EmailLinkSignInResponse.swift (in target 'FirebaseAuth' from project 'Firebase')
    cd /Users/aaronkeen/Documents/My\ Apps/NutraSafe\ Beta/NutraSafeBeta.xcodeproj
    

SwiftCompile normal arm64 /Users/aaronkeen/Library/Developer/Xcode/DerivedData/NutraSafeBeta-awyabywlaekrybetqgpbjphfxefs/SourcePackages/checkouts/firebase-ios-sdk/FirebaseAuth/Sources/Swift/Backend/RPC/GetAccountInfoRequest.swift (in target 'FirebaseAuth' from project 'Firebase')
    cd /Users/aaronkeen/Documents/My\ Apps/NutraSafe\ Beta/NutraSafeBeta.xcodeproj
    

PrecompileModule /Users/aaronkeen/Library/Developer/Xcode/DerivedData/NutraSafeBeta-awyabywlaekrybetqgpbjphfxefs/Build/Intermediates.noindex/ExplicitPrecompiledModules/os_object-C3GQUM6HUQANZ8BT3A49O4GZV.scan
    cd /Users/aaronkeen/Documents/My\ Apps/NutraSafe\ Beta/NutraSafeBeta.xcodeproj
    builtin-precompileModule /Users/aaronkeen/Library/Developer/Xcode/DerivedData/NutraSafeBeta-awyabywlaekrybetqgpbjphfxefs/Build/Intermediates.noindex/ExplicitPrecompiledModules/os_object-C3GQUM6HUQANZ8BT3A49O4GZV.scan

SwiftDriverJobDiscovery normal arm64 Compiling StartMFAEnrollmentResponse.swift, FinalizeMFASignInRequest.swift, FinalizeMFASignInResponse.swift, StartMFASignInRequest.swift, StartMFASignInResponse.swift, WithdrawMFARequest.swift, WithdrawMFAResponse.swift, AuthProto.swift, AuthProtoMFAEnrollment.swift, AuthProtoFinalizeMFAPhoneRequestInfo.swift (in target 'FirebaseAuth' from project 'Firebase')

PrecompileModule /Users/aaronkeen/Library/Developer/Xcode/DerivedData/NutraSafeBeta-awyabywlaekrybetqgpbjphfxefs/Build/Intermediates.noindex/ExplicitPrecompiledModules/Dispatch-BXFC5VJDSWJW3886T28XTZFC6.scan
    cd /Users/aaronkeen/Documents/My\ Apps/NutraSafe\ Beta/NutraSafeBeta.xcodeproj
    builtin-precompileModule /Users/aaronkeen/Library/Developer/Xcode/DerivedData/NutraSafeBeta-awyabywlaekrybetqgpbjphfxefs/Build/Intermediates.noindex/ExplicitPrecompiledModules/Dispatch-BXFC5VJDSWJW3886T28XTZFC6.scan

SwiftDriverJobDiscovery normal arm64 Compiling AuthRequestConfiguration.swift, IdentityToolkitRequest.swift, AuthMFAResponse.swift, CreateAuthURIRequest.swift, CreateAuthURIResponse.swift, DeleteAccountRequest.swift, DeleteAccountResponse.swift, EmailLinkSignInRequest.swift, EmailLinkSignInResponse.swift, GetAccountInfoRequest.swift (in target 'FirebaseAuth' from project 'Firebase')

SwiftCompile normal arm64 Compiling\ AuthProtoFinalizeMFAPhoneResponseInfo.swift,\ AuthProtoStartMFAPhoneRequestInfo.swift,\ AuthProtoStartMFAPhoneResponseInfo.swift,\ AuthProtoFinalizeMFATOTPEnrollmentRequestInfo.swift,\ AuthProtoFinalizeMFATOTPEnrollmentResponseInfo.swift,\ AuthProtoFinalizeMFATOTPSignInRequestInfo.swift,\ AuthProtoStartMFATOTPEnrollmentRequestInfo.swift,\ AuthProtoStartMFATOTPEnrollmentResponseInfo.swift,\ ResetPasswordRequest.swift,\ ResetPasswordResponse.swift /Users/aaronkeen/Library/Developer/Xcode/DerivedData/NutraSafeBeta-awyabywlaekrybetqgpbjphfxefs/SourcePackages/checkouts/firebase-ios-sdk/FirebaseAuth/Sources/Swift/Backend/RPC/Proto/Phone/AuthProtoFinalizeMFAPhoneResponseInfo.swift /Users/aaronkeen/Library/Developer/Xcode/DerivedData/NutraSafeBeta-awyabywlaekrybetqgpbjphfxefs/SourcePackages/checkouts/firebase-ios-sdk/FirebaseAuth/Sources/Swift/Backend/RPC/Proto/Phone/AuthProtoStartMFAPhoneRequestInfo.swift /Users/aaronkeen/Library/Developer/Xcode/DerivedData/NutraSafeBeta-awyabywlaekrybetqgpbjphfxefs/SourcePackages/checkouts/firebase-ios-sdk/FirebaseAuth/Sources/Swift/Backend/RPC/Proto/Phone/AuthProtoStartMFAPhoneResponseInfo.swift /Users/aaronkeen/Library/Developer/Xcode/DerivedData/NutraSafeBeta-awyabywlaekrybetqgpbjphfxefs/SourcePackages/checkouts/firebase-ios-sdk/FirebaseAuth/Sources/Swift/Backend/RPC/Proto/TOTP/AuthProtoFinalizeMFATOTPEnrollmentRequestInfo.swift /Users/aaronkeen/Library/Developer/Xcode/DerivedData/NutraSafeBeta-awyabywlaekrybetqgpbjphfxefs/SourcePackages/checkouts/firebase-ios-sdk/FirebaseAuth/Sources/Swift/Backend/RPC/Proto/TOTP/AuthProtoFinalizeMFATOTPEnrollmentResponseInfo.swift /Users/aaronkeen/Library/Developer/Xcode/DerivedData/NutraSafeBeta-awyabywlaekrybetqgpbjphfxefs/SourcePackages/checkouts/firebase-ios-sdk/FirebaseAuth/Sources/Swift/Backend/RPC/Proto/TOTP/AuthProtoFinalizeMFATOTPSignInRequestInfo.swift /Users/aaronkeen/Library/Developer/Xcode/DerivedData/NutraSafeBeta-awyabywlaekrybetqgpbjphfxefs/SourcePackages/checkouts/firebase-ios-sdk/FirebaseAuth/Sources/Swift/Backend/RPC/Proto/TOTP/AuthProtoStartMFATOTPEnrollmentRequestInfo.swift /Users/aaronkeen/Library/Developer/Xcode/DerivedData/NutraSafeBeta-awyabywlaekrybetqgpbjphfxefs/SourcePackages/checkouts/firebase-ios-sdk/FirebaseAuth/Sources/Swift/Backend/RPC/Proto/TOTP/AuthProtoStartMFATOTPEnrollmentResponseInfo.swift /Users/aaronkeen/Library/Developer/Xcode/DerivedData/NutraSafeBeta-awyabywlaekrybetqgpbjphfxefs/SourcePackages/checkouts/firebase-ios-sdk/FirebaseAuth/Sources/Swift/Backend/RPC/ResetPasswordRequest.swift /Users/aaronkeen/Library/Developer/Xcode/DerivedData/NutraSafeBeta-awyabywlaekrybetqgpbjphfxefs/SourcePackages/checkouts/firebase-ios-sdk/FirebaseAuth/Sources/Swift/Backend/RPC/ResetPasswordResponse.swift (in target 'FirebaseAuth' from project 'Firebase')

SwiftCompile normal arm64 /Users/aaronkeen/Library/Developer/Xcode/DerivedData/NutraSafeBeta-awyabywlaekrybetqgpbjphfxefs/SourcePackages/checkouts/firebase-ios-sdk/FirebaseAuth/Sources/Swift/Backend/RPC/Proto/Phone/AuthProtoFinalizeMFAPhoneResponseInfo.swift (in target 'FirebaseAuth' from project 'Firebase')
    cd /Users/aaronkeen/Documents/My\ Apps/NutraSafe\ Beta/NutraSafeBeta.xcodeproj
    

SwiftCompile normal arm64 /Users/aaronkeen/Library/Developer/Xcode/DerivedData/NutraSafeBeta-awyabywlaekrybetqgpbjphfxefs/SourcePackages/checkouts/firebase-ios-sdk/FirebaseAuth/Sources/Swift/Backend/RPC/Proto/Phone/AuthProtoStartMFAPhoneRequestInfo.swift (in target 'FirebaseAuth' from project 'Firebase')
    cd /Users/aaronkeen/Documents/My\ Apps/NutraSafe\ Beta/NutraSafeBeta.xcodeproj
    

SwiftCompile normal arm64 /Users/aaronkeen/Library/Developer/Xcode/DerivedData/NutraSafeBeta-awyabywlaekrybetqgpbjphfxefs/SourcePackages/checkouts/firebase-ios-sdk/FirebaseAuth/Sources/Swift/Backend/RPC/Proto/Phone/AuthProtoStartMFAPhoneResponseInfo.swift (in target 'FirebaseAuth' from project 'Firebase')
    cd /Users/aaronkeen/Documents/My\ Apps/NutraSafe\ Beta/NutraSafeBeta.xcodeproj
    

SwiftCompile normal arm64 /Users/aaronkeen/Library/Developer/Xcode/DerivedData/NutraSafeBeta-awyabywlaekrybetqgpbjphfxefs/SourcePackages/checkouts/firebase-ios-sdk/FirebaseAuth/Sources/Swift/Backend/RPC/Proto/TOTP/AuthProtoFinalizeMFATOTPEnrollmentRequestInfo.swift (in target 'FirebaseAuth' from project 'Firebase')
    cd /Users/aaronkeen/Documents/My\ Apps/NutraSafe\ Beta/NutraSafeBeta.xcodeproj
    

SwiftCompile normal arm64 /Users/aaronkeen/Library/Developer/Xcode/DerivedData/NutraSafeBeta-awyabywlaekrybetqgpbjphfxefs/SourcePackages/checkouts/firebase-ios-sdk/FirebaseAuth/Sources/Swift/Backend/RPC/Proto/TOTP/AuthProtoFinalizeMFATOTPEnrollmentResponseInfo.swift (in target 'FirebaseAuth' from project 'Firebase')
    cd /Users/aaronkeen/Documents/My\ Apps/NutraSafe\ Beta/NutraSafeBeta.xcodeproj
    

SwiftCompile normal arm64 /Users/aaronkeen/Library/Developer/Xcode/DerivedData/NutraSafeBeta-awyabywlaekrybetqgpbjphfxefs/SourcePackages/checkouts/firebase-ios-sdk/FirebaseAuth/Sources/Swift/Backend/RPC/Proto/TOTP/AuthProtoFinalizeMFATOTPSignInRequestInfo.swift (in target 'FirebaseAuth' from project 'Firebase')
    cd /Users/aaronkeen/Documents/My\ Apps/NutraSafe\ Beta/NutraSafeBeta.xcodeproj
    

SwiftCompile normal arm64 /Users/aaronkeen/Library/Developer/Xcode/DerivedData/NutraSafeBeta-awyabywlaekrybetqgpbjphfxefs/SourcePackages/checkouts/firebase-ios-sdk/FirebaseAuth/Sources/Swift/Backend/RPC/Proto/TOTP/AuthProtoStartMFATOTPEnrollmentRequestInfo.swift (in target 'FirebaseAuth' from project 'Firebase')
    cd /Users/aaronkeen/Documents/My\ Apps/NutraSafe\ Beta/NutraSafeBeta.xcodeproj
    

SwiftCompile normal arm64 /Users/aaronkeen/Library/Developer/Xcode/DerivedData/NutraSafeBeta-awyabywlaekrybetqgpbjphfxefs/SourcePackages/checkouts/firebase-ios-sdk/FirebaseAuth/Sources/Swift/Backend/RPC/Proto/TOTP/AuthProtoStartMFATOTPEnrollmentResponseInfo.swift (in target 'FirebaseAuth' from project 'Firebase')
    cd /Users/aaronkeen/Documents/My\ Apps/NutraSafe\ Beta/NutraSafeBeta.xcodeproj
    

SwiftCompile normal arm64 /Users/aaronkeen/Library/Developer/Xcode/DerivedData/NutraSafeBeta-awyabywlaekrybetqgpbjphfxefs/SourcePackages/checkouts/firebase-ios-sdk/FirebaseAuth/Sources/Swift/Backend/RPC/ResetPasswordRequest.swift (in target 'FirebaseAuth' from project 'Firebase')
    cd /Users/aaronkeen/Documents/My\ Apps/NutraSafe\ Beta/NutraSafeBeta.xcodeproj
    

SwiftCompile normal arm64 /Users/aaronkeen/Library/Developer/Xcode/DerivedData/NutraSafeBeta-awyabywlaekrybetqgpbjphfxefs/SourcePackages/checkouts/firebase-ios-sdk/FirebaseAuth/Sources/Swift/Backend/RPC/ResetPasswordResponse.swift (in target 'FirebaseAuth' from project 'Firebase')
    cd /Users/aaronkeen/Documents/My\ Apps/NutraSafe\ Beta/NutraSafeBeta.xcodeproj
    

SwiftCompile normal arm64 Compiling\ PhoneMultiFactorInfo.swift,\ TOTPMultFactorAssertion.swift,\ TOTPMultiFactorGenerator.swift,\ TOTPMultiFactorInfo.swift,\ TOTPSecret.swift,\ AuthKeychainServices.swift,\ AuthKeychainStorage.swift,\ AuthKeychainStorageReal.swift,\ AuthUserDefaults.swift /Users/aaronkeen/Library/Developer/Xcode/DerivedData/NutraSafeBeta-awyabywlaekrybetqgpbjphfxefs/SourcePackages/checkouts/firebase-ios-sdk/FirebaseAuth/Sources/Swift/MultiFactor/Phone/PhoneMultiFactorInfo.swift /Users/aaronkeen/Library/Developer/Xcode/DerivedData/NutraSafeBeta-awyabywlaekrybetqgpbjphfxefs/SourcePackages/checkouts/firebase-ios-sdk/FirebaseAuth/Sources/Swift/MultiFactor/TOTP/TOTPMultFactorAssertion.swift /Users/aaronkeen/Library/Developer/Xcode/DerivedData/NutraSafeBeta-awyabywlaekrybetqgpbjphfxefs/SourcePackages/checkouts/firebase-ios-sdk/FirebaseAuth/Sources/Swift/MultiFactor/TOTP/TOTPMultiFactorGenerator.swift /Users/aaronkeen/Library/Developer/Xcode/DerivedData/NutraSafeBeta-awyabywlaekrybetqgpbjphfxefs/SourcePackages/checkouts/firebase-ios-sdk/FirebaseAuth/Sources/Swift/MultiFactor/TOTP/TOTPMultiFactorInfo.swift /Users/aaronkeen/Library/Developer/Xcode/DerivedData/NutraSafeBeta-awyabywlaekrybetqgpbjphfxefs/SourcePackages/checkouts/firebase-ios-sdk/FirebaseAuth/Sources/Swift/MultiFactor/TOTP/TOTPSecret.swift /Users/aaronkeen/Library/Developer/Xcode/DerivedData/NutraSafeBeta-awyabywlaekrybetqgpbjphfxefs/SourcePackages/checkouts/firebase-ios-sdk/FirebaseAuth/Sources/Swift/Storage/AuthKeychainServices.swift /Users/aaronkeen/Library/Developer/Xcode/DerivedData/NutraSafeBeta-awyabywlaekrybetqgpbjphfxefs/SourcePackages/checkouts/firebase-ios-sdk/FirebaseAuth/Sources/Swift/Storage/AuthKeychainStorage.swift /Users/aaronkeen/Library/Developer/Xcode/DerivedData/NutraSafeBeta-awyabywlaekrybetqgpbjphfxefs/SourcePackages/checkouts/firebase-ios-sdk/FirebaseAuth/Sources/Swift/Storage/AuthKeychainStorageReal.swift /Users/aaronkeen/Library/Developer/Xcode/DerivedData/NutraSafeBeta-awyabywlaekrybetqgpbjphfxefs/SourcePackages/checkouts/firebase-ios-sdk/FirebaseAuth/Sources/Swift/Storage/AuthUserDefaults.swift (in target 'FirebaseAuth' from project 'Firebase')

SwiftCompile normal arm64 /Users/aaronkeen/Library/Developer/Xcode/DerivedData/NutraSafeBeta-awyabywlaekrybetqgpbjphfxefs/SourcePackages/checkouts/firebase-ios-sdk/FirebaseAuth/Sources/Swift/MultiFactor/Phone/PhoneMultiFactorInfo.swift (in target 'FirebaseAuth' from project 'Firebase')
    cd /Users/aaronkeen/Documents/My\ Apps/NutraSafe\ Beta/NutraSafeBeta.xcodeproj
    

SwiftCompile normal arm64 /Users/aaronkeen/Library/Developer/Xcode/DerivedData/NutraSafeBeta-awyabywlaekrybetqgpbjphfxefs/SourcePackages/checkouts/firebase-ios-sdk/FirebaseAuth/Sources/Swift/MultiFactor/TOTP/TOTPMultFactorAssertion.swift (in target 'FirebaseAuth' from project 'Firebase')
    cd /Users/aaronkeen/Documents/My\ Apps/NutraSafe\ Beta/NutraSafeBeta.xcodeproj
    

SwiftCompile normal arm64 /Users/aaronkeen/Library/Developer/Xcode/DerivedData/NutraSafeBeta-awyabywlaekrybetqgpbjphfxefs/SourcePackages/checkouts/firebase-ios-sdk/FirebaseAuth/Sources/Swift/MultiFactor/TOTP/TOTPMultiFactorGenerator.swift (in target 'FirebaseAuth' from project 'Firebase')
    cd /Users/aaronkeen/Documents/My\ Apps/NutraSafe\ Beta/NutraSafeBeta.xcodeproj
    

SwiftCompile normal arm64 /Users/aaronkeen/Library/Developer/Xcode/DerivedData/NutraSafeBeta-awyabywlaekrybetqgpbjphfxefs/SourcePackages/checkouts/firebase-ios-sdk/FirebaseAuth/Sources/Swift/MultiFactor/TOTP/TOTPMultiFactorInfo.swift (in target 'FirebaseAuth' from project 'Firebase')
    cd /Users/aaronkeen/Documents/My\ Apps/NutraSafe\ Beta/NutraSafeBeta.xcodeproj
    

SwiftCompile normal arm64 /Users/aaronkeen/Library/Developer/Xcode/DerivedData/NutraSafeBeta-awyabywlaekrybetqgpbjphfxefs/SourcePackages/checkouts/firebase-ios-sdk/FirebaseAuth/Sources/Swift/MultiFactor/TOTP/TOTPSecret.swift (in target 'FirebaseAuth' from project 'Firebase')
    cd /Users/aaronkeen/Documents/My\ Apps/NutraSafe\ Beta/NutraSafeBeta.xcodeproj
    

SwiftCompile normal arm64 /Users/aaronkeen/Library/Developer/Xcode/DerivedData/NutraSafeBeta-awyabywlaekrybetqgpbjphfxefs/SourcePackages/checkouts/firebase-ios-sdk/FirebaseAuth/Sources/Swift/Storage/AuthKeychainServices.swift (in target 'FirebaseAuth' from project 'Firebase')
    cd /Users/aaronkeen/Documents/My\ Apps/NutraSafe\ Beta/NutraSafeBeta.xcodeproj
    

SwiftCompile normal arm64 /Users/aaronkeen/Library/Developer/Xcode/DerivedData/NutraSafeBeta-awyabywlaekrybetqgpbjphfxefs/SourcePackages/checkouts/firebase-ios-sdk/FirebaseAuth/Sources/Swift/Storage/AuthKeychainStorage.swift (in target 'FirebaseAuth' from project 'Firebase')
    cd /Users/aaronkeen/Documents/My\ Apps/NutraSafe\ Beta/NutraSafeBeta.xcodeproj
    

SwiftCompile normal arm64 /Users/aaronkeen/Library/Developer/Xcode/DerivedData/NutraSafeBeta-awyabywlaekrybetqgpbjphfxefs/SourcePackages/checkouts/firebase-ios-sdk/FirebaseAuth/Sources/Swift/Storage/AuthKeychainStorageReal.swift (in target 'FirebaseAuth' from project 'Firebase')
    cd /Users/aaronkeen/Documents/My\ Apps/NutraSafe\ Beta/NutraSafeBeta.xcodeproj
    

SwiftCompile normal arm64 /Users/aaronkeen/Library/Developer/Xcode/DerivedData/NutraSafeBeta-awyabywlaekrybetqgpbjphfxefs/SourcePackages/checkouts/firebase-ios-sdk/FirebaseAuth/Sources/Swift/Storage/AuthUserDefaults.swift (in target 'FirebaseAuth' from project 'Firebase')
    cd /Users/aaronkeen/Documents/My\ Apps/NutraSafe\ Beta/NutraSafeBeta.xcodeproj
    

SwiftDriverJobDiscovery normal arm64 Compiling GetAccountInfoResponse.swift, GetOOBConfirmationCodeRequest.swift, GetOOBConfirmationCodeResponse.swift, GetProjectConfigRequest.swift, GetProjectConfigResponse.swift, GetRecaptchaConfigRequest.swift, GetRecaptchaConfigResponse.swift, FinalizeMFAEnrollmentRequest.swift, FinalizeMFAEnrollmentResponse.swift, StartMFAEnrollmentRequest.swift (in target 'FirebaseAuth' from project 'Firebase')

WriteAuxiliaryFile /Users/aaronkeen/Library/Developer/Xcode/DerivedData/NutraSafeBeta-awyabywlaekrybetqgpbjphfxefs/Build/Intermediates.noindex/gRPC.build/Debug-iphonesimulator/grpcWrapper.build/grpcWrapper.modulemap (in target 'grpcWrapper' from project 'gRPC')
    cd /Users/aaronkeen/Library/Developer/Xcode/DerivedData/NutraSafeBeta-awyabywlaekrybetqgpbjphfxefs/SourcePackages/checkouts/grpc-binary
    write-file /Users/aaronkeen/Library/Developer/Xcode/DerivedData/NutraSafeBeta-awyabywlaekrybetqgpbjphfxefs/Build/Intermediates.noindex/gRPC.build/Debug-iphonesimulator/grpcWrapper.build/grpcWrapper.modulemap

WriteAuxiliaryFile /Users/aaronkeen/Library/Developer/Xcode/DerivedData/NutraSafeBeta-awyabywlaekrybetqgpbjphfxefs/Build/Intermediates.noindex/gRPC.build/Debug-iphonesimulator/grpcWrapper.build/grpcWrapper.DependencyStaticMetadataFileList (in target 'grpcWrapper' from project 'gRPC')
    cd /Users/aaronkeen/Library/Developer/Xcode/DerivedData/NutraSafeBeta-awyabywlaekrybetqgpbjphfxefs/SourcePackages/checkouts/grpc-binary
    write-file /Users/aaronkeen/Library/Developer/Xcode/DerivedData/NutraSafeBeta-awyabywlaekrybetqgpbjphfxefs/Build/Intermediates.noindex/gRPC.build/Debug-iphonesimulator/grpcWrapper.build/grpcWrapper.DependencyStaticMetadataFileList

WriteAuxiliaryFile /Users/aaronkeen/Library/Developer/Xcode/DerivedData/NutraSafeBeta-awyabywlaekrybetqgpbjphfxefs/Build/Intermediates.noindex/gRPC.build/Debug-iphonesimulator/grpcWrapper.build/grpcWrapper.DependencyMetadataFileList (in target 'grpcWrapper' from project 'gRPC')
    cd /Users/aaronkeen/Library/Developer/Xcode/DerivedData/NutraSafeBeta-awyabywlaekrybetqgpbjphfxefs/SourcePackages/checkouts/grpc-binary
    write-file /Users/aaronkeen/Library/Developer/Xcode/DerivedData/NutraSafeBeta-awyabywlaekrybetqgpbjphfxefs/Build/Intermediates.noindex/gRPC.build/Debug-iphonesimulator/grpcWrapper.build/grpcWrapper.DependencyMetadataFileList

WriteAuxiliaryFile /Users/aaronkeen/Library/Developer/Xcode/DerivedData/NutraSafeBeta-awyabywlaekrybetqgpbjphfxefs/Build/Intermediates.noindex/gRPC.build/Debug-iphonesimulator/grpcWrapper.build/Objects-normal/arm64/e6072d4f65d7061329687fe24e3d63a7-common-args.resp (in target 'grpcWrapper' from project 'gRPC')
    cd /Users/aaronkeen/Library/Developer/Xcode/DerivedData/NutraSafeBeta-awyabywlaekrybetqgpbjphfxefs/SourcePackages/checkouts/grpc-binary
    write-file /Users/aaronkeen/Library/Developer/Xcode/DerivedData/NutraSafeBeta-awyabywlaekrybetqgpbjphfxefs/Build/Intermediates.noindex/gRPC.build/Debug-iphonesimulator/grpcWrapper.build/Objects-normal/arm64/e6072d4f65d7061329687fe24e3d63a7-common-args.resp
-target arm64-apple-ios12.0-simulator -fobjc-arc -fmodules -gmodules '-fmodules-cache-path=/Users/aaronkeen/Library/Developer/Xcode/DerivedData/ModuleCache.noindex' '-fmodule-name=grpcWrapper' -fpascal-strings -O0 -DSWIFT_PACKAGE '-DDEBUG=1' '-DOBJC_OLD_DISPATCH_PROTOTYPES=1' -isysroot /Applications/Xcode.app/Contents/Developer/Platforms/iPhoneSimulator.platform/Developer/SDKs/iPhoneSimulator18.5.sdk -g '-fobjc-abi-version=2' -fobjc-legacy-dispatch -I/Users/aaronkeen/Library/Developer/Xcode/DerivedData/NutraSafeBeta-awyabywlaekrybetqgpbjphfxefs/Build/Products/Debug-iphonesimulator/include -I/Users/aaronkeen/Library/Developer/Xcode/DerivedData/NutraSafeBeta-awyabywlaekrybetqgpbjphfxefs/SourcePackages/checkouts/grpc-binary/grpc-Wrapper/include -I/Users/aaronkeen/Library/Developer/Xcode/DerivedData/NutraSafeBeta-awyabywlaekrybetqgpbjphfxefs/Build/Intermediates.noindex/gRPC.build/Debug-iphonesimulator/grpcWrapper.build/DerivedSources-normal/arm64 -I/Users/aaronkeen/Library/Developer/Xcode/DerivedData/NutraSafeBeta-awyabywlaekrybetqgpbjphfxefs/Build/Intermediates.noindex/gRPC.build/Debug-iphonesimulator/grpcWrapper.build/DerivedSources/arm64 -I/Users/aaronkeen/Library/Developer/Xcode/DerivedData/NutraSafeBeta-awyabywlaekrybetqgpbjphfxefs/Build/Intermediates.noindex/gRPC.build/Debug-iphonesimulator/grpcWrapper.build/DerivedSources -F/Users/aaronkeen/Library/Developer/Xcode/DerivedData/NutraSafeBeta-awyabywlaekrybetqgpbjphfxefs/Build/Products/Debug-iphonesimulator -iframework /Applications/Xcode.app/Contents/Developer/Platforms/iPhoneSimulator.platform/Developer/Library/Frameworks -iframework /Applications/Xcode.app/Contents/Developer/Platforms/iPhoneSimulator.platform/Developer/SDKs/iPhoneSimulator18.5.sdk/Developer/Library/Frameworks -DXcode

WriteAuxiliaryFile /Users/aaronkeen/Library/Developer/Xcode/DerivedData/NutraSafeBeta-awyabywlaekrybetqgpbjphfxefs/Build/Intermediates.noindex/gRPC.build/Debug-iphonesimulator/grpcWrapper.build/Objects-normal/arm64/grpcWrapper.LinkFileList (in target 'grpcWrapper' from project 'gRPC')
    cd /Users/aaronkeen/Library/Developer/Xcode/DerivedData/NutraSafeBeta-awyabywlaekrybetqgpbjphfxefs/SourcePackages/checkouts/grpc-binary
    write-file /Users/aaronkeen/Library/Developer/Xcode/DerivedData/NutraSafeBeta-awyabywlaekrybetqgpbjphfxefs/Build/Intermediates.noindex/gRPC.build/Debug-iphonesimulator/grpcWrapper.build/Objects-normal/arm64/grpcWrapper.LinkFileList

WriteAuxiliaryFile /Users/aaronkeen/Library/Developer/Xcode/DerivedData/NutraSafeBeta-awyabywlaekrybetqgpbjphfxefs/Build/Intermediates.noindex/gRPC.build/Debug-iphonesimulator/grpcWrapper.build/DerivedSources/resource_bundle_accessor.m (in target 'grpcWrapper' from project 'gRPC')
    cd /Users/aaronkeen/Library/Developer/Xcode/DerivedData/NutraSafeBeta-awyabywlaekrybetqgpbjphfxefs/SourcePackages/checkouts/grpc-binary
    write-file /Users/aaronkeen/Library/Developer/Xcode/DerivedData/NutraSafeBeta-awyabywlaekrybetqgpbjphfxefs/Build/Intermediates.noindex/gRPC.build/Debug-iphonesimulator/grpcWrapper.build/DerivedSources/resource_bundle_accessor.m

WriteAuxiliaryFile /Users/aaronkeen/Library/Developer/Xcode/DerivedData/NutraSafeBeta-awyabywlaekrybetqgpbjphfxefs/Build/Intermediates.noindex/gRPC.build/Debug-iphonesimulator/grpcWrapper.build/DerivedSources/resource_bundle_accessor.h (in target 'grpcWrapper' from project 'gRPC')
    cd /Users/aaronkeen/Library/Developer/Xcode/DerivedData/NutraSafeBeta-awyabywlaekrybetqgpbjphfxefs/SourcePackages/checkouts/grpc-binary
    write-file /Users/aaronkeen/Library/Developer/Xcode/DerivedData/NutraSafeBeta-awyabywlaekrybetqgpbjphfxefs/Build/Intermediates.noindex/gRPC.build/Debug-iphonesimulator/grpcWrapper.build/DerivedSources/resource_bundle_accessor.h

PrecompileModule /Users/aaronkeen/Library/Developer/Xcode/DerivedData/NutraSafeBeta-awyabywlaekrybetqgpbjphfxefs/Build/Intermediates.noindex/ExplicitPrecompiledModules/os_workgroup-CKCW6C1BQXWQAF7NIZZ1M93DF.scan
    cd /Users/aaronkeen/Documents/My\ Apps/NutraSafe\ Beta/NutraSafeBeta.xcodeproj
    builtin-precompileModule /Users/aaronkeen/Library/Developer/Xcode/DerivedData/NutraSafeBeta-awyabywlaekrybetqgpbjphfxefs/Build/Intermediates.noindex/ExplicitPrecompiledModules/os_workgroup-CKCW6C1BQXWQAF7NIZZ1M93DF.scan

SwiftDriverJobDiscovery normal arm64 Compiling RevokeTokenRequest.swift, RevokeTokenResponse.swift, SecureTokenRequest.swift, SecureTokenResponse.swift, SendVerificationTokenRequest.swift, SendVerificationTokenResponse.swift, SetAccountInfoRequest.swift, SetAccountInfoResponse.swift, SignInWithGameCenterRequest.swift, SignInWithGameCenterResponse.swift (in target 'FirebaseAuth' from project 'Firebase')

SwiftDriverJobDiscovery normal arm64 Compiling VerifyClientRequest.swift, VerifyClientResponse.swift, Base64URLEncodedStringExtension.swift, MultiFactor.swift, MultiFactorAssertion.swift, MultiFactorInfo.swift, MultiFactorResolver.swift, MultiFactorSession.swift, PhoneMultiFactorAssertion.swift, PhoneMultiFactorGenerator.swift (in target 'FirebaseAuth' from project 'Firebase')

SwiftDriverJobDiscovery normal arm64 Emitting module for FirebaseAuth (in target 'FirebaseAuth' from project 'Firebase')

PrecompileModule /Users/aaronkeen/Library/Developer/Xcode/DerivedData/NutraSafeBeta-awyabywlaekrybetqgpbjphfxefs/Build/Intermediates.noindex/ExplicitPrecompiledModules/XPC-3HKLJIJDD2WHVGEM59V2PVRUO.scan
    cd /Users/aaronkeen/Documents/My\ Apps/NutraSafe\ Beta/NutraSafeBeta.xcodeproj
    builtin-precompileModule /Users/aaronkeen/Library/Developer/Xcode/DerivedData/NutraSafeBeta-awyabywlaekrybetqgpbjphfxefs/Build/Intermediates.noindex/ExplicitPrecompiledModules/XPC-3HKLJIJDD2WHVGEM59V2PVRUO.scan

PrecompileModule /Users/aaronkeen/Library/Developer/Xcode/DerivedData/NutraSafeBeta-awyabywlaekrybetqgpbjphfxefs/Build/Intermediates.noindex/ExplicitPrecompiledModules/CoreFoundation-62LAD1WWAC04UCNAH9LKUSBGC.scan
    cd /Users/aaronkeen/Documents/My\ Apps/NutraSafe\ Beta/NutraSafeBeta.xcodeproj
    builtin-precompileModule /Users/aaronkeen/Library/Developer/Xcode/DerivedData/NutraSafeBeta-awyabywlaekrybetqgpbjphfxefs/Build/Intermediates.noindex/ExplicitPrecompiledModules/CoreFoundation-62LAD1WWAC04UCNAH9LKUSBGC.scan

SwiftDriver\ Compilation\ Requirements FirebaseAuth normal arm64 com.apple.xcode.tools.swift.compiler (in target 'FirebaseAuth' from project 'Firebase')
    cd /Users/aaronkeen/Documents/My\ Apps/NutraSafe\ Beta/NutraSafeBeta.xcodeproj
    builtin-Swift-Compilation-Requirements -- /Applications/Xcode.app/Contents/Developer/Toolchains/XcodeDefault.xctoolchain/usr/bin/swiftc -module-name FirebaseAuth -Onone -enforce-exclusivity\=checked @/Users/aaronkeen/Library/Developer/Xcode/DerivedData/NutraSafeBeta-awyabywlaekrybetqgpbjphfxefs/Build/Intermediates.noindex/Firebase.build/Debug-iphonesimulator/FirebaseAuth.build/Objects-normal/arm64/FirebaseAuth.SwiftFileList -DSWIFT_PACKAGE -DDEBUG -Xcc -fmodule-map-file\=/Users/aaronkeen/Library/Developer/Xcode/DerivedData/NutraSafeBeta-awyabywlaekrybetqgpbjphfxefs/Build/Intermediates.noindex/GeneratedModuleMaps-iphonesimulator/RecaptchaInterop.modulemap -Xcc -fmodule-map-file\=/Users/aaronkeen/Library/Developer/Xcode/DerivedData/NutraSafeBeta-awyabywlaekrybetqgpbjphfxefs/Build/Intermediates.noindex/GeneratedModuleMaps-iphonesimulator/GoogleUtilities-Network.modulemap -Xcc -fmodule-map-file\=/Users/aaronkeen/Library/Developer/Xcode/DerivedData/NutraSafeBeta-awyabywlaekrybetqgpbjphfxefs/Build/Intermediates.noindex/GeneratedModuleMaps-iphonesimulator/GoogleUtilities-Reachability.modulemap -Xcc -fmodule-map-file\=/Users/aaronkeen/Library/Developer/Xcode/DerivedData/NutraSafeBeta-awyabywlaekrybetqgpbjphfxefs/Build/Intermediates.noindex/GeneratedModuleMaps-iphonesimulator/GoogleUtilities-NSData.modulemap -Xcc -fmodule-map-file\=/Users/aaronkeen/Library/Developer/Xcode/DerivedData/NutraSafeBeta-awyabywlaekrybetqgpbjphfxefs/Build/Intermediates.noindex/GeneratedModuleMaps-iphonesimulator/GoogleUtilities-Logger.modulemap -Xcc -fmodule-map-file\=/Users/aaronkeen/Library/Developer/Xcode/DerivedData/NutraSafeBeta-awyabywlaekrybetqgpbjphfxefs/Build/Intermediates.noindex/GeneratedModuleMaps-iphonesimulator/GoogleUtilities-Environment.modulemap -Xcc -fmodule-map-file\=/Users/aaronkeen/Library/Developer/Xcode/DerivedData/NutraSafeBeta-awyabywlaekrybetqgpbjphfxefs/Build/Intermediates.noindex/GeneratedModuleMaps-iphonesimulator/third-party-IsAppEncrypted.modulemap -Xcc -fmodule-map-file\=/Users/aaronkeen/Library/Developer/Xcode/DerivedData/NutraSafeBeta-awyabywlaekrybetqgpbjphfxefs/Build/Intermediates.noindex/GeneratedModuleMaps-iphonesimulator/GoogleUtilities-AppDelegateSwizzler.modulemap -Xcc -fmodule-map-file\=/Users/aaronkeen/Library/Developer/Xcode/DerivedData/NutraSafeBeta-awyabywlaekrybetqgpbjphfxefs/Build/Intermediates.noindex/GeneratedModuleMaps-iphonesimulator/GTMSessionFetcherCore.modulemap -Xcc -fmodule-map-file\=/Users/aaronkeen/Library/Developer/Xcode/DerivedData/NutraSafeBeta-awyabywlaekrybetqgpbjphfxefs/Build/Intermediates.noindex/GeneratedModuleMaps-iphonesimulator/FirebaseCoreExtension.modulemap -Xcc -fmodule-map-file\=/Users/aaronkeen/Library/Developer/Xcode/DerivedData/NutraSafeBeta-awyabywlaekrybetqgpbjphfxefs/Build/Intermediates.noindex/GeneratedModuleMaps-iphonesimulator/FirebaseCore.modulemap -Xcc -fmodule-map-file\=/Users/aaronkeen/Library/Developer/Xcode/DerivedData/NutraSafeBeta-awyabywlaekrybetqgpbjphfxefs/Build/Intermediates.noindex/GeneratedModuleMaps-iphonesimulator/FirebaseAuthInternal.modulemap -Xcc -fmodule-map-file\=/Users/aaronkeen/Library/Developer/Xcode/DerivedData/NutraSafeBeta-awyabywlaekrybetqgpbjphfxefs/Build/Intermediates.noindex/GeneratedModuleMaps-iphonesimulator/FirebaseAuthInterop.modulemap -Xcc -fmodule-map-file\=/Users/aaronkeen/Library/Developer/Xcode/DerivedData/NutraSafeBeta-awyabywlaekrybetqgpbjphfxefs/Build/Intermediates.noindex/GeneratedModuleMaps-iphonesimulator/FirebaseAppCheckInterop.modulemap -DXcode -plugin-path /Applications/Xcode.app/Contents/Developer/Toolchains/XcodeDefault.xctoolchain/usr/lib/swift/host/plugins/testing -enable-experimental-feature DebugDescriptionMacro -sdk /Applications/Xcode.app/Contents/Developer/Platforms/iPhoneSimulator.platform/Developer/SDKs/iPhoneSimulator18.5.sdk -target arm64-apple-ios15.0-simulator -g -module-cache-path /Users/aaronkeen/Library/Developer/Xcode/DerivedData/ModuleCache.noindex -Xfrontend -serialize-debugging-options -enable-testing -suppress-warnings -index-store-path /Users/aaronkeen/Library/Developer/Xcode/DerivedData/NutraSafeBeta-awyabywlaekrybetqgpbjphfxefs/Index.noindex/DataStore -swift-version 5 -I /Users/aaronkeen/Library/Developer/Xcode/DerivedData/NutraSafeBeta-awyabywlaekrybetqgpbjphfxefs/Build/Products/Debug-iphonesimulator -I /Applications/Xcode.app/Contents/Developer/Platforms/iPhoneSimulator.platform/Developer/usr/lib -F /Users/aaronkeen/Library/Developer/Xcode/DerivedData/NutraSafeBeta-awyabywlaekrybetqgpbjphfxefs/Build/Products/Debug-iphonesimulator/PackageFrameworks -F /Users/aaronkeen/Library/Developer/Xcode/DerivedData/NutraSafeBeta-awyabywlaekrybetqgpbjphfxefs/Build/Products/Debug-iphonesimulator/PackageFrameworks -F /Users/aaronkeen/Library/Developer/Xcode/DerivedData/NutraSafeBeta-awyabywlaekrybetqgpbjphfxefs/Build/Products/Debug-iphonesimulator/PackageFrameworks -F /Users/aaronkeen/Library/Developer/Xcode/DerivedData/NutraSafeBeta-awyabywlaekrybetqgpbjphfxefs/Build/Products/Debug-iphonesimulator/PackageFrameworks -F /Users/aaronkeen/Library/Developer/Xcode/DerivedData/NutraSafeBeta-awyabywlaekrybetqgpbjphfxefs/Build/Products/Debug-iphonesimulator/PackageFrameworks -F /Users/aaronkeen/Library/Developer/Xcode/DerivedData/NutraSafeBeta-awyabywlaekrybetqgpbjphfxefs/Build/Products/Debug-iphonesimulator/PackageFrameworks -F /Users/aaronkeen/Library/Developer/Xcode/DerivedData/NutraSafeBeta-awyabywlaekrybetqgpbjphfxefs/Build/Products/Debug-iphonesimulator/PackageFrameworks -F /Users/aaronkeen/Library/Developer/Xcode/DerivedData/NutraSafeBeta-awyabywlaekrybetqgpbjphfxefs/Build/Products/Debug-iphonesimulator/PackageFrameworks -F /Users/aaronkeen/Library/Developer/Xcode/DerivedData/NutraSafeBeta-awyabywlaekrybetqgpbjphfxefs/Build/Products/Debug-iphonesimulator/PackageFrameworks -F /Users/aaronkeen/Library/Developer/Xcode/DerivedData/NutraSafeBeta-awyabywlaekrybetqgpbjphfxefs/Build/Products/Debug-iphonesimulator/PackageFrameworks -F /Users/aaronkeen/Library/Developer/Xcode/DerivedData/NutraSafeBeta-awyabywlaekrybetqgpbjphfxefs/Build/Products/Debug-iphonesimulator/PackageFrameworks -F /Users/aaronkeen/Library/Developer/Xcode/DerivedData/NutraSafeBeta-awyabywlaekrybetqgpbjphfxefs/Build/Products/Debug-iphonesimulator/PackageFrameworks -F /Users/aaronkeen/Library/Developer/Xcode/DerivedData/NutraSafeBeta-awyabywlaekrybetqgpbjphfxefs/Build/Products/Debug-iphonesimulator/PackageFrameworks -F /Users/aaronkeen/Library/Developer/Xcode/DerivedData/NutraSafeBeta-awyabywlaekrybetqgpbjphfxefs/Build/Products/Debug-iphonesimulator/PackageFrameworks -F /Users/aaronkeen/Library/Developer/Xcode/DerivedData/NutraSafeBeta-awyabywlaekrybetqgpbjphfxefs/Build/Products/Debug-iphonesimulator/PackageFrameworks -F /Users/aaronkeen/Library/Developer/Xcode/DerivedData/NutraSafeBeta-awyabywlaekrybetqgpbjphfxefs/Build/Products/Debug-iphonesimulator/PackageFrameworks -F /Users/aaronkeen/Library/Developer/Xcode/DerivedData/NutraSafeBeta-awyabywlaekrybetqgpbjphfxefs/Build/Products/Debug-iphonesimulator -F /Applications/Xcode.app/Contents/Developer/Platforms/iPhoneSimulator.platform/Developer/Library/Frameworks -F /Applications/Xcode.app/Contents/Developer/Platforms/iPhoneSimulator.platform/Developer/SDKs/iPhoneSimulator18.5.sdk/Developer/Library/Frameworks -c -j14 -enable-batch-mode -incremental -Xcc -ivfsstatcache -Xcc /Users/aaronkeen/Library/Developer/Xcode/DerivedData/SDKStatCaches.noindex/iphonesimulator18.5-22F76-d5fc8ad4295d2ef488fb7d0f804ce0c4.sdkstatcache -output-file-map /Users/aaronkeen/Library/Developer/Xcode/DerivedData/NutraSafeBeta-awyabywlaekrybetqgpbjphfxefs/Build/Intermediates.noindex/Firebase.build/Debug-iphonesimulator/FirebaseAuth.build/Objects-normal/arm64/FirebaseAuth-OutputFileMap.json -use-frontend-parseable-output -save-temps -no-color-diagnostics -serialize-diagnostics -emit-dependencies -emit-module -emit-module-path /Users/aaronkeen/Library/Developer/Xcode/DerivedData/NutraSafeBeta-awyabywlaekrybetqgpbjphfxefs/Build/Intermediates.noindex/Firebase.build/Debug-iphonesimulator/FirebaseAuth.build/Objects-normal/arm64/FirebaseAuth.swiftmodule -user-module-version 12.2.0 -validate-clang-modules-once -clang-build-session-file /Users/aaronkeen/Library/Developer/Xcode/DerivedData/ModuleCache.noindex/Session.modulevalidation -package-name firebase_ios_sdk -Xcc -I/Users/aaronkeen/Library/Developer/Xcode/DerivedData/NutraSafeBeta-awyabywlaekrybetqgpbjphfxefs/Build/Intermediates.noindex/Firebase.build/Debug-iphonesimulator/FirebaseAuth.build/swift-overrides.hmap -emit-const-values -Xfrontend -const-gather-protocols-file -Xfrontend /Users/aaronkeen/Library/Developer/Xcode/DerivedData/NutraSafeBeta-awyabywlaekrybetqgpbjphfxefs/Build/Intermediates.noindex/Firebase.build/Debug-iphonesimulator/FirebaseAuth.build/Objects-normal/arm64/FirebaseAuth_const_extract_protocols.json -Xcc -I/Users/aaronkeen/Library/Developer/Xcode/DerivedData/NutraSafeBeta-awyabywlaekrybetqgpbjphfxefs/SourcePackages/checkouts/interop-ios-for-google-sdks/RecaptchaEnterprise/RecaptchaInterop/Public -Xcc -I/Users/aaronkeen/Library/Developer/Xcode/DerivedData/NutraSafeBeta-awyabywlaekrybetqgpbjphfxefs/SourcePackages/checkouts/GoogleUtilities/GoogleUtilities/Network/Public -Xcc -I/Users/aaronkeen/Library/Developer/Xcode/DerivedData/NutraSafeBeta-awyabywlaekrybetqgpbjphfxefs/SourcePackages/checkouts/GoogleUtilities/GoogleUtilities/Reachability/Public -Xcc -I/Users/aaronkeen/Library/Developer/Xcode/DerivedData/NutraSafeBeta-awyabywlaekrybetqgpbjphfxefs/SourcePackages/checkouts/GoogleUtilities/GoogleUtilities/NSData+zlib/Public -Xcc -I/Users/aaronkeen/Library/Developer/Xcode/DerivedData/NutraSafeBeta-awyabywlaekrybetqgpbjphfxefs/SourcePackages/checkouts/GoogleUtilities/GoogleUtilities/Logger/Public -Xcc -I/Users/aaronkeen/Library/Developer/Xcode/DerivedData/NutraSafeBeta-awyabywlaekrybetqgpbjphfxefs/SourcePackages/checkouts/GoogleUtilities/GoogleUtilities/Environment/Public -Xcc -I/Users/aaronkeen/Library/Developer/Xcode/DerivedData/NutraSafeBeta-awyabywlaekrybetqgpbjphfxefs/SourcePackages/checkouts/GoogleUtilities/third_party/IsAppEncrypted/Public -Xcc -I/Users/aaronkeen/Library/Developer/Xcode/DerivedData/NutraSafeBeta-awyabywlaekrybetqgpbjphfxefs/SourcePackages/checkouts/GoogleUtilities/GoogleUtilities/AppDelegateSwizzler/Public -Xcc -I/Users/aaronkeen/Library/Developer/Xcode/DerivedData/NutraSafeBeta-awyabywlaekrybetqgpbjphfxefs/SourcePackages/checkouts/gtm-session-fetcher/Sources/Core/Public -Xcc -I/Users/aaronkeen/Library/Developer/Xcode/DerivedData/NutraSafeBeta-awyabywlaekrybetqgpbjphfxefs/SourcePackages/checkouts/firebase-ios-sdk/FirebaseCore/Extension -Xcc -I/Users/aaronkeen/Library/Developer/Xcode/DerivedData/NutraSafeBeta-awyabywlaekrybetqgpbjphfxefs/SourcePackages/checkouts/firebase-ios-sdk/FirebaseCore/Sources/Public -Xcc -I/Users/aaronkeen/Library/Developer/Xcode/DerivedData/NutraSafeBeta-awyabywlaekrybetqgpbjphfxefs/SourcePackages/checkouts/firebase-ios-sdk/CoreOnly/Sources -Xcc -I/Users/aaronkeen/Library/Developer/Xcode/DerivedData/NutraSafeBeta-awyabywlaekrybetqgpbjphfxefs/SourcePackages/checkouts/firebase-ios-sdk/FirebaseAuth/Sources/Public -Xcc -I/Users/aaronkeen/Library/Developer/Xcode/DerivedData/NutraSafeBeta-awyabywlaekrybetqgpbjphfxefs/SourcePackages/checkouts/firebase-ios-sdk/FirebaseAuth/Interop/Public -Xcc -I/Users/aaronkeen/Library/Developer/Xcode/DerivedData/NutraSafeBeta-awyabywlaekrybetqgpbjphfxefs/SourcePackages/checkouts/firebase-ios-sdk/FirebaseAppCheck/Interop/Public -Xcc -I/Users/aaronkeen/Library/Developer/Xcode/DerivedData/NutraSafeBeta-awyabywlaekrybetqgpbjphfxefs/Build/Products/Debug-iphonesimulator/include -Xcc -I/Users/aaronkeen/Library/Developer/Xcode/DerivedData/NutraSafeBeta-awyabywlaekrybetqgpbjphfxefs/Build/Intermediates.noindex/Firebase.build/Debug-iphonesimulator/FirebaseAuth.build/DerivedSources-normal/arm64 -Xcc -I/Users/aaronkeen/Library/Developer/Xcode/DerivedData/NutraSafeBeta-awyabywlaekrybetqgpbjphfxefs/Build/Intermediates.noindex/Firebase.build/Debug-iphonesimulator/FirebaseAuth.build/DerivedSources/arm64 -Xcc -I/Users/aaronkeen/Library/Developer/Xcode/DerivedData/NutraSafeBeta-awyabywlaekrybetqgpbjphfxefs/Build/Intermediates.noindex/Firebase.build/Debug-iphonesimulator/FirebaseAuth.build/DerivedSources -Xcc -DSWIFT_PACKAGE -Xcc -DDEBUG\=1 -emit-objc-header -emit-objc-header-path /Users/aaronkeen/Library/Developer/Xcode/DerivedData/NutraSafeBeta-awyabywlaekrybetqgpbjphfxefs/Build/Intermediates.noindex/Firebase.build/Debug-iphonesimulator/FirebaseAuth.build/Objects-normal/arm64/FirebaseAuth-Swift.h -working-directory /Users/aaronkeen/Documents/My\ Apps/NutraSafe\ Beta/NutraSafeBeta.xcodeproj -experimental-emit-module-separately -disable-cmo

PrecompileModule /Users/aaronkeen/Library/Developer/Xcode/DerivedData/NutraSafeBeta-awyabywlaekrybetqgpbjphfxefs/Build/Intermediates.noindex/ExplicitPrecompiledModules/Dispatch-2Z0K24XSS7CZT3HD7QMZ2PQBU.scan
    cd /Users/aaronkeen/Documents/My\ Apps/NutraSafe\ Beta/NutraSafeBeta.xcodeproj
    builtin-precompileModule /Users/aaronkeen/Library/Developer/Xcode/DerivedData/NutraSafeBeta-awyabywlaekrybetqgpbjphfxefs/Build/Intermediates.noindex/ExplicitPrecompiledModules/Dispatch-2Z0K24XSS7CZT3HD7QMZ2PQBU.scan

SwiftDriverJobDiscovery normal arm64 Compiling AuthAPNSToken.swift, AuthAPNSTokenManager.swift, AuthAPNSTokenType.swift, AuthAppCredential.swift, AuthAppCredentialManager.swift, AuthNotificationManager.swift, AuthStoredUserManager.swift, SecureTokenService.swift, AdditionalUserInfo.swift (in target 'FirebaseAuth' from project 'Firebase')

WriteAuxiliaryFile /Users/aaronkeen/Library/Developer/Xcode/DerivedData/NutraSafeBeta-awyabywlaekrybetqgpbjphfxefs/Build/Intermediates.noindex/gRPC.build/Debug-iphonesimulator/grpcppWrapper.build/grpcppWrapper.DependencyStaticMetadataFileList (in target 'grpcppWrapper' from project 'gRPC')
    cd /Users/aaronkeen/Library/Developer/Xcode/DerivedData/NutraSafeBeta-awyabywlaekrybetqgpbjphfxefs/SourcePackages/checkouts/grpc-binary
    write-file /Users/aaronkeen/Library/Developer/Xcode/DerivedData/NutraSafeBeta-awyabywlaekrybetqgpbjphfxefs/Build/Intermediates.noindex/gRPC.build/Debug-iphonesimulator/grpcppWrapper.build/grpcppWrapper.DependencyStaticMetadataFileList

WriteAuxiliaryFile /Users/aaronkeen/Library/Developer/Xcode/DerivedData/NutraSafeBeta-awyabywlaekrybetqgpbjphfxefs/Build/Intermediates.noindex/gRPC.build/Debug-iphonesimulator/grpcppWrapper.build/grpcppWrapper.DependencyMetadataFileList (in target 'grpcppWrapper' from project 'gRPC')
    cd /Users/aaronkeen/Library/Developer/Xcode/DerivedData/NutraSafeBeta-awyabywlaekrybetqgpbjphfxefs/SourcePackages/checkouts/grpc-binary
    write-file /Users/aaronkeen/Library/Developer/Xcode/DerivedData/NutraSafeBeta-awyabywlaekrybetqgpbjphfxefs/Build/Intermediates.noindex/gRPC.build/Debug-iphonesimulator/grpcppWrapper.build/grpcppWrapper.DependencyMetadataFileList

WriteAuxiliaryFile /Users/aaronkeen/Library/Developer/Xcode/DerivedData/NutraSafeBeta-awyabywlaekrybetqgpbjphfxefs/Build/Intermediates.noindex/gRPC.build/Debug-iphonesimulator/grpcppWrapper.build/grpcppWrapper.modulemap (in target 'grpcppWrapper' from project 'gRPC')
    cd /Users/aaronkeen/Library/Developer/Xcode/DerivedData/NutraSafeBeta-awyabywlaekrybetqgpbjphfxefs/SourcePackages/checkouts/grpc-binary
    write-file /Users/aaronkeen/Library/Developer/Xcode/DerivedData/NutraSafeBeta-awyabywlaekrybetqgpbjphfxefs/Build/Intermediates.noindex/gRPC.build/Debug-iphonesimulator/grpcppWrapper.build/grpcppWrapper.modulemap

WriteAuxiliaryFile /Users/aaronkeen/Library/Developer/Xcode/DerivedData/NutraSafeBeta-awyabywlaekrybetqgpbjphfxefs/Build/Intermediates.noindex/gRPC.build/Debug-iphonesimulator/grpcppWrapper.build/Objects-normal/arm64/e6072d4f65d7061329687fe24e3d63a7-common-args.resp (in target 'grpcppWrapper' from project 'gRPC')
    cd /Users/aaronkeen/Library/Developer/Xcode/DerivedData/NutraSafeBeta-awyabywlaekrybetqgpbjphfxefs/SourcePackages/checkouts/grpc-binary
    write-file /Users/aaronkeen/Library/Developer/Xcode/DerivedData/NutraSafeBeta-awyabywlaekrybetqgpbjphfxefs/Build/Intermediates.noindex/gRPC.build/Debug-iphonesimulator/grpcppWrapper.build/Objects-normal/arm64/e6072d4f65d7061329687fe24e3d63a7-common-args.resp
-target arm64-apple-ios12.0-simulator -fobjc-arc -fmodules -gmodules '-fmodules-cache-path=/Users/aaronkeen/Library/Developer/Xcode/DerivedData/ModuleCache.noindex' '-fmodule-name=grpcppWrapper' -fpascal-strings -O0 -DSWIFT_PACKAGE '-DDEBUG=1' '-DOBJC_OLD_DISPATCH_PROTOTYPES=1' -isysroot /Applications/Xcode.app/Contents/Developer/Platforms/iPhoneSimulator.platform/Developer/SDKs/iPhoneSimulator18.5.sdk -g '-fobjc-abi-version=2' -fobjc-legacy-dispatch -I/Users/aaronkeen/Library/Developer/Xcode/DerivedData/NutraSafeBeta-awyabywlaekrybetqgpbjphfxefs/SourcePackages/checkouts/abseil-cpp-binary/absl-Wrapper/include -I/Users/aaronkeen/Library/Developer/Xcode/DerivedData/NutraSafeBeta-awyabywlaekrybetqgpbjphfxefs/SourcePackages/checkouts/grpc-binary/openssl-grpc-Wrapper/include -I/Users/aaronkeen/Library/Developer/Xcode/DerivedData/NutraSafeBeta-awyabywlaekrybetqgpbjphfxefs/SourcePackages/checkouts/grpc-binary/grpc-Wrapper/include -I/Users/aaronkeen/Library/Developer/Xcode/DerivedData/NutraSafeBeta-awyabywlaekrybetqgpbjphfxefs/Build/Products/Debug-iphonesimulator/include -I/Users/aaronkeen/Library/Developer/Xcode/DerivedData/NutraSafeBeta-awyabywlaekrybetqgpbjphfxefs/SourcePackages/checkouts/grpc-binary/grpcpp-Wrapper/include -I/Users/aaronkeen/Library/Developer/Xcode/DerivedData/NutraSafeBeta-awyabywlaekrybetqgpbjphfxefs/Build/Intermediates.noindex/gRPC.build/Debug-iphonesimulator/grpcppWrapper.build/DerivedSources-normal/arm64 -I/Users/aaronkeen/Library/Developer/Xcode/DerivedData/NutraSafeBeta-awyabywlaekrybetqgpbjphfxefs/Build/Intermediates.noindex/gRPC.build/Debug-iphonesimulator/grpcppWrapper.build/DerivedSources/arm64 -I/Users/aaronkeen/Library/Developer/Xcode/DerivedData/NutraSafeBeta-awyabywlaekrybetqgpbjphfxefs/Build/Intermediates.noindex/gRPC.build/Debug-iphonesimulator/grpcppWrapper.build/DerivedSources -F/Users/aaronkeen/Library/Developer/Xcode/DerivedData/NutraSafeBeta-awyabywlaekrybetqgpbjphfxefs/Build/Products/Debug-iphonesimulator/PackageFrameworks -F/Users/aaronkeen/Library/Developer/Xcode/DerivedData/NutraSafeBeta-awyabywlaekrybetqgpbjphfxefs/Build/Products/Debug-iphonesimulator/PackageFrameworks -F/Users/aaronkeen/Library/Developer/Xcode/DerivedData/NutraSafeBeta-awyabywlaekrybetqgpbjphfxefs/Build/Products/Debug-iphonesimulator/PackageFrameworks -F/Users/aaronkeen/Library/Developer/Xcode/DerivedData/NutraSafeBeta-awyabywlaekrybetqgpbjphfxefs/Build/Products/Debug-iphonesimulator -iframework /Applications/Xcode.app/Contents/Developer/Platforms/iPhoneSimulator.platform/Developer/Library/Frameworks -iframework /Applications/Xcode.app/Contents/Developer/Platforms/iPhoneSimulator.platform/Developer/SDKs/iPhoneSimulator18.5.sdk/Developer/Library/Frameworks '-fmodule-map-file=/Users/aaronkeen/Library/Developer/Xcode/DerivedData/NutraSafeBeta-awyabywlaekrybetqgpbjphfxefs/Build/Intermediates.noindex/GeneratedModuleMaps-iphonesimulator/abslWrapper.modulemap' '-fmodule-map-file=/Users/aaronkeen/Library/Developer/Xcode/DerivedData/NutraSafeBeta-awyabywlaekrybetqgpbjphfxefs/Build/Intermediates.noindex/GeneratedModuleMaps-iphonesimulator/opensslWrapper.modulemap' '-fmodule-map-file=/Users/aaronkeen/Library/Developer/Xcode/DerivedData/NutraSafeBeta-awyabywlaekrybetqgpbjphfxefs/Build/Intermediates.noindex/GeneratedModuleMaps-iphonesimulator/grpcWrapper.modulemap' -DXcode

WriteAuxiliaryFile /Users/aaronkeen/Library/Developer/Xcode/DerivedData/NutraSafeBeta-awyabywlaekrybetqgpbjphfxefs/Build/Intermediates.noindex/gRPC.build/Debug-iphonesimulator/grpcppWrapper.build/Objects-normal/arm64/grpcppWrapper.LinkFileList (in target 'grpcppWrapper' from project 'gRPC')
    cd /Users/aaronkeen/Library/Developer/Xcode/DerivedData/NutraSafeBeta-awyabywlaekrybetqgpbjphfxefs/SourcePackages/checkouts/grpc-binary
    write-file /Users/aaronkeen/Library/Developer/Xcode/DerivedData/NutraSafeBeta-awyabywlaekrybetqgpbjphfxefs/Build/Intermediates.noindex/gRPC.build/Debug-iphonesimulator/grpcppWrapper.build/Objects-normal/arm64/grpcppWrapper.LinkFileList

WriteAuxiliaryFile /Users/aaronkeen/Library/Developer/Xcode/DerivedData/NutraSafeBeta-awyabywlaekrybetqgpbjphfxefs/Build/Intermediates.noindex/gRPC.build/Debug-iphonesimulator/grpcppWrapper.build/DerivedSources/resource_bundle_accessor.m (in target 'grpcppWrapper' from project 'gRPC')
    cd /Users/aaronkeen/Library/Developer/Xcode/DerivedData/NutraSafeBeta-awyabywlaekrybetqgpbjphfxefs/SourcePackages/checkouts/grpc-binary
    write-file /Users/aaronkeen/Library/Developer/Xcode/DerivedData/NutraSafeBeta-awyabywlaekrybetqgpbjphfxefs/Build/Intermediates.noindex/gRPC.build/Debug-iphonesimulator/grpcppWrapper.build/DerivedSources/resource_bundle_accessor.m

WriteAuxiliaryFile /Users/aaronkeen/Library/Developer/Xcode/DerivedData/NutraSafeBeta-awyabywlaekrybetqgpbjphfxefs/Build/Intermediates.noindex/gRPC.build/Debug-iphonesimulator/grpcppWrapper.build/DerivedSources/resource_bundle_accessor.h (in target 'grpcppWrapper' from project 'gRPC')
    cd /Users/aaronkeen/Library/Developer/Xcode/DerivedData/NutraSafeBeta-awyabywlaekrybetqgpbjphfxefs/SourcePackages/checkouts/grpc-binary
    write-file /Users/aaronkeen/Library/Developer/Xcode/DerivedData/NutraSafeBeta-awyabywlaekrybetqgpbjphfxefs/Build/Intermediates.noindex/gRPC.build/Debug-iphonesimulator/grpcppWrapper.build/DerivedSources/resource_bundle_accessor.h

Copy /Users/aaronkeen/Library/Developer/Xcode/DerivedData/NutraSafeBeta-awyabywlaekrybetqgpbjphfxefs/Build/Intermediates.noindex/GeneratedModuleMaps-iphonesimulator/grpcppWrapper.modulemap /Users/aaronkeen/Library/Developer/Xcode/DerivedData/NutraSafeBeta-awyabywlaekrybetqgpbjphfxefs/Build/Intermediates.noindex/gRPC.build/Debug-iphonesimulator/grpcppWrapper.build/grpcppWrapper.modulemap (in target 'grpcppWrapper' from project 'gRPC')
    cd /Users/aaronkeen/Library/Developer/Xcode/DerivedData/NutraSafeBeta-awyabywlaekrybetqgpbjphfxefs/SourcePackages/checkouts/grpc-binary
    builtin-copy -exclude .DS_Store -exclude CVS -exclude .svn -exclude .git -exclude .hg -resolve-src-symlinks /Users/aaronkeen/Library/Developer/Xcode/DerivedData/NutraSafeBeta-awyabywlaekrybetqgpbjphfxefs/Build/Intermediates.noindex/gRPC.build/Debug-iphonesimulator/grpcppWrapper.build/grpcppWrapper.modulemap /Users/aaronkeen/Library/Developer/Xcode/DerivedData/NutraSafeBeta-awyabywlaekrybetqgpbjphfxefs/Build/Intermediates.noindex/GeneratedModuleMaps-iphonesimulator

Copy /Users/aaronkeen/Library/Developer/Xcode/DerivedData/NutraSafeBeta-awyabywlaekrybetqgpbjphfxefs/Build/Intermediates.noindex/GeneratedModuleMaps-iphonesimulator/grpcWrapper.modulemap /Users/aaronkeen/Library/Developer/Xcode/DerivedData/NutraSafeBeta-awyabywlaekrybetqgpbjphfxefs/Build/Intermediates.noindex/gRPC.build/Debug-iphonesimulator/grpcWrapper.build/grpcWrapper.modulemap (in target 'grpcWrapper' from project 'gRPC')
    cd /Users/aaronkeen/Library/Developer/Xcode/DerivedData/NutraSafeBeta-awyabywlaekrybetqgpbjphfxefs/SourcePackages/checkouts/grpc-binary
    builtin-copy -exclude .DS_Store -exclude CVS -exclude .svn -exclude .git -exclude .hg -resolve-src-symlinks /Users/aaronkeen/Library/Developer/Xcode/DerivedData/NutraSafeBeta-awyabywlaekrybetqgpbjphfxefs/Build/Intermediates.noindex/gRPC.build/Debug-iphonesimulator/grpcWrapper.build/grpcWrapper.modulemap /Users/aaronkeen/Library/Developer/Xcode/DerivedData/NutraSafeBeta-awyabywlaekrybetqgpbjphfxefs/Build/Intermediates.noindex/GeneratedModuleMaps-iphonesimulator

WriteAuxiliaryFile /Users/aaronkeen/Library/Developer/Xcode/DerivedData/NutraSafeBeta-awyabywlaekrybetqgpbjphfxefs/Build/Intermediates.noindex/NutraSafeBeta.build/Debug-iphonesimulator/NutraSafe\ Beta.build/empty-NutraSafe\ Beta.plist (in target 'NutraSafe Beta' from project 'NutraSafeBeta')
    cd /Users/aaronkeen/Documents/My\ Apps/NutraSafe\ Beta
    write-file /Users/aaronkeen/Library/Developer/Xcode/DerivedData/NutraSafeBeta-awyabywlaekrybetqgpbjphfxefs/Build/Intermediates.noindex/NutraSafeBeta.build/Debug-iphonesimulator/NutraSafe\ Beta.build/empty-NutraSafe\ Beta.plist

WriteAuxiliaryFile /Users/aaronkeen/Library/Developer/Xcode/DerivedData/NutraSafeBeta-awyabywlaekrybetqgpbjphfxefs/Build/Intermediates.noindex/NutraSafeBeta.build/Debug-iphonesimulator/NutraSafe\ Beta.build/Objects-normal/arm64/NutraSafe\ Beta_const_extract_protocols.json (in target 'NutraSafe Beta' from project 'NutraSafeBeta')
    cd /Users/aaronkeen/Documents/My\ Apps/NutraSafe\ Beta
    write-file /Users/aaronkeen/Library/Developer/Xcode/DerivedData/NutraSafeBeta-awyabywlaekrybetqgpbjphfxefs/Build/Intermediates.noindex/NutraSafeBeta.build/Debug-iphonesimulator/NutraSafe\ Beta.build/Objects-normal/arm64/NutraSafe\ Beta_const_extract_protocols.json

WriteAuxiliaryFile /Users/aaronkeen/Library/Developer/Xcode/DerivedData/NutraSafeBeta-awyabywlaekrybetqgpbjphfxefs/Build/Intermediates.noindex/NutraSafeBeta.build/Debug-iphonesimulator/NutraSafe\ Beta.build/Objects-normal/arm64/NutraSafe\ Beta.SwiftFileList (in target 'NutraSafe Beta' from project 'NutraSafeBeta')
    cd /Users/aaronkeen/Documents/My\ Apps/NutraSafe\ Beta
    write-file /Users/aaronkeen/Library/Developer/Xcode/DerivedData/NutraSafeBeta-awyabywlaekrybetqgpbjphfxefs/Build/Intermediates.noindex/NutraSafeBeta.build/Debug-iphonesimulator/NutraSafe\ Beta.build/Objects-normal/arm64/NutraSafe\ Beta.SwiftFileList

WriteAuxiliaryFile /Users/aaronkeen/Library/Developer/Xcode/DerivedData/NutraSafeBeta-awyabywlaekrybetqgpbjphfxefs/Build/Intermediates.noindex/NutraSafeBeta.build/Debug-iphonesimulator/NutraSafe\ Beta.build/Objects-normal/arm64/NutraSafe\ Beta.SwiftConstValuesFileList (in target 'NutraSafe Beta' from project 'NutraSafeBeta')
    cd /Users/aaronkeen/Documents/My\ Apps/NutraSafe\ Beta
    write-file /Users/aaronkeen/Library/Developer/Xcode/DerivedData/NutraSafeBeta-awyabywlaekrybetqgpbjphfxefs/Build/Intermediates.noindex/NutraSafeBeta.build/Debug-iphonesimulator/NutraSafe\ Beta.build/Objects-normal/arm64/NutraSafe\ Beta.SwiftConstValuesFileList

WriteAuxiliaryFile /Users/aaronkeen/Library/Developer/Xcode/DerivedData/NutraSafeBeta-awyabywlaekrybetqgpbjphfxefs/Build/Intermediates.noindex/NutraSafeBeta.build/Debug-iphonesimulator/NutraSafe\ Beta.build/Objects-normal/arm64/NutraSafe\ Beta.LinkFileList (in target 'NutraSafe Beta' from project 'NutraSafeBeta')
    cd /Users/aaronkeen/Documents/My\ Apps/NutraSafe\ Beta
    write-file /Users/aaronkeen/Library/Developer/Xcode/DerivedData/NutraSafeBeta-awyabywlaekrybetqgpbjphfxefs/Build/Intermediates.noindex/NutraSafeBeta.build/Debug-iphonesimulator/NutraSafe\ Beta.build/Objects-normal/arm64/NutraSafe\ Beta.LinkFileList

WriteAuxiliaryFile /Users/aaronkeen/Library/Developer/Xcode/DerivedData/NutraSafeBeta-awyabywlaekrybetqgpbjphfxefs/Build/Intermediates.noindex/NutraSafeBeta.build/Debug-iphonesimulator/NutraSafe\ Beta.build/Objects-normal/arm64/NutraSafe\ Beta-OutputFileMap.json (in target 'NutraSafe Beta' from project 'NutraSafeBeta')
    cd /Users/aaronkeen/Documents/My\ Apps/NutraSafe\ Beta
    write-file /Users/aaronkeen/Library/Developer/Xcode/DerivedData/NutraSafeBeta-awyabywlaekrybetqgpbjphfxefs/Build/Intermediates.noindex/NutraSafeBeta.build/Debug-iphonesimulator/NutraSafe\ Beta.build/Objects-normal/arm64/NutraSafe\ Beta-OutputFileMap.json

WriteAuxiliaryFile /Users/aaronkeen/Library/Developer/Xcode/DerivedData/NutraSafeBeta-awyabywlaekrybetqgpbjphfxefs/Build/Intermediates.noindex/NutraSafeBeta.build/Debug-iphonesimulator/NutraSafe\ Beta.build/NutraSafe\ Beta.hmap (in target 'NutraSafe Beta' from project 'NutraSafeBeta')
    cd /Users/aaronkeen/Documents/My\ Apps/NutraSafe\ Beta
    write-file /Users/aaronkeen/Library/Developer/Xcode/DerivedData/NutraSafeBeta-awyabywlaekrybetqgpbjphfxefs/Build/Intermediates.noindex/NutraSafeBeta.build/Debug-iphonesimulator/NutraSafe\ Beta.build/NutraSafe\ Beta.hmap

WriteAuxiliaryFile /Users/aaronkeen/Library/Developer/Xcode/DerivedData/NutraSafeBeta-awyabywlaekrybetqgpbjphfxefs/Build/Intermediates.noindex/NutraSafeBeta.build/Debug-iphonesimulator/NutraSafe\ Beta.build/NutraSafe\ Beta.DependencyStaticMetadataFileList (in target 'NutraSafe Beta' from project 'NutraSafeBeta')
    cd /Users/aaronkeen/Documents/My\ Apps/NutraSafe\ Beta
    write-file /Users/aaronkeen/Library/Developer/Xcode/DerivedData/NutraSafeBeta-awyabywlaekrybetqgpbjphfxefs/Build/Intermediates.noindex/NutraSafeBeta.build/Debug-iphonesimulator/NutraSafe\ Beta.build/NutraSafe\ Beta.DependencyStaticMetadataFileList

WriteAuxiliaryFile /Users/aaronkeen/Library/Developer/Xcode/DerivedData/NutraSafeBeta-awyabywlaekrybetqgpbjphfxefs/Build/Intermediates.noindex/NutraSafeBeta.build/Debug-iphonesimulator/NutraSafe\ Beta.build/NutraSafe\ Beta.DependencyMetadataFileList (in target 'NutraSafe Beta' from project 'NutraSafeBeta')
    cd /Users/aaronkeen/Documents/My\ Apps/NutraSafe\ Beta
    write-file /Users/aaronkeen/Library/Developer/Xcode/DerivedData/NutraSafeBeta-awyabywlaekrybetqgpbjphfxefs/Build/Intermediates.noindex/NutraSafeBeta.build/Debug-iphonesimulator/NutraSafe\ Beta.build/NutraSafe\ Beta.DependencyMetadataFileList

WriteAuxiliaryFile /Users/aaronkeen/Library/Developer/Xcode/DerivedData/NutraSafeBeta-awyabywlaekrybetqgpbjphfxefs/Build/Intermediates.noindex/NutraSafeBeta.build/Debug-iphonesimulator/NutraSafe\ Beta.build/NutraSafe\ Beta-project-headers.hmap (in target 'NutraSafe Beta' from project 'NutraSafeBeta')
    cd /Users/aaronkeen/Documents/My\ Apps/NutraSafe\ Beta
    write-file /Users/aaronkeen/Library/Developer/Xcode/DerivedData/NutraSafeBeta-awyabywlaekrybetqgpbjphfxefs/Build/Intermediates.noindex/NutraSafeBeta.build/Debug-iphonesimulator/NutraSafe\ Beta.build/NutraSafe\ Beta-project-headers.hmap

WriteAuxiliaryFile /Users/aaronkeen/Library/Developer/Xcode/DerivedData/NutraSafeBeta-awyabywlaekrybetqgpbjphfxefs/Build/Intermediates.noindex/NutraSafeBeta.build/Debug-iphonesimulator/NutraSafe\ Beta.build/NutraSafe\ Beta-own-target-headers.hmap (in target 'NutraSafe Beta' from project 'NutraSafeBeta')
    cd /Users/aaronkeen/Documents/My\ Apps/NutraSafe\ Beta
    write-file /Users/aaronkeen/Library/Developer/Xcode/DerivedData/NutraSafeBeta-awyabywlaekrybetqgpbjphfxefs/Build/Intermediates.noindex/NutraSafeBeta.build/Debug-iphonesimulator/NutraSafe\ Beta.build/NutraSafe\ Beta-own-target-headers.hmap

WriteAuxiliaryFile /Users/aaronkeen/Library/Developer/Xcode/DerivedData/NutraSafeBeta-awyabywlaekrybetqgpbjphfxefs/Build/Intermediates.noindex/NutraSafeBeta.build/Debug-iphonesimulator/NutraSafe\ Beta.build/NutraSafe\ Beta-generated-files.hmap (in target 'NutraSafe Beta' from project 'NutraSafeBeta')
    cd /Users/aaronkeen/Documents/My\ Apps/NutraSafe\ Beta
    write-file /Users/aaronkeen/Library/Developer/Xcode/DerivedData/NutraSafeBeta-awyabywlaekrybetqgpbjphfxefs/Build/Intermediates.noindex/NutraSafeBeta.build/Debug-iphonesimulator/NutraSafe\ Beta.build/NutraSafe\ Beta-generated-files.hmap

WriteAuxiliaryFile /Users/aaronkeen/Library/Developer/Xcode/DerivedData/NutraSafeBeta-awyabywlaekrybetqgpbjphfxefs/Build/Intermediates.noindex/NutraSafeBeta.build/Debug-iphonesimulator/NutraSafe\ Beta.build/NutraSafe\ Beta-all-target-headers.hmap (in target 'NutraSafe Beta' from project 'NutraSafeBeta')
    cd /Users/aaronkeen/Documents/My\ Apps/NutraSafe\ Beta
    write-file /Users/aaronkeen/Library/Developer/Xcode/DerivedData/NutraSafeBeta-awyabywlaekrybetqgpbjphfxefs/Build/Intermediates.noindex/NutraSafeBeta.build/Debug-iphonesimulator/NutraSafe\ Beta.build/NutraSafe\ Beta-all-target-headers.hmap

WriteAuxiliaryFile /Users/aaronkeen/Library/Developer/Xcode/DerivedData/NutraSafeBeta-awyabywlaekrybetqgpbjphfxefs/Build/Intermediates.noindex/NutraSafeBeta.build/Debug-iphonesimulator/NutraSafe\ Beta.build/NutraSafe\ Beta-all-non-framework-target-headers.hmap (in target 'NutraSafe Beta' from project 'NutraSafeBeta')
    cd /Users/aaronkeen/Documents/My\ Apps/NutraSafe\ Beta
    write-file /Users/aaronkeen/Library/Developer/Xcode/DerivedData/NutraSafeBeta-awyabywlaekrybetqgpbjphfxefs/Build/Intermediates.noindex/NutraSafeBeta.build/Debug-iphonesimulator/NutraSafe\ Beta.build/NutraSafe\ Beta-all-non-framework-target-headers.hmap

WriteAuxiliaryFile /Users/aaronkeen/Library/Developer/Xcode/DerivedData/NutraSafeBeta-awyabywlaekrybetqgpbjphfxefs/Build/Intermediates.noindex/NutraSafeBeta.build/Debug-iphonesimulator/NutraSafe\ Beta.build/NutraSafe\ Beta-DebugDylibPath-normal-arm64.txt (in target 'NutraSafe Beta' from project 'NutraSafeBeta')
    cd /Users/aaronkeen/Documents/My\ Apps/NutraSafe\ Beta
    write-file /Users/aaronkeen/Library/Developer/Xcode/DerivedData/NutraSafeBeta-awyabywlaekrybetqgpbjphfxefs/Build/Intermediates.noindex/NutraSafeBeta.build/Debug-iphonesimulator/NutraSafe\ Beta.build/NutraSafe\ Beta-DebugDylibPath-normal-arm64.txt

WriteAuxiliaryFile /Users/aaronkeen/Library/Developer/Xcode/DerivedData/NutraSafeBeta-awyabywlaekrybetqgpbjphfxefs/Build/Intermediates.noindex/NutraSafeBeta.build/Debug-iphonesimulator/NutraSafe\ Beta.build/NutraSafe\ Beta-DebugDylibInstallName-normal-arm64.txt (in target 'NutraSafe Beta' from project 'NutraSafeBeta')
    cd /Users/aaronkeen/Documents/My\ Apps/NutraSafe\ Beta
    write-file /Users/aaronkeen/Library/Developer/Xcode/DerivedData/NutraSafeBeta-awyabywlaekrybetqgpbjphfxefs/Build/Intermediates.noindex/NutraSafeBeta.build/Debug-iphonesimulator/NutraSafe\ Beta.build/NutraSafe\ Beta-DebugDylibInstallName-normal-arm64.txt

WriteAuxiliaryFile /Users/aaronkeen/Library/Developer/Xcode/DerivedData/NutraSafeBeta-awyabywlaekrybetqgpbjphfxefs/Build/Intermediates.noindex/NutraSafeBeta.build/Debug-iphonesimulator/NutraSafe\ Beta.build/DerivedSources/Entitlements-Simulated.plist (in target 'NutraSafe Beta' from project 'NutraSafeBeta')
    cd /Users/aaronkeen/Documents/My\ Apps/NutraSafe\ Beta
    write-file /Users/aaronkeen/Library/Developer/Xcode/DerivedData/NutraSafeBeta-awyabywlaekrybetqgpbjphfxefs/Build/Intermediates.noindex/NutraSafeBeta.build/Debug-iphonesimulator/NutraSafe\ Beta.build/DerivedSources/Entitlements-Simulated.plist

SwiftMergeGeneratedHeaders /Users/aaronkeen/Library/Developer/Xcode/DerivedData/NutraSafeBeta-awyabywlaekrybetqgpbjphfxefs/Build/Intermediates.noindex/GeneratedModuleMaps-iphonesimulator/FirebaseAuth-Swift.h /Users/aaronkeen/Library/Developer/Xcode/DerivedData/NutraSafeBeta-awyabywlaekrybetqgpbjphfxefs/Build/Intermediates.noindex/Firebase.build/Debug-iphonesimulator/FirebaseAuth.build/Objects-normal/arm64/FirebaseAuth-Swift.h (in target 'FirebaseAuth' from project 'Firebase')
    cd /Users/aaronkeen/Library/Developer/Xcode/DerivedData/NutraSafeBeta-awyabywlaekrybetqgpbjphfxefs/SourcePackages/checkouts/firebase-ios-sdk
    builtin-swiftHeaderTool -arch arm64 /Users/aaronkeen/Library/Developer/Xcode/DerivedData/NutraSafeBeta-awyabywlaekrybetqgpbjphfxefs/Build/Intermediates.noindex/Firebase.build/Debug-iphonesimulator/FirebaseAuth.build/Objects-normal/arm64/FirebaseAuth-Swift.h -o /Users/aaronkeen/Library/Developer/Xcode/DerivedData/NutraSafeBeta-awyabywlaekrybetqgpbjphfxefs/Build/Intermediates.noindex/GeneratedModuleMaps-iphonesimulator/FirebaseAuth-Swift.h

Copy /Users/aaronkeen/Library/Developer/Xcode/DerivedData/NutraSafeBeta-awyabywlaekrybetqgpbjphfxefs/Build/Products/Debug-iphonesimulator/FirebaseAuth.swiftmodule/arm64-apple-ios-simulator.swiftmodule /Users/aaronkeen/Library/Developer/Xcode/DerivedData/NutraSafeBeta-awyabywlaekrybetqgpbjphfxefs/Build/Intermediates.noindex/Firebase.build/Debug-iphonesimulator/FirebaseAuth.build/Objects-normal/arm64/FirebaseAuth.swiftmodule (in target 'FirebaseAuth' from project 'Firebase')
    cd /Users/aaronkeen/Library/Developer/Xcode/DerivedData/NutraSafeBeta-awyabywlaekrybetqgpbjphfxefs/SourcePackages/checkouts/firebase-ios-sdk
    builtin-copy -exclude .DS_Store -exclude CVS -exclude .svn -exclude .git -exclude .hg -resolve-src-symlinks -rename /Users/aaronkeen/Library/Developer/Xcode/DerivedData/NutraSafeBeta-awyabywlaekrybetqgpbjphfxefs/Build/Intermediates.noindex/Firebase.build/Debug-iphonesimulator/FirebaseAuth.build/Objects-normal/arm64/FirebaseAuth.swiftmodule /Users/aaronkeen/Library/Developer/Xcode/DerivedData/NutraSafeBeta-awyabywlaekrybetqgpbjphfxefs/Build/Products/Debug-iphonesimulator/FirebaseAuth.swiftmodule/arm64-apple-ios-simulator.swiftmodule

Copy /Users/aaronkeen/Library/Developer/Xcode/DerivedData/NutraSafeBeta-awyabywlaekrybetqgpbjphfxefs/Build/Products/Debug-iphonesimulator/FirebaseAuth.swiftmodule/arm64-apple-ios-simulator.swiftdoc /Users/aaronkeen/Library/Developer/Xcode/DerivedData/NutraSafeBeta-awyabywlaekrybetqgpbjphfxefs/Build/Intermediates.noindex/Firebase.build/Debug-iphonesimulator/FirebaseAuth.build/Objects-normal/arm64/FirebaseAuth.swiftdoc (in target 'FirebaseAuth' from project 'Firebase')
    cd /Users/aaronkeen/Library/Developer/Xcode/DerivedData/NutraSafeBeta-awyabywlaekrybetqgpbjphfxefs/SourcePackages/checkouts/firebase-ios-sdk
    builtin-copy -exclude .DS_Store -exclude CVS -exclude .svn -exclude .git -exclude .hg -resolve-src-symlinks -rename /Users/aaronkeen/Library/Developer/Xcode/DerivedData/NutraSafeBeta-awyabywlaekrybetqgpbjphfxefs/Build/Intermediates.noindex/Firebase.build/Debug-iphonesimulator/FirebaseAuth.build/Objects-normal/arm64/FirebaseAuth.swiftdoc /Users/aaronkeen/Library/Developer/Xcode/DerivedData/NutraSafeBeta-awyabywlaekrybetqgpbjphfxefs/Build/Products/Debug-iphonesimulator/FirebaseAuth.swiftmodule/arm64-apple-ios-simulator.swiftdoc

Copy /Users/aaronkeen/Library/Developer/Xcode/DerivedData/NutraSafeBeta-awyabywlaekrybetqgpbjphfxefs/Build/Products/Debug-iphonesimulator/FirebaseAuth.swiftmodule/arm64-apple-ios-simulator.abi.json /Users/aaronkeen/Library/Developer/Xcode/DerivedData/NutraSafeBeta-awyabywlaekrybetqgpbjphfxefs/Build/Intermediates.noindex/Firebase.build/Debug-iphonesimulator/FirebaseAuth.build/Objects-normal/arm64/FirebaseAuth.abi.json (in target 'FirebaseAuth' from project 'Firebase')
    cd /Users/aaronkeen/Library/Developer/Xcode/DerivedData/NutraSafeBeta-awyabywlaekrybetqgpbjphfxefs/SourcePackages/checkouts/firebase-ios-sdk
    builtin-copy -exclude .DS_Store -exclude CVS -exclude .svn -exclude .git -exclude .hg -resolve-src-symlinks -rename /Users/aaronkeen/Library/Developer/Xcode/DerivedData/NutraSafeBeta-awyabywlaekrybetqgpbjphfxefs/Build/Intermediates.noindex/Firebase.build/Debug-iphonesimulator/FirebaseAuth.build/Objects-normal/arm64/FirebaseAuth.abi.json /Users/aaronkeen/Library/Developer/Xcode/DerivedData/NutraSafeBeta-awyabywlaekrybetqgpbjphfxefs/Build/Products/Debug-iphonesimulator/FirebaseAuth.swiftmodule/arm64-apple-ios-simulator.abi.json

Copy /Users/aaronkeen/Library/Developer/Xcode/DerivedData/NutraSafeBeta-awyabywlaekrybetqgpbjphfxefs/Build/Products/Debug-iphonesimulator/FirebaseAuth.swiftmodule/Project/arm64-apple-ios-simulator.swiftsourceinfo /Users/aaronkeen/Library/Developer/Xcode/DerivedData/NutraSafeBeta-awyabywlaekrybetqgpbjphfxefs/Build/Intermediates.noindex/Firebase.build/Debug-iphonesimulator/FirebaseAuth.build/Objects-normal/arm64/FirebaseAuth.swiftsourceinfo (in target 'FirebaseAuth' from project 'Firebase')
    cd /Users/aaronkeen/Library/Developer/Xcode/DerivedData/NutraSafeBeta-awyabywlaekrybetqgpbjphfxefs/SourcePackages/checkouts/firebase-ios-sdk
    builtin-copy -exclude .DS_Store -exclude CVS -exclude .svn -exclude .git -exclude .hg -resolve-src-symlinks -rename /Users/aaronkeen/Library/Developer/Xcode/DerivedData/NutraSafeBeta-awyabywlaekrybetqgpbjphfxefs/Build/Intermediates.noindex/Firebase.build/Debug-iphonesimulator/FirebaseAuth.build/Objects-normal/arm64/FirebaseAuth.swiftsourceinfo /Users/aaronkeen/Library/Developer/Xcode/DerivedData/NutraSafeBeta-awyabywlaekrybetqgpbjphfxefs/Build/Products/Debug-iphonesimulator/FirebaseAuth.swiftmodule/Project/arm64-apple-ios-simulator.swiftsourceinfo

PrecompileModule /Users/aaronkeen/Library/Developer/Xcode/DerivedData/NutraSafeBeta-awyabywlaekrybetqgpbjphfxefs/Build/Intermediates.noindex/ExplicitPrecompiledModules/XPC-45MGV5NNHMQY0WOQTAGOB5Y3E.scan
    cd /Users/aaronkeen/Documents/My\ Apps/NutraSafe\ Beta/NutraSafeBeta.xcodeproj
    builtin-precompileModule /Users/aaronkeen/Library/Developer/Xcode/DerivedData/NutraSafeBeta-awyabywlaekrybetqgpbjphfxefs/Build/Intermediates.noindex/ExplicitPrecompiledModules/XPC-45MGV5NNHMQY0WOQTAGOB5Y3E.scan

PrecompileModule /Users/aaronkeen/Library/Developer/Xcode/DerivedData/NutraSafeBeta-awyabywlaekrybetqgpbjphfxefs/Build/Intermediates.noindex/ExplicitPrecompiledModules/CoreFoundation-B65K0QDHKYDHQT1NCU68HHAIR.scan
    cd /Users/aaronkeen/Documents/My\ Apps/NutraSafe\ Beta/NutraSafeBeta.xcodeproj
    builtin-precompileModule /Users/aaronkeen/Library/Developer/Xcode/DerivedData/NutraSafeBeta-awyabywlaekrybetqgpbjphfxefs/Build/Intermediates.noindex/ExplicitPrecompiledModules/CoreFoundation-B65K0QDHKYDHQT1NCU68HHAIR.scan

MkDir /Users/aaronkeen/Library/Developer/Xcode/DerivedData/NutraSafeBeta-awyabywlaekrybetqgpbjphfxefs/Build/Products/Debug-iphonesimulator/NutraSafe\ Beta.app/Frameworks (in target 'NutraSafe Beta' from project 'NutraSafeBeta')
    cd /Users/aaronkeen/Documents/My\ Apps/NutraSafe\ Beta
    /bin/mkdir -p /Users/aaronkeen/Library/Developer/Xcode/DerivedData/NutraSafeBeta-awyabywlaekrybetqgpbjphfxefs/Build/Products/Debug-iphonesimulator/NutraSafe\ Beta.app/Frameworks

MkDir /Users/aaronkeen/Library/Developer/Xcode/DerivedData/NutraSafeBeta-awyabywlaekrybetqgpbjphfxefs/Build/Products/Debug-iphonesimulator/NutraSafe\ Beta.app (in target 'NutraSafe Beta' from project 'NutraSafeBeta')
    cd /Users/aaronkeen/Documents/My\ Apps/NutraSafe\ Beta
    /bin/mkdir -p /Users/aaronkeen/Library/Developer/Xcode/DerivedData/NutraSafeBeta-awyabywlaekrybetqgpbjphfxefs/Build/Products/Debug-iphonesimulator/NutraSafe\ Beta.app

Ld /Users/aaronkeen/Library/Developer/Xcode/DerivedData/NutraSafeBeta-awyabywlaekrybetqgpbjphfxefs/Build/Products/Debug-iphonesimulator/GoogleUtilities-Environment.o normal (in target 'GoogleUtilities-Environment' from project 'GoogleUtilities')
    cd /Users/aaronkeen/Library/Developer/Xcode/DerivedData/NutraSafeBeta-awyabywlaekrybetqgpbjphfxefs/SourcePackages/checkouts/GoogleUtilities
    /Applications/Xcode.app/Contents/Developer/Toolchains/XcodeDefault.xctoolchain/usr/bin/clang -Xlinker -reproducible -target arm64-apple-ios12.0-simulator -r -isysroot /Applications/Xcode.app/Contents/Developer/Platforms/iPhoneSimulator.platform/Developer/SDKs/iPhoneSimulator18.5.sdk -O0 -w -L/Users/aaronkeen/Library/Developer/Xcode/DerivedData/NutraSafeBeta-awyabywlaekrybetqgpbjphfxefs/Build/Intermediates.noindex/EagerLinkingTBDs/Debug-iphonesimulator -L/Users/aaronkeen/Library/Developer/Xcode/DerivedData/NutraSafeBeta-awyabywlaekrybetqgpbjphfxefs/Build/Products/Debug-iphonesimulator -L/Applications/Xcode.app/Contents/Developer/Platforms/iPhoneSimulator.platform/Developer/usr/lib -F/Users/aaronkeen/Library/Developer/Xcode/DerivedData/NutraSafeBeta-awyabywlaekrybetqgpbjphfxefs/Build/Intermediates.noindex/EagerLinkingTBDs/Debug-iphonesimulator -F/Users/aaronkeen/Library/Developer/Xcode/DerivedData/NutraSafeBeta-awyabywlaekrybetqgpbjphfxefs/Build/Products/Debug-iphonesimulator/PackageFrameworks -F/Users/aaronkeen/Library/Developer/Xcode/DerivedData/NutraSafeBeta-awyabywlaekrybetqgpbjphfxefs/Build/Products/Debug-iphonesimulator -iframework /Applications/Xcode.app/Contents/Developer/Platforms/iPhoneSimulator.platform/Developer/Library/Frameworks -iframework /Applications/Xcode.app/Contents/Developer/Platforms/iPhoneSimulator.platform/Developer/SDKs/iPhoneSimulator18.5.sdk/Developer/Library/Frameworks -filelist /Users/aaronkeen/Library/Developer/Xcode/DerivedData/NutraSafeBeta-awyabywlaekrybetqgpbjphfxefs/Build/Intermediates.noindex/GoogleUtilities.build/Debug-iphonesimulator/GoogleUtilities-Environment.build/Objects-normal/arm64/GoogleUtilities-Environment.LinkFileList -nostdlib -Xlinker -object_path_lto -Xlinker /Users/aaronkeen/Library/Developer/Xcode/DerivedData/NutraSafeBeta-awyabywlaekrybetqgpbjphfxefs/Build/Intermediates.noindex/GoogleUtilities.build/Debug-iphonesimulator/GoogleUtilities-Environment.build/Objects-normal/arm64/GoogleUtilities-Environment_lto.o -rdynamic -Xlinker -no_deduplicate -Xlinker -objc_abi_version -Xlinker 2 -Xlinker -dependency_info -Xlinker /Users/aaronkeen/Library/Developer/Xcode/DerivedData/NutraSafeBeta-awyabywlaekrybetqgpbjphfxefs/Build/Intermediates.noindex/GoogleUtilities.build/Debug-iphonesimulator/GoogleUtilities-Environment.build/Objects-normal/arm64/GoogleUtilities-Environment_dependency_info.dat -fobjc-arc -fobjc-link-runtime -o /Users/aaronkeen/Library/Developer/Xcode/DerivedData/NutraSafeBeta-awyabywlaekrybetqgpbjphfxefs/Build/Products/Debug-iphonesimulator/GoogleUtilities-Environment.o

RegisterExecutionPolicyException /Users/aaronkeen/Library/Developer/Xcode/DerivedData/NutraSafeBeta-awyabywlaekrybetqgpbjphfxefs/Build/Products/Debug-iphonesimulator/leveldb.o (in target 'leveldb' from project 'leveldb')
    cd /Users/aaronkeen/Library/Developer/Xcode/DerivedData/NutraSafeBeta-awyabywlaekrybetqgpbjphfxefs/SourcePackages/checkouts/leveldb
    builtin-RegisterExecutionPolicyException /Users/aaronkeen/Library/Developer/Xcode/DerivedData/NutraSafeBeta-awyabywlaekrybetqgpbjphfxefs/Build/Products/Debug-iphonesimulator/leveldb.o

RegisterExecutionPolicyException /Users/aaronkeen/Library/Developer/Xcode/DerivedData/NutraSafeBeta-awyabywlaekrybetqgpbjphfxefs/Build/Products/Debug-iphonesimulator/nanopb.o (in target 'nanopb' from project 'nanopb')
    cd /Users/aaronkeen/Library/Developer/Xcode/DerivedData/NutraSafeBeta-awyabywlaekrybetqgpbjphfxefs/SourcePackages/checkouts/nanopb
    builtin-RegisterExecutionPolicyException /Users/aaronkeen/Library/Developer/Xcode/DerivedData/NutraSafeBeta-awyabywlaekrybetqgpbjphfxefs/Build/Products/Debug-iphonesimulator/nanopb.o

PrecompileModule /Users/aaronkeen/Library/Developer/Xcode/DerivedData/NutraSafeBeta-awyabywlaekrybetqgpbjphfxefs/Build/Intermediates.noindex/ExplicitPrecompiledModules/CFNetwork-2T81OBQ0AOM4VRQ5OHX4I1IEA.scan
    cd /Users/aaronkeen/Documents/My\ Apps/NutraSafe\ Beta/NutraSafeBeta.xcodeproj
    builtin-precompileModule /Users/aaronkeen/Library/Developer/Xcode/DerivedData/NutraSafeBeta-awyabywlaekrybetqgpbjphfxefs/Build/Intermediates.noindex/ExplicitPrecompiledModules/CFNetwork-2T81OBQ0AOM4VRQ5OHX4I1IEA.scan

PrecompileModule /Users/aaronkeen/Library/Developer/Xcode/DerivedData/NutraSafeBeta-awyabywlaekrybetqgpbjphfxefs/Build/Intermediates.noindex/ExplicitPrecompiledModules/Security-2CXNR5NVAPE88AZI813RQGBVO.scan
    cd /Users/aaronkeen/Documents/My\ Apps/NutraSafe\ Beta/NutraSafeBeta.xcodeproj
    builtin-precompileModule /Users/aaronkeen/Library/Developer/Xcode/DerivedData/NutraSafeBeta-awyabywlaekrybetqgpbjphfxefs/Build/Intermediates.noindex/ExplicitPrecompiledModules/Security-2CXNR5NVAPE88AZI813RQGBVO.scan

PrecompileModule /Users/aaronkeen/Library/Developer/Xcode/DerivedData/NutraSafeBeta-awyabywlaekrybetqgpbjphfxefs/Build/Intermediates.noindex/ExplicitPrecompiledModules/CoreGraphics-4UPM8DNOYNRYLCZDECEZGLG3S.scan
    cd /Users/aaronkeen/Documents/My\ Apps/NutraSafe\ Beta/NutraSafeBeta.xcodeproj
    builtin-precompileModule /Users/aaronkeen/Library/Developer/Xcode/DerivedData/NutraSafeBeta-awyabywlaekrybetqgpbjphfxefs/Build/Intermediates.noindex/ExplicitPrecompiledModules/CoreGraphics-4UPM8DNOYNRYLCZDECEZGLG3S.scan

RegisterExecutionPolicyException /Users/aaronkeen/Library/Developer/Xcode/DerivedData/NutraSafeBeta-awyabywlaekrybetqgpbjphfxefs/Build/Products/Debug-iphonesimulator/FirebaseFirestoreInternalWrapper.o (in target 'FirebaseFirestoreInternalWrapper' from project 'Firebase')
    cd /Users/aaronkeen/Library/Developer/Xcode/DerivedData/NutraSafeBeta-awyabywlaekrybetqgpbjphfxefs/SourcePackages/checkouts/firebase-ios-sdk
    builtin-RegisterExecutionPolicyException /Users/aaronkeen/Library/Developer/Xcode/DerivedData/NutraSafeBeta-awyabywlaekrybetqgpbjphfxefs/Build/Products/Debug-iphonesimulator/FirebaseFirestoreInternalWrapper.o

ScanDependencies /Users/aaronkeen/Library/Developer/Xcode/DerivedData/NutraSafeBeta-awyabywlaekrybetqgpbjphfxefs/Build/Intermediates.noindex/gRPC.build/Debug-iphonesimulator/grpcWrapper.build/Objects-normal/arm64/resource_bundle_accessor.o /Users/aaronkeen/Library/Developer/Xcode/DerivedData/NutraSafeBeta-awyabywlaekrybetqgpbjphfxefs/Build/Intermediates.noindex/gRPC.build/Debug-iphonesimulator/grpcWrapper.build/DerivedSources/resource_bundle_accessor.m normal arm64 objective-c com.apple.compilers.llvm.clang.1_0.compiler (in target 'grpcWrapper' from project 'gRPC')
    cd /Users/aaronkeen/Documents/My\ Apps/NutraSafe\ Beta/NutraSafeBeta.xcodeproj
    
    Using response file: /Users/aaronkeen/Library/Developer/Xcode/DerivedData/NutraSafeBeta-awyabywlaekrybetqgpbjphfxefs/Build/Intermediates.noindex/gRPC.build/Debug-iphonesimulator/grpcWrapper.build/Objects-normal/arm64/e6072d4f65d7061329687fe24e3d63a7-common-args.resp
    
    builtin-ScanDependencies -o /Users/aaronkeen/Library/Developer/Xcode/DerivedData/NutraSafeBeta-awyabywlaekrybetqgpbjphfxefs/Build/Intermediates.noindex/gRPC.build/Debug-iphonesimulator/grpcWrapper.build/Objects-normal/arm64/resource_bundle_accessor.o.scan -- /Applications/Xcode.app/Contents/Developer/Toolchains/XcodeDefault.xctoolchain/usr/bin/clang -x objective-c -ivfsstatcache /Users/aaronkeen/Library/Developer/Xcode/DerivedData/SDKStatCaches.noindex/iphonesimulator18.5-22F76-d5fc8ad4295d2ef488fb7d0f804ce0c4.sdkstatcache -fmessage-length\=0 -fdiagnostics-show-note-include-stack -fmacro-backtrace-limit\=0 -fno-color-diagnostics -fmodules-prune-interval\=86400 -fmodules-prune-after\=345600 -fbuild-session-file\=/Users/aaronkeen/Library/Developer/Xcode/DerivedData/ModuleCache.noindex/Session.modulevalidation -fmodules-validate-once-per-build-session -Wnon-modular-include-in-framework-module -Werror\=non-modular-include-in-framework-module -Wno-trigraphs -Wno-missing-field-initializers -Wno-missing-prototypes -Wno-return-type -Wno-implicit-atomic-properties -Wno-objc-interface-ivars -Wno-arc-repeated-use-of-weak -Wno-missing-braces -Wparentheses -Wswitch -Wno-unused-function -Wno-unused-label -Wno-unused-parameter -Wno-unused-variable -Wunused-value -Wno-empty-body -Wno-uninitialized -Wno-unknown-pragmas -w -Wno-shadow -Wno-four-char-constants -Wno-conversion -Wno-constant-conversion -Wno-int-conversion -Wno-bool-conversion -Wno-enum-conversion -Wno-float-conversion -Wno-non-literal-null-conversion -Wno-objc-literal-conversion -Wshorten-64-to-32 -Wpointer-sign -Wno-newline-eof -Wno-selector -Wno-strict-selector-match -Wno-undeclared-selector -Wno-deprecated-implementations -Wno-implicit-fallthrough -fstrict-aliasing -Wprotocol -Wdeprecated-declarations -Wno-sign-conversion -Wno-infinite-recursion -Wno-comma -Wno-block-capture-autoreleasing -Wno-strict-prototypes -Wno-semicolon-before-method-body -index-store-path /Users/aaronkeen/Library/Developer/Xcode/DerivedData/NutraSafeBeta-awyabywlaekrybetqgpbjphfxefs/Index.noindex/DataStore @/Users/aaronkeen/Library/Developer/Xcode/DerivedData/NutraSafeBeta-awyabywlaekrybetqgpbjphfxefs/Build/Intermediates.noindex/gRPC.build/Debug-iphonesimulator/grpcWrapper.build/Objects-normal/arm64/e6072d4f65d7061329687fe24e3d63a7-common-args.resp -include /Users/aaronkeen/Library/Developer/Xcode/DerivedData/NutraSafeBeta-awyabywlaekrybetqgpbjphfxefs/Build/Intermediates.noindex/gRPC.build/Debug-iphonesimulator/grpcWrapper.build/DerivedSources/resource_bundle_accessor.h -MMD -MT dependencies -MF /Users/aaronkeen/Library/Developer/Xcode/DerivedData/NutraSafeBeta-awyabywlaekrybetqgpbjphfxefs/Build/Intermediates.noindex/gRPC.build/Debug-iphonesimulator/grpcWrapper.build/Objects-normal/arm64/resource_bundle_accessor.d --serialize-diagnostics /Users/aaronkeen/Library/Developer/Xcode/DerivedData/NutraSafeBeta-awyabywlaekrybetqgpbjphfxefs/Build/Intermediates.noindex/gRPC.build/Debug-iphonesimulator/grpcWrapper.build/Objects-normal/arm64/resource_bundle_accessor.dia -c /Users/aaronkeen/Library/Developer/Xcode/DerivedData/NutraSafeBeta-awyabywlaekrybetqgpbjphfxefs/Build/Intermediates.noindex/gRPC.build/Debug-iphonesimulator/grpcWrapper.build/DerivedSources/resource_bundle_accessor.m -o /Users/aaronkeen/Library/Developer/Xcode/DerivedData/NutraSafeBeta-awyabywlaekrybetqgpbjphfxefs/Build/Intermediates.noindex/gRPC.build/Debug-iphonesimulator/grpcWrapper.build/Objects-normal/arm64/resource_bundle_accessor.o -index-unit-output-path /gRPC.build/Debug-iphonesimulator/grpcWrapper.build/Objects-normal/arm64/resource_bundle_accessor.o

ScanDependencies /Users/aaronkeen/Library/Developer/Xcode/DerivedData/NutraSafeBeta-awyabywlaekrybetqgpbjphfxefs/Build/Intermediates.noindex/gRPC.build/Debug-iphonesimulator/grpcWrapper.build/Objects-normal/arm64/empty.o /Users/aaronkeen/Library/Developer/Xcode/DerivedData/NutraSafeBeta-awyabywlaekrybetqgpbjphfxefs/SourcePackages/checkouts/grpc-binary/grpc-Wrapper/empty.m normal arm64 objective-c com.apple.compilers.llvm.clang.1_0.compiler (in target 'grpcWrapper' from project 'gRPC')
    cd /Users/aaronkeen/Documents/My\ Apps/NutraSafe\ Beta/NutraSafeBeta.xcodeproj
    
    Using response file: /Users/aaronkeen/Library/Developer/Xcode/DerivedData/NutraSafeBeta-awyabywlaekrybetqgpbjphfxefs/Build/Intermediates.noindex/gRPC.build/Debug-iphonesimulator/grpcWrapper.build/Objects-normal/arm64/e6072d4f65d7061329687fe24e3d63a7-common-args.resp
    
    builtin-ScanDependencies -o /Users/aaronkeen/Library/Developer/Xcode/DerivedData/NutraSafeBeta-awyabywlaekrybetqgpbjphfxefs/Build/Intermediates.noindex/gRPC.build/Debug-iphonesimulator/grpcWrapper.build/Objects-normal/arm64/empty.o.scan -- /Applications/Xcode.app/Contents/Developer/Toolchains/XcodeDefault.xctoolchain/usr/bin/clang -x objective-c -ivfsstatcache /Users/aaronkeen/Library/Developer/Xcode/DerivedData/SDKStatCaches.noindex/iphonesimulator18.5-22F76-d5fc8ad4295d2ef488fb7d0f804ce0c4.sdkstatcache -fmessage-length\=0 -fdiagnostics-show-note-include-stack -fmacro-backtrace-limit\=0 -fno-color-diagnostics -fmodules-prune-interval\=86400 -fmodules-prune-after\=345600 -fbuild-session-file\=/Users/aaronkeen/Library/Developer/Xcode/DerivedData/ModuleCache.noindex/Session.modulevalidation -fmodules-validate-once-per-build-session -Wnon-modular-include-in-framework-module -Werror\=non-modular-include-in-framework-module -Wno-trigraphs -Wno-missing-field-initializers -Wno-missing-prototypes -Wno-return-type -Wno-implicit-atomic-properties -Wno-objc-interface-ivars -Wno-arc-repeated-use-of-weak -Wno-missing-braces -Wparentheses -Wswitch -Wno-unused-function -Wno-unused-label -Wno-unused-parameter -Wno-unused-variable -Wunused-value -Wno-empty-body -Wno-uninitialized -Wno-unknown-pragmas -w -Wno-shadow -Wno-four-char-constants -Wno-conversion -Wno-constant-conversion -Wno-int-conversion -Wno-bool-conversion -Wno-enum-conversion -Wno-float-conversion -Wno-non-literal-null-conversion -Wno-objc-literal-conversion -Wshorten-64-to-32 -Wpointer-sign -Wno-newline-eof -Wno-selector -Wno-strict-selector-match -Wno-undeclared-selector -Wno-deprecated-implementations -Wno-implicit-fallthrough -fstrict-aliasing -Wprotocol -Wdeprecated-declarations -Wno-sign-conversion -Wno-infinite-recursion -Wno-comma -Wno-block-capture-autoreleasing -Wno-strict-prototypes -Wno-semicolon-before-method-body -index-store-path /Users/aaronkeen/Library/Developer/Xcode/DerivedData/NutraSafeBeta-awyabywlaekrybetqgpbjphfxefs/Index.noindex/DataStore @/Users/aaronkeen/Library/Developer/Xcode/DerivedData/NutraSafeBeta-awyabywlaekrybetqgpbjphfxefs/Build/Intermediates.noindex/gRPC.build/Debug-iphonesimulator/grpcWrapper.build/Objects-normal/arm64/e6072d4f65d7061329687fe24e3d63a7-common-args.resp -include /Users/aaronkeen/Library/Developer/Xcode/DerivedData/NutraSafeBeta-awyabywlaekrybetqgpbjphfxefs/Build/Intermediates.noindex/gRPC.build/Debug-iphonesimulator/grpcWrapper.build/DerivedSources/resource_bundle_accessor.h -MMD -MT dependencies -MF /Users/aaronkeen/Library/Developer/Xcode/DerivedData/NutraSafeBeta-awyabywlaekrybetqgpbjphfxefs/Build/Intermediates.noindex/gRPC.build/Debug-iphonesimulator/grpcWrapper.build/Objects-normal/arm64/empty.d --serialize-diagnostics /Users/aaronkeen/Library/Developer/Xcode/DerivedData/NutraSafeBeta-awyabywlaekrybetqgpbjphfxefs/Build/Intermediates.noindex/gRPC.build/Debug-iphonesimulator/grpcWrapper.build/Objects-normal/arm64/empty.dia -c /Users/aaronkeen/Library/Developer/Xcode/DerivedData/NutraSafeBeta-awyabywlaekrybetqgpbjphfxefs/SourcePackages/checkouts/grpc-binary/grpc-Wrapper/empty.m -o /Users/aaronkeen/Library/Developer/Xcode/DerivedData/NutraSafeBeta-awyabywlaekrybetqgpbjphfxefs/Build/Intermediates.noindex/gRPC.build/Debug-iphonesimulator/grpcWrapper.build/Objects-normal/arm64/empty.o -index-unit-output-path /gRPC.build/Debug-iphonesimulator/grpcWrapper.build/Objects-normal/arm64/empty.o

RegisterExecutionPolicyException /Users/aaronkeen/Library/Developer/Xcode/DerivedData/NutraSafeBeta-awyabywlaekrybetqgpbjphfxefs/Build/Products/Debug-iphonesimulator/GoogleUtilities-NSData.o (in target 'GoogleUtilities-NSData' from project 'GoogleUtilities')
    cd /Users/aaronkeen/Library/Developer/Xcode/DerivedData/NutraSafeBeta-awyabywlaekrybetqgpbjphfxefs/SourcePackages/checkouts/GoogleUtilities
    builtin-RegisterExecutionPolicyException /Users/aaronkeen/Library/Developer/Xcode/DerivedData/NutraSafeBeta-awyabywlaekrybetqgpbjphfxefs/Build/Products/Debug-iphonesimulator/GoogleUtilities-NSData.o

ScanDependencies /Users/aaronkeen/Library/Developer/Xcode/DerivedData/NutraSafeBeta-awyabywlaekrybetqgpbjphfxefs/Build/Intermediates.noindex/gRPC.build/Debug-iphonesimulator/grpcppWrapper.build/Objects-normal/arm64/resource_bundle_accessor.o /Users/aaronkeen/Library/Developer/Xcode/DerivedData/NutraSafeBeta-awyabywlaekrybetqgpbjphfxefs/Build/Intermediates.noindex/gRPC.build/Debug-iphonesimulator/grpcppWrapper.build/DerivedSources/resource_bundle_accessor.m normal arm64 objective-c com.apple.compilers.llvm.clang.1_0.compiler (in target 'grpcppWrapper' from project 'gRPC')
    cd /Users/aaronkeen/Documents/My\ Apps/NutraSafe\ Beta/NutraSafeBeta.xcodeproj
    
    Using response file: /Users/aaronkeen/Library/Developer/Xcode/DerivedData/NutraSafeBeta-awyabywlaekrybetqgpbjphfxefs/Build/Intermediates.noindex/gRPC.build/Debug-iphonesimulator/grpcppWrapper.build/Objects-normal/arm64/e6072d4f65d7061329687fe24e3d63a7-common-args.resp
    
    builtin-ScanDependencies -o /Users/aaronkeen/Library/Developer/Xcode/DerivedData/NutraSafeBeta-awyabywlaekrybetqgpbjphfxefs/Build/Intermediates.noindex/gRPC.build/Debug-iphonesimulator/grpcppWrapper.build/Objects-normal/arm64/resource_bundle_accessor.o.scan -- /Applications/Xcode.app/Contents/Developer/Toolchains/XcodeDefault.xctoolchain/usr/bin/clang -x objective-c -ivfsstatcache /Users/aaronkeen/Library/Developer/Xcode/DerivedData/SDKStatCaches.noindex/iphonesimulator18.5-22F76-d5fc8ad4295d2ef488fb7d0f804ce0c4.sdkstatcache -fmessage-length\=0 -fdiagnostics-show-note-include-stack -fmacro-backtrace-limit\=0 -fno-color-diagnostics -fmodules-prune-interval\=86400 -fmodules-prune-after\=345600 -fbuild-session-file\=/Users/aaronkeen/Library/Developer/Xcode/DerivedData/ModuleCache.noindex/Session.modulevalidation -fmodules-validate-once-per-build-session -Wnon-modular-include-in-framework-module -Werror\=non-modular-include-in-framework-module -Wno-trigraphs -Wno-missing-field-initializers -Wno-missing-prototypes -Wno-return-type -Wno-implicit-atomic-properties -Wno-objc-interface-ivars -Wno-arc-repeated-use-of-weak -Wno-missing-braces -Wparentheses -Wswitch -Wno-unused-function -Wno-unused-label -Wno-unused-parameter -Wno-unused-variable -Wunused-value -Wno-empty-body -Wno-uninitialized -Wno-unknown-pragmas -w -Wno-shadow -Wno-four-char-constants -Wno-conversion -Wno-constant-conversion -Wno-int-conversion -Wno-bool-conversion -Wno-enum-conversion -Wno-float-conversion -Wno-non-literal-null-conversion -Wno-objc-literal-conversion -Wshorten-64-to-32 -Wpointer-sign -Wno-newline-eof -Wno-selector -Wno-strict-selector-match -Wno-undeclared-selector -Wno-deprecated-implementations -Wno-implicit-fallthrough -fstrict-aliasing -Wprotocol -Wdeprecated-declarations -Wno-sign-conversion -Wno-infinite-recursion -Wno-comma -Wno-block-capture-autoreleasing -Wno-strict-prototypes -Wno-semicolon-before-method-body -index-store-path /Users/aaronkeen/Library/Developer/Xcode/DerivedData/NutraSafeBeta-awyabywlaekrybetqgpbjphfxefs/Index.noindex/DataStore @/Users/aaronkeen/Library/Developer/Xcode/DerivedData/NutraSafeBeta-awyabywlaekrybetqgpbjphfxefs/Build/Intermediates.noindex/gRPC.build/Debug-iphonesimulator/grpcppWrapper.build/Objects-normal/arm64/e6072d4f65d7061329687fe24e3d63a7-common-args.resp -include /Users/aaronkeen/Library/Developer/Xcode/DerivedData/NutraSafeBeta-awyabywlaekrybetqgpbjphfxefs/Build/Intermediates.noindex/gRPC.build/Debug-iphonesimulator/grpcppWrapper.build/DerivedSources/resource_bundle_accessor.h -MMD -MT dependencies -MF /Users/aaronkeen/Library/Developer/Xcode/DerivedData/NutraSafeBeta-awyabywlaekrybetqgpbjphfxefs/Build/Intermediates.noindex/gRPC.build/Debug-iphonesimulator/grpcppWrapper.build/Objects-normal/arm64/resource_bundle_accessor.d --serialize-diagnostics /Users/aaronkeen/Library/Developer/Xcode/DerivedData/NutraSafeBeta-awyabywlaekrybetqgpbjphfxefs/Build/Intermediates.noindex/gRPC.build/Debug-iphonesimulator/grpcppWrapper.build/Objects-normal/arm64/resource_bundle_accessor.dia -c /Users/aaronkeen/Library/Developer/Xcode/DerivedData/NutraSafeBeta-awyabywlaekrybetqgpbjphfxefs/Build/Intermediates.noindex/gRPC.build/Debug-iphonesimulator/grpcppWrapper.build/DerivedSources/resource_bundle_accessor.m -o /Users/aaronkeen/Library/Developer/Xcode/DerivedData/NutraSafeBeta-awyabywlaekrybetqgpbjphfxefs/Build/Intermediates.noindex/gRPC.build/Debug-iphonesimulator/grpcppWrapper.build/Objects-normal/arm64/resource_bundle_accessor.o -index-unit-output-path /gRPC.build/Debug-iphonesimulator/grpcppWrapper.build/Objects-normal/arm64/resource_bundle_accessor.o

ScanDependencies /Users/aaronkeen/Library/Developer/Xcode/DerivedData/NutraSafeBeta-awyabywlaekrybetqgpbjphfxefs/Build/Intermediates.noindex/gRPC.build/Debug-iphonesimulator/grpcppWrapper.build/Objects-normal/arm64/empty.o /Users/aaronkeen/Library/Developer/Xcode/DerivedData/NutraSafeBeta-awyabywlaekrybetqgpbjphfxefs/SourcePackages/checkouts/grpc-binary/grpcpp-Wrapper/empty.m normal arm64 objective-c com.apple.compilers.llvm.clang.1_0.compiler (in target 'grpcppWrapper' from project 'gRPC')
    cd /Users/aaronkeen/Documents/My\ Apps/NutraSafe\ Beta/NutraSafeBeta.xcodeproj
    
    Using response file: /Users/aaronkeen/Library/Developer/Xcode/DerivedData/NutraSafeBeta-awyabywlaekrybetqgpbjphfxefs/Build/Intermediates.noindex/gRPC.build/Debug-iphonesimulator/grpcppWrapper.build/Objects-normal/arm64/e6072d4f65d7061329687fe24e3d63a7-common-args.resp
    
    builtin-ScanDependencies -o /Users/aaronkeen/Library/Developer/Xcode/DerivedData/NutraSafeBeta-awyabywlaekrybetqgpbjphfxefs/Build/Intermediates.noindex/gRPC.build/Debug-iphonesimulator/grpcppWrapper.build/Objects-normal/arm64/empty.o.scan -- /Applications/Xcode.app/Contents/Developer/Toolchains/XcodeDefault.xctoolchain/usr/bin/clang -x objective-c -ivfsstatcache /Users/aaronkeen/Library/Developer/Xcode/DerivedData/SDKStatCaches.noindex/iphonesimulator18.5-22F76-d5fc8ad4295d2ef488fb7d0f804ce0c4.sdkstatcache -fmessage-length\=0 -fdiagnostics-show-note-include-stack -fmacro-backtrace-limit\=0 -fno-color-diagnostics -fmodules-prune-interval\=86400 -fmodules-prune-after\=345600 -fbuild-session-file\=/Users/aaronkeen/Library/Developer/Xcode/DerivedData/ModuleCache.noindex/Session.modulevalidation -fmodules-validate-once-per-build-session -Wnon-modular-include-in-framework-module -Werror\=non-modular-include-in-framework-module -Wno-trigraphs -Wno-missing-field-initializers -Wno-missing-prototypes -Wno-return-type -Wno-implicit-atomic-properties -Wno-objc-interface-ivars -Wno-arc-repeated-use-of-weak -Wno-missing-braces -Wparentheses -Wswitch -Wno-unused-function -Wno-unused-label -Wno-unused-parameter -Wno-unused-variable -Wunused-value -Wno-empty-body -Wno-uninitialized -Wno-unknown-pragmas -w -Wno-shadow -Wno-four-char-constants -Wno-conversion -Wno-constant-conversion -Wno-int-conversion -Wno-bool-conversion -Wno-enum-conversion -Wno-float-conversion -Wno-non-literal-null-conversion -Wno-objc-literal-conversion -Wshorten-64-to-32 -Wpointer-sign -Wno-newline-eof -Wno-selector -Wno-strict-selector-match -Wno-undeclared-selector -Wno-deprecated-implementations -Wno-implicit-fallthrough -fstrict-aliasing -Wprotocol -Wdeprecated-declarations -Wno-sign-conversion -Wno-infinite-recursion -Wno-comma -Wno-block-capture-autoreleasing -Wno-strict-prototypes -Wno-semicolon-before-method-body -index-store-path /Users/aaronkeen/Library/Developer/Xcode/DerivedData/NutraSafeBeta-awyabywlaekrybetqgpbjphfxefs/Index.noindex/DataStore @/Users/aaronkeen/Library/Developer/Xcode/DerivedData/NutraSafeBeta-awyabywlaekrybetqgpbjphfxefs/Build/Intermediates.noindex/gRPC.build/Debug-iphonesimulator/grpcppWrapper.build/Objects-normal/arm64/e6072d4f65d7061329687fe24e3d63a7-common-args.resp -include /Users/aaronkeen/Library/Developer/Xcode/DerivedData/NutraSafeBeta-awyabywlaekrybetqgpbjphfxefs/Build/Intermediates.noindex/gRPC.build/Debug-iphonesimulator/grpcppWrapper.build/DerivedSources/resource_bundle_accessor.h -MMD -MT dependencies -MF /Users/aaronkeen/Library/Developer/Xcode/DerivedData/NutraSafeBeta-awyabywlaekrybetqgpbjphfxefs/Build/Intermediates.noindex/gRPC.build/Debug-iphonesimulator/grpcppWrapper.build/Objects-normal/arm64/empty.d --serialize-diagnostics /Users/aaronkeen/Library/Developer/Xcode/DerivedData/NutraSafeBeta-awyabywlaekrybetqgpbjphfxefs/Build/Intermediates.noindex/gRPC.build/Debug-iphonesimulator/grpcppWrapper.build/Objects-normal/arm64/empty.dia -c /Users/aaronkeen/Library/Developer/Xcode/DerivedData/NutraSafeBeta-awyabywlaekrybetqgpbjphfxefs/SourcePackages/checkouts/grpc-binary/grpcpp-Wrapper/empty.m -o /Users/aaronkeen/Library/Developer/Xcode/DerivedData/NutraSafeBeta-awyabywlaekrybetqgpbjphfxefs/Build/Intermediates.noindex/gRPC.build/Debug-iphonesimulator/grpcppWrapper.build/Objects-normal/arm64/empty.o -index-unit-output-path /gRPC.build/Debug-iphonesimulator/grpcppWrapper.build/Objects-normal/arm64/empty.o

PrecompileModule /Users/aaronkeen/Library/Developer/Xcode/DerivedData/NutraSafeBeta-awyabywlaekrybetqgpbjphfxefs/Build/Intermediates.noindex/ExplicitPrecompiledModules/Foundation-CDMQHMB23URJWK031PNQONBMW.scan
    cd /Users/aaronkeen/Documents/My\ Apps/NutraSafe\ Beta/NutraSafeBeta.xcodeproj
    builtin-precompileModule /Users/aaronkeen/Library/Developer/Xcode/DerivedData/NutraSafeBeta-awyabywlaekrybetqgpbjphfxefs/Build/Intermediates.noindex/ExplicitPrecompiledModules/Foundation-CDMQHMB23URJWK031PNQONBMW.scan

PrecompileModule /Users/aaronkeen/Library/Developer/Xcode/DerivedData/NutraSafeBeta-awyabywlaekrybetqgpbjphfxefs/Build/Intermediates.noindex/ExplicitPrecompiledModules/CFNetwork-BO5OLO7DMCR111D9ZJ55A3FY1.scan
    cd /Users/aaronkeen/Documents/My\ Apps/NutraSafe\ Beta/NutraSafeBeta.xcodeproj
    builtin-precompileModule /Users/aaronkeen/Library/Developer/Xcode/DerivedData/NutraSafeBeta-awyabywlaekrybetqgpbjphfxefs/Build/Intermediates.noindex/ExplicitPrecompiledModules/CFNetwork-BO5OLO7DMCR111D9ZJ55A3FY1.scan

PrecompileModule /Users/aaronkeen/Library/Developer/Xcode/DerivedData/NutraSafeBeta-awyabywlaekrybetqgpbjphfxefs/Build/Intermediates.noindex/ExplicitPrecompiledModules/ImageIO-83C4PV1JLA39S918V2WWJBTRF.scan
    cd /Users/aaronkeen/Documents/My\ Apps/NutraSafe\ Beta/NutraSafeBeta.xcodeproj
    builtin-precompileModule /Users/aaronkeen/Library/Developer/Xcode/DerivedData/NutraSafeBeta-awyabywlaekrybetqgpbjphfxefs/Build/Intermediates.noindex/ExplicitPrecompiledModules/ImageIO-83C4PV1JLA39S918V2WWJBTRF.scan

SwiftDriverJobDiscovery normal arm64 Compiling AuthOperationType.swift, AuthSettings.swift, AuthTokenResult.swift, AuthCredential.swift, AuthProviderID.swift, EmailAuthProvider.swift, FacebookAuthProvider.swift, FederatedAuthProvider.swift, GameCenterAuthProvider.swift, GitHubAuthProvider.swift (in target 'FirebaseAuth' from project 'Firebase')

PrecompileModule /Users/aaronkeen/Library/Developer/Xcode/DerivedData/NutraSafeBeta-awyabywlaekrybetqgpbjphfxefs/Build/Intermediates.noindex/ExplicitPrecompiledModules/CoreText-ULQN5X9RS9J1SFXK89TQV333.scan
    cd /Users/aaronkeen/Documents/My\ Apps/NutraSafe\ Beta/NutraSafeBeta.xcodeproj
    builtin-precompileModule /Users/aaronkeen/Library/Developer/Xcode/DerivedData/NutraSafeBeta-awyabywlaekrybetqgpbjphfxefs/Build/Intermediates.noindex/ExplicitPrecompiledModules/CoreText-ULQN5X9RS9J1SFXK89TQV333.scan

SwiftDriverJobDiscovery normal arm64 Compiling AuthErrors.swift, AuthInternalErrors.swift, AuthLog.swift, AuthRecaptchaVerifier.swift, AuthUIDelegate.swift, AuthURLPresenter.swift, AuthWebUtils.swift, AuthWebView.swift, AuthWebViewController.swift (in target 'FirebaseAuth' from project 'Firebase')

PrecompileModule /Users/aaronkeen/Library/Developer/Xcode/DerivedData/NutraSafeBeta-awyabywlaekrybetqgpbjphfxefs/Build/Intermediates.noindex/ExplicitPrecompiledModules/Security-44WV2WQWJZDZMWLW6K2MTYGPK.scan
    cd /Users/aaronkeen/Documents/My\ Apps/NutraSafe\ Beta/NutraSafeBeta.xcodeproj
    builtin-precompileModule /Users/aaronkeen/Library/Developer/Xcode/DerivedData/NutraSafeBeta-awyabywlaekrybetqgpbjphfxefs/Build/Intermediates.noindex/ExplicitPrecompiledModules/Security-44WV2WQWJZDZMWLW6K2MTYGPK.scan

RegisterExecutionPolicyException /Users/aaronkeen/Library/Developer/Xcode/DerivedData/NutraSafeBeta-awyabywlaekrybetqgpbjphfxefs/Build/Products/Debug-iphonesimulator/GTMSessionFetcherCore.o (in target 'GTMSessionFetcherCore' from project 'GTMSessionFetcher')
    cd /Users/aaronkeen/Library/Developer/Xcode/DerivedData/NutraSafeBeta-awyabywlaekrybetqgpbjphfxefs/SourcePackages/checkouts/gtm-session-fetcher
    builtin-RegisterExecutionPolicyException /Users/aaronkeen/Library/Developer/Xcode/DerivedData/NutraSafeBeta-awyabywlaekrybetqgpbjphfxefs/Build/Products/Debug-iphonesimulator/GTMSessionFetcherCore.o

RegisterExecutionPolicyException /Users/aaronkeen/Library/Developer/Xcode/DerivedData/NutraSafeBeta-awyabywlaekrybetqgpbjphfxefs/Build/Products/Debug-iphonesimulator/FirebaseSharedSwift.o (in target 'FirebaseSharedSwift' from project 'Firebase')
    cd /Users/aaronkeen/Library/Developer/Xcode/DerivedData/NutraSafeBeta-awyabywlaekrybetqgpbjphfxefs/SourcePackages/checkouts/firebase-ios-sdk
    builtin-RegisterExecutionPolicyException /Users/aaronkeen/Library/Developer/Xcode/DerivedData/NutraSafeBeta-awyabywlaekrybetqgpbjphfxefs/Build/Products/Debug-iphonesimulator/FirebaseSharedSwift.o

RegisterExecutionPolicyException /Users/aaronkeen/Library/Developer/Xcode/DerivedData/NutraSafeBeta-awyabywlaekrybetqgpbjphfxefs/Build/Products/Debug-iphonesimulator/FirebaseCoreExtension.o (in target 'FirebaseCoreExtension' from project 'Firebase')
    cd /Users/aaronkeen/Library/Developer/Xcode/DerivedData/NutraSafeBeta-awyabywlaekrybetqgpbjphfxefs/SourcePackages/checkouts/firebase-ios-sdk
    builtin-RegisterExecutionPolicyException /Users/aaronkeen/Library/Developer/Xcode/DerivedData/NutraSafeBeta-awyabywlaekrybetqgpbjphfxefs/Build/Products/Debug-iphonesimulator/FirebaseCoreExtension.o

RegisterExecutionPolicyException /Users/aaronkeen/Library/Developer/Xcode/DerivedData/NutraSafeBeta-awyabywlaekrybetqgpbjphfxefs/Build/Products/Debug-iphonesimulator/FirebaseAuthInternal.o (in target 'FirebaseAuthInternal' from project 'Firebase')
    cd /Users/aaronkeen/Library/Developer/Xcode/DerivedData/NutraSafeBeta-awyabywlaekrybetqgpbjphfxefs/SourcePackages/checkouts/firebase-ios-sdk
    builtin-RegisterExecutionPolicyException /Users/aaronkeen/Library/Developer/Xcode/DerivedData/NutraSafeBeta-awyabywlaekrybetqgpbjphfxefs/Build/Products/Debug-iphonesimulator/FirebaseAuthInternal.o

SwiftDriverJobDiscovery normal arm64 Compiling AuthProtoFinalizeMFAPhoneResponseInfo.swift, AuthProtoStartMFAPhoneRequestInfo.swift, AuthProtoStartMFAPhoneResponseInfo.swift, AuthProtoFinalizeMFATOTPEnrollmentRequestInfo.swift, AuthProtoFinalizeMFATOTPEnrollmentResponseInfo.swift, AuthProtoFinalizeMFATOTPSignInRequestInfo.swift, AuthProtoStartMFATOTPEnrollmentRequestInfo.swift, AuthProtoStartMFATOTPEnrollmentResponseInfo.swift, ResetPasswordRequest.swift, ResetPasswordResponse.swift (in target 'FirebaseAuth' from project 'Firebase')

SwiftDriver FirebaseFirestore normal arm64 com.apple.xcode.tools.swift.compiler (in target 'FirebaseFirestore' from project 'Firebase')
    cd /Users/aaronkeen/Documents/My\ Apps/NutraSafe\ Beta/NutraSafeBeta.xcodeproj
    builtin-SwiftDriver -- /Applications/Xcode.app/Contents/Developer/Toolchains/XcodeDefault.xctoolchain/usr/bin/swiftc -module-name FirebaseFirestore -Onone -enforce-exclusivity\=checked @/Users/aaronkeen/Library/Developer/Xcode/DerivedData/NutraSafeBeta-awyabywlaekrybetqgpbjphfxefs/Build/Intermediates.noindex/Firebase.build/Debug-iphonesimulator/FirebaseFirestore.build/Objects-normal/arm64/FirebaseFirestore.SwiftFileList -DSWIFT_PACKAGE -DDEBUG -Xcc -fmodule-map-file\=/Users/aaronkeen/Library/Developer/Xcode/DerivedData/NutraSafeBeta-awyabywlaekrybetqgpbjphfxefs/Build/Intermediates.noindex/GeneratedModuleMaps-iphonesimulator/GoogleUtilities-NSData.modulemap -Xcc -fmodule-map-file\=/Users/aaronkeen/Library/Developer/Xcode/DerivedData/NutraSafeBeta-awyabywlaekrybetqgpbjphfxefs/Build/Intermediates.noindex/GeneratedModuleMaps-iphonesimulator/GoogleUtilities-Environment.modulemap -Xcc -fmodule-map-file\=/Users/aaronkeen/Library/Developer/Xcode/DerivedData/NutraSafeBeta-awyabywlaekrybetqgpbjphfxefs/Build/Intermediates.noindex/GeneratedModuleMaps-iphonesimulator/third-party-IsAppEncrypted.modulemap -Xcc -fmodule-map-file\=/Users/aaronkeen/Library/Developer/Xcode/DerivedData/NutraSafeBeta-awyabywlaekrybetqgpbjphfxefs/Build/Intermediates.noindex/GeneratedModuleMaps-iphonesimulator/GoogleUtilities-Logger.modulemap -Xcc -fmodule-map-file\=/Users/aaronkeen/Library/Developer/Xcode/DerivedData/NutraSafeBeta-awyabywlaekrybetqgpbjphfxefs/Build/Intermediates.noindex/GeneratedModuleMaps-iphonesimulator/abslWrapper.modulemap -Xcc -fmodule-map-file\=/Users/aaronkeen/Library/Developer/Xcode/DerivedData/NutraSafeBeta-awyabywlaekrybetqgpbjphfxefs/Build/Intermediates.noindex/GeneratedModuleMaps-iphonesimulator/opensslWrapper.modulemap -Xcc -fmodule-map-file\=/Users/aaronkeen/Library/Developer/Xcode/DerivedData/NutraSafeBeta-awyabywlaekrybetqgpbjphfxefs/Build/Intermediates.noindex/GeneratedModuleMaps-iphonesimulator/grpcWrapper.modulemap -Xcc -fmodule-map-file\=/Users/aaronkeen/Library/Developer/Xcode/DerivedData/NutraSafeBeta-awyabywlaekrybetqgpbjphfxefs/Build/Intermediates.noindex/GeneratedModuleMaps-iphonesimulator/grpcppWrapper.modulemap -Xcc -fmodule-map-file\=/Users/aaronkeen/Library/Developer/Xcode/DerivedData/NutraSafeBeta-awyabywlaekrybetqgpbjphfxefs/Build/Intermediates.noindex/GeneratedModuleMaps-iphonesimulator/nanopb.modulemap -Xcc -fmodule-map-file\=/Users/aaronkeen/Library/Developer/Xcode/DerivedData/NutraSafeBeta-awyabywlaekrybetqgpbjphfxefs/Build/Intermediates.noindex/GeneratedModuleMaps-iphonesimulator/leveldb.modulemap -Xcc -fmodule-map-file\=/Users/aaronkeen/Library/Developer/Xcode/DerivedData/NutraSafeBeta-awyabywlaekrybetqgpbjphfxefs/Build/Intermediates.noindex/GeneratedModuleMaps-iphonesimulator/FirebaseCoreExtension.modulemap -Xcc -fmodule-map-file\=/Users/aaronkeen/Library/Developer/Xcode/DerivedData/NutraSafeBeta-awyabywlaekrybetqgpbjphfxefs/Build/Intermediates.noindex/GeneratedModuleMaps-iphonesimulator/FirebaseCore.modulemap -Xcc -fmodule-map-file\=/Users/aaronkeen/Library/Developer/Xcode/DerivedData/NutraSafeBeta-awyabywlaekrybetqgpbjphfxefs/Build/Intermediates.noindex/GeneratedModuleMaps-iphonesimulator/FirebaseAppCheckInterop.modulemap -Xcc -fmodule-map-file\=/Users/aaronkeen/Library/Developer/Xcode/DerivedData/NutraSafeBeta-awyabywlaekrybetqgpbjphfxefs/Build/Intermediates.noindex/GeneratedModuleMaps-iphonesimulator/FirebaseFirestoreInternalWrapper.modulemap -DXcode -plugin-path /Applications/Xcode.app/Contents/Developer/Toolchains/XcodeDefault.xctoolchain/usr/lib/swift/host/plugins/testing -enable-experimental-feature DebugDescriptionMacro -sdk /Applications/Xcode.app/Contents/Developer/Platforms/iPhoneSimulator.platform/Developer/SDKs/iPhoneSimulator18.5.sdk -target arm64-apple-ios15.0-simulator -g -module-cache-path /Users/aaronkeen/Library/Developer/Xcode/DerivedData/ModuleCache.noindex -Xfrontend -serialize-debugging-options -enable-testing -suppress-warnings -index-store-path /Users/aaronkeen/Library/Developer/Xcode/DerivedData/NutraSafeBeta-awyabywlaekrybetqgpbjphfxefs/Index.noindex/DataStore -swift-version 5 -I /Users/aaronkeen/Library/Developer/Xcode/DerivedData/NutraSafeBeta-awyabywlaekrybetqgpbjphfxefs/Build/Products/Debug-iphonesimulator -I /Applications/Xcode.app/Contents/Developer/Platforms/iPhoneSimulator.platform/Developer/usr/lib -F /Users/aaronkeen/Library/Developer/Xcode/DerivedData/NutraSafeBeta-awyabywlaekrybetqgpbjphfxefs/Build/Products/Debug-iphonesimulator/PackageFrameworks -F /Users/aaronkeen/Library/Developer/Xcode/DerivedData/NutraSafeBeta-awyabywlaekrybetqgpbjphfxefs/Build/Products/Debug-iphonesimulator/PackageFrameworks -F /Users/aaronkeen/Library/Developer/Xcode/DerivedData/NutraSafeBeta-awyabywlaekrybetqgpbjphfxefs/Build/Products/Debug-iphonesimulator/PackageFrameworks -F /Users/aaronkeen/Library/Developer/Xcode/DerivedData/NutraSafeBeta-awyabywlaekrybetqgpbjphfxefs/Build/Products/Debug-iphonesimulator/PackageFrameworks -F /Users/aaronkeen/Library/Developer/Xcode/DerivedData/NutraSafeBeta-awyabywlaekrybetqgpbjphfxefs/Build/Products/Debug-iphonesimulator/PackageFrameworks -F /Users/aaronkeen/Library/Developer/Xcode/DerivedData/NutraSafeBeta-awyabywlaekrybetqgpbjphfxefs/Build/Products/Debug-iphonesimulator/PackageFrameworks -F /Users/aaronkeen/Library/Developer/Xcode/DerivedData/NutraSafeBeta-awyabywlaekrybetqgpbjphfxefs/Build/Products/Debug-iphonesimulator/PackageFrameworks -F /Users/aaronkeen/Library/Developer/Xcode/DerivedData/NutraSafeBeta-awyabywlaekrybetqgpbjphfxefs/Build/Products/Debug-iphonesimulator/PackageFrameworks -F /Users/aaronkeen/Library/Developer/Xcode/DerivedData/NutraSafeBeta-awyabywlaekrybetqgpbjphfxefs/Build/Products/Debug-iphonesimulator/PackageFrameworks -F /Users/aaronkeen/Library/Developer/Xcode/DerivedData/NutraSafeBeta-awyabywlaekrybetqgpbjphfxefs/Build/Products/Debug-iphonesimulator/PackageFrameworks -F /Users/aaronkeen/Library/Developer/Xcode/DerivedData/NutraSafeBeta-awyabywlaekrybetqgpbjphfxefs/Build/Products/Debug-iphonesimulator/PackageFrameworks -F /Users/aaronkeen/Library/Developer/Xcode/DerivedData/NutraSafeBeta-awyabywlaekrybetqgpbjphfxefs/Build/Products/Debug-iphonesimulator/PackageFrameworks -F /Users/aaronkeen/Library/Developer/Xcode/DerivedData/NutraSafeBeta-awyabywlaekrybetqgpbjphfxefs/Build/Products/Debug-iphonesimulator/PackageFrameworks -F /Users/aaronkeen/Library/Developer/Xcode/DerivedData/NutraSafeBeta-awyabywlaekrybetqgpbjphfxefs/Build/Products/Debug-iphonesimulator/PackageFrameworks -F /Users/aaronkeen/Library/Developer/Xcode/DerivedData/NutraSafeBeta-awyabywlaekrybetqgpbjphfxefs/Build/Products/Debug-iphonesimulator/PackageFrameworks -F /Users/aaronkeen/Library/Developer/Xcode/DerivedData/NutraSafeBeta-awyabywlaekrybetqgpbjphfxefs/Build/Products/Debug-iphonesimulator/PackageFrameworks -F /Users/aaronkeen/Library/Developer/Xcode/DerivedData/NutraSafeBeta-awyabywlaekrybetqgpbjphfxefs/Build/Products/Debug-iphonesimulator/PackageFrameworks -F /Users/aaronkeen/Library/Developer/Xcode/DerivedData/NutraSafeBeta-awyabywlaekrybetqgpbjphfxefs/Build/Products/Debug-iphonesimulator -F /Applications/Xcode.app/Contents/Developer/Platforms/iPhoneSimulator.platform/Developer/Library/Frameworks -F /Applications/Xcode.app/Contents/Developer/Platforms/iPhoneSimulator.platform/Developer/SDKs/iPhoneSimulator18.5.sdk/Developer/Library/Frameworks -c -j14 -enable-batch-mode -incremental -Xcc -ivfsstatcache -Xcc /Users/aaronkeen/Library/Developer/Xcode/DerivedData/SDKStatCaches.noindex/iphonesimulator18.5-22F76-d5fc8ad4295d2ef488fb7d0f804ce0c4.sdkstatcache -output-file-map /Users/aaronkeen/Library/Developer/Xcode/DerivedData/NutraSafeBeta-awyabywlaekrybetqgpbjphfxefs/Build/Intermediates.noindex/Firebase.build/Debug-iphonesimulator/FirebaseFirestore.build/Objects-normal/arm64/FirebaseFirestore-OutputFileMap.json -use-frontend-parseable-output -save-temps -no-color-diagnostics -serialize-diagnostics -emit-dependencies -emit-module -emit-module-path /Users/aaronkeen/Library/Developer/Xcode/DerivedData/NutraSafeBeta-awyabywlaekrybetqgpbjphfxefs/Build/Intermediates.noindex/Firebase.build/Debug-iphonesimulator/FirebaseFirestore.build/Objects-normal/arm64/FirebaseFirestore.swiftmodule -user-module-version 12.2.0 -validate-clang-modules-once -clang-build-session-file /Users/aaronkeen/Library/Developer/Xcode/DerivedData/ModuleCache.noindex/Session.modulevalidation -package-name firebase_ios_sdk -Xcc -I/Users/aaronkeen/Library/Developer/Xcode/DerivedData/NutraSafeBeta-awyabywlaekrybetqgpbjphfxefs/Build/Intermediates.noindex/Firebase.build/Debug-iphonesimulator/FirebaseFirestore.build/swift-overrides.hmap -emit-const-values -Xfrontend -const-gather-protocols-file -Xfrontend /Users/aaronkeen/Library/Developer/Xcode/DerivedData/NutraSafeBeta-awyabywlaekrybetqgpbjphfxefs/Build/Intermediates.noindex/Firebase.build/Debug-iphonesimulator/FirebaseFirestore.build/Objects-normal/arm64/FirebaseFirestore_const_extract_protocols.json -Xcc -I/Users/aaronkeen/Library/Developer/Xcode/DerivedData/NutraSafeBeta-awyabywlaekrybetqgpbjphfxefs/SourcePackages/checkouts/GoogleUtilities/GoogleUtilities/NSData+zlib/Public -Xcc -I/Users/aaronkeen/Library/Developer/Xcode/DerivedData/NutraSafeBeta-awyabywlaekrybetqgpbjphfxefs/SourcePackages/checkouts/GoogleUtilities/GoogleUtilities/Environment/Public -Xcc -I/Users/aaronkeen/Library/Developer/Xcode/DerivedData/NutraSafeBeta-awyabywlaekrybetqgpbjphfxefs/SourcePackages/checkouts/GoogleUtilities/third_party/IsAppEncrypted/Public -Xcc -I/Users/aaronkeen/Library/Developer/Xcode/DerivedData/NutraSafeBeta-awyabywlaekrybetqgpbjphfxefs/SourcePackages/checkouts/GoogleUtilities/GoogleUtilities/Logger/Public -Xcc -I/Users/aaronkeen/Library/Developer/Xcode/DerivedData/NutraSafeBeta-awyabywlaekrybetqgpbjphfxefs/SourcePackages/checkouts/abseil-cpp-binary/absl-Wrapper/include -Xcc -I/Users/aaronkeen/Library/Developer/Xcode/DerivedData/NutraSafeBeta-awyabywlaekrybetqgpbjphfxefs/SourcePackages/checkouts/grpc-binary/openssl-grpc-Wrapper/include -Xcc -I/Users/aaronkeen/Library/Developer/Xcode/DerivedData/NutraSafeBeta-awyabywlaekrybetqgpbjphfxefs/SourcePackages/checkouts/grpc-binary/grpc-Wrapper/include -Xcc -I/Users/aaronkeen/Library/Developer/Xcode/DerivedData/NutraSafeBeta-awyabywlaekrybetqgpbjphfxefs/SourcePackages/checkouts/grpc-binary/grpcpp-Wrapper/include -Xcc -I/Users/aaronkeen/Library/Developer/Xcode/DerivedData/NutraSafeBeta-awyabywlaekrybetqgpbjphfxefs/SourcePackages/checkouts/nanopb/spm_headers -Xcc -I/Users/aaronkeen/Library/Developer/Xcode/DerivedData/NutraSafeBeta-awyabywlaekrybetqgpbjphfxefs/SourcePackages/checkouts/leveldb/include -Xcc -I/Users/aaronkeen/Library/Developer/Xcode/DerivedData/NutraSafeBeta-awyabywlaekrybetqgpbjphfxefs/SourcePackages/checkouts/firebase-ios-sdk/FirebaseCore/Extension -Xcc -I/Users/aaronkeen/Library/Developer/Xcode/DerivedData/NutraSafeBeta-awyabywlaekrybetqgpbjphfxefs/SourcePackages/checkouts/firebase-ios-sdk/FirebaseCore/Sources/Public -Xcc -I/Users/aaronkeen/Library/Developer/Xcode/DerivedData/NutraSafeBeta-awyabywlaekrybetqgpbjphfxefs/SourcePackages/checkouts/firebase-ios-sdk/CoreOnly/Sources -Xcc -I/Users/aaronkeen/Library/Developer/Xcode/DerivedData/NutraSafeBeta-awyabywlaekrybetqgpbjphfxefs/SourcePackages/checkouts/firebase-ios-sdk/FirebaseAppCheck/Interop/Public -Xcc -I/Users/aaronkeen/Library/Developer/Xcode/DerivedData/NutraSafeBeta-awyabywlaekrybetqgpbjphfxefs/SourcePackages/checkouts/firebase-ios-sdk/FirebaseFirestoreInternal -Xcc -I/Users/aaronkeen/Library/Developer/Xcode/DerivedData/NutraSafeBeta-awyabywlaekrybetqgpbjphfxefs/Build/Products/Debug-iphonesimulator/include -Xcc -I/Users/aaronkeen/Library/Developer/Xcode/DerivedData/NutraSafeBeta-awyabywlaekrybetqgpbjphfxefs/Build/Intermediates.noindex/Firebase.build/Debug-iphonesimulator/FirebaseFirestore.build/DerivedSources-normal/arm64 -Xcc -I/Users/aaronkeen/Library/Developer/Xcode/DerivedData/NutraSafeBeta-awyabywlaekrybetqgpbjphfxefs/Build/Intermediates.noindex/Firebase.build/Debug-iphonesimulator/FirebaseFirestore.build/DerivedSources/arm64 -Xcc -I/Users/aaronkeen/Library/Developer/Xcode/DerivedData/NutraSafeBeta-awyabywlaekrybetqgpbjphfxefs/Build/Intermediates.noindex/Firebase.build/Debug-iphonesimulator/FirebaseFirestore.build/DerivedSources -Xcc -DSWIFT_PACKAGE -Xcc -DDEBUG\=1 -emit-objc-header -emit-objc-header-path /Users/aaronkeen/Library/Developer/Xcode/DerivedData/NutraSafeBeta-awyabywlaekrybetqgpbjphfxefs/Build/Intermediates.noindex/Firebase.build/Debug-iphonesimulator/FirebaseFirestore.build/Objects-normal/arm64/FirebaseFirestore-Swift.h -working-directory /Users/aaronkeen/Documents/My\ Apps/NutraSafe\ Beta/NutraSafeBeta.xcodeproj -experimental-emit-module-separately -disable-cmo

RegisterExecutionPolicyException /Users/aaronkeen/Library/Developer/Xcode/DerivedData/NutraSafeBeta-awyabywlaekrybetqgpbjphfxefs/Build/Products/Debug-iphonesimulator/GoogleUtilities-Environment.o (in target 'GoogleUtilities-Environment' from project 'GoogleUtilities')
    cd /Users/aaronkeen/Library/Developer/Xcode/DerivedData/NutraSafeBeta-awyabywlaekrybetqgpbjphfxefs/SourcePackages/checkouts/GoogleUtilities
    builtin-RegisterExecutionPolicyException /Users/aaronkeen/Library/Developer/Xcode/DerivedData/NutraSafeBeta-awyabywlaekrybetqgpbjphfxefs/Build/Products/Debug-iphonesimulator/GoogleUtilities-Environment.o

Ld /Users/aaronkeen/Library/Developer/Xcode/DerivedData/NutraSafeBeta-awyabywlaekrybetqgpbjphfxefs/Build/Products/Debug-iphonesimulator/FirebaseCoreInternal.o normal (in target 'FirebaseCoreInternal' from project 'Firebase')
    cd /Users/aaronkeen/Library/Developer/Xcode/DerivedData/NutraSafeBeta-awyabywlaekrybetqgpbjphfxefs/SourcePackages/checkouts/firebase-ios-sdk
    /Applications/Xcode.app/Contents/Developer/Toolchains/XcodeDefault.xctoolchain/usr/bin/clang -Xlinker -reproducible -target arm64-apple-ios15.0-simulator -r -isysroot /Applications/Xcode.app/Contents/Developer/Platforms/iPhoneSimulator.platform/Developer/SDKs/iPhoneSimulator18.5.sdk -O0 -w -L/Users/aaronkeen/Library/Developer/Xcode/DerivedData/NutraSafeBeta-awyabywlaekrybetqgpbjphfxefs/Build/Intermediates.noindex/EagerLinkingTBDs/Debug-iphonesimulator -L/Users/aaronkeen/Library/Developer/Xcode/DerivedData/NutraSafeBeta-awyabywlaekrybetqgpbjphfxefs/Build/Products/Debug-iphonesimulator -L/Applications/Xcode.app/Contents/Developer/Platforms/iPhoneSimulator.platform/Developer/usr/lib -F/Users/aaronkeen/Library/Developer/Xcode/DerivedData/NutraSafeBeta-awyabywlaekrybetqgpbjphfxefs/Build/Intermediates.noindex/EagerLinkingTBDs/Debug-iphonesimulator -F/Users/aaronkeen/Library/Developer/Xcode/DerivedData/NutraSafeBeta-awyabywlaekrybetqgpbjphfxefs/Build/Products/Debug-iphonesimulator/PackageFrameworks -F/Users/aaronkeen/Library/Developer/Xcode/DerivedData/NutraSafeBeta-awyabywlaekrybetqgpbjphfxefs/Build/Products/Debug-iphonesimulator -iframework /Applications/Xcode.app/Contents/Developer/Platforms/iPhoneSimulator.platform/Developer/Library/Frameworks -iframework /Applications/Xcode.app/Contents/Developer/Platforms/iPhoneSimulator.platform/Developer/SDKs/iPhoneSimulator18.5.sdk/Developer/Library/Frameworks -filelist /Users/aaronkeen/Library/Developer/Xcode/DerivedData/NutraSafeBeta-awyabywlaekrybetqgpbjphfxefs/Build/Intermediates.noindex/Firebase.build/Debug-iphonesimulator/FirebaseCoreInternal.build/Objects-normal/arm64/FirebaseCoreInternal.LinkFileList -nostdlib -Xlinker -object_path_lto -Xlinker /Users/aaronkeen/Library/Developer/Xcode/DerivedData/NutraSafeBeta-awyabywlaekrybetqgpbjphfxefs/Build/Intermediates.noindex/Firebase.build/Debug-iphonesimulator/FirebaseCoreInternal.build/Objects-normal/arm64/FirebaseCoreInternal_lto.o -rdynamic -Xlinker -no_deduplicate -Xlinker -objc_abi_version -Xlinker 2 -Xlinker -dependency_info -Xlinker /Users/aaronkeen/Library/Developer/Xcode/DerivedData/NutraSafeBeta-awyabywlaekrybetqgpbjphfxefs/Build/Intermediates.noindex/Firebase.build/Debug-iphonesimulator/FirebaseCoreInternal.build/Objects-normal/arm64/FirebaseCoreInternal_dependency_info.dat -fobjc-link-runtime -L/Applications/Xcode.app/Contents/Developer/Toolchains/XcodeDefault.xctoolchain/usr/lib/swift/iphonesimulator -L/usr/lib/swift -Xlinker -add_ast_path -Xlinker /Users/aaronkeen/Library/Developer/Xcode/DerivedData/NutraSafeBeta-awyabywlaekrybetqgpbjphfxefs/Build/Intermediates.noindex/Firebase.build/Debug-iphonesimulator/FirebaseCoreInternal.build/Objects-normal/arm64/FirebaseCoreInternal.swiftmodule -o /Users/aaronkeen/Library/Developer/Xcode/DerivedData/NutraSafeBeta-awyabywlaekrybetqgpbjphfxefs/Build/Products/Debug-iphonesimulator/FirebaseCoreInternal.o

Ld /Users/aaronkeen/Library/Developer/Xcode/DerivedData/NutraSafeBeta-awyabywlaekrybetqgpbjphfxefs/Build/Products/Debug-iphonesimulator/GoogleUtilities-Logger.o normal (in target 'GoogleUtilities-Logger' from project 'GoogleUtilities')
    cd /Users/aaronkeen/Library/Developer/Xcode/DerivedData/NutraSafeBeta-awyabywlaekrybetqgpbjphfxefs/SourcePackages/checkouts/GoogleUtilities
    /Applications/Xcode.app/Contents/Developer/Toolchains/XcodeDefault.xctoolchain/usr/bin/clang -Xlinker -reproducible -target arm64-apple-ios12.0-simulator -r -isysroot /Applications/Xcode.app/Contents/Developer/Platforms/iPhoneSimulator.platform/Developer/SDKs/iPhoneSimulator18.5.sdk -O0 -w -L/Users/aaronkeen/Library/Developer/Xcode/DerivedData/NutraSafeBeta-awyabywlaekrybetqgpbjphfxefs/Build/Intermediates.noindex/EagerLinkingTBDs/Debug-iphonesimulator -L/Users/aaronkeen/Library/Developer/Xcode/DerivedData/NutraSafeBeta-awyabywlaekrybetqgpbjphfxefs/Build/Products/Debug-iphonesimulator -L/Applications/Xcode.app/Contents/Developer/Platforms/iPhoneSimulator.platform/Developer/usr/lib -F/Users/aaronkeen/Library/Developer/Xcode/DerivedData/NutraSafeBeta-awyabywlaekrybetqgpbjphfxefs/Build/Intermediates.noindex/EagerLinkingTBDs/Debug-iphonesimulator -F/Users/aaronkeen/Library/Developer/Xcode/DerivedData/NutraSafeBeta-awyabywlaekrybetqgpbjphfxefs/Build/Products/Debug-iphonesimulator/PackageFrameworks -F/Users/aaronkeen/Library/Developer/Xcode/DerivedData/NutraSafeBeta-awyabywlaekrybetqgpbjphfxefs/Build/Products/Debug-iphonesimulator/PackageFrameworks -F/Users/aaronkeen/Library/Developer/Xcode/DerivedData/NutraSafeBeta-awyabywlaekrybetqgpbjphfxefs/Build/Products/Debug-iphonesimulator -iframework /Applications/Xcode.app/Contents/Developer/Platforms/iPhoneSimulator.platform/Developer/Library/Frameworks -iframework /Applications/Xcode.app/Contents/Developer/Platforms/iPhoneSimulator.platform/Developer/SDKs/iPhoneSimulator18.5.sdk/Developer/Library/Frameworks -filelist /Users/aaronkeen/Library/Developer/Xcode/DerivedData/NutraSafeBeta-awyabywlaekrybetqgpbjphfxefs/Build/Intermediates.noindex/GoogleUtilities.build/Debug-iphonesimulator/GoogleUtilities-Logger.build/Objects-normal/arm64/GoogleUtilities-Logger.LinkFileList -nostdlib -Xlinker -object_path_lto -Xlinker /Users/aaronkeen/Library/Developer/Xcode/DerivedData/NutraSafeBeta-awyabywlaekrybetqgpbjphfxefs/Build/Intermediates.noindex/GoogleUtilities.build/Debug-iphonesimulator/GoogleUtilities-Logger.build/Objects-normal/arm64/GoogleUtilities-Logger_lto.o -rdynamic -Xlinker -no_deduplicate -Xlinker -objc_abi_version -Xlinker 2 -Xlinker -dependency_info -Xlinker /Users/aaronkeen/Library/Developer/Xcode/DerivedData/NutraSafeBeta-awyabywlaekrybetqgpbjphfxefs/Build/Intermediates.noindex/GoogleUtilities.build/Debug-iphonesimulator/GoogleUtilities-Logger.build/Objects-normal/arm64/GoogleUtilities-Logger_dependency_info.dat -fobjc-arc -fobjc-link-runtime -o /Users/aaronkeen/Library/Developer/Xcode/DerivedData/NutraSafeBeta-awyabywlaekrybetqgpbjphfxefs/Build/Products/Debug-iphonesimulator/GoogleUtilities-Logger.o

SwiftEmitModule normal arm64 Emitting\ module\ for\ FirebaseFirestore (in target 'FirebaseFirestore' from project 'Firebase')

EmitSwiftModule normal arm64 (in target 'FirebaseFirestore' from project 'Firebase')
    cd /Users/aaronkeen/Documents/My\ Apps/NutraSafe\ Beta/NutraSafeBeta.xcodeproj
    

SwiftCompile normal arm64 Compiling\ DocumentReference+ReadDecodable.swift,\ DocumentReference+WriteEncodable.swift /Users/aaronkeen/Library/Developer/Xcode/DerivedData/NutraSafeBeta-awyabywlaekrybetqgpbjphfxefs/SourcePackages/checkouts/firebase-ios-sdk/Firestore/Swift/Source/Codable/DocumentReference+ReadDecodable.swift /Users/aaronkeen/Library/Developer/Xcode/DerivedData/NutraSafeBeta-awyabywlaekrybetqgpbjphfxefs/SourcePackages/checkouts/firebase-ios-sdk/Firestore/Swift/Source/Codable/DocumentReference+WriteEncodable.swift (in target 'FirebaseFirestore' from project 'Firebase')

SwiftCompile normal arm64 /Users/aaronkeen/Library/Developer/Xcode/DerivedData/NutraSafeBeta-awyabywlaekrybetqgpbjphfxefs/SourcePackages/checkouts/firebase-ios-sdk/Firestore/Swift/Source/Codable/DocumentReference+ReadDecodable.swift (in target 'FirebaseFirestore' from project 'Firebase')
    cd /Users/aaronkeen/Documents/My\ Apps/NutraSafe\ Beta/NutraSafeBeta.xcodeproj
    

SwiftCompile normal arm64 /Users/aaronkeen/Library/Developer/Xcode/DerivedData/NutraSafeBeta-awyabywlaekrybetqgpbjphfxefs/SourcePackages/checkouts/firebase-ios-sdk/Firestore/Swift/Source/Codable/DocumentReference+WriteEncodable.swift (in target 'FirebaseFirestore' from project 'Firebase')
    cd /Users/aaronkeen/Documents/My\ Apps/NutraSafe\ Beta/NutraSafeBeta.xcodeproj
    

SwiftCompile normal arm64 Compiling\ QueryPredicate.swift,\ FieldValue+Swift.swift /Users/aaronkeen/Library/Developer/Xcode/DerivedData/NutraSafeBeta-awyabywlaekrybetqgpbjphfxefs/SourcePackages/checkouts/firebase-ios-sdk/Firestore/Swift/Source/PropertyWrapper/QueryPredicate.swift /Users/aaronkeen/Library/Developer/Xcode/DerivedData/NutraSafeBeta-awyabywlaekrybetqgpbjphfxefs/SourcePackages/checkouts/firebase-ios-sdk/Firestore/Swift/Source/SwiftAPI/FieldValue+Swift.swift (in target 'FirebaseFirestore' from project 'Firebase')

SwiftCompile normal arm64 /Users/aaronkeen/Library/Developer/Xcode/DerivedData/NutraSafeBeta-awyabywlaekrybetqgpbjphfxefs/SourcePackages/checkouts/firebase-ios-sdk/Firestore/Swift/Source/PropertyWrapper/QueryPredicate.swift (in target 'FirebaseFirestore' from project 'Firebase')
    cd /Users/aaronkeen/Documents/My\ Apps/NutraSafe\ Beta/NutraSafeBeta.xcodeproj
    

SwiftCompile normal arm64 /Users/aaronkeen/Library/Developer/Xcode/DerivedData/NutraSafeBeta-awyabywlaekrybetqgpbjphfxefs/SourcePackages/checkouts/firebase-ios-sdk/Firestore/Swift/Source/SwiftAPI/FieldValue+Swift.swift (in target 'FirebaseFirestore' from project 'Firebase')
    cd /Users/aaronkeen/Documents/My\ Apps/NutraSafe\ Beta/NutraSafeBeta.xcodeproj
    

SwiftCompile normal arm64 Compiling\ VectorValue+Swift.swift,\ SwiftHeaderWorkaround.swift /Users/aaronkeen/Library/Developer/Xcode/DerivedData/NutraSafeBeta-awyabywlaekrybetqgpbjphfxefs/SourcePackages/checkouts/firebase-ios-sdk/Firestore/Swift/Source/SwiftAPI/VectorValue+Swift.swift /Users/aaronkeen/Library/Developer/Xcode/DerivedData/NutraSafeBeta-awyabywlaekrybetqgpbjphfxefs/SourcePackages/checkouts/firebase-ios-sdk/Firestore/Swift/Source/SwiftHeaderWorkaround.swift (in target 'FirebaseFirestore' from project 'Firebase')

SwiftCompile normal arm64 /Users/aaronkeen/Library/Developer/Xcode/DerivedData/NutraSafeBeta-awyabywlaekrybetqgpbjphfxefs/SourcePackages/checkouts/firebase-ios-sdk/Firestore/Swift/Source/SwiftAPI/VectorValue+Swift.swift (in target 'FirebaseFirestore' from project 'Firebase')
    cd /Users/aaronkeen/Documents/My\ Apps/NutraSafe\ Beta/NutraSafeBeta.xcodeproj
    

SwiftCompile normal arm64 /Users/aaronkeen/Library/Developer/Xcode/DerivedData/NutraSafeBeta-awyabywlaekrybetqgpbjphfxefs/SourcePackages/checkouts/firebase-ios-sdk/Firestore/Swift/Source/SwiftHeaderWorkaround.swift (in target 'FirebaseFirestore' from project 'Firebase')
    cd /Users/aaronkeen/Documents/My\ Apps/NutraSafe\ Beta/NutraSafeBeta.xcodeproj
    

SwiftCompile normal arm64 Compiling\ resource_bundle_accessor.swift,\ CollectionReference+AsyncAwait.swift /Users/aaronkeen/Library/Developer/Xcode/DerivedData/NutraSafeBeta-awyabywlaekrybetqgpbjphfxefs/Build/Intermediates.noindex/Firebase.build/Debug-iphonesimulator/FirebaseFirestore.build/DerivedSources/resource_bundle_accessor.swift /Users/aaronkeen/Library/Developer/Xcode/DerivedData/NutraSafeBeta-awyabywlaekrybetqgpbjphfxefs/SourcePackages/checkouts/firebase-ios-sdk/Firestore/Swift/Source/AsyncAwait/CollectionReference+AsyncAwait.swift (in target 'FirebaseFirestore' from project 'Firebase')

SwiftCompile normal arm64 /Users/aaronkeen/Library/Developer/Xcode/DerivedData/NutraSafeBeta-awyabywlaekrybetqgpbjphfxefs/Build/Intermediates.noindex/Firebase.build/Debug-iphonesimulator/FirebaseFirestore.build/DerivedSources/resource_bundle_accessor.swift (in target 'FirebaseFirestore' from project 'Firebase')
    cd /Users/aaronkeen/Documents/My\ Apps/NutraSafe\ Beta/NutraSafeBeta.xcodeproj
    

SwiftCompile normal arm64 /Users/aaronkeen/Library/Developer/Xcode/DerivedData/NutraSafeBeta-awyabywlaekrybetqgpbjphfxefs/SourcePackages/checkouts/firebase-ios-sdk/Firestore/Swift/Source/AsyncAwait/CollectionReference+AsyncAwait.swift (in target 'FirebaseFirestore' from project 'Firebase')
    cd /Users/aaronkeen/Documents/My\ Apps/NutraSafe\ Beta/NutraSafeBeta.xcodeproj
    

SwiftCompile normal arm64 Compiling\ CodablePassThroughTypes.swift,\ CollectionReference+WriteEncodable.swift /Users/aaronkeen/Library/Developer/Xcode/DerivedData/NutraSafeBeta-awyabywlaekrybetqgpbjphfxefs/SourcePackages/checkouts/firebase-ios-sdk/Firestore/Swift/Source/Codable/CodablePassThroughTypes.swift /Users/aaronkeen/Library/Developer/Xcode/DerivedData/NutraSafeBeta-awyabywlaekrybetqgpbjphfxefs/SourcePackages/checkouts/firebase-ios-sdk/Firestore/Swift/Source/Codable/CollectionReference+WriteEncodable.swift (in target 'FirebaseFirestore' from project 'Firebase')

SwiftCompile normal arm64 /Users/aaronkeen/Library/Developer/Xcode/DerivedData/NutraSafeBeta-awyabywlaekrybetqgpbjphfxefs/SourcePackages/checkouts/firebase-ios-sdk/Firestore/Swift/Source/Codable/CodablePassThroughTypes.swift (in target 'FirebaseFirestore' from project 'Firebase')
    cd /Users/aaronkeen/Documents/My\ Apps/NutraSafe\ Beta/NutraSafeBeta.xcodeproj
    

SwiftCompile normal arm64 /Users/aaronkeen/Library/Developer/Xcode/DerivedData/NutraSafeBeta-awyabywlaekrybetqgpbjphfxefs/SourcePackages/checkouts/firebase-ios-sdk/Firestore/Swift/Source/Codable/CollectionReference+WriteEncodable.swift (in target 'FirebaseFirestore' from project 'Firebase')
    cd /Users/aaronkeen/Documents/My\ Apps/NutraSafe\ Beta/NutraSafeBeta.xcodeproj
    

PrecompileModule /Users/aaronkeen/Library/Developer/Xcode/DerivedData/NutraSafeBeta-awyabywlaekrybetqgpbjphfxefs/Build/Intermediates.noindex/ExplicitPrecompiledModules/Foundation-8LAH6DFFTVTZ2ZO5K5LNQQ38O.scan
    cd /Users/aaronkeen/Documents/My\ Apps/NutraSafe\ Beta/NutraSafeBeta.xcodeproj
    builtin-precompileModule /Users/aaronkeen/Library/Developer/Xcode/DerivedData/NutraSafeBeta-awyabywlaekrybetqgpbjphfxefs/Build/Intermediates.noindex/ExplicitPrecompiledModules/Foundation-8LAH6DFFTVTZ2ZO5K5LNQQ38O.scan

SwiftCompile normal arm64 Compiling\ TimestampEncodingStrategy.swift,\ Transaction+WriteEncodable.swift /Users/aaronkeen/Library/Developer/Xcode/DerivedData/NutraSafeBeta-awyabywlaekrybetqgpbjphfxefs/SourcePackages/checkouts/firebase-ios-sdk/Firestore/Swift/Source/Codable/TimestampEncodingStrategy.swift /Users/aaronkeen/Library/Developer/Xcode/DerivedData/NutraSafeBeta-awyabywlaekrybetqgpbjphfxefs/SourcePackages/checkouts/firebase-ios-sdk/Firestore/Swift/Source/Codable/Transaction+WriteEncodable.swift (in target 'FirebaseFirestore' from project 'Firebase')

SwiftCompile normal arm64 /Users/aaronkeen/Library/Developer/Xcode/DerivedData/NutraSafeBeta-awyabywlaekrybetqgpbjphfxefs/SourcePackages/checkouts/firebase-ios-sdk/Firestore/Swift/Source/Codable/TimestampEncodingStrategy.swift (in target 'FirebaseFirestore' from project 'Firebase')
    cd /Users/aaronkeen/Documents/My\ Apps/NutraSafe\ Beta/NutraSafeBeta.xcodeproj
    

SwiftCompile normal arm64 /Users/aaronkeen/Library/Developer/Xcode/DerivedData/NutraSafeBeta-awyabywlaekrybetqgpbjphfxefs/SourcePackages/checkouts/firebase-ios-sdk/Firestore/Swift/Source/Codable/Transaction+WriteEncodable.swift (in target 'FirebaseFirestore' from project 'Firebase')
    cd /Users/aaronkeen/Documents/My\ Apps/NutraSafe\ Beta/NutraSafeBeta.xcodeproj
    

SwiftCompile normal arm64 Compiling\ GeoPoint+Codable.swift,\ ServerTimestamp.swift /Users/aaronkeen/Library/Developer/Xcode/DerivedData/NutraSafeBeta-awyabywlaekrybetqgpbjphfxefs/SourcePackages/checkouts/firebase-ios-sdk/Firestore/Swift/Source/Codable/GeoPoint+Codable.swift /Users/aaronkeen/Library/Developer/Xcode/DerivedData/NutraSafeBeta-awyabywlaekrybetqgpbjphfxefs/SourcePackages/checkouts/firebase-ios-sdk/Firestore/Swift/Source/Codable/ServerTimestamp.swift (in target 'FirebaseFirestore' from project 'Firebase')

SwiftCompile normal arm64 /Users/aaronkeen/Library/Developer/Xcode/DerivedData/NutraSafeBeta-awyabywlaekrybetqgpbjphfxefs/SourcePackages/checkouts/firebase-ios-sdk/Firestore/Swift/Source/Codable/GeoPoint+Codable.swift (in target 'FirebaseFirestore' from project 'Firebase')
    cd /Users/aaronkeen/Documents/My\ Apps/NutraSafe\ Beta/NutraSafeBeta.xcodeproj
    

SwiftCompile normal arm64 /Users/aaronkeen/Library/Developer/Xcode/DerivedData/NutraSafeBeta-awyabywlaekrybetqgpbjphfxefs/SourcePackages/checkouts/firebase-ios-sdk/Firestore/Swift/Source/Codable/ServerTimestamp.swift (in target 'FirebaseFirestore' from project 'Firebase')
    cd /Users/aaronkeen/Documents/My\ Apps/NutraSafe\ Beta/NutraSafeBeta.xcodeproj
    

CompileC /Users/aaronkeen/Library/Developer/Xcode/DerivedData/NutraSafeBeta-awyabywlaekrybetqgpbjphfxefs/Build/Intermediates.noindex/Firebase.build/Debug-iphonesimulator/FirebaseCore.build/Objects-normal/arm64/resource_bundle_accessor.o /Users/aaronkeen/Library/Developer/Xcode/DerivedData/NutraSafeBeta-awyabywlaekrybetqgpbjphfxefs/Build/Intermediates.noindex/Firebase.build/Debug-iphonesimulator/FirebaseCore.build/DerivedSources/resource_bundle_accessor.m normal arm64 objective-c com.apple.compilers.llvm.clang.1_0.compiler (in target 'FirebaseCore' from project 'Firebase')
    cd /Users/aaronkeen/Documents/My\ Apps/NutraSafe\ Beta/NutraSafeBeta.xcodeproj
    
    Using response file: /Users/aaronkeen/Library/Developer/Xcode/DerivedData/NutraSafeBeta-awyabywlaekrybetqgpbjphfxefs/Build/Intermediates.noindex/Firebase.build/Debug-iphonesimulator/FirebaseCore.build/Objects-normal/arm64/e6072d4f65d7061329687fe24e3d63a7-common-args.resp
    
    /Applications/Xcode.app/Contents/Developer/Toolchains/XcodeDefault.xctoolchain/usr/bin/clang -x objective-c -ivfsstatcache /Users/aaronkeen/Library/Developer/Xcode/DerivedData/SDKStatCaches.noindex/iphonesimulator18.5-22F76-d5fc8ad4295d2ef488fb7d0f804ce0c4.sdkstatcache -fmessage-length\=0 -fdiagnostics-show-note-include-stack -fmacro-backtrace-limit\=0 -fno-color-diagnostics -fmodules-prune-interval\=86400 -fmodules-prune-after\=345600 -fbuild-session-file\=/Users/aaronkeen/Library/Developer/Xcode/DerivedData/ModuleCache.noindex/Session.modulevalidation -fmodules-validate-once-per-build-session -Wnon-modular-include-in-framework-module -Werror\=non-modular-include-in-framework-module -Wno-trigraphs -Wno-missing-field-initializers -Wno-missing-prototypes -Wno-return-type -Wno-implicit-atomic-properties -Wno-objc-interface-ivars -Wno-arc-repeated-use-of-weak -Wno-missing-braces -Wparentheses -Wswitch -Wno-unused-function -Wno-unused-label -Wno-unused-parameter -Wno-unused-variable -Wunused-value -Wno-empty-body -Wno-uninitialized -Wno-unknown-pragmas -w -Wno-shadow -Wno-four-char-constants -Wno-conversion -Wno-constant-conversion -Wno-int-conversion -Wno-bool-conversion -Wno-enum-conversion -Wno-float-conversion -Wno-non-literal-null-conversion -Wno-objc-literal-conversion -Wshorten-64-to-32 -Wpointer-sign -Wno-newline-eof -Wno-selector -Wno-strict-selector-match -Wno-undeclared-selector -Wno-deprecated-implementations -Wno-implicit-fallthrough -fstrict-aliasing -Wprotocol -Wdeprecated-declarations -Wno-sign-conversion -Wno-infinite-recursion -Wno-comma -Wno-block-capture-autoreleasing -Wno-strict-prototypes -Wno-semicolon-before-method-body -index-store-path /Users/aaronkeen/Library/Developer/Xcode/DerivedData/NutraSafeBeta-awyabywlaekrybetqgpbjphfxefs/Index.noindex/DataStore @/Users/aaronkeen/Library/Developer/Xcode/DerivedData/NutraSafeBeta-awyabywlaekrybetqgpbjphfxefs/Build/Intermediates.noindex/Firebase.build/Debug-iphonesimulator/FirebaseCore.build/Objects-normal/arm64/e6072d4f65d7061329687fe24e3d63a7-common-args.resp -include /Users/aaronkeen/Library/Developer/Xcode/DerivedData/NutraSafeBeta-awyabywlaekrybetqgpbjphfxefs/Build/Intermediates.noindex/Firebase.build/Debug-iphonesimulator/FirebaseCore.build/DerivedSources/resource_bundle_accessor.h -MMD -MT dependencies -MF /Users/aaronkeen/Library/Developer/Xcode/DerivedData/NutraSafeBeta-awyabywlaekrybetqgpbjphfxefs/Build/Intermediates.noindex/Firebase.build/Debug-iphonesimulator/FirebaseCore.build/Objects-normal/arm64/resource_bundle_accessor.d --serialize-diagnostics /Users/aaronkeen/Library/Developer/Xcode/DerivedData/NutraSafeBeta-awyabywlaekrybetqgpbjphfxefs/Build/Intermediates.noindex/Firebase.build/Debug-iphonesimulator/FirebaseCore.build/Objects-normal/arm64/resource_bundle_accessor.dia -c /Users/aaronkeen/Library/Developer/Xcode/DerivedData/NutraSafeBeta-awyabywlaekrybetqgpbjphfxefs/Build/Intermediates.noindex/Firebase.build/Debug-iphonesimulator/FirebaseCore.build/DerivedSources/resource_bundle_accessor.m -o /Users/aaronkeen/Library/Developer/Xcode/DerivedData/NutraSafeBeta-awyabywlaekrybetqgpbjphfxefs/Build/Intermediates.noindex/Firebase.build/Debug-iphonesimulator/FirebaseCore.build/Objects-normal/arm64/resource_bundle_accessor.o -index-unit-output-path /Firebase.build/Debug-iphonesimulator/FirebaseCore.build/Objects-normal/arm64/resource_bundle_accessor.o

SwiftDriverJobDiscovery normal arm64 Compiling SignUpNewUserRequest.swift, SignUpNewUserResponse.swift, VerifyAssertionRequest.swift, VerifyAssertionResponse.swift, VerifyCustomTokenRequest.swift, VerifyCustomTokenResponse.swift, VerifyPasswordRequest.swift, VerifyPasswordResponse.swift, VerifyPhoneNumberRequest.swift, VerifyPhoneNumberResponse.swift (in target 'FirebaseAuth' from project 'Firebase')

CompileC /Users/aaronkeen/Library/Developer/Xcode/DerivedData/NutraSafeBeta-awyabywlaekrybetqgpbjphfxefs/Build/Intermediates.noindex/Firebase.build/Debug-iphonesimulator/FirebaseCore.build/Objects-normal/arm64/FIRVersion.o /Users/aaronkeen/Library/Developer/Xcode/DerivedData/NutraSafeBeta-awyabywlaekrybetqgpbjphfxefs/SourcePackages/checkouts/firebase-ios-sdk/FirebaseCore/Sources/FIRVersion.m normal arm64 objective-c com.apple.compilers.llvm.clang.1_0.compiler (in target 'FirebaseCore' from project 'Firebase')
    cd /Users/aaronkeen/Documents/My\ Apps/NutraSafe\ Beta/NutraSafeBeta.xcodeproj
    
    Using response file: /Users/aaronkeen/Library/Developer/Xcode/DerivedData/NutraSafeBeta-awyabywlaekrybetqgpbjphfxefs/Build/Intermediates.noindex/Firebase.build/Debug-iphonesimulator/FirebaseCore.build/Objects-normal/arm64/e6072d4f65d7061329687fe24e3d63a7-common-args.resp
    
    /Applications/Xcode.app/Contents/Developer/Toolchains/XcodeDefault.xctoolchain/usr/bin/clang -x objective-c -ivfsstatcache /Users/aaronkeen/Library/Developer/Xcode/DerivedData/SDKStatCaches.noindex/iphonesimulator18.5-22F76-d5fc8ad4295d2ef488fb7d0f804ce0c4.sdkstatcache -fmessage-length\=0 -fdiagnostics-show-note-include-stack -fmacro-backtrace-limit\=0 -fno-color-diagnostics -fmodules-prune-interval\=86400 -fmodules-prune-after\=345600 -fbuild-session-file\=/Users/aaronkeen/Library/Developer/Xcode/DerivedData/ModuleCache.noindex/Session.modulevalidation -fmodules-validate-once-per-build-session -Wnon-modular-include-in-framework-module -Werror\=non-modular-include-in-framework-module -Wno-trigraphs -Wno-missing-field-initializers -Wno-missing-prototypes -Wno-return-type -Wno-implicit-atomic-properties -Wno-objc-interface-ivars -Wno-arc-repeated-use-of-weak -Wno-missing-braces -Wparentheses -Wswitch -Wno-unused-function -Wno-unused-label -Wno-unused-parameter -Wno-unused-variable -Wunused-value -Wno-empty-body -Wno-uninitialized -Wno-unknown-pragmas -w -Wno-shadow -Wno-four-char-constants -Wno-conversion -Wno-constant-conversion -Wno-int-conversion -Wno-bool-conversion -Wno-enum-conversion -Wno-float-conversion -Wno-non-literal-null-conversion -Wno-objc-literal-conversion -Wshorten-64-to-32 -Wpointer-sign -Wno-newline-eof -Wno-selector -Wno-strict-selector-match -Wno-undeclared-selector -Wno-deprecated-implementations -Wno-implicit-fallthrough -fstrict-aliasing -Wprotocol -Wdeprecated-declarations -Wno-sign-conversion -Wno-infinite-recursion -Wno-comma -Wno-block-capture-autoreleasing -Wno-strict-prototypes -Wno-semicolon-before-method-body -index-store-path /Users/aaronkeen/Library/Developer/Xcode/DerivedData/NutraSafeBeta-awyabywlaekrybetqgpbjphfxefs/Index.noindex/DataStore @/Users/aaronkeen/Library/Developer/Xcode/DerivedData/NutraSafeBeta-awyabywlaekrybetqgpbjphfxefs/Build/Intermediates.noindex/Firebase.build/Debug-iphonesimulator/FirebaseCore.build/Objects-normal/arm64/e6072d4f65d7061329687fe24e3d63a7-common-args.resp -include /Users/aaronkeen/Library/Developer/Xcode/DerivedData/NutraSafeBeta-awyabywlaekrybetqgpbjphfxefs/Build/Intermediates.noindex/Firebase.build/Debug-iphonesimulator/FirebaseCore.build/DerivedSources/resource_bundle_accessor.h -MMD -MT dependencies -MF /Users/aaronkeen/Library/Developer/Xcode/DerivedData/NutraSafeBeta-awyabywlaekrybetqgpbjphfxefs/Build/Intermediates.noindex/Firebase.build/Debug-iphonesimulator/FirebaseCore.build/Objects-normal/arm64/FIRVersion.d --serialize-diagnostics /Users/aaronkeen/Library/Developer/Xcode/DerivedData/NutraSafeBeta-awyabywlaekrybetqgpbjphfxefs/Build/Intermediates.noindex/Firebase.build/Debug-iphonesimulator/FirebaseCore.build/Objects-normal/arm64/FIRVersion.dia -c /Users/aaronkeen/Library/Developer/Xcode/DerivedData/NutraSafeBeta-awyabywlaekrybetqgpbjphfxefs/SourcePackages/checkouts/firebase-ios-sdk/FirebaseCore/Sources/FIRVersion.m -o /Users/aaronkeen/Library/Developer/Xcode/DerivedData/NutraSafeBeta-awyabywlaekrybetqgpbjphfxefs/Build/Intermediates.noindex/Firebase.build/Debug-iphonesimulator/FirebaseCore.build/Objects-normal/arm64/FIRVersion.o -index-unit-output-path /Firebase.build/Debug-iphonesimulator/FirebaseCore.build/Objects-normal/arm64/FIRVersion.o

CompileC /Users/aaronkeen/Library/Developer/Xcode/DerivedData/NutraSafeBeta-awyabywlaekrybetqgpbjphfxefs/Build/Intermediates.noindex/Firebase.build/Debug-iphonesimulator/FirebaseCore.build/Objects-normal/arm64/FIRTimestamp.o /Users/aaronkeen/Library/Developer/Xcode/DerivedData/NutraSafeBeta-awyabywlaekrybetqgpbjphfxefs/SourcePackages/checkouts/firebase-ios-sdk/FirebaseCore/Sources/FIRTimestamp.m normal arm64 objective-c com.apple.compilers.llvm.clang.1_0.compiler (in target 'FirebaseCore' from project 'Firebase')
    cd /Users/aaronkeen/Documents/My\ Apps/NutraSafe\ Beta/NutraSafeBeta.xcodeproj
    
    Using response file: /Users/aaronkeen/Library/Developer/Xcode/DerivedData/NutraSafeBeta-awyabywlaekrybetqgpbjphfxefs/Build/Intermediates.noindex/Firebase.build/Debug-iphonesimulator/FirebaseCore.build/Objects-normal/arm64/e6072d4f65d7061329687fe24e3d63a7-common-args.resp
    
    /Applications/Xcode.app/Contents/Developer/Toolchains/XcodeDefault.xctoolchain/usr/bin/clang -x objective-c -ivfsstatcache /Users/aaronkeen/Library/Developer/Xcode/DerivedData/SDKStatCaches.noindex/iphonesimulator18.5-22F76-d5fc8ad4295d2ef488fb7d0f804ce0c4.sdkstatcache -fmessage-length\=0 -fdiagnostics-show-note-include-stack -fmacro-backtrace-limit\=0 -fno-color-diagnostics -fmodules-prune-interval\=86400 -fmodules-prune-after\=345600 -fbuild-session-file\=/Users/aaronkeen/Library/Developer/Xcode/DerivedData/ModuleCache.noindex/Session.modulevalidation -fmodules-validate-once-per-build-session -Wnon-modular-include-in-framework-module -Werror\=non-modular-include-in-framework-module -Wno-trigraphs -Wno-missing-field-initializers -Wno-missing-prototypes -Wno-return-type -Wno-implicit-atomic-properties -Wno-objc-interface-ivars -Wno-arc-repeated-use-of-weak -Wno-missing-braces -Wparentheses -Wswitch -Wno-unused-function -Wno-unused-label -Wno-unused-parameter -Wno-unused-variable -Wunused-value -Wno-empty-body -Wno-uninitialized -Wno-unknown-pragmas -w -Wno-shadow -Wno-four-char-constants -Wno-conversion -Wno-constant-conversion -Wno-int-conversion -Wno-bool-conversion -Wno-enum-conversion -Wno-float-conversion -Wno-non-literal-null-conversion -Wno-objc-literal-conversion -Wshorten-64-to-32 -Wpointer-sign -Wno-newline-eof -Wno-selector -Wno-strict-selector-match -Wno-undeclared-selector -Wno-deprecated-implementations -Wno-implicit-fallthrough -fstrict-aliasing -Wprotocol -Wdeprecated-declarations -Wno-sign-conversion -Wno-infinite-recursion -Wno-comma -Wno-block-capture-autoreleasing -Wno-strict-prototypes -Wno-semicolon-before-method-body -index-store-path /Users/aaronkeen/Library/Developer/Xcode/DerivedData/NutraSafeBeta-awyabywlaekrybetqgpbjphfxefs/Index.noindex/DataStore @/Users/aaronkeen/Library/Developer/Xcode/DerivedData/NutraSafeBeta-awyabywlaekrybetqgpbjphfxefs/Build/Intermediates.noindex/Firebase.build/Debug-iphonesimulator/FirebaseCore.build/Objects-normal/arm64/e6072d4f65d7061329687fe24e3d63a7-common-args.resp -include /Users/aaronkeen/Library/Developer/Xcode/DerivedData/NutraSafeBeta-awyabywlaekrybetqgpbjphfxefs/Build/Intermediates.noindex/Firebase.build/Debug-iphonesimulator/FirebaseCore.build/DerivedSources/resource_bundle_accessor.h -MMD -MT dependencies -MF /Users/aaronkeen/Library/Developer/Xcode/DerivedData/NutraSafeBeta-awyabywlaekrybetqgpbjphfxefs/Build/Intermediates.noindex/Firebase.build/Debug-iphonesimulator/FirebaseCore.build/Objects-normal/arm64/FIRTimestamp.d --serialize-diagnostics /Users/aaronkeen/Library/Developer/Xcode/DerivedData/NutraSafeBeta-awyabywlaekrybetqgpbjphfxefs/Build/Intermediates.noindex/Firebase.build/Debug-iphonesimulator/FirebaseCore.build/Objects-normal/arm64/FIRTimestamp.dia -c /Users/aaronkeen/Library/Developer/Xcode/DerivedData/NutraSafeBeta-awyabywlaekrybetqgpbjphfxefs/SourcePackages/checkouts/firebase-ios-sdk/FirebaseCore/Sources/FIRTimestamp.m -o /Users/aaronkeen/Library/Developer/Xcode/DerivedData/NutraSafeBeta-awyabywlaekrybetqgpbjphfxefs/Build/Intermediates.noindex/Firebase.build/Debug-iphonesimulator/FirebaseCore.build/Objects-normal/arm64/FIRTimestamp.o -index-unit-output-path /Firebase.build/Debug-iphonesimulator/FirebaseCore.build/Objects-normal/arm64/FIRTimestamp.o

CompileC /Users/aaronkeen/Library/Developer/Xcode/DerivedData/NutraSafeBeta-awyabywlaekrybetqgpbjphfxefs/Build/Intermediates.noindex/Firebase.build/Debug-iphonesimulator/FirebaseCore.build/Objects-normal/arm64/FIROptions.o /Users/aaronkeen/Library/Developer/Xcode/DerivedData/NutraSafeBeta-awyabywlaekrybetqgpbjphfxefs/SourcePackages/checkouts/firebase-ios-sdk/FirebaseCore/Sources/FIROptions.m normal arm64 objective-c com.apple.compilers.llvm.clang.1_0.compiler (in target 'FirebaseCore' from project 'Firebase')
    cd /Users/aaronkeen/Documents/My\ Apps/NutraSafe\ Beta/NutraSafeBeta.xcodeproj
    
    Using response file: /Users/aaronkeen/Library/Developer/Xcode/DerivedData/NutraSafeBeta-awyabywlaekrybetqgpbjphfxefs/Build/Intermediates.noindex/Firebase.build/Debug-iphonesimulator/FirebaseCore.build/Objects-normal/arm64/e6072d4f65d7061329687fe24e3d63a7-common-args.resp
    
    /Applications/Xcode.app/Contents/Developer/Toolchains/XcodeDefault.xctoolchain/usr/bin/clang -x objective-c -ivfsstatcache /Users/aaronkeen/Library/Developer/Xcode/DerivedData/SDKStatCaches.noindex/iphonesimulator18.5-22F76-d5fc8ad4295d2ef488fb7d0f804ce0c4.sdkstatcache -fmessage-length\=0 -fdiagnostics-show-note-include-stack -fmacro-backtrace-limit\=0 -fno-color-diagnostics -fmodules-prune-interval\=86400 -fmodules-prune-after\=345600 -fbuild-session-file\=/Users/aaronkeen/Library/Developer/Xcode/DerivedData/ModuleCache.noindex/Session.modulevalidation -fmodules-validate-once-per-build-session -Wnon-modular-include-in-framework-module -Werror\=non-modular-include-in-framework-module -Wno-trigraphs -Wno-missing-field-initializers -Wno-missing-prototypes -Wno-return-type -Wno-implicit-atomic-properties -Wno-objc-interface-ivars -Wno-arc-repeated-use-of-weak -Wno-missing-braces -Wparentheses -Wswitch -Wno-unused-function -Wno-unused-label -Wno-unused-parameter -Wno-unused-variable -Wunused-value -Wno-empty-body -Wno-uninitialized -Wno-unknown-pragmas -w -Wno-shadow -Wno-four-char-constants -Wno-conversion -Wno-constant-conversion -Wno-int-conversion -Wno-bool-conversion -Wno-enum-conversion -Wno-float-conversion -Wno-non-literal-null-conversion -Wno-objc-literal-conversion -Wshorten-64-to-32 -Wpointer-sign -Wno-newline-eof -Wno-selector -Wno-strict-selector-match -Wno-undeclared-selector -Wno-deprecated-implementations -Wno-implicit-fallthrough -fstrict-aliasing -Wprotocol -Wdeprecated-declarations -Wno-sign-conversion -Wno-infinite-recursion -Wno-comma -Wno-block-capture-autoreleasing -Wno-strict-prototypes -Wno-semicolon-before-method-body -index-store-path /Users/aaronkeen/Library/Developer/Xcode/DerivedData/NutraSafeBeta-awyabywlaekrybetqgpbjphfxefs/Index.noindex/DataStore @/Users/aaronkeen/Library/Developer/Xcode/DerivedData/NutraSafeBeta-awyabywlaekrybetqgpbjphfxefs/Build/Intermediates.noindex/Firebase.build/Debug-iphonesimulator/FirebaseCore.build/Objects-normal/arm64/e6072d4f65d7061329687fe24e3d63a7-common-args.resp -include /Users/aaronkeen/Library/Developer/Xcode/DerivedData/NutraSafeBeta-awyabywlaekrybetqgpbjphfxefs/Build/Intermediates.noindex/Firebase.build/Debug-iphonesimulator/FirebaseCore.build/DerivedSources/resource_bundle_accessor.h -MMD -MT dependencies -MF /Users/aaronkeen/Library/Developer/Xcode/DerivedData/NutraSafeBeta-awyabywlaekrybetqgpbjphfxefs/Build/Intermediates.noindex/Firebase.build/Debug-iphonesimulator/FirebaseCore.build/Objects-normal/arm64/FIROptions.d --serialize-diagnostics /Users/aaronkeen/Library/Developer/Xcode/DerivedData/NutraSafeBeta-awyabywlaekrybetqgpbjphfxefs/Build/Intermediates.noindex/Firebase.build/Debug-iphonesimulator/FirebaseCore.build/Objects-normal/arm64/FIROptions.dia -c /Users/aaronkeen/Library/Developer/Xcode/DerivedData/NutraSafeBeta-awyabywlaekrybetqgpbjphfxefs/SourcePackages/checkouts/firebase-ios-sdk/FirebaseCore/Sources/FIROptions.m -o /Users/aaronkeen/Library/Developer/Xcode/DerivedData/NutraSafeBeta-awyabywlaekrybetqgpbjphfxefs/Build/Intermediates.noindex/Firebase.build/Debug-iphonesimulator/FirebaseCore.build/Objects-normal/arm64/FIROptions.o -index-unit-output-path /Firebase.build/Debug-iphonesimulator/FirebaseCore.build/Objects-normal/arm64/FIROptions.o

SwiftDriverJobDiscovery normal arm64 Compiling PhoneMultiFactorInfo.swift, TOTPMultFactorAssertion.swift, TOTPMultiFactorGenerator.swift, TOTPMultiFactorInfo.swift, TOTPSecret.swift, AuthKeychainServices.swift, AuthKeychainStorage.swift, AuthKeychainStorageReal.swift, AuthUserDefaults.swift (in target 'FirebaseAuth' from project 'Firebase')

CompileC /Users/aaronkeen/Library/Developer/Xcode/DerivedData/NutraSafeBeta-awyabywlaekrybetqgpbjphfxefs/Build/Intermediates.noindex/Firebase.build/Debug-iphonesimulator/FirebaseCore.build/Objects-normal/arm64/FIRConfiguration.o /Users/aaronkeen/Library/Developer/Xcode/DerivedData/NutraSafeBeta-awyabywlaekrybetqgpbjphfxefs/SourcePackages/checkouts/firebase-ios-sdk/FirebaseCore/Sources/FIRConfiguration.m normal arm64 objective-c com.apple.compilers.llvm.clang.1_0.compiler (in target 'FirebaseCore' from project 'Firebase')
    cd /Users/aaronkeen/Documents/My\ Apps/NutraSafe\ Beta/NutraSafeBeta.xcodeproj
    
    Using response file: /Users/aaronkeen/Library/Developer/Xcode/DerivedData/NutraSafeBeta-awyabywlaekrybetqgpbjphfxefs/Build/Intermediates.noindex/Firebase.build/Debug-iphonesimulator/FirebaseCore.build/Objects-normal/arm64/e6072d4f65d7061329687fe24e3d63a7-common-args.resp
    
    /Applications/Xcode.app/Contents/Developer/Toolchains/XcodeDefault.xctoolchain/usr/bin/clang -x objective-c -ivfsstatcache /Users/aaronkeen/Library/Developer/Xcode/DerivedData/SDKStatCaches.noindex/iphonesimulator18.5-22F76-d5fc8ad4295d2ef488fb7d0f804ce0c4.sdkstatcache -fmessage-length\=0 -fdiagnostics-show-note-include-stack -fmacro-backtrace-limit\=0 -fno-color-diagnostics -fmodules-prune-interval\=86400 -fmodules-prune-after\=345600 -fbuild-session-file\=/Users/aaronkeen/Library/Developer/Xcode/DerivedData/ModuleCache.noindex/Session.modulevalidation -fmodules-validate-once-per-build-session -Wnon-modular-include-in-framework-module -Werror\=non-modular-include-in-framework-module -Wno-trigraphs -Wno-missing-field-initializers -Wno-missing-prototypes -Wno-return-type -Wno-implicit-atomic-properties -Wno-objc-interface-ivars -Wno-arc-repeated-use-of-weak -Wno-missing-braces -Wparentheses -Wswitch -Wno-unused-function -Wno-unused-label -Wno-unused-parameter -Wno-unused-variable -Wunused-value -Wno-empty-body -Wno-uninitialized -Wno-unknown-pragmas -w -Wno-shadow -Wno-four-char-constants -Wno-conversion -Wno-constant-conversion -Wno-int-conversion -Wno-bool-conversion -Wno-enum-conversion -Wno-float-conversion -Wno-non-literal-null-conversion -Wno-objc-literal-conversion -Wshorten-64-to-32 -Wpointer-sign -Wno-newline-eof -Wno-selector -Wno-strict-selector-match -Wno-undeclared-selector -Wno-deprecated-implementations -Wno-implicit-fallthrough -fstrict-aliasing -Wprotocol -Wdeprecated-declarations -Wno-sign-conversion -Wno-infinite-recursion -Wno-comma -Wno-block-capture-autoreleasing -Wno-strict-prototypes -Wno-semicolon-before-method-body -index-store-path /Users/aaronkeen/Library/Developer/Xcode/DerivedData/NutraSafeBeta-awyabywlaekrybetqgpbjphfxefs/Index.noindex/DataStore @/Users/aaronkeen/Library/Developer/Xcode/DerivedData/NutraSafeBeta-awyabywlaekrybetqgpbjphfxefs/Build/Intermediates.noindex/Firebase.build/Debug-iphonesimulator/FirebaseCore.build/Objects-normal/arm64/e6072d4f65d7061329687fe24e3d63a7-common-args.resp -include /Users/aaronkeen/Library/Developer/Xcode/DerivedData/NutraSafeBeta-awyabywlaekrybetqgpbjphfxefs/Build/Intermediates.noindex/Firebase.build/Debug-iphonesimulator/FirebaseCore.build/DerivedSources/resource_bundle_accessor.h -MMD -MT dependencies -MF /Users/aaronkeen/Library/Developer/Xcode/DerivedData/NutraSafeBeta-awyabywlaekrybetqgpbjphfxefs/Build/Intermediates.noindex/Firebase.build/Debug-iphonesimulator/FirebaseCore.build/Objects-normal/arm64/FIRConfiguration.d --serialize-diagnostics /Users/aaronkeen/Library/Developer/Xcode/DerivedData/NutraSafeBeta-awyabywlaekrybetqgpbjphfxefs/Build/Intermediates.noindex/Firebase.build/Debug-iphonesimulator/FirebaseCore.build/Objects-normal/arm64/FIRConfiguration.dia -c /Users/aaronkeen/Library/Developer/Xcode/DerivedData/NutraSafeBeta-awyabywlaekrybetqgpbjphfxefs/SourcePackages/checkouts/firebase-ios-sdk/FirebaseCore/Sources/FIRConfiguration.m -o /Users/aaronkeen/Library/Developer/Xcode/DerivedData/NutraSafeBeta-awyabywlaekrybetqgpbjphfxefs/Build/Intermediates.noindex/Firebase.build/Debug-iphonesimulator/FirebaseCore.build/Objects-normal/arm64/FIRConfiguration.o -index-unit-output-path /Firebase.build/Debug-iphonesimulator/FirebaseCore.build/Objects-normal/arm64/FIRConfiguration.o

CompileC /Users/aaronkeen/Library/Developer/Xcode/DerivedData/NutraSafeBeta-awyabywlaekrybetqgpbjphfxefs/Build/Intermediates.noindex/Firebase.build/Debug-iphonesimulator/FirebaseCore.build/Objects-normal/arm64/FIRComponentType.o /Users/aaronkeen/Library/Developer/Xcode/DerivedData/NutraSafeBeta-awyabywlaekrybetqgpbjphfxefs/SourcePackages/checkouts/firebase-ios-sdk/FirebaseCore/Sources/FIRComponentType.m normal arm64 objective-c com.apple.compilers.llvm.clang.1_0.compiler (in target 'FirebaseCore' from project 'Firebase')
    cd /Users/aaronkeen/Documents/My\ Apps/NutraSafe\ Beta/NutraSafeBeta.xcodeproj
    
    Using response file: /Users/aaronkeen/Library/Developer/Xcode/DerivedData/NutraSafeBeta-awyabywlaekrybetqgpbjphfxefs/Build/Intermediates.noindex/Firebase.build/Debug-iphonesimulator/FirebaseCore.build/Objects-normal/arm64/e6072d4f65d7061329687fe24e3d63a7-common-args.resp
    
    /Applications/Xcode.app/Contents/Developer/Toolchains/XcodeDefault.xctoolchain/usr/bin/clang -x objective-c -ivfsstatcache /Users/aaronkeen/Library/Developer/Xcode/DerivedData/SDKStatCaches.noindex/iphonesimulator18.5-22F76-d5fc8ad4295d2ef488fb7d0f804ce0c4.sdkstatcache -fmessage-length\=0 -fdiagnostics-show-note-include-stack -fmacro-backtrace-limit\=0 -fno-color-diagnostics -fmodules-prune-interval\=86400 -fmodules-prune-after\=345600 -fbuild-session-file\=/Users/aaronkeen/Library/Developer/Xcode/DerivedData/ModuleCache.noindex/Session.modulevalidation -fmodules-validate-once-per-build-session -Wnon-modular-include-in-framework-module -Werror\=non-modular-include-in-framework-module -Wno-trigraphs -Wno-missing-field-initializers -Wno-missing-prototypes -Wno-return-type -Wno-implicit-atomic-properties -Wno-objc-interface-ivars -Wno-arc-repeated-use-of-weak -Wno-missing-braces -Wparentheses -Wswitch -Wno-unused-function -Wno-unused-label -Wno-unused-parameter -Wno-unused-variable -Wunused-value -Wno-empty-body -Wno-uninitialized -Wno-unknown-pragmas -w -Wno-shadow -Wno-four-char-constants -Wno-conversion -Wno-constant-conversion -Wno-int-conversion -Wno-bool-conversion -Wno-enum-conversion -Wno-float-conversion -Wno-non-literal-null-conversion -Wno-objc-literal-conversion -Wshorten-64-to-32 -Wpointer-sign -Wno-newline-eof -Wno-selector -Wno-strict-selector-match -Wno-undeclared-selector -Wno-deprecated-implementations -Wno-implicit-fallthrough -fstrict-aliasing -Wprotocol -Wdeprecated-declarations -Wno-sign-conversion -Wno-infinite-recursion -Wno-comma -Wno-block-capture-autoreleasing -Wno-strict-prototypes -Wno-semicolon-before-method-body -index-store-path /Users/aaronkeen/Library/Developer/Xcode/DerivedData/NutraSafeBeta-awyabywlaekrybetqgpbjphfxefs/Index.noindex/DataStore @/Users/aaronkeen/Library/Developer/Xcode/DerivedData/NutraSafeBeta-awyabywlaekrybetqgpbjphfxefs/Build/Intermediates.noindex/Firebase.build/Debug-iphonesimulator/FirebaseCore.build/Objects-normal/arm64/e6072d4f65d7061329687fe24e3d63a7-common-args.resp -include /Users/aaronkeen/Library/Developer/Xcode/DerivedData/NutraSafeBeta-awyabywlaekrybetqgpbjphfxefs/Build/Intermediates.noindex/Firebase.build/Debug-iphonesimulator/FirebaseCore.build/DerivedSources/resource_bundle_accessor.h -MMD -MT dependencies -MF /Users/aaronkeen/Library/Developer/Xcode/DerivedData/NutraSafeBeta-awyabywlaekrybetqgpbjphfxefs/Build/Intermediates.noindex/Firebase.build/Debug-iphonesimulator/FirebaseCore.build/Objects-normal/arm64/FIRComponentType.d --serialize-diagnostics /Users/aaronkeen/Library/Developer/Xcode/DerivedData/NutraSafeBeta-awyabywlaekrybetqgpbjphfxefs/Build/Intermediates.noindex/Firebase.build/Debug-iphonesimulator/FirebaseCore.build/Objects-normal/arm64/FIRComponentType.dia -c /Users/aaronkeen/Library/Developer/Xcode/DerivedData/NutraSafeBeta-awyabywlaekrybetqgpbjphfxefs/SourcePackages/checkouts/firebase-ios-sdk/FirebaseCore/Sources/FIRComponentType.m -o /Users/aaronkeen/Library/Developer/Xcode/DerivedData/NutraSafeBeta-awyabywlaekrybetqgpbjphfxefs/Build/Intermediates.noindex/Firebase.build/Debug-iphonesimulator/FirebaseCore.build/Objects-normal/arm64/FIRComponentType.o -index-unit-output-path /Firebase.build/Debug-iphonesimulator/FirebaseCore.build/Objects-normal/arm64/FIRComponentType.o

CompileC /Users/aaronkeen/Library/Developer/Xcode/DerivedData/NutraSafeBeta-awyabywlaekrybetqgpbjphfxefs/Build/Intermediates.noindex/Firebase.build/Debug-iphonesimulator/FirebaseCore.build/Objects-normal/arm64/FIRComponentContainer.o /Users/aaronkeen/Library/Developer/Xcode/DerivedData/NutraSafeBeta-awyabywlaekrybetqgpbjphfxefs/SourcePackages/checkouts/firebase-ios-sdk/FirebaseCore/Sources/FIRComponentContainer.m normal arm64 objective-c com.apple.compilers.llvm.clang.1_0.compiler (in target 'FirebaseCore' from project 'Firebase')
    cd /Users/aaronkeen/Documents/My\ Apps/NutraSafe\ Beta/NutraSafeBeta.xcodeproj
    
    Using response file: /Users/aaronkeen/Library/Developer/Xcode/DerivedData/NutraSafeBeta-awyabywlaekrybetqgpbjphfxefs/Build/Intermediates.noindex/Firebase.build/Debug-iphonesimulator/FirebaseCore.build/Objects-normal/arm64/e6072d4f65d7061329687fe24e3d63a7-common-args.resp
    
    /Applications/Xcode.app/Contents/Developer/Toolchains/XcodeDefault.xctoolchain/usr/bin/clang -x objective-c -ivfsstatcache /Users/aaronkeen/Library/Developer/Xcode/DerivedData/SDKStatCaches.noindex/iphonesimulator18.5-22F76-d5fc8ad4295d2ef488fb7d0f804ce0c4.sdkstatcache -fmessage-length\=0 -fdiagnostics-show-note-include-stack -fmacro-backtrace-limit\=0 -fno-color-diagnostics -fmodules-prune-interval\=86400 -fmodules-prune-after\=345600 -fbuild-session-file\=/Users/aaronkeen/Library/Developer/Xcode/DerivedData/ModuleCache.noindex/Session.modulevalidation -fmodules-validate-once-per-build-session -Wnon-modular-include-in-framework-module -Werror\=non-modular-include-in-framework-module -Wno-trigraphs -Wno-missing-field-initializers -Wno-missing-prototypes -Wno-return-type -Wno-implicit-atomic-properties -Wno-objc-interface-ivars -Wno-arc-repeated-use-of-weak -Wno-missing-braces -Wparentheses -Wswitch -Wno-unused-function -Wno-unused-label -Wno-unused-parameter -Wno-unused-variable -Wunused-value -Wno-empty-body -Wno-uninitialized -Wno-unknown-pragmas -w -Wno-shadow -Wno-four-char-constants -Wno-conversion -Wno-constant-conversion -Wno-int-conversion -Wno-bool-conversion -Wno-enum-conversion -Wno-float-conversion -Wno-non-literal-null-conversion -Wno-objc-literal-conversion -Wshorten-64-to-32 -Wpointer-sign -Wno-newline-eof -Wno-selector -Wno-strict-selector-match -Wno-undeclared-selector -Wno-deprecated-implementations -Wno-implicit-fallthrough -fstrict-aliasing -Wprotocol -Wdeprecated-declarations -Wno-sign-conversion -Wno-infinite-recursion -Wno-comma -Wno-block-capture-autoreleasing -Wno-strict-prototypes -Wno-semicolon-before-method-body -index-store-path /Users/aaronkeen/Library/Developer/Xcode/DerivedData/NutraSafeBeta-awyabywlaekrybetqgpbjphfxefs/Index.noindex/DataStore @/Users/aaronkeen/Library/Developer/Xcode/DerivedData/NutraSafeBeta-awyabywlaekrybetqgpbjphfxefs/Build/Intermediates.noindex/Firebase.build/Debug-iphonesimulator/FirebaseCore.build/Objects-normal/arm64/e6072d4f65d7061329687fe24e3d63a7-common-args.resp -include /Users/aaronkeen/Library/Developer/Xcode/DerivedData/NutraSafeBeta-awyabywlaekrybetqgpbjphfxefs/Build/Intermediates.noindex/Firebase.build/Debug-iphonesimulator/FirebaseCore.build/DerivedSources/resource_bundle_accessor.h -MMD -MT dependencies -MF /Users/aaronkeen/Library/Developer/Xcode/DerivedData/NutraSafeBeta-awyabywlaekrybetqgpbjphfxefs/Build/Intermediates.noindex/Firebase.build/Debug-iphonesimulator/FirebaseCore.build/Objects-normal/arm64/FIRComponentContainer.d --serialize-diagnostics /Users/aaronkeen/Library/Developer/Xcode/DerivedData/NutraSafeBeta-awyabywlaekrybetqgpbjphfxefs/Build/Intermediates.noindex/Firebase.build/Debug-iphonesimulator/FirebaseCore.build/Objects-normal/arm64/FIRComponentContainer.dia -c /Users/aaronkeen/Library/Developer/Xcode/DerivedData/NutraSafeBeta-awyabywlaekrybetqgpbjphfxefs/SourcePackages/checkouts/firebase-ios-sdk/FirebaseCore/Sources/FIRComponentContainer.m -o /Users/aaronkeen/Library/Developer/Xcode/DerivedData/NutraSafeBeta-awyabywlaekrybetqgpbjphfxefs/Build/Intermediates.noindex/Firebase.build/Debug-iphonesimulator/FirebaseCore.build/Objects-normal/arm64/FIRComponentContainer.o -index-unit-output-path /Firebase.build/Debug-iphonesimulator/FirebaseCore.build/Objects-normal/arm64/FIRComponentContainer.o

CompileC /Users/aaronkeen/Library/Developer/Xcode/DerivedData/NutraSafeBeta-awyabywlaekrybetqgpbjphfxefs/Build/Intermediates.noindex/gRPC.build/Debug-iphonesimulator/opensslWrapper.build/Objects-normal/arm64/resource_bundle_accessor.o /Users/aaronkeen/Library/Developer/Xcode/DerivedData/NutraSafeBeta-awyabywlaekrybetqgpbjphfxefs/Build/Intermediates.noindex/gRPC.build/Debug-iphonesimulator/opensslWrapper.build/DerivedSources/resource_bundle_accessor.m normal arm64 objective-c com.apple.compilers.llvm.clang.1_0.compiler (in target 'opensslWrapper' from project 'gRPC')
    cd /Users/aaronkeen/Documents/My\ Apps/NutraSafe\ Beta/NutraSafeBeta.xcodeproj
    
    Using response file: /Users/aaronkeen/Library/Developer/Xcode/DerivedData/NutraSafeBeta-awyabywlaekrybetqgpbjphfxefs/Build/Intermediates.noindex/gRPC.build/Debug-iphonesimulator/opensslWrapper.build/Objects-normal/arm64/e6072d4f65d7061329687fe24e3d63a7-common-args.resp
    
    /Applications/Xcode.app/Contents/Developer/Toolchains/XcodeDefault.xctoolchain/usr/bin/clang -x objective-c -ivfsstatcache /Users/aaronkeen/Library/Developer/Xcode/DerivedData/SDKStatCaches.noindex/iphonesimulator18.5-22F76-d5fc8ad4295d2ef488fb7d0f804ce0c4.sdkstatcache -fmessage-length\=0 -fdiagnostics-show-note-include-stack -fmacro-backtrace-limit\=0 -fno-color-diagnostics -fmodules-prune-interval\=86400 -fmodules-prune-after\=345600 -fbuild-session-file\=/Users/aaronkeen/Library/Developer/Xcode/DerivedData/ModuleCache.noindex/Session.modulevalidation -fmodules-validate-once-per-build-session -Wnon-modular-include-in-framework-module -Werror\=non-modular-include-in-framework-module -Wno-trigraphs -Wno-missing-field-initializers -Wno-missing-prototypes -Wno-return-type -Wno-implicit-atomic-properties -Wno-objc-interface-ivars -Wno-arc-repeated-use-of-weak -Wno-missing-braces -Wparentheses -Wswitch -Wno-unused-function -Wno-unused-label -Wno-unused-parameter -Wno-unused-variable -Wunused-value -Wno-empty-body -Wno-uninitialized -Wno-unknown-pragmas -w -Wno-shadow -Wno-four-char-constants -Wno-conversion -Wno-constant-conversion -Wno-int-conversion -Wno-bool-conversion -Wno-enum-conversion -Wno-float-conversion -Wno-non-literal-null-conversion -Wno-objc-literal-conversion -Wshorten-64-to-32 -Wpointer-sign -Wno-newline-eof -Wno-selector -Wno-strict-selector-match -Wno-undeclared-selector -Wno-deprecated-implementations -Wno-implicit-fallthrough -fstrict-aliasing -Wprotocol -Wdeprecated-declarations -Wno-sign-conversion -Wno-infinite-recursion -Wno-comma -Wno-block-capture-autoreleasing -Wno-strict-prototypes -Wno-semicolon-before-method-body -index-store-path /Users/aaronkeen/Library/Developer/Xcode/DerivedData/NutraSafeBeta-awyabywlaekrybetqgpbjphfxefs/Index.noindex/DataStore @/Users/aaronkeen/Library/Developer/Xcode/DerivedData/NutraSafeBeta-awyabywlaekrybetqgpbjphfxefs/Build/Intermediates.noindex/gRPC.build/Debug-iphonesimulator/opensslWrapper.build/Objects-normal/arm64/e6072d4f65d7061329687fe24e3d63a7-common-args.resp -include /Users/aaronkeen/Library/Developer/Xcode/DerivedData/NutraSafeBeta-awyabywlaekrybetqgpbjphfxefs/Build/Intermediates.noindex/gRPC.build/Debug-iphonesimulator/opensslWrapper.build/DerivedSources/resource_bundle_accessor.h -MMD -MT dependencies -MF /Users/aaronkeen/Library/Developer/Xcode/DerivedData/NutraSafeBeta-awyabywlaekrybetqgpbjphfxefs/Build/Intermediates.noindex/gRPC.build/Debug-iphonesimulator/opensslWrapper.build/Objects-normal/arm64/resource_bundle_accessor.d --serialize-diagnostics /Users/aaronkeen/Library/Developer/Xcode/DerivedData/NutraSafeBeta-awyabywlaekrybetqgpbjphfxefs/Build/Intermediates.noindex/gRPC.build/Debug-iphonesimulator/opensslWrapper.build/Objects-normal/arm64/resource_bundle_accessor.dia -c /Users/aaronkeen/Library/Developer/Xcode/DerivedData/NutraSafeBeta-awyabywlaekrybetqgpbjphfxefs/Build/Intermediates.noindex/gRPC.build/Debug-iphonesimulator/opensslWrapper.build/DerivedSources/resource_bundle_accessor.m -o /Users/aaronkeen/Library/Developer/Xcode/DerivedData/NutraSafeBeta-awyabywlaekrybetqgpbjphfxefs/Build/Intermediates.noindex/gRPC.build/Debug-iphonesimulator/opensslWrapper.build/Objects-normal/arm64/resource_bundle_accessor.o -index-unit-output-path /gRPC.build/Debug-iphonesimulator/opensslWrapper.build/Objects-normal/arm64/resource_bundle_accessor.o

CompileC /Users/aaronkeen/Library/Developer/Xcode/DerivedData/NutraSafeBeta-awyabywlaekrybetqgpbjphfxefs/Build/Intermediates.noindex/gRPC.build/Debug-iphonesimulator/opensslWrapper.build/Objects-normal/arm64/empty.o /Users/aaronkeen/Library/Developer/Xcode/DerivedData/NutraSafeBeta-awyabywlaekrybetqgpbjphfxefs/SourcePackages/checkouts/grpc-binary/openssl-grpc-Wrapper/empty.m normal arm64 objective-c com.apple.compilers.llvm.clang.1_0.compiler (in target 'opensslWrapper' from project 'gRPC')
    cd /Users/aaronkeen/Documents/My\ Apps/NutraSafe\ Beta/NutraSafeBeta.xcodeproj
    
    Using response file: /Users/aaronkeen/Library/Developer/Xcode/DerivedData/NutraSafeBeta-awyabywlaekrybetqgpbjphfxefs/Build/Intermediates.noindex/gRPC.build/Debug-iphonesimulator/opensslWrapper.build/Objects-normal/arm64/e6072d4f65d7061329687fe24e3d63a7-common-args.resp
    
    /Applications/Xcode.app/Contents/Developer/Toolchains/XcodeDefault.xctoolchain/usr/bin/clang -x objective-c -ivfsstatcache /Users/aaronkeen/Library/Developer/Xcode/DerivedData/SDKStatCaches.noindex/iphonesimulator18.5-22F76-d5fc8ad4295d2ef488fb7d0f804ce0c4.sdkstatcache -fmessage-length\=0 -fdiagnostics-show-note-include-stack -fmacro-backtrace-limit\=0 -fno-color-diagnostics -fmodules-prune-interval\=86400 -fmodules-prune-after\=345600 -fbuild-session-file\=/Users/aaronkeen/Library/Developer/Xcode/DerivedData/ModuleCache.noindex/Session.modulevalidation -fmodules-validate-once-per-build-session -Wnon-modular-include-in-framework-module -Werror\=non-modular-include-in-framework-module -Wno-trigraphs -Wno-missing-field-initializers -Wno-missing-prototypes -Wno-return-type -Wno-implicit-atomic-properties -Wno-objc-interface-ivars -Wno-arc-repeated-use-of-weak -Wno-missing-braces -Wparentheses -Wswitch -Wno-unused-function -Wno-unused-label -Wno-unused-parameter -Wno-unused-variable -Wunused-value -Wno-empty-body -Wno-uninitialized -Wno-unknown-pragmas -w -Wno-shadow -Wno-four-char-constants -Wno-conversion -Wno-constant-conversion -Wno-int-conversion -Wno-bool-conversion -Wno-enum-conversion -Wno-float-conversion -Wno-non-literal-null-conversion -Wno-objc-literal-conversion -Wshorten-64-to-32 -Wpointer-sign -Wno-newline-eof -Wno-selector -Wno-strict-selector-match -Wno-undeclared-selector -Wno-deprecated-implementations -Wno-implicit-fallthrough -fstrict-aliasing -Wprotocol -Wdeprecated-declarations -Wno-sign-conversion -Wno-infinite-recursion -Wno-comma -Wno-block-capture-autoreleasing -Wno-strict-prototypes -Wno-semicolon-before-method-body -index-store-path /Users/aaronkeen/Library/Developer/Xcode/DerivedData/NutraSafeBeta-awyabywlaekrybetqgpbjphfxefs/Index.noindex/DataStore @/Users/aaronkeen/Library/Developer/Xcode/DerivedData/NutraSafeBeta-awyabywlaekrybetqgpbjphfxefs/Build/Intermediates.noindex/gRPC.build/Debug-iphonesimulator/opensslWrapper.build/Objects-normal/arm64/e6072d4f65d7061329687fe24e3d63a7-common-args.resp -include /Users/aaronkeen/Library/Developer/Xcode/DerivedData/NutraSafeBeta-awyabywlaekrybetqgpbjphfxefs/Build/Intermediates.noindex/gRPC.build/Debug-iphonesimulator/opensslWrapper.build/DerivedSources/resource_bundle_accessor.h -MMD -MT dependencies -MF /Users/aaronkeen/Library/Developer/Xcode/DerivedData/NutraSafeBeta-awyabywlaekrybetqgpbjphfxefs/Build/Intermediates.noindex/gRPC.build/Debug-iphonesimulator/opensslWrapper.build/Objects-normal/arm64/empty.d --serialize-diagnostics /Users/aaronkeen/Library/Developer/Xcode/DerivedData/NutraSafeBeta-awyabywlaekrybetqgpbjphfxefs/Build/Intermediates.noindex/gRPC.build/Debug-iphonesimulator/opensslWrapper.build/Objects-normal/arm64/empty.dia -c /Users/aaronkeen/Library/Developer/Xcode/DerivedData/NutraSafeBeta-awyabywlaekrybetqgpbjphfxefs/SourcePackages/checkouts/grpc-binary/openssl-grpc-Wrapper/empty.m -o /Users/aaronkeen/Library/Developer/Xcode/DerivedData/NutraSafeBeta-awyabywlaekrybetqgpbjphfxefs/Build/Intermediates.noindex/gRPC.build/Debug-iphonesimulator/opensslWrapper.build/Objects-normal/arm64/empty.o -index-unit-output-path /gRPC.build/Debug-iphonesimulator/opensslWrapper.build/Objects-normal/arm64/empty.o

CompileC /Users/aaronkeen/Library/Developer/Xcode/DerivedData/NutraSafeBeta-awyabywlaekrybetqgpbjphfxefs/Build/Intermediates.noindex/gRPC.build/Debug-iphonesimulator/grpcppWrapper.build/Objects-normal/arm64/resource_bundle_accessor.o /Users/aaronkeen/Library/Developer/Xcode/DerivedData/NutraSafeBeta-awyabywlaekrybetqgpbjphfxefs/Build/Intermediates.noindex/gRPC.build/Debug-iphonesimulator/grpcppWrapper.build/DerivedSources/resource_bundle_accessor.m normal arm64 objective-c com.apple.compilers.llvm.clang.1_0.compiler (in target 'grpcppWrapper' from project 'gRPC')
    cd /Users/aaronkeen/Documents/My\ Apps/NutraSafe\ Beta/NutraSafeBeta.xcodeproj
    
    Using response file: /Users/aaronkeen/Library/Developer/Xcode/DerivedData/NutraSafeBeta-awyabywlaekrybetqgpbjphfxefs/Build/Intermediates.noindex/gRPC.build/Debug-iphonesimulator/grpcppWrapper.build/Objects-normal/arm64/e6072d4f65d7061329687fe24e3d63a7-common-args.resp
    
    /Applications/Xcode.app/Contents/Developer/Toolchains/XcodeDefault.xctoolchain/usr/bin/clang -x objective-c -ivfsstatcache /Users/aaronkeen/Library/Developer/Xcode/DerivedData/SDKStatCaches.noindex/iphonesimulator18.5-22F76-d5fc8ad4295d2ef488fb7d0f804ce0c4.sdkstatcache -fmessage-length\=0 -fdiagnostics-show-note-include-stack -fmacro-backtrace-limit\=0 -fno-color-diagnostics -fmodules-prune-interval\=86400 -fmodules-prune-after\=345600 -fbuild-session-file\=/Users/aaronkeen/Library/Developer/Xcode/DerivedData/ModuleCache.noindex/Session.modulevalidation -fmodules-validate-once-per-build-session -Wnon-modular-include-in-framework-module -Werror\=non-modular-include-in-framework-module -Wno-trigraphs -Wno-missing-field-initializers -Wno-missing-prototypes -Wno-return-type -Wno-implicit-atomic-properties -Wno-objc-interface-ivars -Wno-arc-repeated-use-of-weak -Wno-missing-braces -Wparentheses -Wswitch -Wno-unused-function -Wno-unused-label -Wno-unused-parameter -Wno-unused-variable -Wunused-value -Wno-empty-body -Wno-uninitialized -Wno-unknown-pragmas -w -Wno-shadow -Wno-four-char-constants -Wno-conversion -Wno-constant-conversion -Wno-int-conversion -Wno-bool-conversion -Wno-enum-conversion -Wno-float-conversion -Wno-non-literal-null-conversion -Wno-objc-literal-conversion -Wshorten-64-to-32 -Wpointer-sign -Wno-newline-eof -Wno-selector -Wno-strict-selector-match -Wno-undeclared-selector -Wno-deprecated-implementations -Wno-implicit-fallthrough -fstrict-aliasing -Wprotocol -Wdeprecated-declarations -Wno-sign-conversion -Wno-infinite-recursion -Wno-comma -Wno-block-capture-autoreleasing -Wno-strict-prototypes -Wno-semicolon-before-method-body -index-store-path /Users/aaronkeen/Library/Developer/Xcode/DerivedData/NutraSafeBeta-awyabywlaekrybetqgpbjphfxefs/Index.noindex/DataStore @/Users/aaronkeen/Library/Developer/Xcode/DerivedData/NutraSafeBeta-awyabywlaekrybetqgpbjphfxefs/Build/Intermediates.noindex/gRPC.build/Debug-iphonesimulator/grpcppWrapper.build/Objects-normal/arm64/e6072d4f65d7061329687fe24e3d63a7-common-args.resp -include /Users/aaronkeen/Library/Developer/Xcode/DerivedData/NutraSafeBeta-awyabywlaekrybetqgpbjphfxefs/Build/Intermediates.noindex/gRPC.build/Debug-iphonesimulator/grpcppWrapper.build/DerivedSources/resource_bundle_accessor.h -MMD -MT dependencies -MF /Users/aaronkeen/Library/Developer/Xcode/DerivedData/NutraSafeBeta-awyabywlaekrybetqgpbjphfxefs/Build/Intermediates.noindex/gRPC.build/Debug-iphonesimulator/grpcppWrapper.build/Objects-normal/arm64/resource_bundle_accessor.d --serialize-diagnostics /Users/aaronkeen/Library/Developer/Xcode/DerivedData/NutraSafeBeta-awyabywlaekrybetqgpbjphfxefs/Build/Intermediates.noindex/gRPC.build/Debug-iphonesimulator/grpcppWrapper.build/Objects-normal/arm64/resource_bundle_accessor.dia -c /Users/aaronkeen/Library/Developer/Xcode/DerivedData/NutraSafeBeta-awyabywlaekrybetqgpbjphfxefs/Build/Intermediates.noindex/gRPC.build/Debug-iphonesimulator/grpcppWrapper.build/DerivedSources/resource_bundle_accessor.m -o /Users/aaronkeen/Library/Developer/Xcode/DerivedData/NutraSafeBeta-awyabywlaekrybetqgpbjphfxefs/Build/Intermediates.noindex/gRPC.build/Debug-iphonesimulator/grpcppWrapper.build/Objects-normal/arm64/resource_bundle_accessor.o -index-unit-output-path /gRPC.build/Debug-iphonesimulator/grpcppWrapper.build/Objects-normal/arm64/resource_bundle_accessor.o

CompileC /Users/aaronkeen/Library/Developer/Xcode/DerivedData/NutraSafeBeta-awyabywlaekrybetqgpbjphfxefs/Build/Intermediates.noindex/gRPC.build/Debug-iphonesimulator/grpcppWrapper.build/Objects-normal/arm64/empty.o /Users/aaronkeen/Library/Developer/Xcode/DerivedData/NutraSafeBeta-awyabywlaekrybetqgpbjphfxefs/SourcePackages/checkouts/grpc-binary/grpcpp-Wrapper/empty.m normal arm64 objective-c com.apple.compilers.llvm.clang.1_0.compiler (in target 'grpcppWrapper' from project 'gRPC')
    cd /Users/aaronkeen/Documents/My\ Apps/NutraSafe\ Beta/NutraSafeBeta.xcodeproj
    
    Using response file: /Users/aaronkeen/Library/Developer/Xcode/DerivedData/NutraSafeBeta-awyabywlaekrybetqgpbjphfxefs/Build/Intermediates.noindex/gRPC.build/Debug-iphonesimulator/grpcppWrapper.build/Objects-normal/arm64/e6072d4f65d7061329687fe24e3d63a7-common-args.resp
    
    /Applications/Xcode.app/Contents/Developer/Toolchains/XcodeDefault.xctoolchain/usr/bin/clang -x objective-c -ivfsstatcache /Users/aaronkeen/Library/Developer/Xcode/DerivedData/SDKStatCaches.noindex/iphonesimulator18.5-22F76-d5fc8ad4295d2ef488fb7d0f804ce0c4.sdkstatcache -fmessage-length\=0 -fdiagnostics-show-note-include-stack -fmacro-backtrace-limit\=0 -fno-color-diagnostics -fmodules-prune-interval\=86400 -fmodules-prune-after\=345600 -fbuild-session-file\=/Users/aaronkeen/Library/Developer/Xcode/DerivedData/ModuleCache.noindex/Session.modulevalidation -fmodules-validate-once-per-build-session -Wnon-modular-include-in-framework-module -Werror\=non-modular-include-in-framework-module -Wno-trigraphs -Wno-missing-field-initializers -Wno-missing-prototypes -Wno-return-type -Wno-implicit-atomic-properties -Wno-objc-interface-ivars -Wno-arc-repeated-use-of-weak -Wno-missing-braces -Wparentheses -Wswitch -Wno-unused-function -Wno-unused-label -Wno-unused-parameter -Wno-unused-variable -Wunused-value -Wno-empty-body -Wno-uninitialized -Wno-unknown-pragmas -w -Wno-shadow -Wno-four-char-constants -Wno-conversion -Wno-constant-conversion -Wno-int-conversion -Wno-bool-conversion -Wno-enum-conversion -Wno-float-conversion -Wno-non-literal-null-conversion -Wno-objc-literal-conversion -Wshorten-64-to-32 -Wpointer-sign -Wno-newline-eof -Wno-selector -Wno-strict-selector-match -Wno-undeclared-selector -Wno-deprecated-implementations -Wno-implicit-fallthrough -fstrict-aliasing -Wprotocol -Wdeprecated-declarations -Wno-sign-conversion -Wno-infinite-recursion -Wno-comma -Wno-block-capture-autoreleasing -Wno-strict-prototypes -Wno-semicolon-before-method-body -index-store-path /Users/aaronkeen/Library/Developer/Xcode/DerivedData/NutraSafeBeta-awyabywlaekrybetqgpbjphfxefs/Index.noindex/DataStore @/Users/aaronkeen/Library/Developer/Xcode/DerivedData/NutraSafeBeta-awyabywlaekrybetqgpbjphfxefs/Build/Intermediates.noindex/gRPC.build/Debug-iphonesimulator/grpcppWrapper.build/Objects-normal/arm64/e6072d4f65d7061329687fe24e3d63a7-common-args.resp -include /Users/aaronkeen/Library/Developer/Xcode/DerivedData/NutraSafeBeta-awyabywlaekrybetqgpbjphfxefs/Build/Intermediates.noindex/gRPC.build/Debug-iphonesimulator/grpcppWrapper.build/DerivedSources/resource_bundle_accessor.h -MMD -MT dependencies -MF /Users/aaronkeen/Library/Developer/Xcode/DerivedData/NutraSafeBeta-awyabywlaekrybetqgpbjphfxefs/Build/Intermediates.noindex/gRPC.build/Debug-iphonesimulator/grpcppWrapper.build/Objects-normal/arm64/empty.d --serialize-diagnostics /Users/aaronkeen/Library/Developer/Xcode/DerivedData/NutraSafeBeta-awyabywlaekrybetqgpbjphfxefs/Build/Intermediates.noindex/gRPC.build/Debug-iphonesimulator/grpcppWrapper.build/Objects-normal/arm64/empty.dia -c /Users/aaronkeen/Library/Developer/Xcode/DerivedData/NutraSafeBeta-awyabywlaekrybetqgpbjphfxefs/SourcePackages/checkouts/grpc-binary/grpcpp-Wrapper/empty.m -o /Users/aaronkeen/Library/Developer/Xcode/DerivedData/NutraSafeBeta-awyabywlaekrybetqgpbjphfxefs/Build/Intermediates.noindex/gRPC.build/Debug-iphonesimulator/grpcppWrapper.build/Objects-normal/arm64/empty.o -index-unit-output-path /gRPC.build/Debug-iphonesimulator/grpcppWrapper.build/Objects-normal/arm64/empty.o

CompileC /Users/aaronkeen/Library/Developer/Xcode/DerivedData/NutraSafeBeta-awyabywlaekrybetqgpbjphfxefs/Build/Intermediates.noindex/gRPC.build/Debug-iphonesimulator/grpcWrapper.build/Objects-normal/arm64/resource_bundle_accessor.o /Users/aaronkeen/Library/Developer/Xcode/DerivedData/NutraSafeBeta-awyabywlaekrybetqgpbjphfxefs/Build/Intermediates.noindex/gRPC.build/Debug-iphonesimulator/grpcWrapper.build/DerivedSources/resource_bundle_accessor.m normal arm64 objective-c com.apple.compilers.llvm.clang.1_0.compiler (in target 'grpcWrapper' from project 'gRPC')
    cd /Users/aaronkeen/Documents/My\ Apps/NutraSafe\ Beta/NutraSafeBeta.xcodeproj
    
    Using response file: /Users/aaronkeen/Library/Developer/Xcode/DerivedData/NutraSafeBeta-awyabywlaekrybetqgpbjphfxefs/Build/Intermediates.noindex/gRPC.build/Debug-iphonesimulator/grpcWrapper.build/Objects-normal/arm64/e6072d4f65d7061329687fe24e3d63a7-common-args.resp
    
    /Applications/Xcode.app/Contents/Developer/Toolchains/XcodeDefault.xctoolchain/usr/bin/clang -x objective-c -ivfsstatcache /Users/aaronkeen/Library/Developer/Xcode/DerivedData/SDKStatCaches.noindex/iphonesimulator18.5-22F76-d5fc8ad4295d2ef488fb7d0f804ce0c4.sdkstatcache -fmessage-length\=0 -fdiagnostics-show-note-include-stack -fmacro-backtrace-limit\=0 -fno-color-diagnostics -fmodules-prune-interval\=86400 -fmodules-prune-after\=345600 -fbuild-session-file\=/Users/aaronkeen/Library/Developer/Xcode/DerivedData/ModuleCache.noindex/Session.modulevalidation -fmodules-validate-once-per-build-session -Wnon-modular-include-in-framework-module -Werror\=non-modular-include-in-framework-module -Wno-trigraphs -Wno-missing-field-initializers -Wno-missing-prototypes -Wno-return-type -Wno-implicit-atomic-properties -Wno-objc-interface-ivars -Wno-arc-repeated-use-of-weak -Wno-missing-braces -Wparentheses -Wswitch -Wno-unused-function -Wno-unused-label -Wno-unused-parameter -Wno-unused-variable -Wunused-value -Wno-empty-body -Wno-uninitialized -Wno-unknown-pragmas -w -Wno-shadow -Wno-four-char-constants -Wno-conversion -Wno-constant-conversion -Wno-int-conversion -Wno-bool-conversion -Wno-enum-conversion -Wno-float-conversion -Wno-non-literal-null-conversion -Wno-objc-literal-conversion -Wshorten-64-to-32 -Wpointer-sign -Wno-newline-eof -Wno-selector -Wno-strict-selector-match -Wno-undeclared-selector -Wno-deprecated-implementations -Wno-implicit-fallthrough -fstrict-aliasing -Wprotocol -Wdeprecated-declarations -Wno-sign-conversion -Wno-infinite-recursion -Wno-comma -Wno-block-capture-autoreleasing -Wno-strict-prototypes -Wno-semicolon-before-method-body -index-store-path /Users/aaronkeen/Library/Developer/Xcode/DerivedData/NutraSafeBeta-awyabywlaekrybetqgpbjphfxefs/Index.noindex/DataStore @/Users/aaronkeen/Library/Developer/Xcode/DerivedData/NutraSafeBeta-awyabywlaekrybetqgpbjphfxefs/Build/Intermediates.noindex/gRPC.build/Debug-iphonesimulator/grpcWrapper.build/Objects-normal/arm64/e6072d4f65d7061329687fe24e3d63a7-common-args.resp -include /Users/aaronkeen/Library/Developer/Xcode/DerivedData/NutraSafeBeta-awyabywlaekrybetqgpbjphfxefs/Build/Intermediates.noindex/gRPC.build/Debug-iphonesimulator/grpcWrapper.build/DerivedSources/resource_bundle_accessor.h -MMD -MT dependencies -MF /Users/aaronkeen/Library/Developer/Xcode/DerivedData/NutraSafeBeta-awyabywlaekrybetqgpbjphfxefs/Build/Intermediates.noindex/gRPC.build/Debug-iphonesimulator/grpcWrapper.build/Objects-normal/arm64/resource_bundle_accessor.d --serialize-diagnostics /Users/aaronkeen/Library/Developer/Xcode/DerivedData/NutraSafeBeta-awyabywlaekrybetqgpbjphfxefs/Build/Intermediates.noindex/gRPC.build/Debug-iphonesimulator/grpcWrapper.build/Objects-normal/arm64/resource_bundle_accessor.dia -c /Users/aaronkeen/Library/Developer/Xcode/DerivedData/NutraSafeBeta-awyabywlaekrybetqgpbjphfxefs/Build/Intermediates.noindex/gRPC.build/Debug-iphonesimulator/grpcWrapper.build/DerivedSources/resource_bundle_accessor.m -o /Users/aaronkeen/Library/Developer/Xcode/DerivedData/NutraSafeBeta-awyabywlaekrybetqgpbjphfxefs/Build/Intermediates.noindex/gRPC.build/Debug-iphonesimulator/grpcWrapper.build/Objects-normal/arm64/resource_bundle_accessor.o -index-unit-output-path /gRPC.build/Debug-iphonesimulator/grpcWrapper.build/Objects-normal/arm64/resource_bundle_accessor.o

Ld /Users/aaronkeen/Library/Developer/Xcode/DerivedData/NutraSafeBeta-awyabywlaekrybetqgpbjphfxefs/Build/Products/Debug-iphonesimulator/opensslWrapper.o normal (in target 'opensslWrapper' from project 'gRPC')
    cd /Users/aaronkeen/Library/Developer/Xcode/DerivedData/NutraSafeBeta-awyabywlaekrybetqgpbjphfxefs/SourcePackages/checkouts/grpc-binary
    /Applications/Xcode.app/Contents/Developer/Toolchains/XcodeDefault.xctoolchain/usr/bin/clang -Xlinker -reproducible -target arm64-apple-ios12.0-simulator -r -isysroot /Applications/Xcode.app/Contents/Developer/Platforms/iPhoneSimulator.platform/Developer/SDKs/iPhoneSimulator18.5.sdk -O0 -w -L/Users/aaronkeen/Library/Developer/Xcode/DerivedData/NutraSafeBeta-awyabywlaekrybetqgpbjphfxefs/Build/Intermediates.noindex/EagerLinkingTBDs/Debug-iphonesimulator -L/Users/aaronkeen/Library/Developer/Xcode/DerivedData/NutraSafeBeta-awyabywlaekrybetqgpbjphfxefs/Build/Products/Debug-iphonesimulator -L/Applications/Xcode.app/Contents/Developer/Platforms/iPhoneSimulator.platform/Developer/usr/lib -F/Users/aaronkeen/Library/Developer/Xcode/DerivedData/NutraSafeBeta-awyabywlaekrybetqgpbjphfxefs/Build/Intermediates.noindex/EagerLinkingTBDs/Debug-iphonesimulator -F/Users/aaronkeen/Library/Developer/Xcode/DerivedData/NutraSafeBeta-awyabywlaekrybetqgpbjphfxefs/Build/Products/Debug-iphonesimulator -iframework /Applications/Xcode.app/Contents/Developer/Platforms/iPhoneSimulator.platform/Developer/Library/Frameworks -iframework /Applications/Xcode.app/Contents/Developer/Platforms/iPhoneSimulator.platform/Developer/SDKs/iPhoneSimulator18.5.sdk/Developer/Library/Frameworks -filelist /Users/aaronkeen/Library/Developer/Xcode/DerivedData/NutraSafeBeta-awyabywlaekrybetqgpbjphfxefs/Build/Intermediates.noindex/gRPC.build/Debug-iphonesimulator/opensslWrapper.build/Objects-normal/arm64/opensslWrapper.LinkFileList -nostdlib -Xlinker -object_path_lto -Xlinker /Users/aaronkeen/Library/Developer/Xcode/DerivedData/NutraSafeBeta-awyabywlaekrybetqgpbjphfxefs/Build/Intermediates.noindex/gRPC.build/Debug-iphonesimulator/opensslWrapper.build/Objects-normal/arm64/opensslWrapper_lto.o -rdynamic -Xlinker -no_deduplicate -Xlinker -objc_abi_version -Xlinker 2 -Xlinker -dependency_info -Xlinker /Users/aaronkeen/Library/Developer/Xcode/DerivedData/NutraSafeBeta-awyabywlaekrybetqgpbjphfxefs/Build/Intermediates.noindex/gRPC.build/Debug-iphonesimulator/opensslWrapper.build/Objects-normal/arm64/opensslWrapper_dependency_info.dat -fobjc-arc -fobjc-link-runtime -o /Users/aaronkeen/Library/Developer/Xcode/DerivedData/NutraSafeBeta-awyabywlaekrybetqgpbjphfxefs/Build/Products/Debug-iphonesimulator/opensslWrapper.o

CompileC /Users/aaronkeen/Library/Developer/Xcode/DerivedData/NutraSafeBeta-awyabywlaekrybetqgpbjphfxefs/Build/Intermediates.noindex/gRPC.build/Debug-iphonesimulator/grpcWrapper.build/Objects-normal/arm64/empty.o /Users/aaronkeen/Library/Developer/Xcode/DerivedData/NutraSafeBeta-awyabywlaekrybetqgpbjphfxefs/SourcePackages/checkouts/grpc-binary/grpc-Wrapper/empty.m normal arm64 objective-c com.apple.compilers.llvm.clang.1_0.compiler (in target 'grpcWrapper' from project 'gRPC')
    cd /Users/aaronkeen/Documents/My\ Apps/NutraSafe\ Beta/NutraSafeBeta.xcodeproj
    
    Using response file: /Users/aaronkeen/Library/Developer/Xcode/DerivedData/NutraSafeBeta-awyabywlaekrybetqgpbjphfxefs/Build/Intermediates.noindex/gRPC.build/Debug-iphonesimulator/grpcWrapper.build/Objects-normal/arm64/e6072d4f65d7061329687fe24e3d63a7-common-args.resp
    
    /Applications/Xcode.app/Contents/Developer/Toolchains/XcodeDefault.xctoolchain/usr/bin/clang -x objective-c -ivfsstatcache /Users/aaronkeen/Library/Developer/Xcode/DerivedData/SDKStatCaches.noindex/iphonesimulator18.5-22F76-d5fc8ad4295d2ef488fb7d0f804ce0c4.sdkstatcache -fmessage-length\=0 -fdiagnostics-show-note-include-stack -fmacro-backtrace-limit\=0 -fno-color-diagnostics -fmodules-prune-interval\=86400 -fmodules-prune-after\=345600 -fbuild-session-file\=/Users/aaronkeen/Library/Developer/Xcode/DerivedData/ModuleCache.noindex/Session.modulevalidation -fmodules-validate-once-per-build-session -Wnon-modular-include-in-framework-module -Werror\=non-modular-include-in-framework-module -Wno-trigraphs -Wno-missing-field-initializers -Wno-missing-prototypes -Wno-return-type -Wno-implicit-atomic-properties -Wno-objc-interface-ivars -Wno-arc-repeated-use-of-weak -Wno-missing-braces -Wparentheses -Wswitch -Wno-unused-function -Wno-unused-label -Wno-unused-parameter -Wno-unused-variable -Wunused-value -Wno-empty-body -Wno-uninitialized -Wno-unknown-pragmas -w -Wno-shadow -Wno-four-char-constants -Wno-conversion -Wno-constant-conversion -Wno-int-conversion -Wno-bool-conversion -Wno-enum-conversion -Wno-float-conversion -Wno-non-literal-null-conversion -Wno-objc-literal-conversion -Wshorten-64-to-32 -Wpointer-sign -Wno-newline-eof -Wno-selector -Wno-strict-selector-match -Wno-undeclared-selector -Wno-deprecated-implementations -Wno-implicit-fallthrough -fstrict-aliasing -Wprotocol -Wdeprecated-declarations -Wno-sign-conversion -Wno-infinite-recursion -Wno-comma -Wno-block-capture-autoreleasing -Wno-strict-prototypes -Wno-semicolon-before-method-body -index-store-path /Users/aaronkeen/Library/Developer/Xcode/DerivedData/NutraSafeBeta-awyabywlaekrybetqgpbjphfxefs/Index.noindex/DataStore @/Users/aaronkeen/Library/Developer/Xcode/DerivedData/NutraSafeBeta-awyabywlaekrybetqgpbjphfxefs/Build/Intermediates.noindex/gRPC.build/Debug-iphonesimulator/grpcWrapper.build/Objects-normal/arm64/e6072d4f65d7061329687fe24e3d63a7-common-args.resp -include /Users/aaronkeen/Library/Developer/Xcode/DerivedData/NutraSafeBeta-awyabywlaekrybetqgpbjphfxefs/Build/Intermediates.noindex/gRPC.build/Debug-iphonesimulator/grpcWrapper.build/DerivedSources/resource_bundle_accessor.h -MMD -MT dependencies -MF /Users/aaronkeen/Library/Developer/Xcode/DerivedData/NutraSafeBeta-awyabywlaekrybetqgpbjphfxefs/Build/Intermediates.noindex/gRPC.build/Debug-iphonesimulator/grpcWrapper.build/Objects-normal/arm64/empty.d --serialize-diagnostics /Users/aaronkeen/Library/Developer/Xcode/DerivedData/NutraSafeBeta-awyabywlaekrybetqgpbjphfxefs/Build/Intermediates.noindex/gRPC.build/Debug-iphonesimulator/grpcWrapper.build/Objects-normal/arm64/empty.dia -c /Users/aaronkeen/Library/Developer/Xcode/DerivedData/NutraSafeBeta-awyabywlaekrybetqgpbjphfxefs/SourcePackages/checkouts/grpc-binary/grpc-Wrapper/empty.m -o /Users/aaronkeen/Library/Developer/Xcode/DerivedData/NutraSafeBeta-awyabywlaekrybetqgpbjphfxefs/Build/Intermediates.noindex/gRPC.build/Debug-iphonesimulator/grpcWrapper.build/Objects-normal/arm64/empty.o -index-unit-output-path /gRPC.build/Debug-iphonesimulator/grpcWrapper.build/Objects-normal/arm64/empty.o

CompileC /Users/aaronkeen/Library/Developer/Xcode/DerivedData/NutraSafeBeta-awyabywlaekrybetqgpbjphfxefs/Build/Intermediates.noindex/abseil.build/Debug-iphonesimulator/abslWrapper.build/Objects-normal/arm64/resource_bundle_accessor.o /Users/aaronkeen/Library/Developer/Xcode/DerivedData/NutraSafeBeta-awyabywlaekrybetqgpbjphfxefs/Build/Intermediates.noindex/abseil.build/Debug-iphonesimulator/abslWrapper.build/DerivedSources/resource_bundle_accessor.m normal arm64 objective-c com.apple.compilers.llvm.clang.1_0.compiler (in target 'abslWrapper' from project 'abseil')
    cd /Users/aaronkeen/Documents/My\ Apps/NutraSafe\ Beta/NutraSafeBeta.xcodeproj
    
    Using response file: /Users/aaronkeen/Library/Developer/Xcode/DerivedData/NutraSafeBeta-awyabywlaekrybetqgpbjphfxefs/Build/Intermediates.noindex/abseil.build/Debug-iphonesimulator/abslWrapper.build/Objects-normal/arm64/e6072d4f65d7061329687fe24e3d63a7-common-args.resp
    
    /Applications/Xcode.app/Contents/Developer/Toolchains/XcodeDefault.xctoolchain/usr/bin/clang -x objective-c -ivfsstatcache /Users/aaronkeen/Library/Developer/Xcode/DerivedData/SDKStatCaches.noindex/iphonesimulator18.5-22F76-d5fc8ad4295d2ef488fb7d0f804ce0c4.sdkstatcache -fmessage-length\=0 -fdiagnostics-show-note-include-stack -fmacro-backtrace-limit\=0 -fno-color-diagnostics -fmodules-prune-interval\=86400 -fmodules-prune-after\=345600 -fbuild-session-file\=/Users/aaronkeen/Library/Developer/Xcode/DerivedData/ModuleCache.noindex/Session.modulevalidation -fmodules-validate-once-per-build-session -Wnon-modular-include-in-framework-module -Werror\=non-modular-include-in-framework-module -Wno-trigraphs -Wno-missing-field-initializers -Wno-missing-prototypes -Wno-return-type -Wno-implicit-atomic-properties -Wno-objc-interface-ivars -Wno-arc-repeated-use-of-weak -Wno-missing-braces -Wparentheses -Wswitch -Wno-unused-function -Wno-unused-label -Wno-unused-parameter -Wno-unused-variable -Wunused-value -Wno-empty-body -Wno-uninitialized -Wno-unknown-pragmas -w -Wno-shadow -Wno-four-char-constants -Wno-conversion -Wno-constant-conversion -Wno-int-conversion -Wno-bool-conversion -Wno-enum-conversion -Wno-float-conversion -Wno-non-literal-null-conversion -Wno-objc-literal-conversion -Wshorten-64-to-32 -Wpointer-sign -Wno-newline-eof -Wno-selector -Wno-strict-selector-match -Wno-undeclared-selector -Wno-deprecated-implementations -Wno-implicit-fallthrough -fstrict-aliasing -Wprotocol -Wdeprecated-declarations -Wno-sign-conversion -Wno-infinite-recursion -Wno-comma -Wno-block-capture-autoreleasing -Wno-strict-prototypes -Wno-semicolon-before-method-body -index-store-path /Users/aaronkeen/Library/Developer/Xcode/DerivedData/NutraSafeBeta-awyabywlaekrybetqgpbjphfxefs/Index.noindex/DataStore @/Users/aaronkeen/Library/Developer/Xcode/DerivedData/NutraSafeBeta-awyabywlaekrybetqgpbjphfxefs/Build/Intermediates.noindex/abseil.build/Debug-iphonesimulator/abslWrapper.build/Objects-normal/arm64/e6072d4f65d7061329687fe24e3d63a7-common-args.resp -include /Users/aaronkeen/Library/Developer/Xcode/DerivedData/NutraSafeBeta-awyabywlaekrybetqgpbjphfxefs/Build/Intermediates.noindex/abseil.build/Debug-iphonesimulator/abslWrapper.build/DerivedSources/resource_bundle_accessor.h -MMD -MT dependencies -MF /Users/aaronkeen/Library/Developer/Xcode/DerivedData/NutraSafeBeta-awyabywlaekrybetqgpbjphfxefs/Build/Intermediates.noindex/abseil.build/Debug-iphonesimulator/abslWrapper.build/Objects-normal/arm64/resource_bundle_accessor.d --serialize-diagnostics /Users/aaronkeen/Library/Developer/Xcode/DerivedData/NutraSafeBeta-awyabywlaekrybetqgpbjphfxefs/Build/Intermediates.noindex/abseil.build/Debug-iphonesimulator/abslWrapper.build/Objects-normal/arm64/resource_bundle_accessor.dia -c /Users/aaronkeen/Library/Developer/Xcode/DerivedData/NutraSafeBeta-awyabywlaekrybetqgpbjphfxefs/Build/Intermediates.noindex/abseil.build/Debug-iphonesimulator/abslWrapper.build/DerivedSources/resource_bundle_accessor.m -o /Users/aaronkeen/Library/Developer/Xcode/DerivedData/NutraSafeBeta-awyabywlaekrybetqgpbjphfxefs/Build/Intermediates.noindex/abseil.build/Debug-iphonesimulator/abslWrapper.build/Objects-normal/arm64/resource_bundle_accessor.o -index-unit-output-path /abseil.build/Debug-iphonesimulator/abslWrapper.build/Objects-normal/arm64/resource_bundle_accessor.o

CompileC /Users/aaronkeen/Library/Developer/Xcode/DerivedData/NutraSafeBeta-awyabywlaekrybetqgpbjphfxefs/Build/Intermediates.noindex/abseil.build/Debug-iphonesimulator/abslWrapper.build/Objects-normal/arm64/empty.o /Users/aaronkeen/Library/Developer/Xcode/DerivedData/NutraSafeBeta-awyabywlaekrybetqgpbjphfxefs/SourcePackages/checkouts/abseil-cpp-binary/absl-Wrapper/empty.m normal arm64 objective-c com.apple.compilers.llvm.clang.1_0.compiler (in target 'abslWrapper' from project 'abseil')
    cd /Users/aaronkeen/Documents/My\ Apps/NutraSafe\ Beta/NutraSafeBeta.xcodeproj
    
    Using response file: /Users/aaronkeen/Library/Developer/Xcode/DerivedData/NutraSafeBeta-awyabywlaekrybetqgpbjphfxefs/Build/Intermediates.noindex/abseil.build/Debug-iphonesimulator/abslWrapper.build/Objects-normal/arm64/e6072d4f65d7061329687fe24e3d63a7-common-args.resp
    
    /Applications/Xcode.app/Contents/Developer/Toolchains/XcodeDefault.xctoolchain/usr/bin/clang -x objective-c -ivfsstatcache /Users/aaronkeen/Library/Developer/Xcode/DerivedData/SDKStatCaches.noindex/iphonesimulator18.5-22F76-d5fc8ad4295d2ef488fb7d0f804ce0c4.sdkstatcache -fmessage-length\=0 -fdiagnostics-show-note-include-stack -fmacro-backtrace-limit\=0 -fno-color-diagnostics -fmodules-prune-interval\=86400 -fmodules-prune-after\=345600 -fbuild-session-file\=/Users/aaronkeen/Library/Developer/Xcode/DerivedData/ModuleCache.noindex/Session.modulevalidation -fmodules-validate-once-per-build-session -Wnon-modular-include-in-framework-module -Werror\=non-modular-include-in-framework-module -Wno-trigraphs -Wno-missing-field-initializers -Wno-missing-prototypes -Wno-return-type -Wno-implicit-atomic-properties -Wno-objc-interface-ivars -Wno-arc-repeated-use-of-weak -Wno-missing-braces -Wparentheses -Wswitch -Wno-unused-function -Wno-unused-label -Wno-unused-parameter -Wno-unused-variable -Wunused-value -Wno-empty-body -Wno-uninitialized -Wno-unknown-pragmas -w -Wno-shadow -Wno-four-char-constants -Wno-conversion -Wno-constant-conversion -Wno-int-conversion -Wno-bool-conversion -Wno-enum-conversion -Wno-float-conversion -Wno-non-literal-null-conversion -Wno-objc-literal-conversion -Wshorten-64-to-32 -Wpointer-sign -Wno-newline-eof -Wno-selector -Wno-strict-selector-match -Wno-undeclared-selector -Wno-deprecated-implementations -Wno-implicit-fallthrough -fstrict-aliasing -Wprotocol -Wdeprecated-declarations -Wno-sign-conversion -Wno-infinite-recursion -Wno-comma -Wno-block-capture-autoreleasing -Wno-strict-prototypes -Wno-semicolon-before-method-body -index-store-path /Users/aaronkeen/Library/Developer/Xcode/DerivedData/NutraSafeBeta-awyabywlaekrybetqgpbjphfxefs/Index.noindex/DataStore @/Users/aaronkeen/Library/Developer/Xcode/DerivedData/NutraSafeBeta-awyabywlaekrybetqgpbjphfxefs/Build/Intermediates.noindex/abseil.build/Debug-iphonesimulator/abslWrapper.build/Objects-normal/arm64/e6072d4f65d7061329687fe24e3d63a7-common-args.resp -include /Users/aaronkeen/Library/Developer/Xcode/DerivedData/NutraSafeBeta-awyabywlaekrybetqgpbjphfxefs/Build/Intermediates.noindex/abseil.build/Debug-iphonesimulator/abslWrapper.build/DerivedSources/resource_bundle_accessor.h -MMD -MT dependencies -MF /Users/aaronkeen/Library/Developer/Xcode/DerivedData/NutraSafeBeta-awyabywlaekrybetqgpbjphfxefs/Build/Intermediates.noindex/abseil.build/Debug-iphonesimulator/abslWrapper.build/Objects-normal/arm64/empty.d --serialize-diagnostics /Users/aaronkeen/Library/Developer/Xcode/DerivedData/NutraSafeBeta-awyabywlaekrybetqgpbjphfxefs/Build/Intermediates.noindex/abseil.build/Debug-iphonesimulator/abslWrapper.build/Objects-normal/arm64/empty.dia -c /Users/aaronkeen/Library/Developer/Xcode/DerivedData/NutraSafeBeta-awyabywlaekrybetqgpbjphfxefs/SourcePackages/checkouts/abseil-cpp-binary/absl-Wrapper/empty.m -o /Users/aaronkeen/Library/Developer/Xcode/DerivedData/NutraSafeBeta-awyabywlaekrybetqgpbjphfxefs/Build/Intermediates.noindex/abseil.build/Debug-iphonesimulator/abslWrapper.build/Objects-normal/arm64/empty.o -index-unit-output-path /abseil.build/Debug-iphonesimulator/abslWrapper.build/Objects-normal/arm64/empty.o

SwiftDriverJobDiscovery normal arm64 Compiling CodablePassThroughTypes.swift, CollectionReference+WriteEncodable.swift (in target 'FirebaseFirestore' from project 'Firebase')

Ld /Users/aaronkeen/Library/Developer/Xcode/DerivedData/NutraSafeBeta-awyabywlaekrybetqgpbjphfxefs/Build/Products/Debug-iphonesimulator/grpcWrapper.o normal (in target 'grpcWrapper' from project 'gRPC')
    cd /Users/aaronkeen/Library/Developer/Xcode/DerivedData/NutraSafeBeta-awyabywlaekrybetqgpbjphfxefs/SourcePackages/checkouts/grpc-binary
    /Applications/Xcode.app/Contents/Developer/Toolchains/XcodeDefault.xctoolchain/usr/bin/clang -Xlinker -reproducible -target arm64-apple-ios12.0-simulator -r -isysroot /Applications/Xcode.app/Contents/Developer/Platforms/iPhoneSimulator.platform/Developer/SDKs/iPhoneSimulator18.5.sdk -O0 -w -L/Users/aaronkeen/Library/Developer/Xcode/DerivedData/NutraSafeBeta-awyabywlaekrybetqgpbjphfxefs/Build/Intermediates.noindex/EagerLinkingTBDs/Debug-iphonesimulator -L/Users/aaronkeen/Library/Developer/Xcode/DerivedData/NutraSafeBeta-awyabywlaekrybetqgpbjphfxefs/Build/Products/Debug-iphonesimulator -L/Applications/Xcode.app/Contents/Developer/Platforms/iPhoneSimulator.platform/Developer/usr/lib -F/Users/aaronkeen/Library/Developer/Xcode/DerivedData/NutraSafeBeta-awyabywlaekrybetqgpbjphfxefs/Build/Intermediates.noindex/EagerLinkingTBDs/Debug-iphonesimulator -F/Users/aaronkeen/Library/Developer/Xcode/DerivedData/NutraSafeBeta-awyabywlaekrybetqgpbjphfxefs/Build/Products/Debug-iphonesimulator -iframework /Applications/Xcode.app/Contents/Developer/Platforms/iPhoneSimulator.platform/Developer/Library/Frameworks -iframework /Applications/Xcode.app/Contents/Developer/Platforms/iPhoneSimulator.platform/Developer/SDKs/iPhoneSimulator18.5.sdk/Developer/Library/Frameworks -filelist /Users/aaronkeen/Library/Developer/Xcode/DerivedData/NutraSafeBeta-awyabywlaekrybetqgpbjphfxefs/Build/Intermediates.noindex/gRPC.build/Debug-iphonesimulator/grpcWrapper.build/Objects-normal/arm64/grpcWrapper.LinkFileList -nostdlib -Xlinker -object_path_lto -Xlinker /Users/aaronkeen/Library/Developer/Xcode/DerivedData/NutraSafeBeta-awyabywlaekrybetqgpbjphfxefs/Build/Intermediates.noindex/gRPC.build/Debug-iphonesimulator/grpcWrapper.build/Objects-normal/arm64/grpcWrapper_lto.o -rdynamic -Xlinker -no_deduplicate -Xlinker -objc_abi_version -Xlinker 2 -Xlinker -dependency_info -Xlinker /Users/aaronkeen/Library/Developer/Xcode/DerivedData/NutraSafeBeta-awyabywlaekrybetqgpbjphfxefs/Build/Intermediates.noindex/gRPC.build/Debug-iphonesimulator/grpcWrapper.build/Objects-normal/arm64/grpcWrapper_dependency_info.dat -fobjc-arc -fobjc-link-runtime -o /Users/aaronkeen/Library/Developer/Xcode/DerivedData/NutraSafeBeta-awyabywlaekrybetqgpbjphfxefs/Build/Products/Debug-iphonesimulator/grpcWrapper.o

CompileC /Users/aaronkeen/Library/Developer/Xcode/DerivedData/NutraSafeBeta-awyabywlaekrybetqgpbjphfxefs/Build/Intermediates.noindex/Firebase.build/Debug-iphonesimulator/FirebaseCore.build/Objects-normal/arm64/FIRComponent.o /Users/aaronkeen/Library/Developer/Xcode/DerivedData/NutraSafeBeta-awyabywlaekrybetqgpbjphfxefs/SourcePackages/checkouts/firebase-ios-sdk/FirebaseCore/Sources/FIRComponent.m normal arm64 objective-c com.apple.compilers.llvm.clang.1_0.compiler (in target 'FirebaseCore' from project 'Firebase')
    cd /Users/aaronkeen/Documents/My\ Apps/NutraSafe\ Beta/NutraSafeBeta.xcodeproj
    
    Using response file: /Users/aaronkeen/Library/Developer/Xcode/DerivedData/NutraSafeBeta-awyabywlaekrybetqgpbjphfxefs/Build/Intermediates.noindex/Firebase.build/Debug-iphonesimulator/FirebaseCore.build/Objects-normal/arm64/e6072d4f65d7061329687fe24e3d63a7-common-args.resp
    
    /Applications/Xcode.app/Contents/Developer/Toolchains/XcodeDefault.xctoolchain/usr/bin/clang -x objective-c -ivfsstatcache /Users/aaronkeen/Library/Developer/Xcode/DerivedData/SDKStatCaches.noindex/iphonesimulator18.5-22F76-d5fc8ad4295d2ef488fb7d0f804ce0c4.sdkstatcache -fmessage-length\=0 -fdiagnostics-show-note-include-stack -fmacro-backtrace-limit\=0 -fno-color-diagnostics -fmodules-prune-interval\=86400 -fmodules-prune-after\=345600 -fbuild-session-file\=/Users/aaronkeen/Library/Developer/Xcode/DerivedData/ModuleCache.noindex/Session.modulevalidation -fmodules-validate-once-per-build-session -Wnon-modular-include-in-framework-module -Werror\=non-modular-include-in-framework-module -Wno-trigraphs -Wno-missing-field-initializers -Wno-missing-prototypes -Wno-return-type -Wno-implicit-atomic-properties -Wno-objc-interface-ivars -Wno-arc-repeated-use-of-weak -Wno-missing-braces -Wparentheses -Wswitch -Wno-unused-function -Wno-unused-label -Wno-unused-parameter -Wno-unused-variable -Wunused-value -Wno-empty-body -Wno-uninitialized -Wno-unknown-pragmas -w -Wno-shadow -Wno-four-char-constants -Wno-conversion -Wno-constant-conversion -Wno-int-conversion -Wno-bool-conversion -Wno-enum-conversion -Wno-float-conversion -Wno-non-literal-null-conversion -Wno-objc-literal-conversion -Wshorten-64-to-32 -Wpointer-sign -Wno-newline-eof -Wno-selector -Wno-strict-selector-match -Wno-undeclared-selector -Wno-deprecated-implementations -Wno-implicit-fallthrough -fstrict-aliasing -Wprotocol -Wdeprecated-declarations -Wno-sign-conversion -Wno-infinite-recursion -Wno-comma -Wno-block-capture-autoreleasing -Wno-strict-prototypes -Wno-semicolon-before-method-body -index-store-path /Users/aaronkeen/Library/Developer/Xcode/DerivedData/NutraSafeBeta-awyabywlaekrybetqgpbjphfxefs/Index.noindex/DataStore @/Users/aaronkeen/Library/Developer/Xcode/DerivedData/NutraSafeBeta-awyabywlaekrybetqgpbjphfxefs/Build/Intermediates.noindex/Firebase.build/Debug-iphonesimulator/FirebaseCore.build/Objects-normal/arm64/e6072d4f65d7061329687fe24e3d63a7-common-args.resp -include /Users/aaronkeen/Library/Developer/Xcode/DerivedData/NutraSafeBeta-awyabywlaekrybetqgpbjphfxefs/Build/Intermediates.noindex/Firebase.build/Debug-iphonesimulator/FirebaseCore.build/DerivedSources/resource_bundle_accessor.h -MMD -MT dependencies -MF /Users/aaronkeen/Library/Developer/Xcode/DerivedData/NutraSafeBeta-awyabywlaekrybetqgpbjphfxefs/Build/Intermediates.noindex/Firebase.build/Debug-iphonesimulator/FirebaseCore.build/Objects-normal/arm64/FIRComponent.d --serialize-diagnostics /Users/aaronkeen/Library/Developer/Xcode/DerivedData/NutraSafeBeta-awyabywlaekrybetqgpbjphfxefs/Build/Intermediates.noindex/Firebase.build/Debug-iphonesimulator/FirebaseCore.build/Objects-normal/arm64/FIRComponent.dia -c /Users/aaronkeen/Library/Developer/Xcode/DerivedData/NutraSafeBeta-awyabywlaekrybetqgpbjphfxefs/SourcePackages/checkouts/firebase-ios-sdk/FirebaseCore/Sources/FIRComponent.m -o /Users/aaronkeen/Library/Developer/Xcode/DerivedData/NutraSafeBeta-awyabywlaekrybetqgpbjphfxefs/Build/Intermediates.noindex/Firebase.build/Debug-iphonesimulator/FirebaseCore.build/Objects-normal/arm64/FIRComponent.o -index-unit-output-path /Firebase.build/Debug-iphonesimulator/FirebaseCore.build/Objects-normal/arm64/FIRComponent.o

CompileC /Users/aaronkeen/Library/Developer/Xcode/DerivedData/NutraSafeBeta-awyabywlaekrybetqgpbjphfxefs/Build/Intermediates.noindex/Firebase.build/Debug-iphonesimulator/FirebaseCore.build/Objects-normal/arm64/FIRAnalyticsConfiguration.o /Users/aaronkeen/Library/Developer/Xcode/DerivedData/NutraSafeBeta-awyabywlaekrybetqgpbjphfxefs/SourcePackages/checkouts/firebase-ios-sdk/FirebaseCore/Sources/FIRAnalyticsConfiguration.m normal arm64 objective-c com.apple.compilers.llvm.clang.1_0.compiler (in target 'FirebaseCore' from project 'Firebase')
    cd /Users/aaronkeen/Documents/My\ Apps/NutraSafe\ Beta/NutraSafeBeta.xcodeproj
    
    Using response file: /Users/aaronkeen/Library/Developer/Xcode/DerivedData/NutraSafeBeta-awyabywlaekrybetqgpbjphfxefs/Build/Intermediates.noindex/Firebase.build/Debug-iphonesimulator/FirebaseCore.build/Objects-normal/arm64/e6072d4f65d7061329687fe24e3d63a7-common-args.resp
    
    /Applications/Xcode.app/Contents/Developer/Toolchains/XcodeDefault.xctoolchain/usr/bin/clang -x objective-c -ivfsstatcache /Users/aaronkeen/Library/Developer/Xcode/DerivedData/SDKStatCaches.noindex/iphonesimulator18.5-22F76-d5fc8ad4295d2ef488fb7d0f804ce0c4.sdkstatcache -fmessage-length\=0 -fdiagnostics-show-note-include-stack -fmacro-backtrace-limit\=0 -fno-color-diagnostics -fmodules-prune-interval\=86400 -fmodules-prune-after\=345600 -fbuild-session-file\=/Users/aaronkeen/Library/Developer/Xcode/DerivedData/ModuleCache.noindex/Session.modulevalidation -fmodules-validate-once-per-build-session -Wnon-modular-include-in-framework-module -Werror\=non-modular-include-in-framework-module -Wno-trigraphs -Wno-missing-field-initializers -Wno-missing-prototypes -Wno-return-type -Wno-implicit-atomic-properties -Wno-objc-interface-ivars -Wno-arc-repeated-use-of-weak -Wno-missing-braces -Wparentheses -Wswitch -Wno-unused-function -Wno-unused-label -Wno-unused-parameter -Wno-unused-variable -Wunused-value -Wno-empty-body -Wno-uninitialized -Wno-unknown-pragmas -w -Wno-shadow -Wno-four-char-constants -Wno-conversion -Wno-constant-conversion -Wno-int-conversion -Wno-bool-conversion -Wno-enum-conversion -Wno-float-conversion -Wno-non-literal-null-conversion -Wno-objc-literal-conversion -Wshorten-64-to-32 -Wpointer-sign -Wno-newline-eof -Wno-selector -Wno-strict-selector-match -Wno-undeclared-selector -Wno-deprecated-implementations -Wno-implicit-fallthrough -fstrict-aliasing -Wprotocol -Wdeprecated-declarations -Wno-sign-conversion -Wno-infinite-recursion -Wno-comma -Wno-block-capture-autoreleasing -Wno-strict-prototypes -Wno-semicolon-before-method-body -index-store-path /Users/aaronkeen/Library/Developer/Xcode/DerivedData/NutraSafeBeta-awyabywlaekrybetqgpbjphfxefs/Index.noindex/DataStore @/Users/aaronkeen/Library/Developer/Xcode/DerivedData/NutraSafeBeta-awyabywlaekrybetqgpbjphfxefs/Build/Intermediates.noindex/Firebase.build/Debug-iphonesimulator/FirebaseCore.build/Objects-normal/arm64/e6072d4f65d7061329687fe24e3d63a7-common-args.resp -include /Users/aaronkeen/Library/Developer/Xcode/DerivedData/NutraSafeBeta-awyabywlaekrybetqgpbjphfxefs/Build/Intermediates.noindex/Firebase.build/Debug-iphonesimulator/FirebaseCore.build/DerivedSources/resource_bundle_accessor.h -MMD -MT dependencies -MF /Users/aaronkeen/Library/Developer/Xcode/DerivedData/NutraSafeBeta-awyabywlaekrybetqgpbjphfxefs/Build/Intermediates.noindex/Firebase.build/Debug-iphonesimulator/FirebaseCore.build/Objects-normal/arm64/FIRAnalyticsConfiguration.d --serialize-diagnostics /Users/aaronkeen/Library/Developer/Xcode/DerivedData/NutraSafeBeta-awyabywlaekrybetqgpbjphfxefs/Build/Intermediates.noindex/Firebase.build/Debug-iphonesimulator/FirebaseCore.build/Objects-normal/arm64/FIRAnalyticsConfiguration.dia -c /Users/aaronkeen/Library/Developer/Xcode/DerivedData/NutraSafeBeta-awyabywlaekrybetqgpbjphfxefs/SourcePackages/checkouts/firebase-ios-sdk/FirebaseCore/Sources/FIRAnalyticsConfiguration.m -o /Users/aaronkeen/Library/Developer/Xcode/DerivedData/NutraSafeBeta-awyabywlaekrybetqgpbjphfxefs/Build/Intermediates.noindex/Firebase.build/Debug-iphonesimulator/FirebaseCore.build/Objects-normal/arm64/FIRAnalyticsConfiguration.o -index-unit-output-path /Firebase.build/Debug-iphonesimulator/FirebaseCore.build/Objects-normal/arm64/FIRAnalyticsConfiguration.o

PrecompileModule /Users/aaronkeen/Library/Developer/Xcode/DerivedData/NutraSafeBeta-awyabywlaekrybetqgpbjphfxefs/Build/Intermediates.noindex/ExplicitPrecompiledModules/Symbols-6VVO9JPQIFYG0OJ8ZWHZ3TA1D.scan
    cd /Users/aaronkeen/Documents/My\ Apps/NutraSafe\ Beta/NutraSafeBeta.xcodeproj
    builtin-precompileModule /Users/aaronkeen/Library/Developer/Xcode/DerivedData/NutraSafeBeta-awyabywlaekrybetqgpbjphfxefs/Build/Intermediates.noindex/ExplicitPrecompiledModules/Symbols-6VVO9JPQIFYG0OJ8ZWHZ3TA1D.scan

Ld /Users/aaronkeen/Library/Developer/Xcode/DerivedData/NutraSafeBeta-awyabywlaekrybetqgpbjphfxefs/Build/Products/Debug-iphonesimulator/abslWrapper.o normal (in target 'abslWrapper' from project 'abseil')
    cd /Users/aaronkeen/Library/Developer/Xcode/DerivedData/NutraSafeBeta-awyabywlaekrybetqgpbjphfxefs/SourcePackages/checkouts/abseil-cpp-binary
    /Applications/Xcode.app/Contents/Developer/Toolchains/XcodeDefault.xctoolchain/usr/bin/clang -Xlinker -reproducible -target arm64-apple-ios12.0-simulator -r -isysroot /Applications/Xcode.app/Contents/Developer/Platforms/iPhoneSimulator.platform/Developer/SDKs/iPhoneSimulator18.5.sdk -O0 -w -L/Users/aaronkeen/Library/Developer/Xcode/DerivedData/NutraSafeBeta-awyabywlaekrybetqgpbjphfxefs/Build/Intermediates.noindex/EagerLinkingTBDs/Debug-iphonesimulator -L/Users/aaronkeen/Library/Developer/Xcode/DerivedData/NutraSafeBeta-awyabywlaekrybetqgpbjphfxefs/Build/Products/Debug-iphonesimulator -L/Applications/Xcode.app/Contents/Developer/Platforms/iPhoneSimulator.platform/Developer/usr/lib -F/Users/aaronkeen/Library/Developer/Xcode/DerivedData/NutraSafeBeta-awyabywlaekrybetqgpbjphfxefs/Build/Intermediates.noindex/EagerLinkingTBDs/Debug-iphonesimulator -F/Users/aaronkeen/Library/Developer/Xcode/DerivedData/NutraSafeBeta-awyabywlaekrybetqgpbjphfxefs/Build/Products/Debug-iphonesimulator -iframework /Applications/Xcode.app/Contents/Developer/Platforms/iPhoneSimulator.platform/Developer/Library/Frameworks -iframework /Applications/Xcode.app/Contents/Developer/Platforms/iPhoneSimulator.platform/Developer/SDKs/iPhoneSimulator18.5.sdk/Developer/Library/Frameworks -filelist /Users/aaronkeen/Library/Developer/Xcode/DerivedData/NutraSafeBeta-awyabywlaekrybetqgpbjphfxefs/Build/Intermediates.noindex/abseil.build/Debug-iphonesimulator/abslWrapper.build/Objects-normal/arm64/abslWrapper.LinkFileList -nostdlib -Xlinker -object_path_lto -Xlinker /Users/aaronkeen/Library/Developer/Xcode/DerivedData/NutraSafeBeta-awyabywlaekrybetqgpbjphfxefs/Build/Intermediates.noindex/abseil.build/Debug-iphonesimulator/abslWrapper.build/Objects-normal/arm64/abslWrapper_lto.o -rdynamic -Xlinker -no_deduplicate -Xlinker -objc_abi_version -Xlinker 2 -Xlinker -dependency_info -Xlinker /Users/aaronkeen/Library/Developer/Xcode/DerivedData/NutraSafeBeta-awyabywlaekrybetqgpbjphfxefs/Build/Intermediates.noindex/abseil.build/Debug-iphonesimulator/abslWrapper.build/Objects-normal/arm64/abslWrapper_dependency_info.dat -fobjc-arc -fobjc-link-runtime -o /Users/aaronkeen/Library/Developer/Xcode/DerivedData/NutraSafeBeta-awyabywlaekrybetqgpbjphfxefs/Build/Products/Debug-iphonesimulator/abslWrapper.o

PrecompileModule /Users/aaronkeen/Library/Developer/Xcode/DerivedData/NutraSafeBeta-awyabywlaekrybetqgpbjphfxefs/Build/Intermediates.noindex/ExplicitPrecompiledModules/FirebaseCoreInternal-9FH1G9SBIHRTH5QY96K61KKSZ.scan
    cd /Users/aaronkeen/Documents/My\ Apps/NutraSafe\ Beta/NutraSafeBeta.xcodeproj
    builtin-precompileModule /Users/aaronkeen/Library/Developer/Xcode/DerivedData/NutraSafeBeta-awyabywlaekrybetqgpbjphfxefs/Build/Intermediates.noindex/ExplicitPrecompiledModules/FirebaseCoreInternal-9FH1G9SBIHRTH5QY96K61KKSZ.scan

PrecompileModule /Users/aaronkeen/Library/Developer/Xcode/DerivedData/NutraSafeBeta-awyabywlaekrybetqgpbjphfxefs/Build/Intermediates.noindex/ExplicitPrecompiledModules/GoogleUtilities_Logger-DXCO4NUT2KCXUKC45XQPY41MZ.scan
    cd /Users/aaronkeen/Documents/My\ Apps/NutraSafe\ Beta/NutraSafeBeta.xcodeproj
    builtin-precompileModule /Users/aaronkeen/Library/Developer/Xcode/DerivedData/NutraSafeBeta-awyabywlaekrybetqgpbjphfxefs/Build/Intermediates.noindex/ExplicitPrecompiledModules/GoogleUtilities_Logger-DXCO4NUT2KCXUKC45XQPY41MZ.scan

PrecompileModule /Users/aaronkeen/Library/Developer/Xcode/DerivedData/NutraSafeBeta-awyabywlaekrybetqgpbjphfxefs/Build/Intermediates.noindex/ExplicitPrecompiledModules/GoogleUtilities_Environment-BAYXLP2T3Y9JHMZLYRVF1OBEB.scan
    cd /Users/aaronkeen/Documents/My\ Apps/NutraSafe\ Beta/NutraSafeBeta.xcodeproj
    builtin-precompileModule /Users/aaronkeen/Library/Developer/Xcode/DerivedData/NutraSafeBeta-awyabywlaekrybetqgpbjphfxefs/Build/Intermediates.noindex/ExplicitPrecompiledModules/GoogleUtilities_Environment-BAYXLP2T3Y9JHMZLYRVF1OBEB.scan

SwiftDriverJobDiscovery normal arm64 Compiling GeoPoint+Codable.swift, ServerTimestamp.swift (in target 'FirebaseFirestore' from project 'Firebase')

PrecompileModule /Users/aaronkeen/Library/Developer/Xcode/DerivedData/NutraSafeBeta-awyabywlaekrybetqgpbjphfxefs/Build/Intermediates.noindex/ExplicitPrecompiledModules/UserNotifications-19HX56GFQR3R6G16YGQZ2XJEW.scan
    cd /Users/aaronkeen/Documents/My\ Apps/NutraSafe\ Beta/NutraSafeBeta.xcodeproj
    builtin-precompileModule /Users/aaronkeen/Library/Developer/Xcode/DerivedData/NutraSafeBeta-awyabywlaekrybetqgpbjphfxefs/Build/Intermediates.noindex/ExplicitPrecompiledModules/UserNotifications-19HX56GFQR3R6G16YGQZ2XJEW.scan

PrecompileModule /Users/aaronkeen/Library/Developer/Xcode/DerivedData/NutraSafeBeta-awyabywlaekrybetqgpbjphfxefs/Build/Intermediates.noindex/ExplicitPrecompiledModules/FileProvider-4AOFM74GD7H1T9JWBBR1WPOVM.scan
    cd /Users/aaronkeen/Documents/My\ Apps/NutraSafe\ Beta/NutraSafeBeta.xcodeproj
    builtin-precompileModule /Users/aaronkeen/Library/Developer/Xcode/DerivedData/NutraSafeBeta-awyabywlaekrybetqgpbjphfxefs/Build/Intermediates.noindex/ExplicitPrecompiledModules/FileProvider-4AOFM74GD7H1T9JWBBR1WPOVM.scan

SwiftDriverJobDiscovery normal arm64 Emitting module for FirebaseFirestore (in target 'FirebaseFirestore' from project 'Firebase')

SwiftDriver\ Compilation\ Requirements FirebaseFirestore normal arm64 com.apple.xcode.tools.swift.compiler (in target 'FirebaseFirestore' from project 'Firebase')
    cd /Users/aaronkeen/Documents/My\ Apps/NutraSafe\ Beta/NutraSafeBeta.xcodeproj
    builtin-Swift-Compilation-Requirements -- /Applications/Xcode.app/Contents/Developer/Toolchains/XcodeDefault.xctoolchain/usr/bin/swiftc -module-name FirebaseFirestore -Onone -enforce-exclusivity\=checked @/Users/aaronkeen/Library/Developer/Xcode/DerivedData/NutraSafeBeta-awyabywlaekrybetqgpbjphfxefs/Build/Intermediates.noindex/Firebase.build/Debug-iphonesimulator/FirebaseFirestore.build/Objects-normal/arm64/FirebaseFirestore.SwiftFileList -DSWIFT_PACKAGE -DDEBUG -Xcc -fmodule-map-file\=/Users/aaronkeen/Library/Developer/Xcode/DerivedData/NutraSafeBeta-awyabywlaekrybetqgpbjphfxefs/Build/Intermediates.noindex/GeneratedModuleMaps-iphonesimulator/GoogleUtilities-NSData.modulemap -Xcc -fmodule-map-file\=/Users/aaronkeen/Library/Developer/Xcode/DerivedData/NutraSafeBeta-awyabywlaekrybetqgpbjphfxefs/Build/Intermediates.noindex/GeneratedModuleMaps-iphonesimulator/GoogleUtilities-Environment.modulemap -Xcc -fmodule-map-file\=/Users/aaronkeen/Library/Developer/Xcode/DerivedData/NutraSafeBeta-awyabywlaekrybetqgpbjphfxefs/Build/Intermediates.noindex/GeneratedModuleMaps-iphonesimulator/third-party-IsAppEncrypted.modulemap -Xcc -fmodule-map-file\=/Users/aaronkeen/Library/Developer/Xcode/DerivedData/NutraSafeBeta-awyabywlaekrybetqgpbjphfxefs/Build/Intermediates.noindex/GeneratedModuleMaps-iphonesimulator/GoogleUtilities-Logger.modulemap -Xcc -fmodule-map-file\=/Users/aaronkeen/Library/Developer/Xcode/DerivedData/NutraSafeBeta-awyabywlaekrybetqgpbjphfxefs/Build/Intermediates.noindex/GeneratedModuleMaps-iphonesimulator/abslWrapper.modulemap -Xcc -fmodule-map-file\=/Users/aaronkeen/Library/Developer/Xcode/DerivedData/NutraSafeBeta-awyabywlaekrybetqgpbjphfxefs/Build/Intermediates.noindex/GeneratedModuleMaps-iphonesimulator/opensslWrapper.modulemap -Xcc -fmodule-map-file\=/Users/aaronkeen/Library/Developer/Xcode/DerivedData/NutraSafeBeta-awyabywlaekrybetqgpbjphfxefs/Build/Intermediates.noindex/GeneratedModuleMaps-iphonesimulator/grpcWrapper.modulemap -Xcc -fmodule-map-file\=/Users/aaronkeen/Library/Developer/Xcode/DerivedData/NutraSafeBeta-awyabywlaekrybetqgpbjphfxefs/Build/Intermediates.noindex/GeneratedModuleMaps-iphonesimulator/grpcppWrapper.modulemap -Xcc -fmodule-map-file\=/Users/aaronkeen/Library/Developer/Xcode/DerivedData/NutraSafeBeta-awyabywlaekrybetqgpbjphfxefs/Build/Intermediates.noindex/GeneratedModuleMaps-iphonesimulator/nanopb.modulemap -Xcc -fmodule-map-file\=/Users/aaronkeen/Library/Developer/Xcode/DerivedData/NutraSafeBeta-awyabywlaekrybetqgpbjphfxefs/Build/Intermediates.noindex/GeneratedModuleMaps-iphonesimulator/leveldb.modulemap -Xcc -fmodule-map-file\=/Users/aaronkeen/Library/Developer/Xcode/DerivedData/NutraSafeBeta-awyabywlaekrybetqgpbjphfxefs/Build/Intermediates.noindex/GeneratedModuleMaps-iphonesimulator/FirebaseCoreExtension.modulemap -Xcc -fmodule-map-file\=/Users/aaronkeen/Library/Developer/Xcode/DerivedData/NutraSafeBeta-awyabywlaekrybetqgpbjphfxefs/Build/Intermediates.noindex/GeneratedModuleMaps-iphonesimulator/FirebaseCore.modulemap -Xcc -fmodule-map-file\=/Users/aaronkeen/Library/Developer/Xcode/DerivedData/NutraSafeBeta-awyabywlaekrybetqgpbjphfxefs/Build/Intermediates.noindex/GeneratedModuleMaps-iphonesimulator/FirebaseAppCheckInterop.modulemap -Xcc -fmodule-map-file\=/Users/aaronkeen/Library/Developer/Xcode/DerivedData/NutraSafeBeta-awyabywlaekrybetqgpbjphfxefs/Build/Intermediates.noindex/GeneratedModuleMaps-iphonesimulator/FirebaseFirestoreInternalWrapper.modulemap -DXcode -plugin-path /Applications/Xcode.app/Contents/Developer/Toolchains/XcodeDefault.xctoolchain/usr/lib/swift/host/plugins/testing -enable-experimental-feature DebugDescriptionMacro -sdk /Applications/Xcode.app/Contents/Developer/Platforms/iPhoneSimulator.platform/Developer/SDKs/iPhoneSimulator18.5.sdk -target arm64-apple-ios15.0-simulator -g -module-cache-path /Users/aaronkeen/Library/Developer/Xcode/DerivedData/ModuleCache.noindex -Xfrontend -serialize-debugging-options -enable-testing -suppress-warnings -index-store-path /Users/aaronkeen/Library/Developer/Xcode/DerivedData/NutraSafeBeta-awyabywlaekrybetqgpbjphfxefs/Index.noindex/DataStore -swift-version 5 -I /Users/aaronkeen/Library/Developer/Xcode/DerivedData/NutraSafeBeta-awyabywlaekrybetqgpbjphfxefs/Build/Products/Debug-iphonesimulator -I /Applications/Xcode.app/Contents/Developer/Platforms/iPhoneSimulator.platform/Developer/usr/lib -F /Users/aaronkeen/Library/Developer/Xcode/DerivedData/NutraSafeBeta-awyabywlaekrybetqgpbjphfxefs/Build/Products/Debug-iphonesimulator/PackageFrameworks -F /Users/aaronkeen/Library/Developer/Xcode/DerivedData/NutraSafeBeta-awyabywlaekrybetqgpbjphfxefs/Build/Products/Debug-iphonesimulator/PackageFrameworks -F /Users/aaronkeen/Library/Developer/Xcode/DerivedData/NutraSafeBeta-awyabywlaekrybetqgpbjphfxefs/Build/Products/Debug-iphonesimulator/PackageFrameworks -F /Users/aaronkeen/Library/Developer/Xcode/DerivedData/NutraSafeBeta-awyabywlaekrybetqgpbjphfxefs/Build/Products/Debug-iphonesimulator/PackageFrameworks -F /Users/aaronkeen/Library/Developer/Xcode/DerivedData/NutraSafeBeta-awyabywlaekrybetqgpbjphfxefs/Build/Products/Debug-iphonesimulator/PackageFrameworks -F /Users/aaronkeen/Library/Developer/Xcode/DerivedData/NutraSafeBeta-awyabywlaekrybetqgpbjphfxefs/Build/Products/Debug-iphonesimulator/PackageFrameworks -F /Users/aaronkeen/Library/Developer/Xcode/DerivedData/NutraSafeBeta-awyabywlaekrybetqgpbjphfxefs/Build/Products/Debug-iphonesimulator/PackageFrameworks -F /Users/aaronkeen/Library/Developer/Xcode/DerivedData/NutraSafeBeta-awyabywlaekrybetqgpbjphfxefs/Build/Products/Debug-iphonesimulator/PackageFrameworks -F /Users/aaronkeen/Library/Developer/Xcode/DerivedData/NutraSafeBeta-awyabywlaekrybetqgpbjphfxefs/Build/Products/Debug-iphonesimulator/PackageFrameworks -F /Users/aaronkeen/Library/Developer/Xcode/DerivedData/NutraSafeBeta-awyabywlaekrybetqgpbjphfxefs/Build/Products/Debug-iphonesimulator/PackageFrameworks -F /Users/aaronkeen/Library/Developer/Xcode/DerivedData/NutraSafeBeta-awyabywlaekrybetqgpbjphfxefs/Build/Products/Debug-iphonesimulator/PackageFrameworks -F /Users/aaronkeen/Library/Developer/Xcode/DerivedData/NutraSafeBeta-awyabywlaekrybetqgpbjphfxefs/Build/Products/Debug-iphonesimulator/PackageFrameworks -F /Users/aaronkeen/Library/Developer/Xcode/DerivedData/NutraSafeBeta-awyabywlaekrybetqgpbjphfxefs/Build/Products/Debug-iphonesimulator/PackageFrameworks -F /Users/aaronkeen/Library/Developer/Xcode/DerivedData/NutraSafeBeta-awyabywlaekrybetqgpbjphfxefs/Build/Products/Debug-iphonesimulator/PackageFrameworks -F /Users/aaronkeen/Library/Developer/Xcode/DerivedData/NutraSafeBeta-awyabywlaekrybetqgpbjphfxefs/Build/Products/Debug-iphonesimulator/PackageFrameworks -F /Users/aaronkeen/Library/Developer/Xcode/DerivedData/NutraSafeBeta-awyabywlaekrybetqgpbjphfxefs/Build/Products/Debug-iphonesimulator/PackageFrameworks -F /Users/aaronkeen/Library/Developer/Xcode/DerivedData/NutraSafeBeta-awyabywlaekrybetqgpbjphfxefs/Build/Products/Debug-iphonesimulator/PackageFrameworks -F /Users/aaronkeen/Library/Developer/Xcode/DerivedData/NutraSafeBeta-awyabywlaekrybetqgpbjphfxefs/Build/Products/Debug-iphonesimulator -F /Applications/Xcode.app/Contents/Developer/Platforms/iPhoneSimulator.platform/Developer/Library/Frameworks -F /Applications/Xcode.app/Contents/Developer/Platforms/iPhoneSimulator.platform/Developer/SDKs/iPhoneSimulator18.5.sdk/Developer/Library/Frameworks -c -j14 -enable-batch-mode -incremental -Xcc -ivfsstatcache -Xcc /Users/aaronkeen/Library/Developer/Xcode/DerivedData/SDKStatCaches.noindex/iphonesimulator18.5-22F76-d5fc8ad4295d2ef488fb7d0f804ce0c4.sdkstatcache -output-file-map /Users/aaronkeen/Library/Developer/Xcode/DerivedData/NutraSafeBeta-awyabywlaekrybetqgpbjphfxefs/Build/Intermediates.noindex/Firebase.build/Debug-iphonesimulator/FirebaseFirestore.build/Objects-normal/arm64/FirebaseFirestore-OutputFileMap.json -use-frontend-parseable-output -save-temps -no-color-diagnostics -serialize-diagnostics -emit-dependencies -emit-module -emit-module-path /Users/aaronkeen/Library/Developer/Xcode/DerivedData/NutraSafeBeta-awyabywlaekrybetqgpbjphfxefs/Build/Intermediates.noindex/Firebase.build/Debug-iphonesimulator/FirebaseFirestore.build/Objects-normal/arm64/FirebaseFirestore.swiftmodule -user-module-version 12.2.0 -validate-clang-modules-once -clang-build-session-file /Users/aaronkeen/Library/Developer/Xcode/DerivedData/ModuleCache.noindex/Session.modulevalidation -package-name firebase_ios_sdk -Xcc -I/Users/aaronkeen/Library/Developer/Xcode/DerivedData/NutraSafeBeta-awyabywlaekrybetqgpbjphfxefs/Build/Intermediates.noindex/Firebase.build/Debug-iphonesimulator/FirebaseFirestore.build/swift-overrides.hmap -emit-const-values -Xfrontend -const-gather-protocols-file -Xfrontend /Users/aaronkeen/Library/Developer/Xcode/DerivedData/NutraSafeBeta-awyabywlaekrybetqgpbjphfxefs/Build/Intermediates.noindex/Firebase.build/Debug-iphonesimulator/FirebaseFirestore.build/Objects-normal/arm64/FirebaseFirestore_const_extract_protocols.json -Xcc -I/Users/aaronkeen/Library/Developer/Xcode/DerivedData/NutraSafeBeta-awyabywlaekrybetqgpbjphfxefs/SourcePackages/checkouts/GoogleUtilities/GoogleUtilities/NSData+zlib/Public -Xcc -I/Users/aaronkeen/Library/Developer/Xcode/DerivedData/NutraSafeBeta-awyabywlaekrybetqgpbjphfxefs/SourcePackages/checkouts/GoogleUtilities/GoogleUtilities/Environment/Public -Xcc -I/Users/aaronkeen/Library/Developer/Xcode/DerivedData/NutraSafeBeta-awyabywlaekrybetqgpbjphfxefs/SourcePackages/checkouts/GoogleUtilities/third_party/IsAppEncrypted/Public -Xcc -I/Users/aaronkeen/Library/Developer/Xcode/DerivedData/NutraSafeBeta-awyabywlaekrybetqgpbjphfxefs/SourcePackages/checkouts/GoogleUtilities/GoogleUtilities/Logger/Public -Xcc -I/Users/aaronkeen/Library/Developer/Xcode/DerivedData/NutraSafeBeta-awyabywlaekrybetqgpbjphfxefs/SourcePackages/checkouts/abseil-cpp-binary/absl-Wrapper/include -Xcc -I/Users/aaronkeen/Library/Developer/Xcode/DerivedData/NutraSafeBeta-awyabywlaekrybetqgpbjphfxefs/SourcePackages/checkouts/grpc-binary/openssl-grpc-Wrapper/include -Xcc -I/Users/aaronkeen/Library/Developer/Xcode/DerivedData/NutraSafeBeta-awyabywlaekrybetqgpbjphfxefs/SourcePackages/checkouts/grpc-binary/grpc-Wrapper/include -Xcc -I/Users/aaronkeen/Library/Developer/Xcode/DerivedData/NutraSafeBeta-awyabywlaekrybetqgpbjphfxefs/SourcePackages/checkouts/grpc-binary/grpcpp-Wrapper/include -Xcc -I/Users/aaronkeen/Library/Developer/Xcode/DerivedData/NutraSafeBeta-awyabywlaekrybetqgpbjphfxefs/SourcePackages/checkouts/nanopb/spm_headers -Xcc -I/Users/aaronkeen/Library/Developer/Xcode/DerivedData/NutraSafeBeta-awyabywlaekrybetqgpbjphfxefs/SourcePackages/checkouts/leveldb/include -Xcc -I/Users/aaronkeen/Library/Developer/Xcode/DerivedData/NutraSafeBeta-awyabywlaekrybetqgpbjphfxefs/SourcePackages/checkouts/firebase-ios-sdk/FirebaseCore/Extension -Xcc -I/Users/aaronkeen/Library/Developer/Xcode/DerivedData/NutraSafeBeta-awyabywlaekrybetqgpbjphfxefs/SourcePackages/checkouts/firebase-ios-sdk/FirebaseCore/Sources/Public -Xcc -I/Users/aaronkeen/Library/Developer/Xcode/DerivedData/NutraSafeBeta-awyabywlaekrybetqgpbjphfxefs/SourcePackages/checkouts/firebase-ios-sdk/CoreOnly/Sources -Xcc -I/Users/aaronkeen/Library/Developer/Xcode/DerivedData/NutraSafeBeta-awyabywlaekrybetqgpbjphfxefs/SourcePackages/checkouts/firebase-ios-sdk/FirebaseAppCheck/Interop/Public -Xcc -I/Users/aaronkeen/Library/Developer/Xcode/DerivedData/NutraSafeBeta-awyabywlaekrybetqgpbjphfxefs/SourcePackages/checkouts/firebase-ios-sdk/FirebaseFirestoreInternal -Xcc -I/Users/aaronkeen/Library/Developer/Xcode/DerivedData/NutraSafeBeta-awyabywlaekrybetqgpbjphfxefs/Build/Products/Debug-iphonesimulator/include -Xcc -I/Users/aaronkeen/Library/Developer/Xcode/DerivedData/NutraSafeBeta-awyabywlaekrybetqgpbjphfxefs/Build/Intermediates.noindex/Firebase.build/Debug-iphonesimulator/FirebaseFirestore.build/DerivedSources-normal/arm64 -Xcc -I/Users/aaronkeen/Library/Developer/Xcode/DerivedData/NutraSafeBeta-awyabywlaekrybetqgpbjphfxefs/Build/Intermediates.noindex/Firebase.build/Debug-iphonesimulator/FirebaseFirestore.build/DerivedSources/arm64 -Xcc -I/Users/aaronkeen/Library/Developer/Xcode/DerivedData/NutraSafeBeta-awyabywlaekrybetqgpbjphfxefs/Build/Intermediates.noindex/Firebase.build/Debug-iphonesimulator/FirebaseFirestore.build/DerivedSources -Xcc -DSWIFT_PACKAGE -Xcc -DDEBUG\=1 -emit-objc-header -emit-objc-header-path /Users/aaronkeen/Library/Developer/Xcode/DerivedData/NutraSafeBeta-awyabywlaekrybetqgpbjphfxefs/Build/Intermediates.noindex/Firebase.build/Debug-iphonesimulator/FirebaseFirestore.build/Objects-normal/arm64/FirebaseFirestore-Swift.h -working-directory /Users/aaronkeen/Documents/My\ Apps/NutraSafe\ Beta/NutraSafeBeta.xcodeproj -experimental-emit-module-separately -disable-cmo

SwiftDriverJobDiscovery normal arm64 Compiling User.swift, UserInfo.swift, UserInfoImpl.swift, UserMetadata.swift, UserProfileChangeRequest.swift, UserProfileUpdate.swift, AuthCondition.swift, AuthDefaultUIDelegate.swift, AuthErrorUtils.swift (in target 'FirebaseAuth' from project 'Firebase')

PrecompileModule /Users/aaronkeen/Library/Developer/Xcode/DerivedData/NutraSafeBeta-awyabywlaekrybetqgpbjphfxefs/Build/Intermediates.noindex/ExplicitPrecompiledModules/OpenGLES-8DMLCGEECIEY162YZ85YN26FB.scan
    cd /Users/aaronkeen/Documents/My\ Apps/NutraSafe\ Beta/NutraSafeBeta.xcodeproj
    builtin-precompileModule /Users/aaronkeen/Library/Developer/Xcode/DerivedData/NutraSafeBeta-awyabywlaekrybetqgpbjphfxefs/Build/Intermediates.noindex/ExplicitPrecompiledModules/OpenGLES-8DMLCGEECIEY162YZ85YN26FB.scan

SwiftMergeGeneratedHeaders /Users/aaronkeen/Library/Developer/Xcode/DerivedData/NutraSafeBeta-awyabywlaekrybetqgpbjphfxefs/Build/Intermediates.noindex/GeneratedModuleMaps-iphonesimulator/FirebaseFirestore-Swift.h /Users/aaronkeen/Library/Developer/Xcode/DerivedData/NutraSafeBeta-awyabywlaekrybetqgpbjphfxefs/Build/Intermediates.noindex/Firebase.build/Debug-iphonesimulator/FirebaseFirestore.build/Objects-normal/arm64/FirebaseFirestore-Swift.h (in target 'FirebaseFirestore' from project 'Firebase')
    cd /Users/aaronkeen/Library/Developer/Xcode/DerivedData/NutraSafeBeta-awyabywlaekrybetqgpbjphfxefs/SourcePackages/checkouts/firebase-ios-sdk
    builtin-swiftHeaderTool -arch arm64 /Users/aaronkeen/Library/Developer/Xcode/DerivedData/NutraSafeBeta-awyabywlaekrybetqgpbjphfxefs/Build/Intermediates.noindex/Firebase.build/Debug-iphonesimulator/FirebaseFirestore.build/Objects-normal/arm64/FirebaseFirestore-Swift.h -o /Users/aaronkeen/Library/Developer/Xcode/DerivedData/NutraSafeBeta-awyabywlaekrybetqgpbjphfxefs/Build/Intermediates.noindex/GeneratedModuleMaps-iphonesimulator/FirebaseFirestore-Swift.h

Copy /Users/aaronkeen/Library/Developer/Xcode/DerivedData/NutraSafeBeta-awyabywlaekrybetqgpbjphfxefs/Build/Products/Debug-iphonesimulator/FirebaseFirestore.swiftmodule/arm64-apple-ios-simulator.swiftmodule /Users/aaronkeen/Library/Developer/Xcode/DerivedData/NutraSafeBeta-awyabywlaekrybetqgpbjphfxefs/Build/Intermediates.noindex/Firebase.build/Debug-iphonesimulator/FirebaseFirestore.build/Objects-normal/arm64/FirebaseFirestore.swiftmodule (in target 'FirebaseFirestore' from project 'Firebase')
    cd /Users/aaronkeen/Library/Developer/Xcode/DerivedData/NutraSafeBeta-awyabywlaekrybetqgpbjphfxefs/SourcePackages/checkouts/firebase-ios-sdk
    builtin-copy -exclude .DS_Store -exclude CVS -exclude .svn -exclude .git -exclude .hg -resolve-src-symlinks -rename /Users/aaronkeen/Library/Developer/Xcode/DerivedData/NutraSafeBeta-awyabywlaekrybetqgpbjphfxefs/Build/Intermediates.noindex/Firebase.build/Debug-iphonesimulator/FirebaseFirestore.build/Objects-normal/arm64/FirebaseFirestore.swiftmodule /Users/aaronkeen/Library/Developer/Xcode/DerivedData/NutraSafeBeta-awyabywlaekrybetqgpbjphfxefs/Build/Products/Debug-iphonesimulator/FirebaseFirestore.swiftmodule/arm64-apple-ios-simulator.swiftmodule

Copy /Users/aaronkeen/Library/Developer/Xcode/DerivedData/NutraSafeBeta-awyabywlaekrybetqgpbjphfxefs/Build/Products/Debug-iphonesimulator/FirebaseFirestore.swiftmodule/arm64-apple-ios-simulator.swiftdoc /Users/aaronkeen/Library/Developer/Xcode/DerivedData/NutraSafeBeta-awyabywlaekrybetqgpbjphfxefs/Build/Intermediates.noindex/Firebase.build/Debug-iphonesimulator/FirebaseFirestore.build/Objects-normal/arm64/FirebaseFirestore.swiftdoc (in target 'FirebaseFirestore' from project 'Firebase')
    cd /Users/aaronkeen/Library/Developer/Xcode/DerivedData/NutraSafeBeta-awyabywlaekrybetqgpbjphfxefs/SourcePackages/checkouts/firebase-ios-sdk
    builtin-copy -exclude .DS_Store -exclude CVS -exclude .svn -exclude .git -exclude .hg -resolve-src-symlinks -rename /Users/aaronkeen/Library/Developer/Xcode/DerivedData/NutraSafeBeta-awyabywlaekrybetqgpbjphfxefs/Build/Intermediates.noindex/Firebase.build/Debug-iphonesimulator/FirebaseFirestore.build/Objects-normal/arm64/FirebaseFirestore.swiftdoc /Users/aaronkeen/Library/Developer/Xcode/DerivedData/NutraSafeBeta-awyabywlaekrybetqgpbjphfxefs/Build/Products/Debug-iphonesimulator/FirebaseFirestore.swiftmodule/arm64-apple-ios-simulator.swiftdoc

Copy /Users/aaronkeen/Library/Developer/Xcode/DerivedData/NutraSafeBeta-awyabywlaekrybetqgpbjphfxefs/Build/Products/Debug-iphonesimulator/FirebaseFirestore.swiftmodule/arm64-apple-ios-simulator.abi.json /Users/aaronkeen/Library/Developer/Xcode/DerivedData/NutraSafeBeta-awyabywlaekrybetqgpbjphfxefs/Build/Intermediates.noindex/Firebase.build/Debug-iphonesimulator/FirebaseFirestore.build/Objects-normal/arm64/FirebaseFirestore.abi.json (in target 'FirebaseFirestore' from project 'Firebase')
    cd /Users/aaronkeen/Library/Developer/Xcode/DerivedData/NutraSafeBeta-awyabywlaekrybetqgpbjphfxefs/SourcePackages/checkouts/firebase-ios-sdk
    builtin-copy -exclude .DS_Store -exclude CVS -exclude .svn -exclude .git -exclude .hg -resolve-src-symlinks -rename /Users/aaronkeen/Library/Developer/Xcode/DerivedData/NutraSafeBeta-awyabywlaekrybetqgpbjphfxefs/Build/Intermediates.noindex/Firebase.build/Debug-iphonesimulator/FirebaseFirestore.build/Objects-normal/arm64/FirebaseFirestore.abi.json /Users/aaronkeen/Library/Developer/Xcode/DerivedData/NutraSafeBeta-awyabywlaekrybetqgpbjphfxefs/Build/Products/Debug-iphonesimulator/FirebaseFirestore.swiftmodule/arm64-apple-ios-simulator.abi.json

Copy /Users/aaronkeen/Library/Developer/Xcode/DerivedData/NutraSafeBeta-awyabywlaekrybetqgpbjphfxefs/Build/Products/Debug-iphonesimulator/FirebaseFirestore.swiftmodule/Project/arm64-apple-ios-simulator.swiftsourceinfo /Users/aaronkeen/Library/Developer/Xcode/DerivedData/NutraSafeBeta-awyabywlaekrybetqgpbjphfxefs/Build/Intermediates.noindex/Firebase.build/Debug-iphonesimulator/FirebaseFirestore.build/Objects-normal/arm64/FirebaseFirestore.swiftsourceinfo (in target 'FirebaseFirestore' from project 'Firebase')
    cd /Users/aaronkeen/Library/Developer/Xcode/DerivedData/NutraSafeBeta-awyabywlaekrybetqgpbjphfxefs/SourcePackages/checkouts/firebase-ios-sdk
    builtin-copy -exclude .DS_Store -exclude CVS -exclude .svn -exclude .git -exclude .hg -resolve-src-symlinks -rename /Users/aaronkeen/Library/Developer/Xcode/DerivedData/NutraSafeBeta-awyabywlaekrybetqgpbjphfxefs/Build/Intermediates.noindex/Firebase.build/Debug-iphonesimulator/FirebaseFirestore.build/Objects-normal/arm64/FirebaseFirestore.swiftsourceinfo /Users/aaronkeen/Library/Developer/Xcode/DerivedData/NutraSafeBeta-awyabywlaekrybetqgpbjphfxefs/Build/Products/Debug-iphonesimulator/FirebaseFirestore.swiftmodule/Project/arm64-apple-ios-simulator.swiftsourceinfo

PrecompileModule /Users/aaronkeen/Library/Developer/Xcode/DerivedData/NutraSafeBeta-awyabywlaekrybetqgpbjphfxefs/Build/Intermediates.noindex/ExplicitPrecompiledModules/IOSurface-7DR2KUQ9OBTSX1AYYLCROMT2G.scan
    cd /Users/aaronkeen/Documents/My\ Apps/NutraSafe\ Beta/NutraSafeBeta.xcodeproj
    builtin-precompileModule /Users/aaronkeen/Library/Developer/Xcode/DerivedData/NutraSafeBeta-awyabywlaekrybetqgpbjphfxefs/Build/Intermediates.noindex/ExplicitPrecompiledModules/IOSurface-7DR2KUQ9OBTSX1AYYLCROMT2G.scan

CompileC /Users/aaronkeen/Library/Developer/Xcode/DerivedData/NutraSafeBeta-awyabywlaekrybetqgpbjphfxefs/Build/Intermediates.noindex/Firebase.build/Debug-iphonesimulator/FirebaseCore.build/Objects-normal/arm64/FIRLogger.o /Users/aaronkeen/Library/Developer/Xcode/DerivedData/NutraSafeBeta-awyabywlaekrybetqgpbjphfxefs/SourcePackages/checkouts/firebase-ios-sdk/FirebaseCore/Sources/FIRLogger.m normal arm64 objective-c com.apple.compilers.llvm.clang.1_0.compiler (in target 'FirebaseCore' from project 'Firebase')
    cd /Users/aaronkeen/Documents/My\ Apps/NutraSafe\ Beta/NutraSafeBeta.xcodeproj
    
    Using response file: /Users/aaronkeen/Library/Developer/Xcode/DerivedData/NutraSafeBeta-awyabywlaekrybetqgpbjphfxefs/Build/Intermediates.noindex/Firebase.build/Debug-iphonesimulator/FirebaseCore.build/Objects-normal/arm64/e6072d4f65d7061329687fe24e3d63a7-common-args.resp
    
    /Applications/Xcode.app/Contents/Developer/Toolchains/XcodeDefault.xctoolchain/usr/bin/clang -x objective-c -ivfsstatcache /Users/aaronkeen/Library/Developer/Xcode/DerivedData/SDKStatCaches.noindex/iphonesimulator18.5-22F76-d5fc8ad4295d2ef488fb7d0f804ce0c4.sdkstatcache -fmessage-length\=0 -fdiagnostics-show-note-include-stack -fmacro-backtrace-limit\=0 -fno-color-diagnostics -fmodules-prune-interval\=86400 -fmodules-prune-after\=345600 -fbuild-session-file\=/Users/aaronkeen/Library/Developer/Xcode/DerivedData/ModuleCache.noindex/Session.modulevalidation -fmodules-validate-once-per-build-session -Wnon-modular-include-in-framework-module -Werror\=non-modular-include-in-framework-module -Wno-trigraphs -Wno-missing-field-initializers -Wno-missing-prototypes -Wno-return-type -Wno-implicit-atomic-properties -Wno-objc-interface-ivars -Wno-arc-repeated-use-of-weak -Wno-missing-braces -Wparentheses -Wswitch -Wno-unused-function -Wno-unused-label -Wno-unused-parameter -Wno-unused-variable -Wunused-value -Wno-empty-body -Wno-uninitialized -Wno-unknown-pragmas -w -Wno-shadow -Wno-four-char-constants -Wno-conversion -Wno-constant-conversion -Wno-int-conversion -Wno-bool-conversion -Wno-enum-conversion -Wno-float-conversion -Wno-non-literal-null-conversion -Wno-objc-literal-conversion -Wshorten-64-to-32 -Wpointer-sign -Wno-newline-eof -Wno-selector -Wno-strict-selector-match -Wno-undeclared-selector -Wno-deprecated-implementations -Wno-implicit-fallthrough -fstrict-aliasing -Wprotocol -Wdeprecated-declarations -Wno-sign-conversion -Wno-infinite-recursion -Wno-comma -Wno-block-capture-autoreleasing -Wno-strict-prototypes -Wno-semicolon-before-method-body -index-store-path /Users/aaronkeen/Library/Developer/Xcode/DerivedData/NutraSafeBeta-awyabywlaekrybetqgpbjphfxefs/Index.noindex/DataStore @/Users/aaronkeen/Library/Developer/Xcode/DerivedData/NutraSafeBeta-awyabywlaekrybetqgpbjphfxefs/Build/Intermediates.noindex/Firebase.build/Debug-iphonesimulator/FirebaseCore.build/Objects-normal/arm64/e6072d4f65d7061329687fe24e3d63a7-common-args.resp -include /Users/aaronkeen/Library/Developer/Xcode/DerivedData/NutraSafeBeta-awyabywlaekrybetqgpbjphfxefs/Build/Intermediates.noindex/Firebase.build/Debug-iphonesimulator/FirebaseCore.build/DerivedSources/resource_bundle_accessor.h -MMD -MT dependencies -MF /Users/aaronkeen/Library/Developer/Xcode/DerivedData/NutraSafeBeta-awyabywlaekrybetqgpbjphfxefs/Build/Intermediates.noindex/Firebase.build/Debug-iphonesimulator/FirebaseCore.build/Objects-normal/arm64/FIRLogger.d --serialize-diagnostics /Users/aaronkeen/Library/Developer/Xcode/DerivedData/NutraSafeBeta-awyabywlaekrybetqgpbjphfxefs/Build/Intermediates.noindex/Firebase.build/Debug-iphonesimulator/FirebaseCore.build/Objects-normal/arm64/FIRLogger.dia -c /Users/aaronkeen/Library/Developer/Xcode/DerivedData/NutraSafeBeta-awyabywlaekrybetqgpbjphfxefs/SourcePackages/checkouts/firebase-ios-sdk/FirebaseCore/Sources/FIRLogger.m -o /Users/aaronkeen/Library/Developer/Xcode/DerivedData/NutraSafeBeta-awyabywlaekrybetqgpbjphfxefs/Build/Intermediates.noindex/Firebase.build/Debug-iphonesimulator/FirebaseCore.build/Objects-normal/arm64/FIRLogger.o -index-unit-output-path /Firebase.build/Debug-iphonesimulator/FirebaseCore.build/Objects-normal/arm64/FIRLogger.o

CompileC /Users/aaronkeen/Library/Developer/Xcode/DerivedData/NutraSafeBeta-awyabywlaekrybetqgpbjphfxefs/Build/Intermediates.noindex/Firebase.build/Debug-iphonesimulator/FirebaseCore.build/Objects-normal/arm64/FIRFirebaseUserAgent.o /Users/aaronkeen/Library/Developer/Xcode/DerivedData/NutraSafeBeta-awyabywlaekrybetqgpbjphfxefs/SourcePackages/checkouts/firebase-ios-sdk/FirebaseCore/Sources/FIRFirebaseUserAgent.m normal arm64 objective-c com.apple.compilers.llvm.clang.1_0.compiler (in target 'FirebaseCore' from project 'Firebase')
    cd /Users/aaronkeen/Documents/My\ Apps/NutraSafe\ Beta/NutraSafeBeta.xcodeproj
    
    Using response file: /Users/aaronkeen/Library/Developer/Xcode/DerivedData/NutraSafeBeta-awyabywlaekrybetqgpbjphfxefs/Build/Intermediates.noindex/Firebase.build/Debug-iphonesimulator/FirebaseCore.build/Objects-normal/arm64/e6072d4f65d7061329687fe24e3d63a7-common-args.resp
    
    /Applications/Xcode.app/Contents/Developer/Toolchains/XcodeDefault.xctoolchain/usr/bin/clang -x objective-c -ivfsstatcache /Users/aaronkeen/Library/Developer/Xcode/DerivedData/SDKStatCaches.noindex/iphonesimulator18.5-22F76-d5fc8ad4295d2ef488fb7d0f804ce0c4.sdkstatcache -fmessage-length\=0 -fdiagnostics-show-note-include-stack -fmacro-backtrace-limit\=0 -fno-color-diagnostics -fmodules-prune-interval\=86400 -fmodules-prune-after\=345600 -fbuild-session-file\=/Users/aaronkeen/Library/Developer/Xcode/DerivedData/ModuleCache.noindex/Session.modulevalidation -fmodules-validate-once-per-build-session -Wnon-modular-include-in-framework-module -Werror\=non-modular-include-in-framework-module -Wno-trigraphs -Wno-missing-field-initializers -Wno-missing-prototypes -Wno-return-type -Wno-implicit-atomic-properties -Wno-objc-interface-ivars -Wno-arc-repeated-use-of-weak -Wno-missing-braces -Wparentheses -Wswitch -Wno-unused-function -Wno-unused-label -Wno-unused-parameter -Wno-unused-variable -Wunused-value -Wno-empty-body -Wno-uninitialized -Wno-unknown-pragmas -w -Wno-shadow -Wno-four-char-constants -Wno-conversion -Wno-constant-conversion -Wno-int-conversion -Wno-bool-conversion -Wno-enum-conversion -Wno-float-conversion -Wno-non-literal-null-conversion -Wno-objc-literal-conversion -Wshorten-64-to-32 -Wpointer-sign -Wno-newline-eof -Wno-selector -Wno-strict-selector-match -Wno-undeclared-selector -Wno-deprecated-implementations -Wno-implicit-fallthrough -fstrict-aliasing -Wprotocol -Wdeprecated-declarations -Wno-sign-conversion -Wno-infinite-recursion -Wno-comma -Wno-block-capture-autoreleasing -Wno-strict-prototypes -Wno-semicolon-before-method-body -index-store-path /Users/aaronkeen/Library/Developer/Xcode/DerivedData/NutraSafeBeta-awyabywlaekrybetqgpbjphfxefs/Index.noindex/DataStore @/Users/aaronkeen/Library/Developer/Xcode/DerivedData/NutraSafeBeta-awyabywlaekrybetqgpbjphfxefs/Build/Intermediates.noindex/Firebase.build/Debug-iphonesimulator/FirebaseCore.build/Objects-normal/arm64/e6072d4f65d7061329687fe24e3d63a7-common-args.resp -include /Users/aaronkeen/Library/Developer/Xcode/DerivedData/NutraSafeBeta-awyabywlaekrybetqgpbjphfxefs/Build/Intermediates.noindex/Firebase.build/Debug-iphonesimulator/FirebaseCore.build/DerivedSources/resource_bundle_accessor.h -MMD -MT dependencies -MF /Users/aaronkeen/Library/Developer/Xcode/DerivedData/NutraSafeBeta-awyabywlaekrybetqgpbjphfxefs/Build/Intermediates.noindex/Firebase.build/Debug-iphonesimulator/FirebaseCore.build/Objects-normal/arm64/FIRFirebaseUserAgent.d --serialize-diagnostics /Users/aaronkeen/Library/Developer/Xcode/DerivedData/NutraSafeBeta-awyabywlaekrybetqgpbjphfxefs/Build/Intermediates.noindex/Firebase.build/Debug-iphonesimulator/FirebaseCore.build/Objects-normal/arm64/FIRFirebaseUserAgent.dia -c /Users/aaronkeen/Library/Developer/Xcode/DerivedData/NutraSafeBeta-awyabywlaekrybetqgpbjphfxefs/SourcePackages/checkouts/firebase-ios-sdk/FirebaseCore/Sources/FIRFirebaseUserAgent.m -o /Users/aaronkeen/Library/Developer/Xcode/DerivedData/NutraSafeBeta-awyabywlaekrybetqgpbjphfxefs/Build/Intermediates.noindex/Firebase.build/Debug-iphonesimulator/FirebaseCore.build/Objects-normal/arm64/FIRFirebaseUserAgent.o -index-unit-output-path /Firebase.build/Debug-iphonesimulator/FirebaseCore.build/Objects-normal/arm64/FIRFirebaseUserAgent.o

CompileC /Users/aaronkeen/Library/Developer/Xcode/DerivedData/NutraSafeBeta-awyabywlaekrybetqgpbjphfxefs/Build/Intermediates.noindex/Firebase.build/Debug-iphonesimulator/FirebaseCore.build/Objects-normal/arm64/FIRHeartbeatLogger.o /Users/aaronkeen/Library/Developer/Xcode/DerivedData/NutraSafeBeta-awyabywlaekrybetqgpbjphfxefs/SourcePackages/checkouts/firebase-ios-sdk/FirebaseCore/Sources/FIRHeartbeatLogger.m normal arm64 objective-c com.apple.compilers.llvm.clang.1_0.compiler (in target 'FirebaseCore' from project 'Firebase')
    cd /Users/aaronkeen/Documents/My\ Apps/NutraSafe\ Beta/NutraSafeBeta.xcodeproj
    
    Using response file: /Users/aaronkeen/Library/Developer/Xcode/DerivedData/NutraSafeBeta-awyabywlaekrybetqgpbjphfxefs/Build/Intermediates.noindex/Firebase.build/Debug-iphonesimulator/FirebaseCore.build/Objects-normal/arm64/e6072d4f65d7061329687fe24e3d63a7-common-args.resp
    
    /Applications/Xcode.app/Contents/Developer/Toolchains/XcodeDefault.xctoolchain/usr/bin/clang -x objective-c -ivfsstatcache /Users/aaronkeen/Library/Developer/Xcode/DerivedData/SDKStatCaches.noindex/iphonesimulator18.5-22F76-d5fc8ad4295d2ef488fb7d0f804ce0c4.sdkstatcache -fmessage-length\=0 -fdiagnostics-show-note-include-stack -fmacro-backtrace-limit\=0 -fno-color-diagnostics -fmodules-prune-interval\=86400 -fmodules-prune-after\=345600 -fbuild-session-file\=/Users/aaronkeen/Library/Developer/Xcode/DerivedData/ModuleCache.noindex/Session.modulevalidation -fmodules-validate-once-per-build-session -Wnon-modular-include-in-framework-module -Werror\=non-modular-include-in-framework-module -Wno-trigraphs -Wno-missing-field-initializers -Wno-missing-prototypes -Wno-return-type -Wno-implicit-atomic-properties -Wno-objc-interface-ivars -Wno-arc-repeated-use-of-weak -Wno-missing-braces -Wparentheses -Wswitch -Wno-unused-function -Wno-unused-label -Wno-unused-parameter -Wno-unused-variable -Wunused-value -Wno-empty-body -Wno-uninitialized -Wno-unknown-pragmas -w -Wno-shadow -Wno-four-char-constants -Wno-conversion -Wno-constant-conversion -Wno-int-conversion -Wno-bool-conversion -Wno-enum-conversion -Wno-float-conversion -Wno-non-literal-null-conversion -Wno-objc-literal-conversion -Wshorten-64-to-32 -Wpointer-sign -Wno-newline-eof -Wno-selector -Wno-strict-selector-match -Wno-undeclared-selector -Wno-deprecated-implementations -Wno-implicit-fallthrough -fstrict-aliasing -Wprotocol -Wdeprecated-declarations -Wno-sign-conversion -Wno-infinite-recursion -Wno-comma -Wno-block-capture-autoreleasing -Wno-strict-prototypes -Wno-semicolon-before-method-body -index-store-path /Users/aaronkeen/Library/Developer/Xcode/DerivedData/NutraSafeBeta-awyabywlaekrybetqgpbjphfxefs/Index.noindex/DataStore @/Users/aaronkeen/Library/Developer/Xcode/DerivedData/NutraSafeBeta-awyabywlaekrybetqgpbjphfxefs/Build/Intermediates.noindex/Firebase.build/Debug-iphonesimulator/FirebaseCore.build/Objects-normal/arm64/e6072d4f65d7061329687fe24e3d63a7-common-args.resp -include /Users/aaronkeen/Library/Developer/Xcode/DerivedData/NutraSafeBeta-awyabywlaekrybetqgpbjphfxefs/Build/Intermediates.noindex/Firebase.build/Debug-iphonesimulator/FirebaseCore.build/DerivedSources/resource_bundle_accessor.h -MMD -MT dependencies -MF /Users/aaronkeen/Library/Developer/Xcode/DerivedData/NutraSafeBeta-awyabywlaekrybetqgpbjphfxefs/Build/Intermediates.noindex/Firebase.build/Debug-iphonesimulator/FirebaseCore.build/Objects-normal/arm64/FIRHeartbeatLogger.d --serialize-diagnostics /Users/aaronkeen/Library/Developer/Xcode/DerivedData/NutraSafeBeta-awyabywlaekrybetqgpbjphfxefs/Build/Intermediates.noindex/Firebase.build/Debug-iphonesimulator/FirebaseCore.build/Objects-normal/arm64/FIRHeartbeatLogger.dia -c /Users/aaronkeen/Library/Developer/Xcode/DerivedData/NutraSafeBeta-awyabywlaekrybetqgpbjphfxefs/SourcePackages/checkouts/firebase-ios-sdk/FirebaseCore/Sources/FIRHeartbeatLogger.m -o /Users/aaronkeen/Library/Developer/Xcode/DerivedData/NutraSafeBeta-awyabywlaekrybetqgpbjphfxefs/Build/Intermediates.noindex/Firebase.build/Debug-iphonesimulator/FirebaseCore.build/Objects-normal/arm64/FIRHeartbeatLogger.o -index-unit-output-path /Firebase.build/Debug-iphonesimulator/FirebaseCore.build/Objects-normal/arm64/FIRHeartbeatLogger.o

CompileC /Users/aaronkeen/Library/Developer/Xcode/DerivedData/NutraSafeBeta-awyabywlaekrybetqgpbjphfxefs/Build/Intermediates.noindex/Firebase.build/Debug-iphonesimulator/FirebaseCore.build/Objects-normal/arm64/FIRBundleUtil.o /Users/aaronkeen/Library/Developer/Xcode/DerivedData/NutraSafeBeta-awyabywlaekrybetqgpbjphfxefs/SourcePackages/checkouts/firebase-ios-sdk/FirebaseCore/Sources/FIRBundleUtil.m normal arm64 objective-c com.apple.compilers.llvm.clang.1_0.compiler (in target 'FirebaseCore' from project 'Firebase')
    cd /Users/aaronkeen/Documents/My\ Apps/NutraSafe\ Beta/NutraSafeBeta.xcodeproj
    
    Using response file: /Users/aaronkeen/Library/Developer/Xcode/DerivedData/NutraSafeBeta-awyabywlaekrybetqgpbjphfxefs/Build/Intermediates.noindex/Firebase.build/Debug-iphonesimulator/FirebaseCore.build/Objects-normal/arm64/e6072d4f65d7061329687fe24e3d63a7-common-args.resp
    
    /Applications/Xcode.app/Contents/Developer/Toolchains/XcodeDefault.xctoolchain/usr/bin/clang -x objective-c -ivfsstatcache /Users/aaronkeen/Library/Developer/Xcode/DerivedData/SDKStatCaches.noindex/iphonesimulator18.5-22F76-d5fc8ad4295d2ef488fb7d0f804ce0c4.sdkstatcache -fmessage-length\=0 -fdiagnostics-show-note-include-stack -fmacro-backtrace-limit\=0 -fno-color-diagnostics -fmodules-prune-interval\=86400 -fmodules-prune-after\=345600 -fbuild-session-file\=/Users/aaronkeen/Library/Developer/Xcode/DerivedData/ModuleCache.noindex/Session.modulevalidation -fmodules-validate-once-per-build-session -Wnon-modular-include-in-framework-module -Werror\=non-modular-include-in-framework-module -Wno-trigraphs -Wno-missing-field-initializers -Wno-missing-prototypes -Wno-return-type -Wno-implicit-atomic-properties -Wno-objc-interface-ivars -Wno-arc-repeated-use-of-weak -Wno-missing-braces -Wparentheses -Wswitch -Wno-unused-function -Wno-unused-label -Wno-unused-parameter -Wno-unused-variable -Wunused-value -Wno-empty-body -Wno-uninitialized -Wno-unknown-pragmas -w -Wno-shadow -Wno-four-char-constants -Wno-conversion -Wno-constant-conversion -Wno-int-conversion -Wno-bool-conversion -Wno-enum-conversion -Wno-float-conversion -Wno-non-literal-null-conversion -Wno-objc-literal-conversion -Wshorten-64-to-32 -Wpointer-sign -Wno-newline-eof -Wno-selector -Wno-strict-selector-match -Wno-undeclared-selector -Wno-deprecated-implementations -Wno-implicit-fallthrough -fstrict-aliasing -Wprotocol -Wdeprecated-declarations -Wno-sign-conversion -Wno-infinite-recursion -Wno-comma -Wno-block-capture-autoreleasing -Wno-strict-prototypes -Wno-semicolon-before-method-body -index-store-path /Users/aaronkeen/Library/Developer/Xcode/DerivedData/NutraSafeBeta-awyabywlaekrybetqgpbjphfxefs/Index.noindex/DataStore @/Users/aaronkeen/Library/Developer/Xcode/DerivedData/NutraSafeBeta-awyabywlaekrybetqgpbjphfxefs/Build/Intermediates.noindex/Firebase.build/Debug-iphonesimulator/FirebaseCore.build/Objects-normal/arm64/e6072d4f65d7061329687fe24e3d63a7-common-args.resp -include /Users/aaronkeen/Library/Developer/Xcode/DerivedData/NutraSafeBeta-awyabywlaekrybetqgpbjphfxefs/Build/Intermediates.noindex/Firebase.build/Debug-iphonesimulator/FirebaseCore.build/DerivedSources/resource_bundle_accessor.h -MMD -MT dependencies -MF /Users/aaronkeen/Library/Developer/Xcode/DerivedData/NutraSafeBeta-awyabywlaekrybetqgpbjphfxefs/Build/Intermediates.noindex/Firebase.build/Debug-iphonesimulator/FirebaseCore.build/Objects-normal/arm64/FIRBundleUtil.d --serialize-diagnostics /Users/aaronkeen/Library/Developer/Xcode/DerivedData/NutraSafeBeta-awyabywlaekrybetqgpbjphfxefs/Build/Intermediates.noindex/Firebase.build/Debug-iphonesimulator/FirebaseCore.build/Objects-normal/arm64/FIRBundleUtil.dia -c /Users/aaronkeen/Library/Developer/Xcode/DerivedData/NutraSafeBeta-awyabywlaekrybetqgpbjphfxefs/SourcePackages/checkouts/firebase-ios-sdk/FirebaseCore/Sources/FIRBundleUtil.m -o /Users/aaronkeen/Library/Developer/Xcode/DerivedData/NutraSafeBeta-awyabywlaekrybetqgpbjphfxefs/Build/Intermediates.noindex/Firebase.build/Debug-iphonesimulator/FirebaseCore.build/Objects-normal/arm64/FIRBundleUtil.o -index-unit-output-path /Firebase.build/Debug-iphonesimulator/FirebaseCore.build/Objects-normal/arm64/FIRBundleUtil.o

SwiftCompile normal arm64 Compiling\ DocumentSnapshot+ReadDecodable.swift,\ EncoderDecoder.swift /Users/aaronkeen/Library/Developer/Xcode/DerivedData/NutraSafeBeta-awyabywlaekrybetqgpbjphfxefs/SourcePackages/checkouts/firebase-ios-sdk/Firestore/Swift/Source/Codable/DocumentSnapshot+ReadDecodable.swift /Users/aaronkeen/Library/Developer/Xcode/DerivedData/NutraSafeBeta-awyabywlaekrybetqgpbjphfxefs/SourcePackages/checkouts/firebase-ios-sdk/Firestore/Swift/Source/Codable/EncoderDecoder.swift (in target 'FirebaseFirestore' from project 'Firebase')

SwiftCompile normal arm64 /Users/aaronkeen/Library/Developer/Xcode/DerivedData/NutraSafeBeta-awyabywlaekrybetqgpbjphfxefs/SourcePackages/checkouts/firebase-ios-sdk/Firestore/Swift/Source/Codable/DocumentSnapshot+ReadDecodable.swift (in target 'FirebaseFirestore' from project 'Firebase')
    cd /Users/aaronkeen/Documents/My\ Apps/NutraSafe\ Beta/NutraSafeBeta.xcodeproj
    

SwiftCompile normal arm64 /Users/aaronkeen/Library/Developer/Xcode/DerivedData/NutraSafeBeta-awyabywlaekrybetqgpbjphfxefs/SourcePackages/checkouts/firebase-ios-sdk/Firestore/Swift/Source/Codable/EncoderDecoder.swift (in target 'FirebaseFirestore' from project 'Firebase')
    cd /Users/aaronkeen/Documents/My\ Apps/NutraSafe\ Beta/NutraSafeBeta.xcodeproj
    

SwiftDriverJobDiscovery normal arm64 Compiling DocumentReference+ReadDecodable.swift, DocumentReference+WriteEncodable.swift (in target 'FirebaseFirestore' from project 'Firebase')

SwiftCompile normal arm64 Compiling\ ExplicitNull.swift,\ FieldValue+Encodable.swift /Users/aaronkeen/Library/Developer/Xcode/DerivedData/NutraSafeBeta-awyabywlaekrybetqgpbjphfxefs/SourcePackages/checkouts/firebase-ios-sdk/Firestore/Swift/Source/Codable/ExplicitNull.swift /Users/aaronkeen/Library/Developer/Xcode/DerivedData/NutraSafeBeta-awyabywlaekrybetqgpbjphfxefs/SourcePackages/checkouts/firebase-ios-sdk/Firestore/Swift/Source/Codable/FieldValue+Encodable.swift (in target 'FirebaseFirestore' from project 'Firebase')

SwiftCompile normal arm64 /Users/aaronkeen/Library/Developer/Xcode/DerivedData/NutraSafeBeta-awyabywlaekrybetqgpbjphfxefs/SourcePackages/checkouts/firebase-ios-sdk/Firestore/Swift/Source/Codable/ExplicitNull.swift (in target 'FirebaseFirestore' from project 'Firebase')
    cd /Users/aaronkeen/Documents/My\ Apps/NutraSafe\ Beta/NutraSafeBeta.xcodeproj
    

SwiftCompile normal arm64 /Users/aaronkeen/Library/Developer/Xcode/DerivedData/NutraSafeBeta-awyabywlaekrybetqgpbjphfxefs/SourcePackages/checkouts/firebase-ios-sdk/Firestore/Swift/Source/Codable/FieldValue+Encodable.swift (in target 'FirebaseFirestore' from project 'Firebase')
    cd /Users/aaronkeen/Documents/My\ Apps/NutraSafe\ Beta/NutraSafeBeta.xcodeproj
    

SwiftCompile normal arm64 Compiling\ FirestoreQuery.swift,\ FirestoreQueryObservable.swift /Users/aaronkeen/Library/Developer/Xcode/DerivedData/NutraSafeBeta-awyabywlaekrybetqgpbjphfxefs/SourcePackages/checkouts/firebase-ios-sdk/Firestore/Swift/Source/PropertyWrapper/FirestoreQuery.swift /Users/aaronkeen/Library/Developer/Xcode/DerivedData/NutraSafeBeta-awyabywlaekrybetqgpbjphfxefs/SourcePackages/checkouts/firebase-ios-sdk/Firestore/Swift/Source/PropertyWrapper/FirestoreQueryObservable.swift (in target 'FirebaseFirestore' from project 'Firebase')

SwiftCompile normal arm64 /Users/aaronkeen/Library/Developer/Xcode/DerivedData/NutraSafeBeta-awyabywlaekrybetqgpbjphfxefs/SourcePackages/checkouts/firebase-ios-sdk/Firestore/Swift/Source/PropertyWrapper/FirestoreQuery.swift (in target 'FirebaseFirestore' from project 'Firebase')
    cd /Users/aaronkeen/Documents/My\ Apps/NutraSafe\ Beta/NutraSafeBeta.xcodeproj
    

SwiftCompile normal arm64 /Users/aaronkeen/Library/Developer/Xcode/DerivedData/NutraSafeBeta-awyabywlaekrybetqgpbjphfxefs/SourcePackages/checkouts/firebase-ios-sdk/Firestore/Swift/Source/PropertyWrapper/FirestoreQueryObservable.swift (in target 'FirebaseFirestore' from project 'Firebase')
    cd /Users/aaronkeen/Documents/My\ Apps/NutraSafe\ Beta/NutraSafeBeta.xcodeproj
    

SwiftCompile normal arm64 Compiling\ DocumentID.swift,\ DocumentReference+Codable.swift /Users/aaronkeen/Library/Developer/Xcode/DerivedData/NutraSafeBeta-awyabywlaekrybetqgpbjphfxefs/SourcePackages/checkouts/firebase-ios-sdk/Firestore/Swift/Source/Codable/DocumentID.swift /Users/aaronkeen/Library/Developer/Xcode/DerivedData/NutraSafeBeta-awyabywlaekrybetqgpbjphfxefs/SourcePackages/checkouts/firebase-ios-sdk/Firestore/Swift/Source/Codable/DocumentReference+Codable.swift (in target 'FirebaseFirestore' from project 'Firebase')

SwiftCompile normal arm64 /Users/aaronkeen/Library/Developer/Xcode/DerivedData/NutraSafeBeta-awyabywlaekrybetqgpbjphfxefs/SourcePackages/checkouts/firebase-ios-sdk/Firestore/Swift/Source/Codable/DocumentID.swift (in target 'FirebaseFirestore' from project 'Firebase')
    cd /Users/aaronkeen/Documents/My\ Apps/NutraSafe\ Beta/NutraSafeBeta.xcodeproj
    

SwiftCompile normal arm64 /Users/aaronkeen/Library/Developer/Xcode/DerivedData/NutraSafeBeta-awyabywlaekrybetqgpbjphfxefs/SourcePackages/checkouts/firebase-ios-sdk/Firestore/Swift/Source/Codable/DocumentReference+Codable.swift (in target 'FirebaseFirestore' from project 'Firebase')
    cd /Users/aaronkeen/Documents/My\ Apps/NutraSafe\ Beta/NutraSafeBeta.xcodeproj
    

SwiftCompile normal arm64 Compiling\ Timestamp+Codable.swift,\ TimestampDecodingStrategy.swift /Users/aaronkeen/Library/Developer/Xcode/DerivedData/NutraSafeBeta-awyabywlaekrybetqgpbjphfxefs/SourcePackages/checkouts/firebase-ios-sdk/Firestore/Swift/Source/Codable/Timestamp+Codable.swift /Users/aaronkeen/Library/Developer/Xcode/DerivedData/NutraSafeBeta-awyabywlaekrybetqgpbjphfxefs/SourcePackages/checkouts/firebase-ios-sdk/Firestore/Swift/Source/Codable/TimestampDecodingStrategy.swift (in target 'FirebaseFirestore' from project 'Firebase')

SwiftCompile normal arm64 /Users/aaronkeen/Library/Developer/Xcode/DerivedData/NutraSafeBeta-awyabywlaekrybetqgpbjphfxefs/SourcePackages/checkouts/firebase-ios-sdk/Firestore/Swift/Source/Codable/Timestamp+Codable.swift (in target 'FirebaseFirestore' from project 'Firebase')
    cd /Users/aaronkeen/Documents/My\ Apps/NutraSafe\ Beta/NutraSafeBeta.xcodeproj
    

SwiftCompile normal arm64 /Users/aaronkeen/Library/Developer/Xcode/DerivedData/NutraSafeBeta-awyabywlaekrybetqgpbjphfxefs/SourcePackages/checkouts/firebase-ios-sdk/Firestore/Swift/Source/Codable/TimestampDecodingStrategy.swift (in target 'FirebaseFirestore' from project 'Firebase')
    cd /Users/aaronkeen/Documents/My\ Apps/NutraSafe\ Beta/NutraSafeBeta.xcodeproj
    

SwiftCompile normal arm64 Compiling\ Firestore+AsyncAwait.swift,\ CodableErrors.swift /Users/aaronkeen/Library/Developer/Xcode/DerivedData/NutraSafeBeta-awyabywlaekrybetqgpbjphfxefs/SourcePackages/checkouts/firebase-ios-sdk/Firestore/Swift/Source/AsyncAwait/Firestore+AsyncAwait.swift /Users/aaronkeen/Library/Developer/Xcode/DerivedData/NutraSafeBeta-awyabywlaekrybetqgpbjphfxefs/SourcePackages/checkouts/firebase-ios-sdk/Firestore/Swift/Source/Codable/CodableErrors.swift (in target 'FirebaseFirestore' from project 'Firebase')

SwiftCompile normal arm64 /Users/aaronkeen/Library/Developer/Xcode/DerivedData/NutraSafeBeta-awyabywlaekrybetqgpbjphfxefs/SourcePackages/checkouts/firebase-ios-sdk/Firestore/Swift/Source/AsyncAwait/Firestore+AsyncAwait.swift (in target 'FirebaseFirestore' from project 'Firebase')
    cd /Users/aaronkeen/Documents/My\ Apps/NutraSafe\ Beta/NutraSafeBeta.xcodeproj
    

SwiftCompile normal arm64 /Users/aaronkeen/Library/Developer/Xcode/DerivedData/NutraSafeBeta-awyabywlaekrybetqgpbjphfxefs/SourcePackages/checkouts/firebase-ios-sdk/Firestore/Swift/Source/Codable/CodableErrors.swift (in target 'FirebaseFirestore' from project 'Firebase')
    cd /Users/aaronkeen/Documents/My\ Apps/NutraSafe\ Beta/NutraSafeBeta.xcodeproj
    

PrecompileModule /Users/aaronkeen/Library/Developer/Xcode/DerivedData/NutraSafeBeta-awyabywlaekrybetqgpbjphfxefs/Build/Intermediates.noindex/ExplicitPrecompiledModules/Metal-1PLUEFWSLKQIOEBI09I0SLW0K.scan
    cd /Users/aaronkeen/Documents/My\ Apps/NutraSafe\ Beta/NutraSafeBeta.xcodeproj
    builtin-precompileModule /Users/aaronkeen/Library/Developer/Xcode/DerivedData/NutraSafeBeta-awyabywlaekrybetqgpbjphfxefs/Build/Intermediates.noindex/ExplicitPrecompiledModules/Metal-1PLUEFWSLKQIOEBI09I0SLW0K.scan

SwiftCompile normal arm64 Compiling\ VectorValue+Codable.swift,\ WriteBatch+WriteEncodable.swift /Users/aaronkeen/Library/Developer/Xcode/DerivedData/NutraSafeBeta-awyabywlaekrybetqgpbjphfxefs/SourcePackages/checkouts/firebase-ios-sdk/Firestore/Swift/Source/Codable/VectorValue+Codable.swift /Users/aaronkeen/Library/Developer/Xcode/DerivedData/NutraSafeBeta-awyabywlaekrybetqgpbjphfxefs/SourcePackages/checkouts/firebase-ios-sdk/Firestore/Swift/Source/Codable/WriteBatch+WriteEncodable.swift (in target 'FirebaseFirestore' from project 'Firebase')

SwiftCompile normal arm64 /Users/aaronkeen/Library/Developer/Xcode/DerivedData/NutraSafeBeta-awyabywlaekrybetqgpbjphfxefs/SourcePackages/checkouts/firebase-ios-sdk/Firestore/Swift/Source/Codable/VectorValue+Codable.swift (in target 'FirebaseFirestore' from project 'Firebase')
    cd /Users/aaronkeen/Documents/My\ Apps/NutraSafe\ Beta/NutraSafeBeta.xcodeproj
    

SwiftCompile normal arm64 /Users/aaronkeen/Library/Developer/Xcode/DerivedData/NutraSafeBeta-awyabywlaekrybetqgpbjphfxefs/SourcePackages/checkouts/firebase-ios-sdk/Firestore/Swift/Source/Codable/WriteBatch+WriteEncodable.swift (in target 'FirebaseFirestore' from project 'Firebase')
    cd /Users/aaronkeen/Documents/My\ Apps/NutraSafe\ Beta/NutraSafeBeta.xcodeproj
    

SwiftDriverJobDiscovery normal arm64 Compiling GoogleAuthProvider.swift, OAuthCredential.swift, OAuthProvider.swift, PhoneAuthCredential.swift, PhoneAuthProvider.swift, TwitterAuthProvider.swift, AuthBackend.swift, AuthBackendRPCIssuer.swift, AuthRPCRequest.swift, AuthRPCResponse.swift (in target 'FirebaseAuth' from project 'Firebase')

ExtractAppIntentsMetadata (in target 'FirebaseCoreInternal' from project 'Firebase')
    cd /Users/aaronkeen/Library/Developer/Xcode/DerivedData/NutraSafeBeta-awyabywlaekrybetqgpbjphfxefs/SourcePackages/checkouts/firebase-ios-sdk
    /Applications/Xcode.app/Contents/Developer/Toolchains/XcodeDefault.xctoolchain/usr/bin/appintentsmetadataprocessor --toolchain-dir /Applications/Xcode.app/Contents/Developer/Toolchains/XcodeDefault.xctoolchain --module-name FirebaseCoreInternal --sdk-root /Applications/Xcode.app/Contents/Developer/Platforms/iPhoneSimulator.platform/Developer/SDKs/iPhoneSimulator18.5.sdk --xcode-version 16F6 --platform-family iOS --deployment-target 15.0 --bundle-identifier firebase-ios-sdk.FirebaseCoreInternal --output /Users/aaronkeen/Library/Developer/Xcode/DerivedData/NutraSafeBeta-awyabywlaekrybetqgpbjphfxefs/Build/Products/Debug-iphonesimulator/FirebaseCoreInternal.appintents --target-triple arm64-apple-ios15.0-simulator --binary-file /Users/aaronkeen/Library/Developer/Xcode/DerivedData/NutraSafeBeta-awyabywlaekrybetqgpbjphfxefs/Build/Products/Debug-iphonesimulator/FirebaseCoreInternal.o --dependency-file /Users/aaronkeen/Library/Developer/Xcode/DerivedData/NutraSafeBeta-awyabywlaekrybetqgpbjphfxefs/Build/Intermediates.noindex/Firebase.build/Debug-iphonesimulator/FirebaseCoreInternal.build/Objects-normal/arm64/FirebaseCoreInternal_dependency_info.dat --stringsdata-file /Users/aaronkeen/Library/Developer/Xcode/DerivedData/NutraSafeBeta-awyabywlaekrybetqgpbjphfxefs/Build/Intermediates.noindex/Firebase.build/Debug-iphonesimulator/FirebaseCoreInternal.build/Objects-normal/arm64/ExtractedAppShortcutsMetadata.stringsdata --source-file-list /Users/aaronkeen/Library/Developer/Xcode/DerivedData/NutraSafeBeta-awyabywlaekrybetqgpbjphfxefs/Build/Intermediates.noindex/Firebase.build/Debug-iphonesimulator/FirebaseCoreInternal.build/Objects-normal/arm64/FirebaseCoreInternal.SwiftFileList --metadata-file-list /Users/aaronkeen/Library/Developer/Xcode/DerivedData/NutraSafeBeta-awyabywlaekrybetqgpbjphfxefs/Build/Intermediates.noindex/Firebase.build/Debug-iphonesimulator/FirebaseCoreInternal.build/FirebaseCoreInternal.DependencyMetadataFileList --static-metadata-file-list /Users/aaronkeen/Library/Developer/Xcode/DerivedData/NutraSafeBeta-awyabywlaekrybetqgpbjphfxefs/Build/Intermediates.noindex/Firebase.build/Debug-iphonesimulator/FirebaseCoreInternal.build/FirebaseCoreInternal.DependencyStaticMetadataFileList --swift-const-vals-list /Users/aaronkeen/Library/Developer/Xcode/DerivedData/NutraSafeBeta-awyabywlaekrybetqgpbjphfxefs/Build/Intermediates.noindex/Firebase.build/Debug-iphonesimulator/FirebaseCoreInternal.build/Objects-normal/arm64/FirebaseCoreInternal.SwiftConstValuesFileList --force --compile-time-extraction --deployment-aware-processing --validate-assistant-intents --no-app-shortcuts-localization
2025-09-25 23:39:22.321 appintentsmetadataprocessor[69767:27217384] Starting appintentsmetadataprocessor export
2025-09-25 23:39:22.352 appintentsmetadataprocessor[69767:27217384] Extracted no relevant App Intents symbols, skipping writing output

SwiftDriverJobDiscovery normal arm64 Compiling resource_bundle_accessor.swift, CollectionReference+AsyncAwait.swift (in target 'FirebaseFirestore' from project 'Firebase')

ProcessProductPackaging /Users/aaronkeen/Documents/My\ Apps/NutraSafe\ Beta/NutraSafe\ Beta/NutraSafe\ BetaDebug.entitlements /Users/aaronkeen/Library/Developer/Xcode/DerivedData/NutraSafeBeta-awyabywlaekrybetqgpbjphfxefs/Build/Intermediates.noindex/NutraSafeBeta.build/Debug-iphonesimulator/NutraSafe\ Beta.build/NutraSafe\ Beta.app.xcent (in target 'NutraSafe Beta' from project 'NutraSafeBeta')
    cd /Users/aaronkeen/Documents/My\ Apps/NutraSafe\ Beta
    
    Entitlements:
    
    {
}
    
    builtin-productPackagingUtility /Users/aaronkeen/Documents/My\ Apps/NutraSafe\ Beta/NutraSafe\ Beta/NutraSafe\ BetaDebug.entitlements -entitlements -format xml -o /Users/aaronkeen/Library/Developer/Xcode/DerivedData/NutraSafeBeta-awyabywlaekrybetqgpbjphfxefs/Build/Intermediates.noindex/NutraSafeBeta.build/Debug-iphonesimulator/NutraSafe\ Beta.build/NutraSafe\ Beta.app.xcent

ProcessProductPackaging /Users/aaronkeen/Documents/My\ Apps/NutraSafe\ Beta/NutraSafe\ Beta/NutraSafe\ BetaDebug.entitlements /Users/aaronkeen/Library/Developer/Xcode/DerivedData/NutraSafeBeta-awyabywlaekrybetqgpbjphfxefs/Build/Intermediates.noindex/NutraSafeBeta.build/Debug-iphonesimulator/NutraSafe\ Beta.build/NutraSafe\ Beta.app-Simulated.xcent (in target 'NutraSafe Beta' from project 'NutraSafeBeta')
    cd /Users/aaronkeen/Documents/My\ Apps/NutraSafe\ Beta
    
    Entitlements:
    
    {
    "application-identifier" = "SYDWDN27FN.com.nutrasafe.beta";
    "com.apple.developer.healthkit" = 1;
}
    
    builtin-productPackagingUtility /Users/aaronkeen/Documents/My\ Apps/NutraSafe\ Beta/NutraSafe\ Beta/NutraSafe\ BetaDebug.entitlements -entitlements -format xml -o /Users/aaronkeen/Library/Developer/Xcode/DerivedData/NutraSafeBeta-awyabywlaekrybetqgpbjphfxefs/Build/Intermediates.noindex/NutraSafeBeta.build/Debug-iphonesimulator/NutraSafe\ Beta.build/NutraSafe\ Beta.app-Simulated.xcent

ProcessProductPackagingDER /Users/aaronkeen/Library/Developer/Xcode/DerivedData/NutraSafeBeta-awyabywlaekrybetqgpbjphfxefs/Build/Intermediates.noindex/NutraSafeBeta.build/Debug-iphonesimulator/NutraSafe\ Beta.build/NutraSafe\ Beta.app.xcent /Users/aaronkeen/Library/Developer/Xcode/DerivedData/NutraSafeBeta-awyabywlaekrybetqgpbjphfxefs/Build/Intermediates.noindex/NutraSafeBeta.build/Debug-iphonesimulator/NutraSafe\ Beta.build/NutraSafe\ Beta.app.xcent.der (in target 'NutraSafe Beta' from project 'NutraSafeBeta')
    cd /Users/aaronkeen/Documents/My\ Apps/NutraSafe\ Beta
    /usr/bin/derq query -f xml -i /Users/aaronkeen/Library/Developer/Xcode/DerivedData/NutraSafeBeta-awyabywlaekrybetqgpbjphfxefs/Build/Intermediates.noindex/NutraSafeBeta.build/Debug-iphonesimulator/NutraSafe\ Beta.build/NutraSafe\ Beta.app.xcent -o /Users/aaronkeen/Library/Developer/Xcode/DerivedData/NutraSafeBeta-awyabywlaekrybetqgpbjphfxefs/Build/Intermediates.noindex/NutraSafeBeta.build/Debug-iphonesimulator/NutraSafe\ Beta.build/NutraSafe\ Beta.app.xcent.der --raw

ProcessProductPackagingDER /Users/aaronkeen/Library/Developer/Xcode/DerivedData/NutraSafeBeta-awyabywlaekrybetqgpbjphfxefs/Build/Intermediates.noindex/NutraSafeBeta.build/Debug-iphonesimulator/NutraSafe\ Beta.build/NutraSafe\ Beta.app-Simulated.xcent /Users/aaronkeen/Library/Developer/Xcode/DerivedData/NutraSafeBeta-awyabywlaekrybetqgpbjphfxefs/Build/Intermediates.noindex/NutraSafeBeta.build/Debug-iphonesimulator/NutraSafe\ Beta.build/NutraSafe\ Beta.app-Simulated.xcent.der (in target 'NutraSafe Beta' from project 'NutraSafeBeta')
    cd /Users/aaronkeen/Documents/My\ Apps/NutraSafe\ Beta
    /usr/bin/derq query -f xml -i /Users/aaronkeen/Library/Developer/Xcode/DerivedData/NutraSafeBeta-awyabywlaekrybetqgpbjphfxefs/Build/Intermediates.noindex/NutraSafeBeta.build/Debug-iphonesimulator/NutraSafe\ Beta.build/NutraSafe\ Beta.app-Simulated.xcent -o /Users/aaronkeen/Library/Developer/Xcode/DerivedData/NutraSafeBeta-awyabywlaekrybetqgpbjphfxefs/Build/Intermediates.noindex/NutraSafeBeta.build/Debug-iphonesimulator/NutraSafe\ Beta.build/NutraSafe\ Beta.app-Simulated.xcent.der --raw

ScanDependencies /Users/aaronkeen/Library/Developer/Xcode/DerivedData/NutraSafeBeta-awyabywlaekrybetqgpbjphfxefs/Build/Intermediates.noindex/Firebase.build/Debug-iphonesimulator/FirebaseFirestoreTarget.build/Objects-normal/arm64/dummy.o /Users/aaronkeen/Library/Developer/Xcode/DerivedData/NutraSafeBeta-awyabywlaekrybetqgpbjphfxefs/SourcePackages/checkouts/firebase-ios-sdk/SwiftPM-PlatformExclude/FirebaseFirestoreWrap/dummy.m normal arm64 objective-c com.apple.compilers.llvm.clang.1_0.compiler (in target 'FirebaseFirestoreTarget' from project 'Firebase')
    cd /Users/aaronkeen/Documents/My\ Apps/NutraSafe\ Beta/NutraSafeBeta.xcodeproj
    
    Using response file: /Users/aaronkeen/Library/Developer/Xcode/DerivedData/NutraSafeBeta-awyabywlaekrybetqgpbjphfxefs/Build/Intermediates.noindex/Firebase.build/Debug-iphonesimulator/FirebaseFirestoreTarget.build/Objects-normal/arm64/e6072d4f65d7061329687fe24e3d63a7-common-args.resp
    
    builtin-ScanDependencies -o /Users/aaronkeen/Library/Developer/Xcode/DerivedData/NutraSafeBeta-awyabywlaekrybetqgpbjphfxefs/Build/Intermediates.noindex/Firebase.build/Debug-iphonesimulator/FirebaseFirestoreTarget.build/Objects-normal/arm64/dummy.o.scan -- /Applications/Xcode.app/Contents/Developer/Toolchains/XcodeDefault.xctoolchain/usr/bin/clang -x objective-c -ivfsstatcache /Users/aaronkeen/Library/Developer/Xcode/DerivedData/SDKStatCaches.noindex/iphonesimulator18.5-22F76-d5fc8ad4295d2ef488fb7d0f804ce0c4.sdkstatcache -fmessage-length\=0 -fdiagnostics-show-note-include-stack -fmacro-backtrace-limit\=0 -fno-color-diagnostics -fmodules-prune-interval\=86400 -fmodules-prune-after\=345600 -fbuild-session-file\=/Users/aaronkeen/Library/Developer/Xcode/DerivedData/ModuleCache.noindex/Session.modulevalidation -fmodules-validate-once-per-build-session -Wnon-modular-include-in-framework-module -Werror\=non-modular-include-in-framework-module -Wno-trigraphs -Wno-missing-field-initializers -Wno-missing-prototypes -Wno-return-type -Wno-implicit-atomic-properties -Wno-objc-interface-ivars -Wno-arc-repeated-use-of-weak -Wno-missing-braces -Wparentheses -Wswitch -Wno-unused-function -Wno-unused-label -Wno-unused-parameter -Wno-unused-variable -Wunused-value -Wno-empty-body -Wno-uninitialized -Wno-unknown-pragmas -w -Wno-shadow -Wno-four-char-constants -Wno-conversion -Wno-constant-conversion -Wno-int-conversion -Wno-bool-conversion -Wno-enum-conversion -Wno-float-conversion -Wno-non-literal-null-conversion -Wno-objc-literal-conversion -Wshorten-64-to-32 -Wpointer-sign -Wno-newline-eof -Wno-selector -Wno-strict-selector-match -Wno-undeclared-selector -Wno-deprecated-implementations -Wno-implicit-fallthrough -fstrict-aliasing -Wprotocol -Wdeprecated-declarations -Wno-sign-conversion -Wno-infinite-recursion -Wno-comma -Wno-block-capture-autoreleasing -Wno-strict-prototypes -Wno-semicolon-before-method-body -index-store-path /Users/aaronkeen/Library/Developer/Xcode/DerivedData/NutraSafeBeta-awyabywlaekrybetqgpbjphfxefs/Index.noindex/DataStore @/Users/aaronkeen/Library/Developer/Xcode/DerivedData/NutraSafeBeta-awyabywlaekrybetqgpbjphfxefs/Build/Intermediates.noindex/Firebase.build/Debug-iphonesimulator/FirebaseFirestoreTarget.build/Objects-normal/arm64/e6072d4f65d7061329687fe24e3d63a7-common-args.resp -MMD -MT dependencies -MF /Users/aaronkeen/Library/Developer/Xcode/DerivedData/NutraSafeBeta-awyabywlaekrybetqgpbjphfxefs/Build/Intermediates.noindex/Firebase.build/Debug-iphonesimulator/FirebaseFirestoreTarget.build/Objects-normal/arm64/dummy.d --serialize-diagnostics /Users/aaronkeen/Library/Developer/Xcode/DerivedData/NutraSafeBeta-awyabywlaekrybetqgpbjphfxefs/Build/Intermediates.noindex/Firebase.build/Debug-iphonesimulator/FirebaseFirestoreTarget.build/Objects-normal/arm64/dummy.dia -c /Users/aaronkeen/Library/Developer/Xcode/DerivedData/NutraSafeBeta-awyabywlaekrybetqgpbjphfxefs/SourcePackages/checkouts/firebase-ios-sdk/SwiftPM-PlatformExclude/FirebaseFirestoreWrap/dummy.m -o /Users/aaronkeen/Library/Developer/Xcode/DerivedData/NutraSafeBeta-awyabywlaekrybetqgpbjphfxefs/Build/Intermediates.noindex/Firebase.build/Debug-iphonesimulator/FirebaseFirestoreTarget.build/Objects-normal/arm64/dummy.o -index-unit-output-path /Firebase.build/Debug-iphonesimulator/FirebaseFirestoreTarget.build/Objects-normal/arm64/dummy.o

PrecompileModule /Users/aaronkeen/Library/Developer/Xcode/DerivedData/NutraSafeBeta-awyabywlaekrybetqgpbjphfxefs/Build/Intermediates.noindex/ExplicitPrecompiledModules/TargetConditionals-DSYM1WZ0MG64AGE95SZSZATCQ.scan
    cd /Users/aaronkeen/Documents/My\ Apps/NutraSafe\ Beta/NutraSafeBeta.xcodeproj
    builtin-precompileModule /Users/aaronkeen/Library/Developer/Xcode/DerivedData/NutraSafeBeta-awyabywlaekrybetqgpbjphfxefs/Build/Intermediates.noindex/ExplicitPrecompiledModules/TargetConditionals-DSYM1WZ0MG64AGE95SZSZATCQ.scan

MkDir /Users/aaronkeen/Library/Developer/Xcode/DerivedData/NutraSafeBeta-awyabywlaekrybetqgpbjphfxefs/Build/Intermediates.noindex/NutraSafeBeta.build/Debug-iphonesimulator/NutraSafe\ Beta.build/assetcatalog_output/unthinned (in target 'NutraSafe Beta' from project 'NutraSafeBeta')
    cd /Users/aaronkeen/Documents/My\ Apps/NutraSafe\ Beta
    /bin/mkdir -p /Users/aaronkeen/Library/Developer/Xcode/DerivedData/NutraSafeBeta-awyabywlaekrybetqgpbjphfxefs/Build/Intermediates.noindex/NutraSafeBeta.build/Debug-iphonesimulator/NutraSafe\ Beta.build/assetcatalog_output/unthinned

MkDir /Users/aaronkeen/Library/Developer/Xcode/DerivedData/NutraSafeBeta-awyabywlaekrybetqgpbjphfxefs/Build/Intermediates.noindex/NutraSafeBeta.build/Debug-iphonesimulator/NutraSafe\ Beta.build/assetcatalog_output/thinned (in target 'NutraSafe Beta' from project 'NutraSafeBeta')
    cd /Users/aaronkeen/Documents/My\ Apps/NutraSafe\ Beta
    /bin/mkdir -p /Users/aaronkeen/Library/Developer/Xcode/DerivedData/NutraSafeBeta-awyabywlaekrybetqgpbjphfxefs/Build/Intermediates.noindex/NutraSafeBeta.build/Debug-iphonesimulator/NutraSafe\ Beta.build/assetcatalog_output/thinned

GenerateAssetSymbols /Users/aaronkeen/Documents/My\ Apps/NutraSafe\ Beta/NutraSafe\ Beta/Assets.xcassets (in target 'NutraSafe Beta' from project 'NutraSafeBeta')
    cd /Users/aaronkeen/Documents/My\ Apps/NutraSafe\ Beta
    /Applications/Xcode.app/Contents/Developer/usr/bin/actool /Users/aaronkeen/Documents/My\ Apps/NutraSafe\ Beta/NutraSafe\ Beta/Assets.xcassets --compile /Users/aaronkeen/Library/Developer/Xcode/DerivedData/NutraSafeBeta-awyabywlaekrybetqgpbjphfxefs/Build/Products/Debug-iphonesimulator/NutraSafe\ Beta.app --output-format human-readable-text --notices --warnings --export-dependency-info /Users/aaronkeen/Library/Developer/Xcode/DerivedData/NutraSafeBeta-awyabywlaekrybetqgpbjphfxefs/Build/Intermediates.noindex/NutraSafeBeta.build/Debug-iphonesimulator/NutraSafe\ Beta.build/assetcatalog_dependencies --output-partial-info-plist /Users/aaronkeen/Library/Developer/Xcode/DerivedData/NutraSafeBeta-awyabywlaekrybetqgpbjphfxefs/Build/Intermediates.noindex/NutraSafeBeta.build/Debug-iphonesimulator/NutraSafe\ Beta.build/assetcatalog_generated_info.plist --app-icon AppIcon --accent-color AccentColor --compress-pngs --enable-on-demand-resources YES --development-region en --target-device iphone --target-device ipad --minimum-deployment-target 15.0 --platform iphonesimulator --bundle-identifier com.nutrasafe.beta --generate-swift-asset-symbols /Users/aaronkeen/Library/Developer/Xcode/DerivedData/NutraSafeBeta-awyabywlaekrybetqgpbjphfxefs/Build/Intermediates.noindex/NutraSafeBeta.build/Debug-iphonesimulator/NutraSafe\ Beta.build/DerivedSources/GeneratedAssetSymbols.swift --generate-objc-asset-symbols /Users/aaronkeen/Library/Developer/Xcode/DerivedData/NutraSafeBeta-awyabywlaekrybetqgpbjphfxefs/Build/Intermediates.noindex/NutraSafeBeta.build/Debug-iphonesimulator/NutraSafe\ Beta.build/DerivedSources/GeneratedAssetSymbols.h --generate-asset-symbol-index /Users/aaronkeen/Library/Developer/Xcode/DerivedData/NutraSafeBeta-awyabywlaekrybetqgpbjphfxefs/Build/Intermediates.noindex/NutraSafeBeta.build/Debug-iphonesimulator/NutraSafe\ Beta.build/DerivedSources/GeneratedAssetSymbols-Index.plist
/* com.apple.actool.compilation-results */
/Users/aaronkeen/Library/Developer/Xcode/DerivedData/NutraSafeBeta-awyabywlaekrybetqgpbjphfxefs/Build/Intermediates.noindex/NutraSafeBeta.build/Debug-iphonesimulator/NutraSafe Beta.build/DerivedSources/GeneratedAssetSymbols-Index.plist
/Users/aaronkeen/Library/Developer/Xcode/DerivedData/NutraSafeBeta-awyabywlaekrybetqgpbjphfxefs/Build/Intermediates.noindex/NutraSafeBeta.build/Debug-iphonesimulator/NutraSafe Beta.build/DerivedSources/GeneratedAssetSymbols.h
/Users/aaronkeen/Library/Developer/Xcode/DerivedData/NutraSafeBeta-awyabywlaekrybetqgpbjphfxefs/Build/Intermediates.noindex/NutraSafeBeta.build/Debug-iphonesimulator/NutraSafe Beta.build/DerivedSources/GeneratedAssetSymbols.swift


SwiftDriverJobDiscovery normal arm64 Compiling VectorValue+Swift.swift, SwiftHeaderWorkaround.swift (in target 'FirebaseFirestore' from project 'Firebase')

CompileC /Users/aaronkeen/Library/Developer/Xcode/DerivedData/NutraSafeBeta-awyabywlaekrybetqgpbjphfxefs/Build/Intermediates.noindex/Firebase.build/Debug-iphonesimulator/FirebaseFirestoreTarget.build/Objects-normal/arm64/dummy.o /Users/aaronkeen/Library/Developer/Xcode/DerivedData/NutraSafeBeta-awyabywlaekrybetqgpbjphfxefs/SourcePackages/checkouts/firebase-ios-sdk/SwiftPM-PlatformExclude/FirebaseFirestoreWrap/dummy.m normal arm64 objective-c com.apple.compilers.llvm.clang.1_0.compiler (in target 'FirebaseFirestoreTarget' from project 'Firebase')
    cd /Users/aaronkeen/Documents/My\ Apps/NutraSafe\ Beta/NutraSafeBeta.xcodeproj
    
    Using response file: /Users/aaronkeen/Library/Developer/Xcode/DerivedData/NutraSafeBeta-awyabywlaekrybetqgpbjphfxefs/Build/Intermediates.noindex/Firebase.build/Debug-iphonesimulator/FirebaseFirestoreTarget.build/Objects-normal/arm64/e6072d4f65d7061329687fe24e3d63a7-common-args.resp
    
    /Applications/Xcode.app/Contents/Developer/Toolchains/XcodeDefault.xctoolchain/usr/bin/clang -x objective-c -ivfsstatcache /Users/aaronkeen/Library/Developer/Xcode/DerivedData/SDKStatCaches.noindex/iphonesimulator18.5-22F76-d5fc8ad4295d2ef488fb7d0f804ce0c4.sdkstatcache -fmessage-length\=0 -fdiagnostics-show-note-include-stack -fmacro-backtrace-limit\=0 -fno-color-diagnostics -fmodules-prune-interval\=86400 -fmodules-prune-after\=345600 -fbuild-session-file\=/Users/aaronkeen/Library/Developer/Xcode/DerivedData/ModuleCache.noindex/Session.modulevalidation -fmodules-validate-once-per-build-session -Wnon-modular-include-in-framework-module -Werror\=non-modular-include-in-framework-module -Wno-trigraphs -Wno-missing-field-initializers -Wno-missing-prototypes -Wno-return-type -Wno-implicit-atomic-properties -Wno-objc-interface-ivars -Wno-arc-repeated-use-of-weak -Wno-missing-braces -Wparentheses -Wswitch -Wno-unused-function -Wno-unused-label -Wno-unused-parameter -Wno-unused-variable -Wunused-value -Wno-empty-body -Wno-uninitialized -Wno-unknown-pragmas -w -Wno-shadow -Wno-four-char-constants -Wno-conversion -Wno-constant-conversion -Wno-int-conversion -Wno-bool-conversion -Wno-enum-conversion -Wno-float-conversion -Wno-non-literal-null-conversion -Wno-objc-literal-conversion -Wshorten-64-to-32 -Wpointer-sign -Wno-newline-eof -Wno-selector -Wno-strict-selector-match -Wno-undeclared-selector -Wno-deprecated-implementations -Wno-implicit-fallthrough -fstrict-aliasing -Wprotocol -Wdeprecated-declarations -Wno-sign-conversion -Wno-infinite-recursion -Wno-comma -Wno-block-capture-autoreleasing -Wno-strict-prototypes -Wno-semicolon-before-method-body -index-store-path /Users/aaronkeen/Library/Developer/Xcode/DerivedData/NutraSafeBeta-awyabywlaekrybetqgpbjphfxefs/Index.noindex/DataStore @/Users/aaronkeen/Library/Developer/Xcode/DerivedData/NutraSafeBeta-awyabywlaekrybetqgpbjphfxefs/Build/Intermediates.noindex/Firebase.build/Debug-iphonesimulator/FirebaseFirestoreTarget.build/Objects-normal/arm64/e6072d4f65d7061329687fe24e3d63a7-common-args.resp -MMD -MT dependencies -MF /Users/aaronkeen/Library/Developer/Xcode/DerivedData/NutraSafeBeta-awyabywlaekrybetqgpbjphfxefs/Build/Intermediates.noindex/Firebase.build/Debug-iphonesimulator/FirebaseFirestoreTarget.build/Objects-normal/arm64/dummy.d --serialize-diagnostics /Users/aaronkeen/Library/Developer/Xcode/DerivedData/NutraSafeBeta-awyabywlaekrybetqgpbjphfxefs/Build/Intermediates.noindex/Firebase.build/Debug-iphonesimulator/FirebaseFirestoreTarget.build/Objects-normal/arm64/dummy.dia -c /Users/aaronkeen/Library/Developer/Xcode/DerivedData/NutraSafeBeta-awyabywlaekrybetqgpbjphfxefs/SourcePackages/checkouts/firebase-ios-sdk/SwiftPM-PlatformExclude/FirebaseFirestoreWrap/dummy.m -o /Users/aaronkeen/Library/Developer/Xcode/DerivedData/NutraSafeBeta-awyabywlaekrybetqgpbjphfxefs/Build/Intermediates.noindex/Firebase.build/Debug-iphonesimulator/FirebaseFirestoreTarget.build/Objects-normal/arm64/dummy.o -index-unit-output-path /Firebase.build/Debug-iphonesimulator/FirebaseFirestoreTarget.build/Objects-normal/arm64/dummy.o

CompileAssetCatalogVariant thinned /Users/aaronkeen/Library/Developer/Xcode/DerivedData/NutraSafeBeta-awyabywlaekrybetqgpbjphfxefs/Build/Products/Debug-iphonesimulator/NutraSafe\ Beta.app /Users/aaronkeen/Documents/My\ Apps/NutraSafe\ Beta/NutraSafe\ Beta/Assets.xcassets (in target 'NutraSafe Beta' from project 'NutraSafeBeta')
    cd /Users/aaronkeen/Documents/My\ Apps/NutraSafe\ Beta
    /Applications/Xcode.app/Contents/Developer/usr/bin/actool /Users/aaronkeen/Documents/My\ Apps/NutraSafe\ Beta/NutraSafe\ Beta/Assets.xcassets --compile /Users/aaronkeen/Library/Developer/Xcode/DerivedData/NutraSafeBeta-awyabywlaekrybetqgpbjphfxefs/Build/Intermediates.noindex/NutraSafeBeta.build/Debug-iphonesimulator/NutraSafe\ Beta.build/assetcatalog_output/thinned --output-format human-readable-text --notices --warnings --export-dependency-info /Users/aaronkeen/Library/Developer/Xcode/DerivedData/NutraSafeBeta-awyabywlaekrybetqgpbjphfxefs/Build/Intermediates.noindex/NutraSafeBeta.build/Debug-iphonesimulator/NutraSafe\ Beta.build/assetcatalog_dependencies_thinned --output-partial-info-plist /Users/aaronkeen/Library/Developer/Xcode/DerivedData/NutraSafeBeta-awyabywlaekrybetqgpbjphfxefs/Build/Intermediates.noindex/NutraSafeBeta.build/Debug-iphonesimulator/NutraSafe\ Beta.build/assetcatalog_generated_info.plist_thinned --app-icon AppIcon --accent-color AccentColor --compress-pngs --enable-on-demand-resources YES --filter-for-thinning-device-configuration iPhone17,1 --filter-for-device-os-version 18.6 --development-region en --target-device iphone --target-device ipad --minimum-deployment-target 15.0 --platform iphonesimulator

PrecompileModule /Users/aaronkeen/Library/Developer/Xcode/DerivedData/NutraSafeBeta-awyabywlaekrybetqgpbjphfxefs/Build/Intermediates.noindex/ExplicitPrecompiledModules/CoreVideo-CJO3G2YFGCYVVGOPP9ZME2BQ1.scan
    cd /Users/aaronkeen/Documents/My\ Apps/NutraSafe\ Beta/NutraSafeBeta.xcodeproj
    builtin-precompileModule /Users/aaronkeen/Library/Developer/Xcode/DerivedData/NutraSafeBeta-awyabywlaekrybetqgpbjphfxefs/Build/Intermediates.noindex/ExplicitPrecompiledModules/CoreVideo-CJO3G2YFGCYVVGOPP9ZME2BQ1.scan

RegisterExecutionPolicyException /Users/aaronkeen/Library/Developer/Xcode/DerivedData/NutraSafeBeta-awyabywlaekrybetqgpbjphfxefs/Build/Products/Debug-iphonesimulator/opensslWrapper.o (in target 'opensslWrapper' from project 'gRPC')
    cd /Users/aaronkeen/Library/Developer/Xcode/DerivedData/NutraSafeBeta-awyabywlaekrybetqgpbjphfxefs/SourcePackages/checkouts/grpc-binary
    builtin-RegisterExecutionPolicyException /Users/aaronkeen/Library/Developer/Xcode/DerivedData/NutraSafeBeta-awyabywlaekrybetqgpbjphfxefs/Build/Products/Debug-iphonesimulator/opensslWrapper.o

RegisterExecutionPolicyException /Users/aaronkeen/Library/Developer/Xcode/DerivedData/NutraSafeBeta-awyabywlaekrybetqgpbjphfxefs/Build/Products/Debug-iphonesimulator/grpcWrapper.o (in target 'grpcWrapper' from project 'gRPC')
    cd /Users/aaronkeen/Library/Developer/Xcode/DerivedData/NutraSafeBeta-awyabywlaekrybetqgpbjphfxefs/SourcePackages/checkouts/grpc-binary
    builtin-RegisterExecutionPolicyException /Users/aaronkeen/Library/Developer/Xcode/DerivedData/NutraSafeBeta-awyabywlaekrybetqgpbjphfxefs/Build/Products/Debug-iphonesimulator/grpcWrapper.o

RegisterExecutionPolicyException /Users/aaronkeen/Library/Developer/Xcode/DerivedData/NutraSafeBeta-awyabywlaekrybetqgpbjphfxefs/Build/Products/Debug-iphonesimulator/abslWrapper.o (in target 'abslWrapper' from project 'abseil')
    cd /Users/aaronkeen/Library/Developer/Xcode/DerivedData/NutraSafeBeta-awyabywlaekrybetqgpbjphfxefs/SourcePackages/checkouts/abseil-cpp-binary
    builtin-RegisterExecutionPolicyException /Users/aaronkeen/Library/Developer/Xcode/DerivedData/NutraSafeBeta-awyabywlaekrybetqgpbjphfxefs/Build/Products/Debug-iphonesimulator/abslWrapper.o

RegisterExecutionPolicyException /Users/aaronkeen/Library/Developer/Xcode/DerivedData/NutraSafeBeta-awyabywlaekrybetqgpbjphfxefs/Build/Products/Debug-iphonesimulator/GoogleUtilities-Logger.o (in target 'GoogleUtilities-Logger' from project 'GoogleUtilities')
    cd /Users/aaronkeen/Library/Developer/Xcode/DerivedData/NutraSafeBeta-awyabywlaekrybetqgpbjphfxefs/SourcePackages/checkouts/GoogleUtilities
    builtin-RegisterExecutionPolicyException /Users/aaronkeen/Library/Developer/Xcode/DerivedData/NutraSafeBeta-awyabywlaekrybetqgpbjphfxefs/Build/Products/Debug-iphonesimulator/GoogleUtilities-Logger.o

SwiftDriver NutraSafe\ Beta normal arm64 com.apple.xcode.tools.swift.compiler (in target 'NutraSafe Beta' from project 'NutraSafeBeta')
    cd /Users/aaronkeen/Documents/My\ Apps/NutraSafe\ Beta
    builtin-SwiftDriver -- /Applications/Xcode.app/Contents/Developer/Toolchains/XcodeDefault.xctoolchain/usr/bin/swiftc -module-name NutraSafe_Beta -Onone -enforce-exclusivity\=checked @/Users/aaronkeen/Library/Developer/Xcode/DerivedData/NutraSafeBeta-awyabywlaekrybetqgpbjphfxefs/Build/Intermediates.noindex/NutraSafeBeta.build/Debug-iphonesimulator/NutraSafe\ Beta.build/Objects-normal/arm64/NutraSafe\ Beta.SwiftFileList -DDEBUG -Xcc -fmodule-map-file\=/Users/aaronkeen/Library/Developer/Xcode/DerivedData/NutraSafeBeta-awyabywlaekrybetqgpbjphfxefs/Build/Intermediates.noindex/GeneratedModuleMaps-iphonesimulator/RecaptchaInterop.modulemap -Xcc -fmodule-map-file\=/Users/aaronkeen/Library/Developer/Xcode/DerivedData/NutraSafeBeta-awyabywlaekrybetqgpbjphfxefs/Build/Intermediates.noindex/GeneratedModuleMaps-iphonesimulator/GoogleUtilities-Network.modulemap -Xcc -fmodule-map-file\=/Users/aaronkeen/Library/Developer/Xcode/DerivedData/NutraSafeBeta-awyabywlaekrybetqgpbjphfxefs/Build/Intermediates.noindex/GeneratedModuleMaps-iphonesimulator/GoogleUtilities-Reachability.modulemap -Xcc -fmodule-map-file\=/Users/aaronkeen/Library/Developer/Xcode/DerivedData/NutraSafeBeta-awyabywlaekrybetqgpbjphfxefs/Build/Intermediates.noindex/GeneratedModuleMaps-iphonesimulator/GoogleUtilities-AppDelegateSwizzler.modulemap -Xcc -fmodule-map-file\=/Users/aaronkeen/Library/Developer/Xcode/DerivedData/NutraSafeBeta-awyabywlaekrybetqgpbjphfxefs/Build/Intermediates.noindex/GeneratedModuleMaps-iphonesimulator/GTMSessionFetcherCore.modulemap -Xcc -fmodule-map-file\=/Users/aaronkeen/Library/Developer/Xcode/DerivedData/NutraSafeBeta-awyabywlaekrybetqgpbjphfxefs/Build/Intermediates.noindex/GeneratedModuleMaps-iphonesimulator/FirebaseAuthInternal.modulemap -Xcc -fmodule-map-file\=/Users/aaronkeen/Library/Developer/Xcode/DerivedData/NutraSafeBeta-awyabywlaekrybetqgpbjphfxefs/Build/Intermediates.noindex/GeneratedModuleMaps-iphonesimulator/FirebaseAuthInterop.modulemap -Xcc -fmodule-map-file\=/Users/aaronkeen/Library/Developer/Xcode/DerivedData/NutraSafeBeta-awyabywlaekrybetqgpbjphfxefs/Build/Intermediates.noindex/GeneratedModuleMaps-iphonesimulator/GoogleUtilities-NSData.modulemap -Xcc -fmodule-map-file\=/Users/aaronkeen/Library/Developer/Xcode/DerivedData/NutraSafeBeta-awyabywlaekrybetqgpbjphfxefs/Build/Intermediates.noindex/GeneratedModuleMaps-iphonesimulator/GoogleUtilities-Environment.modulemap -Xcc -fmodule-map-file\=/Users/aaronkeen/Library/Developer/Xcode/DerivedData/NutraSafeBeta-awyabywlaekrybetqgpbjphfxefs/Build/Intermediates.noindex/GeneratedModuleMaps-iphonesimulator/third-party-IsAppEncrypted.modulemap -Xcc -fmodule-map-file\=/Users/aaronkeen/Library/Developer/Xcode/DerivedData/NutraSafeBeta-awyabywlaekrybetqgpbjphfxefs/Build/Intermediates.noindex/GeneratedModuleMaps-iphonesimulator/GoogleUtilities-Logger.modulemap -Xcc -fmodule-map-file\=/Users/aaronkeen/Library/Developer/Xcode/DerivedData/NutraSafeBeta-awyabywlaekrybetqgpbjphfxefs/Build/Intermediates.noindex/GeneratedModuleMaps-iphonesimulator/abslWrapper.modulemap -Xcc -fmodule-map-file\=/Users/aaronkeen/Library/Developer/Xcode/DerivedData/NutraSafeBeta-awyabywlaekrybetqgpbjphfxefs/Build/Intermediates.noindex/GeneratedModuleMaps-iphonesimulator/opensslWrapper.modulemap -Xcc -fmodule-map-file\=/Users/aaronkeen/Library/Developer/Xcode/DerivedData/NutraSafeBeta-awyabywlaekrybetqgpbjphfxefs/Build/Intermediates.noindex/GeneratedModuleMaps-iphonesimulator/grpcWrapper.modulemap -Xcc -fmodule-map-file\=/Users/aaronkeen/Library/Developer/Xcode/DerivedData/NutraSafeBeta-awyabywlaekrybetqgpbjphfxefs/Build/Intermediates.noindex/GeneratedModuleMaps-iphonesimulator/grpcppWrapper.modulemap -Xcc -fmodule-map-file\=/Users/aaronkeen/Library/Developer/Xcode/DerivedData/NutraSafeBeta-awyabywlaekrybetqgpbjphfxefs/Build/Intermediates.noindex/GeneratedModuleMaps-iphonesimulator/nanopb.modulemap -Xcc -fmodule-map-file\=/Users/aaronkeen/Library/Developer/Xcode/DerivedData/NutraSafeBeta-awyabywlaekrybetqgpbjphfxefs/Build/Intermediates.noindex/GeneratedModuleMaps-iphonesimulator/leveldb.modulemap -Xcc -fmodule-map-file\=/Users/aaronkeen/Library/Developer/Xcode/DerivedData/NutraSafeBeta-awyabywlaekrybetqgpbjphfxefs/Build/Intermediates.noindex/GeneratedModuleMaps-iphonesimulator/FirebaseCoreExtension.modulemap -Xcc -fmodule-map-file\=/Users/aaronkeen/Library/Developer/Xcode/DerivedData/NutraSafeBeta-awyabywlaekrybetqgpbjphfxefs/Build/Intermediates.noindex/GeneratedModuleMaps-iphonesimulator/FirebaseCore.modulemap -Xcc -fmodule-map-file\=/Users/aaronkeen/Library/Developer/Xcode/DerivedData/NutraSafeBeta-awyabywlaekrybetqgpbjphfxefs/Build/Intermediates.noindex/GeneratedModuleMaps-iphonesimulator/FirebaseAppCheckInterop.modulemap -Xcc -fmodule-map-file\=/Users/aaronkeen/Library/Developer/Xcode/DerivedData/NutraSafeBeta-awyabywlaekrybetqgpbjphfxefs/Build/Intermediates.noindex/GeneratedModuleMaps-iphonesimulator/FirebaseFirestoreInternalWrapper.modulemap -Xcc -fmodule-map-file\=/Users/aaronkeen/Library/Developer/Xcode/DerivedData/NutraSafeBeta-awyabywlaekrybetqgpbjphfxefs/Build/Intermediates.noindex/GeneratedModuleMaps-iphonesimulator/FirebaseFirestoreTarget.modulemap -enable-bare-slash-regex -enable-experimental-feature DebugDescriptionMacro -sdk /Applications/Xcode.app/Contents/Developer/Platforms/iPhoneSimulator.platform/Developer/SDKs/iPhoneSimulator18.5.sdk -target arm64-apple-ios15.0-simulator -g -module-cache-path /Users/aaronkeen/Library/Developer/Xcode/DerivedData/ModuleCache.noindex -Xfrontend -serialize-debugging-options -enable-testing -index-store-path /Users/aaronkeen/Library/Developer/Xcode/DerivedData/NutraSafeBeta-awyabywlaekrybetqgpbjphfxefs/Index.noindex/DataStore -swift-version 5 -I /Users/aaronkeen/Library/Developer/Xcode/DerivedData/NutraSafeBeta-awyabywlaekrybetqgpbjphfxefs/Build/Products/Debug-iphonesimulator -F /Users/aaronkeen/Library/Developer/Xcode/DerivedData/NutraSafeBeta-awyabywlaekrybetqgpbjphfxefs/Build/Products/Debug-iphonesimulator/PackageFrameworks -F /Users/aaronkeen/Library/Developer/Xcode/DerivedData/NutraSafeBeta-awyabywlaekrybetqgpbjphfxefs/Build/Products/Debug-iphonesimulator/PackageFrameworks -F /Users/aaronkeen/Library/Developer/Xcode/DerivedData/NutraSafeBeta-awyabywlaekrybetqgpbjphfxefs/Build/Products/Debug-iphonesimulator/PackageFrameworks -F /Users/aaronkeen/Library/Developer/Xcode/DerivedData/NutraSafeBeta-awyabywlaekrybetqgpbjphfxefs/Build/Products/Debug-iphonesimulator/PackageFrameworks -F /Users/aaronkeen/Library/Developer/Xcode/DerivedData/NutraSafeBeta-awyabywlaekrybetqgpbjphfxefs/Build/Products/Debug-iphonesimulator/PackageFrameworks -F /Users/aaronkeen/Library/Developer/Xcode/DerivedData/NutraSafeBeta-awyabywlaekrybetqgpbjphfxefs/Build/Products/Debug-iphonesimulator/PackageFrameworks -F /Users/aaronkeen/Library/Developer/Xcode/DerivedData/NutraSafeBeta-awyabywlaekrybetqgpbjphfxefs/Build/Products/Debug-iphonesimulator/PackageFrameworks -F /Users/aaronkeen/Library/Developer/Xcode/DerivedData/NutraSafeBeta-awyabywlaekrybetqgpbjphfxefs/Build/Products/Debug-iphonesimulator/PackageFrameworks -F /Users/aaronkeen/Library/Developer/Xcode/DerivedData/NutraSafeBeta-awyabywlaekrybetqgpbjphfxefs/Build/Products/Debug-iphonesimulator/PackageFrameworks -F /Users/aaronkeen/Library/Developer/Xcode/DerivedData/NutraSafeBeta-awyabywlaekrybetqgpbjphfxefs/Build/Products/Debug-iphonesimulator/PackageFrameworks -F /Users/aaronkeen/Library/Developer/Xcode/DerivedData/NutraSafeBeta-awyabywlaekrybetqgpbjphfxefs/Build/Products/Debug-iphonesimulator/PackageFrameworks -F /Users/aaronkeen/Library/Developer/Xcode/DerivedData/NutraSafeBeta-awyabywlaekrybetqgpbjphfxefs/Build/Products/Debug-iphonesimulator/PackageFrameworks -F /Users/aaronkeen/Library/Developer/Xcode/DerivedData/NutraSafeBeta-awyabywlaekrybetqgpbjphfxefs/Build/Products/Debug-iphonesimulator/PackageFrameworks -F /Users/aaronkeen/Library/Developer/Xcode/DerivedData/NutraSafeBeta-awyabywlaekrybetqgpbjphfxefs/Build/Products/Debug-iphonesimulator/PackageFrameworks -F /Users/aaronkeen/Library/Developer/Xcode/DerivedData/NutraSafeBeta-awyabywlaekrybetqgpbjphfxefs/Build/Products/Debug-iphonesimulator/PackageFrameworks -F /Users/aaronkeen/Library/Developer/Xcode/DerivedData/NutraSafeBeta-awyabywlaekrybetqgpbjphfxefs/Build/Products/Debug-iphonesimulator/PackageFrameworks -F /Users/aaronkeen/Library/Developer/Xcode/DerivedData/NutraSafeBeta-awyabywlaekrybetqgpbjphfxefs/Build/Products/Debug-iphonesimulator/PackageFrameworks -F /Users/aaronkeen/Library/Developer/Xcode/DerivedData/NutraSafeBeta-awyabywlaekrybetqgpbjphfxefs/Build/Products/Debug-iphonesimulator/PackageFrameworks -F /Users/aaronkeen/Library/Developer/Xcode/DerivedData/NutraSafeBeta-awyabywlaekrybetqgpbjphfxefs/Build/Products/Debug-iphonesimulator/PackageFrameworks -F /Users/aaronkeen/Library/Developer/Xcode/DerivedData/NutraSafeBeta-awyabywlaekrybetqgpbjphfxefs/Build/Products/Debug-iphonesimulator/PackageFrameworks -F /Users/aaronkeen/Library/Developer/Xcode/DerivedData/NutraSafeBeta-awyabywlaekrybetqgpbjphfxefs/Build/Products/Debug-iphonesimulator/PackageFrameworks -F /Users/aaronkeen/Library/Developer/Xcode/DerivedData/NutraSafeBeta-awyabywlaekrybetqgpbjphfxefs/Build/Products/Debug-iphonesimulator/PackageFrameworks -F /Users/aaronkeen/Library/Developer/Xcode/DerivedData/NutraSafeBeta-awyabywlaekrybetqgpbjphfxefs/Build/Products/Debug-iphonesimulator/PackageFrameworks -F /Users/aaronkeen/Library/Developer/Xcode/DerivedData/NutraSafeBeta-awyabywlaekrybetqgpbjphfxefs/Build/Products/Debug-iphonesimulator/PackageFrameworks -F /Users/aaronkeen/Library/Developer/Xcode/DerivedData/NutraSafeBeta-awyabywlaekrybetqgpbjphfxefs/Build/Products/Debug-iphonesimulator/PackageFrameworks -F /Users/aaronkeen/Library/Developer/Xcode/DerivedData/NutraSafeBeta-awyabywlaekrybetqgpbjphfxefs/Build/Products/Debug-iphonesimulator/PackageFrameworks -F /Users/aaronkeen/Library/Developer/Xcode/DerivedData/NutraSafeBeta-awyabywlaekrybetqgpbjphfxefs/Build/Products/Debug-iphonesimulator/PackageFrameworks -F /Users/aaronkeen/Library/Developer/Xcode/DerivedData/NutraSafeBeta-awyabywlaekrybetqgpbjphfxefs/Build/Products/Debug-iphonesimulator -emit-localized-strings -emit-localized-strings-path /Users/aaronkeen/Library/Developer/Xcode/DerivedData/NutraSafeBeta-awyabywlaekrybetqgpbjphfxefs/Build/Intermediates.noindex/NutraSafeBeta.build/Debug-iphonesimulator/NutraSafe\ Beta.build/Objects-normal/arm64 -c -j14 -enable-batch-mode -incremental -Xcc -ivfsstatcache -Xcc /Users/aaronkeen/Library/Developer/Xcode/DerivedData/SDKStatCaches.noindex/iphonesimulator18.5-22F76-d5fc8ad4295d2ef488fb7d0f804ce0c4.sdkstatcache -output-file-map /Users/aaronkeen/Library/Developer/Xcode/DerivedData/NutraSafeBeta-awyabywlaekrybetqgpbjphfxefs/Build/Intermediates.noindex/NutraSafeBeta.build/Debug-iphonesimulator/NutraSafe\ Beta.build/Objects-normal/arm64/NutraSafe\ Beta-OutputFileMap.json -use-frontend-parseable-output -save-temps -no-color-diagnostics -serialize-diagnostics -emit-dependencies -emit-module -emit-module-path /Users/aaronkeen/Library/Developer/Xcode/DerivedData/NutraSafeBeta-awyabywlaekrybetqgpbjphfxefs/Build/Intermediates.noindex/NutraSafeBeta.build/Debug-iphonesimulator/NutraSafe\ Beta.build/Objects-normal/arm64/NutraSafe_Beta.swiftmodule -validate-clang-modules-once -clang-build-session-file /Users/aaronkeen/Library/Developer/Xcode/DerivedData/ModuleCache.noindex/Session.modulevalidation -Xcc -I/Users/aaronkeen/Library/Developer/Xcode/DerivedData/NutraSafeBeta-awyabywlaekrybetqgpbjphfxefs/Build/Intermediates.noindex/NutraSafeBeta.build/Debug-iphonesimulator/NutraSafe\ Beta.build/swift-overrides.hmap -emit-const-values -Xfrontend -const-gather-protocols-file -Xfrontend /Users/aaronkeen/Library/Developer/Xcode/DerivedData/NutraSafeBeta-awyabywlaekrybetqgpbjphfxefs/Build/Intermediates.noindex/NutraSafeBeta.build/Debug-iphonesimulator/NutraSafe\ Beta.build/Objects-normal/arm64/NutraSafe\ Beta_const_extract_protocols.json -Xcc -iquote -Xcc /Users/aaronkeen/Library/Developer/Xcode/DerivedData/NutraSafeBeta-awyabywlaekrybetqgpbjphfxefs/Build/Intermediates.noindex/NutraSafeBeta.build/Debug-iphonesimulator/NutraSafe\ Beta.build/NutraSafe\ Beta-generated-files.hmap -Xcc -I/Users/aaronkeen/Library/Developer/Xcode/DerivedData/NutraSafeBeta-awyabywlaekrybetqgpbjphfxefs/Build/Intermediates.noindex/NutraSafeBeta.build/Debug-iphonesimulator/NutraSafe\ Beta.build/NutraSafe\ Beta-own-target-headers.hmap -Xcc -I/Users/aaronkeen/Library/Developer/Xcode/DerivedData/NutraSafeBeta-awyabywlaekrybetqgpbjphfxefs/Build/Intermediates.noindex/NutraSafeBeta.build/Debug-iphonesimulator/NutraSafe\ Beta.build/NutraSafe\ Beta-all-non-framework-target-headers.hmap -Xcc -ivfsoverlay -Xcc /Users/aaronkeen/Library/Developer/Xcode/DerivedData/NutraSafeBeta-awyabywlaekrybetqgpbjphfxefs/Build/Intermediates.noindex/NutraSafeBeta.build/Debug-iphonesimulator/NutraSafeBeta-82b646dc74fb12cbae28522240c6b11e-VFS-iphonesimulator/all-product-headers.yaml -Xcc -iquote -Xcc /Users/aaronkeen/Library/Developer/Xcode/DerivedData/NutraSafeBeta-awyabywlaekrybetqgpbjphfxefs/Build/Intermediates.noindex/NutraSafeBeta.build/Debug-iphonesimulator/NutraSafe\ Beta.build/NutraSafe\ Beta-project-headers.hmap -Xcc -I/Users/aaronkeen/Library/Developer/Xcode/DerivedData/NutraSafeBeta-awyabywlaekrybetqgpbjphfxefs/SourcePackages/checkouts/interop-ios-for-google-sdks/RecaptchaEnterprise/RecaptchaInterop/Public -Xcc -I/Users/aaronkeen/Library/Developer/Xcode/DerivedData/NutraSafeBeta-awyabywlaekrybetqgpbjphfxefs/SourcePackages/checkouts/GoogleUtilities/GoogleUtilities/Network/Public -Xcc -I/Users/aaronkeen/Library/Developer/Xcode/DerivedData/NutraSafeBeta-awyabywlaekrybetqgpbjphfxefs/SourcePackages/checkouts/GoogleUtilities/GoogleUtilities/Reachability/Public -Xcc -I/Users/aaronkeen/Library/Developer/Xcode/DerivedData/NutraSafeBeta-awyabywlaekrybetqgpbjphfxefs/SourcePackages/checkouts/GoogleUtilities/GoogleUtilities/AppDelegateSwizzler/Public -Xcc -I/Users/aaronkeen/Library/Developer/Xcode/DerivedData/NutraSafeBeta-awyabywlaekrybetqgpbjphfxefs/SourcePackages/checkouts/gtm-session-fetcher/Sources/Core/Public -Xcc -I/Users/aaronkeen/Library/Developer/Xcode/DerivedData/NutraSafeBeta-awyabywlaekrybetqgpbjphfxefs/SourcePackages/checkouts/firebase-ios-sdk/FirebaseAuth/Sources/Public -Xcc -I/Users/aaronkeen/Library/Developer/Xcode/DerivedData/NutraSafeBeta-awyabywlaekrybetqgpbjphfxefs/SourcePackages/checkouts/firebase-ios-sdk/FirebaseAuth/Interop/Public -Xcc -I/Users/aaronkeen/Library/Developer/Xcode/DerivedData/NutraSafeBeta-awyabywlaekrybetqgpbjphfxefs/SourcePackages/checkouts/GoogleUtilities/GoogleUtilities/NSData+zlib/Public -Xcc -I/Users/aaronkeen/Library/Developer/Xcode/DerivedData/NutraSafeBeta-awyabywlaekrybetqgpbjphfxefs/SourcePackages/checkouts/GoogleUtilities/GoogleUtilities/Environment/Public -Xcc -I/Users/aaronkeen/Library/Developer/Xcode/DerivedData/NutraSafeBeta-awyabywlaekrybetqgpbjphfxefs/SourcePackages/checkouts/GoogleUtilities/third_party/IsAppEncrypted/Public -Xcc -I/Users/aaronkeen/Library/Developer/Xcode/DerivedData/NutraSafeBeta-awyabywlaekrybetqgpbjphfxefs/SourcePackages/checkouts/GoogleUtilities/GoogleUtilities/Logger/Public -Xcc -I/Users/aaronkeen/Library/Developer/Xcode/DerivedData/NutraSafeBeta-awyabywlaekrybetqgpbjphfxefs/SourcePackages/checkouts/abseil-cpp-binary/absl-Wrapper/include -Xcc -I/Users/aaronkeen/Library/Developer/Xcode/DerivedData/NutraSafeBeta-awyabywlaekrybetqgpbjphfxefs/SourcePackages/checkouts/grpc-binary/openssl-grpc-Wrapper/include -Xcc -I/Users/aaronkeen/Library/Developer/Xcode/DerivedData/NutraSafeBeta-awyabywlaekrybetqgpbjphfxefs/SourcePackages/checkouts/grpc-binary/grpc-Wrapper/include -Xcc -I/Users/aaronkeen/Library/Developer/Xcode/DerivedData/NutraSafeBeta-awyabywlaekrybetqgpbjphfxefs/SourcePackages/checkouts/grpc-binary/grpcpp-Wrapper/include -Xcc -I/Users/aaronkeen/Library/Developer/Xcode/DerivedData/NutraSafeBeta-awyabywlaekrybetqgpbjphfxefs/SourcePackages/checkouts/nanopb/spm_headers -Xcc -I/Users/aaronkeen/Library/Developer/Xcode/DerivedData/NutraSafeBeta-awyabywlaekrybetqgpbjphfxefs/SourcePackages/checkouts/leveldb/include -Xcc -I/Users/aaronkeen/Library/Developer/Xcode/DerivedData/NutraSafeBeta-awyabywlaekrybetqgpbjphfxefs/SourcePackages/checkouts/firebase-ios-sdk/FirebaseCore/Extension -Xcc -I/Users/aaronkeen/Library/Developer/Xcode/DerivedData/NutraSafeBeta-awyabywlaekrybetqgpbjphfxefs/SourcePackages/checkouts/firebase-ios-sdk/FirebaseCore/Sources/Public -Xcc -I/Users/aaronkeen/Library/Developer/Xcode/DerivedData/NutraSafeBeta-awyabywlaekrybetqgpbjphfxefs/SourcePackages/checkouts/firebase-ios-sdk/CoreOnly/Sources -Xcc -I/Users/aaronkeen/Library/Developer/Xcode/DerivedData/NutraSafeBeta-awyabywlaekrybetqgpbjphfxefs/SourcePackages/checkouts/firebase-ios-sdk/FirebaseAppCheck/Interop/Public -Xcc -I/Users/aaronkeen/Library/Developer/Xcode/DerivedData/NutraSafeBeta-awyabywlaekrybetqgpbjphfxefs/SourcePackages/checkouts/firebase-ios-sdk/FirebaseFirestoreInternal -Xcc -I/Users/aaronkeen/Library/Developer/Xcode/DerivedData/NutraSafeBeta-awyabywlaekrybetqgpbjphfxefs/SourcePackages/checkouts/firebase-ios-sdk/SwiftPM-PlatformExclude/FirebaseFirestoreWrap/include -Xcc -I/Users/aaronkeen/Library/Developer/Xcode/DerivedData/NutraSafeBeta-awyabywlaekrybetqgpbjphfxefs/Build/Products/Debug-iphonesimulator/include -Xcc -I/Users/aaronkeen/Library/Developer/Xcode/DerivedData/NutraSafeBeta-awyabywlaekrybetqgpbjphfxefs/Build/Intermediates.noindex/NutraSafeBeta.build/Debug-iphonesimulator/NutraSafe\ Beta.build/DerivedSources-normal/arm64 -Xcc -I/Users/aaronkeen/Library/Developer/Xcode/DerivedData/NutraSafeBeta-awyabywlaekrybetqgpbjphfxefs/Build/Intermediates.noindex/NutraSafeBeta.build/Debug-iphonesimulator/NutraSafe\ Beta.build/DerivedSources/arm64 -Xcc -I/Users/aaronkeen/Library/Developer/Xcode/DerivedData/NutraSafeBeta-awyabywlaekrybetqgpbjphfxefs/Build/Intermediates.noindex/NutraSafeBeta.build/Debug-iphonesimulator/NutraSafe\ Beta.build/DerivedSources -Xcc -DDEBUG\=1 -emit-objc-header -emit-objc-header-path /Users/aaronkeen/Library/Developer/Xcode/DerivedData/NutraSafeBeta-awyabywlaekrybetqgpbjphfxefs/Build/Intermediates.noindex/NutraSafeBeta.build/Debug-iphonesimulator/NutraSafe\ Beta.build/Objects-normal/arm64/NutraSafe_Beta-Swift.h -working-directory /Users/aaronkeen/Documents/My\ Apps/NutraSafe\ Beta -experimental-emit-module-separately -disable-cmo

Ld /Users/aaronkeen/Library/Developer/Xcode/DerivedData/NutraSafeBeta-awyabywlaekrybetqgpbjphfxefs/Build/Products/Debug-iphonesimulator/GoogleUtilities-Reachability.o normal (in target 'GoogleUtilities-Reachability' from project 'GoogleUtilities')
    cd /Users/aaronkeen/Library/Developer/Xcode/DerivedData/NutraSafeBeta-awyabywlaekrybetqgpbjphfxefs/SourcePackages/checkouts/GoogleUtilities
    /Applications/Xcode.app/Contents/Developer/Toolchains/XcodeDefault.xctoolchain/usr/bin/clang -Xlinker -reproducible -target arm64-apple-ios12.0-simulator -r -isysroot /Applications/Xcode.app/Contents/Developer/Platforms/iPhoneSimulator.platform/Developer/SDKs/iPhoneSimulator18.5.sdk -O0 -w -L/Users/aaronkeen/Library/Developer/Xcode/DerivedData/NutraSafeBeta-awyabywlaekrybetqgpbjphfxefs/Build/Intermediates.noindex/EagerLinkingTBDs/Debug-iphonesimulator -L/Users/aaronkeen/Library/Developer/Xcode/DerivedData/NutraSafeBeta-awyabywlaekrybetqgpbjphfxefs/Build/Products/Debug-iphonesimulator -L/Applications/Xcode.app/Contents/Developer/Platforms/iPhoneSimulator.platform/Developer/usr/lib -F/Users/aaronkeen/Library/Developer/Xcode/DerivedData/NutraSafeBeta-awyabywlaekrybetqgpbjphfxefs/Build/Intermediates.noindex/EagerLinkingTBDs/Debug-iphonesimulator -F/Users/aaronkeen/Library/Developer/Xcode/DerivedData/NutraSafeBeta-awyabywlaekrybetqgpbjphfxefs/Build/Products/Debug-iphonesimulator/PackageFrameworks -F/Users/aaronkeen/Library/Developer/Xcode/DerivedData/NutraSafeBeta-awyabywlaekrybetqgpbjphfxefs/Build/Products/Debug-iphonesimulator/PackageFrameworks -F/Users/aaronkeen/Library/Developer/Xcode/DerivedData/NutraSafeBeta-awyabywlaekrybetqgpbjphfxefs/Build/Products/Debug-iphonesimulator/PackageFrameworks -F/Users/aaronkeen/Library/Developer/Xcode/DerivedData/NutraSafeBeta-awyabywlaekrybetqgpbjphfxefs/Build/Products/Debug-iphonesimulator -iframework /Applications/Xcode.app/Contents/Developer/Platforms/iPhoneSimulator.platform/Developer/Library/Frameworks -iframework /Applications/Xcode.app/Contents/Developer/Platforms/iPhoneSimulator.platform/Developer/SDKs/iPhoneSimulator18.5.sdk/Developer/Library/Frameworks -filelist /Users/aaronkeen/Library/Developer/Xcode/DerivedData/NutraSafeBeta-awyabywlaekrybetqgpbjphfxefs/Build/Intermediates.noindex/GoogleUtilities.build/Debug-iphonesimulator/GoogleUtilities-Reachability.build/Objects-normal/arm64/GoogleUtilities-Reachability.LinkFileList -nostdlib -Xlinker -object_path_lto -Xlinker /Users/aaronkeen/Library/Developer/Xcode/DerivedData/NutraSafeBeta-awyabywlaekrybetqgpbjphfxefs/Build/Intermediates.noindex/GoogleUtilities.build/Debug-iphonesimulator/GoogleUtilities-Reachability.build/Objects-normal/arm64/GoogleUtilities-Reachability_lto.o -rdynamic -Xlinker -no_deduplicate -Xlinker -objc_abi_version -Xlinker 2 -Xlinker -dependency_info -Xlinker /Users/aaronkeen/Library/Developer/Xcode/DerivedData/NutraSafeBeta-awyabywlaekrybetqgpbjphfxefs/Build/Intermediates.noindex/GoogleUtilities.build/Debug-iphonesimulator/GoogleUtilities-Reachability.build/Objects-normal/arm64/GoogleUtilities-Reachability_dependency_info.dat -fobjc-arc -fobjc-link-runtime -o /Users/aaronkeen/Library/Developer/Xcode/DerivedData/NutraSafeBeta-awyabywlaekrybetqgpbjphfxefs/Build/Products/Debug-iphonesimulator/GoogleUtilities-Reachability.o

SwiftDriverJobDiscovery normal arm64 Compiling TimestampEncodingStrategy.swift, Transaction+WriteEncodable.swift (in target 'FirebaseFirestore' from project 'Firebase')

PrecompileModule /Users/aaronkeen/Library/Developer/Xcode/DerivedData/NutraSafeBeta-awyabywlaekrybetqgpbjphfxefs/Build/Intermediates.noindex/ExplicitPrecompiledModules/QuartzCore-8UDONA6CIF2JESTITJZXLHSIK.scan
    cd /Users/aaronkeen/Documents/My\ Apps/NutraSafe\ Beta/NutraSafeBeta.xcodeproj
    builtin-precompileModule /Users/aaronkeen/Library/Developer/Xcode/DerivedData/NutraSafeBeta-awyabywlaekrybetqgpbjphfxefs/Build/Intermediates.noindex/ExplicitPrecompiledModules/QuartzCore-8UDONA6CIF2JESTITJZXLHSIK.scan

PrecompileModule /Users/aaronkeen/Library/Developer/Xcode/DerivedData/NutraSafeBeta-awyabywlaekrybetqgpbjphfxefs/Build/Intermediates.noindex/ExplicitPrecompiledModules/CoreImage-KLBN4QYKI6DH3WJL5TK0N2SK.scan
    cd /Users/aaronkeen/Documents/My\ Apps/NutraSafe\ Beta/NutraSafeBeta.xcodeproj
    builtin-precompileModule /Users/aaronkeen/Library/Developer/Xcode/DerivedData/NutraSafeBeta-awyabywlaekrybetqgpbjphfxefs/Build/Intermediates.noindex/ExplicitPrecompiledModules/CoreImage-KLBN4QYKI6DH3WJL5TK0N2SK.scan

SwiftDriverJobDiscovery normal arm64 Compiling QueryPredicate.swift, FieldValue+Swift.swift (in target 'FirebaseFirestore' from project 'Firebase')

SwiftCompile normal arm64 Compiling\ ContentView.swift,\ DiaryFoodView.swift,\ NutraSafeBetaApp.swift,\ FirebaseManager.swift /Users/aaronkeen/Documents/My\ Apps/NutraSafe\ Beta/NutraSafe\ Beta/ContentView.swift /Users/aaronkeen/Documents/My\ Apps/NutraSafe\ Beta/NutraSafe\ Beta/DiaryFoodView.swift /Users/aaronkeen/Documents/My\ Apps/NutraSafe\ Beta/NutraSafe\ Beta/NutraSafeBetaApp.swift /Users/aaronkeen/Documents/My\ Apps/NutraSafe\ Beta/NutraSafe\ Beta/FirebaseManager.swift (in target 'NutraSafe Beta' from project 'NutraSafeBeta')
SwiftCompile normal arm64 /Users/aaronkeen/Documents/My\ Apps/NutraSafe\ Beta/NutraSafe\ Beta/ContentView.swift (in target 'NutraSafe Beta' from project 'NutraSafeBeta')
    cd /Users/aaronkeen/Documents/My\ Apps/NutraSafe\ Beta
    

SwiftCompile normal arm64 /Users/aaronkeen/Documents/My\ Apps/NutraSafe\ Beta/NutraSafe\ Beta/DiaryFoodView.swift (in target 'NutraSafe Beta' from project 'NutraSafeBeta')
    cd /Users/aaronkeen/Documents/My\ Apps/NutraSafe\ Beta
    

SwiftCompile normal arm64 /Users/aaronkeen/Documents/My\ Apps/NutraSafe\ Beta/NutraSafe\ Beta/NutraSafeBetaApp.swift (in target 'NutraSafe Beta' from project 'NutraSafeBeta')
    cd /Users/aaronkeen/Documents/My\ Apps/NutraSafe\ Beta
    

SwiftCompile normal arm64 /Users/aaronkeen/Documents/My\ Apps/NutraSafe\ Beta/NutraSafe\ Beta/FirebaseManager.swift (in target 'NutraSafe Beta' from project 'NutraSafeBeta')
    cd /Users/aaronkeen/Documents/My\ Apps/NutraSafe\ Beta
    

SwiftCompile normal arm64 Compiling\ FoodDetailViewFromSearch.swift,\ ExerciseDetailViews.swift,\ ExerciseHistoryViews.swift,\ ExerciseSelectionViews.swift /Users/aaronkeen/Documents/My\ Apps/NutraSafe\ Beta/NutraSafe\ Beta/Views/Food/FoodDetailViewFromSearch.swift /Users/aaronkeen/Documents/My\ Apps/NutraSafe\ Beta/NutraSafe\ Beta/Views/Exercise/ExerciseDetailViews.swift /Users/aaronkeen/Documents/My\ Apps/NutraSafe\ Beta/NutraSafe\ Beta/Views/Exercise/ExerciseHistoryViews.swift /Users/aaronkeen/Documents/My\ Apps/NutraSafe\ Beta/NutraSafe\ Beta/Views/Exercise/ExerciseSelectionViews.swift (in target 'NutraSafe Beta' from project 'NutraSafeBeta')
SwiftCompile normal arm64 /Users/aaronkeen/Documents/My\ Apps/NutraSafe\ Beta/NutraSafe\ Beta/Views/Food/FoodDetailViewFromSearch.swift (in target 'NutraSafe Beta' from project 'NutraSafeBeta')
    cd /Users/aaronkeen/Documents/My\ Apps/NutraSafe\ Beta
    

SwiftCompile normal arm64 /Users/aaronkeen/Documents/My\ Apps/NutraSafe\ Beta/NutraSafe\ Beta/Views/Exercise/ExerciseDetailViews.swift (in target 'NutraSafe Beta' from project 'NutraSafeBeta')
    cd /Users/aaronkeen/Documents/My\ Apps/NutraSafe\ Beta
    

SwiftCompile normal arm64 /Users/aaronkeen/Documents/My\ Apps/NutraSafe\ Beta/NutraSafe\ Beta/Views/Exercise/ExerciseHistoryViews.swift (in target 'NutraSafe Beta' from project 'NutraSafeBeta')
    cd /Users/aaronkeen/Documents/My\ Apps/NutraSafe\ Beta
    

SwiftCompile normal arm64 /Users/aaronkeen/Documents/My\ Apps/NutraSafe\ Beta/NutraSafe\ Beta/Views/Exercise/ExerciseSelectionViews.swift (in target 'NutraSafe Beta' from project 'NutraSafeBeta')
    cd /Users/aaronkeen/Documents/My\ Apps/NutraSafe\ Beta
    

SwiftCompile normal arm64 Compiling\ HealthKitManager.swift,\ LiveTextScannerService.swift,\ LiveIngredientScannerView.swift,\ TestLiveScannerView.swift /Users/aaronkeen/Documents/My\ Apps/NutraSafe\ Beta/NutraSafe\ Beta/HealthKitManager.swift /Users/aaronkeen/Documents/My\ Apps/NutraSafe\ Beta/NutraSafe\ Beta/LiveTextScannerService.swift /Users/aaronkeen/Documents/My\ Apps/NutraSafe\ Beta/NutraSafe\ Beta/LiveIngredientScannerView.swift /Users/aaronkeen/Documents/My\ Apps/NutraSafe\ Beta/NutraSafe\ Beta/TestLiveScannerView.swift (in target 'NutraSafe Beta' from project 'NutraSafeBeta')

SwiftCompile normal arm64 /Users/aaronkeen/Documents/My\ Apps/NutraSafe\ Beta/NutraSafe\ Beta/HealthKitManager.swift (in target 'NutraSafe Beta' from project 'NutraSafeBeta')
    cd /Users/aaronkeen/Documents/My\ Apps/NutraSafe\ Beta
    

SwiftCompile normal arm64 /Users/aaronkeen/Documents/My\ Apps/NutraSafe\ Beta/NutraSafe\ Beta/LiveTextScannerService.swift (in target 'NutraSafe Beta' from project 'NutraSafeBeta')
    cd /Users/aaronkeen/Documents/My\ Apps/NutraSafe\ Beta
    

SwiftCompile normal arm64 /Users/aaronkeen/Documents/My\ Apps/NutraSafe\ Beta/NutraSafe\ Beta/LiveIngredientScannerView.swift (in target 'NutraSafe Beta' from project 'NutraSafeBeta')
    cd /Users/aaronkeen/Documents/My\ Apps/NutraSafe\ Beta
    

SwiftCompile normal arm64 /Users/aaronkeen/Documents/My\ Apps/NutraSafe\ Beta/NutraSafe\ Beta/TestLiveScannerView.swift (in target 'NutraSafe Beta' from project 'NutraSafeBeta')
    cd /Users/aaronkeen/Documents/My\ Apps/NutraSafe\ Beta
    

Ld /Users/aaronkeen/Library/Developer/Xcode/DerivedData/NutraSafeBeta-awyabywlaekrybetqgpbjphfxefs/Build/Products/Debug-iphonesimulator/grpcppWrapper.o normal (in target 'grpcppWrapper' from project 'gRPC')
    cd /Users/aaronkeen/Library/Developer/Xcode/DerivedData/NutraSafeBeta-awyabywlaekrybetqgpbjphfxefs/SourcePackages/checkouts/grpc-binary
    /Applications/Xcode.app/Contents/Developer/Toolchains/XcodeDefault.xctoolchain/usr/bin/clang -Xlinker -reproducible -target arm64-apple-ios12.0-simulator -r -isysroot /Applications/Xcode.app/Contents/Developer/Platforms/iPhoneSimulator.platform/Developer/SDKs/iPhoneSimulator18.5.sdk -O0 -w -L/Users/aaronkeen/Library/Developer/Xcode/DerivedData/NutraSafeBeta-awyabywlaekrybetqgpbjphfxefs/Build/Intermediates.noindex/EagerLinkingTBDs/Debug-iphonesimulator -L/Users/aaronkeen/Library/Developer/Xcode/DerivedData/NutraSafeBeta-awyabywlaekrybetqgpbjphfxefs/Build/Products/Debug-iphonesimulator -L/Applications/Xcode.app/Contents/Developer/Platforms/iPhoneSimulator.platform/Developer/usr/lib -F/Users/aaronkeen/Library/Developer/Xcode/DerivedData/NutraSafeBeta-awyabywlaekrybetqgpbjphfxefs/Build/Intermediates.noindex/EagerLinkingTBDs/Debug-iphonesimulator -F/Users/aaronkeen/Library/Developer/Xcode/DerivedData/NutraSafeBeta-awyabywlaekrybetqgpbjphfxefs/Build/Products/Debug-iphonesimulator/PackageFrameworks -F/Users/aaronkeen/Library/Developer/Xcode/DerivedData/NutraSafeBeta-awyabywlaekrybetqgpbjphfxefs/Build/Products/Debug-iphonesimulator/PackageFrameworks -F/Users/aaronkeen/Library/Developer/Xcode/DerivedData/NutraSafeBeta-awyabywlaekrybetqgpbjphfxefs/Build/Products/Debug-iphonesimulator/PackageFrameworks -F/Users/aaronkeen/Library/Developer/Xcode/DerivedData/NutraSafeBeta-awyabywlaekrybetqgpbjphfxefs/Build/Products/Debug-iphonesimulator -iframework /Applications/Xcode.app/Contents/Developer/Platforms/iPhoneSimulator.platform/Developer/Library/Frameworks -iframework /Applications/Xcode.app/Contents/Developer/Platforms/iPhoneSimulator.platform/Developer/SDKs/iPhoneSimulator18.5.sdk/Developer/Library/Frameworks -filelist /Users/aaronkeen/Library/Developer/Xcode/DerivedData/NutraSafeBeta-awyabywlaekrybetqgpbjphfxefs/Build/Intermediates.noindex/gRPC.build/Debug-iphonesimulator/grpcppWrapper.build/Objects-normal/arm64/grpcppWrapper.LinkFileList -nostdlib -Xlinker -object_path_lto -Xlinker /Users/aaronkeen/Library/Developer/Xcode/DerivedData/NutraSafeBeta-awyabywlaekrybetqgpbjphfxefs/Build/Intermediates.noindex/gRPC.build/Debug-iphonesimulator/grpcppWrapper.build/Objects-normal/arm64/grpcppWrapper_lto.o -rdynamic -Xlinker -no_deduplicate -Xlinker -objc_abi_version -Xlinker 2 -Xlinker -dependency_info -Xlinker /Users/aaronkeen/Library/Developer/Xcode/DerivedData/NutraSafeBeta-awyabywlaekrybetqgpbjphfxefs/Build/Intermediates.noindex/gRPC.build/Debug-iphonesimulator/grpcppWrapper.build/Objects-normal/arm64/grpcppWrapper_dependency_info.dat -fobjc-arc -fobjc-link-runtime -o /Users/aaronkeen/Library/Developer/Xcode/DerivedData/NutraSafeBeta-awyabywlaekrybetqgpbjphfxefs/Build/Products/Debug-iphonesimulator/grpcppWrapper.o

SwiftEmitModule normal arm64 Emitting\ module\ for\ NutraSafe_Beta (in target 'NutraSafe Beta' from project 'NutraSafeBeta')
EmitSwiftModule normal arm64 (in target 'NutraSafe Beta' from project 'NutraSafeBeta')
    cd /Users/aaronkeen/Documents/My\ Apps/NutraSafe\ Beta
    

PrecompileModule /Users/aaronkeen/Library/Developer/Xcode/DerivedData/NutraSafeBeta-awyabywlaekrybetqgpbjphfxefs/Build/Intermediates.noindex/ExplicitPrecompiledModules/UIKit-5M22P6V1X6OR0JPJ5MWY1JOSV.scan
    cd /Users/aaronkeen/Documents/My\ Apps/NutraSafe\ Beta/NutraSafeBeta.xcodeproj
    builtin-precompileModule /Users/aaronkeen/Library/Developer/Xcode/DerivedData/NutraSafeBeta-awyabywlaekrybetqgpbjphfxefs/Build/Intermediates.noindex/ExplicitPrecompiledModules/UIKit-5M22P6V1X6OR0JPJ5MWY1JOSV.scan

SwiftDriverJobDiscovery normal arm64 Compiling DocumentSnapshot+ReadDecodable.swift, EncoderDecoder.swift (in target 'FirebaseFirestore' from project 'Firebase')

SwiftCompile normal arm64 Compiling\ FoodTabViews.swift,\ ProfessionalSummaryViews.swift,\ KitchenTabViews.swift,\ WorkoutNavigationOverlays.swift /Users/aaronkeen/Documents/My\ Apps/NutraSafe\ Beta/NutraSafe\ Beta/Views/Food/FoodTabViews.swift /Users/aaronkeen/Documents/My\ Apps/NutraSafe\ Beta/NutraSafe\ Beta/Views/Diary/ProfessionalSummaryViews.swift /Users/aaronkeen/Documents/My\ Apps/NutraSafe\ Beta/NutraSafe\ Beta/Views/Kitchen/KitchenTabViews.swift /Users/aaronkeen/Documents/My\ Apps/NutraSafe\ Beta/NutraSafe\ Beta/Views/Exercise/WorkoutNavigationOverlays.swift (in target 'NutraSafe Beta' from project 'NutraSafeBeta')

SwiftCompile normal arm64 /Users/aaronkeen/Documents/My\ Apps/NutraSafe\ Beta/NutraSafe\ Beta/Views/Food/FoodTabViews.swift (in target 'NutraSafe Beta' from project 'NutraSafeBeta')
    cd /Users/aaronkeen/Documents/My\ Apps/NutraSafe\ Beta
    

SwiftCompile normal arm64 /Users/aaronkeen/Documents/My\ Apps/NutraSafe\ Beta/NutraSafe\ Beta/Views/Diary/ProfessionalSummaryViews.swift (in target 'NutraSafe Beta' from project 'NutraSafeBeta')
    cd /Users/aaronkeen/Documents/My\ Apps/NutraSafe\ Beta
    

SwiftCompile normal arm64 /Users/aaronkeen/Documents/My\ Apps/NutraSafe\ Beta/NutraSafe\ Beta/Views/Kitchen/KitchenTabViews.swift (in target 'NutraSafe Beta' from project 'NutraSafeBeta')
    cd /Users/aaronkeen/Documents/My\ Apps/NutraSafe\ Beta
    

SwiftCompile normal arm64 /Users/aaronkeen/Documents/My\ Apps/NutraSafe\ Beta/NutraSafe\ Beta/Views/Exercise/WorkoutNavigationOverlays.swift (in target 'NutraSafe Beta' from project 'NutraSafeBeta')
    cd /Users/aaronkeen/Documents/My\ Apps/NutraSafe\ Beta
    

SwiftCompile normal arm64 Compiling\ NewWorkoutCreationView.swift,\ WeightTrainingView.swift,\ WorkoutMainView.swift,\ WorkoutTemplatesView.swift /Users/aaronkeen/Documents/My\ Apps/NutraSafe\ Beta/NutraSafe\ Beta/Views/Exercise/NewWorkoutCreationView.swift /Users/aaronkeen/Documents/My\ Apps/NutraSafe\ Beta/NutraSafe\ Beta/Views/Exercise/WeightTrainingView.swift /Users/aaronkeen/Documents/My\ Apps/NutraSafe\ Beta/NutraSafe\ Beta/Views/Exercise/WorkoutMainView.swift /Users/aaronkeen/Documents/My\ Apps/NutraSafe\ Beta/NutraSafe\ Beta/Views/Exercise/WorkoutTemplatesView.swift (in target 'NutraSafe Beta' from project 'NutraSafeBeta')

SwiftCompile normal arm64 /Users/aaronkeen/Documents/My\ Apps/NutraSafe\ Beta/NutraSafe\ Beta/Views/Exercise/NewWorkoutCreationView.swift (in target 'NutraSafe Beta' from project 'NutraSafeBeta')
    cd /Users/aaronkeen/Documents/My\ Apps/NutraSafe\ Beta
    

SwiftCompile normal arm64 /Users/aaronkeen/Documents/My\ Apps/NutraSafe\ Beta/NutraSafe\ Beta/Views/Exercise/WeightTrainingView.swift (in target 'NutraSafe Beta' from project 'NutraSafeBeta')
    cd /Users/aaronkeen/Documents/My\ Apps/NutraSafe\ Beta
    

SwiftCompile normal arm64 /Users/aaronkeen/Documents/My\ Apps/NutraSafe\ Beta/NutraSafe\ Beta/Views/Exercise/WorkoutMainView.swift (in target 'NutraSafe Beta' from project 'NutraSafeBeta')
    cd /Users/aaronkeen/Documents/My\ Apps/NutraSafe\ Beta
    

SwiftCompile normal arm64 /Users/aaronkeen/Documents/My\ Apps/NutraSafe\ Beta/NutraSafe\ Beta/Views/Exercise/WorkoutTemplatesView.swift (in target 'NutraSafe Beta' from project 'NutraSafeBeta')
    cd /Users/aaronkeen/Documents/My\ Apps/NutraSafe\ Beta
    

SwiftDriverJobDiscovery normal arm64 Compiling VectorValue+Codable.swift, WriteBatch+WriteEncodable.swift (in target 'FirebaseFirestore' from project 'Firebase')

SwiftCompile normal arm64 Compiling\ ActionButtons.swift,\ MacroViews.swift,\ CustomTabBar.swift /Users/aaronkeen/Documents/My\ Apps/NutraSafe\ Beta/NutraSafe\ Beta/Views/Components/ActionButtons.swift /Users/aaronkeen/Documents/My\ Apps/NutraSafe\ Beta/NutraSafe\ Beta/Views/Components/MacroViews.swift /Users/aaronkeen/Documents/My\ Apps/NutraSafe\ Beta/NutraSafe\ Beta/Views/Components/CustomTabBar.swift (in target 'NutraSafe Beta' from project 'NutraSafeBeta')
Failed frontend command:
/Applications/Xcode.app/Contents/Developer/Toolchains/XcodeDefault.xctoolchain/usr/bin/swift-frontend -frontend -c /Users/aaronkeen/Documents/My\ Apps/NutraSafe\ Beta/NutraSafe\ Beta/ContentView.swift /Users/aaronkeen/Documents/My\ Apps/NutraSafe\ Beta/NutraSafe\ Beta/DiaryFoodView.swift /Users/aaronkeen/Documents/My\ Apps/NutraSafe\ Beta/NutraSafe\ Beta/NutraSafeBetaApp.swift /Users/aaronkeen/Documents/My\ Apps/NutraSafe\ Beta/NutraSafe\ Beta/FirebaseManager.swift /Users/aaronkeen/Documents/My\ Apps/NutraSafe\ Beta/NutraSafe\ Beta/HealthKitManager.swift /Users/aaronkeen/Documents/My\ Apps/NutraSafe\ Beta/NutraSafe\ Beta/LiveTextScannerService.swift /Users/aaronkeen/Documents/My\ Apps/NutraSafe\ Beta/NutraSafe\ Beta/LiveIngredientScannerView.swift /Users/aaronkeen/Documents/My\ Apps/NutraSafe\ Beta/NutraSafe\ Beta/TestLiveScannerView.swift /Users/aaronkeen/Documents/My\ Apps/NutraSafe\ Beta/NutraSafe\ Beta/Views/Food/FoodDetailViewFromSearch.swift /Users/aaronkeen/Documents/My\ Apps/NutraSafe\ Beta/NutraSafe\ Beta/Views/Exercise/ExerciseDetailViews.swift /Users/aaronkeen/Documents/My\ Apps/NutraSafe\ Beta/NutraSafe\ Beta/Views/Exercise/ExerciseHistoryViews.swift /Users/aaronkeen/Documents/My\ Apps/NutraSafe\ Beta/NutraSafe\ Beta/Views/Exercise/ExerciseSelectionViews.swift /Users/aaronkeen/Documents/My\ Apps/NutraSafe\ Beta/NutraSafe\ Beta/Views/Exercise/NewWorkoutCreationView.swift /Users/aaronkeen/Documents/My\ Apps/NutraSafe\ Beta/NutraSafe\ Beta/Views/Exercise/WeightTrainingView.swift /Users/aaronkeen/Documents/My\ Apps/NutraSafe\ Beta/NutraSafe\ Beta/Views/Exercise/WorkoutMainView.swift /Users/aaronkeen/Documents/My\ Apps/NutraSafe\ Beta/NutraSafe\ Beta/Views/Exercise/WorkoutTemplatesView.swift /Users/aaronkeen/Documents/My\ Apps/NutraSafe\ Beta/NutraSafe\ Beta/Views/Food/FoodSearchViews.swift /Users/aaronkeen/Documents/My\ Apps/NutraSafe\ Beta/NutraSafe\ Beta/Views/Food/FoodManagementViews.swift /Users/aaronkeen/Documents/My\ Apps/NutraSafe\ Beta/NutraSafe\ Beta/Views/Fasting/FastingTimerView.swift /Users/aaronkeen/Documents/My\ Apps/NutraSafe\ Beta/NutraSafe\ Beta/Views/Food/AddFoodAIView.swift /Users/aaronkeen/Documents/My\ Apps/NutraSafe\ Beta/NutraSafe\ Beta/Views/Diary/DiaryHydrationView.swift /Users/aaronkeen/Documents/My\ Apps/NutraSafe\ Beta/NutraSafe\ Beta/Views/Diary/DiaryDailySummaryCard.swift /Users/aaronkeen/Documents/My\ Apps/NutraSafe\ Beta/NutraSafe\ Beta/Views/Food/AdditiveAnalysisViews.swift /Users/aaronkeen/Documents/My\ Apps/NutraSafe\ Beta/NutraSafe\ Beta/Views/Food/BarcodeScanningViews.swift /Users/aaronkeen/Documents/My\ Apps/NutraSafe\ Beta/NutraSafe\ Beta/Views/Food/FoodTabViews.swift /Users/aaronkeen/Documents/My\ Apps/NutraSafe\ Beta/NutraSafe\ Beta/Views/Diary/ProfessionalSummaryViews.swift /Users/aaronkeen/Documents/My\ Apps/NutraSafe\ Beta/NutraSafe\ Beta/Views/Kitchen/KitchenTabViews.swift /Users/aaronkeen/Documents/My\ Apps/NutraSafe\ Beta/NutraSafe\ Beta/Views/Exercise/WorkoutNavigationOverlays.swift /Users/aaronkeen/Documents/My\ Apps/NutraSafe\ Beta/NutraSafe\ Beta/Views/Diary/MicronutrientViews.swift /Users/aaronkeen/Documents/My\ Apps/NutraSafe\ Beta/NutraSafe\ Beta/Models/CoreModels.swift /Users/aaronkeen/Documents/My\ Apps/NutraSafe\ Beta/NutraSafe\ Beta/Models/ExerciseModels.swift /Users/aaronkeen/Documents/My\ Apps/NutraSafe\ Beta/NutraSafe\ Beta/Models/FoodSafetyModels.swift /Users/aaronkeen/Documents/My\ Apps/NutraSafe\ Beta/NutraSafe\ Beta/Models/NutritionModels.swift /Users/aaronkeen/Documents/My\ Apps/NutraSafe\ Beta/NutraSafe\ Beta/Models/ScoringModels.swift /Users/aaronkeen/Documents/My\ Apps/NutraSafe\ Beta/NutraSafe\ Beta/Models/HealthKitModels.swift /Users/aaronkeen/Documents/My\ Apps/NutraSafe\ Beta/NutraSafe\ Beta/Models/UserModels.swift /Users/aaronkeen/Documents/My\ Apps/NutraSafe\ Beta/NutraSafe\ Beta/Models/SearchModels.swift /Users/aaronkeen/Documents/My\ Apps/NutraSafe\ Beta/NutraSafe\ Beta/Views/Diary/DiaryComponents.swift /Users/aaronkeen/Documents/My\ Apps/NutraSafe\ Beta/NutraSafe\ Beta/Views/Diary/DiaryExerciseComponents.swift /Users/aaronkeen/Documents/My\ Apps/NutraSafe\ Beta/NutraSafe\ Beta/Views/Components/NutritionScoreViews.swift -primary-file /Users/aaronkeen/Documents/My\ Apps/NutraSafe\ Beta/NutraSafe\ Beta/Views/Components/ActionButtons.swift -primary-file /Users/aaronkeen/Documents/My\ Apps/NutraSafe\ Beta/NutraSafe\ Beta/Views/Components/MacroViews.swift -primary-file /Users/aaronkeen/Documents/My\ Apps/NutraSafe\ Beta/NutraSafe\ Beta/Views/Components/CustomTabBar.swift /Users/aaronkeen/Documents/My\ Apps/NutraSafe\ Beta/NutraSafe\ Beta/Configuration/AppConfig.swift /Users/aaronkeen/Documents/My\ Apps/NutraSafe\ Beta/NutraSafe\ Beta/Views/DiaryTabView.swift /Users/aaronkeen/Documents/My\ Apps/NutraSafe\ Beta/NutraSafe\ Beta/Views/ExerciseTabView.swift /Users/aaronkeen/Documents/My\ Apps/NutraSafe\ Beta/NutraSafe\ Beta/Views/AddTabView.swift /Users/aaronkeen/Documents/My\ Apps/NutraSafe\ Beta/NutraSafe\ Beta/Views/Exercise/NewWorkoutView.swift /Users/aaronkeen/Library/Developer/Xcode/DerivedData/NutraSafeBeta-awyabywlaekrybetqgpbjphfxefs/Build/Intermediates.noindex/NutraSafeBeta.build/Debug-iphonesimulator/NutraSafe\ Beta.build/DerivedSources/GeneratedAssetSymbols.swift -supplementary-output-file-map /Users/aaronkeen/Library/Developer/Xcode/DerivedData/NutraSafeBeta-awyabywlaekrybetqgpbjphfxefs/Build/Intermediates.noindex/NutraSafeBeta.build/Debug-iphonesimulator/NutraSafe\ Beta.build/Objects-normal/arm64/supplementaryOutputs-40 -emit-localized-strings -emit-localized-strings-path /Users/aaronkeen/Library/Developer/Xcode/DerivedData/NutraSafeBeta-awyabywlaekrybetqgpbjphfxefs/Build/Intermediates.noindex/NutraSafeBeta.build/Debug-iphonesimulator/NutraSafe\ Beta.build/Objects-normal/arm64 -target arm64-apple-ios15.0-simulator -Xllvm -aarch64-use-tbi -enable-objc-interop -sdk /Applications/Xcode.app/Contents/Developer/Platforms/iPhoneSimulator.platform/Developer/SDKs/iPhoneSimulator18.5.sdk -I /Users/aaronkeen/Library/Developer/Xcode/DerivedData/NutraSafeBeta-awyabywlaekrybetqgpbjphfxefs/Build/Products/Debug-iphonesimulator -F /Users/aaronkeen/Library/Developer/Xcode/DerivedData/NutraSafeBeta-awyabywlaekrybetqgpbjphfxefs/Build/Products/Debug-iphonesimulator/PackageFrameworks -F /Users/aaronkeen/Library/Developer/Xcode/DerivedData/NutraSafeBeta-awyabywlaekrybetqgpbjphfxefs/Build/Products/Debug-iphonesimulator/PackageFrameworks -F /Users/aaronkeen/Library/Developer/Xcode/DerivedData/NutraSafeBeta-awyabywlaekrybetqgpbjphfxefs/Build/Products/Debug-iphonesimulator/PackageFrameworks -F /Users/aaronkeen/Library/Developer/Xcode/DerivedData/NutraSafeBeta-awyabywlaekrybetqgpbjphfxefs/Build/Products/Debug-iphonesimulator/PackageFrameworks -F /Users/aaronkeen/Library/Developer/Xcode/DerivedData/NutraSafeBeta-awyabywlaekrybetqgpbjphfxefs/Build/Products/Debug-iphonesimulator/PackageFrameworks -F /Users/aaronkeen/Library/Developer/Xcode/DerivedData/NutraSafeBeta-awyabywlaekrybetqgpbjphfxefs/Build/Products/Debug-iphonesimulator/PackageFrameworks -F /Users/aaronkeen/Library/Developer/Xcode/DerivedData/NutraSafeBeta-awyabywlaekrybetqgpbjphfxefs/Build/Products/Debug-iphonesimulator/PackageFrameworks -F /Users/aaronkeen/Library/Developer/Xcode/DerivedData/NutraSafeBeta-awyabywlaekrybetqgpbjphfxefs/Build/Products/Debug-iphonesimulator/PackageFrameworks -F /Users/aaronkeen/Library/Developer/Xcode/DerivedData/NutraSafeBeta-awyabywlaekrybetqgpbjphfxefs/Build/Products/Debug-iphonesimulator/PackageFrameworks -F /Users/aaronkeen/Library/Developer/Xcode/DerivedData/NutraSafeBeta-awyabywlaekrybetqgpbjphfxefs/Build/Products/Debug-iphonesimulator/PackageFrameworks -F /Users/aaronkeen/Library/Developer/Xcode/DerivedData/NutraSafeBeta-awyabywlaekrybetqgpbjphfxefs/Build/Products/Debug-iphonesimulator/PackageFrameworks -F /Users/aaronkeen/Library/Developer/Xcode/DerivedData/NutraSafeBeta-awyabywlaekrybetqgpbjphfxefs/Build/Products/Debug-iphonesimulator/PackageFrameworks -F /Users/aaronkeen/Library/Developer/Xcode/DerivedData/NutraSafeBeta-awyabywlaekrybetqgpbjphfxefs/Build/Products/Debug-iphonesimulator/PackageFrameworks -F /Users/aaronkeen/Library/Developer/Xcode/DerivedData/NutraSafeBeta-awyabywlaekrybetqgpbjphfxefs/Build/Products/Debug-iphonesimulator/PackageFrameworks -F /Users/aaronkeen/Library/Developer/Xcode/DerivedData/NutraSafeBeta-awyabywlaekrybetqgpbjphfxefs/Build/Products/Debug-iphonesimulator/PackageFrameworks -F /Users/aaronkeen/Library/Developer/Xcode/DerivedData/NutraSafeBeta-awyabywlaekrybetqgpbjphfxefs/Build/Products/Debug-iphonesimulator/PackageFrameworks -F /Users/aaronkeen/Library/Developer/Xcode/DerivedData/NutraSafeBeta-awyabywlaekrybetqgpbjphfxefs/Build/Products/Debug-iphonesimulator/PackageFrameworks -F /Users/aaronkeen/Library/Developer/Xcode/DerivedData/NutraSafeBeta-awyabywlaekrybetqgpbjphfxefs/Build/Products/Debug-iphonesimulator/PackageFrameworks -F /Users/aaronkeen/Library/Developer/Xcode/DerivedData/NutraSafeBeta-awyabywlaekrybetqgpbjphfxefs/Build/Products/Debug-iphonesimulator/PackageFrameworks -F /Users/aaronkeen/Library/Developer/Xcode/DerivedData/NutraSafeBeta-awyabywlaekrybetqgpbjphfxefs/Build/Products/Debug-iphonesimulator/PackageFrameworks -F /Users/aaronkeen/Library/Developer/Xcode/DerivedData/NutraSafeBeta-awyabywlaekrybetqgpbjphfxefs/Build/Products/Debug-iphonesimulator/PackageFrameworks -F /Users/aaronkeen/Library/Developer/Xcode/DerivedData/NutraSafeBeta-awyabywlaekrybetqgpbjphfxefs/Build/Products/Debug-iphonesimulator/PackageFrameworks -F /Users/aaronkeen/Library/Developer/Xcode/DerivedData/NutraSafeBeta-awyabywlaekrybetqgpbjphfxefs/Build/Products/Debug-iphonesimulator/PackageFrameworks -F /Users/aaronkeen/Library/Developer/Xcode/DerivedData/NutraSafeBeta-awyabywlaekrybetqgpbjphfxefs/Build/Products/Debug-iphonesimulator/PackageFrameworks -F /Users/aaronkeen/Library/Developer/Xcode/DerivedData/NutraSafeBeta-awyabywlaekrybetqgpbjphfxefs/Build/Products/Debug-iphonesimulator/PackageFrameworks -F /Users/aaronkeen/Library/Developer/Xcode/DerivedData/NutraSafeBeta-awyabywlaekrybetqgpbjphfxefs/Build/Products/Debug-iphonesimulator/PackageFrameworks -F /Users/aaronkeen/Library/Developer/Xcode/DerivedData/NutraSafeBeta-awyabywlaekrybetqgpbjphfxefs/Build/Products/Debug-iphonesimulator/PackageFrameworks -F /Users/aaronkeen/Library/Developer/Xcode/DerivedData/NutraSafeBeta-awyabywlaekrybetqgpbjphfxefs/Build/Products/Debug-iphonesimulator -no-color-diagnostics -enable-testing -g -debug-info-format\=dwarf -dwarf-version\=4 -module-cache-path /Users/aaronkeen/Library/Developer/Xcode/DerivedData/ModuleCache.noindex -swift-version 5 -enforce-exclusivity\=checked -Onone -D DEBUG -serialize-debugging-options -const-gather-protocols-file /Users/aaronkeen/Library/Developer/Xcode/DerivedData/NutraSafeBeta-awyabywlaekrybetqgpbjphfxefs/Build/Intermediates.noindex/NutraSafeBeta.build/Debug-iphonesimulator/NutraSafe\ Beta.build/Objects-normal/arm64/NutraSafe\ Beta_const_extract_protocols.json -enable-experimental-feature DebugDescriptionMacro -enable-bare-slash-regex -empty-abi-descriptor -validate-clang-modules-once -clang-build-session-file /Users/aaronkeen/Library/Developer/Xcode/DerivedData/ModuleCache.noindex/Session.modulevalidation -Xcc -working-directory -Xcc /Users/aaronkeen/Documents/My\ Apps/NutraSafe\ Beta -resource-dir /Applications/Xcode.app/Contents/Developer/Toolchains/XcodeDefault.xctoolchain/usr/lib/swift -enable-anonymous-context-mangled-names -file-compilation-dir /Users/aaronkeen/Documents/My\ Apps/NutraSafe\ Beta -Xcc -fmodule-map-file\=/Users/aaronkeen/Library/Developer/Xcode/DerivedData/NutraSafeBeta-awyabywlaekrybetqgpbjphfxefs/Build/Intermediates.noindex/GeneratedModuleMaps-iphonesimulator/RecaptchaInterop.modulemap -Xcc -fmodule-map-file\=/Users/aaronkeen/Library/Developer/Xcode/DerivedData/NutraSafeBeta-awyabywlaekrybetqgpbjphfxefs/Build/Intermediates.noindex/GeneratedModuleMaps-iphonesimulator/GoogleUtilities-Network.modulemap -Xcc -fmodule-map-file\=/Users/aaronkeen/Library/Developer/Xcode/DerivedData/NutraSafeBeta-awyabywlaekrybetqgpbjphfxefs/Build/Intermediates.noindex/GeneratedModuleMaps-iphonesimulator/GoogleUtilities-Reachability.modulemap -Xcc -fmodule-map-file\=/Users/aaronkeen/Library/Developer/Xcode/DerivedData/NutraSafeBeta-awyabywlaekrybetqgpbjphfxefs/Build/Intermediates.noindex/GeneratedModuleMaps-iphonesimulator/GoogleUtilities-AppDelegateSwizzler.modulemap -Xcc -fmodule-map-file\=/Users/aaronkeen/Library/Developer/Xcode/DerivedData/NutraSafeBeta-awyabywlaekrybetqgpbjphfxefs/Build/Intermediates.noindex/GeneratedModuleMaps-iphonesimulator/GTMSessionFetcherCore.modulemap -Xcc -fmodule-map-file\=/Users/aaronkeen/Library/Developer/Xcode/DerivedData/NutraSafeBeta-awyabywlaekrybetqgpbjphfxefs/Build/Intermediates.noindex/GeneratedModuleMaps-iphonesimulator/FirebaseAuthInternal.modulemap -Xcc -fmodule-map-file\=/Users/aaronkeen/Library/Developer/Xcode/DerivedData/NutraSafeBeta-awyabywlaekrybetqgpbjphfxefs/Build/Intermediates.noindex/GeneratedModuleMaps-iphonesimulator/FirebaseAuthInterop.modulemap -Xcc -fmodule-map-file\=/Users/aaronkeen/Library/Developer/Xcode/DerivedData/NutraSafeBeta-awyabywlaekrybetqgpbjphfxefs/Build/Intermediates.noindex/GeneratedModuleMaps-iphonesimulator/GoogleUtilities-NSData.modulemap -Xcc -fmodule-map-file\=/Users/aaronkeen/Library/Developer/Xcode/DerivedData/NutraSafeBeta-awyabywlaekrybetqgpbjphfxefs/Build/Intermediates.noindex/GeneratedModuleMaps-iphonesimulator/GoogleUtilities-Environment.modulemap -Xcc -fmodule-map-file\=/Users/aaronkeen/Library/Developer/Xcode/DerivedData/NutraSafeBeta-awyabywlaekrybetqgpbjphfxefs/Build/Intermediates.noindex/GeneratedModuleMaps-iphonesimulator/third-party-IsAppEncrypted.modulemap -Xcc -fmodule-map-file\=/Users/aaronkeen/Library/Developer/Xcode/DerivedData/NutraSafeBeta-awyabywlaekrybetqgpbjphfxefs/Build/Intermediates.noindex/GeneratedModuleMaps-iphonesimulator/GoogleUtilities-Logger.modulemap -Xcc -fmodule-map-file\=/Users/aaronkeen/Library/Developer/Xcode/DerivedData/NutraSafeBeta-awyabywlaekrybetqgpbjphfxefs/Build/Intermediates.noindex/GeneratedModuleMaps-iphonesimulator/abslWrapper.modulemap -Xcc -fmodule-map-file\=/Users/aaronkeen/Library/Developer/Xcode/DerivedData/NutraSafeBeta-awyabywlaekrybetqgpbjphfxefs/Build/Intermediates.noindex/GeneratedModuleMaps-iphonesimulator/opensslWrapper.modulemap -Xcc -fmodule-map-file\=/Users/aaronkeen/Library/Developer/Xcode/DerivedData/NutraSafeBeta-awyabywlaekrybetqgpbjphfxefs/Build/Intermediates.noindex/GeneratedModuleMaps-iphonesimulator/grpcWrapper.modulemap -Xcc -fmodule-map-file\=/Users/aaronkeen/Library/Developer/Xcode/DerivedData/NutraSafeBeta-awyabywlaekrybetqgpbjphfxefs/Build/Intermediates.noindex/GeneratedModuleMaps-iphonesimulator/grpcppWrapper.modulemap -Xcc -fmodule-map-file\=/Users/aaronkeen/Library/Developer/Xcode/DerivedData/NutraSafeBeta-awyabywlaekrybetqgpbjphfxefs/Build/Intermediates.noindex/GeneratedModuleMaps-iphonesimulator/nanopb.modulemap -Xcc -fmodule-map-file\=/Users/aaronkeen/Library/Developer/Xcode/DerivedData/NutraSafeBeta-awyabywlaekrybetqgpbjphfxefs/Build/Intermediates.noindex/GeneratedModuleMaps-iphonesimulator/leveldb.modulemap -Xcc -fmodule-map-file\=/Users/aaronkeen/Library/Developer/Xcode/DerivedData/NutraSafeBeta-awyabywlaekrybetqgpbjphfxefs/Build/Intermediates.noindex/GeneratedModuleMaps-iphonesimulator/FirebaseCoreExtension.modulemap -Xcc -fmodule-map-file\=/Users/aaronkeen/Library/Developer/Xcode/DerivedData/NutraSafeBeta-awyabywlaekrybetqgpbjphfxefs/Build/Intermediates.noindex/GeneratedModuleMaps-iphonesimulator/FirebaseCore.modulemap -Xcc -fmodule-map-file\=/Users/aaronkeen/Library/Developer/Xcode/DerivedData/NutraSafeBeta-awyabywlaekrybetqgpbjphfxefs/Build/Intermediates.noindex/GeneratedModuleMaps-iphonesimulator/FirebaseAppCheckInterop.modulemap -Xcc -fmodule-map-file\=/Users/aaronkeen/Library/Developer/Xcode/DerivedData/NutraSafeBeta-awyabywlaekrybetqgpbjphfxefs/Build/Intermediates.noindex/GeneratedModuleMaps-iphonesimulator/FirebaseFirestoreInternalWrapper.modulemap -Xcc -fmodule-map-file\=/Users/aaronkeen/Library/Developer/Xcode/DerivedData/NutraSafeBeta-awyabywlaekrybetqgpbjphfxefs/Build/Intermediates.noindex/GeneratedModuleMaps-iphonesimulator/FirebaseFirestoreTarget.modulemap -Xcc -ivfsstatcache -Xcc /Users/aaronkeen/Library/Developer/Xcode/DerivedData/SDKStatCaches.noindex/iphonesimulator18.5-22F76-d5fc8ad4295d2ef488fb7d0f804ce0c4.sdkstatcache -Xcc -I/Users/aaronkeen/Library/Developer/Xcode/DerivedData/NutraSafeBeta-awyabywlaekrybetqgpbjphfxefs/Build/Intermediates.noindex/NutraSafeBeta.build/Debug-iphonesimulator/NutraSafe\ Beta.build/swift-overrides.hmap -Xcc -iquote -Xcc /Users/aaronkeen/Library/Developer/Xcode/DerivedData/NutraSafeBeta-awyabywlaekrybetqgpbjphfxefs/Build/Intermediates.noindex/NutraSafeBeta.build/Debug-iphonesimulator/NutraSafe\ Beta.build/NutraSafe\ Beta-generated-files.hmap -Xcc -I/Users/aaronkeen/Library/Developer/Xcode/DerivedData/NutraSafeBeta-awyabywlaekrybetqgpbjphfxefs/Build/Intermediates.noindex/NutraSafeBeta.build/Debug-iphonesimulator/NutraSafe\ Beta.build/NutraSafe\ Beta-own-target-headers.hmap -Xcc -I/Users/aaronkeen/Library/Developer/Xcode/DerivedData/NutraSafeBeta-awyabywlaekrybetqgpbjphfxefs/Build/Intermediates.noindex/NutraSafeBeta.build/Debug-iphonesimulator/NutraSafe\ Beta.build/NutraSafe\ Beta-all-non-framework-target-headers.hmap -Xcc -ivfsoverlay -Xcc /Users/aaronkeen/Library/Developer/Xcode/DerivedData/NutraSafeBeta-awyabywlaekrybetqgpbjphfxefs/Build/Intermediates.noindex/NutraSafeBeta.build/Debug-iphonesimulator/NutraSafeBeta-82b646dc74fb12cbae28522240c6b11e-VFS-iphonesimulator/all-product-headers.yaml -Xcc -iquote -Xcc /Users/aaronkeen/Library/Developer/Xcode/DerivedData/NutraSafeBeta-awyabywlaekrybetqgpbjphfxefs/Build/Intermediates.noindex/NutraSafeBeta.build/Debug-iphonesimulator/NutraSafe\ Beta.build/NutraSafe\ Beta-project-headers.hmap -Xcc -I/Users/aaronkeen/Library/Developer/Xcode/DerivedData/NutraSafeBeta-awyabywlaekrybetqgpbjphfxefs/SourcePackages/checkouts/interop-ios-for-google-sdks/RecaptchaEnterprise/RecaptchaInterop/Public -Xcc -I/Users/aaronkeen/Library/Developer/Xcode/DerivedData/NutraSafeBeta-awyabywlaekrybetqgpbjphfxefs/SourcePackages/checkouts/GoogleUtilities/GoogleUtilities/Network/Public -Xcc -I/Users/aaronkeen/Library/Developer/Xcode/DerivedData/NutraSafeBeta-awyabywlaekrybetqgpbjphfxefs/SourcePackages/checkouts/GoogleUtilities/GoogleUtilities/Reachability/Public -Xcc -I/Users/aaronkeen/Library/Developer/Xcode/DerivedData/NutraSafeBeta-awyabywlaekrybetqgpbjphfxefs/SourcePackages/checkouts/GoogleUtilities/GoogleUtilities/AppDelegateSwizzler/Public -Xcc -I/Users/aaronkeen/Library/Developer/Xcode/DerivedData/NutraSafeBeta-awyabywlaekrybetqgpbjphfxefs/SourcePackages/checkouts/gtm-session-fetcher/Sources/Core/Public -Xcc -I/Users/aaronkeen/Library/Developer/Xcode/DerivedData/NutraSafeBeta-awyabywlaekrybetqgpbjphfxefs/SourcePackages/checkouts/firebase-ios-sdk/FirebaseAuth/Sources/Public -Xcc -I/Users/aaronkeen/Library/Developer/Xcode/DerivedData/NutraSafeBeta-awyabywlaekrybetqgpbjphfxefs/SourcePackages/checkouts/firebase-ios-sdk/FirebaseAuth/Interop/Public -Xcc -I/Users/aaronkeen/Library/Developer/Xcode/DerivedData/NutraSafeBeta-awyabywlaekrybetqgpbjphfxefs/SourcePackages/checkouts/GoogleUtilities/GoogleUtilities/NSData+zlib/Public -Xcc -I/Users/aaronkeen/Library/Developer/Xcode/DerivedData/NutraSafeBeta-awyabywlaekrybetqgpbjphfxefs/SourcePackages/checkouts/GoogleUtilities/GoogleUtilities/Environment/Public -Xcc -I/Users/aaronkeen/Library/Developer/Xcode/DerivedData/NutraSafeBeta-awyabywlaekrybetqgpbjphfxefs/SourcePackages/checkouts/GoogleUtilities/third_party/IsAppEncrypted/Public -Xcc -I/Users/aaronkeen/Library/Developer/Xcode/DerivedData/NutraSafeBeta-awyabywlaekrybetqgpbjphfxefs/SourcePackages/checkouts/GoogleUtilities/GoogleUtilities/Logger/Public -Xcc -I/Users/aaronkeen/Library/Developer/Xcode/DerivedData/NutraSafeBeta-awyabywlaekrybetqgpbjphfxefs/SourcePackages/checkouts/abseil-cpp-binary/absl-Wrapper/include -Xcc -I/Users/aaronkeen/Library/Developer/Xcode/DerivedData/NutraSafeBeta-awyabywlaekrybetqgpbjphfxefs/SourcePackages/checkouts/grpc-binary/openssl-grpc-Wrapper/include -Xcc -I/Users/aaronkeen/Library/Developer/Xcode/DerivedData/NutraSafeBeta-awyabywlaekrybetqgpbjphfxefs/SourcePackages/checkouts/grpc-binary/grpc-Wrapper/include -Xcc -I/Users/aaronkeen/Library/Developer/Xcode/DerivedData/NutraSafeBeta-awyabywlaekrybetqgpbjphfxefs/SourcePackages/checkouts/grpc-binary/grpcpp-Wrapper/include -Xcc -I/Users/aaronkeen/Library/Developer/Xcode/DerivedData/NutraSafeBeta-awyabywlaekrybetqgpbjphfxefs/SourcePackages/checkouts/nanopb/spm_headers -Xcc -I/Users/aaronkeen/Library/Developer/Xcode/DerivedData/NutraSafeBeta-awyabywlaekrybetqgpbjphfxefs/SourcePackages/checkouts/leveldb/include -Xcc -I/Users/aaronkeen/Library/Developer/Xcode/DerivedData/NutraSafeBeta-awyabywlaekrybetqgpbjphfxefs/SourcePackages/checkouts/firebase-ios-sdk/FirebaseCore/Extension -Xcc -I/Users/aaronkeen/Library/Developer/Xcode/DerivedData/NutraSafeBeta-awyabywlaekrybetqgpbjphfxefs/SourcePackages/checkouts/firebase-ios-sdk/FirebaseCore/Sources/Public -Xcc -I/Users/aaronkeen/Library/Developer/Xcode/DerivedData/NutraSafeBeta-awyabywlaekrybetqgpbjphfxefs/SourcePackages/checkouts/firebase-ios-sdk/CoreOnly/Sources -Xcc -I/Users/aaronkeen/Library/Developer/Xcode/DerivedData/NutraSafeBeta-awyabywlaekrybetqgpbjphfxefs/SourcePackages/checkouts/firebase-ios-sdk/FirebaseAppCheck/Interop/Public -Xcc -I/Users/aaronkeen/Library/Developer/Xcode/DerivedData/NutraSafeBeta-awyabywlaekrybetqgpbjphfxefs/SourcePackages/checkouts/firebase-ios-sdk/FirebaseFirestoreInternal -Xcc -I/Users/aaronkeen/Library/Developer/Xcode/DerivedData/NutraSafeBeta-awyabywlaekrybetqgpbjphfxefs/SourcePackages/checkouts/firebase-ios-sdk/SwiftPM-PlatformExclude/FirebaseFirestoreWrap/include -Xcc -I/Users/aaronkeen/Library/Developer/Xcode/DerivedData/NutraSafeBeta-awyabywlaekrybetqgpbjphfxefs/Build/Products/Debug-iphonesimulator/include -Xcc -I/Users/aaronkeen/Library/Developer/Xcode/DerivedData/NutraSafeBeta-awyabywlaekrybetqgpbjphfxefs/Build/Intermediates.noindex/NutraSafeBeta.build/Debug-iphonesimulator/NutraSafe\ Beta.build/DerivedSources-normal/arm64 -Xcc -I/Users/aaronkeen/Library/Developer/Xcode/DerivedData/NutraSafeBeta-awyabywlaekrybetqgpbjphfxefs/Build/Intermediates.noindex/NutraSafeBeta.build/Debug-iphonesimulator/NutraSafe\ Beta.build/DerivedSources/arm64 -Xcc -I/Users/aaronkeen/Library/Developer/Xcode/DerivedData/NutraSafeBeta-awyabywlaekrybetqgpbjphfxefs/Build/Intermediates.noindex/NutraSafeBeta.build/Debug-iphonesimulator/NutraSafe\ Beta.build/DerivedSources -Xcc -DDEBUG\=1 -module-name NutraSafe_Beta -frontend-parseable-output -disable-clang-spi -target-sdk-version 18.5 -target-sdk-name iphonesimulator18.5 -external-plugin-path /Applications/Xcode.app/Contents/Developer/Platforms/iPhoneOS.platform/Developer/usr/lib/swift/host/plugins\#/Applications/Xcode.app/Contents/Developer/Platforms/iPhoneOS.platform/Developer/usr/bin/swift-plugin-server -external-plugin-path /Applications/Xcode.app/Contents/Developer/Platforms/iPhoneOS.platform/Developer/usr/local/lib/swift/host/plugins\#/Applications/Xcode.app/Contents/Developer/Platforms/iPhoneOS.platform/Developer/usr/bin/swift-plugin-server -in-process-plugin-server-path /Applications/Xcode.app/Contents/Developer/Toolchains/XcodeDefault.xctoolchain/usr/lib/swift/host/libSwiftInProcPluginServer.dylib -plugin-path /Applications/Xcode.app/Contents/Developer/Toolchains/XcodeDefault.xctoolchain/usr/lib/swift/host/plugins -plugin-path /Applications/Xcode.app/Contents/Developer/Toolchains/XcodeDefault.xctoolchain/usr/local/lib/swift/host/plugins -o /Users/aaronkeen/Library/Developer/Xcode/DerivedData/NutraSafeBeta-awyabywlaekrybetqgpbjphfxefs/Build/Intermediates.noindex/NutraSafeBeta.build/Debug-iphonesimulator/NutraSafe\ Beta.build/Objects-normal/arm64/ActionButtons.o -o /Users/aaronkeen/Library/Developer/Xcode/DerivedData/NutraSafeBeta-awyabywlaekrybetqgpbjphfxefs/Build/Intermediates.noindex/NutraSafeBeta.build/Debug-iphonesimulator/NutraSafe\ Beta.build/Objects-normal/arm64/MacroViews.o -o /Users/aaronkeen/Library/Developer/Xcode/DerivedData/NutraSafeBeta-awyabywlaekrybetqgpbjphfxefs/Build/Intermediates.noindex/NutraSafeBeta.build/Debug-iphonesimulator/NutraSafe\ Beta.build/Objects-normal/arm64/CustomTabBar.o -index-unit-output-path /NutraSafeBeta.build/Debug-iphonesimulator/NutraSafe\ Beta.build/Objects-normal/arm64/ActionButtons.o -index-unit-output-path /NutraSafeBeta.build/Debug-iphonesimulator/NutraSafe\ Beta.build/Objects-normal/arm64/MacroViews.o -index-unit-output-path /NutraSafeBeta.build/Debug-iphonesimulator/NutraSafe\ Beta.build/Objects-normal/arm64/CustomTabBar.o -index-store-path /Users/aaronkeen/Library/Developer/Xcode/DerivedData/NutraSafeBeta-awyabywlaekrybetqgpbjphfxefs/Index.noindex/DataStore -index-system-modules

SwiftCompile normal arm64 /Users/aaronkeen/Documents/My\ Apps/NutraSafe\ Beta/NutraSafe\ Beta/Views/Components/ActionButtons.swift (in target 'NutraSafe Beta' from project 'NutraSafeBeta')
    cd /Users/aaronkeen/Documents/My\ Apps/NutraSafe\ Beta
    
/Users/aaronkeen/Documents/My Apps/NutraSafe Beta/NutraSafe Beta/Views/Components/ActionButtons.swift:168:8: error: invalid redeclaration of 'ActionButton'
struct ActionButton: View {
       ^
/Users/aaronkeen/Documents/My Apps/NutraSafe Beta/NutraSafe Beta/Views/Kitchen/KitchenTabViews.swift:690:8: note: 'ActionButton' previously declared here
struct ActionButton: View {
       ^
/Users/aaronkeen/Documents/My Apps/NutraSafe Beta/NutraSafe Beta/Views/Kitchen/KitchenTabViews.swift:690:8: note: 'ActionButton' previously declared here
struct ActionButton: View {
       ^

SwiftCompile normal arm64 /Users/aaronkeen/Documents/My\ Apps/NutraSafe\ Beta/NutraSafe\ Beta/Views/Components/MacroViews.swift (in target 'NutraSafe Beta' from project 'NutraSafeBeta')
    cd /Users/aaronkeen/Documents/My\ Apps/NutraSafe\ Beta
    

SwiftCompile normal arm64 /Users/aaronkeen/Documents/My\ Apps/NutraSafe\ Beta/NutraSafe\ Beta/Views/Components/CustomTabBar.swift (in target 'NutraSafe Beta' from project 'NutraSafeBeta')
    cd /Users/aaronkeen/Documents/My\ Apps/NutraSafe\ Beta
    

SwiftDriverJobDiscovery normal arm64 Compiling Timestamp+Codable.swift, TimestampDecodingStrategy.swift (in target 'FirebaseFirestore' from project 'Firebase')

SwiftCompile normal arm64 Compiling\ MicronutrientViews.swift,\ CoreModels.swift,\ ExerciseModels.swift /Users/aaronkeen/Documents/My\ Apps/NutraSafe\ Beta/NutraSafe\ Beta/Views/Diary/MicronutrientViews.swift /Users/aaronkeen/Documents/My\ Apps/NutraSafe\ Beta/NutraSafe\ Beta/Models/CoreModels.swift /Users/aaronkeen/Documents/My\ Apps/NutraSafe\ Beta/NutraSafe\ Beta/Models/ExerciseModels.swift (in target 'NutraSafe Beta' from project 'NutraSafeBeta')

SwiftCompile normal arm64 /Users/aaronkeen/Documents/My\ Apps/NutraSafe\ Beta/NutraSafe\ Beta/Views/Diary/MicronutrientViews.swift (in target 'NutraSafe Beta' from project 'NutraSafeBeta')
    cd /Users/aaronkeen/Documents/My\ Apps/NutraSafe\ Beta
    

SwiftCompile normal arm64 /Users/aaronkeen/Documents/My\ Apps/NutraSafe\ Beta/NutraSafe\ Beta/Models/CoreModels.swift (in target 'NutraSafe Beta' from project 'NutraSafeBeta')
    cd /Users/aaronkeen/Documents/My\ Apps/NutraSafe\ Beta
    

SwiftCompile normal arm64 /Users/aaronkeen/Documents/My\ Apps/NutraSafe\ Beta/NutraSafe\ Beta/Models/ExerciseModels.swift (in target 'NutraSafe Beta' from project 'NutraSafeBeta')
    cd /Users/aaronkeen/Documents/My\ Apps/NutraSafe\ Beta
    

SwiftCompile normal arm64 Compiling\ FoodSearchViews.swift,\ FoodManagementViews.swift,\ FastingTimerView.swift,\ AddFoodAIView.swift /Users/aaronkeen/Documents/My\ Apps/NutraSafe\ Beta/NutraSafe\ Beta/Views/Food/FoodSearchViews.swift /Users/aaronkeen/Documents/My\ Apps/NutraSafe\ Beta/NutraSafe\ Beta/Views/Food/FoodManagementViews.swift /Users/aaronkeen/Documents/My\ Apps/NutraSafe\ Beta/NutraSafe\ Beta/Views/Fasting/FastingTimerView.swift /Users/aaronkeen/Documents/My\ Apps/NutraSafe\ Beta/NutraSafe\ Beta/Views/Food/AddFoodAIView.swift (in target 'NutraSafe Beta' from project 'NutraSafeBeta')

SwiftCompile normal arm64 /Users/aaronkeen/Documents/My\ Apps/NutraSafe\ Beta/NutraSafe\ Beta/Views/Food/FoodSearchViews.swift (in target 'NutraSafe Beta' from project 'NutraSafeBeta')
    cd /Users/aaronkeen/Documents/My\ Apps/NutraSafe\ Beta
    

SwiftCompile normal arm64 /Users/aaronkeen/Documents/My\ Apps/NutraSafe\ Beta/NutraSafe\ Beta/Views/Food/FoodManagementViews.swift (in target 'NutraSafe Beta' from project 'NutraSafeBeta')
    cd /Users/aaronkeen/Documents/My\ Apps/NutraSafe\ Beta
    

SwiftCompile normal arm64 /Users/aaronkeen/Documents/My\ Apps/NutraSafe\ Beta/NutraSafe\ Beta/Views/Fasting/FastingTimerView.swift (in target 'NutraSafe Beta' from project 'NutraSafeBeta')
    cd /Users/aaronkeen/Documents/My\ Apps/NutraSafe\ Beta
    

SwiftCompile normal arm64 /Users/aaronkeen/Documents/My\ Apps/NutraSafe\ Beta/NutraSafe\ Beta/Views/Food/AddFoodAIView.swift (in target 'NutraSafe Beta' from project 'NutraSafeBeta')
    cd /Users/aaronkeen/Documents/My\ Apps/NutraSafe\ Beta
    

SwiftDriverJobDiscovery normal arm64 Compiling ExplicitNull.swift, FieldValue+Encodable.swift (in target 'FirebaseFirestore' from project 'Firebase')

SwiftDriverJobDiscovery normal arm64 Compiling Firestore+AsyncAwait.swift, CodableErrors.swift (in target 'FirebaseFirestore' from project 'Firebase')

SwiftCompile normal arm64 Compiling\ DiaryComponents.swift,\ DiaryExerciseComponents.swift,\ NutritionScoreViews.swift /Users/aaronkeen/Documents/My\ Apps/NutraSafe\ Beta/NutraSafe\ Beta/Views/Diary/DiaryComponents.swift /Users/aaronkeen/Documents/My\ Apps/NutraSafe\ Beta/NutraSafe\ Beta/Views/Diary/DiaryExerciseComponents.swift /Users/aaronkeen/Documents/My\ Apps/NutraSafe\ Beta/NutraSafe\ Beta/Views/Components/NutritionScoreViews.swift (in target 'NutraSafe Beta' from project 'NutraSafeBeta')

SwiftCompile normal arm64 /Users/aaronkeen/Documents/My\ Apps/NutraSafe\ Beta/NutraSafe\ Beta/Views/Diary/DiaryComponents.swift (in target 'NutraSafe Beta' from project 'NutraSafeBeta')
    cd /Users/aaronkeen/Documents/My\ Apps/NutraSafe\ Beta
    

SwiftCompile normal arm64 /Users/aaronkeen/Documents/My\ Apps/NutraSafe\ Beta/NutraSafe\ Beta/Views/Diary/DiaryExerciseComponents.swift (in target 'NutraSafe Beta' from project 'NutraSafeBeta')
    cd /Users/aaronkeen/Documents/My\ Apps/NutraSafe\ Beta
    

SwiftCompile normal arm64 /Users/aaronkeen/Documents/My\ Apps/NutraSafe\ Beta/NutraSafe\ Beta/Views/Components/NutritionScoreViews.swift (in target 'NutraSafe Beta' from project 'NutraSafeBeta')
    cd /Users/aaronkeen/Documents/My\ Apps/NutraSafe\ Beta
    

SwiftDriverJobDiscovery normal arm64 Compiling DocumentID.swift, DocumentReference+Codable.swift (in target 'FirebaseFirestore' from project 'Firebase')

SwiftCompile normal arm64 Compiling\ FoodSafetyModels.swift,\ NutritionModels.swift,\ ScoringModels.swift /Users/aaronkeen/Documents/My\ Apps/NutraSafe\ Beta/NutraSafe\ Beta/Models/FoodSafetyModels.swift /Users/aaronkeen/Documents/My\ Apps/NutraSafe\ Beta/NutraSafe\ Beta/Models/NutritionModels.swift /Users/aaronkeen/Documents/My\ Apps/NutraSafe\ Beta/NutraSafe\ Beta/Models/ScoringModels.swift (in target 'NutraSafe Beta' from project 'NutraSafeBeta')

SwiftCompile normal arm64 /Users/aaronkeen/Documents/My\ Apps/NutraSafe\ Beta/NutraSafe\ Beta/Models/FoodSafetyModels.swift (in target 'NutraSafe Beta' from project 'NutraSafeBeta')
    cd /Users/aaronkeen/Documents/My\ Apps/NutraSafe\ Beta
    

SwiftCompile normal arm64 /Users/aaronkeen/Documents/My\ Apps/NutraSafe\ Beta/NutraSafe\ Beta/Models/NutritionModels.swift (in target 'NutraSafe Beta' from project 'NutraSafeBeta')
    cd /Users/aaronkeen/Documents/My\ Apps/NutraSafe\ Beta
    

SwiftCompile normal arm64 /Users/aaronkeen/Documents/My\ Apps/NutraSafe\ Beta/NutraSafe\ Beta/Models/ScoringModels.swift (in target 'NutraSafe Beta' from project 'NutraSafeBeta')
    cd /Users/aaronkeen/Documents/My\ Apps/NutraSafe\ Beta
    

SwiftDriverJobDiscovery normal arm64 Compiling FirestoreQuery.swift, FirestoreQueryObservable.swift (in target 'FirebaseFirestore' from project 'Firebase')

SwiftCompile normal arm64 Compiling\ AddTabView.swift,\ NewWorkoutView.swift,\ GeneratedAssetSymbols.swift /Users/aaronkeen/Documents/My\ Apps/NutraSafe\ Beta/NutraSafe\ Beta/Views/AddTabView.swift /Users/aaronkeen/Documents/My\ Apps/NutraSafe\ Beta/NutraSafe\ Beta/Views/Exercise/NewWorkoutView.swift /Users/aaronkeen/Library/Developer/Xcode/DerivedData/NutraSafeBeta-awyabywlaekrybetqgpbjphfxefs/Build/Intermediates.noindex/NutraSafeBeta.build/Debug-iphonesimulator/NutraSafe\ Beta.build/DerivedSources/GeneratedAssetSymbols.swift (in target 'NutraSafe Beta' from project 'NutraSafeBeta')

SwiftCompile normal arm64 /Users/aaronkeen/Documents/My\ Apps/NutraSafe\ Beta/NutraSafe\ Beta/Views/AddTabView.swift (in target 'NutraSafe Beta' from project 'NutraSafeBeta')
    cd /Users/aaronkeen/Documents/My\ Apps/NutraSafe\ Beta
    

SwiftCompile normal arm64 /Users/aaronkeen/Documents/My\ Apps/NutraSafe\ Beta/NutraSafe\ Beta/Views/Exercise/NewWorkoutView.swift (in target 'NutraSafe Beta' from project 'NutraSafeBeta')
    cd /Users/aaronkeen/Documents/My\ Apps/NutraSafe\ Beta
    

SwiftCompile normal arm64 /Users/aaronkeen/Library/Developer/Xcode/DerivedData/NutraSafeBeta-awyabywlaekrybetqgpbjphfxefs/Build/Intermediates.noindex/NutraSafeBeta.build/Debug-iphonesimulator/NutraSafe\ Beta.build/DerivedSources/GeneratedAssetSymbols.swift (in target 'NutraSafe Beta' from project 'NutraSafeBeta')
    cd /Users/aaronkeen/Documents/My\ Apps/NutraSafe\ Beta
    

SwiftDriverJobDiscovery normal arm64 Compiling resource_bundle_accessor.swift, ActionCodeInfo.swift, ActionCodeOperation.swift, ActionCodeSettings.swift, ActionCodeURL.swift, Auth.swift, AuthComponent.swift, AuthDataResult.swift, AuthDispatcher.swift, AuthGlobalWorkQueue.swift (in target 'FirebaseAuth' from project 'Firebase')

SwiftCompile normal arm64 Compiling\ AppConfig.swift,\ DiaryTabView.swift,\ ExerciseTabView.swift /Users/aaronkeen/Documents/My\ Apps/NutraSafe\ Beta/NutraSafe\ Beta/Configuration/AppConfig.swift /Users/aaronkeen/Documents/My\ Apps/NutraSafe\ Beta/NutraSafe\ Beta/Views/DiaryTabView.swift /Users/aaronkeen/Documents/My\ Apps/NutraSafe\ Beta/NutraSafe\ Beta/Views/ExerciseTabView.swift (in target 'NutraSafe Beta' from project 'NutraSafeBeta')

SwiftCompile normal arm64 /Users/aaronkeen/Documents/My\ Apps/NutraSafe\ Beta/NutraSafe\ Beta/Configuration/AppConfig.swift (in target 'NutraSafe Beta' from project 'NutraSafeBeta')
    cd /Users/aaronkeen/Documents/My\ Apps/NutraSafe\ Beta
    

SwiftCompile normal arm64 /Users/aaronkeen/Documents/My\ Apps/NutraSafe\ Beta/NutraSafe\ Beta/Views/DiaryTabView.swift (in target 'NutraSafe Beta' from project 'NutraSafeBeta')
    cd /Users/aaronkeen/Documents/My\ Apps/NutraSafe\ Beta
    

SwiftCompile normal arm64 /Users/aaronkeen/Documents/My\ Apps/NutraSafe\ Beta/NutraSafe\ Beta/Views/ExerciseTabView.swift (in target 'NutraSafe Beta' from project 'NutraSafeBeta')
    cd /Users/aaronkeen/Documents/My\ Apps/NutraSafe\ Beta
    

** BUILD FAILED **


The following build commands failed:
	SwiftCompile normal arm64 Compiling\ ActionButtons.swift,\ MacroViews.swift,\ CustomTabBar.swift /Users/aaronkeen/Documents/My\ Apps/NutraSafe\ Beta/NutraSafe\ Beta/Views/Components/ActionButtons.swift /Users/aaronkeen/Documents/My\ Apps/NutraSafe\ Beta/NutraSafe\ Beta/Views/Components/MacroViews.swift /Users/aaronkeen/Documents/My\ Apps/NutraSafe\ Beta/NutraSafe\ Beta/Views/Components/CustomTabBar.swift (in target 'NutraSafe Beta' from project 'NutraSafeBeta')
	SwiftCompile normal arm64 /Users/aaronkeen/Documents/My\ Apps/NutraSafe\ Beta/NutraSafe\ Beta/Views/Components/ActionButtons.swift (in target 'NutraSafe Beta' from project 'NutraSafeBeta')
	Building project NutraSafeBeta with scheme NutraSafe Beta
(3 failures)
